HEAP DUMP BEGIN (24957 objects, 1849656 bytes) Mon Jul  1 12:42:37 2019
ROOT 0 (kind=<thread>, id=200000, trace=300000)
ROOT 50006174 (kind=<thread>, id=200003, trace=300001)
ROOT 50006174 (kind=<thread block>, thread=200003)
ROOT 5000617e (kind=<thread>, id=200004, trace=300000)
ROOT 5000617e (kind=<thread block>, thread=200004)
ROOT 5000617e (kind=<JNI local ref>, thread=200000, frame=0)
ROOT 5000617f (kind=<thread>, id=200005, trace=300000)
ROOT 5000617f (kind=<thread block>, thread=200005)
ROOT 50006180 (kind=<thread>, id=200006, trace=300000)
ROOT 50006180 (kind=<thread block>, thread=200006)
ROOT 50006181 (kind=<Java stack>, thread=200000, frame=1)
ROOT 50006182 (kind=<Java stack>, thread=200000, frame=1)
ROOT 50006181 (kind=<Java stack>, thread=200000, frame=2)
ROOT 50006180 (kind=<Java stack>, thread=200000, frame=3)
ROOT 50006183 (kind=<Java stack>, thread=200000, frame=3)
ROOT 50006184 (kind=<thread>, id=200007, trace=300000)
ROOT 50006184 (kind=<thread block>, thread=200007)
ROOT 50006185 (kind=<Java stack>, thread=200000, frame=1)
ROOT 50006185 (kind=<Java stack>, thread=200000, frame=2)
ROOT 50006184 (kind=<Java stack>, thread=200000, frame=3)
ROOT 50006186 (kind=<JNI global ref>, id=1, trace=300000)
ROOT 50000165 (kind=<JNI global ref>, id=2, trace=300000)
ROOT 50000001 (kind=<JNI global ref>, id=3, trace=300000)
ROOT 50000169 (kind=<JNI global ref>, id=4, trace=300000)
ROOT 50000002 (kind=<JNI global ref>, id=5, trace=300000)
ROOT 50000003 (kind=<JNI global ref>, id=6, trace=300000)
ROOT 50000010 (kind=<JNI global ref>, id=7, trace=300000)
ROOT 50000004 (kind=<JNI global ref>, id=8, trace=300000)
ROOT 50000005 (kind=<JNI global ref>, id=9, trace=300000)
ROOT 500000d1 (kind=<JNI global ref>, id=a, trace=300000)
ROOT 50000006 (kind=<JNI global ref>, id=b, trace=300000)
ROOT 50000007 (kind=<JNI global ref>, id=c, trace=300000)
ROOT 50000008 (kind=<JNI global ref>, id=d, trace=300000)
ROOT 50000009 (kind=<JNI global ref>, id=e, trace=300000)
ROOT 5000000a (kind=<JNI global ref>, id=f, trace=300000)
ROOT 5000000b (kind=<JNI global ref>, id=10, trace=300000)
ROOT 5000000c (kind=<JNI global ref>, id=11, trace=300000)
ROOT 5000000d (kind=<JNI global ref>, id=12, trace=300000)
ROOT 5000000e (kind=<JNI global ref>, id=13, trace=300000)
ROOT 5000004c (kind=<JNI global ref>, id=14, trace=300000)
ROOT 5000000f (kind=<JNI global ref>, id=15, trace=300000)
ROOT 50000011 (kind=<JNI global ref>, id=16, trace=300000)
ROOT 50000012 (kind=<JNI global ref>, id=17, trace=300000)
ROOT 50000013 (kind=<JNI global ref>, id=18, trace=300000)
ROOT 50000014 (kind=<JNI global ref>, id=19, trace=300000)
ROOT 50000015 (kind=<JNI global ref>, id=1a, trace=300000)
ROOT 50000016 (kind=<JNI global ref>, id=1b, trace=300000)
ROOT 50000149 (kind=<JNI global ref>, id=1c, trace=300000)
ROOT 50000017 (kind=<JNI global ref>, id=1d, trace=300000)
ROOT 50000018 (kind=<JNI global ref>, id=1e, trace=300000)
ROOT 5000002b (kind=<JNI global ref>, id=1f, trace=300000)
ROOT 50000019 (kind=<JNI global ref>, id=20, trace=300000)
ROOT 5000001a (kind=<JNI global ref>, id=21, trace=300000)
ROOT 5000001d (kind=<JNI global ref>, id=22, trace=300000)
ROOT 5000001b (kind=<JNI global ref>, id=23, trace=300000)
ROOT 5000001c (kind=<JNI global ref>, id=24, trace=300000)
ROOT 5000001e (kind=<JNI global ref>, id=25, trace=300000)
ROOT 5000001f (kind=<JNI global ref>, id=26, trace=300000)
ROOT 50000020 (kind=<JNI global ref>, id=27, trace=300000)
ROOT 50000021 (kind=<JNI global ref>, id=28, trace=300000)
ROOT 50000022 (kind=<JNI global ref>, id=29, trace=300000)
ROOT 50000023 (kind=<JNI global ref>, id=2a, trace=300000)
ROOT 50000024 (kind=<JNI global ref>, id=2b, trace=300000)
ROOT 50000025 (kind=<JNI global ref>, id=2c, trace=300000)
ROOT 50000026 (kind=<JNI global ref>, id=2d, trace=300000)
ROOT 50000027 (kind=<JNI global ref>, id=2e, trace=300000)
ROOT 50000028 (kind=<JNI global ref>, id=2f, trace=300000)
ROOT 500000ce (kind=<JNI global ref>, id=30, trace=300000)
ROOT 50000029 (kind=<JNI global ref>, id=31, trace=300000)
ROOT 5000002a (kind=<JNI global ref>, id=32, trace=300000)
ROOT 5000002c (kind=<JNI global ref>, id=33, trace=300000)
ROOT 5000002d (kind=<JNI global ref>, id=34, trace=300000)
ROOT 5000002e (kind=<JNI global ref>, id=35, trace=300000)
ROOT 5000002f (kind=<JNI global ref>, id=36, trace=300000)
ROOT 50000030 (kind=<JNI global ref>, id=37, trace=300000)
ROOT 50000031 (kind=<JNI global ref>, id=38, trace=300000)
ROOT 50000032 (kind=<JNI global ref>, id=39, trace=300000)
ROOT 50000033 (kind=<JNI global ref>, id=3a, trace=300000)
ROOT 50000034 (kind=<JNI global ref>, id=3b, trace=300000)
ROOT 50000035 (kind=<JNI global ref>, id=3c, trace=300000)
ROOT 50000036 (kind=<JNI global ref>, id=3d, trace=300000)
ROOT 50000037 (kind=<JNI global ref>, id=3e, trace=300000)
ROOT 50000038 (kind=<JNI global ref>, id=3f, trace=300000)
ROOT 50000148 (kind=<JNI global ref>, id=40, trace=300000)
ROOT 50000039 (kind=<JNI global ref>, id=41, trace=300000)
ROOT 5000003a (kind=<JNI global ref>, id=42, trace=300000)
ROOT 5000003b (kind=<JNI global ref>, id=43, trace=300000)
ROOT 5000003c (kind=<JNI global ref>, id=44, trace=300000)
ROOT 5000003d (kind=<JNI global ref>, id=45, trace=300000)
ROOT 5000003e (kind=<JNI global ref>, id=46, trace=300000)
ROOT 5000003f (kind=<JNI global ref>, id=47, trace=300000)
ROOT 50000159 (kind=<JNI global ref>, id=48, trace=300000)
ROOT 50000040 (kind=<JNI global ref>, id=49, trace=300000)
ROOT 50000041 (kind=<JNI global ref>, id=4a, trace=300000)
ROOT 50000042 (kind=<JNI global ref>, id=4b, trace=300000)
ROOT 50000043 (kind=<JNI global ref>, id=4c, trace=300000)
ROOT 50000044 (kind=<JNI global ref>, id=4d, trace=300000)
ROOT 50000045 (kind=<JNI global ref>, id=4e, trace=300000)
ROOT 50000046 (kind=<JNI global ref>, id=4f, trace=300000)
ROOT 50000047 (kind=<JNI global ref>, id=50, trace=300000)
ROOT 50000048 (kind=<JNI global ref>, id=51, trace=300000)
ROOT 50000049 (kind=<JNI global ref>, id=52, trace=300000)
ROOT 5000004a (kind=<JNI global ref>, id=53, trace=300000)
ROOT 5000004b (kind=<JNI global ref>, id=54, trace=300000)
ROOT 500000bb (kind=<JNI global ref>, id=55, trace=300000)
ROOT 5000004d (kind=<JNI global ref>, id=56, trace=300000)
ROOT 5000004e (kind=<JNI global ref>, id=57, trace=300000)
ROOT 5000004f (kind=<JNI global ref>, id=58, trace=300000)
ROOT 50000050 (kind=<JNI global ref>, id=59, trace=300000)
ROOT 50000051 (kind=<JNI global ref>, id=5a, trace=300000)
ROOT 50000052 (kind=<JNI global ref>, id=5b, trace=300000)
ROOT 50000053 (kind=<JNI global ref>, id=5c, trace=300000)
ROOT 50000054 (kind=<JNI global ref>, id=5d, trace=300000)
ROOT 50000055 (kind=<JNI global ref>, id=5e, trace=300000)
ROOT 50000056 (kind=<JNI global ref>, id=5f, trace=300000)
ROOT 50000057 (kind=<JNI global ref>, id=60, trace=300000)
ROOT 500000bd (kind=<JNI global ref>, id=61, trace=300000)
ROOT 50000058 (kind=<JNI global ref>, id=62, trace=300000)
ROOT 50000059 (kind=<JNI global ref>, id=63, trace=300000)
ROOT 5000005a (kind=<JNI global ref>, id=64, trace=300000)
ROOT 5000005b (kind=<JNI global ref>, id=65, trace=300000)
ROOT 5000005c (kind=<JNI global ref>, id=66, trace=300000)
ROOT 5000006a (kind=<JNI global ref>, id=67, trace=300000)
ROOT 5000005d (kind=<JNI global ref>, id=68, trace=300000)
ROOT 5000005e (kind=<JNI global ref>, id=69, trace=300000)
ROOT 5000005f (kind=<JNI global ref>, id=6a, trace=300000)
ROOT 50000106 (kind=<JNI global ref>, id=6b, trace=300000)
ROOT 50000060 (kind=<JNI global ref>, id=6c, trace=300000)
ROOT 50000061 (kind=<JNI global ref>, id=6d, trace=300000)
ROOT 50000062 (kind=<JNI global ref>, id=6e, trace=300000)
ROOT 50000063 (kind=<JNI global ref>, id=6f, trace=300000)
ROOT 50000109 (kind=<JNI global ref>, id=70, trace=300000)
ROOT 50000064 (kind=<JNI global ref>, id=71, trace=300000)
ROOT 50000065 (kind=<JNI global ref>, id=72, trace=300000)
ROOT 50000066 (kind=<JNI global ref>, id=73, trace=300000)
ROOT 50000067 (kind=<JNI global ref>, id=74, trace=300000)
ROOT 50000068 (kind=<JNI global ref>, id=75, trace=300000)
ROOT 50000069 (kind=<JNI global ref>, id=76, trace=300000)
ROOT 5000006b (kind=<JNI global ref>, id=77, trace=300000)
ROOT 5000006d (kind=<JNI global ref>, id=78, trace=300000)
ROOT 5000006c (kind=<JNI global ref>, id=79, trace=300000)
ROOT 50000076 (kind=<JNI global ref>, id=7a, trace=300000)
ROOT 5000006e (kind=<JNI global ref>, id=7b, trace=300000)
ROOT 5000006f (kind=<JNI global ref>, id=7c, trace=300000)
ROOT 50000070 (kind=<JNI global ref>, id=7d, trace=300000)
ROOT 50000071 (kind=<JNI global ref>, id=7e, trace=300000)
ROOT 50000072 (kind=<JNI global ref>, id=7f, trace=300000)
ROOT 50000073 (kind=<JNI global ref>, id=80, trace=300000)
ROOT 50000074 (kind=<JNI global ref>, id=81, trace=300000)
ROOT 50000114 (kind=<JNI global ref>, id=82, trace=300000)
ROOT 50000075 (kind=<JNI global ref>, id=83, trace=300000)
ROOT 50000077 (kind=<JNI global ref>, id=84, trace=300000)
ROOT 50000078 (kind=<JNI global ref>, id=85, trace=300000)
ROOT 50000079 (kind=<JNI global ref>, id=86, trace=300000)
ROOT 5000007a (kind=<JNI global ref>, id=87, trace=300000)
ROOT 5000007b (kind=<JNI global ref>, id=88, trace=300000)
ROOT 5000007c (kind=<JNI global ref>, id=89, trace=300000)
ROOT 5000007d (kind=<JNI global ref>, id=8a, trace=300000)
ROOT 5000007e (kind=<JNI global ref>, id=8b, trace=300000)
ROOT 5000007f (kind=<JNI global ref>, id=8c, trace=300000)
ROOT 50000080 (kind=<JNI global ref>, id=8d, trace=300000)
ROOT 50000081 (kind=<JNI global ref>, id=8e, trace=300000)
ROOT 50000082 (kind=<JNI global ref>, id=8f, trace=300000)
ROOT 50000083 (kind=<JNI global ref>, id=90, trace=300000)
ROOT 50000084 (kind=<JNI global ref>, id=91, trace=300000)
ROOT 50000085 (kind=<JNI global ref>, id=92, trace=300000)
ROOT 50000086 (kind=<JNI global ref>, id=93, trace=300000)
ROOT 50000087 (kind=<JNI global ref>, id=94, trace=300000)
ROOT 50000088 (kind=<JNI global ref>, id=95, trace=300000)
ROOT 50000089 (kind=<JNI global ref>, id=96, trace=300000)
ROOT 5000008a (kind=<JNI global ref>, id=97, trace=300000)
ROOT 5000008b (kind=<JNI global ref>, id=98, trace=300000)
ROOT 5000008c (kind=<JNI global ref>, id=99, trace=300000)
ROOT 5000008d (kind=<JNI global ref>, id=9a, trace=300000)
ROOT 5000008e (kind=<JNI global ref>, id=9b, trace=300000)
ROOT 5000008f (kind=<JNI global ref>, id=9c, trace=300000)
ROOT 50000090 (kind=<JNI global ref>, id=9d, trace=300000)
ROOT 5000012f (kind=<JNI global ref>, id=9e, trace=300000)
ROOT 50000091 (kind=<JNI global ref>, id=9f, trace=300000)
ROOT 50000092 (kind=<JNI global ref>, id=a0, trace=300000)
ROOT 50000093 (kind=<JNI global ref>, id=a1, trace=300000)
ROOT 50000094 (kind=<JNI global ref>, id=a2, trace=300000)
ROOT 50000095 (kind=<JNI global ref>, id=a3, trace=300000)
ROOT 50000096 (kind=<JNI global ref>, id=a4, trace=300000)
ROOT 50000097 (kind=<JNI global ref>, id=a5, trace=300000)
ROOT 500000b3 (kind=<JNI global ref>, id=a6, trace=300000)
ROOT 50000098 (kind=<JNI global ref>, id=a7, trace=300000)
ROOT 50000099 (kind=<JNI global ref>, id=a8, trace=300000)
ROOT 5000009a (kind=<JNI global ref>, id=a9, trace=300000)
ROOT 5000009b (kind=<JNI global ref>, id=aa, trace=300000)
ROOT 5000009c (kind=<JNI global ref>, id=ab, trace=300000)
ROOT 5000009d (kind=<JNI global ref>, id=ac, trace=300000)
ROOT 5000009e (kind=<JNI global ref>, id=ad, trace=300000)
ROOT 5000009f (kind=<JNI global ref>, id=ae, trace=300000)
ROOT 500000a0 (kind=<JNI global ref>, id=af, trace=300000)
ROOT 500000a1 (kind=<JNI global ref>, id=b0, trace=300000)
ROOT 500000a2 (kind=<JNI global ref>, id=b1, trace=300000)
ROOT 500000a3 (kind=<JNI global ref>, id=b2, trace=300000)
ROOT 500000a4 (kind=<JNI global ref>, id=b3, trace=300000)
ROOT 500000a5 (kind=<JNI global ref>, id=b4, trace=300000)
ROOT 500000a6 (kind=<JNI global ref>, id=b5, trace=300000)
ROOT 500000a7 (kind=<JNI global ref>, id=b6, trace=300000)
ROOT 500000a8 (kind=<JNI global ref>, id=b7, trace=300000)
ROOT 500000a9 (kind=<JNI global ref>, id=b8, trace=300000)
ROOT 500000aa (kind=<JNI global ref>, id=b9, trace=300000)
ROOT 500000ab (kind=<JNI global ref>, id=ba, trace=300000)
ROOT 500000ac (kind=<JNI global ref>, id=bb, trace=300000)
ROOT 500000af (kind=<JNI global ref>, id=bc, trace=300000)
ROOT 500000ad (kind=<JNI global ref>, id=bd, trace=300000)
ROOT 500000ae (kind=<JNI global ref>, id=be, trace=300000)
ROOT 500000b0 (kind=<JNI global ref>, id=bf, trace=300000)
ROOT 500000b1 (kind=<JNI global ref>, id=c0, trace=300000)
ROOT 500000b2 (kind=<JNI global ref>, id=c1, trace=300000)
ROOT 500000b4 (kind=<JNI global ref>, id=c2, trace=300000)
ROOT 50000141 (kind=<JNI global ref>, id=c3, trace=300000)
ROOT 500000b5 (kind=<JNI global ref>, id=c4, trace=300000)
ROOT 500000b6 (kind=<JNI global ref>, id=c5, trace=300000)
ROOT 500000b7 (kind=<JNI global ref>, id=c6, trace=300000)
ROOT 500000b8 (kind=<JNI global ref>, id=c7, trace=300000)
ROOT 500000b9 (kind=<JNI global ref>, id=c8, trace=300000)
ROOT 500000ba (kind=<JNI global ref>, id=c9, trace=300000)
ROOT 500000bc (kind=<JNI global ref>, id=ca, trace=300000)
ROOT 500000be (kind=<JNI global ref>, id=cb, trace=300000)
ROOT 500000bf (kind=<JNI global ref>, id=cc, trace=300000)
ROOT 500000c0 (kind=<JNI global ref>, id=cd, trace=300000)
ROOT 500000c1 (kind=<JNI global ref>, id=ce, trace=300000)
ROOT 500000c2 (kind=<JNI global ref>, id=cf, trace=300000)
ROOT 50000152 (kind=<JNI global ref>, id=d0, trace=300000)
ROOT 500000c3 (kind=<JNI global ref>, id=d1, trace=300000)
ROOT 500000c4 (kind=<JNI global ref>, id=d2, trace=300000)
ROOT 500000c5 (kind=<JNI global ref>, id=d3, trace=300000)
ROOT 500000c6 (kind=<JNI global ref>, id=d4, trace=300000)
ROOT 500000c7 (kind=<JNI global ref>, id=d5, trace=300000)
ROOT 500000c8 (kind=<JNI global ref>, id=d6, trace=300000)
ROOT 500000c9 (kind=<JNI global ref>, id=d7, trace=300000)
ROOT 50000143 (kind=<JNI global ref>, id=d8, trace=300000)
ROOT 500000ca (kind=<JNI global ref>, id=d9, trace=300000)
ROOT 500000cb (kind=<JNI global ref>, id=da, trace=300000)
ROOT 500000cc (kind=<JNI global ref>, id=db, trace=300000)
ROOT 500000cd (kind=<JNI global ref>, id=dc, trace=300000)
ROOT 500000cf (kind=<JNI global ref>, id=dd, trace=300000)
ROOT 500000db (kind=<JNI global ref>, id=de, trace=300000)
ROOT 500000d0 (kind=<JNI global ref>, id=df, trace=300000)
ROOT 500000dc (kind=<JNI global ref>, id=e0, trace=300000)
ROOT 500000d2 (kind=<JNI global ref>, id=e1, trace=300000)
ROOT 500000d3 (kind=<JNI global ref>, id=e2, trace=300000)
ROOT 500000d4 (kind=<JNI global ref>, id=e3, trace=300000)
ROOT 500000d5 (kind=<JNI global ref>, id=e4, trace=300000)
ROOT 5000015a (kind=<JNI global ref>, id=e5, trace=300000)
ROOT 500000d6 (kind=<JNI global ref>, id=e6, trace=300000)
ROOT 500000d7 (kind=<JNI global ref>, id=e7, trace=300000)
ROOT 500000d8 (kind=<JNI global ref>, id=e8, trace=300000)
ROOT 500000d9 (kind=<JNI global ref>, id=e9, trace=300000)
ROOT 500000da (kind=<JNI global ref>, id=ea, trace=300000)
ROOT 500000dd (kind=<JNI global ref>, id=eb, trace=300000)
ROOT 500000de (kind=<JNI global ref>, id=ec, trace=300000)
ROOT 500000df (kind=<JNI global ref>, id=ed, trace=300000)
ROOT 500000e0 (kind=<JNI global ref>, id=ee, trace=300000)
ROOT 500000e1 (kind=<JNI global ref>, id=ef, trace=300000)
ROOT 500000e2 (kind=<JNI global ref>, id=f0, trace=300000)
ROOT 500000e3 (kind=<JNI global ref>, id=f1, trace=300000)
ROOT 500000e4 (kind=<JNI global ref>, id=f2, trace=300000)
ROOT 500000e5 (kind=<JNI global ref>, id=f3, trace=300000)
ROOT 500000e8 (kind=<JNI global ref>, id=f4, trace=300000)
ROOT 500000e6 (kind=<JNI global ref>, id=f5, trace=300000)
ROOT 500000e7 (kind=<JNI global ref>, id=f6, trace=300000)
ROOT 500000e9 (kind=<JNI global ref>, id=f7, trace=300000)
ROOT 500000ea (kind=<JNI global ref>, id=f8, trace=300000)
ROOT 500000eb (kind=<JNI global ref>, id=f9, trace=300000)
ROOT 500000ec (kind=<JNI global ref>, id=fa, trace=300000)
ROOT 500000ed (kind=<JNI global ref>, id=fb, trace=300000)
ROOT 500000ee (kind=<JNI global ref>, id=fc, trace=300000)
ROOT 500000ef (kind=<JNI global ref>, id=fd, trace=300000)
ROOT 500000f0 (kind=<JNI global ref>, id=fe, trace=300000)
ROOT 500000f1 (kind=<JNI global ref>, id=ff, trace=300000)
ROOT 500000f2 (kind=<JNI global ref>, id=100, trace=300000)
ROOT 500000f3 (kind=<JNI global ref>, id=101, trace=300000)
ROOT 500000f4 (kind=<JNI global ref>, id=102, trace=300000)
ROOT 500000f5 (kind=<JNI global ref>, id=103, trace=300000)
ROOT 500000f6 (kind=<JNI global ref>, id=104, trace=300000)
ROOT 500000f7 (kind=<JNI global ref>, id=105, trace=300000)
ROOT 500000f8 (kind=<JNI global ref>, id=106, trace=300000)
ROOT 500000f9 (kind=<JNI global ref>, id=107, trace=300000)
ROOT 500000fa (kind=<JNI global ref>, id=108, trace=300000)
ROOT 500000fb (kind=<JNI global ref>, id=109, trace=300000)
ROOT 500000fc (kind=<JNI global ref>, id=10a, trace=300000)
ROOT 500000fd (kind=<JNI global ref>, id=10b, trace=300000)
ROOT 500000fe (kind=<JNI global ref>, id=10c, trace=300000)
ROOT 500000ff (kind=<JNI global ref>, id=10d, trace=300000)
ROOT 50000100 (kind=<JNI global ref>, id=10e, trace=300000)
ROOT 50000101 (kind=<JNI global ref>, id=10f, trace=300000)
ROOT 50000102 (kind=<JNI global ref>, id=110, trace=300000)
ROOT 50000103 (kind=<JNI global ref>, id=111, trace=300000)
ROOT 50000104 (kind=<JNI global ref>, id=112, trace=300000)
ROOT 50000105 (kind=<JNI global ref>, id=113, trace=300000)
ROOT 50000107 (kind=<JNI global ref>, id=114, trace=300000)
ROOT 50000108 (kind=<JNI global ref>, id=115, trace=300000)
ROOT 5000010a (kind=<JNI global ref>, id=116, trace=300000)
ROOT 5000010b (kind=<JNI global ref>, id=117, trace=300000)
ROOT 5000010c (kind=<JNI global ref>, id=118, trace=300000)
ROOT 50000111 (kind=<JNI global ref>, id=119, trace=300000)
ROOT 5000010d (kind=<JNI global ref>, id=11a, trace=300000)
ROOT 5000010e (kind=<JNI global ref>, id=11b, trace=300000)
ROOT 5000010f (kind=<JNI global ref>, id=11c, trace=300000)
ROOT 50000110 (kind=<JNI global ref>, id=11d, trace=300000)
ROOT 50000155 (kind=<JNI global ref>, id=11e, trace=300000)
ROOT 50000112 (kind=<JNI global ref>, id=11f, trace=300000)
ROOT 50000113 (kind=<JNI global ref>, id=120, trace=300000)
ROOT 50000115 (kind=<JNI global ref>, id=121, trace=300000)
ROOT 50000116 (kind=<JNI global ref>, id=122, trace=300000)
ROOT 50000117 (kind=<JNI global ref>, id=123, trace=300000)
ROOT 50000118 (kind=<JNI global ref>, id=124, trace=300000)
ROOT 5000011a (kind=<JNI global ref>, id=125, trace=300000)
ROOT 50000119 (kind=<JNI global ref>, id=126, trace=300000)
ROOT 5000011b (kind=<JNI global ref>, id=127, trace=300000)
ROOT 5000011c (kind=<JNI global ref>, id=128, trace=300000)
ROOT 5000011f (kind=<JNI global ref>, id=129, trace=300000)
ROOT 5000011d (kind=<JNI global ref>, id=12a, trace=300000)
ROOT 5000011e (kind=<JNI global ref>, id=12b, trace=300000)
ROOT 50000120 (kind=<JNI global ref>, id=12c, trace=300000)
ROOT 50000121 (kind=<JNI global ref>, id=12d, trace=300000)
ROOT 50000122 (kind=<JNI global ref>, id=12e, trace=300000)
ROOT 50000123 (kind=<JNI global ref>, id=12f, trace=300000)
ROOT 50000124 (kind=<JNI global ref>, id=130, trace=300000)
ROOT 50000125 (kind=<JNI global ref>, id=131, trace=300000)
ROOT 50000126 (kind=<JNI global ref>, id=132, trace=300000)
ROOT 50000127 (kind=<JNI global ref>, id=133, trace=300000)
ROOT 50000128 (kind=<JNI global ref>, id=134, trace=300000)
ROOT 50000129 (kind=<JNI global ref>, id=135, trace=300000)
ROOT 5000012a (kind=<JNI global ref>, id=136, trace=300000)
ROOT 5000012b (kind=<JNI global ref>, id=137, trace=300000)
ROOT 50000133 (kind=<JNI global ref>, id=138, trace=300000)
ROOT 5000012c (kind=<JNI global ref>, id=139, trace=300000)
ROOT 5000012d (kind=<JNI global ref>, id=13a, trace=300000)
ROOT 5000012e (kind=<JNI global ref>, id=13b, trace=300000)
ROOT 5000015f (kind=<JNI global ref>, id=13c, trace=300000)
ROOT 50000130 (kind=<JNI global ref>, id=13d, trace=300000)
ROOT 50000131 (kind=<JNI global ref>, id=13e, trace=300000)
ROOT 50000132 (kind=<JNI global ref>, id=13f, trace=300000)
ROOT 50000134 (kind=<JNI global ref>, id=140, trace=300000)
ROOT 50000136 (kind=<JNI global ref>, id=141, trace=300000)
ROOT 50000135 (kind=<JNI global ref>, id=142, trace=300000)
ROOT 5000013a (kind=<JNI global ref>, id=143, trace=300000)
ROOT 50000137 (kind=<JNI global ref>, id=144, trace=300000)
ROOT 50000138 (kind=<JNI global ref>, id=145, trace=300000)
ROOT 50000139 (kind=<JNI global ref>, id=146, trace=300000)
ROOT 5000013b (kind=<JNI global ref>, id=147, trace=300000)
ROOT 5000013c (kind=<JNI global ref>, id=148, trace=300000)
ROOT 5000013d (kind=<JNI global ref>, id=149, trace=300000)
ROOT 5000013e (kind=<JNI global ref>, id=14a, trace=300000)
ROOT 5000013f (kind=<JNI global ref>, id=14b, trace=300000)
ROOT 50000140 (kind=<JNI global ref>, id=14c, trace=300000)
ROOT 50000142 (kind=<JNI global ref>, id=14d, trace=300000)
ROOT 50000144 (kind=<JNI global ref>, id=14e, trace=300000)
ROOT 50000147 (kind=<JNI global ref>, id=14f, trace=300000)
ROOT 50000145 (kind=<JNI global ref>, id=150, trace=300000)
ROOT 50000146 (kind=<JNI global ref>, id=151, trace=300000)
ROOT 5000014a (kind=<JNI global ref>, id=152, trace=300000)
ROOT 5000014b (kind=<JNI global ref>, id=153, trace=300000)
ROOT 5000014c (kind=<JNI global ref>, id=154, trace=300000)
ROOT 5000014e (kind=<JNI global ref>, id=155, trace=300000)
ROOT 5000014d (kind=<JNI global ref>, id=156, trace=300000)
ROOT 5000015c (kind=<JNI global ref>, id=157, trace=300000)
ROOT 5000014f (kind=<JNI global ref>, id=158, trace=300000)
ROOT 50000150 (kind=<JNI global ref>, id=159, trace=300000)
ROOT 50000151 (kind=<JNI global ref>, id=15a, trace=300000)
ROOT 50000153 (kind=<JNI global ref>, id=15b, trace=300000)
ROOT 50000154 (kind=<JNI global ref>, id=15c, trace=300000)
ROOT 50000156 (kind=<JNI global ref>, id=15d, trace=300000)
ROOT 50000157 (kind=<JNI global ref>, id=15e, trace=300000)
ROOT 50000158 (kind=<JNI global ref>, id=15f, trace=300000)
ROOT 5000015d (kind=<JNI global ref>, id=160, trace=300000)
ROOT 5000015b (kind=<JNI global ref>, id=161, trace=300000)
ROOT 5000015e (kind=<JNI global ref>, id=162, trace=300000)
ROOT 50000160 (kind=<JNI global ref>, id=163, trace=300000)
ROOT 50000161 (kind=<JNI global ref>, id=164, trace=300000)
ROOT 50000162 (kind=<JNI global ref>, id=165, trace=300000)
ROOT 50000163 (kind=<JNI global ref>, id=166, trace=300000)
ROOT 50000164 (kind=<JNI global ref>, id=167, trace=300000)
ROOT 50000165 (kind=<JNI global ref>, id=168, trace=300000)
ROOT 50000166 (kind=<JNI global ref>, id=169, trace=300000)
ROOT 50000167 (kind=<JNI global ref>, id=16a, trace=300000)
ROOT 50000168 (kind=<JNI global ref>, id=16b, trace=300000)
ROOT 5000016a (kind=<JNI global ref>, id=16c, trace=300000)
ROOT 5000016b (kind=<JNI global ref>, id=16d, trace=300000)
ROOT 5000016c (kind=<JNI global ref>, id=16e, trace=300000)
ROOT 5000016d (kind=<JNI global ref>, id=16f, trace=300000)
ROOT 5000016e (kind=<JNI global ref>, id=170, trace=300000)
ROOT 5000016f (kind=<JNI global ref>, id=171, trace=300000)
ROOT 50000170 (kind=<JNI global ref>, id=172, trace=300000)
ROOT 50000171 (kind=<JNI global ref>, id=173, trace=300000)
ROOT 5000017b (kind=<JNI global ref>, id=174, trace=300003)
ROOT 5000017e (kind=<JNI global ref>, id=175, trace=300006)
ROOT 50000187 (kind=<JNI global ref>, id=176, trace=300014)
ROOT 50000188 (kind=<JNI global ref>, id=177, trace=300014)
ROOT 5000018a (kind=<JNI global ref>, id=178, trace=300016)
ROOT 5000018c (kind=<JNI global ref>, id=179, trace=300018)
ROOT 50000190 (kind=<JNI global ref>, id=17a, trace=300021)
ROOT 50000191 (kind=<JNI global ref>, id=17b, trace=300021)
ROOT 50000192 (kind=<JNI global ref>, id=17c, trace=300022)
ROOT 50000193 (kind=<JNI global ref>, id=17d, trace=300023)
ROOT 50000198 (kind=<JNI global ref>, id=17e, trace=300027)
ROOT 5000019a (kind=<JNI global ref>, id=17f, trace=300029)
ROOT 5000019e (kind=<JNI global ref>, id=180, trace=300033)
ROOT 500001a0 (kind=<JNI global ref>, id=181, trace=300035)
ROOT 500001a2 (kind=<JNI global ref>, id=182, trace=300037)
ROOT 500001aa (kind=<JNI global ref>, id=183, trace=300000)
ROOT 500001ac (kind=<JNI global ref>, id=184, trace=300043)
ROOT 500001b8 (kind=<JNI global ref>, id=185, trace=300052)
ROOT 500001be (kind=<JNI global ref>, id=186, trace=300058)
ROOT 500001c4 (kind=<JNI global ref>, id=187, trace=300063)
ROOT 500001c6 (kind=<JNI global ref>, id=188, trace=300065)
ROOT 500001c7 (kind=<JNI global ref>, id=189, trace=300065)
ROOT 500001c8 (kind=<JNI global ref>, id=18a, trace=300066)
ROOT 500001c9 (kind=<JNI global ref>, id=18b, trace=300066)
ROOT 500001ca (kind=<JNI global ref>, id=18c, trace=300067)
ROOT 500001cb (kind=<JNI global ref>, id=18d, trace=300067)
ROOT 500001ec (kind=<JNI global ref>, id=18e, trace=300090)
ROOT 500001ee (kind=<JNI global ref>, id=18f, trace=300092)
ROOT 500001f5 (kind=<JNI global ref>, id=190, trace=300099)
ROOT 500001f6 (kind=<JNI global ref>, id=191, trace=300100)
ROOT 500001f7 (kind=<JNI global ref>, id=192, trace=300100)
ROOT 500001fd (kind=<JNI global ref>, id=193, trace=300106)
ROOT 50000201 (kind=<JNI global ref>, id=194, trace=300110)
ROOT 5000020d (kind=<JNI global ref>, id=195, trace=300118)
ROOT 50000223 (kind=<JNI global ref>, id=196, trace=300118)
ROOT 50000235 (kind=<JNI global ref>, id=197, trace=300118)
ROOT 50000247 (kind=<JNI global ref>, id=198, trace=300118)
ROOT 50000257 (kind=<JNI global ref>, id=199, trace=300135)
ROOT 50000258 (kind=<JNI global ref>, id=19a, trace=300135)
ROOT 50000259 (kind=<JNI global ref>, id=19b, trace=300135)
ROOT 5000025c (kind=<JNI global ref>, id=19c, trace=300138)
ROOT 50000262 (kind=<JNI global ref>, id=19d, trace=300142)
ROOT 50000263 (kind=<JNI global ref>, id=19e, trace=300143)
ROOT 50000265 (kind=<JNI global ref>, id=19f, trace=300145)
ROOT 50000267 (kind=<JNI global ref>, id=1a0, trace=300147)
ROOT 50000269 (kind=<JNI global ref>, id=1a1, trace=300149)
ROOT 5000026a (kind=<JNI global ref>, id=1a2, trace=300149)
ROOT 5000026b (kind=<JNI global ref>, id=1a3, trace=300149)
ROOT 50000109 (kind=<JNI global ref>, id=1a4, trace=300000)
ROOT 50000269 (kind=<JNI global ref>, id=1a5, trace=300149)
ROOT 5000026b (kind=<JNI global ref>, id=1a6, trace=300149)
ROOT 5000026e (kind=<JNI global ref>, id=1a7, trace=300152)
ROOT 5000026f (kind=<JNI global ref>, id=1a8, trace=300152)
ROOT 50000280 (kind=<JNI global ref>, id=1a9, trace=300159)
ROOT 50000288 (kind=<JNI global ref>, id=1aa, trace=300167)
ROOT 500002b9 (kind=<JNI global ref>, id=1ab, trace=300210)
ROOT 500002bf (kind=<JNI global ref>, id=1ac, trace=300216)
ROOT 500002c0 (kind=<JNI global ref>, id=1ad, trace=300216)
ROOT 500002c5 (kind=<JNI global ref>, id=1ae, trace=300221)
ROOT 500002c8 (kind=<JNI global ref>, id=1af, trace=300223)
ROOT 500002cc (kind=<JNI global ref>, id=1b0, trace=300226)
ROOT 500002ce (kind=<JNI global ref>, id=1b1, trace=300228)
ROOT 500002cf (kind=<JNI global ref>, id=1b2, trace=300228)
ROOT 500002d6 (kind=<JNI global ref>, id=1b3, trace=300234)
ROOT 50000521 (kind=<JNI global ref>, id=1b4, trace=300252)
ROOT 50000522 (kind=<JNI global ref>, id=1b5, trace=300252)
ROOT 50000523 (kind=<JNI global ref>, id=1b6, trace=300252)
ROOT 50000524 (kind=<JNI global ref>, id=1b7, trace=300253)
ROOT 50000526 (kind=<JNI global ref>, id=1b8, trace=300255)
ROOT 50000533 (kind=<JNI global ref>, id=1b9, trace=300264)
ROOT 50000534 (kind=<JNI global ref>, id=1ba, trace=300265)
ROOT 50000536 (kind=<JNI global ref>, id=1bb, trace=300267)
ROOT 5000053a (kind=<JNI global ref>, id=1bc, trace=300271)
ROOT 5000053b (kind=<JNI global ref>, id=1bd, trace=300271)
ROOT 5000053d (kind=<JNI global ref>, id=1be, trace=300273)
ROOT 50000546 (kind=<JNI global ref>, id=1bf, trace=300278)
ROOT 50000547 (kind=<JNI global ref>, id=1c0, trace=300278)
ROOT 50000549 (kind=<JNI global ref>, id=1c1, trace=300280)
ROOT 50000a2f (kind=<JNI global ref>, id=1c2, trace=300302)
ROOT 50000a62 (kind=<JNI global ref>, id=1c3, trace=300331)
ROOT 50000a63 (kind=<JNI global ref>, id=1c4, trace=300331)
ROOT 50000a67 (kind=<JNI global ref>, id=1c5, trace=300335)
ROOT 50000a7c (kind=<JNI global ref>, id=1c6, trace=300349)
ROOT 50000a83 (kind=<JNI global ref>, id=1c7, trace=300353)
ROOT 50000a86 (kind=<JNI global ref>, id=1c8, trace=300356)
ROOT 50000a87 (kind=<JNI global ref>, id=1c9, trace=300356)
ROOT 50000aad (kind=<JNI global ref>, id=1ca, trace=300370)
ROOT 50000aae (kind=<JNI global ref>, id=1cb, trace=300370)
ROOT 50000aaf (kind=<JNI global ref>, id=1cc, trace=300370)
ROOT 50000ab4 (kind=<JNI global ref>, id=1cd, trace=300375)
ROOT 50000ab8 (kind=<JNI global ref>, id=1ce, trace=300379)
ROOT 50000aba (kind=<JNI global ref>, id=1cf, trace=300381)
ROOT 50000ad3 (kind=<JNI global ref>, id=1d0, trace=300393)
ROOT 50000ae7 (kind=<JNI global ref>, id=1d1, trace=300399)
ROOT 50000ae8 (kind=<JNI global ref>, id=1d2, trace=300400)
ROOT 50000aea (kind=<JNI global ref>, id=1d3, trace=300402)
ROOT 50000b23 (kind=<JNI global ref>, id=1d4, trace=300419)
ROOT 50000b24 (kind=<JNI global ref>, id=1d5, trace=300420)
ROOT 50000b26 (kind=<JNI global ref>, id=1d6, trace=300422)
ROOT 50000b28 (kind=<JNI global ref>, id=1d7, trace=300424)
ROOT 50000b39 (kind=<JNI global ref>, id=1d8, trace=300427)
ROOT 50000b4d (kind=<JNI global ref>, id=1d9, trace=300430)
ROOT 50000b4e (kind=<JNI global ref>, id=1da, trace=300431)
ROOT 50000b4f (kind=<JNI global ref>, id=1db, trace=300432)
ROOT 50000b55 (kind=<JNI global ref>, id=1dc, trace=300438)
ROOT 50000b5a (kind=<JNI global ref>, id=1dd, trace=300440)
ROOT 50000b5b (kind=<JNI global ref>, id=1de, trace=300440)
ROOT 50000b5f (kind=<JNI global ref>, id=1df, trace=300442)
ROOT 50000b68 (kind=<JNI global ref>, id=1e0, trace=300450)
ROOT 50000b70 (kind=<JNI global ref>, id=1e1, trace=300455)
ROOT 50000b72 (kind=<JNI global ref>, id=1e2, trace=300457)
ROOT 50000b74 (kind=<JNI global ref>, id=1e3, trace=300459)
ROOT 50000b78 (kind=<JNI global ref>, id=1e4, trace=300463)
ROOT 50000b79 (kind=<JNI global ref>, id=1e5, trace=300464)
ROOT 50000c7f (kind=<JNI global ref>, id=1e6, trace=300468)
ROOT 50000c80 (kind=<JNI global ref>, id=1e7, trace=300469)
ROOT 50000d86 (kind=<JNI global ref>, id=1e8, trace=300473)
ROOT 50000d87 (kind=<JNI global ref>, id=1e9, trace=300474)
ROOT 50000e11 (kind=<JNI global ref>, id=1ea, trace=300480)
ROOT 50000e12 (kind=<JNI global ref>, id=1eb, trace=300481)
ROOT 50000f2b (kind=<JNI global ref>, id=1ec, trace=300495)
ROOT 50000f38 (kind=<JNI global ref>, id=1ed, trace=300507)
ROOT 50000f39 (kind=<JNI global ref>, id=1ee, trace=300508)
ROOT 50000f3b (kind=<JNI global ref>, id=1ef, trace=300509)
ROOT 50000f3f (kind=<JNI global ref>, id=1f0, trace=300513)
ROOT 50000f50 (kind=<JNI global ref>, id=1f1, trace=300517)
ROOT 50000f59 (kind=<JNI global ref>, id=1f2, trace=300522)
ROOT 50000f60 (kind=<JNI global ref>, id=1f3, trace=300529)
ROOT 50000f62 (kind=<JNI global ref>, id=1f4, trace=300530)
ROOT 50000f63 (kind=<JNI global ref>, id=1f5, trace=300531)
ROOT 50000f99 (kind=<JNI global ref>, id=1f6, trace=300535)
ROOT 50000f9a (kind=<JNI global ref>, id=1f7, trace=300536)
ROOT 50000fce (kind=<JNI global ref>, id=1f8, trace=300566)
ROOT 5000100b (kind=<JNI global ref>, id=1f9, trace=300577)
ROOT 50001093 (kind=<JNI global ref>, id=1fa, trace=300584)
ROOT 50001094 (kind=<JNI global ref>, id=1fb, trace=300584)
ROOT 50001095 (kind=<JNI global ref>, id=1fc, trace=300585)
ROOT 5000109b (kind=<JNI global ref>, id=1fd, trace=300591)
ROOT 500010a0 (kind=<JNI global ref>, id=1fe, trace=300595)
ROOT 500010a3 (kind=<JNI global ref>, id=1ff, trace=300598)
ROOT 500010b1 (kind=<JNI global ref>, id=200, trace=300610)
ROOT 500010fc (kind=<JNI global ref>, id=201, trace=300624)
ROOT 50001101 (kind=<JNI global ref>, id=202, trace=300627)
ROOT 50001133 (kind=<JNI global ref>, id=203, trace=300667)
ROOT 5000115f (kind=<JNI global ref>, id=204, trace=300684)
ROOT 50001162 (kind=<JNI global ref>, id=205, trace=300687)
ROOT 50001164 (kind=<JNI global ref>, id=206, trace=300689)
ROOT 50001172 (kind=<JNI global ref>, id=207, trace=300702)
ROOT 50001186 (kind=<JNI global ref>, id=208, trace=300721)
ROOT 50001187 (kind=<JNI global ref>, id=209, trace=300721)
ROOT 5000118a (kind=<JNI global ref>, id=20a, trace=300724)
ROOT 5000118d (kind=<JNI global ref>, id=20b, trace=300727)
ROOT 5000118e (kind=<JNI global ref>, id=20c, trace=300728)
ROOT 500011aa (kind=<JNI global ref>, id=20d, trace=300747)
ROOT 500011ab (kind=<JNI global ref>, id=20e, trace=300747)
ROOT 500011b2 (kind=<JNI global ref>, id=20f, trace=300754)
ROOT 500011bc (kind=<JNI global ref>, id=210, trace=300764)
ROOT 500011be (kind=<JNI global ref>, id=211, trace=300766)
ROOT 500011c4 (kind=<JNI global ref>, id=212, trace=300772)
ROOT 500011c5 (kind=<JNI global ref>, id=213, trace=300772)
ROOT 500011d0 (kind=<JNI global ref>, id=214, trace=300781)
ROOT 500011d9 (kind=<JNI global ref>, id=215, trace=300790)
ROOT 500011db (kind=<JNI global ref>, id=216, trace=300791)
ROOT 500011e4 (kind=<JNI global ref>, id=217, trace=300799)
ROOT 50001200 (kind=<JNI global ref>, id=218, trace=300810)
ROOT 50001222 (kind=<JNI global ref>, id=219, trace=300820)
ROOT 5000123e (kind=<JNI global ref>, id=21a, trace=300838)
ROOT 50001240 (kind=<JNI global ref>, id=21b, trace=300840)
ROOT 50001241 (kind=<JNI global ref>, id=21c, trace=300840)
ROOT 50001243 (kind=<JNI global ref>, id=21d, trace=300842)
ROOT 50001318 (kind=<JNI global ref>, id=21e, trace=300842)
ROOT 500013ea (kind=<JNI global ref>, id=21f, trace=300842)
ROOT 500014c9 (kind=<JNI global ref>, id=220, trace=300842)
ROOT 50001580 (kind=<JNI global ref>, id=221, trace=300842)
ROOT 50001652 (kind=<JNI global ref>, id=222, trace=300842)
ROOT 5000165b (kind=<JNI global ref>, id=223, trace=300871)
ROOT 5000170e (kind=<JNI global ref>, id=224, trace=300927)
ROOT 50001756 (kind=<JNI global ref>, id=225, trace=300842)
ROOT 50001758 (kind=<JNI global ref>, id=226, trace=300933)
ROOT 500017b8 (kind=<JNI global ref>, id=227, trace=300842)
ROOT 50001823 (kind=<JNI global ref>, id=228, trace=300842)
ROOT 50001891 (kind=<JNI global ref>, id=229, trace=300842)
ROOT 50001916 (kind=<JNI global ref>, id=22a, trace=300842)
ROOT 50001983 (kind=<JNI global ref>, id=22b, trace=300842)
ROOT 500019f5 (kind=<JNI global ref>, id=22c, trace=300842)
ROOT 50001a60 (kind=<JNI global ref>, id=22d, trace=300842)
ROOT 50001ae5 (kind=<JNI global ref>, id=22e, trace=300842)
ROOT 50001b52 (kind=<JNI global ref>, id=22f, trace=300842)
ROOT 50001bd7 (kind=<JNI global ref>, id=230, trace=300842)
ROOT 50001c37 (kind=<JNI global ref>, id=231, trace=300842)
ROOT 50001c3a (kind=<JNI global ref>, id=232, trace=300957)
ROOT 50001c93 (kind=<JNI global ref>, id=233, trace=300965)
ROOT 50001c96 (kind=<JNI global ref>, id=234, trace=300967)
ROOT 50001c97 (kind=<JNI global ref>, id=235, trace=300967)
ROOT 50001c9a (kind=<JNI global ref>, id=236, trace=300970)
ROOT 50001c9b (kind=<JNI global ref>, id=237, trace=300970)
ROOT 50001c9d (kind=<JNI global ref>, id=238, trace=300972)
ROOT 50002166 (kind=<JNI global ref>, id=239, trace=300842)
ROOT 50002239 (kind=<JNI global ref>, id=23a, trace=300842)
ROOT 5000223d (kind=<JNI global ref>, id=23b, trace=300431)
ROOT 500022f4 (kind=<JNI global ref>, id=23c, trace=300842)
ROOT 50002302 (kind=<JNI global ref>, id=23d, trace=301033)
ROOT 50002303 (kind=<JNI global ref>, id=23e, trace=301033)
ROOT 50002323 (kind=<JNI global ref>, id=23f, trace=301048)
ROOT 50002401 (kind=<JNI global ref>, id=240, trace=300842)
ROOT 500024b7 (kind=<JNI global ref>, id=241, trace=300842)
ROOT 5000254f (kind=<JNI global ref>, id=242, trace=300842)
ROOT 500025ed (kind=<JNI global ref>, id=243, trace=300842)
ROOT 500025ef (kind=<JNI global ref>, id=244, trace=301090)
ROOT 5000269c (kind=<JNI global ref>, id=245, trace=300842)
ROOT 500026a0 (kind=<JNI global ref>, id=246, trace=301097)
ROOT 5000274f (kind=<JNI global ref>, id=247, trace=300842)
ROOT 500027df (kind=<JNI global ref>, id=248, trace=300842)
ROOT 500028b9 (kind=<JNI global ref>, id=249, trace=300842)
ROOT 5000294f (kind=<JNI global ref>, id=24a, trace=300842)
ROOT 50002a5d (kind=<JNI global ref>, id=24b, trace=300842)
ROOT 50002afb (kind=<JNI global ref>, id=24c, trace=300842)
ROOT 50002bba (kind=<JNI global ref>, id=24d, trace=300842)
ROOT 50002cd9 (kind=<JNI global ref>, id=24e, trace=300842)
ROOT 50002d7f (kind=<JNI global ref>, id=24f, trace=300842)
ROOT 50002e46 (kind=<JNI global ref>, id=250, trace=300842)
ROOT 50002f24 (kind=<JNI global ref>, id=251, trace=300842)
ROOT 50002fd2 (kind=<JNI global ref>, id=252, trace=300842)
ROOT 50003111 (kind=<JNI global ref>, id=253, trace=300842)
ROOT 500031c7 (kind=<JNI global ref>, id=254, trace=300842)
ROOT 500032a1 (kind=<JNI global ref>, id=255, trace=300842)
ROOT 500033e1 (kind=<JNI global ref>, id=256, trace=300842)
ROOT 5000349f (kind=<JNI global ref>, id=257, trace=300842)
ROOT 50003581 (kind=<JNI global ref>, id=258, trace=300842)
ROOT 500036ce (kind=<JNI global ref>, id=259, trace=300842)
ROOT 50003794 (kind=<JNI global ref>, id=25a, trace=300842)
ROOT 5000387f (kind=<JNI global ref>, id=25b, trace=300842)
ROOT 500039da (kind=<JNI global ref>, id=25c, trace=300842)
ROOT 50003aa9 (kind=<JNI global ref>, id=25d, trace=300842)
ROOT 50003b9e (kind=<JNI global ref>, id=25e, trace=300842)
ROOT 50003d07 (kind=<JNI global ref>, id=25f, trace=300842)
ROOT 50003ddf (kind=<JNI global ref>, id=260, trace=300842)
ROOT 50003dee (kind=<JNI global ref>, id=261, trace=301105)
ROOT 50003e20 (kind=<JNI global ref>, id=262, trace=301126)
ROOT 50003f7f (kind=<JNI global ref>, id=263, trace=300842)
ROOT 500040ec (kind=<JNI global ref>, id=264, trace=300842)
ROOT 50004224 (kind=<JNI global ref>, id=265, trace=300842)
ROOT 50004317 (kind=<JNI global ref>, id=266, trace=300842)
ROOT 500043d7 (kind=<JNI global ref>, id=267, trace=300842)
ROOT 500043e6 (kind=<JNI global ref>, id=268, trace=301167)
ROOT 500043e8 (kind=<JNI global ref>, id=269, trace=301169)
ROOT 500043f7 (kind=<JNI global ref>, id=26a, trace=301184)
ROOT 500043f9 (kind=<JNI global ref>, id=26b, trace=301185)
ROOT 500043fc (kind=<JNI global ref>, id=26c, trace=301188)
ROOT 500044dd (kind=<JNI global ref>, id=26d, trace=300842)
ROOT 50004575 (kind=<JNI global ref>, id=26e, trace=300842)
ROOT 500045d7 (kind=<JNI global ref>, id=26f, trace=300842)
ROOT 500046ef (kind=<JNI global ref>, id=270, trace=300842)
ROOT 500047f5 (kind=<JNI global ref>, id=271, trace=300842)
ROOT 5000489f (kind=<JNI global ref>, id=272, trace=300842)
ROOT 50004944 (kind=<JNI global ref>, id=273, trace=300842)
ROOT 50004a17 (kind=<JNI global ref>, id=274, trace=300842)
ROOT 50004ae0 (kind=<JNI global ref>, id=275, trace=300842)
ROOT 50004aec (kind=<JNI global ref>, id=276, trace=301255)
ROOT 50004aee (kind=<JNI global ref>, id=277, trace=301257)
ROOT 50004af1 (kind=<JNI global ref>, id=278, trace=301260)
ROOT 50004b0b (kind=<JNI global ref>, id=279, trace=301279)
ROOT 50004b0c (kind=<JNI global ref>, id=27a, trace=301279)
ROOT 50004dcf (kind=<JNI global ref>, id=27b, trace=301427)
ROOT 50004e25 (kind=<JNI global ref>, id=27c, trace=301436)
ROOT 50004e26 (kind=<JNI global ref>, id=27d, trace=301437)
ROOT 50004e29 (kind=<JNI global ref>, id=27e, trace=301440)
ROOT 50004e2b (kind=<JNI global ref>, id=27f, trace=301442)
ROOT 50004e45 (kind=<JNI global ref>, id=280, trace=301460)
ROOT 50004ee9 (kind=<JNI global ref>, id=281, trace=300842)
ROOT 50004fe1 (kind=<JNI global ref>, id=282, trace=300842)
ROOT 50005316 (kind=<JNI global ref>, id=283, trace=301427)
ROOT 50005495 (kind=<JNI global ref>, id=284, trace=300842)
ROOT 5000580f (kind=<JNI global ref>, id=285, trace=301427)
ROOT 500059c4 (kind=<JNI global ref>, id=286, trace=300842)
ROOT 500059c6 (kind=<JNI global ref>, id=287, trace=301492)
ROOT 500059c7 (kind=<JNI global ref>, id=288, trace=301492)
ROOT 50005a14 (kind=<JNI global ref>, id=289, trace=301509)
ROOT 50005a16 (kind=<JNI global ref>, id=28a, trace=301510)
ROOT 50005a18 (kind=<JNI global ref>, id=28b, trace=301512)
ROOT 50005a1c (kind=<JNI global ref>, id=28c, trace=301515)
ROOT 50005a1e (kind=<JNI global ref>, id=28d, trace=301517)
ROOT 50005a2e (kind=<JNI global ref>, id=28e, trace=301533)
ROOT 50005a32 (kind=<JNI global ref>, id=28f, trace=301537)
ROOT 50005a33 (kind=<JNI global ref>, id=290, trace=301538)
ROOT 50005a3b (kind=<JNI global ref>, id=291, trace=301546)
ROOT 50005a43 (kind=<JNI global ref>, id=292, trace=301552)
ROOT 50005a47 (kind=<JNI global ref>, id=293, trace=301555)
ROOT 50005a48 (kind=<JNI global ref>, id=294, trace=301555)
ROOT 50005a99 (kind=<JNI global ref>, id=295, trace=301589)
ROOT 50005a9a (kind=<JNI global ref>, id=296, trace=301589)
ROOT 50005a9b (kind=<JNI global ref>, id=297, trace=301590)
ROOT 50005ad1 (kind=<JNI global ref>, id=298, trace=301620)
ROOT 50005ad2 (kind=<JNI global ref>, id=299, trace=301621)
ROOT 50005b6f (kind=<JNI global ref>, id=29a, trace=300842)
ROOT 50005bdc (kind=<JNI global ref>, id=29b, trace=300842)
ROOT 50005c60 (kind=<JNI global ref>, id=29c, trace=300419)
ROOT 50005c69 (kind=<JNI global ref>, id=29d, trace=300430)
ROOT 50005cd2 (kind=<JNI global ref>, id=29e, trace=300419)
ROOT 50005d47 (kind=<JNI global ref>, id=29f, trace=300419)
ROOT 50005d53 (kind=<JNI global ref>, id=2a0, trace=300430)
ROOT 50005d55 (kind=<JNI global ref>, id=2a1, trace=301648)
ROOT 50005d56 (kind=<JNI global ref>, id=2a2, trace=301649)
ROOT 50005d57 (kind=<JNI global ref>, id=2a3, trace=301649)
ROOT 50005d59 (kind=<JNI global ref>, id=2a4, trace=301651)
ROOT 50005d62 (kind=<JNI global ref>, id=2a5, trace=301660)
ROOT 50005d68 (kind=<JNI global ref>, id=2a6, trace=301666)
ROOT 50005d6a (kind=<JNI global ref>, id=2a7, trace=301668)
ROOT 50005d6b (kind=<JNI global ref>, id=2a8, trace=301668)
ROOT 50005d6f (kind=<JNI global ref>, id=2a9, trace=301672)
ROOT 50005d78 (kind=<JNI global ref>, id=2aa, trace=301680)
ROOT 50005d89 (kind=<JNI global ref>, id=2ab, trace=301692)
ROOT 50005d9d (kind=<JNI global ref>, id=2ac, trace=301711)
ROOT 50005de6 (kind=<JNI global ref>, id=2ad, trace=301746)
ROOT 50005de8 (kind=<JNI global ref>, id=2ae, trace=301748)
ROOT 50005dec (kind=<JNI global ref>, id=2af, trace=301752)
ROOT 50005ded (kind=<JNI global ref>, id=2b0, trace=301752)
ROOT 50005dfb (kind=<JNI global ref>, id=2b1, trace=301756)
ROOT 50005dfc (kind=<JNI global ref>, id=2b2, trace=301756)
ROOT 50005e02 (kind=<JNI global ref>, id=2b3, trace=301759)
ROOT 50005e10 (kind=<JNI global ref>, id=2b4, trace=301769)
ROOT 50005e28 (kind=<JNI global ref>, id=2b5, trace=301776)
ROOT 50005f1e (kind=<JNI global ref>, id=2b6, trace=301818)
ROOT 500060fe (kind=<JNI global ref>, id=2b7, trace=301863)
ROOT 500060ff (kind=<JNI global ref>, id=2b8, trace=301864)
ROOT 50006100 (kind=<JNI global ref>, id=2b9, trace=301864)
ROOT 50006112 (kind=<JNI global ref>, id=2ba, trace=300430)
ROOT 5000615b (kind=<JNI global ref>, id=2bb, trace=301897)
ROOT 5000615d (kind=<JNI global ref>, id=2bc, trace=301899)
ROOT 50006176 (kind=<JNI global ref>, id=2bd, trace=300000)
ROOT 50006178 (kind=<JNI global ref>, id=2be, trace=301910)
ROOT 5000617b (kind=<JNI global ref>, id=2bf, trace=300000)
ROOT 5000617c (kind=<JNI global ref>, id=2c0, trace=300000)
ROOT 5000617d (kind=<JNI global ref>, id=2c1, trace=300000)
ROOT 50006187 (kind=<unknown>)
ROOT 50006188 (kind=<unknown>)
ROOT 50000f9f (kind=<unknown>)
ROOT 50000b61 (kind=<unknown>)
ROOT 50001e2c (kind=<unknown>)
ROOT 50001e2f (kind=<unknown>)
ROOT 5000494c (kind=<unknown>)
ROOT 50006189 (kind=<unknown>)
ROOT 5000618a (kind=<unknown>)
ROOT 5000618b (kind=<unknown>)
ROOT 5000618c (kind=<unknown>)
ROOT 5000618d (kind=<unknown>)
ROOT 5000618e (kind=<unknown>)
ROOT 5000618f (kind=<unknown>)
ROOT 50006190 (kind=<unknown>)
ROOT 50006191 (kind=<unknown>)
ROOT 50006192 (kind=<unknown>)
ROOT 50006193 (kind=<unknown>)
ROOT 50006194 (kind=<unknown>)
ROOT 50006195 (kind=<unknown>)
ROOT 50006196 (kind=<unknown>)
ROOT 50006197 (kind=<unknown>)
ROOT 50006198 (kind=<unknown>)
ROOT 50006199 (kind=<unknown>)
ROOT 5000619a (kind=<unknown>)
ROOT 5000619b (kind=<unknown>)
ROOT 5000619c (kind=<unknown>)
ROOT 5000619d (kind=<unknown>)
ROOT 5000619e (kind=<unknown>)
ROOT 5000619f (kind=<unknown>)
ROOT 500061a0 (kind=<unknown>)
ROOT 500061a1 (kind=<unknown>)
ROOT 500061a2 (kind=<unknown>)
ROOT 500061a3 (kind=<unknown>)
ROOT 500061a4 (kind=<unknown>)
ROOT 500061a5 (kind=<unknown>)
ROOT 500061a6 (kind=<unknown>)
ROOT 500061a7 (kind=<unknown>)
ROOT 500061a8 (kind=<unknown>)
ROOT 500061a9 (kind=<unknown>)
ROOT 500061aa (kind=<unknown>)
ROOT 500061ab (kind=<unknown>)
ROOT 500061ac (kind=<unknown>)
ROOT 500061ad (kind=<unknown>)
ROOT 500061ae (kind=<unknown>)
ROOT 500061af (kind=<unknown>)
ROOT 500061b0 (kind=<unknown>)
ROOT 500061b1 (kind=<unknown>)
ROOT 500061b2 (kind=<unknown>)
ROOT 500061b3 (kind=<unknown>)
ROOT 500061b4 (kind=<unknown>)
ROOT 500061b5 (kind=<unknown>)
ROOT 500061b6 (kind=<unknown>)
ROOT 500061b7 (kind=<unknown>)
ROOT 500061b8 (kind=<unknown>)
ROOT 500061b9 (kind=<unknown>)
ROOT 500061ba (kind=<unknown>)
ROOT 500061bb (kind=<unknown>)
ROOT 500061bc (kind=<unknown>)
ROOT 500061bd (kind=<unknown>)
ROOT 500061be (kind=<unknown>)
ROOT 500061bf (kind=<unknown>)
ROOT 500061c0 (kind=<unknown>)
ROOT 500061c1 (kind=<unknown>)
ROOT 500061c2 (kind=<unknown>)
ROOT 500061c3 (kind=<unknown>)
ROOT 500061c4 (kind=<unknown>)
ROOT 500061c5 (kind=<unknown>)
ROOT 500061c6 (kind=<unknown>)
ROOT 500061c7 (kind=<unknown>)
ROOT 500061c8 (kind=<unknown>)
ROOT 500061c9 (kind=<unknown>)
ROOT 500061ca (kind=<unknown>)
ROOT 500061cb (kind=<unknown>)
ROOT 500061cc (kind=<unknown>)
ROOT 500061cd (kind=<unknown>)
ROOT 500061ce (kind=<unknown>)
ROOT 500061cf (kind=<unknown>)
ROOT 500061d0 (kind=<unknown>)
ROOT 500061d1 (kind=<unknown>)
ROOT 500061d2 (kind=<unknown>)
ROOT 500061d3 (kind=<unknown>)
ROOT 500061d4 (kind=<unknown>)
ROOT 500061d5 (kind=<unknown>)
ROOT 500061d6 (kind=<unknown>)
ROOT 500061d7 (kind=<unknown>)
ROOT 500061d8 (kind=<unknown>)
ROOT 500061d9 (kind=<unknown>)
ROOT 500061da (kind=<unknown>)
ROOT 500061db (kind=<unknown>)
ROOT 500061dc (kind=<unknown>)
ROOT 500061dd (kind=<unknown>)
ROOT 500061de (kind=<unknown>)
ROOT 500061df (kind=<unknown>)
ROOT 500061e0 (kind=<unknown>)
ROOT 500061e1 (kind=<unknown>)
ROOT 500061e2 (kind=<unknown>)
ROOT 500061e3 (kind=<unknown>)
ROOT 500061e4 (kind=<unknown>)
ROOT 500061e5 (kind=<unknown>)
ROOT 500061e6 (kind=<unknown>)
ROOT 500061e7 (kind=<unknown>)
ROOT 500061e8 (kind=<unknown>)
ROOT 500061e9 (kind=<unknown>)
ROOT 500061ea (kind=<unknown>)
ROOT 500061eb (kind=<unknown>)
ROOT 500061ec (kind=<unknown>)
ROOT 500061ed (kind=<unknown>)
ROOT 500061ee (kind=<unknown>)
ROOT 500061ef (kind=<unknown>)
ROOT 500061f0 (kind=<unknown>)
ROOT 500061f1 (kind=<unknown>)
ROOT 500061f2 (kind=<unknown>)
ROOT 500061f3 (kind=<unknown>)
ROOT 500061f4 (kind=<unknown>)
ROOT 500061f5 (kind=<unknown>)
ROOT 500061f6 (kind=<unknown>)
ROOT 500061f7 (kind=<unknown>)
ROOT 500061f8 (kind=<unknown>)
ROOT 500061f9 (kind=<unknown>)
ROOT 500061fa (kind=<unknown>)
ROOT 500061fb (kind=<unknown>)
ROOT 500061fc (kind=<unknown>)
ROOT 500061fd (kind=<unknown>)
ROOT 500061fe (kind=<unknown>)
ROOT 500061ff (kind=<unknown>)
ROOT 50006200 (kind=<unknown>)
ROOT 50006201 (kind=<unknown>)
ROOT 50006202 (kind=<unknown>)
ROOT 50006203 (kind=<unknown>)
ROOT 50006204 (kind=<unknown>)
ROOT 50006205 (kind=<unknown>)
ROOT 50006206 (kind=<unknown>)
ROOT 50006207 (kind=<unknown>)
ROOT 50006208 (kind=<unknown>)
ROOT 50006209 (kind=<unknown>)
ROOT 5000620a (kind=<unknown>)
ROOT 5000620b (kind=<unknown>)
ROOT 5000620c (kind=<unknown>)
ROOT 5000620d (kind=<unknown>)
ROOT 5000620e (kind=<unknown>)
ROOT 5000620f (kind=<unknown>)
ROOT 50006210 (kind=<unknown>)
ROOT 50006211 (kind=<unknown>)
ROOT 50006212 (kind=<unknown>)
ROOT 50006213 (kind=<unknown>)
ROOT 50006214 (kind=<unknown>)
ROOT 50006215 (kind=<unknown>)
ROOT 50006216 (kind=<unknown>)
ROOT 50006217 (kind=<unknown>)
ROOT 50006218 (kind=<unknown>)
ROOT 50006219 (kind=<unknown>)
ROOT 5000621a (kind=<unknown>)
ROOT 5000621b (kind=<unknown>)
ROOT 5000621c (kind=<unknown>)
ROOT 5000621d (kind=<unknown>)
ROOT 5000621e (kind=<unknown>)
ROOT 5000621f (kind=<unknown>)
ROOT 50006220 (kind=<unknown>)
ROOT 50006221 (kind=<unknown>)
ROOT 50006222 (kind=<unknown>)
ROOT 50006223 (kind=<unknown>)
ROOT 50006224 (kind=<unknown>)
ROOT 50006225 (kind=<unknown>)
ROOT 50006226 (kind=<unknown>)
ROOT 50006227 (kind=<unknown>)
ROOT 50006228 (kind=<unknown>)
ROOT 50006229 (kind=<unknown>)
ROOT 5000622a (kind=<unknown>)
ROOT 5000622b (kind=<unknown>)
ROOT 5000622c (kind=<unknown>)
ROOT 5000622d (kind=<unknown>)
ROOT 5000622e (kind=<unknown>)
ROOT 5000622f (kind=<unknown>)
ROOT 50006230 (kind=<unknown>)
ROOT 50006231 (kind=<unknown>)
ROOT 50006232 (kind=<unknown>)
ROOT 50006233 (kind=<unknown>)
ROOT 50006234 (kind=<unknown>)
ROOT 50006235 (kind=<unknown>)
ROOT 50006236 (kind=<unknown>)
ROOT 50006237 (kind=<unknown>)
ROOT 50006238 (kind=<unknown>)
ROOT 50006239 (kind=<unknown>)
ROOT 5000623a (kind=<unknown>)
ROOT 5000623b (kind=<unknown>)
ROOT 5000623c (kind=<unknown>)
ROOT 5000623d (kind=<unknown>)
ROOT 5000623e (kind=<unknown>)
ROOT 5000623f (kind=<unknown>)
ROOT 50006240 (kind=<unknown>)
ROOT 50006241 (kind=<unknown>)
ROOT 50006242 (kind=<unknown>)
ROOT 50006243 (kind=<unknown>)
ROOT 50006244 (kind=<unknown>)
ROOT 50006245 (kind=<unknown>)
ROOT 50006246 (kind=<unknown>)
ROOT 50006247 (kind=<unknown>)
ROOT 50006248 (kind=<unknown>)
ROOT 50006249 (kind=<unknown>)
ROOT 5000624a (kind=<unknown>)
ROOT 5000624b (kind=<unknown>)
ROOT 5000624c (kind=<unknown>)
ROOT 5000624d (kind=<unknown>)
ROOT 5000624e (kind=<unknown>)
ROOT 5000624f (kind=<unknown>)
ROOT 50006250 (kind=<unknown>)
ROOT 50006251 (kind=<unknown>)
ROOT 50006252 (kind=<unknown>)
ROOT 50006253 (kind=<unknown>)
ROOT 50006254 (kind=<unknown>)
ROOT 50006255 (kind=<unknown>)
ROOT 50006256 (kind=<unknown>)
ROOT 50006257 (kind=<unknown>)
ROOT 50006258 (kind=<unknown>)
ROOT 50006259 (kind=<unknown>)
ROOT 5000625a (kind=<unknown>)
ROOT 5000625b (kind=<unknown>)
ROOT 5000625c (kind=<unknown>)
ROOT 5000625d (kind=<unknown>)
ROOT 5000625e (kind=<unknown>)
ROOT 5000625f (kind=<unknown>)
ROOT 50006260 (kind=<unknown>)
ROOT 50006261 (kind=<unknown>)
ROOT 50006262 (kind=<unknown>)
ROOT 50006263 (kind=<unknown>)
ROOT 50006264 (kind=<unknown>)
ROOT 50006265 (kind=<unknown>)
ROOT 50006266 (kind=<unknown>)
ROOT 50006267 (kind=<unknown>)
ROOT 50006268 (kind=<unknown>)
ROOT 50006269 (kind=<unknown>)
ROOT 5000626a (kind=<unknown>)
ROOT 5000626b (kind=<unknown>)
ROOT 5000626c (kind=<unknown>)
ROOT 5000626d (kind=<unknown>)
ROOT 5000626e (kind=<unknown>)
ROOT 5000626f (kind=<unknown>)
ROOT 50006270 (kind=<unknown>)
ROOT 50006271 (kind=<unknown>)
ROOT 50006272 (kind=<unknown>)
ROOT 50006273 (kind=<unknown>)
ROOT 50006274 (kind=<unknown>)
ROOT 50006275 (kind=<unknown>)
ROOT 50006276 (kind=<unknown>)
ROOT 50006277 (kind=<unknown>)
ROOT 50006278 (kind=<unknown>)
ROOT 50006279 (kind=<unknown>)
ROOT 5000627a (kind=<unknown>)
ROOT 5000627b (kind=<unknown>)
ROOT 5000627c (kind=<unknown>)
ROOT 5000627d (kind=<unknown>)
ROOT 5000627e (kind=<unknown>)
ROOT 5000627f (kind=<unknown>)
ROOT 50006280 (kind=<unknown>)
ROOT 50006281 (kind=<unknown>)
ROOT 50006282 (kind=<unknown>)
ROOT 50006283 (kind=<unknown>)
ROOT 50006284 (kind=<unknown>)
ROOT 50006285 (kind=<unknown>)
ROOT 50006286 (kind=<unknown>)
ROOT 50006287 (kind=<unknown>)
ROOT 50006288 (kind=<unknown>)
ROOT 50006289 (kind=<unknown>)
ROOT 5000628a (kind=<unknown>)
ROOT 5000628b (kind=<unknown>)
ROOT 5000628c (kind=<unknown>)
ROOT 5000628d (kind=<unknown>)
ROOT 5000628e (kind=<unknown>)
ROOT 5000628f (kind=<unknown>)
ROOT 50006290 (kind=<unknown>)
ROOT 50006291 (kind=<unknown>)
ROOT 50006292 (kind=<unknown>)
ROOT 50006293 (kind=<unknown>)
ROOT 50006294 (kind=<unknown>)
ROOT 50006295 (kind=<unknown>)
ROOT 50006296 (kind=<unknown>)
ROOT 50006297 (kind=<unknown>)
ROOT 50006298 (kind=<unknown>)
ROOT 50006178 (kind=<system class>, name=java.lang.Shutdown$Lock)
ROOT 50006176 (kind=<system class>, name=java.lang.Shutdown)
ROOT 5000615d (kind=<system class>, name=sun.reflect.DelegatingMethodAccessorImpl)
ROOT 5000615b (kind=<system class>, name=sun.reflect.NativeMethodAccessorImpl)
ROOT 50006112 (kind=<system class>, name=java.lang.reflect.UndeclaredThrowableException)
ROOT 50006100 (kind=<system class>, name=java.lang.reflect.WeakCache$CacheValue)
ROOT 500060ff (kind=<system class>, name=java.lang.reflect.WeakCache$Value)
ROOT 50005f1e (kind=<system class>, name=sun.misc.ProxyGenerator$ExceptionTableEntry)
ROOT 50005e28 (kind=<system class>, name=sun.misc.ProxyGenerator$PrimitiveTypeInfo)
ROOT 50005e10 (kind=<system class>, name=sun.misc.ProxyGenerator$FieldInfo)
ROOT 50005e02 (kind=<system class>, name=sun.misc.ProxyGenerator$ConstantPool$IndirectEntry)
ROOT 50005dfc (kind=<system class>, name=java.io.DataOutputStream)
ROOT 50005dfb (kind=<system class>, name=java.io.DataOutput)
ROOT 50005ded (kind=<system class>, name=sun.misc.ProxyGenerator$ConstantPool$ValueEntry)
ROOT 50005dec (kind=<system class>, name=sun.misc.ProxyGenerator$ConstantPool$Entry)
ROOT 50005de8 (kind=<system class>, name=java.io.ByteArrayOutputStream)
ROOT 50005de6 (kind=<system class>, name=sun.misc.ProxyGenerator$MethodInfo)
ROOT 50005d9d (kind=<system class>, name=sun.misc.ProxyGenerator$ProxyMethod)
ROOT 50005d89 (kind=<system class>, name=sun.misc.ProxyGenerator$ConstantPool)
ROOT 50005d78 (kind=<system class>, name=sun.misc.ProxyGenerator)
ROOT 50005d6f (kind=<system class>, name=java.util.IdentityHashMap)
ROOT 50005d6b (kind=<system class>, name=java.lang.reflect.WeakCache$Factory)
ROOT 50005d6a (kind=<system class>, name=java.util.function.Supplier)
ROOT 50005d68 (kind=<system class>, name=java.lang.reflect.Proxy$Key1)
ROOT 50005d62 (kind=<system class>, name=java.lang.reflect.WeakCache$CacheKey)
ROOT 50005d59 (kind=<system class>, name=java.lang.reflect.Proxy$ProxyClassFactory)
ROOT 50005d57 (kind=<system class>, name=java.lang.reflect.Proxy$KeyFactory)
ROOT 50005d56 (kind=<system class>, name=java.util.function.BiFunction)
ROOT 50005d55 (kind=<system class>, name=java.lang.reflect.WeakCache)
ROOT 50005d53 (kind=<system class>, name=java.lang.reflect.Proxy)
ROOT 50005c69 (kind=<system class>, name=java.lang.reflect.InvocationHandler)
ROOT 50005ad2 (kind=<system class>, name=java.lang.invoke.InnerClassLambdaMetafactory$1)
ROOT 50005a9b (kind=<system class>, name=int[][])
ROOT 5000016b (kind=<system class>, name=int[])
ROOT 50005a9a (kind=<system class>, name=java.lang.invoke.InnerClassLambdaMetafactory$ForwardingMethodGenerator)
ROOT 50005a99 (kind=<system class>, name=java.lang.invoke.TypeConvertingMethodAdapter)
ROOT 50005a48 (kind=<system class>, name=java.lang.invoke.InfoFromMemberName)
ROOT 50005a47 (kind=<system class>, name=java.lang.invoke.MethodHandleInfo)
ROOT 50005a3b (kind=<system class>, name=java.security.AllPermissionCollection)
ROOT 50005a33 (kind=<system class>, name=sun.security.action.GetBooleanAction)
ROOT 50005a32 (kind=<system class>, name=java.net.SocketPermission)
ROOT 50005a2e (kind=<system class>, name=java.security.SecurityPermission)
ROOT 50005a1e (kind=<system class>, name=java.net.NetPermission)
ROOT 50005a1c (kind=<system class>, name=sun.security.util.SecurityConstants)
ROOT 50005a18 (kind=<system class>, name=java.security.AccessController$1)
ROOT 50005a43 (kind=<system class>, name=java.security.ProtectionDomain[])
ROOT 50000157 (kind=<system class>, name=java.security.ProtectionDomain)
ROOT 50005a16 (kind=<system class>, name=java.util.PropertyPermission)
ROOT 50005a14 (kind=<system class>, name=java.security.Permission[])
ROOT 500000e9 (kind=<system class>, name=java.security.Permission)
ROOT 5000617b (kind=<system class>, name=java.security.Guard[])
ROOT 500000ea (kind=<system class>, name=java.security.Guard)
ROOT 500059c7 (kind=<system class>, name=java.lang.invoke.InnerClassLambdaMetafactory)
ROOT 500059c6 (kind=<system class>, name=java.lang.invoke.AbstractValidatingLambdaMetafactory)
ROOT 5000580f (kind=<system class>, name=java.lang.invoke.BoundMethodHandle$Species_L4)
ROOT 50005316 (kind=<system class>, name=java.lang.invoke.BoundMethodHandle$Species_L3)
ROOT 50004e45 (kind=<system class>, name=java.lang.invoke.LambdaFormEditor$Transform[])
ROOT 500043f9 (kind=<system class>, name=java.lang.invoke.LambdaFormEditor$Transform)
ROOT 50004e2b (kind=<system class>, name=java.util.HashMap$EntryIterator)
ROOT 50004e29 (kind=<system class>, name=java.util.HashMap$EntrySet)
ROOT 50004e26 (kind=<system class>, name=sun.reflect.UnsafeStaticObjectFieldAccessorImpl)
ROOT 50004e25 (kind=<system class>, name=sun.reflect.UnsafeFieldAccessorFactory)
ROOT 50004dcf (kind=<system class>, name=java.lang.invoke.BoundMethodHandle$Species_LL)
ROOT 50004b0c (kind=<system class>, name=jdk.internal.org.objectweb.asm.FieldWriter)
ROOT 50004b0b (kind=<system class>, name=jdk.internal.org.objectweb.asm.FieldVisitor)
ROOT 50004af1 (kind=<system class>, name=java.util.concurrent.ConcurrentHashMap$ReservationNode)
ROOT 50004aee (kind=<system class>, name=java.lang.invoke.BoundMethodHandle$Factory$1)
ROOT 50004aec (kind=<system class>, name=java.lang.invoke.BoundMethodHandle$SpeciesData$1)
ROOT 500043fc (kind=<system class>, name=java.lang.invoke.LambdaFormBuffer)
ROOT 500043f9 (kind=<system class>, name=java.lang.invoke.LambdaFormEditor$Transform)
ROOT 500043f7 (kind=<system class>, name=java.lang.invoke.LambdaFormEditor$Transform$Kind[])
ROOT 500043e8 (kind=<system class>, name=java.lang.invoke.LambdaFormEditor$Transform$Kind)
ROOT 500043e8 (kind=<system class>, name=java.lang.invoke.LambdaFormEditor$Transform$Kind)
ROOT 500043e6 (kind=<system class>, name=java.lang.invoke.LambdaFormEditor)
ROOT 50003e20 (kind=<system class>, name=java.lang.IllegalAccessException)
ROOT 50003dee (kind=<system class>, name=java.lang.NoSuchFieldError)
ROOT 500026a0 (kind=<system class>, name=java.lang.invoke.MethodHandleImpl$IntrinsicMethodHandle)
ROOT 500025ef (kind=<system class>, name=java.lang.invoke.MethodHandleImpl$Lazy)
ROOT 50002323 (kind=<system class>, name=java.lang.invoke.WrongMethodTypeException)
ROOT 50002303 (kind=<system class>, name=java.lang.invoke.MethodHandleImpl$AsVarargsCollector)
ROOT 50002302 (kind=<system class>, name=java.lang.invoke.DelegatingMethodHandle)
ROOT 5000223d (kind=<system class>, name=java.util.function.Predicate)
ROOT 50001c9d (kind=<system class>, name=java.util.AbstractList$ListItr)
ROOT 50001c9b (kind=<system class>, name=java.util.SubList$1)
ROOT 50001c9a (kind=<system class>, name=java.util.ListIterator)
ROOT 50001c97 (kind=<system class>, name=java.util.RandomAccessSubList)
ROOT 50001c96 (kind=<system class>, name=java.util.SubList)
ROOT 50001c93 (kind=<system class>, name=java.util.ArrayList$Itr)
ROOT 50001c3a (kind=<system class>, name=java.lang.invoke.MemberName[])
ROOT 50000124 (kind=<system class>, name=java.lang.invoke.MemberName)
ROOT 50001758 (kind=<system class>, name=java.lang.invoke.DirectMethodHandle$Accessor)
ROOT 5000170e (kind=<system class>, name=java.lang.invoke.InvokerBytecodeGenerator$CpPatch)
ROOT 5000165b (kind=<system class>, name=java.lang.NoSuchFieldException)
ROOT 50001241 (kind=<system class>, name=java.util.HashMap$ValueIterator)
ROOT 50001240 (kind=<system class>, name=java.util.HashMap$HashIterator)
ROOT 5000123e (kind=<system class>, name=java.util.HashMap$Values)
ROOT 50001222 (kind=<system class>, name=jdk.internal.org.objectweb.asm.Type[])
ROOT 500011b2 (kind=<system class>, name=jdk.internal.org.objectweb.asm.Type)
ROOT 50001200 (kind=<system class>, name=sun.invoke.empty.Empty)
ROOT 500011e4 (kind=<system class>, name=sun.invoke.util.VerifyType)
ROOT 500011db (kind=<system class>, name=java.lang.invoke.InvokerBytecodeGenerator$2)
ROOT 500011d9 (kind=<system class>, name=java.lang.invoke.MethodHandleImpl$Intrinsic[])
ROOT 500011d0 (kind=<system class>, name=java.lang.invoke.MethodHandleImpl$Intrinsic)
ROOT 500011d0 (kind=<system class>, name=java.lang.invoke.MethodHandleImpl$Intrinsic)
ROOT 500011c5 (kind=<system class>, name=jdk.internal.org.objectweb.asm.AnnotationWriter)
ROOT 500011c4 (kind=<system class>, name=jdk.internal.org.objectweb.asm.AnnotationVisitor)
ROOT 500011be (kind=<system class>, name=jdk.internal.org.objectweb.asm.Frame)
ROOT 500011bc (kind=<system class>, name=jdk.internal.org.objectweb.asm.Label)
ROOT 500011b2 (kind=<system class>, name=jdk.internal.org.objectweb.asm.Type)
ROOT 500011ab (kind=<system class>, name=jdk.internal.org.objectweb.asm.MethodWriter)
ROOT 500011aa (kind=<system class>, name=jdk.internal.org.objectweb.asm.MethodVisitor)
ROOT 5000118e (kind=<system class>, name=jdk.internal.org.objectweb.asm.Item[])
ROOT 5000118d (kind=<system class>, name=jdk.internal.org.objectweb.asm.Item)
ROOT 5000118d (kind=<system class>, name=jdk.internal.org.objectweb.asm.Item)
ROOT 5000118a (kind=<system class>, name=jdk.internal.org.objectweb.asm.ByteVector)
ROOT 50001187 (kind=<system class>, name=jdk.internal.org.objectweb.asm.ClassWriter)
ROOT 50001186 (kind=<system class>, name=jdk.internal.org.objectweb.asm.ClassVisitor)
ROOT 50001172 (kind=<system class>, name=java.lang.invoke.InvokerBytecodeGenerator)
ROOT 50001164 (kind=<system class>, name=java.util.AbstractList$Itr)
ROOT 50001162 (kind=<system class>, name=java.util.Collections$UnmodifiableCollection$1)
ROOT 5000115f (kind=<system class>, name=java.util.Arrays$ArrayList)
ROOT 50001133 (kind=<system class>, name=java.lang.invoke.DirectMethodHandle$Interface)
ROOT 50001101 (kind=<system class>, name=java.lang.InstantiationException)
ROOT 500010fc (kind=<system class>, name=java.lang.invoke.DirectMethodHandle$Lazy)
ROOT 500010b1 (kind=<system class>, name=sun.invoke.util.BytecodeDescriptor)
ROOT 500010a3 (kind=<system class>, name=java.lang.invoke.BoundMethodHandle$Species_L)
ROOT 500010a0 (kind=<system class>, name=java.lang.invoke.BoundMethodHandle$Factory)
ROOT 5000109b (kind=<system class>, name=java.lang.invoke.BoundMethodHandle$SpeciesData[])
ROOT 50001095 (kind=<system class>, name=java.lang.invoke.BoundMethodHandle$SpeciesData)
ROOT 50001095 (kind=<system class>, name=java.lang.invoke.BoundMethodHandle$SpeciesData)
ROOT 50001094 (kind=<system class>, name=java.lang.invoke.SimpleMethodHandle)
ROOT 50001093 (kind=<system class>, name=java.lang.invoke.BoundMethodHandle)
ROOT 5000100b (kind=<system class>, name=java.util.concurrent.ConcurrentHashMap$ForwardingNode)
ROOT 50000f9a (kind=<system class>, name=java.lang.invoke.LambdaForm$NamedFunction[])
ROOT 50000f99 (kind=<system class>, name=java.lang.invoke.LambdaForm$NamedFunction)
ROOT 50000f99 (kind=<system class>, name=java.lang.invoke.LambdaForm$NamedFunction)
ROOT 50000f63 (kind=<system class>, name=java.lang.invoke.LambdaForm$Name[][])
ROOT 50000fce (kind=<system class>, name=java.lang.invoke.LambdaForm$Name[])
ROOT 5000617c (kind=<system class>, name=java.lang.Object[][])
ROOT 500000ff (kind=<system class>, name=java.lang.Object[])
ROOT 5000617d (kind=<system class>, name=java.lang.Cloneable[])
ROOT 50000160 (kind=<system class>, name=java.lang.Cloneable)
ROOT 50000fce (kind=<system class>, name=java.lang.invoke.LambdaForm$Name[])
ROOT 50000f62 (kind=<system class>, name=java.lang.invoke.LambdaForm$Name)
ROOT 50000f62 (kind=<system class>, name=java.lang.invoke.LambdaForm$Name)
ROOT 50000f60 (kind=<system class>, name=java.lang.invoke.LambdaForm$BasicType[])
ROOT 50000f59 (kind=<system class>, name=java.lang.invoke.LambdaForm$BasicType)
ROOT 50000f59 (kind=<system class>, name=java.lang.invoke.LambdaForm$BasicType)
ROOT 50000f50 (kind=<system class>, name=java.lang.NoSuchMethodException)
ROOT 50000f3f (kind=<system class>, name=java.lang.reflect.Array)
ROOT 50000f3b (kind=<system class>, name=sun.invoke.util.ValueConversions)
ROOT 50000f39 (kind=<system class>, name=java.lang.invoke.LambdaForm[])
ROOT 50000122 (kind=<system class>, name=java.lang.invoke.LambdaForm)
ROOT 50000f38 (kind=<system class>, name=sun.invoke.util.VerifyAccess)
ROOT 50000f2b (kind=<system class>, name=sun.invoke.util.Wrapper[])
ROOT 50000b72 (kind=<system class>, name=sun.invoke.util.Wrapper)
ROOT 50000e12 (kind=<system class>, name=java.lang.Long[])
ROOT 50000100 (kind=<system class>, name=java.lang.Long)
ROOT 50000e11 (kind=<system class>, name=java.lang.Long$LongCache)
ROOT 50000d87 (kind=<system class>, name=java.lang.Character[])
ROOT 50000107 (kind=<system class>, name=java.lang.Character)
ROOT 50000d86 (kind=<system class>, name=java.lang.Character$CharacterCache)
ROOT 50000c80 (kind=<system class>, name=java.lang.Short[])
ROOT 50000102 (kind=<system class>, name=java.lang.Short)
ROOT 50000c7f (kind=<system class>, name=java.lang.Short$ShortCache)
ROOT 50000b79 (kind=<system class>, name=java.lang.Byte[])
ROOT 50000103 (kind=<system class>, name=java.lang.Byte)
ROOT 50000b78 (kind=<system class>, name=java.lang.Byte$ByteCache)
ROOT 50000b74 (kind=<system class>, name=sun.invoke.util.Wrapper$Format)
ROOT 50000b72 (kind=<system class>, name=sun.invoke.util.Wrapper)
ROOT 50000b70 (kind=<system class>, name=java.lang.invoke.MethodHandles)
ROOT 50000b68 (kind=<system class>, name=java.lang.ref.SoftReference[])
ROOT 50000149 (kind=<system class>, name=java.lang.ref.SoftReference)
ROOT 50000b5f (kind=<system class>, name=java.lang.invoke.MethodType$ConcurrentWeakInternSet$WeakEntry)
ROOT 50000b5b (kind=<system class>, name=java.lang.invoke.Invokers)
ROOT 50000b5a (kind=<system class>, name=java.lang.invoke.MethodTypeForm)
ROOT 50000b55 (kind=<system class>, name=java.lang.invoke.MethodType[])
ROOT 50000121 (kind=<system class>, name=java.lang.invoke.MethodType)
ROOT 50000b4f (kind=<system class>, name=java.lang.invoke.MethodType$ConcurrentWeakInternSet)
ROOT 50000b4e (kind=<system class>, name=java.lang.invoke.MethodHandles$Lookup)
ROOT 50000b4d (kind=<system class>, name=java.lang.invoke.LambdaMetafactory)
ROOT 50000b39 (kind=<system class>, name=java.lang.Void)
ROOT 50000b28 (kind=<system class>, name=java.lang.reflect.Method[])
ROOT 50000135 (kind=<system class>, name=java.lang.reflect.Method)
ROOT 50000b26 (kind=<system class>, name=java.lang.Class$MethodArray)
ROOT 50000b24 (kind=<system class>, name=sun.launcher.LauncherHelper$FXHelper)
ROOT 50000aea (kind=<system class>, name=java.security.BasicPermissionCollection)
ROOT 50000ae8 (kind=<system class>, name=java.security.UnresolvedPermission)
ROOT 50000ae7 (kind=<system class>, name=java.security.AllPermission)
ROOT 50000ad3 (kind=<system class>, name=java.io.FilePermissionCollection)
ROOT 50000aba (kind=<system class>, name=java.io.FilePermission$1)
ROOT 50000ab8 (kind=<system class>, name=java.io.FilePermission)
ROOT 50000ab4 (kind=<system class>, name=sun.net.www.MessageHeader)
ROOT 50000aaf (kind=<system class>, name=sun.net.www.protocol.file.FileURLConnection)
ROOT 50000aae (kind=<system class>, name=sun.net.www.URLConnection)
ROOT 50000aad (kind=<system class>, name=java.net.URLConnection)
ROOT 50000a87 (kind=<system class>, name=java.security.Permissions)
ROOT 50000a86 (kind=<system class>, name=java.security.PermissionCollection)
ROOT 50000a83 (kind=<system class>, name=java.io.FileInputStream$1)
ROOT 50000a7c (kind=<system class>, name=sun.nio.ByteBuffered)
ROOT 50000a67 (kind=<system class>, name=java.lang.Package)
ROOT 50000a63 (kind=<system class>, name=sun.misc.URLClassPath$FileLoader$1)
ROOT 50000a62 (kind=<system class>, name=sun.misc.Resource)
ROOT 50000a2f (kind=<system class>, name=sun.misc.URLClassPath$FileLoader)
ROOT 50000549 (kind=<system class>, name=java.util.LinkedList$Node)
ROOT 50000547 (kind=<system class>, name=java.util.LinkedList)
ROOT 50000546 (kind=<system class>, name=java.util.AbstractSequentialList)
ROOT 5000053d (kind=<system class>, name=java.nio.charset.CoderResult$2)
ROOT 5000053b (kind=<system class>, name=java.nio.charset.CoderResult$1)
ROOT 5000053a (kind=<system class>, name=java.nio.charset.CoderResult$Cache)
ROOT 50000536 (kind=<system class>, name=java.nio.charset.CoderResult)
ROOT 50000534 (kind=<system class>, name=java.nio.HeapCharBuffer)
ROOT 50000533 (kind=<system class>, name=java.nio.CharBuffer)
ROOT 50000526 (kind=<system class>, name=sun.nio.cs.StreamDecoder)
ROOT 50000524 (kind=<system class>, name=java.io.InputStreamReader)
ROOT 50000523 (kind=<system class>, name=java.io.BufferedReader)
ROOT 50000522 (kind=<system class>, name=java.io.Reader)
ROOT 50000521 (kind=<system class>, name=java.lang.Readable)
ROOT 500002d6 (kind=<system class>, name=sun.misc.IOUtils)
ROOT 500002cf (kind=<system class>, name=java.util.zip.ZipFile$ZipFileInflaterInputStream)
ROOT 500002ce (kind=<system class>, name=java.util.zip.InflaterInputStream)
ROOT 500002cc (kind=<system class>, name=java.util.zip.ZStreamRef)
ROOT 500002c8 (kind=<system class>, name=java.util.zip.Inflater)
ROOT 500002c5 (kind=<system class>, name=java.util.zip.ZipFile$ZipFileInputStream)
ROOT 500002c0 (kind=<system class>, name=java.util.jar.JarFile$JarFileEntry)
ROOT 500002bf (kind=<system class>, name=java.util.jar.JarEntry)
ROOT 500002b9 (kind=<system class>, name=java.util.zip.ZipEntry)
ROOT 50000288 (kind=<system class>, name=sun.misc.ExtensionDependency)
ROOT 50000280 (kind=<system class>, name=sun.misc.JarIndex)
ROOT 5000026f (kind=<system class>, name=java.nio.DirectLongBufferU)
ROOT 5000026e (kind=<system class>, name=java.nio.LongBuffer)
ROOT 5000026b (kind=<system class>, name=java.nio.DirectByteBuffer)
ROOT 5000026a (kind=<system class>, name=java.nio.MappedByteBuffer)
ROOT 50000269 (kind=<system class>, name=sun.nio.ch.DirectBuffer)
ROOT 50000267 (kind=<system class>, name=sun.misc.PerfCounter$CoreCounters)
ROOT 50000265 (kind=<system class>, name=sun.misc.Perf)
ROOT 50000263 (kind=<system class>, name=sun.misc.Perf$GetPerfAction)
ROOT 50000262 (kind=<system class>, name=sun.misc.PerfCounter)
ROOT 5000025c (kind=<system class>, name=java.util.zip.ZipCoder)
ROOT 50000259 (kind=<system class>, name=java.util.ArrayDeque)
ROOT 50000258 (kind=<system class>, name=java.util.Deque)
ROOT 50000257 (kind=<system class>, name=java.util.Queue)
ROOT 50000247 (kind=<system class>, name=sun.nio.cs.UTF_16)
ROOT 50000235 (kind=<system class>, name=sun.nio.cs.UTF_16LE)
ROOT 50000223 (kind=<system class>, name=sun.nio.cs.UTF_16BE)
ROOT 5000020d (kind=<system class>, name=sun.nio.cs.ISO_8859_1)
ROOT 50000201 (kind=<system class>, name=sun.nio.cs.US_ASCII)
ROOT 500001fd (kind=<system class>, name=java.nio.charset.StandardCharsets)
ROOT 500001f7 (kind=<system class>, name=java.util.jar.JavaUtilJarAccessImpl)
ROOT 500001f6 (kind=<system class>, name=sun.misc.JavaUtilJarAccess)
ROOT 500001f5 (kind=<system class>, name=java.util.jar.JarFile)
ROOT 500001ee (kind=<system class>, name=sun.misc.FileURLMapper)
ROOT 500001ec (kind=<system class>, name=sun.misc.URLClassPath$JarLoader$1)
ROOT 500001cb (kind=<system class>, name=java.util.zip.ZipFile$1)
ROOT 500001ca (kind=<system class>, name=sun.misc.JavaUtilZipFileAccess)
ROOT 500001c9 (kind=<system class>, name=java.util.zip.ZipFile)
ROOT 500001c8 (kind=<system class>, name=java.util.zip.ZipConstants)
ROOT 500001c7 (kind=<system class>, name=sun.misc.URLClassPath$JarLoader)
ROOT 500001c6 (kind=<system class>, name=sun.misc.URLClassPath$Loader)
ROOT 500001c4 (kind=<system class>, name=sun.misc.URLClassPath$3)
ROOT 500001be (kind=<system class>, name=sun.net.util.URLUtil)
ROOT 500001b8 (kind=<system class>, name=java.net.URLClassLoader$1)
ROOT 500001ac (kind=<system class>, name=sun.launcher.LauncherHelper[])
ROOT 500001aa (kind=<system class>, name=sun.launcher.LauncherHelper)
ROOT 500001aa (kind=<system class>, name=sun.launcher.LauncherHelper)
ROOT 500001a2 (kind=<system class>, name=java.lang.invoke.MethodHandleStatics$1)
ROOT 500001a0 (kind=<system class>, name=java.lang.invoke.MethodHandleStatics)
ROOT 5000019e (kind=<system class>, name=java.lang.invoke.MemberName$Factory)
ROOT 5000019a (kind=<system class>, name=java.lang.ClassValue$Version)
ROOT 50000198 (kind=<system class>, name=java.lang.ClassValue$Identity)
ROOT 50000193 (kind=<system class>, name=java.lang.ClassValue$Entry[])
ROOT 50000192 (kind=<system class>, name=java.lang.ClassValue$Entry)
ROOT 50000192 (kind=<system class>, name=java.lang.ClassValue$Entry)
ROOT 50000191 (kind=<system class>, name=java.lang.invoke.MethodHandleImpl$4)
ROOT 50000190 (kind=<system class>, name=java.lang.ClassValue)
ROOT 5000018c (kind=<system class>, name=java.lang.invoke.MethodHandle[])
ROOT 50000126 (kind=<system class>, name=java.lang.invoke.MethodHandle)
ROOT 5000018a (kind=<system class>, name=java.lang.invoke.MethodHandleImpl$3)
ROOT 50000188 (kind=<system class>, name=java.lang.invoke.MethodHandleImpl$2)
ROOT 50000187 (kind=<system class>, name=java.util.function.Function)
ROOT 5000017e (kind=<system class>, name=java.lang.invoke.MethodHandleImpl$1)
ROOT 5000017b (kind=<system class>, name=java.lang.invoke.MethodHandleImpl)
ROOT 50000001 (kind=<system class>, name=java.lang.SystemClassLoaderAction)
ROOT 50000002 (kind=<system class>, name=sun.misc.Launcher$AppClassLoader$1)
ROOT 50000003 (kind=<system class>, name=sun.net.www.protocol.jar.Handler)
ROOT 50000004 (kind=<system class>, name=sun.misc.URLClassPath)
ROOT 50000005 (kind=<system class>, name=java.util.HashSet)
ROOT 50000006 (kind=<system class>, name=java.security.Principal[])
ROOT 50000007 (kind=<system class>, name=java.security.Principal)
ROOT 50000007 (kind=<system class>, name=java.security.Principal)
ROOT 50000008 (kind=<system class>, name=java.security.ProtectionDomain$Key)
ROOT 50000009 (kind=<system class>, name=java.security.ProtectionDomain$2)
ROOT 5000000a (kind=<system class>, name=sun.misc.JavaSecurityProtectionDomainAccess)
ROOT 5000000b (kind=<system class>, name=java.security.ProtectionDomain$JavaSecurityAccessImpl)
ROOT 5000000c (kind=<system class>, name=sun.misc.JavaSecurityAccess)
ROOT 5000000d (kind=<system class>, name=java.net.URL[])
ROOT 50000110 (kind=<system class>, name=java.net.URL)
ROOT 5000000e (kind=<system class>, name=java.util.HashMap$TreeNode)
ROOT 5000000f (kind=<system class>, name=sun.net.www.protocol.file.Handler)
ROOT 50000010 (kind=<system class>, name=java.net.URLStreamHandler)
ROOT 50000011 (kind=<system class>, name=java.net.Parts)
ROOT 50000012 (kind=<system class>, name=java.lang.CharacterDataLatin1)
ROOT 50000013 (kind=<system class>, name=java.lang.CharacterData)
ROOT 50000014 (kind=<system class>, name=sun.util.locale.LocaleUtils)
ROOT 50000015 (kind=<system class>, name=java.util.Locale$LocaleKey)
ROOT 50000016 (kind=<system class>, name=sun.util.locale.LocaleObjectCache$CacheEntry)
ROOT 50000017 (kind=<system class>, name=sun.util.locale.BaseLocale$Key)
ROOT 50000018 (kind=<system class>, name=sun.util.locale.BaseLocale$Cache)
ROOT 50000019 (kind=<system class>, name=sun.util.locale.BaseLocale)
ROOT 5000001a (kind=<system class>, name=java.util.concurrent.ConcurrentHashMap$EntrySetView)
ROOT 5000001b (kind=<system class>, name=java.util.concurrent.ConcurrentHashMap$ValuesView)
ROOT 5000001c (kind=<system class>, name=java.util.concurrent.ConcurrentHashMap$KeySetView)
ROOT 5000001d (kind=<system class>, name=java.util.concurrent.ConcurrentHashMap$CollectionView)
ROOT 5000001e (kind=<system class>, name=java.util.concurrent.ConcurrentHashMap$CounterCell[])
ROOT 5000001f (kind=<system class>, name=java.util.concurrent.ConcurrentHashMap$CounterCell)
ROOT 5000001f (kind=<system class>, name=java.util.concurrent.ConcurrentHashMap$CounterCell)
ROOT 50000020 (kind=<system class>, name=java.util.concurrent.ConcurrentHashMap$Node[])
ROOT 50000021 (kind=<system class>, name=java.util.concurrent.ConcurrentHashMap$Node)
ROOT 50000021 (kind=<system class>, name=java.util.concurrent.ConcurrentHashMap$Node)
ROOT 50000022 (kind=<system class>, name=java.util.concurrent.ConcurrentHashMap$Segment[])
ROOT 50000025 (kind=<system class>, name=java.util.concurrent.ConcurrentHashMap$Segment)
ROOT 50000023 (kind=<system class>, name=java.util.concurrent.locks.ReentrantLock[])
ROOT 50000026 (kind=<system class>, name=java.util.concurrent.locks.ReentrantLock)
ROOT 50000024 (kind=<system class>, name=java.util.concurrent.locks.Lock[])
ROOT 50000027 (kind=<system class>, name=java.util.concurrent.locks.Lock)
ROOT 50000025 (kind=<system class>, name=java.util.concurrent.ConcurrentHashMap$Segment)
ROOT 50000026 (kind=<system class>, name=java.util.concurrent.locks.ReentrantLock)
ROOT 50000027 (kind=<system class>, name=java.util.concurrent.locks.Lock)
ROOT 50000028 (kind=<system class>, name=java.util.concurrent.ConcurrentHashMap)
ROOT 50000029 (kind=<system class>, name=java.util.concurrent.ConcurrentMap)
ROOT 5000002a (kind=<system class>, name=java.util.Locale$Cache)
ROOT 5000002b (kind=<system class>, name=sun.util.locale.LocaleObjectCache)
ROOT 5000002c (kind=<system class>, name=java.util.Locale)
ROOT 5000002d (kind=<system class>, name=java.util.BitSet)
ROOT 5000002e (kind=<system class>, name=sun.net.www.ParseUtil)
ROOT 5000002f (kind=<system class>, name=sun.misc.MetaIndex)
ROOT 50000030 (kind=<system class>, name=java.io.File[])
ROOT 50000112 (kind=<system class>, name=java.io.File)
ROOT 50000031 (kind=<system class>, name=java.util.StringTokenizer)
ROOT 50000032 (kind=<system class>, name=sun.misc.Launcher$ExtClassLoader$1)
ROOT 50000033 (kind=<system class>, name=java.net.URLClassLoader$7)
ROOT 50000034 (kind=<system class>, name=sun.misc.JavaNetAccess)
ROOT 50000035 (kind=<system class>, name=java.util.WeakHashMap$KeySet)
ROOT 50000036 (kind=<system class>, name=java.util.Collections$SetFromMap)
ROOT 50000037 (kind=<system class>, name=java.util.WeakHashMap$Entry[])
ROOT 50000038 (kind=<system class>, name=java.util.WeakHashMap$Entry)
ROOT 50000038 (kind=<system class>, name=java.util.WeakHashMap$Entry)
ROOT 50000039 (kind=<system class>, name=java.lang.ClassLoader$ParallelLoaders)
ROOT 5000003a (kind=<system class>, name=sun.security.util.Debug)
ROOT 5000003b (kind=<system class>, name=sun.misc.Launcher$Factory)
ROOT 5000003c (kind=<system class>, name=java.net.URLStreamHandlerFactory)
ROOT 5000003d (kind=<system class>, name=java.lang.Compiler$1)
ROOT 5000003e (kind=<system class>, name=java.lang.Compiler)
ROOT 5000003f (kind=<system class>, name=java.lang.IllegalArgumentException)
ROOT 50000040 (kind=<system class>, name=java.lang.System$2)
ROOT 50000041 (kind=<system class>, name=sun.misc.JavaLangAccess)
ROOT 50000042 (kind=<system class>, name=sun.misc.OSEnvironment)
ROOT 50000043 (kind=<system class>, name=java.lang.Integer[])
ROOT 50000101 (kind=<system class>, name=java.lang.Integer)
ROOT 50000044 (kind=<system class>, name=java.lang.Number[])
ROOT 50000106 (kind=<system class>, name=java.lang.Number)
ROOT 50000045 (kind=<system class>, name=java.lang.Integer$IntegerCache)
ROOT 50000046 (kind=<system class>, name=sun.misc.NativeSignalHandler)
ROOT 50000047 (kind=<system class>, name=sun.misc.Signal)
ROOT 50000048 (kind=<system class>, name=java.lang.Terminator$1)
ROOT 50000049 (kind=<system class>, name=sun.misc.SignalHandler)
ROOT 5000004a (kind=<system class>, name=java.lang.Terminator)
ROOT 5000004b (kind=<system class>, name=java.lang.ClassLoader$NativeLibrary)
ROOT 5000004c (kind=<system class>, name=java.util.LinkedHashMap$Entry)
ROOT 5000004d (kind=<system class>, name=java.io.ExpiringCache$Entry)
ROOT 5000004e (kind=<system class>, name=java.io.File$PathStatus[])
ROOT 50000054 (kind=<system class>, name=java.io.File$PathStatus)
ROOT 5000004f (kind=<system class>, name=java.lang.Enum[])
ROOT 50000055 (kind=<system class>, name=java.lang.Enum)
ROOT 50000050 (kind=<system class>, name=java.lang.ClassLoader$3)
ROOT 50000051 (kind=<system class>, name=java.lang.StringCoding$StringEncoder)
ROOT 50000052 (kind=<system class>, name=java.nio.file.Path)
ROOT 50000053 (kind=<system class>, name=java.nio.file.Watchable)
ROOT 50000054 (kind=<system class>, name=java.io.File$PathStatus)
ROOT 50000055 (kind=<system class>, name=java.lang.Enum)
ROOT 50000056 (kind=<system class>, name=java.io.ExpiringCache$1)
ROOT 50000057 (kind=<system class>, name=java.util.LinkedHashMap)
ROOT 50000058 (kind=<system class>, name=java.io.ExpiringCache)
ROOT 50000059 (kind=<system class>, name=java.io.UnixFileSystem)
ROOT 5000005a (kind=<system class>, name=java.io.FileSystem)
ROOT 5000005b (kind=<system class>, name=java.io.DefaultFileSystem)
ROOT 5000005c (kind=<system class>, name=java.io.BufferedWriter)
ROOT 5000005d (kind=<system class>, name=java.nio.Bits$1)
ROOT 5000005e (kind=<system class>, name=sun.misc.JavaNioAccess)
ROOT 5000005f (kind=<system class>, name=java.util.concurrent.atomic.AtomicLong)
ROOT 50000060 (kind=<system class>, name=java.nio.ByteOrder)
ROOT 50000061 (kind=<system class>, name=java.nio.Bits)
ROOT 50000062 (kind=<system class>, name=java.nio.HeapByteBuffer)
ROOT 50000063 (kind=<system class>, name=java.nio.ByteBuffer)
ROOT 50000064 (kind=<system class>, name=sun.nio.cs.UTF_8$Encoder)
ROOT 50000065 (kind=<system class>, name=java.nio.charset.CharsetEncoder)
ROOT 50000066 (kind=<system class>, name=sun.nio.cs.ArrayEncoder)
ROOT 50000067 (kind=<system class>, name=sun.security.action.GetPropertyAction)
ROOT 50000068 (kind=<system class>, name=sun.nio.cs.StreamEncoder)
ROOT 50000069 (kind=<system class>, name=java.io.OutputStreamWriter)
ROOT 5000006a (kind=<system class>, name=java.io.Writer)
ROOT 5000006b (kind=<system class>, name=java.io.BufferedOutputStream)
ROOT 5000006c (kind=<system class>, name=java.io.PrintStream)
ROOT 5000006d (kind=<system class>, name=java.io.FilterOutputStream)
ROOT 5000006e (kind=<system class>, name=sun.reflect.misc.ReflectUtil)
ROOT 5000006f (kind=<system class>, name=java.util.concurrent.atomic.AtomicReferenceFieldUpdater$AtomicReferenceFieldUpdaterImpl$1)
ROOT 50000070 (kind=<system class>, name=java.security.PrivilegedExceptionAction)
ROOT 50000071 (kind=<system class>, name=java.util.concurrent.atomic.AtomicReferenceFieldUpdater$AtomicReferenceFieldUpdaterImpl)
ROOT 50000072 (kind=<system class>, name=java.util.concurrent.atomic.AtomicReferenceFieldUpdater)
ROOT 50000073 (kind=<system class>, name=java.io.BufferedInputStream)
ROOT 50000074 (kind=<system class>, name=java.io.FilterInputStream)
ROOT 50000075 (kind=<system class>, name=java.io.FileOutputStream)
ROOT 50000076 (kind=<system class>, name=java.io.OutputStream)
ROOT 50000077 (kind=<system class>, name=java.io.Flushable)
ROOT 50000078 (kind=<system class>, name=java.io.FileDescriptor$1)
ROOT 50000079 (kind=<system class>, name=sun.misc.JavaIOFileDescriptorAccess)
ROOT 5000007a (kind=<system class>, name=java.io.FileDescriptor)
ROOT 5000007b (kind=<system class>, name=java.io.FileInputStream)
ROOT 5000007c (kind=<system class>, name=sun.misc.Version)
ROOT 5000007d (kind=<system class>, name=java.lang.Runtime)
ROOT 5000007e (kind=<system class>, name=java.util.Hashtable$Enumerator)
ROOT 5000007f (kind=<system class>, name=java.util.Iterator)
ROOT 50000080 (kind=<system class>, name=java.util.Enumeration)
ROOT 50000081 (kind=<system class>, name=java.util.Objects)
ROOT 50000082 (kind=<system class>, name=java.util.Collections$SynchronizedSet)
ROOT 50000083 (kind=<system class>, name=java.util.Collections$SynchronizedCollection)
ROOT 50000084 (kind=<system class>, name=java.util.Hashtable$EntrySet)
ROOT 50000085 (kind=<system class>, name=java.nio.charset.CodingErrorAction)
ROOT 50000086 (kind=<system class>, name=sun.nio.cs.UTF_8$Decoder)
ROOT 50000087 (kind=<system class>, name=java.nio.charset.CharsetDecoder)
ROOT 50000088 (kind=<system class>, name=sun.nio.cs.ArrayDecoder)
ROOT 50000089 (kind=<system class>, name=java.lang.StringCoding$StringDecoder)
ROOT 5000008a (kind=<system class>, name=java.lang.ThreadLocal$ThreadLocalMap$Entry[])
ROOT 5000008d (kind=<system class>, name=java.lang.ThreadLocal$ThreadLocalMap$Entry)
ROOT 5000008b (kind=<system class>, name=java.lang.ref.WeakReference[])
ROOT 50000148 (kind=<system class>, name=java.lang.ref.WeakReference)
ROOT 5000008c (kind=<system class>, name=java.lang.ref.Reference[])
ROOT 5000014a (kind=<system class>, name=java.lang.ref.Reference)
ROOT 5000008d (kind=<system class>, name=java.lang.ThreadLocal$ThreadLocalMap$Entry)
ROOT 5000008e (kind=<system class>, name=java.lang.ThreadLocal$ThreadLocalMap)
ROOT 5000008f (kind=<system class>, name=java.lang.StringCoding)
ROOT 50000090 (kind=<system class>, name=sun.reflect.DelegatingConstructorAccessorImpl)
ROOT 50000091 (kind=<system class>, name=sun.reflect.NativeConstructorAccessorImpl)
ROOT 50000092 (kind=<system class>, name=sun.reflect.ReflectionFactory$1)
ROOT 50000093 (kind=<system class>, name=java.lang.Class$1)
ROOT 50000094 (kind=<system class>, name=java.lang.reflect.Constructor[])
ROOT 50000134 (kind=<system class>, name=java.lang.reflect.Constructor)
ROOT 50000095 (kind=<system class>, name=java.lang.reflect.Executable[])
ROOT 50000136 (kind=<system class>, name=java.lang.reflect.Executable)
ROOT 50000096 (kind=<system class>, name=sun.nio.cs.UTF_8)
ROOT 50000097 (kind=<system class>, name=sun.nio.cs.Unicode)
ROOT 50000098 (kind=<system class>, name=sun.nio.cs.HistoricallyNamedCharset)
ROOT 50000099 (kind=<system class>, name=java.util.Arrays)
ROOT 5000009a (kind=<system class>, name=java.lang.reflect.ReflectAccess)
ROOT 5000009b (kind=<system class>, name=sun.reflect.LangReflectAccess)
ROOT 5000009c (kind=<system class>, name=java.lang.reflect.Modifier)
ROOT 5000009d (kind=<system class>, name=java.lang.ClassValue$ClassValueMap)
ROOT 5000009e (kind=<system class>, name=java.util.WeakHashMap)
ROOT 5000009f (kind=<system class>, name=sun.reflect.annotation.AnnotationType)
ROOT 500000a0 (kind=<system class>, name=java.lang.Class$AnnotationData)
ROOT 500000a1 (kind=<system class>, name=sun.reflect.generics.repository.ClassRepository)
ROOT 500000a2 (kind=<system class>, name=sun.reflect.generics.repository.GenericDeclRepository)
ROOT 500000a3 (kind=<system class>, name=sun.reflect.generics.repository.AbstractRepository)
ROOT 500000a4 (kind=<system class>, name=java.lang.reflect.Field[])
ROOT 50000138 (kind=<system class>, name=java.lang.reflect.Field)
ROOT 500000a5 (kind=<system class>, name=java.lang.reflect.Member[])
ROOT 50000139 (kind=<system class>, name=java.lang.reflect.Member)
ROOT 500000a6 (kind=<system class>, name=java.lang.reflect.AccessibleObject[])
ROOT 5000013a (kind=<system class>, name=java.lang.reflect.AccessibleObject)
ROOT 500000a7 (kind=<system class>, name=java.lang.Class$Atomic)
ROOT 500000a8 (kind=<system class>, name=java.lang.Class$ReflectionData)
ROOT 500000a9 (kind=<system class>, name=java.lang.Class$3)
ROOT 500000aa (kind=<system class>, name=java.util.concurrent.atomic.AtomicInteger)
ROOT 500000ab (kind=<system class>, name=java.lang.ThreadLocal)
ROOT 500000ac (kind=<system class>, name=sun.nio.cs.StandardCharsets$Cache)
ROOT 500000ad (kind=<system class>, name=sun.nio.cs.StandardCharsets$Classes)
ROOT 500000ae (kind=<system class>, name=sun.nio.cs.StandardCharsets$Aliases)
ROOT 500000af (kind=<system class>, name=sun.util.PreHashedMap)
ROOT 500000b0 (kind=<system class>, name=sun.nio.cs.StandardCharsets)
ROOT 500000b1 (kind=<system class>, name=sun.nio.cs.FastCharsetProvider)
ROOT 500000b2 (kind=<system class>, name=java.nio.charset.spi.CharsetProvider)
ROOT 500000b3 (kind=<system class>, name=java.nio.charset.Charset)
ROOT 500000b4 (kind=<system class>, name=java.lang.ref.Finalizer$FinalizerThread)
ROOT 500000b5 (kind=<system class>, name=java.lang.Math)
ROOT 500000b6 (kind=<system class>, name=java.util.Hashtable$Entry[])
ROOT 500000b7 (kind=<system class>, name=java.util.Hashtable$Entry)
ROOT 500000b7 (kind=<system class>, name=java.util.Hashtable$Entry)
ROOT 500000b8 (kind=<system class>, name=sun.misc.VM)
ROOT 500000b9 (kind=<system class>, name=java.util.HashMap$Node[])
ROOT 500000bb (kind=<system class>, name=java.util.HashMap$Node)
ROOT 500000ba (kind=<system class>, name=java.util.Map$Entry[])
ROOT 500000bc (kind=<system class>, name=java.util.Map$Entry)
ROOT 500000bb (kind=<system class>, name=java.util.HashMap$Node)
ROOT 500000bc (kind=<system class>, name=java.util.Map$Entry)
ROOT 500000bd (kind=<system class>, name=java.util.HashMap)
ROOT 500000be (kind=<system class>, name=sun.reflect.Reflection)
ROOT 500000bf (kind=<system class>, name=java.lang.String[])
ROOT 50000165 (kind=<system class>, name=java.lang.String)
ROOT 500000c0 (kind=<system class>, name=java.lang.CharSequence[])
ROOT 50000166 (kind=<system class>, name=java.lang.CharSequence)
ROOT 500000c1 (kind=<system class>, name=java.lang.NoSuchMethodError)
ROOT 500000c2 (kind=<system class>, name=java.lang.IncompatibleClassChangeError)
ROOT 500000c3 (kind=<system class>, name=sun.misc.SharedSecrets)
ROOT 500000c4 (kind=<system class>, name=java.lang.ref.Reference$1)
ROOT 500000c5 (kind=<system class>, name=sun.misc.JavaLangRefAccess)
ROOT 500000c6 (kind=<system class>, name=java.lang.Thread[])
ROOT 50000141 (kind=<system class>, name=java.lang.Thread)
ROOT 500000c7 (kind=<system class>, name=java.lang.Runnable[])
ROOT 50000142 (kind=<system class>, name=java.lang.Runnable)
ROOT 500000c8 (kind=<system class>, name=java.lang.ref.ReferenceQueue$Lock)
ROOT 500000c9 (kind=<system class>, name=java.lang.ref.ReferenceQueue$Null)
ROOT 500000ca (kind=<system class>, name=java.util.Collections$UnmodifiableRandomAccessList)
ROOT 500000cb (kind=<system class>, name=java.util.Collections$UnmodifiableList)
ROOT 500000cc (kind=<system class>, name=java.util.Collections$UnmodifiableCollection)
ROOT 500000cd (kind=<system class>, name=java.util.Collections$EmptyMap)
ROOT 500000ce (kind=<system class>, name=java.util.AbstractMap)
ROOT 500000cf (kind=<system class>, name=java.util.Collections$EmptyList)
ROOT 500000d0 (kind=<system class>, name=java.util.Collections$EmptySet)
ROOT 500000d1 (kind=<system class>, name=java.util.AbstractSet)
ROOT 500000d2 (kind=<system class>, name=java.util.Set)
ROOT 500000d3 (kind=<system class>, name=java.util.Collections)
ROOT 500000d4 (kind=<system class>, name=java.util.ArrayList)
ROOT 500000d5 (kind=<system class>, name=java.lang.InterruptedException)
ROOT 500000d6 (kind=<system class>, name=java.lang.ref.Reference$ReferenceHandler)
ROOT 500000d7 (kind=<system class>, name=java.lang.ref.Reference$Lock)
ROOT 500000d8 (kind=<system class>, name=sun.reflect.ReflectionFactory)
ROOT 500000d9 (kind=<system class>, name=java.util.Stack)
ROOT 500000da (kind=<system class>, name=java.util.Vector)
ROOT 500000db (kind=<system class>, name=java.util.AbstractList)
ROOT 500000dc (kind=<system class>, name=java.util.AbstractCollection)
ROOT 500000dd (kind=<system class>, name=java.util.RandomAccess)
ROOT 500000de (kind=<system class>, name=java.util.List)
ROOT 500000df (kind=<system class>, name=java.util.Collection)
ROOT 500000e0 (kind=<system class>, name=java.lang.Iterable)
ROOT 500000e1 (kind=<system class>, name=java.security.cert.Certificate[])
ROOT 500000e2 (kind=<system class>, name=java.security.cert.Certificate)
ROOT 500000e2 (kind=<system class>, name=java.security.cert.Certificate)
ROOT 500000e3 (kind=<system class>, name=sun.reflect.ReflectionFactory$GetReflectionFactoryAction)
ROOT 500000e4 (kind=<system class>, name=java.security.PrivilegedAction)
ROOT 500000e5 (kind=<system class>, name=java.lang.reflect.ReflectPermission)
ROOT 500000e6 (kind=<system class>, name=java.security.AccessController)
ROOT 500000e7 (kind=<system class>, name=java.lang.RuntimePermission)
ROOT 500000e8 (kind=<system class>, name=java.security.BasicPermission)
ROOT 500000e9 (kind=<system class>, name=java.security.Permission)
ROOT 500000ea (kind=<system class>, name=java.security.Guard)
ROOT 500000eb (kind=<system class>, name=java.lang.StackTraceElement[])
ROOT 5000010a (kind=<system class>, name=java.lang.StackTraceElement)
ROOT 500000ec (kind=<system class>, name=java.lang.ThreadGroup[])
ROOT 5000013f (kind=<system class>, name=java.lang.ThreadGroup)
ROOT 500000ed (kind=<system class>, name=java.lang.Thread$UncaughtExceptionHandler[])
ROOT 50000140 (kind=<system class>, name=java.lang.Thread$UncaughtExceptionHandler)
ROOT 500000ee (kind=<system class>, name=com.sun.demo.jvmti.hprof.Tracker)
ROOT 500000ef (kind=<system class>, name=java.lang.String$CaseInsensitiveComparator)
ROOT 500000f0 (kind=<system class>, name=java.util.Comparator)
ROOT 500000f1 (kind=<system class>, name=java.io.ObjectStreamField[])
ROOT 500000f3 (kind=<system class>, name=java.io.ObjectStreamField)
ROOT 500000f2 (kind=<system class>, name=java.lang.Comparable[])
ROOT 50000167 (kind=<system class>, name=java.lang.Comparable)
ROOT 500000f3 (kind=<system class>, name=java.io.ObjectStreamField)
ROOT 500000f4 (kind=<system class>, name=java.lang.OutOfMemoryError[])
ROOT 5000014d (kind=<system class>, name=java.lang.OutOfMemoryError)
ROOT 500000f5 (kind=<system class>, name=java.lang.VirtualMachineError[])
ROOT 5000014e (kind=<system class>, name=java.lang.VirtualMachineError)
ROOT 500000f6 (kind=<system class>, name=java.lang.Error[])
ROOT 5000015c (kind=<system class>, name=java.lang.Error)
ROOT 500000f7 (kind=<system class>, name=java.lang.Throwable[])
ROOT 5000015d (kind=<system class>, name=java.lang.Throwable)
ROOT 500000f8 (kind=<system class>, name=java.lang.ArithmeticException)
ROOT 500000f9 (kind=<system class>, name=java.lang.NullPointerException)
ROOT 500000fa (kind=<system class>, name=java.lang.Class[])
ROOT 50000161 (kind=<system class>, name=java.lang.Class)
ROOT 500000fb (kind=<system class>, name=java.io.Serializable[])
ROOT 50000168 (kind=<system class>, name=java.io.Serializable)
ROOT 500000fc (kind=<system class>, name=java.lang.reflect.GenericDeclaration[])
ROOT 50000163 (kind=<system class>, name=java.lang.reflect.GenericDeclaration)
ROOT 500000fd (kind=<system class>, name=java.lang.reflect.AnnotatedElement[])
ROOT 50000164 (kind=<system class>, name=java.lang.reflect.AnnotatedElement)
ROOT 500000fe (kind=<system class>, name=java.lang.reflect.Type[])
ROOT 50000162 (kind=<system class>, name=java.lang.reflect.Type)
ROOT 500000ff (kind=<system class>, name=java.lang.Object[])
ROOT 50000169 (kind=<system class>, name=java.lang.Object)
ROOT 50000100 (kind=<system class>, name=java.lang.Long)
ROOT 50000101 (kind=<system class>, name=java.lang.Integer)
ROOT 50000102 (kind=<system class>, name=java.lang.Short)
ROOT 50000103 (kind=<system class>, name=java.lang.Byte)
ROOT 50000104 (kind=<system class>, name=java.lang.Double)
ROOT 50000105 (kind=<system class>, name=java.lang.Float)
ROOT 50000106 (kind=<system class>, name=java.lang.Number)
ROOT 50000107 (kind=<system class>, name=java.lang.Character)
ROOT 50000108 (kind=<system class>, name=java.lang.Boolean)
ROOT 50000109 (kind=<system class>, name=java.nio.Buffer)
ROOT 5000010a (kind=<system class>, name=java.lang.StackTraceElement)
ROOT 5000010b (kind=<system class>, name=java.security.CodeSource)
ROOT 5000010c (kind=<system class>, name=sun.misc.Launcher$ExtClassLoader)
ROOT 5000010d (kind=<system class>, name=sun.misc.Launcher$AppClassLoader)
ROOT 5000010e (kind=<system class>, name=sun.misc.Launcher)
ROOT 5000010f (kind=<system class>, name=java.util.jar.Manifest)
ROOT 50000110 (kind=<system class>, name=java.net.URL)
ROOT 50000111 (kind=<system class>, name=java.net.URLClassLoader)
ROOT 50000112 (kind=<system class>, name=java.io.File)
ROOT 50000113 (kind=<system class>, name=java.io.ByteArrayInputStream)
ROOT 50000114 (kind=<system class>, name=java.io.InputStream)
ROOT 50000115 (kind=<system class>, name=java.io.Closeable)
ROOT 50000116 (kind=<system class>, name=java.lang.AutoCloseable)
ROOT 50000117 (kind=<system class>, name=sun.misc.Unsafe)
ROOT 50000118 (kind=<system class>, name=java.lang.StringBuilder)
ROOT 50000119 (kind=<system class>, name=java.lang.StringBuffer)
ROOT 5000011a (kind=<system class>, name=java.lang.AbstractStringBuilder)
ROOT 5000011b (kind=<system class>, name=java.lang.Appendable)
ROOT 5000011c (kind=<system class>, name=java.lang.invoke.VolatileCallSite)
ROOT 5000011d (kind=<system class>, name=java.lang.invoke.MutableCallSite)
ROOT 5000011e (kind=<system class>, name=java.lang.invoke.ConstantCallSite)
ROOT 5000011f (kind=<system class>, name=java.lang.invoke.CallSite)
ROOT 50000120 (kind=<system class>, name=java.lang.BootstrapMethodError)
ROOT 50000121 (kind=<system class>, name=java.lang.invoke.MethodType)
ROOT 50000122 (kind=<system class>, name=java.lang.invoke.LambdaForm)
ROOT 50000123 (kind=<system class>, name=java.lang.invoke.MethodHandleNatives)
ROOT 50000124 (kind=<system class>, name=java.lang.invoke.MemberName)
ROOT 50000125 (kind=<system class>, name=java.lang.invoke.DirectMethodHandle)
ROOT 50000126 (kind=<system class>, name=java.lang.invoke.MethodHandle)
ROOT 50000127 (kind=<system class>, name=sun.reflect.CallerSensitive)
ROOT 50000128 (kind=<system class>, name=java.lang.annotation.Annotation)
ROOT 50000129 (kind=<system class>, name=sun.reflect.UnsafeStaticFieldAccessorImpl)
ROOT 5000012a (kind=<system class>, name=sun.reflect.UnsafeFieldAccessorImpl)
ROOT 5000012b (kind=<system class>, name=sun.reflect.FieldAccessorImpl)
ROOT 5000012c (kind=<system class>, name=sun.reflect.FieldAccessor)
ROOT 5000012d (kind=<system class>, name=sun.reflect.ConstantPool)
ROOT 5000012e (kind=<system class>, name=sun.reflect.DelegatingClassLoader)
ROOT 5000012f (kind=<system class>, name=sun.reflect.ConstructorAccessorImpl)
ROOT 50000130 (kind=<system class>, name=sun.reflect.ConstructorAccessor)
ROOT 50000131 (kind=<system class>, name=sun.reflect.MethodAccessorImpl)
ROOT 50000132 (kind=<system class>, name=sun.reflect.MethodAccessor)
ROOT 50000133 (kind=<system class>, name=sun.reflect.MagicAccessorImpl)
ROOT 50000134 (kind=<system class>, name=java.lang.reflect.Constructor)
ROOT 50000135 (kind=<system class>, name=java.lang.reflect.Method)
ROOT 50000136 (kind=<system class>, name=java.lang.reflect.Executable)
ROOT 50000137 (kind=<system class>, name=java.lang.reflect.Parameter)
ROOT 50000138 (kind=<system class>, name=java.lang.reflect.Field)
ROOT 50000139 (kind=<system class>, name=java.lang.reflect.Member)
ROOT 5000013a (kind=<system class>, name=java.lang.reflect.AccessibleObject)
ROOT 5000013b (kind=<system class>, name=java.util.Properties)
ROOT 5000013c (kind=<system class>, name=java.util.Hashtable)
ROOT 5000013d (kind=<system class>, name=java.util.Dictionary)
ROOT 5000013e (kind=<system class>, name=java.util.Map)
ROOT 5000013f (kind=<system class>, name=java.lang.ThreadGroup)
ROOT 50000140 (kind=<system class>, name=java.lang.Thread$UncaughtExceptionHandler)
ROOT 50000141 (kind=<system class>, name=java.lang.Thread)
ROOT 50000142 (kind=<system class>, name=java.lang.Runnable)
ROOT 50000143 (kind=<system class>, name=java.lang.ref.ReferenceQueue)
ROOT 50000144 (kind=<system class>, name=java.lang.ref.Finalizer)
ROOT 50000145 (kind=<system class>, name=sun.misc.Cleaner)
ROOT 50000146 (kind=<system class>, name=java.lang.ref.PhantomReference)
ROOT 50000147 (kind=<system class>, name=java.lang.ref.FinalReference)
ROOT 50000148 (kind=<system class>, name=java.lang.ref.WeakReference)
ROOT 50000149 (kind=<system class>, name=java.lang.ref.SoftReference)
ROOT 5000014a (kind=<system class>, name=java.lang.ref.Reference)
ROOT 5000014b (kind=<system class>, name=java.lang.IllegalMonitorStateException)
ROOT 5000014c (kind=<system class>, name=java.lang.StackOverflowError)
ROOT 5000014d (kind=<system class>, name=java.lang.OutOfMemoryError)
ROOT 5000014e (kind=<system class>, name=java.lang.VirtualMachineError)
ROOT 5000014f (kind=<system class>, name=java.lang.ArrayStoreException)
ROOT 50000150 (kind=<system class>, name=java.lang.ClassCastException)
ROOT 50000151 (kind=<system class>, name=java.lang.NoClassDefFoundError)
ROOT 50000152 (kind=<system class>, name=java.lang.LinkageError)
ROOT 50000153 (kind=<system class>, name=java.lang.ClassNotFoundException)
ROOT 50000154 (kind=<system class>, name=java.lang.ReflectiveOperationException)
ROOT 50000155 (kind=<system class>, name=java.security.SecureClassLoader)
ROOT 50000156 (kind=<system class>, name=java.security.AccessControlContext)
ROOT 50000157 (kind=<system class>, name=java.security.ProtectionDomain)
ROOT 50000158 (kind=<system class>, name=java.lang.SecurityManager)
ROOT 50000159 (kind=<system class>, name=java.lang.RuntimeException)
ROOT 5000015a (kind=<system class>, name=java.lang.Exception)
ROOT 5000015b (kind=<system class>, name=java.lang.ThreadDeath)
ROOT 5000015c (kind=<system class>, name=java.lang.Error)
ROOT 5000015d (kind=<system class>, name=java.lang.Throwable)
ROOT 5000015e (kind=<system class>, name=java.lang.System)
ROOT 5000015f (kind=<system class>, name=java.lang.ClassLoader)
ROOT 50000160 (kind=<system class>, name=java.lang.Cloneable)
ROOT 50000161 (kind=<system class>, name=java.lang.Class)
ROOT 50000162 (kind=<system class>, name=java.lang.reflect.Type)
ROOT 50000163 (kind=<system class>, name=java.lang.reflect.GenericDeclaration)
ROOT 50000164 (kind=<system class>, name=java.lang.reflect.AnnotatedElement)
ROOT 50000165 (kind=<system class>, name=java.lang.String)
ROOT 50000166 (kind=<system class>, name=java.lang.CharSequence)
ROOT 50000167 (kind=<system class>, name=java.lang.Comparable)
ROOT 50000168 (kind=<system class>, name=java.io.Serializable)
ROOT 50000169 (kind=<system class>, name=java.lang.Object)
ROOT 5000016a (kind=<system class>, name=long[])
ROOT 50006299 (kind=<system class>, name=java.lang.Class)
ROOT 5000016b (kind=<system class>, name=int[])
ROOT 5000629a (kind=<system class>, name=java.lang.Class)
ROOT 5000016c (kind=<system class>, name=short[])
ROOT 5000629b (kind=<system class>, name=java.lang.Class)
ROOT 5000016d (kind=<system class>, name=byte[])
ROOT 5000629c (kind=<system class>, name=java.lang.Class)
ROOT 5000016e (kind=<system class>, name=double[])
ROOT 5000629d (kind=<system class>, name=java.lang.Class)
ROOT 5000016f (kind=<system class>, name=float[])
ROOT 5000629e (kind=<system class>, name=java.lang.Class)
ROOT 50000170 (kind=<system class>, name=char[])
ROOT 5000629f (kind=<system class>, name=java.lang.Class)
ROOT 50000171 (kind=<system class>, name=boolean[])
ROOT 500062a0 (kind=<system class>, name=java.lang.Class)
ROOT 50006185 (kind=<busy monitor>)
ROOT 50006182 (kind=<busy monitor>)
ROOT 5000629a (kind=<unknown>)
ROOT 5000629e (kind=<unknown>)
ROOT 5000629d (kind=<unknown>)
ROOT 5000629c (kind=<unknown>)
ROOT 500062a0 (kind=<unknown>)
ROOT 5000629f (kind=<unknown>)
ROOT 50006299 (kind=<unknown>)
ROOT 5000629b (kind=<unknown>)
ROOT 500062a1 (kind=<unknown>)
ROOT 500062a0 (kind=<unknown>)
ROOT 5000629f (kind=<unknown>)
ROOT 5000629e (kind=<unknown>)
ROOT 5000629d (kind=<unknown>)
ROOT 5000629c (kind=<unknown>)
ROOT 5000629b (kind=<unknown>)
ROOT 5000629a (kind=<unknown>)
ROOT 50006299 (kind=<unknown>)
ROOT 500062a1 (kind=<unknown>)
ROOT 500062a2 (kind=<unknown>)
ROOT 500062a3 (kind=<unknown>)
ROOT 500062a4 (kind=<unknown>)
ROOT 500062a5 (kind=<unknown>)
ROOT 500062a6 (kind=<unknown>)
ROOT 500062a7 (kind=<unknown>)
ROOT 500062a8 (kind=<unknown>)
ROOT 500062a9 (kind=<unknown>)
ROOT 500062aa (kind=<unknown>)
ROOT 500062ab (kind=<unknown>)
ROOT 500062ac (kind=<unknown>)
ROOT 500062ad (kind=<unknown>)
ROOT 500062ae (kind=<unknown>)
ROOT 500062af (kind=<unknown>)
ROOT 500062b0 (kind=<unknown>)
ROOT 500062b1 (kind=<unknown>)
ROOT 50000028 (kind=<unknown>)
ROOT 500062b2 (kind=<unknown>)
ROOT 500062b2 (kind=<unknown>)
ROOT 500000ee (kind=<unknown>)
ROOT 500062b3 (kind=<unknown>)
ROOT 500000b8 (kind=<unknown>)
ROOT 500000b8 (kind=<unknown>)
ROOT 500062b4 (kind=<unknown>)
ROOT 500000ee (kind=<unknown>)
ROOT 500000ee (kind=<unknown>)
ROOT 500011de (kind=<unknown>)
ROOT 500062b5 (kind=<unknown>)
ROOT 500062a3 (kind=<unknown>)
ROOT 500062b5 (kind=<unknown>)
ROOT 500000ff (kind=<unknown>)
ROOT 500000ee (kind=<unknown>)
ROOT 500000ff (kind=<unknown>)
ROOT 500000ee (kind=<unknown>)
ROOT 500062b6 (kind=<unknown>)
ROOT 500062b6 (kind=<unknown>)
ROOT 50000169 (kind=<unknown>)
ROOT 50000169 (kind=<unknown>)
ROOT 50000b39 (kind=<unknown>)
ROOT 50001200 (kind=<unknown>)
ROOT 5000629a (kind=<unknown>)
ROOT 500000ee (kind=<unknown>)
ROOT 500062b3 (kind=<unknown>)
ROOT 5000015e (kind=<unknown>)
ROOT 5000015e (kind=<unknown>)
ROOT 5000015e (kind=<unknown>)
ROOT 5000015e (kind=<unknown>)
ROOT 50000f3f (kind=<unknown>)
ROOT 500000ee (kind=<unknown>)
ROOT 500000ee (kind=<unknown>)
ROOT 50000f23 (kind=<unknown>)
ROOT 50000f23 (kind=<unknown>)
ROOT 50000f64 (kind=<unknown>)
ROOT 50000143 (kind=<unknown>)
ROOT 500000ee (kind=<unknown>)
ROOT 500000ee (kind=<unknown>)
ROOT 500062b3 (kind=<unknown>)
ROOT 500062b7 (kind=<unknown>)
ROOT 50000f5b (kind=<unknown>)
ROOT 50000f5f (kind=<unknown>)
ROOT 50000f5a (kind=<unknown>)
ROOT 50000f5c (kind=<unknown>)
ROOT 50000f5b (kind=<unknown>)
ROOT 50000f5d (kind=<unknown>)
ROOT 50000f5e (kind=<unknown>)
ROOT 500062b8 (kind=<unknown>)
ROOT 500062b7 (kind=<unknown>)
ROOT 500062b8 (kind=<unknown>)
ROOT 50000f5a (kind=<unknown>)
ROOT 50000f5a (kind=<unknown>)
ROOT 50000f2e (kind=<unknown>)
ROOT 50000f5a (kind=<unknown>)
ROOT 50000f5a (kind=<unknown>)
ROOT 50000f2e (kind=<unknown>)
ROOT 50000169 (kind=<unknown>)
ROOT 5000015e (kind=<unknown>)
ROOT 5000015e (kind=<unknown>)
ROOT 5000015e (kind=<unknown>)
ROOT 5000015e (kind=<unknown>)
ROOT 500062b9 (kind=<unknown>)
ROOT 500062b9 (kind=<unknown>)
ROOT 500011bf (kind=<unknown>)
ROOT 50000f5a (kind=<unknown>)
ROOT 500011de (kind=<unknown>)
ROOT 500062ba (kind=<unknown>)
ROOT 500062a3 (kind=<unknown>)
ROOT 500062bb (kind=<unknown>)
ROOT 500062a3 (kind=<unknown>)
ROOT 50000169 (kind=<unknown>)
ROOT 5000629a (kind=<unknown>)
ROOT 500062ba (kind=<unknown>)
ROOT 500062bb (kind=<unknown>)
ROOT 500062a1 (kind=<unknown>)
ROOT 5000629d (kind=<unknown>)
ROOT 50006299 (kind=<unknown>)
ROOT 500062bc (kind=<unknown>)
ROOT 500062bd (kind=<unknown>)
ROOT 500062bc (kind=<unknown>)
ROOT 500062bd (kind=<unknown>)
ROOT 500000ee (kind=<unknown>)
ROOT 500000ee (kind=<unknown>)
ROOT 50000b50 (kind=<unknown>)
ROOT 50000b54 (kind=<unknown>)
ROOT 50000b50 (kind=<unknown>)
ROOT 50000b50 (kind=<unknown>)
ROOT 50000169 (kind=<unknown>)
ROOT 500062be (kind=<unknown>)
ROOT 5000015e (kind=<unknown>)
ROOT 5000015e (kind=<unknown>)
ROOT 50000169 (kind=<unknown>)
ROOT 5000015e (kind=<unknown>)
ROOT 5000015e (kind=<unknown>)
ROOT 50000126 (kind=<unknown>)
ROOT 50001172 (kind=<unknown>)
ROOT 500062be (kind=<unknown>)
ROOT 50000169 (kind=<unknown>)
ROOT 500000ee (kind=<unknown>)
ROOT 500011b4 (kind=<unknown>)
ROOT 500011b3 (kind=<unknown>)
ROOT 500011b7 (kind=<unknown>)
ROOT 500011ba (kind=<unknown>)
ROOT 500011b8 (kind=<unknown>)
ROOT 500011b9 (kind=<unknown>)
ROOT 500011bb (kind=<unknown>)
ROOT 500011b5 (kind=<unknown>)
ROOT 500011b6 (kind=<unknown>)
ROOT 50000f64 (kind=<unknown>)
ROOT 50000f5a (kind=<unknown>)
ROOT 500062bf (kind=<unknown>)
ROOT 500062c0 (kind=<unknown>)
ROOT 500062c1 (kind=<unknown>)
ROOT 500062c2 (kind=<unknown>)
ROOT 500062c3 (kind=<unknown>)
ROOT 50000143 (kind=<unknown>)
ROOT 500000ee (kind=<unknown>)
ROOT 500062c4 (kind=<unknown>)
ROOT 500062a3 (kind=<unknown>)
ROOT 500062a1 (kind=<unknown>)
ROOT 50000b54 (kind=<unknown>)
ROOT 500062a1 (kind=<unknown>)
ROOT 500062c4 (kind=<unknown>)
ROOT 500000ee (kind=<unknown>)
ROOT 500062b3 (kind=<unknown>)
ROOT 500062a1 (kind=<unknown>)
ROOT 500062bd (kind=<unknown>)
ROOT 500062bd (kind=<unknown>)
ROOT 5000015e (kind=<unknown>)
ROOT 500062c5 (kind=<unknown>)
ROOT 500062c5 (kind=<unknown>)
ROOT 500000ee (kind=<unknown>)
ROOT 500062bc (kind=<unknown>)
ROOT 500062bc (kind=<unknown>)
ROOT 50000169 (kind=<unknown>)
ROOT 50000f2e (kind=<unknown>)
ROOT 500062a1 (kind=<unknown>)
ROOT 5000629a (kind=<unknown>)
ROOT 50006299 (kind=<unknown>)
ROOT 5000629e (kind=<unknown>)
ROOT 5000629d (kind=<unknown>)
ROOT 50006299 (kind=<unknown>)
ROOT 5000629a (kind=<unknown>)
ROOT 50006299 (kind=<unknown>)
ROOT 5000629d (kind=<unknown>)
ROOT 50006299 (kind=<unknown>)
ROOT 5000629a (kind=<unknown>)
ROOT 50006299 (kind=<unknown>)
ROOT 5000629a (kind=<unknown>)
ROOT 5000629a (kind=<unknown>)
ROOT 50000b39 (kind=<unknown>)
ROOT 50000169 (kind=<unknown>)
ROOT 50000f2e (kind=<unknown>)
ROOT 500000ee (kind=<unknown>)
ROOT 500062b3 (kind=<unknown>)
ROOT 500000ee (kind=<unknown>)
ROOT 50000143 (kind=<unknown>)
ROOT 500000ee (kind=<unknown>)
ROOT 500000ee (kind=<unknown>)
ROOT 500000ee (kind=<unknown>)
ROOT 500062b3 (kind=<unknown>)
ROOT 500000ee (kind=<unknown>)
ROOT 500000ee (kind=<unknown>)
ROOT 500062b3 (kind=<unknown>)
ROOT 5000015e (kind=<unknown>)
ROOT 5000015e (kind=<unknown>)
ROOT 500000ee (kind=<unknown>)
ROOT 50000143 (kind=<unknown>)
ROOT 500062b3 (kind=<unknown>)
ROOT 500000ee (kind=<unknown>)
ROOT 500062b3 (kind=<unknown>)
ROOT 5000015e (kind=<unknown>)
ROOT 50000523 (kind=<unknown>)
ROOT 500062c6 (kind=<unknown>)
ROOT 500000ee (kind=<unknown>)
ROOT 500062c7 (kind=<unknown>)
ROOT 500062b3 (kind=<unknown>)
ROOT 500000ee (kind=<unknown>)
ROOT 500062b6 (kind=<unknown>)
ROOT 500062b6 (kind=<unknown>)
ROOT 500000ee (kind=<unknown>)
ROOT 500000ee (kind=<unknown>)
ROOT 500000ee (kind=<unknown>)
ROOT 500000ee (kind=<unknown>)
ROOT 500062b3 (kind=<unknown>)
ROOT 5000015e (kind=<unknown>)
ROOT 500000ee (kind=<unknown>)
ROOT 500062b3 (kind=<unknown>)
ROOT 500000ee (kind=<unknown>)
ROOT 500062b3 (kind=<unknown>)
ROOT 50000141 (kind=<unknown>)
OBJ 50000172 (sz=376, trace=300000, class=java.lang.Thread@50000141)
OBJ 50000173 (sz=376, trace=300001, class=java.lang.Thread@50000141)
OBJ 50000174 (sz=16, trace=300002, class=java.lang.Object@50000169)
OBJ 50000175 (sz=376, trace=300001, class=java.lang.Thread@50000141)
OBJ 50000176 (sz=16, trace=300002, class=java.lang.Object@50000169)
OBJ 50000177 (sz=376, trace=300001, class=java.lang.Thread@50000141)
OBJ 50000178 (sz=16, trace=300002, class=java.lang.Object@50000169)
OBJ 50000179 (sz=376, trace=300001, class=java.lang.Thread@50000141)
OBJ 5000017a (sz=16, trace=300002, class=java.lang.Object@50000169)
ARR 5000017c (sz=24, trace=300004, nelems=0, elem type=java.lang.Object[]@500000ff)
OBJ 5000017d (sz=16, trace=300005, class=java.lang.Integer@50000101)
OBJ 5000017f (sz=16, trace=300007, class=java.lang.invoke.MethodHandleImpl$1@5000017e)
OBJ 50000180 (sz=24, trace=300008, class=java.lang.StringBuilder@50000118)
ARR 50000181 (sz=48, trace=300009, nelems=0, elem type=char[])
ARR 50000182 (sz=88, trace=300010, nelems=0, elem type=char[])
ARR 50000183 (sz=160, trace=300010, nelems=0, elem type=char[])
OBJ 50000184 (sz=24, trace=300011, class=java.lang.String@50000165)
ARR 50000185 (sz=104, trace=300012, nelems=0, elem type=char[])
OBJ 50000186 (sz=16, trace=300013, class=java.lang.Integer@50000101)
OBJ 50000189 (sz=16, trace=300015, class=java.lang.invoke.MethodHandleImpl$2@50000188)
OBJ 5000018b (sz=16, trace=300017, class=java.lang.invoke.MethodHandleImpl$3@5000018a)
ARR 5000018d (sz=24, trace=300018, nelems=0, elem type=java.lang.invoke.MethodHandle[]@5000018c)
ARR 5000018e (sz=16, trace=300019, nelems=0, elem type=java.lang.Object[]@500000ff)
ARR 5000018f (sz=1040, trace=300020, nelems=0, elem type=java.lang.invoke.MethodHandle[]@5000018c)
ARR 50000194 (sz=24, trace=300023, nelems=0, elem type=java.lang.ClassValue$Entry[]@50000193)
OBJ 50000195 (sz=16, trace=300024, class=java.util.concurrent.atomic.AtomicInteger@500000aa)
OBJ 50000196 (sz=16, trace=300025, class=java.lang.Object@50000169)
OBJ 50000197 (sz=24, trace=300026, class=java.lang.invoke.MethodHandleImpl$4@50000191)
	identity	50000199
	version		5000019b
OBJ 50000199 (sz=16, trace=300028, class=java.lang.ClassValue$Identity@50000198)
OBJ 5000019b (sz=24, trace=300030, class=java.lang.ClassValue$Version@5000019a)
	classValue	50000197
	promise		5000019d
OBJ 5000019c (sz=32, trace=300031, class=java.lang.ClassValue$Entry@50000192)
	queue		50006b4d
OBJ 5000019d (sz=32, trace=300032, class=java.lang.ClassValue$Entry@50000192)
	referent	5000019b
	queue		50006b4d
	value		5000019d
OBJ 5000019f (sz=16, trace=300034, class=java.lang.invoke.MemberName$Factory@5000019e)
ARR 500001a1 (sz=56, trace=300036, nelems=0, elem type=java.lang.Object[]@500000ff)
OBJ 500001a3 (sz=16, trace=300038, class=java.lang.invoke.MethodHandleStatics$1@500001a2)
OBJ 500001a4 (sz=56, trace=300039, class=java.lang.Class$ReflectionData@500000a8)
OBJ 500001a5 (sz=40, trace=300040, class=java.lang.ref.SoftReference@50000149)
OBJ 500001a6 (sz=72, trace=300041, class=java.lang.reflect.Field@50000138)
OBJ 500001a7 (sz=376, trace=300001, class=java.lang.Thread@50000141)
OBJ 500001a8 (sz=16, trace=300002, class=java.lang.Object@50000169)
OBJ 500001a9 (sz=376, trace=300000, class=java.lang.Thread@50000141)
OBJ 500001ab (sz=24, trace=300042, class=sun.launcher.LauncherHelper@500001aa)
	name		500071ad
ARR 500001ad (sz=24, trace=300043, nelems=1, elem type=sun.launcher.LauncherHelper[]@500001ac)
	[0]		500001ab
OBJ 500001ae (sz=24, trace=300044, class=java.lang.StringBuilder@50000118)
	value		500001af
ARR 500001af (sz=32, trace=300045, nelems=16, elem type=char[])
OBJ 500001b0 (sz=24, trace=300046, class=java.lang.String@50000165)
	value		500001b1
ARR 500001b1 (sz=26, trace=300047, nelems=13, elem type=char[])
OBJ 500001b2 (sz=16, trace=300048, class=java.lang.Object@50000169)
ARR 500001b3 (sz=80, trace=300049, nelems=0, elem type=java.util.concurrent.ConcurrentHashMap$Node[]@50000020)
OBJ 500001b4 (sz=32, trace=300050, class=java.util.concurrent.ConcurrentHashMap$Node@50000021)
	key		500001b0
	val		500001b2
OBJ 500001b5 (sz=16, trace=300051, class=java.lang.Object@50000169)
ARR 500001b6 (sz=80, trace=300049, nelems=0, elem type=java.util.concurrent.ConcurrentHashMap$Node[]@50000020)
OBJ 500001b7 (sz=32, trace=300050, class=java.util.concurrent.ConcurrentHashMap$Node@50000021)
	key		500001b0
	val		500001b5
OBJ 500001b9 (sz=24, trace=300053, class=java.net.URLClassLoader$1@500001b8)
ARR 500001ba (sz=48, trace=300054, nelems=0, elem type=char[])
OBJ 500001bb (sz=24, trace=300055, class=java.lang.String@50000165)
ARR 500001bc (sz=56, trace=300056, nelems=0, elem type=char[])
OBJ 500001bd (sz=24, trace=300057, class=java.lang.String@50000165)
OBJ 500001bf (sz=24, trace=300059, class=java.lang.StringBuilder@50000118)
ARR 500001c0 (sz=48, trace=300060, nelems=0, elem type=char[])
ARR 500001c1 (sz=160, trace=300010, nelems=0, elem type=char[])
OBJ 500001c2 (sz=24, trace=300061, class=java.lang.String@50000165)
	value		500001c3
ARR 500001c3 (sz=140, trace=300062, nelems=70, elem type=char[])
OBJ 500001c5 (sz=24, trace=300064, class=sun.misc.URLClassPath$3@500001c4)
OBJ 500001cc (sz=16, trace=300068, class=java.util.zip.ZipFile$1@500001cb)
OBJ 500001cd (sz=24, trace=300069, class=java.lang.StringBuilder@50000118)
ARR 500001ce (sz=48, trace=300070, nelems=0, elem type=char[])
ARR 500001cf (sz=32, trace=300071, nelems=3, elem type=java.io.ObjectStreamField[]@500000f1)
	[0]		500001d0
	[1]		500001d5
	[2]		500001da
OBJ 500001d0 (sz=40, trace=300072, class=java.io.ObjectStreamField@500000f3)
	name		5000660c
	signature	500001d3
	type		50000170
OBJ 500001d1 (sz=24, trace=300073, class=java.lang.StringBuilder@50000118)
ARR 500001d2 (sz=48, trace=300074, nelems=0, elem type=char[])
OBJ 500001d3 (sz=24, trace=300075, class=java.lang.String@50000165)
	value		500001d4
ARR 500001d4 (sz=4, trace=300076, nelems=2, elem type=char[])
OBJ 500001d5 (sz=40, trace=300077, class=java.io.ObjectStreamField@500000f3)
	name		50006687
	signature	50006611
	type		5000629a
OBJ 500001d6 (sz=24, trace=300073, class=java.lang.StringBuilder@50000118)
ARR 500001d7 (sz=48, trace=300074, nelems=0, elem type=char[])
OBJ 500001d8 (sz=24, trace=300075, class=java.lang.String@50000165)
ARR 500001d9 (sz=24, trace=300076, nelems=0, elem type=char[])
OBJ 500001da (sz=40, trace=300078, class=java.io.ObjectStreamField@500000f3)
	name		50006688
	signature	500001dd
	type		500062a0
OBJ 500001db (sz=24, trace=300073, class=java.lang.StringBuilder@50000118)
ARR 500001dc (sz=48, trace=300074, nelems=0, elem type=char[])
OBJ 500001dd (sz=24, trace=300075, class=java.lang.String@50000165)
	value		500001de
ARR 500001de (sz=2, trace=300076, nelems=1, elem type=char[])
OBJ 500001df (sz=24, trace=300079, class=java.lang.StringBuffer@50000119)
ARR 500001e0 (sz=152, trace=300080, nelems=0, elem type=char[])
ARR 500001e1 (sz=152, trace=300081, nelems=0, elem type=char[])
OBJ 500001e2 (sz=24, trace=300082, class=java.lang.String@50000165)
ARR 500001e3 (sz=152, trace=300010, nelems=0, elem type=char[])
ARR 500001e4 (sz=296, trace=300010, nelems=0, elem type=char[])
OBJ 500001e5 (sz=24, trace=300083, class=java.lang.String@50000165)
	value		500001e6
ARR 500001e6 (sz=140, trace=300084, nelems=70, elem type=char[])
OBJ 500001e7 (sz=64, trace=300085, class=java.net.URL@50000110)
	protocol	5000672c
	host		500062c7
	file		500001e5
	authority	500062c7
	path		500001e5
	handler		50006704
OBJ 500001e8 (sz=24, trace=300086, class=java.net.Parts@50000011)
OBJ 500001e9 (sz=56, trace=300087, class=sun.misc.URLClassPath$JarLoader@500001c7)
	base		500001e7
	jar		50000251
	csu		5000670a
	handler		50006704
	lmap		50006705
	acc		500065c8
OBJ 500001ea (sz=32, trace=300088, class=java.io.File@50000112)
OBJ 500001eb (sz=48, trace=300089, class=java.util.HashMap@500000bd)
OBJ 500001ed (sz=16, trace=300091, class=sun.misc.URLClassPath$JarLoader$1@500001ec)
OBJ 500001ef (sz=24, trace=300093, class=sun.misc.FileURLMapper@500001ee)
OBJ 500001f0 (sz=32, trace=300094, class=java.io.File@50000112)
ARR 500001f1 (sz=208, trace=300095, nelems=0, elem type=byte[])
ARR 500001f2 (sz=80, trace=300096, nelems=0, elem type=byte[])
OBJ 500001f3 (sz=24, trace=300097, class=java.lang.String@50000165)
ARR 500001f4 (sz=56, trace=300098, nelems=0, elem type=char[])
OBJ 500001f8 (sz=16, trace=300101, class=java.util.jar.JavaUtilJarAccessImpl@500001f7)
ARR 500001f9 (sz=20, trace=300102, nelems=10, elem type=char[])
ARR 500001fa (sz=512, trace=300103, nelems=128, elem type=int[])
ARR 500001fb (sz=40, trace=300104, nelems=10, elem type=int[])
OBJ 500001fc (sz=32, trace=300105, class=java.io.File@50000112)
ARR 500001fe (sz=32, trace=300107, nelems=0, elem type=char[])
OBJ 500001ff (sz=24, trace=300108, class=java.lang.String@50000165)
ARR 50000200 (sz=32, trace=300109, nelems=0, elem type=char[])
OBJ 50000202 (sz=24, trace=300111, class=sun.nio.cs.US_ASCII@50000201)
	name		50006902
	aliases		5000682f
OBJ 50000203 (sz=24, trace=300112, class=sun.security.action.GetPropertyAction@50000067)
ARR 50000204 (sz=24, trace=300113, nelems=0, elem type=java.lang.Object[]@500000ff)
ARR 50000205 (sz=40, trace=300107, nelems=0, elem type=char[])
OBJ 50000206 (sz=24, trace=300108, class=java.lang.String@50000165)
ARR 50000207 (sz=40, trace=300109, nelems=0, elem type=char[])
OBJ 50000208 (sz=24, trace=300114, class=java.lang.StringBuilder@50000118)
ARR 50000209 (sz=48, trace=300115, nelems=0, elem type=char[])
ARR 5000020a (sz=88, trace=300010, nelems=0, elem type=char[])
OBJ 5000020b (sz=24, trace=300116, class=java.lang.String@50000165)
ARR 5000020c (sz=64, trace=300117, nelems=0, elem type=char[])
ARR 5000020e (sz=16, trace=300119, nelems=0, elem type=java.lang.Class[]@500000fa)
OBJ 5000020f (sz=56, trace=300120, class=java.lang.Class$ReflectionData@500000a8)
OBJ 50000210 (sz=40, trace=300040, class=java.lang.ref.SoftReference@50000149)
OBJ 50000211 (sz=80, trace=300121, class=java.lang.reflect.Constructor@50000134)
OBJ 50000212 (sz=24, trace=300122, class=java.lang.Class$1@50000093)
OBJ 50000213 (sz=24, trace=300123, class=sun.reflect.NativeConstructorAccessorImpl@50000091)
OBJ 50000214 (sz=16, trace=300124, class=sun.reflect.DelegatingConstructorAccessorImpl@50000090)
OBJ 50000215 (sz=24, trace=300125, class=sun.nio.cs.ISO_8859_1@5000020d)
	name		50006b39
	aliases		50006824
ARR 50000216 (sz=24, trace=300113, nelems=0, elem type=java.lang.Object[]@500000ff)
ARR 50000217 (sz=32, trace=300107, nelems=0, elem type=char[])
OBJ 50000218 (sz=24, trace=300108, class=java.lang.String@50000165)
ARR 50000219 (sz=32, trace=300109, nelems=0, elem type=char[])
ARR 5000021a (sz=24, trace=300113, nelems=0, elem type=java.lang.Object[]@500000ff)
ARR 5000021b (sz=32, trace=300107, nelems=0, elem type=char[])
OBJ 5000021c (sz=24, trace=300108, class=java.lang.String@50000165)
ARR 5000021d (sz=32, trace=300109, nelems=0, elem type=char[])
OBJ 5000021e (sz=24, trace=300114, class=java.lang.StringBuilder@50000118)
ARR 5000021f (sz=48, trace=300115, nelems=0, elem type=char[])
ARR 50000220 (sz=88, trace=300010, nelems=0, elem type=char[])
OBJ 50000221 (sz=24, trace=300116, class=java.lang.String@50000165)
ARR 50000222 (sz=56, trace=300117, nelems=0, elem type=char[])
ARR 50000224 (sz=16, trace=300119, nelems=0, elem type=java.lang.Class[]@500000fa)
OBJ 50000225 (sz=56, trace=300120, class=java.lang.Class$ReflectionData@500000a8)
OBJ 50000226 (sz=40, trace=300040, class=java.lang.ref.SoftReference@50000149)
OBJ 50000227 (sz=80, trace=300121, class=java.lang.reflect.Constructor@50000134)
OBJ 50000228 (sz=24, trace=300122, class=java.lang.Class$1@50000093)
OBJ 50000229 (sz=24, trace=300123, class=sun.reflect.NativeConstructorAccessorImpl@50000091)
OBJ 5000022a (sz=16, trace=300124, class=sun.reflect.DelegatingConstructorAccessorImpl@50000090)
OBJ 5000022b (sz=24, trace=300126, class=sun.nio.cs.UTF_16BE@50000223)
	name		50006b3b
	aliases		5000682c
ARR 5000022c (sz=24, trace=300113, nelems=0, elem type=java.lang.Object[]@500000ff)
ARR 5000022d (sz=32, trace=300107, nelems=0, elem type=char[])
OBJ 5000022e (sz=24, trace=300108, class=java.lang.String@50000165)
ARR 5000022f (sz=32, trace=300109, nelems=0, elem type=char[])
OBJ 50000230 (sz=24, trace=300114, class=java.lang.StringBuilder@50000118)
ARR 50000231 (sz=48, trace=300115, nelems=0, elem type=char[])
ARR 50000232 (sz=88, trace=300010, nelems=0, elem type=char[])
OBJ 50000233 (sz=24, trace=300116, class=java.lang.String@50000165)
ARR 50000234 (sz=56, trace=300117, nelems=0, elem type=char[])
ARR 50000236 (sz=16, trace=300119, nelems=0, elem type=java.lang.Class[]@500000fa)
OBJ 50000237 (sz=56, trace=300120, class=java.lang.Class$ReflectionData@500000a8)
OBJ 50000238 (sz=40, trace=300040, class=java.lang.ref.SoftReference@50000149)
OBJ 50000239 (sz=80, trace=300121, class=java.lang.reflect.Constructor@50000134)
OBJ 5000023a (sz=24, trace=300122, class=java.lang.Class$1@50000093)
OBJ 5000023b (sz=24, trace=300123, class=sun.reflect.NativeConstructorAccessorImpl@50000091)
OBJ 5000023c (sz=16, trace=300124, class=sun.reflect.DelegatingConstructorAccessorImpl@50000090)
OBJ 5000023d (sz=24, trace=300127, class=sun.nio.cs.UTF_16LE@50000235)
	name		50006b45
	aliases		5000682b
ARR 5000023e (sz=24, trace=300113, nelems=0, elem type=java.lang.Object[]@500000ff)
ARR 5000023f (sz=32, trace=300107, nelems=0, elem type=char[])
OBJ 50000240 (sz=24, trace=300108, class=java.lang.String@50000165)
ARR 50000241 (sz=32, trace=300109, nelems=0, elem type=char[])
OBJ 50000242 (sz=24, trace=300114, class=java.lang.StringBuilder@50000118)
ARR 50000243 (sz=48, trace=300115, nelems=0, elem type=char[])
ARR 50000244 (sz=88, trace=300010, nelems=0, elem type=char[])
OBJ 50000245 (sz=24, trace=300116, class=java.lang.String@50000165)
ARR 50000246 (sz=56, trace=300117, nelems=0, elem type=char[])
ARR 50000248 (sz=16, trace=300119, nelems=0, elem type=java.lang.Class[]@500000fa)
OBJ 50000249 (sz=56, trace=300120, class=java.lang.Class$ReflectionData@500000a8)
OBJ 5000024a (sz=40, trace=300040, class=java.lang.ref.SoftReference@50000149)
OBJ 5000024b (sz=80, trace=300121, class=java.lang.reflect.Constructor@50000134)
OBJ 5000024c (sz=24, trace=300122, class=java.lang.Class$1@50000093)
OBJ 5000024d (sz=24, trace=300123, class=sun.reflect.NativeConstructorAccessorImpl@50000091)
OBJ 5000024e (sz=16, trace=300124, class=sun.reflect.DelegatingConstructorAccessorImpl@50000090)
OBJ 5000024f (sz=24, trace=300128, class=sun.nio.cs.UTF_16@50000247)
	name		50006b3e
	aliases		5000682d
ARR 50000250 (sz=24, trace=300113, nelems=2, elem type=java.lang.Object[]@500000ff)
	[0]		50006b3e
	[1]		5000024f
OBJ 50000251 (sz=64, trace=300129, class=java.util.jar.JarFile@500001f5)
	name		50006729
	zc		5000025d
	streams		50000253
	inflaterCache	5000025a
	manEntry	500002c1
OBJ 50000252 (sz=40, trace=300130, class=java.lang.ref.Finalizer@50000144)
	referent	50000251
	queue		50006181
	next		50007186
	prev		500002c7
OBJ 50000253 (sz=48, trace=300131, class=java.util.WeakHashMap@5000009e)
	table		50000256
	queue		50000254
OBJ 50000254 (sz=32, trace=300132, class=java.lang.ref.ReferenceQueue@50000143)
	lock		50000255
OBJ 50000255 (sz=16, trace=300133, class=java.lang.ref.ReferenceQueue$Lock@500000c8)
ARR 50000256 (sz=80, trace=300134, nelems=0, elem type=java.util.WeakHashMap$Entry[]@50000037)
OBJ 5000025a (sz=24, trace=300136, class=java.util.ArrayDeque@50000259)
	elements	5000025b
ARR 5000025b (sz=80, trace=300137, nelems=1, elem type=java.lang.Object[]@500000ff)
	[0]		500002ca
OBJ 5000025d (sz=32, trace=300139, class=java.util.zip.ZipCoder@5000025c)
	cs		50006730
	dec		500002bb
	enc		50000283
ARR 5000025e (sz=208, trace=300140, nelems=0, elem type=byte[])
ARR 5000025f (sz=80, trace=300096, nelems=0, elem type=byte[])
ARR 50000260 (sz=208, trace=300141, nelems=0, elem type=byte[])
ARR 50000261 (sz=80, trace=300096, nelems=0, elem type=byte[])
OBJ 50000264 (sz=16, trace=300144, class=sun.misc.Perf$GetPerfAction@50000263)
OBJ 50000266 (sz=16, trace=300146, class=sun.misc.Perf@50000265)
OBJ 50000268 (sz=24, trace=300148, class=sun.misc.PerfCounter@50000262)
	name		50006cde
	lb		50000270
OBJ 5000026c (sz=24, trace=300150, class=sun.security.action.GetPropertyAction@50000067)
OBJ 5000026d (sz=64, trace=300151, class=java.nio.DirectByteBuffer@5000026b)
OBJ 50000270 (sz=56, trace=300153, class=java.nio.DirectLongBufferU@5000026f)
	att		5000026d
OBJ 50000271 (sz=24, trace=300154, class=sun.misc.PerfCounter@50000262)
	name		50006cdf
	lb		50000273
OBJ 50000272 (sz=64, trace=300151, class=java.nio.DirectByteBuffer@5000026b)
OBJ 50000273 (sz=56, trace=300153, class=java.nio.DirectLongBufferU@5000026f)
	att		50000272
OBJ 50000274 (sz=24, trace=300155, class=sun.misc.PerfCounter@50000262)
	name		50006ce0
	lb		50000276
OBJ 50000275 (sz=64, trace=300151, class=java.nio.DirectByteBuffer@5000026b)
OBJ 50000276 (sz=56, trace=300153, class=java.nio.DirectLongBufferU@5000026f)
	att		50000275
OBJ 50000277 (sz=24, trace=300156, class=sun.misc.PerfCounter@50000262)
	name		50006ce1
	lb		50000279
OBJ 50000278 (sz=64, trace=300151, class=java.nio.DirectByteBuffer@5000026b)
OBJ 50000279 (sz=56, trace=300153, class=java.nio.DirectLongBufferU@5000026f)
	att		50000278
OBJ 5000027a (sz=24, trace=300157, class=sun.misc.PerfCounter@50000262)
	name		50006ce2
	lb		5000027c
OBJ 5000027b (sz=64, trace=300151, class=java.nio.DirectByteBuffer@5000026b)
OBJ 5000027c (sz=56, trace=300153, class=java.nio.DirectLongBufferU@5000026f)
	att		5000027b
OBJ 5000027d (sz=24, trace=300158, class=sun.misc.PerfCounter@50000262)
	name		50006ce3
	lb		5000027f
OBJ 5000027e (sz=64, trace=300151, class=java.nio.DirectByteBuffer@5000026b)
OBJ 5000027f (sz=56, trace=300153, class=java.nio.DirectLongBufferU@5000026f)
	att		5000027e
OBJ 50000281 (sz=24, trace=300160, class=sun.security.action.GetPropertyAction@50000067)
ARR 50000282 (sz=24, trace=300161, nelems=0, elem type=byte[])
OBJ 50000283 (sz=56, trace=300162, class=sun.nio.cs.UTF_8$Encoder@50000064)
	charset		50006730
	replacement	50000284
	malformedInputAction	50006b7b
	unmappableCharacterAction	50006b7b
ARR 50000284 (sz=1, trace=300163, nelems=1, elem type=byte[])
ARR 50000285 (sz=56, trace=300164, nelems=0, elem type=char[])
ARR 50000286 (sz=80, trace=300165, nelems=0, elem type=byte[])
ARR 50000287 (sz=40, trace=300166, nelems=0, elem type=byte[])
OBJ 50000289 (sz=24, trace=300168, class=sun.security.action.GetPropertyAction@50000067)
ARR 5000028a (sz=64, trace=300169, nelems=11, elem type=java.lang.String[]@500000bf)
	[0]		5000028d
	[1]		50000291
	[2]		50000295
	[3]		50000299
	[4]		5000029d
	[5]		500002a1
	[6]		500002a5
	[7]		50006b92
	[8]		500002aa
	[9]		500002af
	[10]		500002b4
OBJ 5000028b (sz=24, trace=300170, class=java.lang.StringBuilder@50000118)
ARR 5000028c (sz=48, trace=300171, nelems=0, elem type=char[])
OBJ 5000028d (sz=24, trace=300172, class=java.lang.String@50000165)
	value		5000028e
ARR 5000028e (sz=14, trace=300173, nelems=7, elem type=char[])
OBJ 5000028f (sz=24, trace=300174, class=java.lang.StringBuilder@50000118)
ARR 50000290 (sz=48, trace=300175, nelems=0, elem type=char[])
OBJ 50000291 (sz=24, trace=300176, class=java.lang.String@50000165)
	value		50000292
ARR 50000292 (sz=18, trace=300177, nelems=9, elem type=char[])
OBJ 50000293 (sz=24, trace=300178, class=java.lang.StringBuilder@50000118)
ARR 50000294 (sz=48, trace=300179, nelems=0, elem type=char[])
OBJ 50000295 (sz=24, trace=300180, class=java.lang.String@50000165)
	value		50000296
ARR 50000296 (sz=16, trace=300181, nelems=8, elem type=char[])
OBJ 50000297 (sz=24, trace=300182, class=java.lang.StringBuilder@50000118)
ARR 50000298 (sz=48, trace=300183, nelems=0, elem type=char[])
OBJ 50000299 (sz=24, trace=300184, class=java.lang.String@50000165)
	value		5000029a
ARR 5000029a (sz=26, trace=300185, nelems=13, elem type=char[])
OBJ 5000029b (sz=24, trace=300186, class=java.lang.StringBuilder@50000118)
ARR 5000029c (sz=48, trace=300187, nelems=0, elem type=char[])
OBJ 5000029d (sz=24, trace=300188, class=java.lang.String@50000165)
	value		5000029e
ARR 5000029e (sz=20, trace=300189, nelems=10, elem type=char[])
OBJ 5000029f (sz=24, trace=300190, class=java.lang.StringBuilder@50000118)
ARR 500002a0 (sz=48, trace=300191, nelems=0, elem type=char[])
OBJ 500002a1 (sz=24, trace=300192, class=java.lang.String@50000165)
	value		500002a2
ARR 500002a2 (sz=20, trace=300193, nelems=10, elem type=char[])
OBJ 500002a3 (sz=24, trace=300194, class=java.lang.StringBuilder@50000118)
ARR 500002a4 (sz=48, trace=300195, nelems=0, elem type=char[])
OBJ 500002a5 (sz=24, trace=300196, class=java.lang.String@50000165)
	value		500002a6
ARR 500002a6 (sz=30, trace=300197, nelems=15, elem type=char[])
OBJ 500002a7 (sz=24, trace=300198, class=java.lang.StringBuilder@50000118)
ARR 500002a8 (sz=48, trace=300199, nelems=0, elem type=char[])
ARR 500002a9 (sz=88, trace=300010, nelems=0, elem type=char[])
OBJ 500002aa (sz=24, trace=300200, class=java.lang.String@50000165)
	value		500002ab
ARR 500002ab (sz=62, trace=300201, nelems=31, elem type=char[])
OBJ 500002ac (sz=24, trace=300202, class=java.lang.StringBuilder@50000118)
ARR 500002ad (sz=48, trace=300203, nelems=0, elem type=char[])
ARR 500002ae (sz=88, trace=300010, nelems=0, elem type=char[])
OBJ 500002af (sz=24, trace=300204, class=java.lang.String@50000165)
	value		500002b0
ARR 500002b0 (sz=50, trace=300205, nelems=25, elem type=char[])
OBJ 500002b1 (sz=24, trace=300206, class=java.lang.StringBuilder@50000118)
ARR 500002b2 (sz=48, trace=300207, nelems=0, elem type=char[])
ARR 500002b3 (sz=88, trace=300010, nelems=0, elem type=char[])
OBJ 500002b4 (sz=24, trace=300208, class=java.lang.String@50000165)
	value		500002b5
ARR 500002b5 (sz=42, trace=300209, nelems=21, elem type=char[])
ARR 500002b6 (sz=56, trace=300164, nelems=0, elem type=char[])
ARR 500002b7 (sz=80, trace=300165, nelems=0, elem type=byte[])
ARR 500002b8 (sz=40, trace=300166, nelems=0, elem type=byte[])
OBJ 500002ba (sz=80, trace=300211, class=java.util.zip.ZipEntry@500002b9)
OBJ 500002bb (sz=40, trace=300212, class=sun.nio.cs.UTF_8$Decoder@50000086)
	charset		50006730
	replacement	50006b80
	malformedInputAction	50006b7b
	unmappableCharacterAction	50006b7b
ARR 500002bc (sz=56, trace=300213, nelems=0, elem type=char[])
OBJ 500002bd (sz=24, trace=300214, class=java.lang.String@50000165)
	value		500002be
ARR 500002be (sz=40, trace=300215, nelems=20, elem type=char[])
OBJ 500002c1 (sz=96, trace=300217, class=java.util.jar.JarFile$JarFileEntry@500002c0)
	name		500002bd
	this$0		50000251
ARR 500002c2 (sz=56, trace=300218, nelems=0, elem type=char[])
ARR 500002c3 (sz=80, trace=300219, nelems=0, elem type=byte[])
ARR 500002c4 (sz=40, trace=300220, nelems=0, elem type=byte[])
OBJ 500002c6 (sz=56, trace=300222, class=java.util.zip.ZipFile$ZipFileInputStream@500002c5)
	this$0		50000251
OBJ 500002c7 (sz=40, trace=300130, class=java.lang.ref.Finalizer@50000144)
	referent	500002c6
	queue		50006181
	next		50000252
	prev		500002cb
ARR 500002c9 (sz=0, trace=300224, nelems=0, elem type=byte[])
OBJ 500002ca (sz=48, trace=300225, class=java.util.zip.Inflater@500002c8)
	zsRef		500002cd
	buf		500002c9
OBJ 500002cb (sz=40, trace=300130, class=java.lang.ref.Finalizer@50000144)
	referent	500002ca
	queue		50006181
	next		500002c7
	prev		500002d1
OBJ 500002cd (sz=24, trace=300227, class=java.util.zip.ZStreamRef@500002cc)
OBJ 500002d0 (sz=56, trace=300229, class=java.util.zip.ZipFile$ZipFileInflaterInputStream@500002cf)
	in		500002c6
	inf		500002ca
	buf		500002d4
	singleByteBuf	500002d2
	b		500002d3
	zfin		500002c6
	this$0		50000251
OBJ 500002d1 (sz=40, trace=300130, class=java.lang.ref.Finalizer@50000144)
	referent	500002d0
	queue		50006181
	next		500002cb
	prev		500002fc
ARR 500002d2 (sz=1, trace=300230, nelems=1, elem type=byte[])
ARR 500002d3 (sz=512, trace=300231, nelems=512, elem type=byte[])
ARR 500002d4 (sz=71, trace=300232, nelems=71, elem type=byte[])
OBJ 500002d5 (sz=40, trace=300233, class=java.util.WeakHashMap$Entry@50000038)
ARR 500002d7 (sz=16, trace=300235, nelems=0, elem type=byte[])
ARR 500002d8 (sz=88, trace=300236, nelems=0, elem type=byte[])
ARR 500002d9 (sz=56, trace=300237, nelems=0, elem type=java.lang.Object[]@500000ff)
ARR 500002da (sz=80, trace=300238, nelems=15, elem type=java.util.HashMap$Node[]@500000b9)
	[0]		500003d9
	[4]		5000038d
	[7]		5000035a
	[8]		50000327
	[10]		5000048b
	[12]		500002db
	[14]		50000a1f
OBJ 500002db (sz=32, trace=300239, class=java.util.HashMap$Node@500000bb)
	key		500001c2
	value		500001e9
ARR 500002dc (sz=56, trace=300164, nelems=0, elem type=char[])
ARR 500002dd (sz=80, trace=300165, nelems=0, elem type=byte[])
ARR 500002de (sz=40, trace=300166, nelems=0, elem type=byte[])
OBJ 500002df (sz=24, trace=300059, class=java.lang.StringBuilder@50000118)
ARR 500002e0 (sz=48, trace=300060, nelems=0, elem type=char[])
ARR 500002e1 (sz=160, trace=300010, nelems=0, elem type=char[])
OBJ 500002e2 (sz=24, trace=300061, class=java.lang.String@50000165)
	value		500002e3
ARR 500002e3 (sz=144, trace=300062, nelems=72, elem type=char[])
OBJ 500002e4 (sz=24, trace=300064, class=sun.misc.URLClassPath$3@500001c4)
OBJ 500002e5 (sz=24, trace=300069, class=java.lang.StringBuilder@50000118)
ARR 500002e6 (sz=48, trace=300070, nelems=0, elem type=char[])
OBJ 500002e7 (sz=24, trace=300079, class=java.lang.StringBuffer@50000119)
ARR 500002e8 (sz=160, trace=300080, nelems=0, elem type=char[])
ARR 500002e9 (sz=160, trace=300081, nelems=0, elem type=char[])
OBJ 500002ea (sz=24, trace=300082, class=java.lang.String@50000165)
ARR 500002eb (sz=160, trace=300010, nelems=0, elem type=char[])
ARR 500002ec (sz=304, trace=300010, nelems=0, elem type=char[])
OBJ 500002ed (sz=24, trace=300083, class=java.lang.String@50000165)
	value		500002ee
ARR 500002ee (sz=144, trace=300084, nelems=72, elem type=char[])
OBJ 500002ef (sz=64, trace=300085, class=java.net.URL@50000110)
	protocol	5000672c
	host		500062c7
	file		500002ed
	authority	500062c7
	path		500002ed
	handler		50006704
OBJ 500002f0 (sz=24, trace=300086, class=java.net.Parts@50000011)
OBJ 500002f1 (sz=56, trace=300087, class=sun.misc.URLClassPath$JarLoader@500001c7)
	base		500002ef
	jar		500002fb
	csu		5000670b
	handler		50006704
	lmap		50006705
	acc		500065c8
OBJ 500002f2 (sz=32, trace=300088, class=java.io.File@50000112)
OBJ 500002f3 (sz=16, trace=300091, class=sun.misc.URLClassPath$JarLoader$1@500001ec)
OBJ 500002f4 (sz=24, trace=300093, class=sun.misc.FileURLMapper@500001ee)
OBJ 500002f5 (sz=32, trace=300094, class=java.io.File@50000112)
ARR 500002f6 (sz=216, trace=300095, nelems=0, elem type=byte[])
ARR 500002f7 (sz=88, trace=300096, nelems=0, elem type=byte[])
OBJ 500002f8 (sz=24, trace=300097, class=java.lang.String@50000165)
ARR 500002f9 (sz=56, trace=300098, nelems=0, elem type=char[])
OBJ 500002fa (sz=32, trace=300105, class=java.io.File@50000112)
OBJ 500002fb (sz=64, trace=300129, class=java.util.jar.JarFile@500001f5)
	name		50006727
	zc		50000303
	streams		500002fd
	inflaterCache	50000301
	manEntry	50000316
OBJ 500002fc (sz=40, trace=300130, class=java.lang.ref.Finalizer@50000144)
	referent	500002fb
	queue		50006181
	next		500002d1
	prev		5000031b
OBJ 500002fd (sz=48, trace=300131, class=java.util.WeakHashMap@5000009e)
	table		50000300
	queue		500002fe
OBJ 500002fe (sz=32, trace=300132, class=java.lang.ref.ReferenceQueue@50000143)
	lock		500002ff
OBJ 500002ff (sz=16, trace=300133, class=java.lang.ref.ReferenceQueue$Lock@500000c8)
ARR 50000300 (sz=80, trace=300134, nelems=0, elem type=java.util.WeakHashMap$Entry[]@50000037)
OBJ 50000301 (sz=24, trace=300136, class=java.util.ArrayDeque@50000259)
	elements	50000302
ARR 50000302 (sz=80, trace=300137, nelems=1, elem type=java.lang.Object[]@500000ff)
	[0]		5000031c
OBJ 50000303 (sz=32, trace=300139, class=java.util.zip.ZipCoder@5000025c)
	cs		50006730
	dec		50000312
	enc		50000309
ARR 50000304 (sz=216, trace=300140, nelems=0, elem type=byte[])
ARR 50000305 (sz=88, trace=300096, nelems=0, elem type=byte[])
ARR 50000306 (sz=216, trace=300141, nelems=0, elem type=byte[])
ARR 50000307 (sz=88, trace=300096, nelems=0, elem type=byte[])
ARR 50000308 (sz=24, trace=300161, nelems=0, elem type=byte[])
OBJ 50000309 (sz=56, trace=300162, class=sun.nio.cs.UTF_8$Encoder@50000064)
	charset		50006730
	replacement	5000030a
	malformedInputAction	50006b7b
	unmappableCharacterAction	50006b7b
ARR 5000030a (sz=1, trace=300163, nelems=1, elem type=byte[])
ARR 5000030b (sz=56, trace=300164, nelems=0, elem type=char[])
ARR 5000030c (sz=80, trace=300165, nelems=0, elem type=byte[])
ARR 5000030d (sz=40, trace=300166, nelems=0, elem type=byte[])
ARR 5000030e (sz=56, trace=300164, nelems=0, elem type=char[])
ARR 5000030f (sz=80, trace=300165, nelems=0, elem type=byte[])
ARR 50000310 (sz=40, trace=300166, nelems=0, elem type=byte[])
OBJ 50000311 (sz=80, trace=300211, class=java.util.zip.ZipEntry@500002b9)
OBJ 50000312 (sz=40, trace=300212, class=sun.nio.cs.UTF_8$Decoder@50000086)
	charset		50006730
	replacement	50006b80
	malformedInputAction	50006b7b
	unmappableCharacterAction	50006b7b
ARR 50000313 (sz=56, trace=300213, nelems=0, elem type=char[])
OBJ 50000314 (sz=24, trace=300214, class=java.lang.String@50000165)
	value		50000315
ARR 50000315 (sz=40, trace=300215, nelems=20, elem type=char[])
OBJ 50000316 (sz=96, trace=300217, class=java.util.jar.JarFile$JarFileEntry@500002c0)
	name		50000314
	this$0		500002fb
ARR 50000317 (sz=56, trace=300218, nelems=0, elem type=char[])
ARR 50000318 (sz=80, trace=300219, nelems=0, elem type=byte[])
ARR 50000319 (sz=40, trace=300220, nelems=0, elem type=byte[])
OBJ 5000031a (sz=56, trace=300222, class=java.util.zip.ZipFile$ZipFileInputStream@500002c5)
	this$0		500002fb
OBJ 5000031b (sz=40, trace=300130, class=java.lang.ref.Finalizer@50000144)
	referent	5000031a
	queue		50006181
	next		500002fc
	prev		5000031d
OBJ 5000031c (sz=48, trace=300225, class=java.util.zip.Inflater@500002c8)
	zsRef		5000031e
	buf		500002c9
OBJ 5000031d (sz=40, trace=300130, class=java.lang.ref.Finalizer@50000144)
	referent	5000031c
	queue		50006181
	next		5000031b
	prev		50000320
OBJ 5000031e (sz=24, trace=300227, class=java.util.zip.ZStreamRef@500002cc)
OBJ 5000031f (sz=56, trace=300229, class=java.util.zip.ZipFile$ZipFileInflaterInputStream@500002cf)
	in		5000031a
	inf		5000031c
	buf		50000323
	singleByteBuf	50000321
	b		50000322
	zfin		5000031a
	this$0		500002fb
OBJ 50000320 (sz=40, trace=300130, class=java.lang.ref.Finalizer@50000144)
	referent	5000031f
	queue		50006181
	next		5000031d
	prev		50000348
ARR 50000321 (sz=1, trace=300230, nelems=1, elem type=byte[])
ARR 50000322 (sz=512, trace=300231, nelems=512, elem type=byte[])
ARR 50000323 (sz=371, trace=300232, nelems=371, elem type=byte[])
OBJ 50000324 (sz=40, trace=300233, class=java.util.WeakHashMap$Entry@50000038)
ARR 50000325 (sz=16, trace=300235, nelems=0, elem type=byte[])
ARR 50000326 (sz=392, trace=300236, nelems=0, elem type=byte[])
OBJ 50000327 (sz=32, trace=300239, class=java.util.HashMap$Node@500000bb)
	key		500002e2
	value		500002f1
	next		5000040c
ARR 50000328 (sz=56, trace=300164, nelems=0, elem type=char[])
ARR 50000329 (sz=80, trace=300165, nelems=0, elem type=byte[])
ARR 5000032a (sz=40, trace=300166, nelems=0, elem type=byte[])
OBJ 5000032b (sz=24, trace=300059, class=java.lang.StringBuilder@50000118)
ARR 5000032c (sz=48, trace=300060, nelems=0, elem type=char[])
ARR 5000032d (sz=152, trace=300010, nelems=0, elem type=char[])
OBJ 5000032e (sz=24, trace=300061, class=java.lang.String@50000165)
	value		5000032f
ARR 5000032f (sz=130, trace=300062, nelems=65, elem type=char[])
OBJ 50000330 (sz=24, trace=300064, class=sun.misc.URLClassPath$3@500001c4)
OBJ 50000331 (sz=24, trace=300069, class=java.lang.StringBuilder@50000118)
ARR 50000332 (sz=48, trace=300070, nelems=0, elem type=char[])
OBJ 50000333 (sz=24, trace=300079, class=java.lang.StringBuffer@50000119)
ARR 50000334 (sz=144, trace=300080, nelems=0, elem type=char[])
ARR 50000335 (sz=144, trace=300081, nelems=0, elem type=char[])
OBJ 50000336 (sz=24, trace=300082, class=java.lang.String@50000165)
ARR 50000337 (sz=144, trace=300010, nelems=0, elem type=char[])
ARR 50000338 (sz=272, trace=300010, nelems=0, elem type=char[])
OBJ 50000339 (sz=24, trace=300083, class=java.lang.String@50000165)
	value		5000033a
ARR 5000033a (sz=130, trace=300084, nelems=65, elem type=char[])
OBJ 5000033b (sz=64, trace=300085, class=java.net.URL@50000110)
	protocol	5000672c
	host		500062c7
	file		50000339
	authority	500062c7
	path		50000339
	handler		50006704
OBJ 5000033c (sz=24, trace=300086, class=java.net.Parts@50000011)
OBJ 5000033d (sz=56, trace=300087, class=sun.misc.URLClassPath$JarLoader@500001c7)
	base		5000033b
	jar		50000347
	csu		5000670c
	handler		50006704
	lmap		50006705
	acc		500065c8
OBJ 5000033e (sz=32, trace=300088, class=java.io.File@50000112)
OBJ 5000033f (sz=16, trace=300091, class=sun.misc.URLClassPath$JarLoader$1@500001ec)
OBJ 50000340 (sz=24, trace=300093, class=sun.misc.FileURLMapper@500001ee)
OBJ 50000341 (sz=32, trace=300094, class=java.io.File@50000112)
ARR 50000342 (sz=192, trace=300095, nelems=0, elem type=byte[])
ARR 50000343 (sz=80, trace=300096, nelems=0, elem type=byte[])
OBJ 50000344 (sz=24, trace=300097, class=java.lang.String@50000165)
ARR 50000345 (sz=40, trace=300098, nelems=0, elem type=char[])
OBJ 50000346 (sz=32, trace=300105, class=java.io.File@50000112)
OBJ 50000347 (sz=64, trace=300129, class=java.util.jar.JarFile@500001f5)
	name		50006725
	zc		5000034f
	streams		50000349
	inflaterCache	5000034d
OBJ 50000348 (sz=40, trace=300130, class=java.lang.ref.Finalizer@50000144)
	referent	50000347
	queue		50006181
	next		50000320
	prev		5000037b
OBJ 50000349 (sz=48, trace=300131, class=java.util.WeakHashMap@5000009e)
	table		5000034c
	queue		5000034a
OBJ 5000034a (sz=32, trace=300132, class=java.lang.ref.ReferenceQueue@50000143)
	lock		5000034b
OBJ 5000034b (sz=16, trace=300133, class=java.lang.ref.ReferenceQueue$Lock@500000c8)
ARR 5000034c (sz=80, trace=300134, nelems=0, elem type=java.util.WeakHashMap$Entry[]@50000037)
OBJ 5000034d (sz=24, trace=300136, class=java.util.ArrayDeque@50000259)
	elements	5000034e
ARR 5000034e (sz=80, trace=300137, nelems=0, elem type=java.lang.Object[]@500000ff)
OBJ 5000034f (sz=32, trace=300139, class=java.util.zip.ZipCoder@5000025c)
	cs		50006730
	enc		50000355
ARR 50000350 (sz=192, trace=300140, nelems=0, elem type=byte[])
ARR 50000351 (sz=80, trace=300096, nelems=0, elem type=byte[])
ARR 50000352 (sz=192, trace=300141, nelems=0, elem type=byte[])
ARR 50000353 (sz=80, trace=300096, nelems=0, elem type=byte[])
ARR 50000354 (sz=24, trace=300161, nelems=0, elem type=byte[])
OBJ 50000355 (sz=56, trace=300162, class=sun.nio.cs.UTF_8$Encoder@50000064)
	charset		50006730
	replacement	50000356
	malformedInputAction	50006b7b
	unmappableCharacterAction	50006b7b
ARR 50000356 (sz=1, trace=300163, nelems=1, elem type=byte[])
ARR 50000357 (sz=56, trace=300164, nelems=0, elem type=char[])
ARR 50000358 (sz=80, trace=300165, nelems=0, elem type=byte[])
ARR 50000359 (sz=40, trace=300166, nelems=0, elem type=byte[])
OBJ 5000035a (sz=32, trace=300239, class=java.util.HashMap$Node@500000bb)
	key		5000032e
	value		5000033d
ARR 5000035b (sz=56, trace=300164, nelems=0, elem type=char[])
ARR 5000035c (sz=80, trace=300165, nelems=0, elem type=byte[])
ARR 5000035d (sz=40, trace=300166, nelems=0, elem type=byte[])
OBJ 5000035e (sz=24, trace=300059, class=java.lang.StringBuilder@50000118)
ARR 5000035f (sz=48, trace=300060, nelems=0, elem type=char[])
ARR 50000360 (sz=152, trace=300010, nelems=0, elem type=char[])
OBJ 50000361 (sz=24, trace=300061, class=java.lang.String@50000165)
	value		50000362
ARR 50000362 (sz=134, trace=300062, nelems=67, elem type=char[])
OBJ 50000363 (sz=24, trace=300064, class=sun.misc.URLClassPath$3@500001c4)
OBJ 50000364 (sz=24, trace=300069, class=java.lang.StringBuilder@50000118)
ARR 50000365 (sz=48, trace=300070, nelems=0, elem type=char[])
OBJ 50000366 (sz=24, trace=300079, class=java.lang.StringBuffer@50000119)
ARR 50000367 (sz=152, trace=300080, nelems=0, elem type=char[])
ARR 50000368 (sz=152, trace=300081, nelems=0, elem type=char[])
OBJ 50000369 (sz=24, trace=300082, class=java.lang.String@50000165)
ARR 5000036a (sz=152, trace=300010, nelems=0, elem type=char[])
ARR 5000036b (sz=280, trace=300010, nelems=0, elem type=char[])
OBJ 5000036c (sz=24, trace=300083, class=java.lang.String@50000165)
	value		5000036d
ARR 5000036d (sz=134, trace=300084, nelems=67, elem type=char[])
OBJ 5000036e (sz=64, trace=300085, class=java.net.URL@50000110)
	protocol	5000672c
	host		500062c7
	file		5000036c
	authority	500062c7
	path		5000036c
	handler		50006704
OBJ 5000036f (sz=24, trace=300086, class=java.net.Parts@50000011)
OBJ 50000370 (sz=56, trace=300087, class=sun.misc.URLClassPath$JarLoader@500001c7)
	base		5000036e
	jar		5000037a
	csu		5000670d
	handler		50006704
	lmap		50006705
	acc		500065c8
OBJ 50000371 (sz=32, trace=300088, class=java.io.File@50000112)
OBJ 50000372 (sz=16, trace=300091, class=sun.misc.URLClassPath$JarLoader$1@500001ec)
OBJ 50000373 (sz=24, trace=300093, class=sun.misc.FileURLMapper@500001ee)
OBJ 50000374 (sz=32, trace=300094, class=java.io.File@50000112)
ARR 50000375 (sz=200, trace=300095, nelems=0, elem type=byte[])
ARR 50000376 (sz=80, trace=300096, nelems=0, elem type=byte[])
OBJ 50000377 (sz=24, trace=300097, class=java.lang.String@50000165)
ARR 50000378 (sz=48, trace=300098, nelems=0, elem type=char[])
OBJ 50000379 (sz=32, trace=300105, class=java.io.File@50000112)
OBJ 5000037a (sz=64, trace=300129, class=java.util.jar.JarFile@500001f5)
	name		50006723
	zc		50000382
	streams		5000037c
	inflaterCache	50000380
OBJ 5000037b (sz=40, trace=300130, class=java.lang.ref.Finalizer@50000144)
	referent	5000037a
	queue		50006181
	next		50000348
	prev		500003ae
OBJ 5000037c (sz=48, trace=300131, class=java.util.WeakHashMap@5000009e)
	table		5000037f
	queue		5000037d
OBJ 5000037d (sz=32, trace=300132, class=java.lang.ref.ReferenceQueue@50000143)
	lock		5000037e
OBJ 5000037e (sz=16, trace=300133, class=java.lang.ref.ReferenceQueue$Lock@500000c8)
ARR 5000037f (sz=80, trace=300134, nelems=0, elem type=java.util.WeakHashMap$Entry[]@50000037)
OBJ 50000380 (sz=24, trace=300136, class=java.util.ArrayDeque@50000259)
	elements	50000381
ARR 50000381 (sz=80, trace=300137, nelems=0, elem type=java.lang.Object[]@500000ff)
OBJ 50000382 (sz=32, trace=300139, class=java.util.zip.ZipCoder@5000025c)
	cs		50006730
	enc		50000388
ARR 50000383 (sz=200, trace=300140, nelems=0, elem type=byte[])
ARR 50000384 (sz=80, trace=300096, nelems=0, elem type=byte[])
ARR 50000385 (sz=200, trace=300141, nelems=0, elem type=byte[])
ARR 50000386 (sz=80, trace=300096, nelems=0, elem type=byte[])
ARR 50000387 (sz=24, trace=300161, nelems=0, elem type=byte[])
OBJ 50000388 (sz=56, trace=300162, class=sun.nio.cs.UTF_8$Encoder@50000064)
	charset		50006730
	replacement	50000389
	malformedInputAction	50006b7b
	unmappableCharacterAction	50006b7b
ARR 50000389 (sz=1, trace=300163, nelems=1, elem type=byte[])
ARR 5000038a (sz=56, trace=300164, nelems=0, elem type=char[])
ARR 5000038b (sz=80, trace=300165, nelems=0, elem type=byte[])
ARR 5000038c (sz=40, trace=300166, nelems=0, elem type=byte[])
OBJ 5000038d (sz=32, trace=300239, class=java.util.HashMap$Node@500000bb)
	key		50000361
	value		50000370
	next		500004d7
ARR 5000038e (sz=56, trace=300164, nelems=0, elem type=char[])
ARR 5000038f (sz=80, trace=300165, nelems=0, elem type=byte[])
ARR 50000390 (sz=40, trace=300166, nelems=0, elem type=byte[])
OBJ 50000391 (sz=24, trace=300059, class=java.lang.StringBuilder@50000118)
ARR 50000392 (sz=48, trace=300060, nelems=0, elem type=char[])
ARR 50000393 (sz=152, trace=300010, nelems=0, elem type=char[])
OBJ 50000394 (sz=24, trace=300061, class=java.lang.String@50000165)
	value		50000395
ARR 50000395 (sz=132, trace=300062, nelems=66, elem type=char[])
OBJ 50000396 (sz=24, trace=300064, class=sun.misc.URLClassPath$3@500001c4)
OBJ 50000397 (sz=24, trace=300069, class=java.lang.StringBuilder@50000118)
ARR 50000398 (sz=48, trace=300070, nelems=0, elem type=char[])
OBJ 50000399 (sz=24, trace=300079, class=java.lang.StringBuffer@50000119)
ARR 5000039a (sz=144, trace=300080, nelems=0, elem type=char[])
ARR 5000039b (sz=144, trace=300081, nelems=0, elem type=char[])
OBJ 5000039c (sz=24, trace=300082, class=java.lang.String@50000165)
ARR 5000039d (sz=144, trace=300010, nelems=0, elem type=char[])
ARR 5000039e (sz=280, trace=300010, nelems=0, elem type=char[])
OBJ 5000039f (sz=24, trace=300083, class=java.lang.String@50000165)
	value		500003a0
ARR 500003a0 (sz=132, trace=300084, nelems=66, elem type=char[])
OBJ 500003a1 (sz=64, trace=300085, class=java.net.URL@50000110)
	protocol	5000672c
	host		500062c7
	file		5000039f
	authority	500062c7
	path		5000039f
	handler		50006704
OBJ 500003a2 (sz=24, trace=300086, class=java.net.Parts@50000011)
OBJ 500003a3 (sz=56, trace=300087, class=sun.misc.URLClassPath$JarLoader@500001c7)
	base		500003a1
	jar		500003ad
	csu		5000670e
	handler		50006704
	lmap		50006705
	acc		500065c8
OBJ 500003a4 (sz=32, trace=300088, class=java.io.File@50000112)
OBJ 500003a5 (sz=16, trace=300091, class=sun.misc.URLClassPath$JarLoader$1@500001ec)
OBJ 500003a6 (sz=24, trace=300093, class=sun.misc.FileURLMapper@500001ee)
OBJ 500003a7 (sz=32, trace=300094, class=java.io.File@50000112)
ARR 500003a8 (sz=200, trace=300095, nelems=0, elem type=byte[])
ARR 500003a9 (sz=80, trace=300096, nelems=0, elem type=byte[])
OBJ 500003aa (sz=24, trace=300097, class=java.lang.String@50000165)
ARR 500003ab (sz=48, trace=300098, nelems=0, elem type=char[])
OBJ 500003ac (sz=32, trace=300105, class=java.io.File@50000112)
OBJ 500003ad (sz=64, trace=300129, class=java.util.jar.JarFile@500001f5)
	name		50006721
	zc		500003b5
	streams		500003af
	inflaterCache	500003b3
	manEntry	500003c8
OBJ 500003ae (sz=40, trace=300130, class=java.lang.ref.Finalizer@50000144)
	referent	500003ad
	queue		50006181
	next		5000037b
	prev		500003cd
OBJ 500003af (sz=48, trace=300131, class=java.util.WeakHashMap@5000009e)
	table		500003b2
	queue		500003b0
OBJ 500003b0 (sz=32, trace=300132, class=java.lang.ref.ReferenceQueue@50000143)
	lock		500003b1
OBJ 500003b1 (sz=16, trace=300133, class=java.lang.ref.ReferenceQueue$Lock@500000c8)
ARR 500003b2 (sz=80, trace=300134, nelems=0, elem type=java.util.WeakHashMap$Entry[]@50000037)
OBJ 500003b3 (sz=24, trace=300136, class=java.util.ArrayDeque@50000259)
	elements	500003b4
ARR 500003b4 (sz=80, trace=300137, nelems=1, elem type=java.lang.Object[]@500000ff)
	[0]		500003ce
OBJ 500003b5 (sz=32, trace=300139, class=java.util.zip.ZipCoder@5000025c)
	cs		50006730
	dec		500003c4
	enc		500003bb
ARR 500003b6 (sz=200, trace=300140, nelems=0, elem type=byte[])
ARR 500003b7 (sz=80, trace=300096, nelems=0, elem type=byte[])
ARR 500003b8 (sz=200, trace=300141, nelems=0, elem type=byte[])
ARR 500003b9 (sz=80, trace=300096, nelems=0, elem type=byte[])
ARR 500003ba (sz=24, trace=300161, nelems=0, elem type=byte[])
OBJ 500003bb (sz=56, trace=300162, class=sun.nio.cs.UTF_8$Encoder@50000064)
	charset		50006730
	replacement	500003bc
	malformedInputAction	50006b7b
	unmappableCharacterAction	50006b7b
ARR 500003bc (sz=1, trace=300163, nelems=1, elem type=byte[])
ARR 500003bd (sz=56, trace=300164, nelems=0, elem type=char[])
ARR 500003be (sz=80, trace=300165, nelems=0, elem type=byte[])
ARR 500003bf (sz=40, trace=300166, nelems=0, elem type=byte[])
ARR 500003c0 (sz=56, trace=300164, nelems=0, elem type=char[])
ARR 500003c1 (sz=80, trace=300165, nelems=0, elem type=byte[])
ARR 500003c2 (sz=40, trace=300166, nelems=0, elem type=byte[])
OBJ 500003c3 (sz=80, trace=300211, class=java.util.zip.ZipEntry@500002b9)
OBJ 500003c4 (sz=40, trace=300212, class=sun.nio.cs.UTF_8$Decoder@50000086)
	charset		50006730
	replacement	50006b80
	malformedInputAction	50006b7b
	unmappableCharacterAction	50006b7b
ARR 500003c5 (sz=56, trace=300213, nelems=0, elem type=char[])
OBJ 500003c6 (sz=24, trace=300214, class=java.lang.String@50000165)
	value		500003c7
ARR 500003c7 (sz=40, trace=300215, nelems=20, elem type=char[])
OBJ 500003c8 (sz=96, trace=300217, class=java.util.jar.JarFile$JarFileEntry@500002c0)
	name		500003c6
	this$0		500003ad
ARR 500003c9 (sz=56, trace=300218, nelems=0, elem type=char[])
ARR 500003ca (sz=80, trace=300219, nelems=0, elem type=byte[])
ARR 500003cb (sz=40, trace=300220, nelems=0, elem type=byte[])
OBJ 500003cc (sz=56, trace=300222, class=java.util.zip.ZipFile$ZipFileInputStream@500002c5)
	this$0		500003ad
OBJ 500003cd (sz=40, trace=300130, class=java.lang.ref.Finalizer@50000144)
	referent	500003cc
	queue		50006181
	next		500003ae
	prev		500003cf
OBJ 500003ce (sz=48, trace=300225, class=java.util.zip.Inflater@500002c8)
	zsRef		500003d0
	buf		500002c9
OBJ 500003cf (sz=40, trace=300130, class=java.lang.ref.Finalizer@50000144)
	referent	500003ce
	queue		50006181
	next		500003cd
	prev		500003d2
OBJ 500003d0 (sz=24, trace=300227, class=java.util.zip.ZStreamRef@500002cc)
OBJ 500003d1 (sz=56, trace=300229, class=java.util.zip.ZipFile$ZipFileInflaterInputStream@500002cf)
	in		500003cc
	inf		500003ce
	buf		500003d5
	singleByteBuf	500003d3
	b		500003d4
	zfin		500003cc
	this$0		500003ad
OBJ 500003d2 (sz=40, trace=300130, class=java.lang.ref.Finalizer@50000144)
	referent	500003d1
	queue		50006181
	next		500003cf
	prev		500003fa
ARR 500003d3 (sz=1, trace=300230, nelems=1, elem type=byte[])
ARR 500003d4 (sz=512, trace=300231, nelems=512, elem type=byte[])
ARR 500003d5 (sz=371, trace=300232, nelems=371, elem type=byte[])
OBJ 500003d6 (sz=40, trace=300233, class=java.util.WeakHashMap$Entry@50000038)
ARR 500003d7 (sz=16, trace=300235, nelems=0, elem type=byte[])
ARR 500003d8 (sz=392, trace=300236, nelems=0, elem type=byte[])
OBJ 500003d9 (sz=32, trace=300239, class=java.util.HashMap$Node@500000bb)
	key		50000394
	value		500003a3
ARR 500003da (sz=56, trace=300164, nelems=0, elem type=char[])
ARR 500003db (sz=80, trace=300165, nelems=0, elem type=byte[])
ARR 500003dc (sz=40, trace=300166, nelems=0, elem type=byte[])
OBJ 500003dd (sz=24, trace=300059, class=java.lang.StringBuilder@50000118)
ARR 500003de (sz=48, trace=300060, nelems=0, elem type=char[])
ARR 500003df (sz=144, trace=300010, nelems=0, elem type=char[])
OBJ 500003e0 (sz=24, trace=300061, class=java.lang.String@50000165)
	value		500003e1
ARR 500003e1 (sz=124, trace=300062, nelems=62, elem type=char[])
OBJ 500003e2 (sz=24, trace=300064, class=sun.misc.URLClassPath$3@500001c4)
OBJ 500003e3 (sz=24, trace=300069, class=java.lang.StringBuilder@50000118)
ARR 500003e4 (sz=48, trace=300070, nelems=0, elem type=char[])
OBJ 500003e5 (sz=24, trace=300079, class=java.lang.StringBuffer@50000119)
ARR 500003e6 (sz=136, trace=300080, nelems=0, elem type=char[])
ARR 500003e7 (sz=136, trace=300081, nelems=0, elem type=char[])
OBJ 500003e8 (sz=24, trace=300082, class=java.lang.String@50000165)
ARR 500003e9 (sz=136, trace=300010, nelems=0, elem type=char[])
ARR 500003ea (sz=264, trace=300010, nelems=0, elem type=char[])
OBJ 500003eb (sz=24, trace=300083, class=java.lang.String@50000165)
	value		500003ec
ARR 500003ec (sz=124, trace=300084, nelems=62, elem type=char[])
OBJ 500003ed (sz=64, trace=300085, class=java.net.URL@50000110)
	protocol	5000672c
	host		500062c7
	file		500003eb
	authority	500062c7
	path		500003eb
	handler		50006704
OBJ 500003ee (sz=24, trace=300086, class=java.net.Parts@50000011)
OBJ 500003ef (sz=56, trace=300087, class=sun.misc.URLClassPath$JarLoader@500001c7)
	base		500003ed
	jar		500003f9
	csu		5000670f
	handler		50006704
	lmap		50006705
	acc		500065c8
OBJ 500003f0 (sz=32, trace=300088, class=java.io.File@50000112)
OBJ 500003f1 (sz=16, trace=300091, class=sun.misc.URLClassPath$JarLoader$1@500001ec)
OBJ 500003f2 (sz=24, trace=300093, class=sun.misc.FileURLMapper@500001ee)
OBJ 500003f3 (sz=32, trace=300094, class=java.io.File@50000112)
ARR 500003f4 (sz=184, trace=300095, nelems=0, elem type=byte[])
ARR 500003f5 (sz=72, trace=300096, nelems=0, elem type=byte[])
OBJ 500003f6 (sz=24, trace=300097, class=java.lang.String@50000165)
ARR 500003f7 (sz=40, trace=300098, nelems=0, elem type=char[])
OBJ 500003f8 (sz=32, trace=300105, class=java.io.File@50000112)
OBJ 500003f9 (sz=64, trace=300129, class=java.util.jar.JarFile@500001f5)
	name		5000671f
	zc		50000401
	streams		500003fb
	inflaterCache	500003ff
OBJ 500003fa (sz=40, trace=300130, class=java.lang.ref.Finalizer@50000144)
	referent	500003f9
	queue		50006181
	next		500003d2
	prev		5000042d
OBJ 500003fb (sz=48, trace=300131, class=java.util.WeakHashMap@5000009e)
	table		500003fe
	queue		500003fc
OBJ 500003fc (sz=32, trace=300132, class=java.lang.ref.ReferenceQueue@50000143)
	lock		500003fd
OBJ 500003fd (sz=16, trace=300133, class=java.lang.ref.ReferenceQueue$Lock@500000c8)
ARR 500003fe (sz=80, trace=300134, nelems=0, elem type=java.util.WeakHashMap$Entry[]@50000037)
OBJ 500003ff (sz=24, trace=300136, class=java.util.ArrayDeque@50000259)
	elements	50000400
ARR 50000400 (sz=80, trace=300137, nelems=0, elem type=java.lang.Object[]@500000ff)
OBJ 50000401 (sz=32, trace=300139, class=java.util.zip.ZipCoder@5000025c)
	cs		50006730
	enc		50000407
ARR 50000402 (sz=184, trace=300140, nelems=0, elem type=byte[])
ARR 50000403 (sz=72, trace=300096, nelems=0, elem type=byte[])
ARR 50000404 (sz=184, trace=300141, nelems=0, elem type=byte[])
ARR 50000405 (sz=72, trace=300096, nelems=0, elem type=byte[])
ARR 50000406 (sz=24, trace=300161, nelems=0, elem type=byte[])
OBJ 50000407 (sz=56, trace=300162, class=sun.nio.cs.UTF_8$Encoder@50000064)
	charset		50006730
	replacement	50000408
	malformedInputAction	50006b7b
	unmappableCharacterAction	50006b7b
ARR 50000408 (sz=1, trace=300163, nelems=1, elem type=byte[])
ARR 50000409 (sz=56, trace=300164, nelems=0, elem type=char[])
ARR 5000040a (sz=80, trace=300165, nelems=0, elem type=byte[])
ARR 5000040b (sz=40, trace=300166, nelems=0, elem type=byte[])
OBJ 5000040c (sz=32, trace=300240, class=java.util.HashMap$Node@500000bb)
	key		500003e0
	value		500003ef
	next		50000458
ARR 5000040d (sz=56, trace=300164, nelems=0, elem type=char[])
ARR 5000040e (sz=80, trace=300165, nelems=0, elem type=byte[])
ARR 5000040f (sz=40, trace=300166, nelems=0, elem type=byte[])
OBJ 50000410 (sz=24, trace=300059, class=java.lang.StringBuilder@50000118)
ARR 50000411 (sz=48, trace=300060, nelems=0, elem type=char[])
ARR 50000412 (sz=144, trace=300010, nelems=0, elem type=char[])
OBJ 50000413 (sz=24, trace=300061, class=java.lang.String@50000165)
	value		50000414
ARR 50000414 (sz=124, trace=300062, nelems=62, elem type=char[])
OBJ 50000415 (sz=24, trace=300064, class=sun.misc.URLClassPath$3@500001c4)
OBJ 50000416 (sz=24, trace=300069, class=java.lang.StringBuilder@50000118)
ARR 50000417 (sz=48, trace=300070, nelems=0, elem type=char[])
OBJ 50000418 (sz=24, trace=300079, class=java.lang.StringBuffer@50000119)
ARR 50000419 (sz=136, trace=300080, nelems=0, elem type=char[])
ARR 5000041a (sz=136, trace=300081, nelems=0, elem type=char[])
OBJ 5000041b (sz=24, trace=300082, class=java.lang.String@50000165)
ARR 5000041c (sz=136, trace=300010, nelems=0, elem type=char[])
ARR 5000041d (sz=264, trace=300010, nelems=0, elem type=char[])
OBJ 5000041e (sz=24, trace=300083, class=java.lang.String@50000165)
	value		5000041f
ARR 5000041f (sz=124, trace=300084, nelems=62, elem type=char[])
OBJ 50000420 (sz=64, trace=300085, class=java.net.URL@50000110)
	protocol	5000672c
	host		500062c7
	file		5000041e
	authority	500062c7
	path		5000041e
	handler		50006704
OBJ 50000421 (sz=24, trace=300086, class=java.net.Parts@50000011)
OBJ 50000422 (sz=56, trace=300087, class=sun.misc.URLClassPath$JarLoader@500001c7)
	base		50000420
	jar		5000042c
	csu		50006710
	handler		50006704
	lmap		50006705
	acc		500065c8
OBJ 50000423 (sz=32, trace=300088, class=java.io.File@50000112)
OBJ 50000424 (sz=16, trace=300091, class=sun.misc.URLClassPath$JarLoader$1@500001ec)
OBJ 50000425 (sz=24, trace=300093, class=sun.misc.FileURLMapper@500001ee)
OBJ 50000426 (sz=32, trace=300094, class=java.io.File@50000112)
ARR 50000427 (sz=184, trace=300095, nelems=0, elem type=byte[])
ARR 50000428 (sz=72, trace=300096, nelems=0, elem type=byte[])
OBJ 50000429 (sz=24, trace=300097, class=java.lang.String@50000165)
ARR 5000042a (sz=40, trace=300098, nelems=0, elem type=char[])
OBJ 5000042b (sz=32, trace=300105, class=java.io.File@50000112)
OBJ 5000042c (sz=64, trace=300129, class=java.util.jar.JarFile@500001f5)
	name		5000671d
	zc		50000434
	streams		5000042e
	inflaterCache	50000432
	manEntry	50000447
OBJ 5000042d (sz=40, trace=300130, class=java.lang.ref.Finalizer@50000144)
	referent	5000042c
	queue		50006181
	next		500003fa
	prev		5000044c
OBJ 5000042e (sz=48, trace=300131, class=java.util.WeakHashMap@5000009e)
	table		50000431
	queue		5000042f
OBJ 5000042f (sz=32, trace=300132, class=java.lang.ref.ReferenceQueue@50000143)
	lock		50000430
OBJ 50000430 (sz=16, trace=300133, class=java.lang.ref.ReferenceQueue$Lock@500000c8)
ARR 50000431 (sz=80, trace=300134, nelems=0, elem type=java.util.WeakHashMap$Entry[]@50000037)
OBJ 50000432 (sz=24, trace=300136, class=java.util.ArrayDeque@50000259)
	elements	50000433
ARR 50000433 (sz=80, trace=300137, nelems=1, elem type=java.lang.Object[]@500000ff)
	[0]		5000044d
OBJ 50000434 (sz=32, trace=300139, class=java.util.zip.ZipCoder@5000025c)
	cs		50006730
	dec		50000443
	enc		5000043a
ARR 50000435 (sz=184, trace=300140, nelems=0, elem type=byte[])
ARR 50000436 (sz=72, trace=300096, nelems=0, elem type=byte[])
ARR 50000437 (sz=184, trace=300141, nelems=0, elem type=byte[])
ARR 50000438 (sz=72, trace=300096, nelems=0, elem type=byte[])
ARR 50000439 (sz=24, trace=300161, nelems=0, elem type=byte[])
OBJ 5000043a (sz=56, trace=300162, class=sun.nio.cs.UTF_8$Encoder@50000064)
	charset		50006730
	replacement	5000043b
	malformedInputAction	50006b7b
	unmappableCharacterAction	50006b7b
ARR 5000043b (sz=1, trace=300163, nelems=1, elem type=byte[])
ARR 5000043c (sz=56, trace=300164, nelems=0, elem type=char[])
ARR 5000043d (sz=80, trace=300165, nelems=0, elem type=byte[])
ARR 5000043e (sz=40, trace=300166, nelems=0, elem type=byte[])
ARR 5000043f (sz=56, trace=300164, nelems=0, elem type=char[])
ARR 50000440 (sz=80, trace=300165, nelems=0, elem type=byte[])
ARR 50000441 (sz=40, trace=300166, nelems=0, elem type=byte[])
OBJ 50000442 (sz=80, trace=300211, class=java.util.zip.ZipEntry@500002b9)
OBJ 50000443 (sz=40, trace=300212, class=sun.nio.cs.UTF_8$Decoder@50000086)
	charset		50006730
	replacement	50006b80
	malformedInputAction	50006b7b
	unmappableCharacterAction	50006b7b
ARR 50000444 (sz=56, trace=300213, nelems=0, elem type=char[])
OBJ 50000445 (sz=24, trace=300214, class=java.lang.String@50000165)
	value		50000446
ARR 50000446 (sz=40, trace=300215, nelems=20, elem type=char[])
OBJ 50000447 (sz=96, trace=300217, class=java.util.jar.JarFile$JarFileEntry@500002c0)
	name		50000445
	this$0		5000042c
ARR 50000448 (sz=56, trace=300218, nelems=0, elem type=char[])
ARR 50000449 (sz=80, trace=300219, nelems=0, elem type=byte[])
ARR 5000044a (sz=40, trace=300220, nelems=0, elem type=byte[])
OBJ 5000044b (sz=56, trace=300222, class=java.util.zip.ZipFile$ZipFileInputStream@500002c5)
	this$0		5000042c
OBJ 5000044c (sz=40, trace=300130, class=java.lang.ref.Finalizer@50000144)
	referent	5000044b
	queue		50006181
	next		5000042d
	prev		5000044e
OBJ 5000044d (sz=48, trace=300225, class=java.util.zip.Inflater@500002c8)
	zsRef		5000044f
	buf		500002c9
OBJ 5000044e (sz=40, trace=300130, class=java.lang.ref.Finalizer@50000144)
	referent	5000044d
	queue		50006181
	next		5000044c
	prev		50000451
OBJ 5000044f (sz=24, trace=300227, class=java.util.zip.ZStreamRef@500002cc)
OBJ 50000450 (sz=56, trace=300229, class=java.util.zip.ZipFile$ZipFileInflaterInputStream@500002cf)
	in		5000044b
	inf		5000044d
	buf		50000454
	singleByteBuf	50000452
	b		50000453
	zfin		5000044b
	this$0		5000042c
OBJ 50000451 (sz=40, trace=300130, class=java.lang.ref.Finalizer@50000144)
	referent	50000450
	queue		50006181
	next		5000044e
	prev		50000479
ARR 50000452 (sz=1, trace=300230, nelems=1, elem type=byte[])
ARR 50000453 (sz=512, trace=300231, nelems=512, elem type=byte[])
ARR 50000454 (sz=371, trace=300232, nelems=371, elem type=byte[])
OBJ 50000455 (sz=40, trace=300233, class=java.util.WeakHashMap$Entry@50000038)
ARR 50000456 (sz=16, trace=300235, nelems=0, elem type=byte[])
ARR 50000457 (sz=392, trace=300236, nelems=0, elem type=byte[])
OBJ 50000458 (sz=32, trace=300240, class=java.util.HashMap$Node@500000bb)
	key		50000413
	value		50000422
	next		500009ce
ARR 50000459 (sz=56, trace=300164, nelems=0, elem type=char[])
ARR 5000045a (sz=80, trace=300165, nelems=0, elem type=byte[])
ARR 5000045b (sz=40, trace=300166, nelems=0, elem type=byte[])
OBJ 5000045c (sz=24, trace=300059, class=java.lang.StringBuilder@50000118)
ARR 5000045d (sz=48, trace=300060, nelems=0, elem type=char[])
ARR 5000045e (sz=144, trace=300010, nelems=0, elem type=char[])
OBJ 5000045f (sz=24, trace=300061, class=java.lang.String@50000165)
	value		50000460
ARR 50000460 (sz=124, trace=300062, nelems=62, elem type=char[])
OBJ 50000461 (sz=24, trace=300064, class=sun.misc.URLClassPath$3@500001c4)
OBJ 50000462 (sz=24, trace=300069, class=java.lang.StringBuilder@50000118)
ARR 50000463 (sz=48, trace=300070, nelems=0, elem type=char[])
OBJ 50000464 (sz=24, trace=300079, class=java.lang.StringBuffer@50000119)
ARR 50000465 (sz=136, trace=300080, nelems=0, elem type=char[])
ARR 50000466 (sz=136, trace=300081, nelems=0, elem type=char[])
OBJ 50000467 (sz=24, trace=300082, class=java.lang.String@50000165)
ARR 50000468 (sz=136, trace=300010, nelems=0, elem type=char[])
ARR 50000469 (sz=264, trace=300010, nelems=0, elem type=char[])
OBJ 5000046a (sz=24, trace=300083, class=java.lang.String@50000165)
	value		5000046b
ARR 5000046b (sz=124, trace=300084, nelems=62, elem type=char[])
OBJ 5000046c (sz=64, trace=300085, class=java.net.URL@50000110)
	protocol	5000672c
	host		500062c7
	file		5000046a
	authority	500062c7
	path		5000046a
	handler		50006704
OBJ 5000046d (sz=24, trace=300086, class=java.net.Parts@50000011)
OBJ 5000046e (sz=56, trace=300087, class=sun.misc.URLClassPath$JarLoader@500001c7)
	base		5000046c
	jar		50000478
	csu		50006711
	handler		50006704
	lmap		50006705
	acc		500065c8
OBJ 5000046f (sz=32, trace=300088, class=java.io.File@50000112)
OBJ 50000470 (sz=16, trace=300091, class=sun.misc.URLClassPath$JarLoader$1@500001ec)
OBJ 50000471 (sz=24, trace=300093, class=sun.misc.FileURLMapper@500001ee)
OBJ 50000472 (sz=32, trace=300094, class=java.io.File@50000112)
ARR 50000473 (sz=184, trace=300095, nelems=0, elem type=byte[])
ARR 50000474 (sz=72, trace=300096, nelems=0, elem type=byte[])
OBJ 50000475 (sz=24, trace=300097, class=java.lang.String@50000165)
ARR 50000476 (sz=40, trace=300098, nelems=0, elem type=char[])
OBJ 50000477 (sz=32, trace=300105, class=java.io.File@50000112)
OBJ 50000478 (sz=64, trace=300129, class=java.util.jar.JarFile@500001f5)
	name		5000671b
	zc		50000480
	streams		5000047a
	inflaterCache	5000047e
OBJ 50000479 (sz=40, trace=300130, class=java.lang.ref.Finalizer@50000144)
	referent	50000478
	queue		50006181
	next		50000451
	prev		500004ac
OBJ 5000047a (sz=48, trace=300131, class=java.util.WeakHashMap@5000009e)
	table		5000047d
	queue		5000047b
OBJ 5000047b (sz=32, trace=300132, class=java.lang.ref.ReferenceQueue@50000143)
	lock		5000047c
OBJ 5000047c (sz=16, trace=300133, class=java.lang.ref.ReferenceQueue$Lock@500000c8)
ARR 5000047d (sz=80, trace=300134, nelems=0, elem type=java.util.WeakHashMap$Entry[]@50000037)
OBJ 5000047e (sz=24, trace=300136, class=java.util.ArrayDeque@50000259)
	elements	5000047f
ARR 5000047f (sz=80, trace=300137, nelems=0, elem type=java.lang.Object[]@500000ff)
OBJ 50000480 (sz=32, trace=300139, class=java.util.zip.ZipCoder@5000025c)
	cs		50006730
	enc		50000486
ARR 50000481 (sz=184, trace=300140, nelems=0, elem type=byte[])
ARR 50000482 (sz=72, trace=300096, nelems=0, elem type=byte[])
ARR 50000483 (sz=184, trace=300141, nelems=0, elem type=byte[])
ARR 50000484 (sz=72, trace=300096, nelems=0, elem type=byte[])
ARR 50000485 (sz=24, trace=300161, nelems=0, elem type=byte[])
OBJ 50000486 (sz=56, trace=300162, class=sun.nio.cs.UTF_8$Encoder@50000064)
	charset		50006730
	replacement	50000487
	malformedInputAction	50006b7b
	unmappableCharacterAction	50006b7b
ARR 50000487 (sz=1, trace=300163, nelems=1, elem type=byte[])
ARR 50000488 (sz=56, trace=300164, nelems=0, elem type=char[])
ARR 50000489 (sz=80, trace=300165, nelems=0, elem type=byte[])
ARR 5000048a (sz=40, trace=300166, nelems=0, elem type=byte[])
OBJ 5000048b (sz=32, trace=300239, class=java.util.HashMap$Node@500000bb)
	key		5000045f
	value		5000046e
ARR 5000048c (sz=56, trace=300164, nelems=0, elem type=char[])
ARR 5000048d (sz=80, trace=300165, nelems=0, elem type=byte[])
ARR 5000048e (sz=40, trace=300166, nelems=0, elem type=byte[])
OBJ 5000048f (sz=24, trace=300059, class=java.lang.StringBuilder@50000118)
ARR 50000490 (sz=48, trace=300060, nelems=0, elem type=char[])
ARR 50000491 (sz=144, trace=300010, nelems=0, elem type=char[])
OBJ 50000492 (sz=24, trace=300061, class=java.lang.String@50000165)
	value		50000493
ARR 50000493 (sz=128, trace=300062, nelems=64, elem type=char[])
OBJ 50000494 (sz=24, trace=300064, class=sun.misc.URLClassPath$3@500001c4)
OBJ 50000495 (sz=24, trace=300069, class=java.lang.StringBuilder@50000118)
ARR 50000496 (sz=48, trace=300070, nelems=0, elem type=char[])
OBJ 50000497 (sz=24, trace=300079, class=java.lang.StringBuffer@50000119)
ARR 50000498 (sz=144, trace=300080, nelems=0, elem type=char[])
ARR 50000499 (sz=144, trace=300081, nelems=0, elem type=char[])
OBJ 5000049a (sz=24, trace=300082, class=java.lang.String@50000165)
ARR 5000049b (sz=144, trace=300010, nelems=0, elem type=char[])
ARR 5000049c (sz=272, trace=300010, nelems=0, elem type=char[])
OBJ 5000049d (sz=24, trace=300083, class=java.lang.String@50000165)
	value		5000049e
ARR 5000049e (sz=128, trace=300084, nelems=64, elem type=char[])
OBJ 5000049f (sz=64, trace=300085, class=java.net.URL@50000110)
	protocol	5000672c
	host		500062c7
	file		5000049d
	authority	500062c7
	path		5000049d
	handler		50006704
OBJ 500004a0 (sz=24, trace=300086, class=java.net.Parts@50000011)
OBJ 500004a1 (sz=56, trace=300087, class=sun.misc.URLClassPath$JarLoader@500001c7)
	base		5000049f
	jar		500004ab
	csu		50006712
	handler		50006704
	lmap		50006705
	acc		500065c8
OBJ 500004a2 (sz=32, trace=300088, class=java.io.File@50000112)
OBJ 500004a3 (sz=16, trace=300091, class=sun.misc.URLClassPath$JarLoader$1@500001ec)
OBJ 500004a4 (sz=24, trace=300093, class=sun.misc.FileURLMapper@500001ee)
OBJ 500004a5 (sz=32, trace=300094, class=java.io.File@50000112)
ARR 500004a6 (sz=192, trace=300095, nelems=0, elem type=byte[])
ARR 500004a7 (sz=80, trace=300096, nelems=0, elem type=byte[])
OBJ 500004a8 (sz=24, trace=300097, class=java.lang.String@50000165)
ARR 500004a9 (sz=40, trace=300098, nelems=0, elem type=char[])
OBJ 500004aa (sz=32, trace=300105, class=java.io.File@50000112)
OBJ 500004ab (sz=64, trace=300129, class=java.util.jar.JarFile@500001f5)
	name		50006719
	zc		500004b3
	streams		500004ad
	inflaterCache	500004b1
	manEntry	500004c6
OBJ 500004ac (sz=40, trace=300130, class=java.lang.ref.Finalizer@50000144)
	referent	500004ab
	queue		50006181
	next		50000479
	prev		500004cb
OBJ 500004ad (sz=48, trace=300131, class=java.util.WeakHashMap@5000009e)
	table		500004b0
	queue		500004ae
OBJ 500004ae (sz=32, trace=300132, class=java.lang.ref.ReferenceQueue@50000143)
	lock		500004af
OBJ 500004af (sz=16, trace=300133, class=java.lang.ref.ReferenceQueue$Lock@500000c8)
ARR 500004b0 (sz=80, trace=300134, nelems=0, elem type=java.util.WeakHashMap$Entry[]@50000037)
OBJ 500004b1 (sz=24, trace=300136, class=java.util.ArrayDeque@50000259)
	elements	500004b2
ARR 500004b2 (sz=80, trace=300137, nelems=1, elem type=java.lang.Object[]@500000ff)
	[0]		500004cc
OBJ 500004b3 (sz=32, trace=300139, class=java.util.zip.ZipCoder@5000025c)
	cs		50006730
	dec		500004c2
	enc		500004b9
ARR 500004b4 (sz=192, trace=300140, nelems=0, elem type=byte[])
ARR 500004b5 (sz=80, trace=300096, nelems=0, elem type=byte[])
ARR 500004b6 (sz=192, trace=300141, nelems=0, elem type=byte[])
ARR 500004b7 (sz=80, trace=300096, nelems=0, elem type=byte[])
ARR 500004b8 (sz=24, trace=300161, nelems=0, elem type=byte[])
OBJ 500004b9 (sz=56, trace=300162, class=sun.nio.cs.UTF_8$Encoder@50000064)
	charset		50006730
	replacement	500004ba
	malformedInputAction	50006b7b
	unmappableCharacterAction	50006b7b
ARR 500004ba (sz=1, trace=300163, nelems=1, elem type=byte[])
ARR 500004bb (sz=56, trace=300164, nelems=0, elem type=char[])
ARR 500004bc (sz=80, trace=300165, nelems=0, elem type=byte[])
ARR 500004bd (sz=40, trace=300166, nelems=0, elem type=byte[])
ARR 500004be (sz=56, trace=300164, nelems=0, elem type=char[])
ARR 500004bf (sz=80, trace=300165, nelems=0, elem type=byte[])
ARR 500004c0 (sz=40, trace=300166, nelems=0, elem type=byte[])
OBJ 500004c1 (sz=80, trace=300211, class=java.util.zip.ZipEntry@500002b9)
OBJ 500004c2 (sz=40, trace=300212, class=sun.nio.cs.UTF_8$Decoder@50000086)
	charset		50006730
	replacement	50006b80
	malformedInputAction	50006b7b
	unmappableCharacterAction	50006b7b
ARR 500004c3 (sz=56, trace=300213, nelems=0, elem type=char[])
OBJ 500004c4 (sz=24, trace=300214, class=java.lang.String@50000165)
	value		500004c5
ARR 500004c5 (sz=40, trace=300215, nelems=20, elem type=char[])
OBJ 500004c6 (sz=96, trace=300217, class=java.util.jar.JarFile$JarFileEntry@500002c0)
	name		500004c4
	this$0		500004ab
ARR 500004c7 (sz=56, trace=300218, nelems=0, elem type=char[])
ARR 500004c8 (sz=80, trace=300219, nelems=0, elem type=byte[])
ARR 500004c9 (sz=40, trace=300220, nelems=0, elem type=byte[])
OBJ 500004ca (sz=56, trace=300222, class=java.util.zip.ZipFile$ZipFileInputStream@500002c5)
	this$0		500004ab
OBJ 500004cb (sz=40, trace=300130, class=java.lang.ref.Finalizer@50000144)
	referent	500004ca
	queue		50006181
	next		500004ac
	prev		500004cd
OBJ 500004cc (sz=48, trace=300225, class=java.util.zip.Inflater@500002c8)
	zsRef		500004ce
	buf		500002c9
OBJ 500004cd (sz=40, trace=300130, class=java.lang.ref.Finalizer@50000144)
	referent	500004cc
	queue		50006181
	next		500004cb
	prev		500004d0
OBJ 500004ce (sz=24, trace=300227, class=java.util.zip.ZStreamRef@500002cc)
OBJ 500004cf (sz=56, trace=300229, class=java.util.zip.ZipFile$ZipFileInflaterInputStream@500002cf)
	in		500004ca
	inf		500004cc
	buf		500004d3
	singleByteBuf	500004d1
	b		500004d2
	zfin		500004ca
	this$0		500004ab
OBJ 500004d0 (sz=40, trace=300130, class=java.lang.ref.Finalizer@50000144)
	referent	500004cf
	queue		50006181
	next		500004cd
	prev		500004f8
ARR 500004d1 (sz=1, trace=300230, nelems=1, elem type=byte[])
ARR 500004d2 (sz=512, trace=300231, nelems=512, elem type=byte[])
ARR 500004d3 (sz=71, trace=300232, nelems=71, elem type=byte[])
OBJ 500004d4 (sz=40, trace=300233, class=java.util.WeakHashMap$Entry@50000038)
ARR 500004d5 (sz=16, trace=300235, nelems=0, elem type=byte[])
ARR 500004d6 (sz=88, trace=300236, nelems=0, elem type=byte[])
OBJ 500004d7 (sz=32, trace=300240, class=java.util.HashMap$Node@500000bb)
	key		50000492
	value		500004a1
ARR 500004d8 (sz=56, trace=300164, nelems=0, elem type=char[])
ARR 500004d9 (sz=80, trace=300165, nelems=0, elem type=byte[])
ARR 500004da (sz=40, trace=300166, nelems=0, elem type=byte[])
OBJ 500004db (sz=24, trace=300059, class=java.lang.StringBuilder@50000118)
ARR 500004dc (sz=48, trace=300060, nelems=0, elem type=char[])
ARR 500004dd (sz=144, trace=300010, nelems=0, elem type=char[])
OBJ 500004de (sz=24, trace=300061, class=java.lang.String@50000165)
ARR 500004df (sz=144, trace=300062, nelems=0, elem type=char[])
OBJ 500004e0 (sz=24, trace=300064, class=sun.misc.URLClassPath$3@500001c4)
OBJ 500004e1 (sz=24, trace=300069, class=java.lang.StringBuilder@50000118)
ARR 500004e2 (sz=48, trace=300070, nelems=0, elem type=char[])
OBJ 500004e3 (sz=24, trace=300079, class=java.lang.StringBuffer@50000119)
ARR 500004e4 (sz=136, trace=300080, nelems=0, elem type=char[])
ARR 500004e5 (sz=136, trace=300081, nelems=0, elem type=char[])
OBJ 500004e6 (sz=24, trace=300082, class=java.lang.String@50000165)
ARR 500004e7 (sz=136, trace=300010, nelems=0, elem type=char[])
ARR 500004e8 (sz=264, trace=300010, nelems=0, elem type=char[])
OBJ 500004e9 (sz=24, trace=300083, class=java.lang.String@50000165)
	value		500004ea
ARR 500004ea (sz=124, trace=300084, nelems=62, elem type=char[])
OBJ 500004eb (sz=64, trace=300085, class=java.net.URL@50000110)
	protocol	5000672c
	host		500062c7
	file		500004e9
	authority	500062c7
	path		500004e9
	handler		50006704
OBJ 500004ec (sz=24, trace=300086, class=java.net.Parts@50000011)
OBJ 500004ed (sz=56, trace=300087, class=sun.misc.URLClassPath$JarLoader@500001c7)
	base		500004eb
	jar		500004f7
	csu		50006713
	index		5000051e
	handler		50006704
	lmap		50006705
	acc		500065c8
OBJ 500004ee (sz=32, trace=300088, class=java.io.File@50000112)
OBJ 500004ef (sz=16, trace=300091, class=sun.misc.URLClassPath$JarLoader$1@500001ec)
OBJ 500004f0 (sz=24, trace=300093, class=sun.misc.FileURLMapper@500001ee)
OBJ 500004f1 (sz=32, trace=300094, class=java.io.File@50000112)
ARR 500004f2 (sz=184, trace=300095, nelems=0, elem type=byte[])
ARR 500004f3 (sz=72, trace=300096, nelems=0, elem type=byte[])
OBJ 500004f4 (sz=24, trace=300097, class=java.lang.String@50000165)
ARR 500004f5 (sz=40, trace=300098, nelems=0, elem type=char[])
OBJ 500004f6 (sz=32, trace=300105, class=java.io.File@50000112)
OBJ 500004f7 (sz=64, trace=300129, class=java.util.jar.JarFile@500001f5)
	name		50006717
	zc		500004ff
	streams		500004f9
	inflaterCache	500004fd
OBJ 500004f8 (sz=40, trace=300130, class=java.lang.ref.Finalizer@50000144)
	referent	500004f7
	queue		50006181
	next		500004d0
	prev		50000514
OBJ 500004f9 (sz=48, trace=300131, class=java.util.WeakHashMap@5000009e)
	table		500004fc
	queue		500004fa
OBJ 500004fa (sz=32, trace=300132, class=java.lang.ref.ReferenceQueue@50000143)
	lock		500004fb
OBJ 500004fb (sz=16, trace=300133, class=java.lang.ref.ReferenceQueue$Lock@500000c8)
ARR 500004fc (sz=80, trace=300134, nelems=12, elem type=java.util.WeakHashMap$Entry[]@50000037)
	[11]		5000051d
OBJ 500004fd (sz=24, trace=300136, class=java.util.ArrayDeque@50000259)
	elements	500004fe
ARR 500004fe (sz=80, trace=300137, nelems=0, elem type=java.lang.Object[]@500000ff)
OBJ 500004ff (sz=32, trace=300139, class=java.util.zip.ZipCoder@5000025c)
	cs		50006730
	dec		5000050b
	enc		50000505
ARR 50000500 (sz=184, trace=300140, nelems=0, elem type=byte[])
ARR 50000501 (sz=72, trace=300096, nelems=0, elem type=byte[])
ARR 50000502 (sz=184, trace=300141, nelems=0, elem type=byte[])
ARR 50000503 (sz=72, trace=300096, nelems=0, elem type=byte[])
ARR 50000504 (sz=24, trace=300161, nelems=0, elem type=byte[])
OBJ 50000505 (sz=56, trace=300162, class=sun.nio.cs.UTF_8$Encoder@50000064)
	charset		50006730
	replacement	50000506
	malformedInputAction	50006b7b
	unmappableCharacterAction	50006b7b
ARR 50000506 (sz=1, trace=300163, nelems=1, elem type=byte[])
ARR 50000507 (sz=56, trace=300164, nelems=0, elem type=char[])
ARR 50000508 (sz=80, trace=300165, nelems=0, elem type=byte[])
ARR 50000509 (sz=40, trace=300166, nelems=0, elem type=byte[])
OBJ 5000050a (sz=80, trace=300211, class=java.util.zip.ZipEntry@500002b9)
OBJ 5000050b (sz=40, trace=300212, class=sun.nio.cs.UTF_8$Decoder@50000086)
	charset		50006730
	replacement	50006b80
	malformedInputAction	50006b7b
	unmappableCharacterAction	50006b7b
ARR 5000050c (sz=56, trace=300213, nelems=0, elem type=char[])
OBJ 5000050d (sz=24, trace=300214, class=java.lang.String@50000165)
ARR 5000050e (sz=56, trace=300215, nelems=0, elem type=char[])
OBJ 5000050f (sz=96, trace=300217, class=java.util.jar.JarFile$JarFileEntry@500002c0)
ARR 50000510 (sz=56, trace=300241, nelems=0, elem type=char[])
ARR 50000511 (sz=80, trace=300242, nelems=0, elem type=byte[])
ARR 50000512 (sz=40, trace=300243, nelems=0, elem type=byte[])
OBJ 50000513 (sz=56, trace=300244, class=java.util.zip.ZipFile$ZipFileInputStream@500002c5)
	this$0		500004f7
OBJ 50000514 (sz=40, trace=300130, class=java.lang.ref.Finalizer@50000144)
	referent	50000513
	queue		50006181
	next		500004f8
	prev		50000516
OBJ 50000515 (sz=48, trace=300245, class=java.util.zip.Inflater@500002c8)
	zsRef		50000517
	buf		5000051c
OBJ 50000516 (sz=40, trace=300130, class=java.lang.ref.Finalizer@50000144)
	referent	50000515
	queue		50006181
	next		50000514
	prev		50000519
OBJ 50000517 (sz=24, trace=300227, class=java.util.zip.ZStreamRef@500002cc)
OBJ 50000518 (sz=56, trace=300229, class=java.util.zip.ZipFile$ZipFileInflaterInputStream@500002cf)
	in		50000513
	inf		50000515
	buf		5000051c
	singleByteBuf	5000051a
	b		5000051b
	zfin		50000513
	this$0		500004f7
OBJ 50000519 (sz=40, trace=300130, class=java.lang.ref.Finalizer@50000144)
	referent	50000518
	queue		50006181
	next		50000516
	prev		500009f3
ARR 5000051a (sz=1, trace=300246, nelems=1, elem type=byte[])
ARR 5000051b (sz=512, trace=300247, nelems=512, elem type=byte[])
ARR 5000051c (sz=4600, trace=300248, nelems=4600, elem type=byte[])
OBJ 5000051d (sz=40, trace=300233, class=java.util.WeakHashMap$Entry@50000038)
	referent	50000518
	queue		500004fa
	value		50000515
OBJ 5000051e (sz=24, trace=300249, class=sun.misc.JarIndex@50000280)
	indexMap	5000051f
	jarMap		50000520
	jarFiles	500009bf
OBJ 5000051f (sz=48, trace=300250, class=java.util.HashMap@500000bd)
	table		50000793
OBJ 50000520 (sz=48, trace=300251, class=java.util.HashMap@500000bd)
	table		5000054f
OBJ 50000525 (sz=24, trace=300254, class=java.io.InputStreamReader@50000524)
ARR 50000527 (sz=24, trace=300107, nelems=0, elem type=char[])
OBJ 50000528 (sz=24, trace=300108, class=java.lang.String@50000165)
ARR 50000529 (sz=24, trace=300109, nelems=0, elem type=char[])
ARR 5000052a (sz=24, trace=300256, nelems=2, elem type=java.lang.Object[]@500000ff)
	[0]		50006734
	[1]		50006730
OBJ 5000052b (sz=40, trace=300212, class=sun.nio.cs.UTF_8$Decoder@50000086)
OBJ 5000052c (sz=48, trace=300257, class=sun.nio.cs.StreamDecoder@50000526)
ARR 5000052d (sz=8208, trace=300258, nelems=0, elem type=byte[])
OBJ 5000052e (sz=48, trace=300259, class=java.nio.HeapByteBuffer@50000062)
OBJ 5000052f (sz=48, trace=300260, class=java.io.BufferedReader@50000523)
ARR 50000530 (sz=16400, trace=300261, nelems=0, elem type=char[])
OBJ 50000531 (sz=32, trace=300262, class=java.util.Vector@500000da)
ARR 50000532 (sz=56, trace=300263, nelems=0, elem type=java.lang.Object[]@500000ff)
OBJ 50000535 (sz=48, trace=300266, class=java.nio.HeapCharBuffer@50000534)
ARR 50000537 (sz=32, trace=300268, nelems=4, elem type=java.lang.String[]@500000bf)
	[0]		50006b67
	[1]		50006b68
	[2]		50006b69
	[3]		50006b6a
OBJ 50000538 (sz=24, trace=300269, class=java.nio.charset.CoderResult@50000536)
OBJ 50000539 (sz=24, trace=300270, class=java.nio.charset.CoderResult@50000536)
OBJ 5000053c (sz=16, trace=300272, class=java.nio.charset.CoderResult$1@5000053b)
OBJ 5000053e (sz=16, trace=300274, class=java.nio.charset.CoderResult$2@5000053d)
OBJ 5000053f (sz=24, trace=300275, class=java.lang.String@50000165)
ARR 50000540 (sz=64, trace=300276, nelems=0, elem type=char[])
OBJ 50000541 (sz=24, trace=300275, class=java.lang.String@50000165)
OBJ 50000542 (sz=24, trace=300275, class=java.lang.String@50000165)
	value		50000543
ARR 50000543 (sz=18, trace=300276, nelems=9, elem type=char[])
OBJ 50000544 (sz=24, trace=300277, class=java.lang.String@50000165)
	value		50000545
ARR 50000545 (sz=6, trace=300276, nelems=3, elem type=char[])
OBJ 50000548 (sz=32, trace=300279, class=java.util.LinkedList@50000547)
	first		5000054a
	last		5000054a
OBJ 5000054a (sz=24, trace=300281, class=java.util.LinkedList$Node@50000549)
	item		50000542
ARR 5000054b (sz=80, trace=300282, nelems=0, elem type=java.util.HashMap$Node[]@500000b9)
OBJ 5000054c (sz=32, trace=300239, class=java.util.HashMap$Node@500000bb)
	key		50000544
	value		50000548
OBJ 5000054d (sz=32, trace=300279, class=java.util.LinkedList@50000547)
	first		5000054e
	last		500009bc
OBJ 5000054e (sz=24, trace=300281, class=java.util.LinkedList$Node@50000549)
	item		50000544
	next		50000556
ARR 5000054f (sz=80, trace=300282, nelems=1, elem type=java.util.HashMap$Node[]@500000b9)
	[0]		50000550
OBJ 50000550 (sz=32, trace=300239, class=java.util.HashMap$Node@500000bb)
	key		50000542
	value		5000054d
OBJ 50000551 (sz=24, trace=300277, class=java.lang.String@50000165)
	value		50000552
ARR 50000552 (sz=14, trace=300276, nelems=7, elem type=char[])
OBJ 50000553 (sz=32, trace=300279, class=java.util.LinkedList@50000547)
	first		50000554
	last		50000554
OBJ 50000554 (sz=24, trace=300281, class=java.util.LinkedList$Node@50000549)
	item		50000542
OBJ 50000555 (sz=32, trace=300239, class=java.util.HashMap$Node@500000bb)
	key		50000551
	value		50000553
OBJ 50000556 (sz=24, trace=300283, class=java.util.LinkedList$Node@50000549)
	item		50000551
	next		5000055c
	prev		5000054e
OBJ 50000557 (sz=24, trace=300277, class=java.lang.String@50000165)
	value		50000558
ARR 50000558 (sz=26, trace=300276, nelems=13, elem type=char[])
OBJ 50000559 (sz=32, trace=300279, class=java.util.LinkedList@50000547)
	first		5000055a
	last		5000055a
OBJ 5000055a (sz=24, trace=300281, class=java.util.LinkedList$Node@50000549)
	item		50000542
OBJ 5000055b (sz=32, trace=300239, class=java.util.HashMap$Node@500000bb)
	key		50000557
	value		50000559
	next		50000732
OBJ 5000055c (sz=24, trace=300283, class=java.util.LinkedList$Node@50000549)
	item		50000557
	next		50000562
	prev		50000556
OBJ 5000055d (sz=24, trace=300277, class=java.lang.String@50000165)
	value		5000055e
ARR 5000055e (sz=40, trace=300276, nelems=20, elem type=char[])
OBJ 5000055f (sz=32, trace=300279, class=java.util.LinkedList@50000547)
	first		50000560
	last		50000560
OBJ 50000560 (sz=24, trace=300281, class=java.util.LinkedList$Node@50000549)
	item		50000542
OBJ 50000561 (sz=32, trace=300239, class=java.util.HashMap$Node@500000bb)
	key		5000055d
	value		5000055f
OBJ 50000562 (sz=24, trace=300283, class=java.util.LinkedList$Node@50000549)
	item		5000055d
	next		50000568
	prev		5000055c
OBJ 50000563 (sz=24, trace=300277, class=java.lang.String@50000165)
	value		50000564
ARR 50000564 (sz=32, trace=300276, nelems=16, elem type=char[])
OBJ 50000565 (sz=32, trace=300279, class=java.util.LinkedList@50000547)
	first		50000566
	last		50000566
OBJ 50000566 (sz=24, trace=300281, class=java.util.LinkedList$Node@50000549)
	item		50000542
OBJ 50000567 (sz=32, trace=300239, class=java.util.HashMap$Node@500000bb)
	key		50000563
	value		50000565
OBJ 50000568 (sz=24, trace=300283, class=java.util.LinkedList$Node@50000549)
	item		50000563
	next		5000056e
	prev		50000562
OBJ 50000569 (sz=24, trace=300277, class=java.lang.String@50000165)
	value		5000056a
ARR 5000056a (sz=50, trace=300276, nelems=25, elem type=char[])
OBJ 5000056b (sz=32, trace=300279, class=java.util.LinkedList@50000547)
	first		5000056c
	last		5000056c
OBJ 5000056c (sz=24, trace=300281, class=java.util.LinkedList$Node@50000549)
	item		50000542
OBJ 5000056d (sz=32, trace=300239, class=java.util.HashMap$Node@500000bb)
	key		50000569
	value		5000056b
	next		5000086b
OBJ 5000056e (sz=24, trace=300283, class=java.util.LinkedList$Node@50000549)
	item		50000569
	next		50000574
	prev		50000568
OBJ 5000056f (sz=24, trace=300277, class=java.lang.String@50000165)
	value		50000570
ARR 50000570 (sz=40, trace=300276, nelems=20, elem type=char[])
OBJ 50000571 (sz=32, trace=300279, class=java.util.LinkedList@50000547)
	first		50000572
	last		50000572
OBJ 50000572 (sz=24, trace=300281, class=java.util.LinkedList$Node@50000549)
	item		50000542
OBJ 50000573 (sz=32, trace=300239, class=java.util.HashMap$Node@500000bb)
	key		5000056f
	value		50000571
	next		5000092b
OBJ 50000574 (sz=24, trace=300283, class=java.util.LinkedList$Node@50000549)
	item		5000056f
	next		5000057a
	prev		5000056e
OBJ 50000575 (sz=24, trace=300277, class=java.lang.String@50000165)
	value		50000576
ARR 50000576 (sz=48, trace=300276, nelems=24, elem type=char[])
OBJ 50000577 (sz=32, trace=300279, class=java.util.LinkedList@50000547)
	first		50000578
	last		50000578
OBJ 50000578 (sz=24, trace=300281, class=java.util.LinkedList$Node@50000549)
	item		50000542
OBJ 50000579 (sz=32, trace=300239, class=java.util.HashMap$Node@500000bb)
	key		50000575
	value		50000577
	next		5000060b
OBJ 5000057a (sz=24, trace=300283, class=java.util.LinkedList$Node@50000549)
	item		50000575
	next		50000580
	prev		50000574
OBJ 5000057b (sz=24, trace=300277, class=java.lang.String@50000165)
	value		5000057c
ARR 5000057c (sz=40, trace=300276, nelems=20, elem type=char[])
OBJ 5000057d (sz=32, trace=300279, class=java.util.LinkedList@50000547)
	first		5000057e
	last		5000057e
OBJ 5000057e (sz=24, trace=300281, class=java.util.LinkedList$Node@50000549)
	item		50000542
OBJ 5000057f (sz=32, trace=300240, class=java.util.HashMap$Node@500000bb)
	key		5000057b
	value		5000057d
OBJ 50000580 (sz=24, trace=300283, class=java.util.LinkedList$Node@50000549)
	item		5000057b
	next		50000586
	prev		5000057a
OBJ 50000581 (sz=24, trace=300277, class=java.lang.String@50000165)
	value		50000582
ARR 50000582 (sz=38, trace=300276, nelems=19, elem type=char[])
OBJ 50000583 (sz=32, trace=300279, class=java.util.LinkedList@50000547)
	first		50000584
	last		50000584
OBJ 50000584 (sz=24, trace=300281, class=java.util.LinkedList$Node@50000549)
	item		50000542
OBJ 50000585 (sz=32, trace=300239, class=java.util.HashMap$Node@500000bb)
	key		50000581
	value		50000583
	next		50000653
OBJ 50000586 (sz=24, trace=300283, class=java.util.LinkedList$Node@50000549)
	item		50000581
	next		5000058c
	prev		50000580
OBJ 50000587 (sz=24, trace=300277, class=java.lang.String@50000165)
	value		50000588
ARR 50000588 (sz=28, trace=300276, nelems=14, elem type=char[])
OBJ 50000589 (sz=32, trace=300279, class=java.util.LinkedList@50000547)
	first		5000058a
	last		5000058a
OBJ 5000058a (sz=24, trace=300281, class=java.util.LinkedList$Node@50000549)
	item		50000542
OBJ 5000058b (sz=32, trace=300239, class=java.util.HashMap$Node@500000bb)
	key		50000587
	value		50000589
OBJ 5000058c (sz=24, trace=300283, class=java.util.LinkedList$Node@50000549)
	item		50000587
	next		50000592
	prev		50000586
OBJ 5000058d (sz=24, trace=300277, class=java.lang.String@50000165)
	value		5000058e
ARR 5000058e (sz=48, trace=300276, nelems=24, elem type=char[])
OBJ 5000058f (sz=32, trace=300279, class=java.util.LinkedList@50000547)
	first		50000590
	last		50000590
OBJ 50000590 (sz=24, trace=300281, class=java.util.LinkedList$Node@50000549)
	item		50000542
OBJ 50000591 (sz=32, trace=300239, class=java.util.HashMap$Node@500000bb)
	key		5000058d
	value		5000058f
OBJ 50000592 (sz=24, trace=300283, class=java.util.LinkedList$Node@50000549)
	item		5000058d
	next		50000599
	prev		5000058c
OBJ 50000593 (sz=24, trace=300277, class=java.lang.String@50000165)
	value		50000594
ARR 50000594 (sz=52, trace=300276, nelems=26, elem type=char[])
OBJ 50000595 (sz=32, trace=300279, class=java.util.LinkedList@50000547)
	first		50000596
	last		50000596
OBJ 50000596 (sz=24, trace=300281, class=java.util.LinkedList$Node@50000549)
	item		50000542
OBJ 50000597 (sz=32, trace=300240, class=java.util.HashMap$Node@500000bb)
	key		50000593
	value		50000595
	next		5000095b
ARR 50000598 (sz=144, trace=300284, nelems=0, elem type=java.util.HashMap$Node[]@500000b9)
OBJ 50000599 (sz=24, trace=300283, class=java.util.LinkedList$Node@50000549)
	item		50000593
	next		5000059f
	prev		50000592
OBJ 5000059a (sz=24, trace=300277, class=java.lang.String@50000165)
	value		5000059b
ARR 5000059b (sz=40, trace=300276, nelems=20, elem type=char[])
OBJ 5000059c (sz=32, trace=300279, class=java.util.LinkedList@50000547)
	first		5000059d
	last		5000059d
OBJ 5000059d (sz=24, trace=300281, class=java.util.LinkedList$Node@50000549)
	item		50000542
OBJ 5000059e (sz=32, trace=300239, class=java.util.HashMap$Node@500000bb)
	key		5000059a
	value		5000059c
OBJ 5000059f (sz=24, trace=300283, class=java.util.LinkedList$Node@50000549)
	item		5000059a
	next		500005a5
	prev		50000599
OBJ 500005a0 (sz=24, trace=300277, class=java.lang.String@50000165)
	value		500005a1
ARR 500005a1 (sz=52, trace=300276, nelems=26, elem type=char[])
OBJ 500005a2 (sz=32, trace=300279, class=java.util.LinkedList@50000547)
	first		500005a3
	last		500005a3
OBJ 500005a3 (sz=24, trace=300281, class=java.util.LinkedList$Node@50000549)
	item		50000542
OBJ 500005a4 (sz=32, trace=300239, class=java.util.HashMap$Node@500000bb)
	key		500005a0
	value		500005a2
	next		500007f3
OBJ 500005a5 (sz=24, trace=300283, class=java.util.LinkedList$Node@50000549)
	item		500005a0
	next		500005ab
	prev		5000059f
OBJ 500005a6 (sz=24, trace=300277, class=java.lang.String@50000165)
	value		500005a7
ARR 500005a7 (sz=44, trace=300276, nelems=22, elem type=char[])
OBJ 500005a8 (sz=32, trace=300279, class=java.util.LinkedList@50000547)
	first		500005a9
	last		500005a9
OBJ 500005a9 (sz=24, trace=300281, class=java.util.LinkedList$Node@50000549)
	item		50000542
OBJ 500005aa (sz=32, trace=300240, class=java.util.HashMap$Node@500000bb)
	key		500005a6
	value		500005a8
	next		5000067e
OBJ 500005ab (sz=24, trace=300283, class=java.util.LinkedList$Node@50000549)
	item		500005a6
	next		500005b1
	prev		500005a5
OBJ 500005ac (sz=24, trace=300277, class=java.lang.String@50000165)
	value		500005ad
ARR 500005ad (sz=42, trace=300276, nelems=21, elem type=char[])
OBJ 500005ae (sz=32, trace=300279, class=java.util.LinkedList@50000547)
	first		500005af
	last		500005af
OBJ 500005af (sz=24, trace=300281, class=java.util.LinkedList$Node@50000549)
	item		50000542
OBJ 500005b0 (sz=32, trace=300240, class=java.util.HashMap$Node@500000bb)
	key		500005ac
	value		500005ae
	next		500006fc
OBJ 500005b1 (sz=24, trace=300283, class=java.util.LinkedList$Node@50000549)
	item		500005ac
	next		500005b7
	prev		500005ab
OBJ 500005b2 (sz=24, trace=300277, class=java.lang.String@50000165)
	value		500005b3
ARR 500005b3 (sz=52, trace=300276, nelems=26, elem type=char[])
OBJ 500005b4 (sz=32, trace=300279, class=java.util.LinkedList@50000547)
	first		500005b5
	last		500005b5
OBJ 500005b5 (sz=24, trace=300281, class=java.util.LinkedList$Node@50000549)
	item		50000542
OBJ 500005b6 (sz=32, trace=300239, class=java.util.HashMap$Node@500000bb)
	key		500005b2
	value		500005b4
	next		500005c2
OBJ 500005b7 (sz=24, trace=300283, class=java.util.LinkedList$Node@50000549)
	item		500005b2
	next		500005bd
	prev		500005b1
OBJ 500005b8 (sz=24, trace=300277, class=java.lang.String@50000165)
	value		500005b9
ARR 500005b9 (sz=36, trace=300276, nelems=18, elem type=char[])
OBJ 500005ba (sz=32, trace=300279, class=java.util.LinkedList@50000547)
	first		500005bb
	last		500005bb
OBJ 500005bb (sz=24, trace=300281, class=java.util.LinkedList$Node@50000549)
	item		50000542
OBJ 500005bc (sz=32, trace=300239, class=java.util.HashMap$Node@500000bb)
	key		500005b8
	value		500005ba
OBJ 500005bd (sz=24, trace=300283, class=java.util.LinkedList$Node@50000549)
	item		500005b8
	next		500005c3
	prev		500005b7
OBJ 500005be (sz=24, trace=300277, class=java.lang.String@50000165)
	value		500005bf
ARR 500005bf (sz=58, trace=300276, nelems=29, elem type=char[])
OBJ 500005c0 (sz=32, trace=300279, class=java.util.LinkedList@50000547)
	first		500005c1
	last		500005c1
OBJ 500005c1 (sz=24, trace=300281, class=java.util.LinkedList$Node@50000549)
	item		50000542
OBJ 500005c2 (sz=32, trace=300240, class=java.util.HashMap$Node@500000bb)
	key		500005be
	value		500005c0
OBJ 500005c3 (sz=24, trace=300283, class=java.util.LinkedList$Node@50000549)
	item		500005be
	next		500005c9
	prev		500005bd
OBJ 500005c4 (sz=24, trace=300277, class=java.lang.String@50000165)
	value		500005c5
ARR 500005c5 (sz=50, trace=300276, nelems=25, elem type=char[])
OBJ 500005c6 (sz=32, trace=300279, class=java.util.LinkedList@50000547)
	first		500005c7
	last		500005c7
OBJ 500005c7 (sz=24, trace=300281, class=java.util.LinkedList$Node@50000549)
	item		50000542
OBJ 500005c8 (sz=32, trace=300240, class=java.util.HashMap$Node@500000bb)
	key		500005c4
	value		500005c6
OBJ 500005c9 (sz=24, trace=300283, class=java.util.LinkedList$Node@50000549)
	item		500005c4
	next		500005cf
	prev		500005c3
OBJ 500005ca (sz=24, trace=300277, class=java.lang.String@50000165)
	value		500005cb
ARR 500005cb (sz=42, trace=300276, nelems=21, elem type=char[])
OBJ 500005cc (sz=32, trace=300279, class=java.util.LinkedList@50000547)
	first		500005cd
	last		500005cd
OBJ 500005cd (sz=24, trace=300281, class=java.util.LinkedList$Node@50000549)
	item		50000542
OBJ 500005ce (sz=32, trace=300239, class=java.util.HashMap$Node@500000bb)
	key		500005ca
	value		500005cc
OBJ 500005cf (sz=24, trace=300283, class=java.util.LinkedList$Node@50000549)
	item		500005ca
	next		500005d5
	prev		500005c9
OBJ 500005d0 (sz=24, trace=300277, class=java.lang.String@50000165)
	value		500005d1
ARR 500005d1 (sz=42, trace=300276, nelems=21, elem type=char[])
OBJ 500005d2 (sz=32, trace=300279, class=java.util.LinkedList@50000547)
	first		500005d3
	last		500005d3
OBJ 500005d3 (sz=24, trace=300281, class=java.util.LinkedList$Node@50000549)
	item		50000542
OBJ 500005d4 (sz=32, trace=300240, class=java.util.HashMap$Node@500000bb)
	key		500005d0
	value		500005d2
OBJ 500005d5 (sz=24, trace=300283, class=java.util.LinkedList$Node@50000549)
	item		500005d0
	next		500005db
	prev		500005cf
OBJ 500005d6 (sz=24, trace=300277, class=java.lang.String@50000165)
	value		500005d7
ARR 500005d7 (sz=40, trace=300276, nelems=20, elem type=char[])
OBJ 500005d8 (sz=32, trace=300279, class=java.util.LinkedList@50000547)
	first		500005d9
	last		500005d9
OBJ 500005d9 (sz=24, trace=300281, class=java.util.LinkedList$Node@50000549)
	item		50000542
OBJ 500005da (sz=32, trace=300239, class=java.util.HashMap$Node@500000bb)
	key		500005d6
	value		500005d8
	next		50000750
OBJ 500005db (sz=24, trace=300283, class=java.util.LinkedList$Node@50000549)
	item		500005d6
	next		500005e2
	prev		500005d5
OBJ 500005dc (sz=24, trace=300277, class=java.lang.String@50000165)
	value		500005dd
ARR 500005dd (sz=40, trace=300276, nelems=20, elem type=char[])
OBJ 500005de (sz=32, trace=300279, class=java.util.LinkedList@50000547)
	first		500005df
	last		500005df
OBJ 500005df (sz=24, trace=300281, class=java.util.LinkedList$Node@50000549)
	item		50000542
OBJ 500005e0 (sz=32, trace=300239, class=java.util.HashMap$Node@500000bb)
	key		500005dc
	value		500005de
ARR 500005e1 (sz=272, trace=300284, nelems=0, elem type=java.util.HashMap$Node[]@500000b9)
OBJ 500005e2 (sz=24, trace=300283, class=java.util.LinkedList$Node@50000549)
	item		500005dc
	next		500005e8
	prev		500005db
OBJ 500005e3 (sz=24, trace=300277, class=java.lang.String@50000165)
	value		500005e4
ARR 500005e4 (sz=38, trace=300276, nelems=19, elem type=char[])
OBJ 500005e5 (sz=32, trace=300279, class=java.util.LinkedList@50000547)
	first		500005e6
	last		500005e6
OBJ 500005e6 (sz=24, trace=300281, class=java.util.LinkedList$Node@50000549)
	item		50000542
OBJ 500005e7 (sz=32, trace=300239, class=java.util.HashMap$Node@500000bb)
	key		500005e3
	value		500005e5
OBJ 500005e8 (sz=24, trace=300283, class=java.util.LinkedList$Node@50000549)
	item		500005e3
	next		500005ee
	prev		500005e2
OBJ 500005e9 (sz=24, trace=300277, class=java.lang.String@50000165)
	value		500005ea
ARR 500005ea (sz=56, trace=300276, nelems=28, elem type=char[])
OBJ 500005eb (sz=32, trace=300279, class=java.util.LinkedList@50000547)
	first		500005ec
	last		500005ec
OBJ 500005ec (sz=24, trace=300281, class=java.util.LinkedList$Node@50000549)
	item		50000542
OBJ 500005ed (sz=32, trace=300239, class=java.util.HashMap$Node@500000bb)
	key		500005e9
	value		500005eb
	next		5000076e
OBJ 500005ee (sz=24, trace=300283, class=java.util.LinkedList$Node@50000549)
	item		500005e9
	next		500005f4
	prev		500005e8
OBJ 500005ef (sz=24, trace=300277, class=java.lang.String@50000165)
	value		500005f0
ARR 500005f0 (sz=62, trace=300276, nelems=31, elem type=char[])
OBJ 500005f1 (sz=32, trace=300279, class=java.util.LinkedList@50000547)
	first		500005f2
	last		500005f2
OBJ 500005f2 (sz=24, trace=300281, class=java.util.LinkedList$Node@50000549)
	item		50000542
OBJ 500005f3 (sz=32, trace=300240, class=java.util.HashMap$Node@500000bb)
	key		500005ef
	value		500005f1
OBJ 500005f4 (sz=24, trace=300283, class=java.util.LinkedList$Node@50000549)
	item		500005ef
	next		500005fa
	prev		500005ee
OBJ 500005f5 (sz=24, trace=300277, class=java.lang.String@50000165)
	value		500005f6
ARR 500005f6 (sz=56, trace=300276, nelems=28, elem type=char[])
OBJ 500005f7 (sz=32, trace=300279, class=java.util.LinkedList@50000547)
	first		500005f8
	last		500005f8
OBJ 500005f8 (sz=24, trace=300281, class=java.util.LinkedList$Node@50000549)
	item		50000542
OBJ 500005f9 (sz=32, trace=300239, class=java.util.HashMap$Node@500000bb)
	key		500005f5
	value		500005f7
OBJ 500005fa (sz=24, trace=300283, class=java.util.LinkedList$Node@50000549)
	item		500005f5
	next		50000600
	prev		500005f4
OBJ 500005fb (sz=24, trace=300277, class=java.lang.String@50000165)
	value		500005fc
ARR 500005fc (sz=38, trace=300276, nelems=19, elem type=char[])
OBJ 500005fd (sz=32, trace=300279, class=java.util.LinkedList@50000547)
	first		500005fe
	last		500005fe
OBJ 500005fe (sz=24, trace=300281, class=java.util.LinkedList$Node@50000549)
	item		50000542
OBJ 500005ff (sz=32, trace=300239, class=java.util.HashMap$Node@500000bb)
	key		500005fb
	value		500005fd
OBJ 50000600 (sz=24, trace=300283, class=java.util.LinkedList$Node@50000549)
	item		500005fb
	next		50000606
	prev		500005fa
OBJ 50000601 (sz=24, trace=300277, class=java.lang.String@50000165)
	value		50000602
ARR 50000602 (sz=54, trace=300276, nelems=27, elem type=char[])
OBJ 50000603 (sz=32, trace=300279, class=java.util.LinkedList@50000547)
	first		50000604
	last		50000604
OBJ 50000604 (sz=24, trace=300281, class=java.util.LinkedList$Node@50000549)
	item		50000542
OBJ 50000605 (sz=32, trace=300239, class=java.util.HashMap$Node@500000bb)
	key		50000601
	value		50000603
OBJ 50000606 (sz=24, trace=300283, class=java.util.LinkedList$Node@50000549)
	item		50000601
	next		5000060c
	prev		50000600
OBJ 50000607 (sz=24, trace=300277, class=java.lang.String@50000165)
	value		50000608
ARR 50000608 (sz=60, trace=300276, nelems=30, elem type=char[])
OBJ 50000609 (sz=32, trace=300279, class=java.util.LinkedList@50000547)
	first		5000060a
	last		5000060a
OBJ 5000060a (sz=24, trace=300281, class=java.util.LinkedList$Node@50000549)
	item		50000542
OBJ 5000060b (sz=32, trace=300240, class=java.util.HashMap$Node@500000bb)
	key		50000607
	value		50000609
	next		500007ab
OBJ 5000060c (sz=24, trace=300283, class=java.util.LinkedList$Node@50000549)
	item		50000607
	next		50000612
	prev		50000606
OBJ 5000060d (sz=24, trace=300277, class=java.lang.String@50000165)
	value		5000060e
ARR 5000060e (sz=38, trace=300276, nelems=19, elem type=char[])
OBJ 5000060f (sz=32, trace=300279, class=java.util.LinkedList@50000547)
	first		50000610
	last		50000610
OBJ 50000610 (sz=24, trace=300281, class=java.util.LinkedList$Node@50000549)
	item		50000542
OBJ 50000611 (sz=32, trace=300239, class=java.util.HashMap$Node@500000bb)
	key		5000060d
	value		5000060f
	next		5000061d
OBJ 50000612 (sz=24, trace=300283, class=java.util.LinkedList$Node@50000549)
	item		5000060d
	next		50000618
	prev		5000060c
OBJ 50000613 (sz=24, trace=300277, class=java.lang.String@50000165)
	value		50000614
ARR 50000614 (sz=58, trace=300276, nelems=29, elem type=char[])
OBJ 50000615 (sz=32, trace=300279, class=java.util.LinkedList@50000547)
	first		50000616
	last		50000616
OBJ 50000616 (sz=24, trace=300281, class=java.util.LinkedList$Node@50000549)
	item		50000542
OBJ 50000617 (sz=32, trace=300239, class=java.util.HashMap$Node@500000bb)
	key		50000613
	value		50000615
OBJ 50000618 (sz=24, trace=300283, class=java.util.LinkedList$Node@50000549)
	item		50000613
	next		5000061e
	prev		50000612
OBJ 50000619 (sz=24, trace=300277, class=java.lang.String@50000165)
	value		5000061a
ARR 5000061a (sz=46, trace=300276, nelems=23, elem type=char[])
OBJ 5000061b (sz=32, trace=300279, class=java.util.LinkedList@50000547)
	first		5000061c
	last		5000061c
OBJ 5000061c (sz=24, trace=300281, class=java.util.LinkedList$Node@50000549)
	item		50000542
OBJ 5000061d (sz=32, trace=300240, class=java.util.HashMap$Node@500000bb)
	key		50000619
	value		5000061b
	next		500007b7
OBJ 5000061e (sz=24, trace=300283, class=java.util.LinkedList$Node@50000549)
	item		50000619
	next		50000624
	prev		50000618
OBJ 5000061f (sz=24, trace=300277, class=java.lang.String@50000165)
	value		50000620
ARR 50000620 (sz=36, trace=300276, nelems=18, elem type=char[])
OBJ 50000621 (sz=32, trace=300279, class=java.util.LinkedList@50000547)
	first		50000622
	last		50000622
OBJ 50000622 (sz=24, trace=300281, class=java.util.LinkedList$Node@50000549)
	item		50000542
OBJ 50000623 (sz=32, trace=300239, class=java.util.HashMap$Node@500000bb)
	key		5000061f
	value		50000621
OBJ 50000624 (sz=24, trace=300283, class=java.util.LinkedList$Node@50000549)
	item		5000061f
	next		5000062a
	prev		5000061e
OBJ 50000625 (sz=24, trace=300277, class=java.lang.String@50000165)
	value		50000626
ARR 50000626 (sz=44, trace=300276, nelems=22, elem type=char[])
OBJ 50000627 (sz=32, trace=300279, class=java.util.LinkedList@50000547)
	first		50000628
	last		50000628
OBJ 50000628 (sz=24, trace=300281, class=java.util.LinkedList$Node@50000549)
	item		50000542
OBJ 50000629 (sz=32, trace=300239, class=java.util.HashMap$Node@500000bb)
	key		50000625
	value		50000627
	next		500006de
OBJ 5000062a (sz=24, trace=300283, class=java.util.LinkedList$Node@50000549)
	item		50000625
	next		50000630
	prev		50000624
OBJ 5000062b (sz=24, trace=300277, class=java.lang.String@50000165)
	value		5000062c
ARR 5000062c (sz=50, trace=300276, nelems=25, elem type=char[])
OBJ 5000062d (sz=32, trace=300279, class=java.util.LinkedList@50000547)
	first		5000062e
	last		5000062e
OBJ 5000062e (sz=24, trace=300281, class=java.util.LinkedList$Node@50000549)
	item		50000542
OBJ 5000062f (sz=32, trace=300239, class=java.util.HashMap$Node@500000bb)
	key		5000062b
	value		5000062d
OBJ 50000630 (sz=24, trace=300283, class=java.util.LinkedList$Node@50000549)
	item		5000062b
	next		50000636
	prev		5000062a
OBJ 50000631 (sz=24, trace=300277, class=java.lang.String@50000165)
	value		50000632
ARR 50000632 (sz=44, trace=300276, nelems=22, elem type=char[])
OBJ 50000633 (sz=32, trace=300279, class=java.util.LinkedList@50000547)
	first		50000634
	last		50000634
OBJ 50000634 (sz=24, trace=300281, class=java.util.LinkedList$Node@50000549)
	item		50000542
OBJ 50000635 (sz=32, trace=300239, class=java.util.HashMap$Node@500000bb)
	key		50000631
	value		50000633
	next		500007cf
OBJ 50000636 (sz=24, trace=300283, class=java.util.LinkedList$Node@50000549)
	item		50000631
	next		5000063c
	prev		50000630
OBJ 50000637 (sz=24, trace=300277, class=java.lang.String@50000165)
	value		50000638
ARR 50000638 (sz=44, trace=300276, nelems=22, elem type=char[])
OBJ 50000639 (sz=32, trace=300279, class=java.util.LinkedList@50000547)
	first		5000063a
	last		5000063a
OBJ 5000063a (sz=24, trace=300281, class=java.util.LinkedList$Node@50000549)
	item		50000542
OBJ 5000063b (sz=32, trace=300239, class=java.util.HashMap$Node@500000bb)
	key		50000637
	value		50000639
OBJ 5000063c (sz=24, trace=300283, class=java.util.LinkedList$Node@50000549)
	item		50000637
	next		50000642
	prev		50000636
OBJ 5000063d (sz=24, trace=300277, class=java.lang.String@50000165)
	value		5000063e
ARR 5000063e (sz=46, trace=300276, nelems=23, elem type=char[])
OBJ 5000063f (sz=32, trace=300279, class=java.util.LinkedList@50000547)
	first		50000640
	last		50000640
OBJ 50000640 (sz=24, trace=300281, class=java.util.LinkedList$Node@50000549)
	item		50000542
OBJ 50000641 (sz=32, trace=300239, class=java.util.HashMap$Node@500000bb)
	key		5000063d
	value		5000063f
	next		50000985
OBJ 50000642 (sz=24, trace=300283, class=java.util.LinkedList$Node@50000549)
	item		5000063d
	next		50000648
	prev		5000063c
OBJ 50000643 (sz=24, trace=300277, class=java.lang.String@50000165)
	value		50000644
ARR 50000644 (sz=44, trace=300276, nelems=22, elem type=char[])
OBJ 50000645 (sz=32, trace=300279, class=java.util.LinkedList@50000547)
	first		50000646
	last		50000646
OBJ 50000646 (sz=24, trace=300281, class=java.util.LinkedList$Node@50000549)
	item		50000542
OBJ 50000647 (sz=32, trace=300240, class=java.util.HashMap$Node@500000bb)
	key		50000643
	value		50000645
OBJ 50000648 (sz=24, trace=300283, class=java.util.LinkedList$Node@50000549)
	item		50000643
	next		5000064e
	prev		50000642
OBJ 50000649 (sz=24, trace=300277, class=java.lang.String@50000165)
	value		5000064a
ARR 5000064a (sz=40, trace=300276, nelems=20, elem type=char[])
OBJ 5000064b (sz=32, trace=300279, class=java.util.LinkedList@50000547)
	first		5000064c
	last		5000064c
OBJ 5000064c (sz=24, trace=300281, class=java.util.LinkedList$Node@50000549)
	item		50000542
OBJ 5000064d (sz=32, trace=300239, class=java.util.HashMap$Node@500000bb)
	key		50000649
	value		5000064b
OBJ 5000064e (sz=24, trace=300283, class=java.util.LinkedList$Node@50000549)
	item		50000649
	next		50000654
	prev		50000648
OBJ 5000064f (sz=24, trace=300277, class=java.lang.String@50000165)
	value		50000650
ARR 50000650 (sz=50, trace=300276, nelems=25, elem type=char[])
OBJ 50000651 (sz=32, trace=300279, class=java.util.LinkedList@50000547)
	first		50000652
	last		50000652
OBJ 50000652 (sz=24, trace=300281, class=java.util.LinkedList$Node@50000549)
	item		50000542
OBJ 50000653 (sz=32, trace=300240, class=java.util.HashMap$Node@500000bb)
	key		5000064f
	value		50000651
OBJ 50000654 (sz=24, trace=300283, class=java.util.LinkedList$Node@50000549)
	item		5000064f
	next		5000065a
	prev		5000064e
OBJ 50000655 (sz=24, trace=300277, class=java.lang.String@50000165)
	value		50000656
ARR 50000656 (sz=36, trace=300276, nelems=18, elem type=char[])
OBJ 50000657 (sz=32, trace=300279, class=java.util.LinkedList@50000547)
	first		50000658
	last		50000658
OBJ 50000658 (sz=24, trace=300281, class=java.util.LinkedList$Node@50000549)
	item		50000542
OBJ 50000659 (sz=32, trace=300239, class=java.util.HashMap$Node@500000bb)
	key		50000655
	value		50000657
	next		500007bd
OBJ 5000065a (sz=24, trace=300283, class=java.util.LinkedList$Node@50000549)
	item		50000655
	next		50000660
	prev		50000654
OBJ 5000065b (sz=24, trace=300277, class=java.lang.String@50000165)
	value		5000065c
ARR 5000065c (sz=44, trace=300276, nelems=22, elem type=char[])
OBJ 5000065d (sz=32, trace=300279, class=java.util.LinkedList@50000547)
	first		5000065e
	last		5000065e
OBJ 5000065e (sz=24, trace=300281, class=java.util.LinkedList$Node@50000549)
	item		50000542
OBJ 5000065f (sz=32, trace=300240, class=java.util.HashMap$Node@500000bb)
	key		5000065b
	value		5000065d
OBJ 50000660 (sz=24, trace=300283, class=java.util.LinkedList$Node@50000549)
	item		5000065b
	next		50000666
	prev		5000065a
OBJ 50000661 (sz=24, trace=300277, class=java.lang.String@50000165)
	value		50000662
ARR 50000662 (sz=40, trace=300276, nelems=20, elem type=char[])
OBJ 50000663 (sz=32, trace=300279, class=java.util.LinkedList@50000547)
	first		50000664
	last		50000664
OBJ 50000664 (sz=24, trace=300281, class=java.util.LinkedList$Node@50000549)
	item		50000542
OBJ 50000665 (sz=32, trace=300239, class=java.util.HashMap$Node@500000bb)
	key		50000661
	value		50000663
	next		500008f5
OBJ 50000666 (sz=24, trace=300283, class=java.util.LinkedList$Node@50000549)
	item		50000661
	next		5000066c
	prev		50000660
OBJ 50000667 (sz=24, trace=300277, class=java.lang.String@50000165)
	value		50000668
ARR 50000668 (sz=38, trace=300276, nelems=19, elem type=char[])
OBJ 50000669 (sz=32, trace=300279, class=java.util.LinkedList@50000547)
	first		5000066a
	last		5000066a
OBJ 5000066a (sz=24, trace=300281, class=java.util.LinkedList$Node@50000549)
	item		50000542
OBJ 5000066b (sz=32, trace=300240, class=java.util.HashMap$Node@500000bb)
	key		50000667
	value		50000669
	next		500007ed
OBJ 5000066c (sz=24, trace=300283, class=java.util.LinkedList$Node@50000549)
	item		50000667
	next		50000673
	prev		50000666
OBJ 5000066d (sz=24, trace=300277, class=java.lang.String@50000165)
	value		5000066e
ARR 5000066e (sz=38, trace=300276, nelems=19, elem type=char[])
OBJ 5000066f (sz=32, trace=300279, class=java.util.LinkedList@50000547)
	first		50000670
	last		50000670
OBJ 50000670 (sz=24, trace=300281, class=java.util.LinkedList$Node@50000549)
	item		50000542
OBJ 50000671 (sz=32, trace=300239, class=java.util.HashMap$Node@500000bb)
	key		5000066d
	value		5000066f
	next		5000070e
ARR 50000672 (sz=528, trace=300284, nelems=0, elem type=java.util.HashMap$Node[]@500000b9)
OBJ 50000673 (sz=24, trace=300283, class=java.util.LinkedList$Node@50000549)
	item		5000066d
	next		50000679
	prev		5000066c
OBJ 50000674 (sz=24, trace=300277, class=java.lang.String@50000165)
	value		50000675
ARR 50000675 (sz=40, trace=300276, nelems=20, elem type=char[])
OBJ 50000676 (sz=32, trace=300279, class=java.util.LinkedList@50000547)
	first		50000677
	last		50000677
OBJ 50000677 (sz=24, trace=300281, class=java.util.LinkedList$Node@50000549)
	item		50000542
OBJ 50000678 (sz=32, trace=300239, class=java.util.HashMap$Node@500000bb)
	key		50000674
	value		50000676
	next		500006c0
OBJ 50000679 (sz=24, trace=300283, class=java.util.LinkedList$Node@50000549)
	item		50000674
	next		5000067f
	prev		50000673
OBJ 5000067a (sz=24, trace=300277, class=java.lang.String@50000165)
	value		5000067b
ARR 5000067b (sz=46, trace=300276, nelems=23, elem type=char[])
OBJ 5000067c (sz=32, trace=300279, class=java.util.LinkedList@50000547)
	first		5000067d
	last		5000067d
OBJ 5000067d (sz=24, trace=300281, class=java.util.LinkedList$Node@50000549)
	item		50000542
OBJ 5000067e (sz=32, trace=300240, class=java.util.HashMap$Node@500000bb)
	key		5000067a
	value		5000067c
OBJ 5000067f (sz=24, trace=300283, class=java.util.LinkedList$Node@50000549)
	item		5000067a
	next		50000685
	prev		50000679
OBJ 50000680 (sz=24, trace=300277, class=java.lang.String@50000165)
	value		50000681
ARR 50000681 (sz=62, trace=300276, nelems=31, elem type=char[])
OBJ 50000682 (sz=32, trace=300279, class=java.util.LinkedList@50000547)
	first		50000683
	last		50000683
OBJ 50000683 (sz=24, trace=300281, class=java.util.LinkedList$Node@50000549)
	item		50000542
OBJ 50000684 (sz=32, trace=300239, class=java.util.HashMap$Node@500000bb)
	key		50000680
	value		50000682
	next		5000069c
OBJ 50000685 (sz=24, trace=300283, class=java.util.LinkedList$Node@50000549)
	item		50000680
	next		5000068b
	prev		5000067f
OBJ 50000686 (sz=24, trace=300277, class=java.lang.String@50000165)
	value		50000687
ARR 50000687 (sz=40, trace=300276, nelems=20, elem type=char[])
OBJ 50000688 (sz=32, trace=300279, class=java.util.LinkedList@50000547)
	first		50000689
	last		50000689
OBJ 50000689 (sz=24, trace=300281, class=java.util.LinkedList$Node@50000549)
	item		50000542
OBJ 5000068a (sz=32, trace=300240, class=java.util.HashMap$Node@500000bb)
	key		50000686
	value		50000688
OBJ 5000068b (sz=24, trace=300283, class=java.util.LinkedList$Node@50000549)
	item		50000686
	next		50000691
	prev		50000685
OBJ 5000068c (sz=24, trace=300277, class=java.lang.String@50000165)
	value		5000068d
ARR 5000068d (sz=50, trace=300276, nelems=25, elem type=char[])
OBJ 5000068e (sz=32, trace=300279, class=java.util.LinkedList@50000547)
	first		5000068f
	last		5000068f
OBJ 5000068f (sz=24, trace=300281, class=java.util.LinkedList$Node@50000549)
	item		50000542
OBJ 50000690 (sz=32, trace=300239, class=java.util.HashMap$Node@500000bb)
	key		5000068c
	value		5000068e
OBJ 50000691 (sz=24, trace=300283, class=java.util.LinkedList$Node@50000549)
	item		5000068c
	next		50000697
	prev		5000068b
OBJ 50000692 (sz=24, trace=300277, class=java.lang.String@50000165)
	value		50000693
ARR 50000693 (sz=44, trace=300276, nelems=22, elem type=char[])
OBJ 50000694 (sz=32, trace=300279, class=java.util.LinkedList@50000547)
	first		50000695
	last		50000695
OBJ 50000695 (sz=24, trace=300281, class=java.util.LinkedList$Node@50000549)
	item		50000542
OBJ 50000696 (sz=32, trace=300239, class=java.util.HashMap$Node@500000bb)
	key		50000692
	value		50000694
	next		50000708
OBJ 50000697 (sz=24, trace=300283, class=java.util.LinkedList$Node@50000549)
	item		50000692
	next		5000069d
	prev		50000691
OBJ 50000698 (sz=24, trace=300277, class=java.lang.String@50000165)
	value		50000699
ARR 50000699 (sz=56, trace=300276, nelems=28, elem type=char[])
OBJ 5000069a (sz=32, trace=300279, class=java.util.LinkedList@50000547)
	first		5000069b
	last		5000069b
OBJ 5000069b (sz=24, trace=300281, class=java.util.LinkedList$Node@50000549)
	item		50000542
OBJ 5000069c (sz=32, trace=300240, class=java.util.HashMap$Node@500000bb)
	key		50000698
	value		5000069a
OBJ 5000069d (sz=24, trace=300283, class=java.util.LinkedList$Node@50000549)
	item		50000698
	next		500006a3
	prev		50000697
OBJ 5000069e (sz=24, trace=300277, class=java.lang.String@50000165)
	value		5000069f
ARR 5000069f (sz=54, trace=300276, nelems=27, elem type=char[])
OBJ 500006a0 (sz=32, trace=300279, class=java.util.LinkedList@50000547)
	first		500006a1
	last		500006a1
OBJ 500006a1 (sz=24, trace=300281, class=java.util.LinkedList$Node@50000549)
	item		50000542
OBJ 500006a2 (sz=32, trace=300239, class=java.util.HashMap$Node@500000bb)
	key		5000069e
	value		500006a0
	next		500006cc
OBJ 500006a3 (sz=24, trace=300283, class=java.util.LinkedList$Node@50000549)
	item		5000069e
	next		500006a9
	prev		5000069d
OBJ 500006a4 (sz=24, trace=300277, class=java.lang.String@50000165)
	value		500006a5
ARR 500006a5 (sz=40, trace=300276, nelems=20, elem type=char[])
OBJ 500006a6 (sz=32, trace=300279, class=java.util.LinkedList@50000547)
	first		500006a7
	last		500006a7
OBJ 500006a7 (sz=24, trace=300281, class=java.util.LinkedList$Node@50000549)
	item		50000542
OBJ 500006a8 (sz=32, trace=300239, class=java.util.HashMap$Node@500000bb)
	key		500006a4
	value		500006a6
	next		50000805
OBJ 500006a9 (sz=24, trace=300283, class=java.util.LinkedList$Node@50000549)
	item		500006a4
	next		500006af
	prev		500006a3
OBJ 500006aa (sz=24, trace=300277, class=java.lang.String@50000165)
	value		500006ab
ARR 500006ab (sz=56, trace=300276, nelems=28, elem type=char[])
OBJ 500006ac (sz=32, trace=300279, class=java.util.LinkedList@50000547)
	first		500006ad
	last		500006ad
OBJ 500006ad (sz=24, trace=300281, class=java.util.LinkedList$Node@50000549)
	item		50000542
OBJ 500006ae (sz=32, trace=300239, class=java.util.HashMap$Node@500000bb)
	key		500006aa
	value		500006ac
	next		500006c6
OBJ 500006af (sz=24, trace=300283, class=java.util.LinkedList$Node@50000549)
	item		500006aa
	next		500006b5
	prev		500006a9
OBJ 500006b0 (sz=24, trace=300277, class=java.lang.String@50000165)
	value		500006b1
ARR 500006b1 (sz=74, trace=300276, nelems=37, elem type=char[])
OBJ 500006b2 (sz=32, trace=300279, class=java.util.LinkedList@50000547)
	first		500006b3
	last		500006b3
OBJ 500006b3 (sz=24, trace=300281, class=java.util.LinkedList$Node@50000549)
	item		50000542
OBJ 500006b4 (sz=32, trace=300240, class=java.util.HashMap$Node@500000bb)
	key		500006b0
	value		500006b2
	next		50000865
OBJ 500006b5 (sz=24, trace=300283, class=java.util.LinkedList$Node@50000549)
	item		500006b0
	next		500006bb
	prev		500006af
OBJ 500006b6 (sz=24, trace=300277, class=java.lang.String@50000165)
	value		500006b7
ARR 500006b7 (sz=66, trace=300276, nelems=33, elem type=char[])
OBJ 500006b8 (sz=32, trace=300279, class=java.util.LinkedList@50000547)
	first		500006b9
	last		500006b9
OBJ 500006b9 (sz=24, trace=300281, class=java.util.LinkedList$Node@50000549)
	item		50000542
OBJ 500006ba (sz=32, trace=300240, class=java.util.HashMap$Node@500000bb)
	key		500006b6
	value		500006b8
	next		5000074a
OBJ 500006bb (sz=24, trace=300283, class=java.util.LinkedList$Node@50000549)
	item		500006b6
	next		500006c1
	prev		500006b5
OBJ 500006bc (sz=24, trace=300277, class=java.lang.String@50000165)
	value		500006bd
ARR 500006bd (sz=82, trace=300276, nelems=41, elem type=char[])
OBJ 500006be (sz=32, trace=300279, class=java.util.LinkedList@50000547)
	first		500006bf
	last		500006bf
OBJ 500006bf (sz=24, trace=300281, class=java.util.LinkedList$Node@50000549)
	item		50000542
OBJ 500006c0 (sz=32, trace=300240, class=java.util.HashMap$Node@500000bb)
	key		500006bc
	value		500006be
OBJ 500006c1 (sz=24, trace=300283, class=java.util.LinkedList$Node@50000549)
	item		500006bc
	next		500006c7
	prev		500006bb
OBJ 500006c2 (sz=24, trace=300277, class=java.lang.String@50000165)
	value		500006c3
ARR 500006c3 (sz=96, trace=300276, nelems=48, elem type=char[])
OBJ 500006c4 (sz=32, trace=300279, class=java.util.LinkedList@50000547)
	first		500006c5
	last		500006c5
OBJ 500006c5 (sz=24, trace=300281, class=java.util.LinkedList$Node@50000549)
	item		50000542
OBJ 500006c6 (sz=32, trace=300240, class=java.util.HashMap$Node@500000bb)
	key		500006c2
	value		500006c4
	next		500006e4
OBJ 500006c7 (sz=24, trace=300283, class=java.util.LinkedList$Node@50000549)
	item		500006c2
	next		500006cd
	prev		500006c1
OBJ 500006c8 (sz=24, trace=300277, class=java.lang.String@50000165)
	value		500006c9
ARR 500006c9 (sz=80, trace=300276, nelems=40, elem type=char[])
OBJ 500006ca (sz=32, trace=300279, class=java.util.LinkedList@50000547)
	first		500006cb
	last		500006cb
OBJ 500006cb (sz=24, trace=300281, class=java.util.LinkedList$Node@50000549)
	item		50000542
OBJ 500006cc (sz=32, trace=300240, class=java.util.HashMap$Node@500000bb)
	key		500006c8
	value		500006ca
OBJ 500006cd (sz=24, trace=300283, class=java.util.LinkedList$Node@50000549)
	item		500006c8
	next		500006d3
	prev		500006c7
OBJ 500006ce (sz=24, trace=300277, class=java.lang.String@50000165)
	value		500006cf
ARR 500006cf (sz=86, trace=300276, nelems=43, elem type=char[])
OBJ 500006d0 (sz=32, trace=300279, class=java.util.LinkedList@50000547)
	first		500006d1
	last		500006d1
OBJ 500006d1 (sz=24, trace=300281, class=java.util.LinkedList$Node@50000549)
	item		50000542
OBJ 500006d2 (sz=32, trace=300239, class=java.util.HashMap$Node@500000bb)
	key		500006ce
	value		500006d0
OBJ 500006d3 (sz=24, trace=300283, class=java.util.LinkedList$Node@50000549)
	item		500006ce
	next		500006d9
	prev		500006cd
OBJ 500006d4 (sz=24, trace=300277, class=java.lang.String@50000165)
	value		500006d5
ARR 500006d5 (sz=52, trace=300276, nelems=26, elem type=char[])
OBJ 500006d6 (sz=32, trace=300279, class=java.util.LinkedList@50000547)
	first		500006d7
	last		500006d7
OBJ 500006d7 (sz=24, trace=300281, class=java.util.LinkedList$Node@50000549)
	item		50000542
OBJ 500006d8 (sz=32, trace=300240, class=java.util.HashMap$Node@500000bb)
	key		500006d4
	value		500006d6
	next		5000075c
OBJ 500006d9 (sz=24, trace=300283, class=java.util.LinkedList$Node@50000549)
	item		500006d4
	next		500006df
	prev		500006d3
OBJ 500006da (sz=24, trace=300277, class=java.lang.String@50000165)
	value		500006db
ARR 500006db (sz=54, trace=300276, nelems=27, elem type=char[])
OBJ 500006dc (sz=32, trace=300279, class=java.util.LinkedList@50000547)
	first		500006dd
	last		500006dd
OBJ 500006dd (sz=24, trace=300281, class=java.util.LinkedList$Node@50000549)
	item		50000542
OBJ 500006de (sz=32, trace=300240, class=java.util.HashMap$Node@500000bb)
	key		500006da
	value		500006dc
OBJ 500006df (sz=24, trace=300283, class=java.util.LinkedList$Node@50000549)
	item		500006da
	next		500006e5
	prev		500006d9
OBJ 500006e0 (sz=24, trace=300277, class=java.lang.String@50000165)
	value		500006e1
ARR 500006e1 (sz=68, trace=300276, nelems=34, elem type=char[])
OBJ 500006e2 (sz=32, trace=300279, class=java.util.LinkedList@50000547)
	first		500006e3
	last		500006e3
OBJ 500006e3 (sz=24, trace=300281, class=java.util.LinkedList$Node@50000549)
	item		50000542
OBJ 500006e4 (sz=32, trace=300240, class=java.util.HashMap$Node@500000bb)
	key		500006e0
	value		500006e2
	next		500007d5
OBJ 500006e5 (sz=24, trace=300283, class=java.util.LinkedList$Node@50000549)
	item		500006e0
	next		500006eb
	prev		500006df
OBJ 500006e6 (sz=24, trace=300277, class=java.lang.String@50000165)
	value		500006e7
ARR 500006e7 (sz=52, trace=300276, nelems=26, elem type=char[])
OBJ 500006e8 (sz=32, trace=300279, class=java.util.LinkedList@50000547)
	first		500006e9
	last		500006e9
OBJ 500006e9 (sz=24, trace=300281, class=java.util.LinkedList$Node@50000549)
	item		50000542
OBJ 500006ea (sz=32, trace=300239, class=java.util.HashMap$Node@500000bb)
	key		500006e6
	value		500006e8
OBJ 500006eb (sz=24, trace=300283, class=java.util.LinkedList$Node@50000549)
	item		500006e6
	next		500006f1
	prev		500006e5
OBJ 500006ec (sz=24, trace=300277, class=java.lang.String@50000165)
	value		500006ed
ARR 500006ed (sz=52, trace=300276, nelems=26, elem type=char[])
OBJ 500006ee (sz=32, trace=300279, class=java.util.LinkedList@50000547)
	first		500006ef
	last		500006ef
OBJ 500006ef (sz=24, trace=300281, class=java.util.LinkedList$Node@50000549)
	item		50000542
OBJ 500006f0 (sz=32, trace=300239, class=java.util.HashMap$Node@500000bb)
	key		500006ec
	value		500006ee
OBJ 500006f1 (sz=24, trace=300283, class=java.util.LinkedList$Node@50000549)
	item		500006ec
	next		500006f7
	prev		500006eb
OBJ 500006f2 (sz=24, trace=300277, class=java.lang.String@50000165)
	value		500006f3
ARR 500006f3 (sz=50, trace=300276, nelems=25, elem type=char[])
OBJ 500006f4 (sz=32, trace=300279, class=java.util.LinkedList@50000547)
	first		500006f5
	last		500006f5
OBJ 500006f5 (sz=24, trace=300281, class=java.util.LinkedList$Node@50000549)
	item		50000542
OBJ 500006f6 (sz=32, trace=300239, class=java.util.HashMap$Node@500000bb)
	key		500006f2
	value		500006f4
	next		500007e1
OBJ 500006f7 (sz=24, trace=300283, class=java.util.LinkedList$Node@50000549)
	item		500006f2
	next		500006fd
	prev		500006f1
OBJ 500006f8 (sz=24, trace=300277, class=java.lang.String@50000165)
	value		500006f9
ARR 500006f9 (sz=60, trace=300276, nelems=30, elem type=char[])
OBJ 500006fa (sz=32, trace=300279, class=java.util.LinkedList@50000547)
	first		500006fb
	last		500006fb
OBJ 500006fb (sz=24, trace=300281, class=java.util.LinkedList$Node@50000549)
	item		50000542
OBJ 500006fc (sz=32, trace=300240, class=java.util.HashMap$Node@500000bb)
	key		500006f8
	value		500006fa
	next		500008a7
OBJ 500006fd (sz=24, trace=300283, class=java.util.LinkedList$Node@50000549)
	item		500006f8
	next		50000703
	prev		500006f7
OBJ 500006fe (sz=24, trace=300277, class=java.lang.String@50000165)
	value		500006ff
ARR 500006ff (sz=60, trace=300276, nelems=30, elem type=char[])
OBJ 50000700 (sz=32, trace=300279, class=java.util.LinkedList@50000547)
	first		50000701
	last		50000701
OBJ 50000701 (sz=24, trace=300281, class=java.util.LinkedList$Node@50000549)
	item		50000542
OBJ 50000702 (sz=32, trace=300239, class=java.util.HashMap$Node@500000bb)
	key		500006fe
	value		50000700
OBJ 50000703 (sz=24, trace=300283, class=java.util.LinkedList$Node@50000549)
	item		500006fe
	next		50000709
	prev		500006fd
OBJ 50000704 (sz=24, trace=300277, class=java.lang.String@50000165)
	value		50000705
ARR 50000705 (sz=48, trace=300276, nelems=24, elem type=char[])
OBJ 50000706 (sz=32, trace=300279, class=java.util.LinkedList@50000547)
	first		50000707
	last		50000707
OBJ 50000707 (sz=24, trace=300281, class=java.util.LinkedList$Node@50000549)
	item		50000542
OBJ 50000708 (sz=32, trace=300240, class=java.util.HashMap$Node@500000bb)
	key		50000704
	value		50000706
OBJ 50000709 (sz=24, trace=300283, class=java.util.LinkedList$Node@50000549)
	item		50000704
	next		5000070f
	prev		50000703
OBJ 5000070a (sz=24, trace=300277, class=java.lang.String@50000165)
	value		5000070b
ARR 5000070b (sz=66, trace=300276, nelems=33, elem type=char[])
OBJ 5000070c (sz=32, trace=300279, class=java.util.LinkedList@50000547)
	first		5000070d
	last		5000070d
OBJ 5000070d (sz=24, trace=300281, class=java.util.LinkedList$Node@50000549)
	item		50000542
OBJ 5000070e (sz=32, trace=300240, class=java.util.HashMap$Node@500000bb)
	key		5000070a
	value		5000070c
OBJ 5000070f (sz=24, trace=300283, class=java.util.LinkedList$Node@50000549)
	item		5000070a
	next		50000715
	prev		50000709
OBJ 50000710 (sz=24, trace=300277, class=java.lang.String@50000165)
	value		50000711
ARR 50000711 (sz=58, trace=300276, nelems=29, elem type=char[])
OBJ 50000712 (sz=32, trace=300279, class=java.util.LinkedList@50000547)
	first		50000713
	last		50000713
OBJ 50000713 (sz=24, trace=300281, class=java.util.LinkedList$Node@50000549)
	item		50000542
OBJ 50000714 (sz=32, trace=300239, class=java.util.HashMap$Node@500000bb)
	key		50000710
	value		50000712
	next		500008a1
OBJ 50000715 (sz=24, trace=300283, class=java.util.LinkedList$Node@50000549)
	item		50000710
	next		5000071b
	prev		5000070f
OBJ 50000716 (sz=24, trace=300277, class=java.lang.String@50000165)
	value		50000717
ARR 50000717 (sz=34, trace=300276, nelems=17, elem type=char[])
OBJ 50000718 (sz=32, trace=300279, class=java.util.LinkedList@50000547)
	first		50000719
	last		50000719
OBJ 50000719 (sz=24, trace=300281, class=java.util.LinkedList$Node@50000549)
	item		50000542
OBJ 5000071a (sz=32, trace=300239, class=java.util.HashMap$Node@500000bb)
	key		50000716
	value		50000718
	next		50000720
OBJ 5000071b (sz=24, trace=300283, class=java.util.LinkedList$Node@50000549)
	item		50000716
	next		50000721
	prev		50000715
OBJ 5000071c (sz=24, trace=300277, class=java.lang.String@50000165)
	value		5000071d
ARR 5000071d (sz=46, trace=300276, nelems=23, elem type=char[])
OBJ 5000071e (sz=32, trace=300279, class=java.util.LinkedList@50000547)
	first		5000071f
	last		5000071f
OBJ 5000071f (sz=24, trace=300281, class=java.util.LinkedList$Node@50000549)
	item		50000542
OBJ 50000720 (sz=32, trace=300240, class=java.util.HashMap$Node@500000bb)
	key		5000071c
	value		5000071e
	next		5000080b
OBJ 50000721 (sz=24, trace=300283, class=java.util.LinkedList$Node@50000549)
	item		5000071c
	next		50000727
	prev		5000071b
OBJ 50000722 (sz=24, trace=300277, class=java.lang.String@50000165)
	value		50000723
ARR 50000723 (sz=54, trace=300276, nelems=27, elem type=char[])
OBJ 50000724 (sz=32, trace=300279, class=java.util.LinkedList@50000547)
	first		50000725
	last		50000725
OBJ 50000725 (sz=24, trace=300281, class=java.util.LinkedList$Node@50000549)
	item		50000542
OBJ 50000726 (sz=32, trace=300239, class=java.util.HashMap$Node@500000bb)
	key		50000722
	value		50000724
OBJ 50000727 (sz=24, trace=300283, class=java.util.LinkedList$Node@50000549)
	item		50000722
	next		5000072d
	prev		50000721
OBJ 50000728 (sz=24, trace=300277, class=java.lang.String@50000165)
	value		50000729
ARR 50000729 (sz=40, trace=300276, nelems=20, elem type=char[])
OBJ 5000072a (sz=32, trace=300279, class=java.util.LinkedList@50000547)
	first		5000072b
	last		5000072b
OBJ 5000072b (sz=24, trace=300281, class=java.util.LinkedList$Node@50000549)
	item		50000542
OBJ 5000072c (sz=32, trace=300239, class=java.util.HashMap$Node@500000bb)
	key		50000728
	value		5000072a
OBJ 5000072d (sz=24, trace=300283, class=java.util.LinkedList$Node@50000549)
	item		50000728
	next		50000733
	prev		50000727
OBJ 5000072e (sz=24, trace=300277, class=java.lang.String@50000165)
	value		5000072f
ARR 5000072f (sz=38, trace=300276, nelems=19, elem type=char[])
OBJ 50000730 (sz=32, trace=300279, class=java.util.LinkedList@50000547)
	first		50000731
	last		50000731
OBJ 50000731 (sz=24, trace=300281, class=java.util.LinkedList$Node@50000549)
	item		50000542
OBJ 50000732 (sz=32, trace=300240, class=java.util.HashMap$Node@500000bb)
	key		5000072e
	value		50000730
OBJ 50000733 (sz=24, trace=300283, class=java.util.LinkedList$Node@50000549)
	item		5000072e
	next		50000739
	prev		5000072d
OBJ 50000734 (sz=24, trace=300277, class=java.lang.String@50000165)
	value		50000735
ARR 50000735 (sz=34, trace=300276, nelems=17, elem type=char[])
OBJ 50000736 (sz=32, trace=300279, class=java.util.LinkedList@50000547)
	first		50000737
	last		50000737
OBJ 50000737 (sz=24, trace=300281, class=java.util.LinkedList$Node@50000549)
	item		50000542
OBJ 50000738 (sz=32, trace=300240, class=java.util.HashMap$Node@500000bb)
	key		50000734
	value		50000736
OBJ 50000739 (sz=24, trace=300283, class=java.util.LinkedList$Node@50000549)
	item		50000734
	next		5000073f
	prev		50000733
OBJ 5000073a (sz=24, trace=300277, class=java.lang.String@50000165)
	value		5000073b
ARR 5000073b (sz=50, trace=300276, nelems=25, elem type=char[])
OBJ 5000073c (sz=32, trace=300279, class=java.util.LinkedList@50000547)
	first		5000073d
	last		5000073d
OBJ 5000073d (sz=24, trace=300281, class=java.util.LinkedList$Node@50000549)
	item		50000542
OBJ 5000073e (sz=32, trace=300239, class=java.util.HashMap$Node@500000bb)
	key		5000073a
	value		5000073c
OBJ 5000073f (sz=24, trace=300283, class=java.util.LinkedList$Node@50000549)
	item		5000073a
	next		50000745
	prev		50000739
OBJ 50000740 (sz=24, trace=300277, class=java.lang.String@50000165)
	value		50000741
ARR 50000741 (sz=38, trace=300276, nelems=19, elem type=char[])
OBJ 50000742 (sz=32, trace=300279, class=java.util.LinkedList@50000547)
	first		50000743
	last		50000743
OBJ 50000743 (sz=24, trace=300281, class=java.util.LinkedList$Node@50000549)
	item		50000542
OBJ 50000744 (sz=32, trace=300239, class=java.util.HashMap$Node@500000bb)
	key		50000740
	value		50000742
	next		500008dd
OBJ 50000745 (sz=24, trace=300283, class=java.util.LinkedList$Node@50000549)
	item		50000740
	next		5000074b
	prev		5000073f
OBJ 50000746 (sz=24, trace=300277, class=java.lang.String@50000165)
	value		50000747
ARR 50000747 (sz=42, trace=300276, nelems=21, elem type=char[])
OBJ 50000748 (sz=32, trace=300279, class=java.util.LinkedList@50000547)
	first		50000749
	last		50000749
OBJ 50000749 (sz=24, trace=300281, class=java.util.LinkedList$Node@50000549)
	item		50000542
OBJ 5000074a (sz=32, trace=300240, class=java.util.HashMap$Node@500000bb)
	key		50000746
	value		50000748
	next		5000089b
OBJ 5000074b (sz=24, trace=300283, class=java.util.LinkedList$Node@50000549)
	item		50000746
	next		50000751
	prev		50000745
OBJ 5000074c (sz=24, trace=300277, class=java.lang.String@50000165)
	value		5000074d
ARR 5000074d (sz=50, trace=300276, nelems=25, elem type=char[])
OBJ 5000074e (sz=32, trace=300279, class=java.util.LinkedList@50000547)
	first		5000074f
	last		5000074f
OBJ 5000074f (sz=24, trace=300281, class=java.util.LinkedList$Node@50000549)
	item		50000542
OBJ 50000750 (sz=32, trace=300240, class=java.util.HashMap$Node@500000bb)
	key		5000074c
	value		5000074e
OBJ 50000751 (sz=24, trace=300283, class=java.util.LinkedList$Node@50000549)
	item		5000074c
	next		50000757
	prev		5000074b
OBJ 50000752 (sz=24, trace=300277, class=java.lang.String@50000165)
	value		50000753
ARR 50000753 (sz=54, trace=300276, nelems=27, elem type=char[])
OBJ 50000754 (sz=32, trace=300279, class=java.util.LinkedList@50000547)
	first		50000755
	last		50000755
OBJ 50000755 (sz=24, trace=300281, class=java.util.LinkedList$Node@50000549)
	item		50000542
OBJ 50000756 (sz=32, trace=300240, class=java.util.HashMap$Node@500000bb)
	key		50000752
	value		50000754
OBJ 50000757 (sz=24, trace=300283, class=java.util.LinkedList$Node@50000549)
	item		50000752
	next		5000075d
	prev		50000751
OBJ 50000758 (sz=24, trace=300277, class=java.lang.String@50000165)
	value		50000759
ARR 50000759 (sz=74, trace=300276, nelems=37, elem type=char[])
OBJ 5000075a (sz=32, trace=300279, class=java.util.LinkedList@50000547)
	first		5000075b
	last		5000075b
OBJ 5000075b (sz=24, trace=300281, class=java.util.LinkedList$Node@50000549)
	item		50000542
OBJ 5000075c (sz=32, trace=300240, class=java.util.HashMap$Node@500000bb)
	key		50000758
	value		5000075a
OBJ 5000075d (sz=24, trace=300283, class=java.util.LinkedList$Node@50000549)
	item		50000758
	next		50000763
	prev		50000757
OBJ 5000075e (sz=24, trace=300277, class=java.lang.String@50000165)
	value		5000075f
ARR 5000075f (sz=66, trace=300276, nelems=33, elem type=char[])
OBJ 50000760 (sz=32, trace=300279, class=java.util.LinkedList@50000547)
	first		50000761
	last		50000761
OBJ 50000761 (sz=24, trace=300281, class=java.util.LinkedList$Node@50000549)
	item		50000542
OBJ 50000762 (sz=32, trace=300239, class=java.util.HashMap$Node@500000bb)
	key		5000075e
	value		50000760
OBJ 50000763 (sz=24, trace=300283, class=java.util.LinkedList$Node@50000549)
	item		5000075e
	next		50000769
	prev		5000075d
OBJ 50000764 (sz=24, trace=300277, class=java.lang.String@50000165)
	value		50000765
ARR 50000765 (sz=54, trace=300276, nelems=27, elem type=char[])
OBJ 50000766 (sz=32, trace=300279, class=java.util.LinkedList@50000547)
	first		50000767
	last		50000767
OBJ 50000767 (sz=24, trace=300281, class=java.util.LinkedList$Node@50000549)
	item		50000542
OBJ 50000768 (sz=32, trace=300239, class=java.util.HashMap$Node@500000bb)
	key		50000764
	value		50000766
	next		500007c9
OBJ 50000769 (sz=24, trace=300283, class=java.util.LinkedList$Node@50000549)
	item		50000764
	next		5000076f
	prev		50000763
OBJ 5000076a (sz=24, trace=300277, class=java.lang.String@50000165)
	value		5000076b
ARR 5000076b (sz=26, trace=300276, nelems=13, elem type=char[])
OBJ 5000076c (sz=32, trace=300279, class=java.util.LinkedList@50000547)
	first		5000076d
	last		5000076d
OBJ 5000076d (sz=24, trace=300281, class=java.util.LinkedList$Node@50000549)
	item		50000542
OBJ 5000076e (sz=32, trace=300240, class=java.util.HashMap$Node@500000bb)
	key		5000076a
	value		5000076c
OBJ 5000076f (sz=24, trace=300283, class=java.util.LinkedList$Node@50000549)
	item		5000076a
	next		50000775
	prev		50000769
OBJ 50000770 (sz=24, trace=300277, class=java.lang.String@50000165)
	value		50000771
ARR 50000771 (sz=44, trace=300276, nelems=22, elem type=char[])
OBJ 50000772 (sz=32, trace=300279, class=java.util.LinkedList@50000547)
	first		50000773
	last		50000773
OBJ 50000773 (sz=24, trace=300281, class=java.util.LinkedList$Node@50000549)
	item		50000542
OBJ 50000774 (sz=32, trace=300239, class=java.util.HashMap$Node@500000bb)
	key		50000770
	value		50000772
	next		500008e3
OBJ 50000775 (sz=24, trace=300283, class=java.util.LinkedList$Node@50000549)
	item		50000770
	next		5000077b
	prev		5000076f
OBJ 50000776 (sz=24, trace=300277, class=java.lang.String@50000165)
	value		50000777
ARR 50000777 (sz=60, trace=300276, nelems=30, elem type=char[])
OBJ 50000778 (sz=32, trace=300279, class=java.util.LinkedList@50000547)
	first		50000779
	last		50000779
OBJ 50000779 (sz=24, trace=300281, class=java.util.LinkedList$Node@50000549)
	item		50000542
OBJ 5000077a (sz=32, trace=300239, class=java.util.HashMap$Node@500000bb)
	key		50000776
	value		50000778
OBJ 5000077b (sz=24, trace=300283, class=java.util.LinkedList$Node@50000549)
	item		50000776
	next		50000781
	prev		50000775
OBJ 5000077c (sz=24, trace=300277, class=java.lang.String@50000165)
	value		5000077d
ARR 5000077d (sz=60, trace=300276, nelems=30, elem type=char[])
OBJ 5000077e (sz=32, trace=300279, class=java.util.LinkedList@50000547)
	first		5000077f
	last		5000077f
OBJ 5000077f (sz=24, trace=300281, class=java.util.LinkedList$Node@50000549)
	item		50000542
OBJ 50000780 (sz=32, trace=300240, class=java.util.HashMap$Node@500000bb)
	key		5000077c
	value		5000077e
	next		50000811
OBJ 50000781 (sz=24, trace=300283, class=java.util.LinkedList$Node@50000549)
	item		5000077c
	next		50000787
	prev		5000077b
OBJ 50000782 (sz=24, trace=300277, class=java.lang.String@50000165)
	value		50000783
ARR 50000783 (sz=58, trace=300276, nelems=29, elem type=char[])
OBJ 50000784 (sz=32, trace=300279, class=java.util.LinkedList@50000547)
	first		50000785
	last		50000785
OBJ 50000785 (sz=24, trace=300281, class=java.util.LinkedList$Node@50000549)
	item		50000542
OBJ 50000786 (sz=32, trace=300240, class=java.util.HashMap$Node@500000bb)
	key		50000782
	value		50000784
OBJ 50000787 (sz=24, trace=300283, class=java.util.LinkedList$Node@50000549)
	item		50000782
	next		5000078d
	prev		50000781
OBJ 50000788 (sz=24, trace=300277, class=java.lang.String@50000165)
	value		50000789
ARR 50000789 (sz=60, trace=300276, nelems=30, elem type=char[])
OBJ 5000078a (sz=32, trace=300279, class=java.util.LinkedList@50000547)
	first		5000078b
	last		5000078b
OBJ 5000078b (sz=24, trace=300281, class=java.util.LinkedList$Node@50000549)
	item		50000542
OBJ 5000078c (sz=32, trace=300240, class=java.util.HashMap$Node@500000bb)
	key		50000788
	value		5000078a
OBJ 5000078d (sz=24, trace=300283, class=java.util.LinkedList$Node@50000549)
	item		50000788
	next		50000794
	prev		50000787
OBJ 5000078e (sz=24, trace=300277, class=java.lang.String@50000165)
	value		5000078f
ARR 5000078f (sz=60, trace=300276, nelems=30, elem type=char[])
OBJ 50000790 (sz=32, trace=300279, class=java.util.LinkedList@50000547)
	first		50000791
	last		50000791
OBJ 50000791 (sz=24, trace=300281, class=java.util.LinkedList$Node@50000549)
	item		50000542
OBJ 50000792 (sz=32, trace=300239, class=java.util.HashMap$Node@500000bb)
	key		5000078e
	value		50000790
ARR 50000793 (sz=1040, trace=300284, nelems=256, elem type=java.util.HashMap$Node[]@500000b9)
	[0]		500006b4
	[2]		50000659
	[6]		50000635
	[7]		50000901
	[10]		5000058b
	[11]		50000799
	[12]		50000913
	[13]		5000064d
	[15]		500009bb
	[17]		50000937
	[18]		5000090d
	[20]		50000671
	[21]		50000726
	[22]		5000073e
	[24]		5000072c
	[25]		500005ff
	[26]		50000774
	[27]		50000835
	[29]		50000684
	[30]		50000690
	[31]		5000096d
	[33]		50000979
	[34]		50000678
	[35]		500009b5
	[36]		50000714
	[37]		50000744
	[40]		500006a2
	[42]		500008ef
	[46]		500008ad
	[51]		50000605
	[52]		5000088f
	[54]		500007a5
	[55]		50000555
	[56]		50000786
	[57]		500005c8
	[60]		50000955
	[61]		500007b1
	[62]		500006ba
	[63]		50000756
	[64]		50000817
	[65]		5000065f
	[66]		500009af
	[68]		5000078c
	[71]		50000629
	[72]		500009a9
	[75]		5000084d
	[76]		50000623
	[77]		500008b9
	[79]		5000059e
	[80]		500005d4
	[81]		5000082f
	[82]		5000062f
	[83]		50000702
	[85]		50000877
	[86]		50000617
	[90]		500005f3
	[91]		50000561
	[93]		5000057f
	[94]		50000792
	[95]		500006d8
	[98]		500005f9
	[99]		50000780
	[103]		5000093d
	[105]		50000943
	[106]		500007e7
	[113]		50000907
	[115]		50000768
	[117]		500006f6
	[120]		500005e0
	[124]		50000567
	[126]		5000079f
	[128]		5000054c
	[129]		5000083b
	[133]		500008b3
	[135]		50000829
	[136]		5000077a
	[140]		5000066b
	[141]		50000895
	[143]		50000967
	[145]		500005a4
	[146]		50000997
	[151]		500008d1
	[152]		50000961
	[153]		5000081d
	[155]		50000597
	[156]		5000087d
	[157]		500007ff
	[158]		50000859
	[161]		5000056d
	[163]		50000573
	[167]		500006a8
	[171]		500005da
	[173]		50000579
	[175]		500006ea
	[176]		500005bc
	[184]		500006f0
	[185]		50000853
	[187]		500008bf
	[189]		5000071a
	[190]		50000641
	[191]		500006ae
	[193]		500005aa
	[195]		5000099d
	[196]		50000591
	[198]		500007c3
	[203]		50000665
	[205]		500008cb
	[206]		50000889
	[208]		5000097f
	[209]		50000696
	[213]		500005ed
	[214]		5000098b
	[217]		500008c5
	[218]		500005ce
	[219]		50000991
	[223]		5000055b
	[226]		50000738
	[227]		50000647
	[228]		500005b0
	[229]		50000611
	[230]		5000091f
	[234]		50000847
	[235]		5000085f
	[237]		500007f9
	[238]		500007db
	[239]		500008fb
	[242]		500005b6
	[244]		50000871
	[246]		50000919
	[247]		500006d2
	[249]		50000585
	[250]		50000823
	[251]		500005e7
	[252]		5000068a
	[253]		50000949
	[254]		50000762
	[255]		5000063b
OBJ 50000794 (sz=24, trace=300283, class=java.util.LinkedList$Node@50000549)
	item		5000078e
	next		5000079a
	prev		5000078d
OBJ 50000795 (sz=24, trace=300277, class=java.lang.String@50000165)
	value		50000796
ARR 50000796 (sz=56, trace=300276, nelems=28, elem type=char[])
OBJ 50000797 (sz=32, trace=300279, class=java.util.LinkedList@50000547)
	first		50000798
	last		50000798
OBJ 50000798 (sz=24, trace=300281, class=java.util.LinkedList$Node@50000549)
	item		50000542
OBJ 50000799 (sz=32, trace=300239, class=java.util.HashMap$Node@500000bb)
	key		50000795
	value		50000797
OBJ 5000079a (sz=24, trace=300283, class=java.util.LinkedList$Node@50000549)
	item		50000795
	next		500007a0
	prev		50000794
OBJ 5000079b (sz=24, trace=300277, class=java.lang.String@50000165)
	value		5000079c
ARR 5000079c (sz=52, trace=300276, nelems=26, elem type=char[])
OBJ 5000079d (sz=32, trace=300279, class=java.util.LinkedList@50000547)
	first		5000079e
	last		5000079e
OBJ 5000079e (sz=24, trace=300281, class=java.util.LinkedList$Node@50000549)
	item		50000542
OBJ 5000079f (sz=32, trace=300239, class=java.util.HashMap$Node@500000bb)
	key		5000079b
	value		5000079d
OBJ 500007a0 (sz=24, trace=300283, class=java.util.LinkedList$Node@50000549)
	item		5000079b
	next		500007a6
	prev		5000079a
OBJ 500007a1 (sz=24, trace=300277, class=java.lang.String@50000165)
	value		500007a2
ARR 500007a2 (sz=70, trace=300276, nelems=35, elem type=char[])
OBJ 500007a3 (sz=32, trace=300279, class=java.util.LinkedList@50000547)
	first		500007a4
	last		500007a4
OBJ 500007a4 (sz=24, trace=300281, class=java.util.LinkedList$Node@50000549)
	item		50000542
OBJ 500007a5 (sz=32, trace=300239, class=java.util.HashMap$Node@500000bb)
	key		500007a1
	value		500007a3
OBJ 500007a6 (sz=24, trace=300283, class=java.util.LinkedList$Node@50000549)
	item		500007a1
	next		500007ac
	prev		500007a0
OBJ 500007a7 (sz=24, trace=300277, class=java.lang.String@50000165)
	value		500007a8
ARR 500007a8 (sz=90, trace=300276, nelems=45, elem type=char[])
OBJ 500007a9 (sz=32, trace=300279, class=java.util.LinkedList@50000547)
	first		500007aa
	last		500007aa
OBJ 500007aa (sz=24, trace=300281, class=java.util.LinkedList$Node@50000549)
	item		50000542
OBJ 500007ab (sz=32, trace=300240, class=java.util.HashMap$Node@500000bb)
	key		500007a7
	value		500007a9
	next		50000883
OBJ 500007ac (sz=24, trace=300283, class=java.util.LinkedList$Node@50000549)
	item		500007a7
	next		500007b2
	prev		500007a6
OBJ 500007ad (sz=24, trace=300277, class=java.lang.String@50000165)
	value		500007ae
ARR 500007ae (sz=78, trace=300276, nelems=39, elem type=char[])
OBJ 500007af (sz=32, trace=300279, class=java.util.LinkedList@50000547)
	first		500007b0
	last		500007b0
OBJ 500007b0 (sz=24, trace=300281, class=java.util.LinkedList$Node@50000549)
	item		50000542
OBJ 500007b1 (sz=32, trace=300239, class=java.util.HashMap$Node@500000bb)
	key		500007ad
	value		500007af
OBJ 500007b2 (sz=24, trace=300283, class=java.util.LinkedList$Node@50000549)
	item		500007ad
	next		500007b8
	prev		500007ac
OBJ 500007b3 (sz=24, trace=300277, class=java.lang.String@50000165)
	value		500007b4
ARR 500007b4 (sz=80, trace=300276, nelems=40, elem type=char[])
OBJ 500007b5 (sz=32, trace=300279, class=java.util.LinkedList@50000547)
	first		500007b6
	last		500007b6
OBJ 500007b6 (sz=24, trace=300281, class=java.util.LinkedList$Node@50000549)
	item		50000542
OBJ 500007b7 (sz=32, trace=300240, class=java.util.HashMap$Node@500000bb)
	key		500007b3
	value		500007b5
OBJ 500007b8 (sz=24, trace=300283, class=java.util.LinkedList$Node@50000549)
	item		500007b3
	next		500007be
	prev		500007b2
OBJ 500007b9 (sz=24, trace=300277, class=java.lang.String@50000165)
	value		500007ba
ARR 500007ba (sz=78, trace=300276, nelems=39, elem type=char[])
OBJ 500007bb (sz=32, trace=300279, class=java.util.LinkedList@50000547)
	first		500007bc
	last		500007bc
OBJ 500007bc (sz=24, trace=300281, class=java.util.LinkedList$Node@50000549)
	item		50000542
OBJ 500007bd (sz=32, trace=300240, class=java.util.HashMap$Node@500000bb)
	key		500007b9
	value		500007bb
	next		500008e9
OBJ 500007be (sz=24, trace=300283, class=java.util.LinkedList$Node@50000549)
	item		500007b9
	next		500007c4
	prev		500007b8
OBJ 500007bf (sz=24, trace=300277, class=java.lang.String@50000165)
	value		500007c0
ARR 500007c0 (sz=36, trace=300276, nelems=18, elem type=char[])
OBJ 500007c1 (sz=32, trace=300279, class=java.util.LinkedList@50000547)
	first		500007c2
	last		500007c2
OBJ 500007c2 (sz=24, trace=300281, class=java.util.LinkedList$Node@50000549)
	item		50000542
OBJ 500007c3 (sz=32, trace=300239, class=java.util.HashMap$Node@500000bb)
	key		500007bf
	value		500007c1
OBJ 500007c4 (sz=24, trace=300283, class=java.util.LinkedList$Node@50000549)
	item		500007bf
	next		500007ca
	prev		500007be
OBJ 500007c5 (sz=24, trace=300277, class=java.lang.String@50000165)
	value		500007c6
ARR 500007c6 (sz=28, trace=300276, nelems=14, elem type=char[])
OBJ 500007c7 (sz=32, trace=300279, class=java.util.LinkedList@50000547)
	first		500007c8
	last		500007c8
OBJ 500007c8 (sz=24, trace=300281, class=java.util.LinkedList$Node@50000549)
	item		50000542
OBJ 500007c9 (sz=32, trace=300240, class=java.util.HashMap$Node@500000bb)
	key		500007c5
	value		500007c7
OBJ 500007ca (sz=24, trace=300283, class=java.util.LinkedList$Node@50000549)
	item		500007c5
	next		500007d0
	prev		500007c4
OBJ 500007cb (sz=24, trace=300277, class=java.lang.String@50000165)
	value		500007cc
ARR 500007cc (sz=26, trace=300276, nelems=13, elem type=char[])
OBJ 500007cd (sz=32, trace=300279, class=java.util.LinkedList@50000547)
	first		500007ce
	last		500007ce
OBJ 500007ce (sz=24, trace=300281, class=java.util.LinkedList$Node@50000549)
	item		50000542
OBJ 500007cf (sz=32, trace=300240, class=java.util.HashMap$Node@500000bb)
	key		500007cb
	value		500007cd
	next		50000931
OBJ 500007d0 (sz=24, trace=300283, class=java.util.LinkedList$Node@50000549)
	item		500007cb
	next		500007d6
	prev		500007ca
OBJ 500007d1 (sz=24, trace=300277, class=java.lang.String@50000165)
	value		500007d2
ARR 500007d2 (sz=34, trace=300276, nelems=17, elem type=char[])
OBJ 500007d3 (sz=32, trace=300279, class=java.util.LinkedList@50000547)
	first		500007d4
	last		500007d4
OBJ 500007d4 (sz=24, trace=300281, class=java.util.LinkedList$Node@50000549)
	item		50000542
OBJ 500007d5 (sz=32, trace=300240, class=java.util.HashMap$Node@500000bb)
	key		500007d1
	value		500007d3
OBJ 500007d6 (sz=24, trace=300283, class=java.util.LinkedList$Node@50000549)
	item		500007d1
	next		500007dc
	prev		500007d0
OBJ 500007d7 (sz=24, trace=300277, class=java.lang.String@50000165)
	value		500007d8
ARR 500007d8 (sz=44, trace=300276, nelems=22, elem type=char[])
OBJ 500007d9 (sz=32, trace=300279, class=java.util.LinkedList@50000547)
	first		500007da
	last		500007da
OBJ 500007da (sz=24, trace=300281, class=java.util.LinkedList$Node@50000549)
	item		50000542
OBJ 500007db (sz=32, trace=300239, class=java.util.HashMap$Node@500000bb)
	key		500007d7
	value		500007d9
	next		50000925
OBJ 500007dc (sz=24, trace=300283, class=java.util.LinkedList$Node@50000549)
	item		500007d7
	next		500007e2
	prev		500007d6
OBJ 500007dd (sz=24, trace=300277, class=java.lang.String@50000165)
	value		500007de
ARR 500007de (sz=38, trace=300276, nelems=19, elem type=char[])
OBJ 500007df (sz=32, trace=300279, class=java.util.LinkedList@50000547)
	first		500007e0
	last		500007e0
OBJ 500007e0 (sz=24, trace=300281, class=java.util.LinkedList$Node@50000549)
	item		50000542
OBJ 500007e1 (sz=32, trace=300240, class=java.util.HashMap$Node@500000bb)
	key		500007dd
	value		500007df
OBJ 500007e2 (sz=24, trace=300283, class=java.util.LinkedList$Node@50000549)
	item		500007dd
	next		500007e8
	prev		500007dc
OBJ 500007e3 (sz=24, trace=300277, class=java.lang.String@50000165)
	value		500007e4
ARR 500007e4 (sz=36, trace=300276, nelems=18, elem type=char[])
OBJ 500007e5 (sz=32, trace=300279, class=java.util.LinkedList@50000547)
	first		500007e6
	last		500007e6
OBJ 500007e6 (sz=24, trace=300281, class=java.util.LinkedList$Node@50000549)
	item		50000542
OBJ 500007e7 (sz=32, trace=300239, class=java.util.HashMap$Node@500000bb)
	key		500007e3
	value		500007e5
OBJ 500007e8 (sz=24, trace=300283, class=java.util.LinkedList$Node@50000549)
	item		500007e3
	next		500007ee
	prev		500007e2
OBJ 500007e9 (sz=24, trace=300277, class=java.lang.String@50000165)
	value		500007ea
ARR 500007ea (sz=54, trace=300276, nelems=27, elem type=char[])
OBJ 500007eb (sz=32, trace=300279, class=java.util.LinkedList@50000547)
	first		500007ec
	last		500007ec
OBJ 500007ec (sz=24, trace=300281, class=java.util.LinkedList$Node@50000549)
	item		50000542
OBJ 500007ed (sz=32, trace=300240, class=java.util.HashMap$Node@500000bb)
	key		500007e9
	value		500007eb
OBJ 500007ee (sz=24, trace=300283, class=java.util.LinkedList$Node@50000549)
	item		500007e9
	next		500007f4
	prev		500007e8
OBJ 500007ef (sz=24, trace=300277, class=java.lang.String@50000165)
	value		500007f0
ARR 500007f0 (sz=48, trace=300276, nelems=24, elem type=char[])
OBJ 500007f1 (sz=32, trace=300279, class=java.util.LinkedList@50000547)
	first		500007f2
	last		500007f2
OBJ 500007f2 (sz=24, trace=300281, class=java.util.LinkedList$Node@50000549)
	item		50000542
OBJ 500007f3 (sz=32, trace=300240, class=java.util.HashMap$Node@500000bb)
	key		500007ef
	value		500007f1
OBJ 500007f4 (sz=24, trace=300283, class=java.util.LinkedList$Node@50000549)
	item		500007ef
	next		500007fa
	prev		500007ee
OBJ 500007f5 (sz=24, trace=300277, class=java.lang.String@50000165)
	value		500007f6
ARR 500007f6 (sz=42, trace=300276, nelems=21, elem type=char[])
OBJ 500007f7 (sz=32, trace=300279, class=java.util.LinkedList@50000547)
	first		500007f8
	last		500007f8
OBJ 500007f8 (sz=24, trace=300281, class=java.util.LinkedList$Node@50000549)
	item		50000542
OBJ 500007f9 (sz=32, trace=300239, class=java.util.HashMap$Node@500000bb)
	key		500007f5
	value		500007f7
OBJ 500007fa (sz=24, trace=300283, class=java.util.LinkedList$Node@50000549)
	item		500007f5
	next		50000800
	prev		500007f4
OBJ 500007fb (sz=24, trace=300277, class=java.lang.String@50000165)
	value		500007fc
ARR 500007fc (sz=48, trace=300276, nelems=24, elem type=char[])
OBJ 500007fd (sz=32, trace=300279, class=java.util.LinkedList@50000547)
	first		500007fe
	last		500007fe
OBJ 500007fe (sz=24, trace=300281, class=java.util.LinkedList$Node@50000549)
	item		50000542
OBJ 500007ff (sz=32, trace=300239, class=java.util.HashMap$Node@500000bb)
	key		500007fb
	value		500007fd
	next		50000841
OBJ 50000800 (sz=24, trace=300283, class=java.util.LinkedList$Node@50000549)
	item		500007fb
	next		50000806
	prev		500007fa
OBJ 50000801 (sz=24, trace=300277, class=java.lang.String@50000165)
	value		50000802
ARR 50000802 (sz=34, trace=300276, nelems=17, elem type=char[])
OBJ 50000803 (sz=32, trace=300279, class=java.util.LinkedList@50000547)
	first		50000804
	last		50000804
OBJ 50000804 (sz=24, trace=300281, class=java.util.LinkedList$Node@50000549)
	item		50000542
OBJ 50000805 (sz=32, trace=300240, class=java.util.HashMap$Node@500000bb)
	key		50000801
	value		50000803
OBJ 50000806 (sz=24, trace=300283, class=java.util.LinkedList$Node@50000549)
	item		50000801
	next		5000080c
	prev		50000800
OBJ 50000807 (sz=24, trace=300277, class=java.lang.String@50000165)
	value		50000808
ARR 50000808 (sz=46, trace=300276, nelems=23, elem type=char[])
OBJ 50000809 (sz=32, trace=300279, class=java.util.LinkedList@50000547)
	first		5000080a
	last		5000080a
OBJ 5000080a (sz=24, trace=300281, class=java.util.LinkedList$Node@50000549)
	item		50000542
OBJ 5000080b (sz=32, trace=300240, class=java.util.HashMap$Node@500000bb)
	key		50000807
	value		50000809
OBJ 5000080c (sz=24, trace=300283, class=java.util.LinkedList$Node@50000549)
	item		50000807
	next		50000812
	prev		50000806
OBJ 5000080d (sz=24, trace=300277, class=java.lang.String@50000165)
	value		5000080e
ARR 5000080e (sz=46, trace=300276, nelems=23, elem type=char[])
OBJ 5000080f (sz=32, trace=300279, class=java.util.LinkedList@50000547)
	first		50000810
	last		50000810
OBJ 50000810 (sz=24, trace=300281, class=java.util.LinkedList$Node@50000549)
	item		50000542
OBJ 50000811 (sz=32, trace=300240, class=java.util.HashMap$Node@500000bb)
	key		5000080d
	value		5000080f
OBJ 50000812 (sz=24, trace=300283, class=java.util.LinkedList$Node@50000549)
	item		5000080d
	next		50000818
	prev		5000080c
OBJ 50000813 (sz=24, trace=300277, class=java.lang.String@50000165)
	value		50000814
ARR 50000814 (sz=40, trace=300276, nelems=20, elem type=char[])
OBJ 50000815 (sz=32, trace=300279, class=java.util.LinkedList@50000547)
	first		50000816
	last		50000816
OBJ 50000816 (sz=24, trace=300281, class=java.util.LinkedList$Node@50000549)
	item		50000542
OBJ 50000817 (sz=32, trace=300239, class=java.util.HashMap$Node@500000bb)
	key		50000813
	value		50000815
OBJ 50000818 (sz=24, trace=300283, class=java.util.LinkedList$Node@50000549)
	item		50000813
	next		5000081e
	prev		50000812
OBJ 50000819 (sz=24, trace=300277, class=java.lang.String@50000165)
	value		5000081a
ARR 5000081a (sz=38, trace=300276, nelems=19, elem type=char[])
OBJ 5000081b (sz=32, trace=300279, class=java.util.LinkedList@50000547)
	first		5000081c
	last		5000081c
OBJ 5000081c (sz=24, trace=300281, class=java.util.LinkedList$Node@50000549)
	item		50000542
OBJ 5000081d (sz=32, trace=300239, class=java.util.HashMap$Node@500000bb)
	key		50000819
	value		5000081b
OBJ 5000081e (sz=24, trace=300283, class=java.util.LinkedList$Node@50000549)
	item		50000819
	next		50000824
	prev		50000818
OBJ 5000081f (sz=24, trace=300277, class=java.lang.String@50000165)
	value		50000820
ARR 50000820 (sz=32, trace=300276, nelems=16, elem type=char[])
OBJ 50000821 (sz=32, trace=300279, class=java.util.LinkedList@50000547)
	first		50000822
	last		50000822
OBJ 50000822 (sz=24, trace=300281, class=java.util.LinkedList$Node@50000549)
	item		50000542
OBJ 50000823 (sz=32, trace=300239, class=java.util.HashMap$Node@500000bb)
	key		5000081f
	value		50000821
OBJ 50000824 (sz=24, trace=300283, class=java.util.LinkedList$Node@50000549)
	item		5000081f
	next		5000082a
	prev		5000081e
OBJ 50000825 (sz=24, trace=300277, class=java.lang.String@50000165)
	value		50000826
ARR 50000826 (sz=40, trace=300276, nelems=20, elem type=char[])
OBJ 50000827 (sz=32, trace=300279, class=java.util.LinkedList@50000547)
	first		50000828
	last		50000828
OBJ 50000828 (sz=24, trace=300281, class=java.util.LinkedList$Node@50000549)
	item		50000542
OBJ 50000829 (sz=32, trace=300239, class=java.util.HashMap$Node@500000bb)
	key		50000825
	value		50000827
OBJ 5000082a (sz=24, trace=300283, class=java.util.LinkedList$Node@50000549)
	item		50000825
	next		50000830
	prev		50000824
OBJ 5000082b (sz=24, trace=300277, class=java.lang.String@50000165)
	value		5000082c
ARR 5000082c (sz=38, trace=300276, nelems=19, elem type=char[])
OBJ 5000082d (sz=32, trace=300279, class=java.util.LinkedList@50000547)
	first		5000082e
	last		5000082e
OBJ 5000082e (sz=24, trace=300281, class=java.util.LinkedList$Node@50000549)
	item		50000542
OBJ 5000082f (sz=32, trace=300239, class=java.util.HashMap$Node@500000bb)
	key		5000082b
	value		5000082d
OBJ 50000830 (sz=24, trace=300283, class=java.util.LinkedList$Node@50000549)
	item		5000082b
	next		50000836
	prev		5000082a
OBJ 50000831 (sz=24, trace=300277, class=java.lang.String@50000165)
	value		50000832
ARR 50000832 (sz=32, trace=300276, nelems=16, elem type=char[])
OBJ 50000833 (sz=32, trace=300279, class=java.util.LinkedList@50000547)
	first		50000834
	last		50000834
OBJ 50000834 (sz=24, trace=300281, class=java.util.LinkedList$Node@50000549)
	item		50000542
OBJ 50000835 (sz=32, trace=300239, class=java.util.HashMap$Node@500000bb)
	key		50000831
	value		50000833
	next		500008d7
OBJ 50000836 (sz=24, trace=300283, class=java.util.LinkedList$Node@50000549)
	item		50000831
	next		5000083c
	prev		50000830
OBJ 50000837 (sz=24, trace=300277, class=java.lang.String@50000165)
	value		50000838
ARR 50000838 (sz=32, trace=300276, nelems=16, elem type=char[])
OBJ 50000839 (sz=32, trace=300279, class=java.util.LinkedList@50000547)
	first		5000083a
	last		5000083a
OBJ 5000083a (sz=24, trace=300281, class=java.util.LinkedList$Node@50000549)
	item		50000542
OBJ 5000083b (sz=32, trace=300239, class=java.util.HashMap$Node@500000bb)
	key		50000837
	value		50000839
OBJ 5000083c (sz=24, trace=300283, class=java.util.LinkedList$Node@50000549)
	item		50000837
	next		50000842
	prev		50000836
OBJ 5000083d (sz=24, trace=300277, class=java.lang.String@50000165)
	value		5000083e
ARR 5000083e (sz=52, trace=300276, nelems=26, elem type=char[])
OBJ 5000083f (sz=32, trace=300279, class=java.util.LinkedList@50000547)
	first		50000840
	last		50000840
OBJ 50000840 (sz=24, trace=300281, class=java.util.LinkedList$Node@50000549)
	item		50000542
OBJ 50000841 (sz=32, trace=300240, class=java.util.HashMap$Node@500000bb)
	key		5000083d
	value		5000083f
OBJ 50000842 (sz=24, trace=300283, class=java.util.LinkedList$Node@50000549)
	item		5000083d
	next		50000848
	prev		5000083c
OBJ 50000843 (sz=24, trace=300277, class=java.lang.String@50000165)
	value		50000844
ARR 50000844 (sz=66, trace=300276, nelems=33, elem type=char[])
OBJ 50000845 (sz=32, trace=300279, class=java.util.LinkedList@50000547)
	first		50000846
	last		50000846
OBJ 50000846 (sz=24, trace=300281, class=java.util.LinkedList$Node@50000549)
	item		50000542
OBJ 50000847 (sz=32, trace=300239, class=java.util.HashMap$Node@500000bb)
	key		50000843
	value		50000845
OBJ 50000848 (sz=24, trace=300283, class=java.util.LinkedList$Node@50000549)
	item		50000843
	next		5000084e
	prev		50000842
OBJ 50000849 (sz=24, trace=300277, class=java.lang.String@50000165)
	value		5000084a
ARR 5000084a (sz=46, trace=300276, nelems=23, elem type=char[])
OBJ 5000084b (sz=32, trace=300279, class=java.util.LinkedList@50000547)
	first		5000084c
	last		5000084c
OBJ 5000084c (sz=24, trace=300281, class=java.util.LinkedList$Node@50000549)
	item		50000542
OBJ 5000084d (sz=32, trace=300239, class=java.util.HashMap$Node@500000bb)
	key		50000849
	value		5000084b
OBJ 5000084e (sz=24, trace=300283, class=java.util.LinkedList$Node@50000549)
	item		50000849
	next		50000854
	prev		50000848
OBJ 5000084f (sz=24, trace=300277, class=java.lang.String@50000165)
	value		50000850
ARR 50000850 (sz=56, trace=300276, nelems=28, elem type=char[])
OBJ 50000851 (sz=32, trace=300279, class=java.util.LinkedList@50000547)
	first		50000852
	last		50000852
OBJ 50000852 (sz=24, trace=300281, class=java.util.LinkedList$Node@50000549)
	item		50000542
OBJ 50000853 (sz=32, trace=300239, class=java.util.HashMap$Node@500000bb)
	key		5000084f
	value		50000851
OBJ 50000854 (sz=24, trace=300283, class=java.util.LinkedList$Node@50000549)
	item		5000084f
	next		5000085a
	prev		5000084e
OBJ 50000855 (sz=24, trace=300277, class=java.lang.String@50000165)
	value		50000856
ARR 50000856 (sz=64, trace=300276, nelems=32, elem type=char[])
OBJ 50000857 (sz=32, trace=300279, class=java.util.LinkedList@50000547)
	first		50000858
	last		50000858
OBJ 50000858 (sz=24, trace=300281, class=java.util.LinkedList$Node@50000549)
	item		50000542
OBJ 50000859 (sz=32, trace=300239, class=java.util.HashMap$Node@500000bb)
	key		50000855
	value		50000857
OBJ 5000085a (sz=24, trace=300283, class=java.util.LinkedList$Node@50000549)
	item		50000855
	next		50000860
	prev		50000854
OBJ 5000085b (sz=24, trace=300277, class=java.lang.String@50000165)
	value		5000085c
ARR 5000085c (sz=74, trace=300276, nelems=37, elem type=char[])
OBJ 5000085d (sz=32, trace=300279, class=java.util.LinkedList@50000547)
	first		5000085e
	last		5000085e
OBJ 5000085e (sz=24, trace=300281, class=java.util.LinkedList$Node@50000549)
	item		50000542
OBJ 5000085f (sz=32, trace=300239, class=java.util.HashMap$Node@500000bb)
	key		5000085b
	value		5000085d
OBJ 50000860 (sz=24, trace=300283, class=java.util.LinkedList$Node@50000549)
	item		5000085b
	next		50000866
	prev		5000085a
OBJ 50000861 (sz=24, trace=300277, class=java.lang.String@50000165)
	value		50000862
ARR 50000862 (sz=62, trace=300276, nelems=31, elem type=char[])
OBJ 50000863 (sz=32, trace=300279, class=java.util.LinkedList@50000547)
	first		50000864
	last		50000864
OBJ 50000864 (sz=24, trace=300281, class=java.util.LinkedList$Node@50000549)
	item		50000542
OBJ 50000865 (sz=32, trace=300240, class=java.util.HashMap$Node@500000bb)
	key		50000861
	value		50000863
OBJ 50000866 (sz=24, trace=300283, class=java.util.LinkedList$Node@50000549)
	item		50000861
	next		5000086c
	prev		50000860
OBJ 50000867 (sz=24, trace=300277, class=java.lang.String@50000165)
	value		50000868
ARR 50000868 (sz=68, trace=300276, nelems=34, elem type=char[])
OBJ 50000869 (sz=32, trace=300279, class=java.util.LinkedList@50000547)
	first		5000086a
	last		5000086a
OBJ 5000086a (sz=24, trace=300281, class=java.util.LinkedList$Node@50000549)
	item		50000542
OBJ 5000086b (sz=32, trace=300240, class=java.util.HashMap$Node@500000bb)
	key		50000867
	value		50000869
OBJ 5000086c (sz=24, trace=300283, class=java.util.LinkedList$Node@50000549)
	item		50000867
	next		50000872
	prev		50000866
OBJ 5000086d (sz=24, trace=300277, class=java.lang.String@50000165)
	value		5000086e
ARR 5000086e (sz=74, trace=300276, nelems=37, elem type=char[])
OBJ 5000086f (sz=32, trace=300279, class=java.util.LinkedList@50000547)
	first		50000870
	last		50000870
OBJ 50000870 (sz=24, trace=300281, class=java.util.LinkedList$Node@50000549)
	item		50000542
OBJ 50000871 (sz=32, trace=300239, class=java.util.HashMap$Node@500000bb)
	key		5000086d
	value		5000086f
OBJ 50000872 (sz=24, trace=300283, class=java.util.LinkedList$Node@50000549)
	item		5000086d
	next		50000878
	prev		5000086c
OBJ 50000873 (sz=24, trace=300277, class=java.lang.String@50000165)
	value		50000874
ARR 50000874 (sz=74, trace=300276, nelems=37, elem type=char[])
OBJ 50000875 (sz=32, trace=300279, class=java.util.LinkedList@50000547)
	first		50000876
	last		50000876
OBJ 50000876 (sz=24, trace=300281, class=java.util.LinkedList$Node@50000549)
	item		50000542
OBJ 50000877 (sz=32, trace=300239, class=java.util.HashMap$Node@500000bb)
	key		50000873
	value		50000875
OBJ 50000878 (sz=24, trace=300283, class=java.util.LinkedList$Node@50000549)
	item		50000873
	next		5000087e
	prev		50000872
OBJ 50000879 (sz=24, trace=300277, class=java.lang.String@50000165)
	value		5000087a
ARR 5000087a (sz=68, trace=300276, nelems=34, elem type=char[])
OBJ 5000087b (sz=32, trace=300279, class=java.util.LinkedList@50000547)
	first		5000087c
	last		5000087c
OBJ 5000087c (sz=24, trace=300281, class=java.util.LinkedList$Node@50000549)
	item		50000542
OBJ 5000087d (sz=32, trace=300239, class=java.util.HashMap$Node@500000bb)
	key		50000879
	value		5000087b
	next		5000094f
OBJ 5000087e (sz=24, trace=300283, class=java.util.LinkedList$Node@50000549)
	item		50000879
	next		50000884
	prev		50000878
OBJ 5000087f (sz=24, trace=300277, class=java.lang.String@50000165)
	value		50000880
ARR 50000880 (sz=62, trace=300276, nelems=31, elem type=char[])
OBJ 50000881 (sz=32, trace=300279, class=java.util.LinkedList@50000547)
	first		50000882
	last		50000882
OBJ 50000882 (sz=24, trace=300281, class=java.util.LinkedList$Node@50000549)
	item		50000542
OBJ 50000883 (sz=32, trace=300240, class=java.util.HashMap$Node@500000bb)
	key		5000087f
	value		50000881
OBJ 50000884 (sz=24, trace=300283, class=java.util.LinkedList$Node@50000549)
	item		5000087f
	next		5000088a
	prev		5000087e
OBJ 50000885 (sz=24, trace=300277, class=java.lang.String@50000165)
	value		50000886
ARR 50000886 (sz=72, trace=300276, nelems=36, elem type=char[])
OBJ 50000887 (sz=32, trace=300279, class=java.util.LinkedList@50000547)
	first		50000888
	last		50000888
OBJ 50000888 (sz=24, trace=300281, class=java.util.LinkedList$Node@50000549)
	item		50000542
OBJ 50000889 (sz=32, trace=300239, class=java.util.HashMap$Node@500000bb)
	key		50000885
	value		50000887
OBJ 5000088a (sz=24, trace=300283, class=java.util.LinkedList$Node@50000549)
	item		50000885
	next		50000890
	prev		50000884
OBJ 5000088b (sz=24, trace=300277, class=java.lang.String@50000165)
	value		5000088c
ARR 5000088c (sz=70, trace=300276, nelems=35, elem type=char[])
OBJ 5000088d (sz=32, trace=300279, class=java.util.LinkedList@50000547)
	first		5000088e
	last		5000088e
OBJ 5000088e (sz=24, trace=300281, class=java.util.LinkedList$Node@50000549)
	item		50000542
OBJ 5000088f (sz=32, trace=300239, class=java.util.HashMap$Node@500000bb)
	key		5000088b
	value		5000088d
OBJ 50000890 (sz=24, trace=300283, class=java.util.LinkedList$Node@50000549)
	item		5000088b
	next		50000896
	prev		5000088a
OBJ 50000891 (sz=24, trace=300277, class=java.lang.String@50000165)
	value		50000892
ARR 50000892 (sz=58, trace=300276, nelems=29, elem type=char[])
OBJ 50000893 (sz=32, trace=300279, class=java.util.LinkedList@50000547)
	first		50000894
	last		50000894
OBJ 50000894 (sz=24, trace=300281, class=java.util.LinkedList$Node@50000549)
	item		50000542
OBJ 50000895 (sz=32, trace=300239, class=java.util.HashMap$Node@500000bb)
	key		50000891
	value		50000893
OBJ 50000896 (sz=24, trace=300283, class=java.util.LinkedList$Node@50000549)
	item		50000891
	next		5000089c
	prev		50000890
OBJ 50000897 (sz=24, trace=300277, class=java.lang.String@50000165)
	value		50000898
ARR 50000898 (sz=28, trace=300276, nelems=14, elem type=char[])
OBJ 50000899 (sz=32, trace=300279, class=java.util.LinkedList@50000547)
	first		5000089a
	last		5000089a
OBJ 5000089a (sz=24, trace=300281, class=java.util.LinkedList$Node@50000549)
	item		50000542
OBJ 5000089b (sz=32, trace=300240, class=java.util.HashMap$Node@500000bb)
	key		50000897
	value		50000899
OBJ 5000089c (sz=24, trace=300283, class=java.util.LinkedList$Node@50000549)
	item		50000897
	next		500008a2
	prev		50000896
OBJ 5000089d (sz=24, trace=300277, class=java.lang.String@50000165)
	value		5000089e
ARR 5000089e (sz=36, trace=300276, nelems=18, elem type=char[])
OBJ 5000089f (sz=32, trace=300279, class=java.util.LinkedList@50000547)
	first		500008a0
	last		500008a0
OBJ 500008a0 (sz=24, trace=300281, class=java.util.LinkedList$Node@50000549)
	item		50000542
OBJ 500008a1 (sz=32, trace=300240, class=java.util.HashMap$Node@500000bb)
	key		5000089d
	value		5000089f
OBJ 500008a2 (sz=24, trace=300283, class=java.util.LinkedList$Node@50000549)
	item		5000089d
	next		500008a8
	prev		5000089c
OBJ 500008a3 (sz=24, trace=300277, class=java.lang.String@50000165)
	value		500008a4
ARR 500008a4 (sz=40, trace=300276, nelems=20, elem type=char[])
OBJ 500008a5 (sz=32, trace=300279, class=java.util.LinkedList@50000547)
	first		500008a6
	last		500008a6
OBJ 500008a6 (sz=24, trace=300281, class=java.util.LinkedList$Node@50000549)
	item		50000542
OBJ 500008a7 (sz=32, trace=300240, class=java.util.HashMap$Node@500000bb)
	key		500008a3
	value		500008a5
OBJ 500008a8 (sz=24, trace=300283, class=java.util.LinkedList$Node@50000549)
	item		500008a3
	next		500008ae
	prev		500008a2
OBJ 500008a9 (sz=24, trace=300277, class=java.lang.String@50000165)
	value		500008aa
ARR 500008aa (sz=46, trace=300276, nelems=23, elem type=char[])
OBJ 500008ab (sz=32, trace=300279, class=java.util.LinkedList@50000547)
	first		500008ac
	last		500008ac
OBJ 500008ac (sz=24, trace=300281, class=java.util.LinkedList$Node@50000549)
	item		50000542
OBJ 500008ad (sz=32, trace=300239, class=java.util.HashMap$Node@500000bb)
	key		500008a9
	value		500008ab
OBJ 500008ae (sz=24, trace=300283, class=java.util.LinkedList$Node@50000549)
	item		500008a9
	next		500008b4
	prev		500008a8
OBJ 500008af (sz=24, trace=300277, class=java.lang.String@50000165)
	value		500008b0
ARR 500008b0 (sz=44, trace=300276, nelems=22, elem type=char[])
OBJ 500008b1 (sz=32, trace=300279, class=java.util.LinkedList@50000547)
	first		500008b2
	last		500008b2
OBJ 500008b2 (sz=24, trace=300281, class=java.util.LinkedList$Node@50000549)
	item		50000542
OBJ 500008b3 (sz=32, trace=300239, class=java.util.HashMap$Node@500000bb)
	key		500008af
	value		500008b1
OBJ 500008b4 (sz=24, trace=300283, class=java.util.LinkedList$Node@50000549)
	item		500008af
	next		500008ba
	prev		500008ae
OBJ 500008b5 (sz=24, trace=300277, class=java.lang.String@50000165)
	value		500008b6
ARR 500008b6 (sz=56, trace=300276, nelems=28, elem type=char[])
OBJ 500008b7 (sz=32, trace=300279, class=java.util.LinkedList@50000547)
	first		500008b8
	last		500008b8
OBJ 500008b8 (sz=24, trace=300281, class=java.util.LinkedList$Node@50000549)
	item		50000542
OBJ 500008b9 (sz=32, trace=300239, class=java.util.HashMap$Node@500000bb)
	key		500008b5
	value		500008b7
OBJ 500008ba (sz=24, trace=300283, class=java.util.LinkedList$Node@50000549)
	item		500008b5
	next		500008c0
	prev		500008b4
OBJ 500008bb (sz=24, trace=300277, class=java.lang.String@50000165)
	value		500008bc
ARR 500008bc (sz=54, trace=300276, nelems=27, elem type=char[])
OBJ 500008bd (sz=32, trace=300279, class=java.util.LinkedList@50000547)
	first		500008be
	last		500008be
OBJ 500008be (sz=24, trace=300281, class=java.util.LinkedList$Node@50000549)
	item		50000542
OBJ 500008bf (sz=32, trace=300239, class=java.util.HashMap$Node@500000bb)
	key		500008bb
	value		500008bd
OBJ 500008c0 (sz=24, trace=300283, class=java.util.LinkedList$Node@50000549)
	item		500008bb
	next		500008c6
	prev		500008ba
OBJ 500008c1 (sz=24, trace=300277, class=java.lang.String@50000165)
	value		500008c2
ARR 500008c2 (sz=38, trace=300276, nelems=19, elem type=char[])
OBJ 500008c3 (sz=32, trace=300279, class=java.util.LinkedList@50000547)
	first		500008c4
	last		500008c4
OBJ 500008c4 (sz=24, trace=300281, class=java.util.LinkedList$Node@50000549)
	item		50000542
OBJ 500008c5 (sz=32, trace=300239, class=java.util.HashMap$Node@500000bb)
	key		500008c1
	value		500008c3
OBJ 500008c6 (sz=24, trace=300283, class=java.util.LinkedList$Node@50000549)
	item		500008c1
	next		500008cc
	prev		500008c0
OBJ 500008c7 (sz=24, trace=300277, class=java.lang.String@50000165)
	value		500008c8
ARR 500008c8 (sz=42, trace=300276, nelems=21, elem type=char[])
OBJ 500008c9 (sz=32, trace=300279, class=java.util.LinkedList@50000547)
	first		500008ca
	last		500008ca
OBJ 500008ca (sz=24, trace=300281, class=java.util.LinkedList$Node@50000549)
	item		50000542
OBJ 500008cb (sz=32, trace=300239, class=java.util.HashMap$Node@500000bb)
	key		500008c7
	value		500008c9
OBJ 500008cc (sz=24, trace=300283, class=java.util.LinkedList$Node@50000549)
	item		500008c7
	next		500008d2
	prev		500008c6
OBJ 500008cd (sz=24, trace=300277, class=java.lang.String@50000165)
	value		500008ce
ARR 500008ce (sz=38, trace=300276, nelems=19, elem type=char[])
OBJ 500008cf (sz=32, trace=300279, class=java.util.LinkedList@50000547)
	first		500008d0
	last		500008d0
OBJ 500008d0 (sz=24, trace=300281, class=java.util.LinkedList$Node@50000549)
	item		50000542
OBJ 500008d1 (sz=32, trace=300239, class=java.util.HashMap$Node@500000bb)
	key		500008cd
	value		500008cf
OBJ 500008d2 (sz=24, trace=300283, class=java.util.LinkedList$Node@50000549)
	item		500008cd
	next		500008d8
	prev		500008cc
OBJ 500008d3 (sz=24, trace=300277, class=java.lang.String@50000165)
	value		500008d4
ARR 500008d4 (sz=12, trace=300276, nelems=6, elem type=char[])
OBJ 500008d5 (sz=32, trace=300279, class=java.util.LinkedList@50000547)
	first		500008d6
	last		500008d6
OBJ 500008d6 (sz=24, trace=300281, class=java.util.LinkedList$Node@50000549)
	item		50000542
OBJ 500008d7 (sz=32, trace=300240, class=java.util.HashMap$Node@500000bb)
	key		500008d3
	value		500008d5
OBJ 500008d8 (sz=24, trace=300283, class=java.util.LinkedList$Node@50000549)
	item		500008d3
	next		500008de
	prev		500008d2
OBJ 500008d9 (sz=24, trace=300277, class=java.lang.String@50000165)
	value		500008da
ARR 500008da (sz=32, trace=300276, nelems=16, elem type=char[])
OBJ 500008db (sz=32, trace=300279, class=java.util.LinkedList@50000547)
	first		500008dc
	last		500008dc
OBJ 500008dc (sz=24, trace=300281, class=java.util.LinkedList$Node@50000549)
	item		50000542
OBJ 500008dd (sz=32, trace=300240, class=java.util.HashMap$Node@500000bb)
	key		500008d9
	value		500008db
OBJ 500008de (sz=24, trace=300283, class=java.util.LinkedList$Node@50000549)
	item		500008d9
	next		500008e4
	prev		500008d8
OBJ 500008df (sz=24, trace=300277, class=java.lang.String@50000165)
	value		500008e0
ARR 500008e0 (sz=36, trace=300276, nelems=18, elem type=char[])
OBJ 500008e1 (sz=32, trace=300279, class=java.util.LinkedList@50000547)
	first		500008e2
	last		500008e2
OBJ 500008e2 (sz=24, trace=300281, class=java.util.LinkedList$Node@50000549)
	item		50000542
OBJ 500008e3 (sz=32, trace=300240, class=java.util.HashMap$Node@500000bb)
	key		500008df
	value		500008e1
OBJ 500008e4 (sz=24, trace=300283, class=java.util.LinkedList$Node@50000549)
	item		500008df
	next		500008ea
	prev		500008de
OBJ 500008e5 (sz=24, trace=300277, class=java.lang.String@50000165)
	value		500008e6
ARR 500008e6 (sz=24, trace=300276, nelems=12, elem type=char[])
OBJ 500008e7 (sz=32, trace=300279, class=java.util.LinkedList@50000547)
	first		500008e8
	last		500008e8
OBJ 500008e8 (sz=24, trace=300281, class=java.util.LinkedList$Node@50000549)
	item		50000542
OBJ 500008e9 (sz=32, trace=300240, class=java.util.HashMap$Node@500000bb)
	key		500008e5
	value		500008e7
OBJ 500008ea (sz=24, trace=300283, class=java.util.LinkedList$Node@50000549)
	item		500008e5
	next		500008f0
	prev		500008e4
OBJ 500008eb (sz=24, trace=300277, class=java.lang.String@50000165)
	value		500008ec
ARR 500008ec (sz=40, trace=300276, nelems=20, elem type=char[])
OBJ 500008ed (sz=32, trace=300279, class=java.util.LinkedList@50000547)
	first		500008ee
	last		500008ee
OBJ 500008ee (sz=24, trace=300281, class=java.util.LinkedList$Node@50000549)
	item		50000542
OBJ 500008ef (sz=32, trace=300239, class=java.util.HashMap$Node@500000bb)
	key		500008eb
	value		500008ed
OBJ 500008f0 (sz=24, trace=300283, class=java.util.LinkedList$Node@50000549)
	item		500008eb
	next		500008f6
	prev		500008ea
OBJ 500008f1 (sz=24, trace=300277, class=java.lang.String@50000165)
	value		500008f2
ARR 500008f2 (sz=42, trace=300276, nelems=21, elem type=char[])
OBJ 500008f3 (sz=32, trace=300279, class=java.util.LinkedList@50000547)
	first		500008f4
	last		500008f4
OBJ 500008f4 (sz=24, trace=300281, class=java.util.LinkedList$Node@50000549)
	item		50000542
OBJ 500008f5 (sz=32, trace=300240, class=java.util.HashMap$Node@500000bb)
	key		500008f1
	value		500008f3
OBJ 500008f6 (sz=24, trace=300283, class=java.util.LinkedList$Node@50000549)
	item		500008f1
	next		500008fc
	prev		500008f0
OBJ 500008f7 (sz=24, trace=300277, class=java.lang.String@50000165)
	value		500008f8
ARR 500008f8 (sz=58, trace=300276, nelems=29, elem type=char[])
OBJ 500008f9 (sz=32, trace=300279, class=java.util.LinkedList@50000547)
	first		500008fa
	last		500008fa
OBJ 500008fa (sz=24, trace=300281, class=java.util.LinkedList$Node@50000549)
	item		50000542
OBJ 500008fb (sz=32, trace=300239, class=java.util.HashMap$Node@500000bb)
	key		500008f7
	value		500008f9
OBJ 500008fc (sz=24, trace=300283, class=java.util.LinkedList$Node@50000549)
	item		500008f7
	next		50000902
	prev		500008f6
OBJ 500008fd (sz=24, trace=300277, class=java.lang.String@50000165)
	value		500008fe
ARR 500008fe (sz=36, trace=300276, nelems=18, elem type=char[])
OBJ 500008ff (sz=32, trace=300279, class=java.util.LinkedList@50000547)
	first		50000900
	last		50000900
OBJ 50000900 (sz=24, trace=300281, class=java.util.LinkedList$Node@50000549)
	item		50000542
OBJ 50000901 (sz=32, trace=300239, class=java.util.HashMap$Node@500000bb)
	key		500008fd
	value		500008ff
OBJ 50000902 (sz=24, trace=300283, class=java.util.LinkedList$Node@50000549)
	item		500008fd
	next		50000908
	prev		500008fc
OBJ 50000903 (sz=24, trace=300277, class=java.lang.String@50000165)
	value		50000904
ARR 50000904 (sz=36, trace=300276, nelems=18, elem type=char[])
OBJ 50000905 (sz=32, trace=300279, class=java.util.LinkedList@50000547)
	first		50000906
	last		50000906
OBJ 50000906 (sz=24, trace=300281, class=java.util.LinkedList$Node@50000549)
	item		50000542
OBJ 50000907 (sz=32, trace=300239, class=java.util.HashMap$Node@500000bb)
	key		50000903
	value		50000905
OBJ 50000908 (sz=24, trace=300283, class=java.util.LinkedList$Node@50000549)
	item		50000903
	next		5000090e
	prev		50000902
OBJ 50000909 (sz=24, trace=300277, class=java.lang.String@50000165)
	value		5000090a
ARR 5000090a (sz=66, trace=300276, nelems=33, elem type=char[])
OBJ 5000090b (sz=32, trace=300279, class=java.util.LinkedList@50000547)
	first		5000090c
	last		5000090c
OBJ 5000090c (sz=24, trace=300281, class=java.util.LinkedList$Node@50000549)
	item		50000542
OBJ 5000090d (sz=32, trace=300239, class=java.util.HashMap$Node@500000bb)
	key		50000909
	value		5000090b
OBJ 5000090e (sz=24, trace=300283, class=java.util.LinkedList$Node@50000549)
	item		50000909
	next		50000914
	prev		50000908
OBJ 5000090f (sz=24, trace=300277, class=java.lang.String@50000165)
	value		50000910
ARR 50000910 (sz=34, trace=300276, nelems=17, elem type=char[])
OBJ 50000911 (sz=32, trace=300279, class=java.util.LinkedList@50000547)
	first		50000912
	last		50000912
OBJ 50000912 (sz=24, trace=300281, class=java.util.LinkedList$Node@50000549)
	item		50000542
OBJ 50000913 (sz=32, trace=300239, class=java.util.HashMap$Node@500000bb)
	key		5000090f
	value		50000911
	next		500009a3
OBJ 50000914 (sz=24, trace=300283, class=java.util.LinkedList$Node@50000549)
	item		5000090f
	next		5000091a
	prev		5000090e
OBJ 50000915 (sz=24, trace=300277, class=java.lang.String@50000165)
	value		50000916
ARR 50000916 (sz=20, trace=300276, nelems=10, elem type=char[])
OBJ 50000917 (sz=32, trace=300279, class=java.util.LinkedList@50000547)
	first		50000918
	last		50000918
OBJ 50000918 (sz=24, trace=300281, class=java.util.LinkedList$Node@50000549)
	item		50000542
OBJ 50000919 (sz=32, trace=300239, class=java.util.HashMap$Node@500000bb)
	key		50000915
	value		50000917
OBJ 5000091a (sz=24, trace=300283, class=java.util.LinkedList$Node@50000549)
	item		50000915
	next		50000920
	prev		50000914
OBJ 5000091b (sz=24, trace=300277, class=java.lang.String@50000165)
	value		5000091c
ARR 5000091c (sz=24, trace=300276, nelems=12, elem type=char[])
OBJ 5000091d (sz=32, trace=300279, class=java.util.LinkedList@50000547)
	first		5000091e
	last		5000091e
OBJ 5000091e (sz=24, trace=300281, class=java.util.LinkedList$Node@50000549)
	item		50000542
OBJ 5000091f (sz=32, trace=300239, class=java.util.HashMap$Node@500000bb)
	key		5000091b
	value		5000091d
OBJ 50000920 (sz=24, trace=300283, class=java.util.LinkedList$Node@50000549)
	item		5000091b
	next		50000926
	prev		5000091a
OBJ 50000921 (sz=24, trace=300277, class=java.lang.String@50000165)
	value		50000922
ARR 50000922 (sz=36, trace=300276, nelems=18, elem type=char[])
OBJ 50000923 (sz=32, trace=300279, class=java.util.LinkedList@50000547)
	first		50000924
	last		50000924
OBJ 50000924 (sz=24, trace=300281, class=java.util.LinkedList$Node@50000549)
	item		50000542
OBJ 50000925 (sz=32, trace=300240, class=java.util.HashMap$Node@500000bb)
	key		50000921
	value		50000923
OBJ 50000926 (sz=24, trace=300283, class=java.util.LinkedList$Node@50000549)
	item		50000921
	next		5000092c
	prev		50000920
OBJ 50000927 (sz=24, trace=300277, class=java.lang.String@50000165)
	value		50000928
ARR 50000928 (sz=24, trace=300276, nelems=12, elem type=char[])
OBJ 50000929 (sz=32, trace=300279, class=java.util.LinkedList@50000547)
	first		5000092a
	last		5000092a
OBJ 5000092a (sz=24, trace=300281, class=java.util.LinkedList$Node@50000549)
	item		50000542
OBJ 5000092b (sz=32, trace=300240, class=java.util.HashMap$Node@500000bb)
	key		50000927
	value		50000929
	next		50000973
OBJ 5000092c (sz=24, trace=300283, class=java.util.LinkedList$Node@50000549)
	item		50000927
	next		50000932
	prev		50000926
OBJ 5000092d (sz=24, trace=300277, class=java.lang.String@50000165)
	value		5000092e
ARR 5000092e (sz=22, trace=300276, nelems=11, elem type=char[])
OBJ 5000092f (sz=32, trace=300279, class=java.util.LinkedList@50000547)
	first		50000930
	last		50000930
OBJ 50000930 (sz=24, trace=300281, class=java.util.LinkedList$Node@50000549)
	item		50000542
OBJ 50000931 (sz=32, trace=300240, class=java.util.HashMap$Node@500000bb)
	key		5000092d
	value		5000092f
OBJ 50000932 (sz=24, trace=300283, class=java.util.LinkedList$Node@50000549)
	item		5000092d
	next		50000938
	prev		5000092c
OBJ 50000933 (sz=24, trace=300277, class=java.lang.String@50000165)
	value		50000934
ARR 50000934 (sz=30, trace=300276, nelems=15, elem type=char[])
OBJ 50000935 (sz=32, trace=300279, class=java.util.LinkedList@50000547)
	first		50000936
	last		50000936
OBJ 50000936 (sz=24, trace=300281, class=java.util.LinkedList$Node@50000549)
	item		50000542
OBJ 50000937 (sz=32, trace=300239, class=java.util.HashMap$Node@500000bb)
	key		50000933
	value		50000935
OBJ 50000938 (sz=24, trace=300283, class=java.util.LinkedList$Node@50000549)
	item		50000933
	next		5000093e
	prev		50000932
OBJ 50000939 (sz=24, trace=300277, class=java.lang.String@50000165)
	value		5000093a
ARR 5000093a (sz=24, trace=300276, nelems=12, elem type=char[])
OBJ 5000093b (sz=32, trace=300279, class=java.util.LinkedList@50000547)
	first		5000093c
	last		5000093c
OBJ 5000093c (sz=24, trace=300281, class=java.util.LinkedList$Node@50000549)
	item		50000542
OBJ 5000093d (sz=32, trace=300239, class=java.util.HashMap$Node@500000bb)
	key		50000939
	value		5000093b
OBJ 5000093e (sz=24, trace=300283, class=java.util.LinkedList$Node@50000549)
	item		50000939
	next		50000944
	prev		50000938
OBJ 5000093f (sz=24, trace=300277, class=java.lang.String@50000165)
	value		50000940
ARR 50000940 (sz=24, trace=300276, nelems=12, elem type=char[])
OBJ 50000941 (sz=32, trace=300279, class=java.util.LinkedList@50000547)
	first		50000942
	last		50000942
OBJ 50000942 (sz=24, trace=300281, class=java.util.LinkedList$Node@50000549)
	item		50000542
OBJ 50000943 (sz=32, trace=300239, class=java.util.HashMap$Node@500000bb)
	key		5000093f
	value		50000941
OBJ 50000944 (sz=24, trace=300283, class=java.util.LinkedList$Node@50000549)
	item		5000093f
	next		5000094a
	prev		5000093e
OBJ 50000945 (sz=24, trace=300277, class=java.lang.String@50000165)
	value		50000946
ARR 50000946 (sz=38, trace=300276, nelems=19, elem type=char[])
OBJ 50000947 (sz=32, trace=300279, class=java.util.LinkedList@50000547)
	first		50000948
	last		50000948
OBJ 50000948 (sz=24, trace=300281, class=java.util.LinkedList$Node@50000549)
	item		50000542
OBJ 50000949 (sz=32, trace=300239, class=java.util.HashMap$Node@500000bb)
	key		50000945
	value		50000947
OBJ 5000094a (sz=24, trace=300283, class=java.util.LinkedList$Node@50000549)
	item		50000945
	next		50000950
	prev		50000944
OBJ 5000094b (sz=24, trace=300277, class=java.lang.String@50000165)
	value		5000094c
ARR 5000094c (sz=36, trace=300276, nelems=18, elem type=char[])
OBJ 5000094d (sz=32, trace=300279, class=java.util.LinkedList@50000547)
	first		5000094e
	last		5000094e
OBJ 5000094e (sz=24, trace=300281, class=java.util.LinkedList$Node@50000549)
	item		50000542
OBJ 5000094f (sz=32, trace=300240, class=java.util.HashMap$Node@500000bb)
	key		5000094b
	value		5000094d
OBJ 50000950 (sz=24, trace=300283, class=java.util.LinkedList$Node@50000549)
	item		5000094b
	next		50000956
	prev		5000094a
OBJ 50000951 (sz=24, trace=300277, class=java.lang.String@50000165)
	value		50000952
ARR 50000952 (sz=40, trace=300276, nelems=20, elem type=char[])
OBJ 50000953 (sz=32, trace=300279, class=java.util.LinkedList@50000547)
	first		50000954
	last		50000954
OBJ 50000954 (sz=24, trace=300281, class=java.util.LinkedList$Node@50000549)
	item		50000542
OBJ 50000955 (sz=32, trace=300239, class=java.util.HashMap$Node@500000bb)
	key		50000951
	value		50000953
OBJ 50000956 (sz=24, trace=300283, class=java.util.LinkedList$Node@50000549)
	item		50000951
	next		5000095c
	prev		50000950
OBJ 50000957 (sz=24, trace=300277, class=java.lang.String@50000165)
	value		50000958
ARR 50000958 (sz=50, trace=300276, nelems=25, elem type=char[])
OBJ 50000959 (sz=32, trace=300279, class=java.util.LinkedList@50000547)
	first		5000095a
	last		5000095a
OBJ 5000095a (sz=24, trace=300281, class=java.util.LinkedList$Node@50000549)
	item		50000542
OBJ 5000095b (sz=32, trace=300240, class=java.util.HashMap$Node@500000bb)
	key		50000957
	value		50000959
OBJ 5000095c (sz=24, trace=300283, class=java.util.LinkedList$Node@50000549)
	item		50000957
	next		50000962
	prev		50000956
OBJ 5000095d (sz=24, trace=300277, class=java.lang.String@50000165)
	value		5000095e
ARR 5000095e (sz=38, trace=300276, nelems=19, elem type=char[])
OBJ 5000095f (sz=32, trace=300279, class=java.util.LinkedList@50000547)
	first		50000960
	last		50000960
OBJ 50000960 (sz=24, trace=300281, class=java.util.LinkedList$Node@50000549)
	item		50000542
OBJ 50000961 (sz=32, trace=300239, class=java.util.HashMap$Node@500000bb)
	key		5000095d
	value		5000095f
OBJ 50000962 (sz=24, trace=300283, class=java.util.LinkedList$Node@50000549)
	item		5000095d
	next		50000968
	prev		5000095c
OBJ 50000963 (sz=24, trace=300277, class=java.lang.String@50000165)
	value		50000964
ARR 50000964 (sz=36, trace=300276, nelems=18, elem type=char[])
OBJ 50000965 (sz=32, trace=300279, class=java.util.LinkedList@50000547)
	first		50000966
	last		50000966
OBJ 50000966 (sz=24, trace=300281, class=java.util.LinkedList$Node@50000549)
	item		50000542
OBJ 50000967 (sz=32, trace=300239, class=java.util.HashMap$Node@500000bb)
	key		50000963
	value		50000965
OBJ 50000968 (sz=24, trace=300283, class=java.util.LinkedList$Node@50000549)
	item		50000963
	next		5000096e
	prev		50000962
OBJ 50000969 (sz=24, trace=300277, class=java.lang.String@50000165)
	value		5000096a
ARR 5000096a (sz=36, trace=300276, nelems=18, elem type=char[])
OBJ 5000096b (sz=32, trace=300279, class=java.util.LinkedList@50000547)
	first		5000096c
	last		5000096c
OBJ 5000096c (sz=24, trace=300281, class=java.util.LinkedList$Node@50000549)
	item		50000542
OBJ 5000096d (sz=32, trace=300239, class=java.util.HashMap$Node@500000bb)
	key		50000969
	value		5000096b
OBJ 5000096e (sz=24, trace=300283, class=java.util.LinkedList$Node@50000549)
	item		50000969
	next		50000974
	prev		50000968
OBJ 5000096f (sz=24, trace=300277, class=java.lang.String@50000165)
	value		50000970
ARR 50000970 (sz=38, trace=300276, nelems=19, elem type=char[])
OBJ 50000971 (sz=32, trace=300279, class=java.util.LinkedList@50000547)
	first		50000972
	last		50000972
OBJ 50000972 (sz=24, trace=300281, class=java.util.LinkedList$Node@50000549)
	item		50000542
OBJ 50000973 (sz=32, trace=300240, class=java.util.HashMap$Node@500000bb)
	key		5000096f
	value		50000971
OBJ 50000974 (sz=24, trace=300283, class=java.util.LinkedList$Node@50000549)
	item		5000096f
	next		5000097a
	prev		5000096e
OBJ 50000975 (sz=24, trace=300277, class=java.lang.String@50000165)
	value		50000976
ARR 50000976 (sz=36, trace=300276, nelems=18, elem type=char[])
OBJ 50000977 (sz=32, trace=300279, class=java.util.LinkedList@50000547)
	first		50000978
	last		50000978
OBJ 50000978 (sz=24, trace=300281, class=java.util.LinkedList$Node@50000549)
	item		50000542
OBJ 50000979 (sz=32, trace=300239, class=java.util.HashMap$Node@500000bb)
	key		50000975
	value		50000977
OBJ 5000097a (sz=24, trace=300283, class=java.util.LinkedList$Node@50000549)
	item		50000975
	next		50000980
	prev		50000974
OBJ 5000097b (sz=24, trace=300277, class=java.lang.String@50000165)
	value		5000097c
ARR 5000097c (sz=36, trace=300276, nelems=18, elem type=char[])
OBJ 5000097d (sz=32, trace=300279, class=java.util.LinkedList@50000547)
	first		5000097e
	last		5000097e
OBJ 5000097e (sz=24, trace=300281, class=java.util.LinkedList$Node@50000549)
	item		50000542
OBJ 5000097f (sz=32, trace=300239, class=java.util.HashMap$Node@500000bb)
	key		5000097b
	value		5000097d
OBJ 50000980 (sz=24, trace=300283, class=java.util.LinkedList$Node@50000549)
	item		5000097b
	next		50000986
	prev		5000097a
OBJ 50000981 (sz=24, trace=300277, class=java.lang.String@50000165)
	value		50000982
ARR 50000982 (sz=36, trace=300276, nelems=18, elem type=char[])
OBJ 50000983 (sz=32, trace=300279, class=java.util.LinkedList@50000547)
	first		50000984
	last		50000984
OBJ 50000984 (sz=24, trace=300281, class=java.util.LinkedList$Node@50000549)
	item		50000542
OBJ 50000985 (sz=32, trace=300240, class=java.util.HashMap$Node@500000bb)
	key		50000981
	value		50000983
OBJ 50000986 (sz=24, trace=300283, class=java.util.LinkedList$Node@50000549)
	item		50000981
	next		5000098c
	prev		50000980
OBJ 50000987 (sz=24, trace=300277, class=java.lang.String@50000165)
	value		50000988
ARR 50000988 (sz=34, trace=300276, nelems=17, elem type=char[])
OBJ 50000989 (sz=32, trace=300279, class=java.util.LinkedList@50000547)
	first		5000098a
	last		5000098a
OBJ 5000098a (sz=24, trace=300281, class=java.util.LinkedList$Node@50000549)
	item		50000542
OBJ 5000098b (sz=32, trace=300239, class=java.util.HashMap$Node@500000bb)
	key		50000987
	value		50000989
OBJ 5000098c (sz=24, trace=300283, class=java.util.LinkedList$Node@50000549)
	item		50000987
	next		50000992
	prev		50000986
OBJ 5000098d (sz=24, trace=300277, class=java.lang.String@50000165)
	value		5000098e
ARR 5000098e (sz=44, trace=300276, nelems=22, elem type=char[])
OBJ 5000098f (sz=32, trace=300279, class=java.util.LinkedList@50000547)
	first		50000990
	last		50000990
OBJ 50000990 (sz=24, trace=300281, class=java.util.LinkedList$Node@50000549)
	item		50000542
OBJ 50000991 (sz=32, trace=300239, class=java.util.HashMap$Node@500000bb)
	key		5000098d
	value		5000098f
OBJ 50000992 (sz=24, trace=300283, class=java.util.LinkedList$Node@50000549)
	item		5000098d
	next		50000998
	prev		5000098c
OBJ 50000993 (sz=24, trace=300277, class=java.lang.String@50000165)
	value		50000994
ARR 50000994 (sz=32, trace=300276, nelems=16, elem type=char[])
OBJ 50000995 (sz=32, trace=300279, class=java.util.LinkedList@50000547)
	first		50000996
	last		50000996
OBJ 50000996 (sz=24, trace=300281, class=java.util.LinkedList$Node@50000549)
	item		50000542
OBJ 50000997 (sz=32, trace=300239, class=java.util.HashMap$Node@500000bb)
	key		50000993
	value		50000995
OBJ 50000998 (sz=24, trace=300283, class=java.util.LinkedList$Node@50000549)
	item		50000993
	next		5000099e
	prev		50000992
OBJ 50000999 (sz=24, trace=300277, class=java.lang.String@50000165)
	value		5000099a
ARR 5000099a (sz=24, trace=300276, nelems=12, elem type=char[])
OBJ 5000099b (sz=32, trace=300279, class=java.util.LinkedList@50000547)
	first		5000099c
	last		5000099c
OBJ 5000099c (sz=24, trace=300281, class=java.util.LinkedList$Node@50000549)
	item		50000542
OBJ 5000099d (sz=32, trace=300239, class=java.util.HashMap$Node@500000bb)
	key		50000999
	value		5000099b
OBJ 5000099e (sz=24, trace=300283, class=java.util.LinkedList$Node@50000549)
	item		50000999
	next		500009a4
	prev		50000998
OBJ 5000099f (sz=24, trace=300277, class=java.lang.String@50000165)
	value		500009a0
ARR 500009a0 (sz=22, trace=300276, nelems=11, elem type=char[])
OBJ 500009a1 (sz=32, trace=300279, class=java.util.LinkedList@50000547)
	first		500009a2
	last		500009a2
OBJ 500009a2 (sz=24, trace=300281, class=java.util.LinkedList$Node@50000549)
	item		50000542
OBJ 500009a3 (sz=32, trace=300240, class=java.util.HashMap$Node@500000bb)
	key		5000099f
	value		500009a1
OBJ 500009a4 (sz=24, trace=300283, class=java.util.LinkedList$Node@50000549)
	item		5000099f
	next		500009aa
	prev		5000099e
OBJ 500009a5 (sz=24, trace=300277, class=java.lang.String@50000165)
	value		500009a6
ARR 500009a6 (sz=42, trace=300276, nelems=21, elem type=char[])
OBJ 500009a7 (sz=32, trace=300279, class=java.util.LinkedList@50000547)
	first		500009a8
	last		500009a8
OBJ 500009a8 (sz=24, trace=300281, class=java.util.LinkedList$Node@50000549)
	item		50000542
OBJ 500009a9 (sz=32, trace=300239, class=java.util.HashMap$Node@500000bb)
	key		500009a5
	value		500009a7
OBJ 500009aa (sz=24, trace=300283, class=java.util.LinkedList$Node@50000549)
	item		500009a5
	next		500009b0
	prev		500009a4
OBJ 500009ab (sz=24, trace=300277, class=java.lang.String@50000165)
	value		500009ac
ARR 500009ac (sz=16, trace=300276, nelems=8, elem type=char[])
OBJ 500009ad (sz=32, trace=300279, class=java.util.LinkedList@50000547)
	first		500009ae
	last		500009ae
OBJ 500009ae (sz=24, trace=300281, class=java.util.LinkedList$Node@50000549)
	item		50000542
OBJ 500009af (sz=32, trace=300239, class=java.util.HashMap$Node@500000bb)
	key		500009ab
	value		500009ad
OBJ 500009b0 (sz=24, trace=300283, class=java.util.LinkedList$Node@50000549)
	item		500009ab
	next		500009b6
	prev		500009aa
OBJ 500009b1 (sz=24, trace=300277, class=java.lang.String@50000165)
	value		500009b2
ARR 500009b2 (sz=38, trace=300276, nelems=19, elem type=char[])
OBJ 500009b3 (sz=32, trace=300279, class=java.util.LinkedList@50000547)
	first		500009b4
	last		500009b4
OBJ 500009b4 (sz=24, trace=300281, class=java.util.LinkedList$Node@50000549)
	item		50000542
OBJ 500009b5 (sz=32, trace=300239, class=java.util.HashMap$Node@500000bb)
	key		500009b1
	value		500009b3
OBJ 500009b6 (sz=24, trace=300283, class=java.util.LinkedList$Node@50000549)
	item		500009b1
	next		500009bc
	prev		500009b0
OBJ 500009b7 (sz=24, trace=300277, class=java.lang.String@50000165)
	value		500009b8
ARR 500009b8 (sz=20, trace=300276, nelems=10, elem type=char[])
OBJ 500009b9 (sz=32, trace=300279, class=java.util.LinkedList@50000547)
	first		500009ba
	last		500009ba
OBJ 500009ba (sz=24, trace=300281, class=java.util.LinkedList$Node@50000549)
	item		50000542
OBJ 500009bb (sz=32, trace=300239, class=java.util.HashMap$Node@500000bb)
	key		500009b7
	value		500009b9
OBJ 500009bc (sz=24, trace=300283, class=java.util.LinkedList$Node@50000549)
	item		500009b7
	prev		500009b6
OBJ 500009bd (sz=24, trace=300277, class=java.lang.String@50000165)
OBJ 500009be (sz=48, trace=300266, class=java.nio.HeapCharBuffer@50000534)
ARR 500009bf (sz=24, trace=300285, nelems=1, elem type=java.lang.String[]@500000bf)
	[0]		50000542
OBJ 500009c0 (sz=64, trace=300286, class=java.net.URL@50000110)
OBJ 500009c1 (sz=24, trace=300287, class=java.lang.StringBuilder@50000118)
ARR 500009c2 (sz=48, trace=300288, nelems=0, elem type=char[])
OBJ 500009c3 (sz=24, trace=300289, class=java.lang.String@50000165)
ARR 500009c4 (sz=112, trace=300290, nelems=0, elem type=char[])
ARR 500009c5 (sz=112, trace=300010, nelems=0, elem type=char[])
ARR 500009c6 (sz=208, trace=300010, nelems=0, elem type=char[])
OBJ 500009c7 (sz=24, trace=300291, class=java.lang.String@50000165)
ARR 500009c8 (sz=128, trace=300292, nelems=0, elem type=char[])
OBJ 500009c9 (sz=24, trace=300293, class=java.lang.StringBuilder@50000118)
ARR 500009ca (sz=48, trace=300294, nelems=0, elem type=char[])
ARR 500009cb (sz=144, trace=300010, nelems=0, elem type=char[])
OBJ 500009cc (sz=24, trace=300295, class=java.lang.String@50000165)
	value		500009cd
ARR 500009cd (sz=124, trace=300062, nelems=62, elem type=char[])
OBJ 500009ce (sz=32, trace=300240, class=java.util.HashMap$Node@500000bb)
	key		500009cc
	value		500004ed
ARR 500009cf (sz=56, trace=300164, nelems=0, elem type=char[])
ARR 500009d0 (sz=80, trace=300165, nelems=0, elem type=byte[])
ARR 500009d1 (sz=40, trace=300166, nelems=0, elem type=byte[])
OBJ 500009d2 (sz=16, trace=300296, class=java.util.HashSet@50000005)
OBJ 500009d3 (sz=48, trace=300297, class=java.util.HashMap@500000bd)
OBJ 500009d4 (sz=24, trace=300298, class=java.lang.String@50000165)
ARR 500009d5 (sz=32, trace=300299, nelems=0, elem type=char[])
OBJ 500009d6 (sz=24, trace=300059, class=java.lang.StringBuilder@50000118)
ARR 500009d7 (sz=48, trace=300060, nelems=0, elem type=char[])
ARR 500009d8 (sz=144, trace=300010, nelems=0, elem type=char[])
OBJ 500009d9 (sz=24, trace=300061, class=java.lang.String@50000165)
	value		500009da
ARR 500009da (sz=128, trace=300062, nelems=64, elem type=char[])
OBJ 500009db (sz=24, trace=300064, class=sun.misc.URLClassPath$3@500001c4)
OBJ 500009dc (sz=24, trace=300069, class=java.lang.StringBuilder@50000118)
ARR 500009dd (sz=48, trace=300070, nelems=0, elem type=char[])
OBJ 500009de (sz=24, trace=300079, class=java.lang.StringBuffer@50000119)
ARR 500009df (sz=144, trace=300080, nelems=0, elem type=char[])
ARR 500009e0 (sz=144, trace=300081, nelems=0, elem type=char[])
OBJ 500009e1 (sz=24, trace=300082, class=java.lang.String@50000165)
ARR 500009e2 (sz=144, trace=300010, nelems=0, elem type=char[])
ARR 500009e3 (sz=272, trace=300010, nelems=0, elem type=char[])
OBJ 500009e4 (sz=24, trace=300083, class=java.lang.String@50000165)
	value		500009e5
ARR 500009e5 (sz=128, trace=300084, nelems=64, elem type=char[])
OBJ 500009e6 (sz=64, trace=300085, class=java.net.URL@50000110)
	protocol	5000672c
	host		500062c7
	file		500009e4
	authority	500062c7
	path		500009e4
	handler		50006704
OBJ 500009e7 (sz=24, trace=300086, class=java.net.Parts@50000011)
OBJ 500009e8 (sz=56, trace=300087, class=sun.misc.URLClassPath$JarLoader@500001c7)
	base		500009e6
	jar		500009f2
	csu		50006714
	handler		50006704
	lmap		50006705
	acc		500065c8
OBJ 500009e9 (sz=32, trace=300088, class=java.io.File@50000112)
OBJ 500009ea (sz=16, trace=300091, class=sun.misc.URLClassPath$JarLoader$1@500001ec)
OBJ 500009eb (sz=24, trace=300093, class=sun.misc.FileURLMapper@500001ee)
OBJ 500009ec (sz=32, trace=300094, class=java.io.File@50000112)
ARR 500009ed (sz=192, trace=300095, nelems=0, elem type=byte[])
ARR 500009ee (sz=80, trace=300096, nelems=0, elem type=byte[])
OBJ 500009ef (sz=24, trace=300097, class=java.lang.String@50000165)
ARR 500009f0 (sz=40, trace=300098, nelems=0, elem type=char[])
OBJ 500009f1 (sz=32, trace=300105, class=java.io.File@50000112)
OBJ 500009f2 (sz=64, trace=300129, class=java.util.jar.JarFile@500001f5)
	name		50006715
	zc		500009fa
	streams		500009f4
	inflaterCache	500009f8
	manEntry	50000a0d
OBJ 500009f3 (sz=40, trace=300130, class=java.lang.ref.Finalizer@50000144)
	referent	500009f2
	queue		50006181
	next		50000519
	prev		50000a12
OBJ 500009f4 (sz=48, trace=300131, class=java.util.WeakHashMap@5000009e)
	table		500009f7
	queue		500009f5
OBJ 500009f5 (sz=32, trace=300132, class=java.lang.ref.ReferenceQueue@50000143)
	lock		500009f6
OBJ 500009f6 (sz=16, trace=300133, class=java.lang.ref.ReferenceQueue$Lock@500000c8)
ARR 500009f7 (sz=80, trace=300134, nelems=0, elem type=java.util.WeakHashMap$Entry[]@50000037)
OBJ 500009f8 (sz=24, trace=300136, class=java.util.ArrayDeque@50000259)
	elements	500009f9
ARR 500009f9 (sz=80, trace=300137, nelems=1, elem type=java.lang.Object[]@500000ff)
	[0]		50000a13
OBJ 500009fa (sz=32, trace=300139, class=java.util.zip.ZipCoder@5000025c)
	cs		50006730
	dec		50000a09
	enc		50000a00
ARR 500009fb (sz=192, trace=300140, nelems=0, elem type=byte[])
ARR 500009fc (sz=80, trace=300096, nelems=0, elem type=byte[])
ARR 500009fd (sz=192, trace=300141, nelems=0, elem type=byte[])
ARR 500009fe (sz=80, trace=300096, nelems=0, elem type=byte[])
ARR 500009ff (sz=24, trace=300161, nelems=0, elem type=byte[])
OBJ 50000a00 (sz=56, trace=300162, class=sun.nio.cs.UTF_8$Encoder@50000064)
	charset		50006730
	replacement	50000a01
	malformedInputAction	50006b7b
	unmappableCharacterAction	50006b7b
ARR 50000a01 (sz=1, trace=300163, nelems=1, elem type=byte[])
ARR 50000a02 (sz=56, trace=300164, nelems=0, elem type=char[])
ARR 50000a03 (sz=80, trace=300165, nelems=0, elem type=byte[])
ARR 50000a04 (sz=40, trace=300166, nelems=0, elem type=byte[])
ARR 50000a05 (sz=56, trace=300164, nelems=0, elem type=char[])
ARR 50000a06 (sz=80, trace=300165, nelems=0, elem type=byte[])
ARR 50000a07 (sz=40, trace=300166, nelems=0, elem type=byte[])
OBJ 50000a08 (sz=80, trace=300211, class=java.util.zip.ZipEntry@500002b9)
OBJ 50000a09 (sz=40, trace=300212, class=sun.nio.cs.UTF_8$Decoder@50000086)
	charset		50006730
	replacement	50006b80
	malformedInputAction	50006b7b
	unmappableCharacterAction	50006b7b
ARR 50000a0a (sz=56, trace=300213, nelems=0, elem type=char[])
OBJ 50000a0b (sz=24, trace=300214, class=java.lang.String@50000165)
	value		50000a0c
ARR 50000a0c (sz=40, trace=300215, nelems=20, elem type=char[])
OBJ 50000a0d (sz=96, trace=300217, class=java.util.jar.JarFile$JarFileEntry@500002c0)
	name		50000a0b
	this$0		500009f2
ARR 50000a0e (sz=56, trace=300218, nelems=0, elem type=char[])
ARR 50000a0f (sz=80, trace=300219, nelems=0, elem type=byte[])
ARR 50000a10 (sz=40, trace=300220, nelems=0, elem type=byte[])
OBJ 50000a11 (sz=56, trace=300222, class=java.util.zip.ZipFile$ZipFileInputStream@500002c5)
	this$0		500009f2
OBJ 50000a12 (sz=40, trace=300130, class=java.lang.ref.Finalizer@50000144)
	referent	50000a11
	queue		50006181
	next		500009f3
	prev		50000a14
OBJ 50000a13 (sz=48, trace=300225, class=java.util.zip.Inflater@500002c8)
	zsRef		50000a15
	buf		500002c9
OBJ 50000a14 (sz=40, trace=300130, class=java.lang.ref.Finalizer@50000144)
	referent	50000a13
	queue		50006181
	next		50000a12
	prev		50000a17
OBJ 50000a15 (sz=24, trace=300227, class=java.util.zip.ZStreamRef@500002cc)
OBJ 50000a16 (sz=56, trace=300229, class=java.util.zip.ZipFile$ZipFileInflaterInputStream@500002cf)
	in		50000a11
	inf		50000a13
	buf		50000a1a
	singleByteBuf	50000a18
	b		50000a19
	zfin		50000a11
	this$0		500009f2
OBJ 50000a17 (sz=40, trace=300130, class=java.lang.ref.Finalizer@50000144)
	referent	50000a16
	queue		50006181
	next		50000a14
	prev		50000a77
ARR 50000a18 (sz=1, trace=300230, nelems=1, elem type=byte[])
ARR 50000a19 (sz=512, trace=300231, nelems=512, elem type=byte[])
ARR 50000a1a (sz=297, trace=300232, nelems=297, elem type=byte[])
OBJ 50000a1b (sz=40, trace=300233, class=java.util.WeakHashMap$Entry@50000038)
ARR 50000a1c (sz=16, trace=300235, nelems=0, elem type=byte[])
ARR 50000a1d (sz=312, trace=300236, nelems=0, elem type=byte[])
ARR 50000a1e (sz=80, trace=300237, nelems=11, elem type=java.lang.Object[]@500000ff)
	[0]		500001e9
	[1]		500002f1
	[2]		5000033d
	[3]		50000370
	[4]		500003a3
	[5]		500003ef
	[6]		50000422
	[7]		5000046e
	[8]		500004a1
	[9]		500004ed
	[10]		500009e8
OBJ 50000a1f (sz=32, trace=300239, class=java.util.HashMap$Node@500000bb)
	key		500009d9
	value		500009e8
ARR 50000a20 (sz=56, trace=300164, nelems=0, elem type=char[])
ARR 50000a21 (sz=80, trace=300165, nelems=0, elem type=byte[])
ARR 50000a22 (sz=40, trace=300166, nelems=0, elem type=byte[])
OBJ 50000a23 (sz=40, trace=300300, class=java.lang.ClassNotFoundException@50000153)
OBJ 50000a24 (sz=24, trace=300301, class=java.net.URLClassLoader$1@500001b8)
ARR 50000a25 (sz=48, trace=300054, nelems=0, elem type=char[])
OBJ 50000a26 (sz=24, trace=300055, class=java.lang.String@50000165)
ARR 50000a27 (sz=56, trace=300056, nelems=0, elem type=char[])
OBJ 50000a28 (sz=24, trace=300057, class=java.lang.String@50000165)
OBJ 50000a29 (sz=24, trace=300059, class=java.lang.StringBuilder@50000118)
ARR 50000a2a (sz=48, trace=300060, nelems=0, elem type=char[])
ARR 50000a2b (sz=96, trace=300010, nelems=0, elem type=char[])
OBJ 50000a2c (sz=24, trace=300061, class=java.lang.String@50000165)
	value		50000a2d
ARR 50000a2d (sz=76, trace=300062, nelems=38, elem type=char[])
OBJ 50000a2e (sz=24, trace=300064, class=sun.misc.URLClassPath$3@500001c4)
OBJ 50000a30 (sz=24, trace=300303, class=sun.misc.URLClassPath$FileLoader@50000a2f)
	base		50006d28
	dir		50000a40
OBJ 50000a31 (sz=32, trace=300304, class=java.io.File@50000112)
OBJ 50000a32 (sz=24, trace=300305, class=java.lang.StringBuffer@50000119)
ARR 50000a33 (sz=80, trace=300306, nelems=0, elem type=char[])
OBJ 50000a34 (sz=24, trace=300307, class=java.lang.String@50000165)
ARR 50000a35 (sz=80, trace=300308, nelems=0, elem type=char[])
ARR 50000a36 (sz=60, trace=300309, nelems=30, elem type=char[])
OBJ 50000a37 (sz=24, trace=300310, class=java.lang.String@50000165)
	value		50000a36
OBJ 50000a38 (sz=24, trace=300311, class=java.lang.String@50000165)
ARR 50000a39 (sz=72, trace=300312, nelems=0, elem type=char[])
ARR 50000a3a (sz=112, trace=300313, nelems=0, elem type=byte[])
ARR 50000a3b (sz=48, trace=300096, nelems=0, elem type=byte[])
OBJ 50000a3c (sz=24, trace=300314, class=java.lang.String@50000165)
	value		50000a3d
ARR 50000a3d (sz=60, trace=300047, nelems=30, elem type=char[])
OBJ 50000a3e (sz=24, trace=300315, class=java.io.ExpiringCache$Entry@5000004d)
	val		50000a3c
OBJ 50000a3f (sz=40, trace=300316, class=java.util.LinkedHashMap$Entry@5000004c)
	key		50000a37
	value		50000a3e
	before		50006628
	after		50000ad0
OBJ 50000a40 (sz=32, trace=300317, class=java.io.File@50000112)
	path		50000a3c
ARR 50000a41 (sz=56, trace=300237, nelems=1, elem type=java.lang.Object[]@500000ff)
	[0]		50000a30
ARR 50000a42 (sz=80, trace=300238, nelems=3, elem type=java.util.HashMap$Node[]@500000b9)
	[2]		50000a43
OBJ 50000a43 (sz=32, trace=300239, class=java.util.HashMap$Node@500000bb)
	key		50000a2c
	value		50000a30
OBJ 50000a44 (sz=64, trace=300318, class=java.net.URL@50000110)
OBJ 50000a45 (sz=24, trace=300287, class=java.lang.StringBuilder@50000118)
ARR 50000a46 (sz=48, trace=300288, nelems=0, elem type=char[])
ARR 50000a47 (sz=88, trace=300010, nelems=0, elem type=char[])
OBJ 50000a48 (sz=24, trace=300291, class=java.lang.String@50000165)
ARR 50000a49 (sz=80, trace=300292, nelems=0, elem type=char[])
OBJ 50000a4a (sz=24, trace=300319, class=java.lang.String@50000165)
ARR 50000a4b (sz=80, trace=300320, nelems=0, elem type=char[])
ARR 50000a4c (sz=128, trace=300321, nelems=0, elem type=char[])
ARR 50000a4d (sz=56, trace=300322, nelems=0, elem type=char[])
OBJ 50000a4e (sz=24, trace=300323, class=java.lang.String@50000165)
ARR 50000a4f (sz=56, trace=300324, nelems=0, elem type=char[])
OBJ 50000a50 (sz=64, trace=300325, class=java.net.URL@50000110)
OBJ 50000a51 (sz=24, trace=300287, class=java.lang.StringBuilder@50000118)
ARR 50000a52 (sz=48, trace=300288, nelems=0, elem type=char[])
ARR 50000a53 (sz=88, trace=300010, nelems=0, elem type=char[])
ARR 50000a54 (sz=160, trace=300010, nelems=0, elem type=char[])
OBJ 50000a55 (sz=24, trace=300291, class=java.lang.String@50000165)
ARR 50000a56 (sz=120, trace=300292, nelems=0, elem type=char[])
OBJ 50000a57 (sz=32, trace=300326, class=java.io.File@50000112)
OBJ 50000a58 (sz=24, trace=300327, class=java.lang.StringBuilder@50000118)
ARR 50000a59 (sz=48, trace=300328, nelems=0, elem type=char[])
ARR 50000a5a (sz=88, trace=300010, nelems=0, elem type=char[])
ARR 50000a5b (sz=160, trace=300010, nelems=0, elem type=char[])
OBJ 50000a5c (sz=24, trace=300329, class=java.lang.String@50000165)
	value		50000a5d
ARR 50000a5d (sz=100, trace=300330, nelems=50, elem type=char[])
ARR 50000a5e (sz=168, trace=300095, nelems=0, elem type=byte[])
ARR 50000a5f (sz=72, trace=300096, nelems=0, elem type=byte[])
OBJ 50000a60 (sz=24, trace=300097, class=java.lang.String@50000165)
ARR 50000a61 (sz=40, trace=300098, nelems=0, elem type=char[])
OBJ 50000a64 (sz=32, trace=300332, class=sun.misc.URLClassPath$FileLoader$1@50000a63)
OBJ 50000a65 (sz=24, trace=300333, class=java.lang.String@50000165)
	value		50000a66
ARR 50000a66 (sz=16, trace=300334, nelems=8, elem type=char[])
OBJ 50000a68 (sz=48, trace=300336, class=java.util.HashMap@500000bd)
OBJ 50000a69 (sz=48, trace=300337, class=java.util.HashMap@500000bd)
OBJ 50000a6a (sz=48, trace=300338, class=java.util.HashMap@500000bd)
ARR 50000a6b (sz=32, trace=300339, nelems=0, elem type=char[])
OBJ 50000a6c (sz=24, trace=300340, class=java.lang.String@50000165)
ARR 50000a6d (sz=40, trace=300341, nelems=0, elem type=char[])
OBJ 50000a6e (sz=24, trace=300342, class=java.lang.String@50000165)
ARR 50000a6f (sz=32, trace=300339, nelems=0, elem type=char[])
OBJ 50000a70 (sz=24, trace=300340, class=java.lang.String@50000165)
ARR 50000a71 (sz=40, trace=300341, nelems=0, elem type=char[])
OBJ 50000a72 (sz=24, trace=300342, class=java.lang.String@50000165)
OBJ 50000a73 (sz=56, trace=300343, class=java.lang.Package@50000a67)
	pkgName		50000a65
	loader		50006187
ARR 50000a74 (sz=80, trace=300344, nelems=10, elem type=java.util.HashMap$Node[]@500000b9)
	[9]		50000a75
OBJ 50000a75 (sz=32, trace=300239, class=java.util.HashMap$Node@500000bb)
	key		50000a65
	value		50000a73
OBJ 50000a76 (sz=32, trace=300345, class=java.io.FileInputStream@5000007b)
	fd		50000a79
	path		50000a5c
	closeLock	50000a78
OBJ 50000a77 (sz=40, trace=300130, class=java.lang.ref.Finalizer@50000144)
	referent	50000a76
	queue		50006181
	next		50000a17
	prev		50005c4e
OBJ 50000a78 (sz=16, trace=300346, class=java.lang.Object@50000169)
OBJ 50000a79 (sz=32, trace=300347, class=java.io.FileDescriptor@5000007a)
	parent		50000a76
ARR 50000a7a (sz=168, trace=300348, nelems=0, elem type=byte[])
ARR 50000a7b (sz=72, trace=300096, nelems=0, elem type=byte[])
ARR 50000a7d (sz=168, trace=300350, nelems=0, elem type=byte[])
ARR 50000a7e (sz=72, trace=300096, nelems=0, elem type=byte[])
ARR 50000a7f (sz=16, trace=300351, nelems=0, elem type=byte[])
ARR 50000a80 (sz=1040, trace=300352, nelems=0, elem type=byte[])
ARR 50000a81 (sz=3088, trace=300352, nelems=0, elem type=byte[])
ARR 50000a82 (sz=3280, trace=300352, nelems=0, elem type=byte[])
OBJ 50000a84 (sz=16, trace=300354, class=java.io.FileInputStream$1@50000a83)
OBJ 50000a85 (sz=32, trace=300355, class=java.security.CodeSource@5000010b)
	location	50006d28
ARR 50000a88 (sz=24, trace=300357, nelems=2, elem type=java.io.ObjectStreamField[]@500000f1)
	[0]		50000a89
	[1]		50000a96
OBJ 50000a89 (sz=40, trace=300358, class=java.io.ObjectStreamField@500000f3)
	name		5000641c
	signature	50000a94
	type		5000013c
OBJ 50000a8a (sz=24, trace=300073, class=java.lang.StringBuilder@50000118)
ARR 50000a8b (sz=48, trace=300074, nelems=0, elem type=char[])
OBJ 50000a8c (sz=24, trace=300359, class=java.lang.StringBuilder@50000118)
ARR 50000a8d (sz=48, trace=300360, nelems=0, elem type=char[])
ARR 50000a8e (sz=56, trace=300361, nelems=0, elem type=char[])
OBJ 50000a8f (sz=24, trace=300362, class=java.lang.String@50000165)
ARR 50000a90 (sz=88, trace=300010, nelems=0, elem type=char[])
OBJ 50000a91 (sz=24, trace=300363, class=java.lang.String@50000165)
ARR 50000a92 (sz=64, trace=300364, nelems=0, elem type=char[])
ARR 50000a93 (sz=88, trace=300010, nelems=0, elem type=char[])
OBJ 50000a94 (sz=24, trace=300075, class=java.lang.String@50000165)
	value		50000a95
ARR 50000a95 (sz=42, trace=300076, nelems=21, elem type=char[])
OBJ 50000a96 (sz=40, trace=300365, class=java.io.ObjectStreamField@500000f3)
	name		5000641b
	signature	50000aa2
	type		50000a86
OBJ 50000a97 (sz=24, trace=300073, class=java.lang.StringBuilder@50000118)
ARR 50000a98 (sz=48, trace=300074, nelems=0, elem type=char[])
OBJ 50000a99 (sz=24, trace=300359, class=java.lang.StringBuilder@50000118)
ARR 50000a9a (sz=48, trace=300360, nelems=0, elem type=char[])
ARR 50000a9b (sz=88, trace=300361, nelems=0, elem type=char[])
OBJ 50000a9c (sz=24, trace=300362, class=java.lang.String@50000165)
ARR 50000a9d (sz=88, trace=300010, nelems=0, elem type=char[])
ARR 50000a9e (sz=160, trace=300366, nelems=0, elem type=char[])
OBJ 50000a9f (sz=24, trace=300363, class=java.lang.String@50000165)
ARR 50000aa0 (sz=88, trace=300364, nelems=0, elem type=char[])
ARR 50000aa1 (sz=88, trace=300010, nelems=0, elem type=char[])
OBJ 50000aa2 (sz=24, trace=300075, class=java.lang.String@50000165)
	value		50000aa3
ARR 50000aa3 (sz=72, trace=300076, nelems=36, elem type=char[])
OBJ 50000aa4 (sz=32, trace=300367, class=java.security.Permissions@50000a87)
	permsMap	50000aa5
OBJ 50000aa5 (sz=48, trace=300368, class=java.util.HashMap@500000bd)
	table		50000ae4
OBJ 50000aa6 (sz=32, trace=300369, class=java.io.File@50000112)
OBJ 50000aa7 (sz=24, trace=300305, class=java.lang.StringBuffer@50000119)
ARR 50000aa8 (sz=80, trace=300306, nelems=0, elem type=char[])
OBJ 50000aa9 (sz=24, trace=300307, class=java.lang.String@50000165)
ARR 50000aaa (sz=80, trace=300308, nelems=0, elem type=char[])
ARR 50000aab (sz=80, trace=300309, nelems=0, elem type=char[])
OBJ 50000aac (sz=24, trace=300310, class=java.lang.String@50000165)
OBJ 50000ab0 (sz=48, trace=300371, class=java.util.Hashtable@5000013c)
	table		50000ab1
ARR 50000ab1 (sz=64, trace=300372, nelems=0, elem type=java.util.Hashtable$Entry[]@500000b6)
OBJ 50000ab2 (sz=48, trace=300373, class=java.util.HashMap@500000bd)
OBJ 50000ab3 (sz=104, trace=300374, class=sun.net.www.protocol.file.FileURLConnection@50000aaf)
OBJ 50000ab5 (sz=24, trace=300376, class=sun.net.www.MessageHeader@50000ab4)
ARR 50000ab6 (sz=32, trace=300377, nelems=0, elem type=java.lang.String[]@500000bf)
ARR 50000ab7 (sz=32, trace=300378, nelems=0, elem type=java.lang.String[]@500000bf)
OBJ 50000ab9 (sz=32, trace=300380, class=java.io.FilePermission@50000ab8)
OBJ 50000abb (sz=16, trace=300382, class=java.io.FilePermission$1@50000aba)
OBJ 50000abc (sz=32, trace=300383, class=java.io.File@50000112)
OBJ 50000abd (sz=24, trace=300305, class=java.lang.StringBuffer@50000119)
ARR 50000abe (sz=80, trace=300306, nelems=0, elem type=char[])
OBJ 50000abf (sz=24, trace=300307, class=java.lang.String@50000165)
ARR 50000ac0 (sz=80, trace=300308, nelems=0, elem type=char[])
ARR 50000ac1 (sz=80, trace=300309, nelems=0, elem type=char[])
OBJ 50000ac2 (sz=24, trace=300310, class=java.lang.String@50000165)
OBJ 50000ac3 (sz=24, trace=300384, class=java.lang.StringBuilder@50000118)
ARR 50000ac4 (sz=48, trace=300385, nelems=0, elem type=char[])
ARR 50000ac5 (sz=88, trace=300010, nelems=0, elem type=char[])
OBJ 50000ac6 (sz=24, trace=300386, class=java.lang.String@50000165)
	value		50000ac7
ARR 50000ac7 (sz=64, trace=300387, nelems=32, elem type=char[])
OBJ 50000ac8 (sz=32, trace=300388, class=java.io.FilePermission@50000ab8)
	name		50000ac6
	cpath		50000ad1
OBJ 50000ac9 (sz=16, trace=300389, class=java.io.FilePermission$1@50000aba)
OBJ 50000aca (sz=32, trace=300383, class=java.io.File@50000112)
ARR 50000acb (sz=112, trace=300313, nelems=0, elem type=byte[])
ARR 50000acc (sz=48, trace=300096, nelems=0, elem type=byte[])
OBJ 50000acd (sz=24, trace=300314, class=java.lang.String@50000165)
	value		50000ace
ARR 50000ace (sz=64, trace=300047, nelems=32, elem type=char[])
OBJ 50000acf (sz=24, trace=300315, class=java.io.ExpiringCache$Entry@5000004d)
	val		50000acd
OBJ 50000ad0 (sz=40, trace=300390, class=java.util.LinkedHashMap$Entry@5000004c)
	key		50000ac6
	value		50000acf
	before		50000a3f
OBJ 50000ad1 (sz=24, trace=300391, class=java.lang.String@50000165)
	value		50000ad2
ARR 50000ad2 (sz=62, trace=300392, nelems=31, elem type=char[])
ARR 50000ad4 (sz=24, trace=300394, nelems=1, elem type=java.io.ObjectStreamField[]@500000f1)
	[0]		50000ad5
OBJ 50000ad5 (sz=40, trace=300395, class=java.io.ObjectStreamField@500000f3)
	name		5000655b
	signature	50000ae0
	type		500000da
OBJ 50000ad6 (sz=24, trace=300073, class=java.lang.StringBuilder@50000118)
ARR 50000ad7 (sz=48, trace=300074, nelems=0, elem type=char[])
OBJ 50000ad8 (sz=24, trace=300359, class=java.lang.StringBuilder@50000118)
ARR 50000ad9 (sz=48, trace=300360, nelems=0, elem type=char[])
ARR 50000ada (sz=48, trace=300361, nelems=0, elem type=char[])
OBJ 50000adb (sz=24, trace=300362, class=java.lang.String@50000165)
ARR 50000adc (sz=88, trace=300010, nelems=0, elem type=char[])
OBJ 50000add (sz=24, trace=300363, class=java.lang.String@50000165)
ARR 50000ade (sz=56, trace=300364, nelems=0, elem type=char[])
ARR 50000adf (sz=88, trace=300010, nelems=0, elem type=char[])
OBJ 50000ae0 (sz=24, trace=300075, class=java.lang.String@50000165)
	value		50000ae1
ARR 50000ae1 (sz=36, trace=300076, nelems=18, elem type=char[])
OBJ 50000ae2 (sz=24, trace=300396, class=java.io.FilePermissionCollection@50000ad3)
	perms		50000ae3
OBJ 50000ae3 (sz=24, trace=300397, class=java.util.ArrayList@500000d4)
	elementData	50000ae6
ARR 50000ae4 (sz=80, trace=300398, nelems=8, elem type=java.util.HashMap$Node[]@500000b9)
	[6]		50000b0d
	[7]		50000ae5
OBJ 50000ae5 (sz=32, trace=300239, class=java.util.HashMap$Node@500000bb)
	key		50000ab8
	value		50000ae2
ARR 50000ae6 (sz=56, trace=300237, nelems=1, elem type=java.lang.Object[]@500000ff)
	[0]		50000ac8
OBJ 50000ae9 (sz=24, trace=300401, class=java.lang.RuntimePermission@500000e7)
	name		50006555
	path		50006556
ARR 50000aeb (sz=32, trace=300403, nelems=3, elem type=java.io.ObjectStreamField[]@500000f1)
	[0]		50000aec
	[1]		50000af9
	[2]		50000afe
OBJ 50000aec (sz=40, trace=300404, class=java.io.ObjectStreamField@500000f3)
	name		5000655b
	signature	50000a94
	type		5000013c
OBJ 50000aed (sz=24, trace=300073, class=java.lang.StringBuilder@50000118)
ARR 50000aee (sz=48, trace=300074, nelems=0, elem type=char[])
OBJ 50000aef (sz=24, trace=300359, class=java.lang.StringBuilder@50000118)
ARR 50000af0 (sz=48, trace=300360, nelems=0, elem type=char[])
ARR 50000af1 (sz=56, trace=300361, nelems=0, elem type=char[])
OBJ 50000af2 (sz=24, trace=300362, class=java.lang.String@50000165)
ARR 50000af3 (sz=88, trace=300010, nelems=0, elem type=char[])
OBJ 50000af4 (sz=24, trace=300363, class=java.lang.String@50000165)
ARR 50000af5 (sz=64, trace=300364, nelems=0, elem type=char[])
ARR 50000af6 (sz=88, trace=300010, nelems=0, elem type=char[])
OBJ 50000af7 (sz=24, trace=300075, class=java.lang.String@50000165)
ARR 50000af8 (sz=64, trace=300076, nelems=0, elem type=char[])
OBJ 50000af9 (sz=40, trace=300405, class=java.io.ObjectStreamField@500000f3)
	name		5000655a
	signature	500001dd
	type		500062a0
OBJ 50000afa (sz=24, trace=300073, class=java.lang.StringBuilder@50000118)
ARR 50000afb (sz=48, trace=300074, nelems=0, elem type=char[])
OBJ 50000afc (sz=24, trace=300075, class=java.lang.String@50000165)
ARR 50000afd (sz=24, trace=300076, nelems=0, elem type=char[])
OBJ 50000afe (sz=40, trace=300406, class=java.io.ObjectStreamField@500000f3)
	name		5000655c
	signature	50000b09
	type		50000161
OBJ 50000aff (sz=24, trace=300073, class=java.lang.StringBuilder@50000118)
ARR 50000b00 (sz=48, trace=300074, nelems=0, elem type=char[])
OBJ 50000b01 (sz=24, trace=300359, class=java.lang.StringBuilder@50000118)
ARR 50000b02 (sz=48, trace=300360, nelems=0, elem type=char[])
ARR 50000b03 (sz=48, trace=300361, nelems=0, elem type=char[])
OBJ 50000b04 (sz=24, trace=300362, class=java.lang.String@50000165)
ARR 50000b05 (sz=88, trace=300366, nelems=0, elem type=char[])
OBJ 50000b06 (sz=24, trace=300363, class=java.lang.String@50000165)
ARR 50000b07 (sz=56, trace=300364, nelems=0, elem type=char[])
ARR 50000b08 (sz=88, trace=300010, nelems=0, elem type=char[])
OBJ 50000b09 (sz=24, trace=300075, class=java.lang.String@50000165)
	value		50000b0a
ARR 50000b0a (sz=34, trace=300076, nelems=17, elem type=char[])
OBJ 50000b0b (sz=32, trace=300407, class=java.security.BasicPermissionCollection@50000aea)
	perms		50000b0c
	permClass	500000e7
OBJ 50000b0c (sz=48, trace=300408, class=java.util.HashMap@500000bd)
	table		50000b0e
OBJ 50000b0d (sz=32, trace=300239, class=java.util.HashMap$Node@500000bb)
	key		500000e7
	value		50000b0b
ARR 50000b0e (sz=80, trace=300409, nelems=12, elem type=java.util.HashMap$Node[]@500000b9)
	[11]		50000b0f
OBJ 50000b0f (sz=32, trace=300239, class=java.util.HashMap$Node@500000bb)
	key		50006557
	value		50000ae9
OBJ 50000b10 (sz=40, trace=300410, class=java.security.ProtectionDomain@50000157)
	codesource	50000a85
	classloader	50006187
	principals	50000b12
	permissions	50000aa4
	key		50000b11
OBJ 50000b11 (sz=16, trace=300411, class=java.security.ProtectionDomain$Key@50000008)
	this$0		50000b10
ARR 50000b12 (sz=16, trace=300412, nelems=0, elem type=java.security.Principal[]@50000006)
ARR 50000b13 (sz=80, trace=300413, nelems=5, elem type=java.util.HashMap$Node[]@500000b9)
	[4]		50000b14
OBJ 50000b14 (sz=32, trace=300239, class=java.util.HashMap$Node@500000bb)
	key		50000a85
	value		50000b10
OBJ 50000b15 (sz=24, trace=300414, class=java.lang.String@50000165)
	value		50000b16
ARR 50000b16 (sz=16, trace=300415, nelems=8, elem type=char[])
ARR 50000b17 (sz=80, trace=300416, nelems=10, elem type=java.util.concurrent.ConcurrentHashMap$Node[]@50000020)
	[9]		50000b18
OBJ 50000b18 (sz=32, trace=300417, class=java.util.concurrent.ConcurrentHashMap$Node@50000021)
	key		50000b15
	val		500065b9
OBJ 50000b19 (sz=24, trace=300079, class=java.lang.StringBuffer@50000119)
ARR 50000b1a (sz=88, trace=300080, nelems=0, elem type=char[])
ARR 50000b1b (sz=88, trace=300081, nelems=0, elem type=char[])
OBJ 50000b1c (sz=24, trace=300082, class=java.lang.String@50000165)
OBJ 50000b1d (sz=16, trace=300048, class=java.lang.Object@50000169)
OBJ 50000b1e (sz=32, trace=300050, class=java.util.concurrent.ConcurrentHashMap$Node@50000021)
	key		500065d7
	val		50000b1d
	next		50001e8b
OBJ 50000b1f (sz=16, trace=300051, class=java.lang.Object@50000169)
OBJ 50000b20 (sz=32, trace=300050, class=java.util.concurrent.ConcurrentHashMap$Node@50000021)
	key		500065d7
	val		50000b1f
	next		50001e8d
ARR 50000b21 (sz=80, trace=300418, nelems=4, elem type=java.util.HashMap$Node[]@500000b9)
	[3]		50000b22
OBJ 50000b22 (sz=32, trace=300239, class=java.util.HashMap$Node@500000bb)
	key		50000b10
	value		50006702
ARR 50000b25 (sz=24, trace=300421, nelems=0, elem type=java.lang.Class[]@500000fa)
OBJ 50000b27 (sz=24, trace=300423, class=java.lang.Class$MethodArray@50000b26)
ARR 50000b29 (sz=24, trace=300424, nelems=0, elem type=java.lang.reflect.Method[]@50000b28)
OBJ 50000b2a (sz=56, trace=300425, class=java.lang.Class$ReflectionData@500000a8)
OBJ 50000b2b (sz=40, trace=300040, class=java.lang.ref.SoftReference@50000149)
OBJ 50000b2c (sz=16, trace=300048, class=java.lang.Object@50000169)
OBJ 50000b2d (sz=32, trace=300050, class=java.util.concurrent.ConcurrentHashMap$Node@50000021)
OBJ 50000b2e (sz=16, trace=300051, class=java.lang.Object@50000169)
OBJ 50000b2f (sz=32, trace=300050, class=java.util.concurrent.ConcurrentHashMap$Node@50000021)
OBJ 50000b30 (sz=16, trace=300048, class=java.lang.Object@50000169)
OBJ 50000b31 (sz=32, trace=300050, class=java.util.concurrent.ConcurrentHashMap$Node@50000021)
OBJ 50000b32 (sz=16, trace=300051, class=java.lang.Object@50000169)
OBJ 50000b33 (sz=32, trace=300050, class=java.util.concurrent.ConcurrentHashMap$Node@50000021)
OBJ 50000b34 (sz=16, trace=300048, class=java.lang.Object@50000169)
OBJ 50000b35 (sz=32, trace=300050, class=java.util.concurrent.ConcurrentHashMap$Node@50000021)
OBJ 50000b36 (sz=16, trace=300051, class=java.lang.Object@50000169)
OBJ 50000b37 (sz=32, trace=300050, class=java.util.concurrent.ConcurrentHashMap$Node@50000021)
OBJ 50000b38 (sz=88, trace=300426, class=java.lang.reflect.Method@50000135)
OBJ 50000b3a (sz=16, trace=300048, class=java.lang.Object@50000169)
OBJ 50000b3b (sz=32, trace=300050, class=java.util.concurrent.ConcurrentHashMap$Node@50000021)
OBJ 50000b3c (sz=16, trace=300051, class=java.lang.Object@50000169)
OBJ 50000b3d (sz=32, trace=300050, class=java.util.concurrent.ConcurrentHashMap$Node@50000021)
OBJ 50000b3e (sz=16, trace=300048, class=java.lang.Object@50000169)
OBJ 50000b3f (sz=32, trace=300428, class=java.util.concurrent.ConcurrentHashMap$Node@50000021)
	key		500065ef
	val		50000b3e
OBJ 50000b40 (sz=16, trace=300051, class=java.lang.Object@50000169)
OBJ 50000b41 (sz=32, trace=300428, class=java.util.concurrent.ConcurrentHashMap$Node@50000021)
	key		500065ef
	val		50000b40
OBJ 50000b42 (sz=48, trace=300266, class=java.nio.HeapCharBuffer@50000534)
OBJ 50000b43 (sz=48, trace=300266, class=java.nio.HeapCharBuffer@50000534)
OBJ 50000b44 (sz=48, trace=300266, class=java.nio.HeapCharBuffer@50000534)
OBJ 50000b45 (sz=48, trace=300266, class=java.nio.HeapCharBuffer@50000534)
OBJ 50000b46 (sz=48, trace=300266, class=java.nio.HeapCharBuffer@50000534)
OBJ 50000b47 (sz=48, trace=300266, class=java.nio.HeapCharBuffer@50000534)
OBJ 50000b48 (sz=16, trace=300429, class=com.test.Main@50000b23)
OBJ 50000b49 (sz=16, trace=300048, class=java.lang.Object@50000169)
OBJ 50000b4a (sz=32, trace=300050, class=java.util.concurrent.ConcurrentHashMap$Node@50000021)
	key		50006601
	val		50000b49
	next		500010c2
OBJ 50000b4b (sz=16, trace=300051, class=java.lang.Object@50000169)
OBJ 50000b4c (sz=32, trace=300050, class=java.util.concurrent.ConcurrentHashMap$Node@50000021)
	key		50006601
	val		50000b4b
	next		500010c4
OBJ 50000b50 (sz=24, trace=300433, class=java.lang.invoke.MethodType$ConcurrentWeakInternSet@50000b4f)
	map		50000b51
	stale		50000b52
OBJ 50000b51 (sz=64, trace=300434, class=java.util.concurrent.ConcurrentHashMap@50000028)
	table		50002be5
OBJ 50000b52 (sz=32, trace=300435, class=java.lang.ref.ReferenceQueue@50000143)
	lock		50000b53
OBJ 50000b53 (sz=16, trace=300436, class=java.lang.ref.ReferenceQueue$Lock@500000c8)
ARR 50000b54 (sz=16, trace=300437, nelems=0, elem type=java.lang.Class[]@500000fa)
ARR 50000b56 (sz=96, trace=300438, nelems=19, elem type=java.lang.invoke.MethodType[]@50000b55)
	[0]		50000f9f
	[2]		50000faa
	[4]		50000fc3
	[6]		500010d7
	[8]		500010e8
	[10]		50001f32
	[12]		50000b64
	[14]		50000f45
	[16]		50002ffd
	[18]		500032c1
ARR 50000b57 (sz=16, trace=300439, nelems=0, elem type=java.io.ObjectStreamField[]@500000f1)
OBJ 50000b58 (sz=56, trace=300039, class=java.lang.Class$ReflectionData@500000a8)
OBJ 50000b59 (sz=40, trace=300040, class=java.lang.ref.SoftReference@50000149)
OBJ 50000b5c (sz=72, trace=300041, class=java.lang.reflect.Field@50000138)
OBJ 50000b5d (sz=72, trace=300041, class=java.lang.reflect.Field@50000138)
OBJ 50000b5e (sz=40, trace=300441, class=java.lang.invoke.MethodType@50000121)
OBJ 50000b60 (sz=32, trace=300443, class=java.lang.invoke.MethodType$ConcurrentWeakInternSet$WeakEntry@50000b5f)
OBJ 50000b61 (sz=40, trace=300444, class=java.lang.invoke.MethodType@50000121)
	rtype		5000011f
	ptypes		50006da9
	form		50000b65
OBJ 50000b62 (sz=40, trace=300445, class=java.lang.invoke.MethodType@50000121)
OBJ 50000b63 (sz=32, trace=300443, class=java.lang.invoke.MethodType$ConcurrentWeakInternSet$WeakEntry@50000b5f)
OBJ 50000b64 (sz=40, trace=300446, class=java.lang.invoke.MethodType@50000121)
	rtype		50000169
	ptypes		50006dec
	form		50000b65
	invokers	50002fee
	methodDescriptor	50002c49
OBJ 50000b65 (sz=56, trace=300447, class=java.lang.invoke.MethodTypeForm@50000b5a)
	argToSlotTable	50000b67
	slotToArgTable	50000b66
	erasedType	50000b64
	basicType	50000b64
	methodHandles	50000b6a
	lambdaForms	50000b69
ARR 50000b66 (sz=28, trace=300448, nelems=7, elem type=int[])
ARR 50000b67 (sz=28, trace=300449, nelems=7, elem type=int[])
ARR 50000b69 (sz=88, trace=300450, nelems=13, elem type=java.lang.ref.SoftReference[]@50000b68)
	[1]		50002168
	[2]		50002f26
	[7]		50004a28
	[8]		50003119
	[12]		50004a19
ARR 50000b6a (sz=32, trace=300451, nelems=1, elem type=java.lang.ref.SoftReference[]@50000b68)
	[0]		50003115
OBJ 50000b6b (sz=32, trace=300452, class=java.lang.invoke.MethodType$ConcurrentWeakInternSet$WeakEntry@50000b5f)
	referent	50000b64
	queue		50000b52
ARR 50000b6c (sz=80, trace=300453, nelems=0, elem type=java.util.concurrent.ConcurrentHashMap$Node[]@50000020)
OBJ 50000b6d (sz=32, trace=300454, class=java.util.concurrent.ConcurrentHashMap$Node@50000021)
	key		50000b6b
	val		50000b6b
OBJ 50000b6e (sz=32, trace=300452, class=java.lang.invoke.MethodType$ConcurrentWeakInternSet$WeakEntry@50000b5f)
	referent	50000b61
	queue		50000b52
OBJ 50000b6f (sz=32, trace=300454, class=java.util.concurrent.ConcurrentHashMap$Node@50000021)
	key		50000b6e
	val		50000b6e
	next		50003f9e
OBJ 50000b71 (sz=24, trace=300456, class=java.lang.reflect.ReflectPermission@500000e5)
	name		50006563
	path		50006563
ARR 50000b73 (sz=0, trace=300458, nelems=0, elem type=boolean[])
OBJ 50000b75 (sz=56, trace=300460, class=sun.invoke.util.Wrapper@50000b72)
	name		50006db9
	wrapperType	50000108
	primitiveType	500062a0
	zero		50006539
	emptyArray	50000b73
	wrapperSimpleName	50000b76
	primitiveSimpleName	50006538
OBJ 50000b76 (sz=24, trace=300461, class=java.lang.String@50000165)
	value		50000b77
ARR 50000b77 (sz=14, trace=300462, nelems=7, elem type=char[])
ARR 50000b7a (sz=1040, trace=300464, nelems=256, elem type=java.lang.Byte[]@50000b79)
	[0]		50000b7b
	[1]		50000b7c
	[2]		50000b7d
	[3]		50000b7e
	[4]		50000b7f
	[5]		50000b80
	[6]		50000b81
	[7]		50000b82
	[8]		50000b83
	[9]		50000b84
	[10]		50000b85
	[11]		50000b86
	[12]		50000b87
	[13]		50000b88
	[14]		50000b89
	[15]		50000b8a
	[16]		50000b8b
	[17]		50000b8c
	[18]		50000b8d
	[19]		50000b8e
	[20]		50000b8f
	[21]		50000b90
	[22]		50000b91
	[23]		50000b92
	[24]		50000b93
	[25]		50000b94
	[26]		50000b95
	[27]		50000b96
	[28]		50000b97
	[29]		50000b98
	[30]		50000b99
	[31]		50000b9a
	[32]		50000b9b
	[33]		50000b9c
	[34]		50000b9d
	[35]		50000b9e
	[36]		50000b9f
	[37]		50000ba0
	[38]		50000ba1
	[39]		50000ba2
	[40]		50000ba3
	[41]		50000ba4
	[42]		50000ba5
	[43]		50000ba6
	[44]		50000ba7
	[45]		50000ba8
	[46]		50000ba9
	[47]		50000baa
	[48]		50000bab
	[49]		50000bac
	[50]		50000bad
	[51]		50000bae
	[52]		50000baf
	[53]		50000bb0
	[54]		50000bb1
	[55]		50000bb2
	[56]		50000bb3
	[57]		50000bb4
	[58]		50000bb5
	[59]		50000bb6
	[60]		50000bb7
	[61]		50000bb8
	[62]		50000bb9
	[63]		50000bba
	[64]		50000bbb
	[65]		50000bbc
	[66]		50000bbd
	[67]		50000bbe
	[68]		50000bbf
	[69]		50000bc0
	[70]		50000bc1
	[71]		50000bc2
	[72]		50000bc3
	[73]		50000bc4
	[74]		50000bc5
	[75]		50000bc6
	[76]		50000bc7
	[77]		50000bc8
	[78]		50000bc9
	[79]		50000bca
	[80]		50000bcb
	[81]		50000bcc
	[82]		50000bcd
	[83]		50000bce
	[84]		50000bcf
	[85]		50000bd0
	[86]		50000bd1
	[87]		50000bd2
	[88]		50000bd3
	[89]		50000bd4
	[90]		50000bd5
	[91]		50000bd6
	[92]		50000bd7
	[93]		50000bd8
	[94]		50000bd9
	[95]		50000bda
	[96]		50000bdb
	[97]		50000bdc
	[98]		50000bdd
	[99]		50000bde
	[100]		50000bdf
	[101]		50000be0
	[102]		50000be1
	[103]		50000be2
	[104]		50000be3
	[105]		50000be4
	[106]		50000be5
	[107]		50000be6
	[108]		50000be7
	[109]		50000be8
	[110]		50000be9
	[111]		50000bea
	[112]		50000beb
	[113]		50000bec
	[114]		50000bed
	[115]		50000bee
	[116]		50000bef
	[117]		50000bf0
	[118]		50000bf1
	[119]		50000bf2
	[120]		50000bf3
	[121]		50000bf4
	[122]		50000bf5
	[123]		50000bf6
	[124]		50000bf7
	[125]		50000bf8
	[126]		50000bf9
	[127]		50000bfa
	[128]		50000bfb
	[129]		50000bfc
	[130]		50000bfd
	[131]		50000bfe
	[132]		50000bff
	[133]		50000c00
	[134]		50000c01
	[135]		50000c02
	[136]		50000c03
	[137]		50000c04
	[138]		50000c05
	[139]		50000c06
	[140]		50000c07
	[141]		50000c08
	[142]		50000c09
	[143]		50000c0a
	[144]		50000c0b
	[145]		50000c0c
	[146]		50000c0d
	[147]		50000c0e
	[148]		50000c0f
	[149]		50000c10
	[150]		50000c11
	[151]		50000c12
	[152]		50000c13
	[153]		50000c14
	[154]		50000c15
	[155]		50000c16
	[156]		50000c17
	[157]		50000c18
	[158]		50000c19
	[159]		50000c1a
	[160]		50000c1b
	[161]		50000c1c
	[162]		50000c1d
	[163]		50000c1e
	[164]		50000c1f
	[165]		50000c20
	[166]		50000c21
	[167]		50000c22
	[168]		50000c23
	[169]		50000c24
	[170]		50000c25
	[171]		50000c26
	[172]		50000c27
	[173]		50000c28
	[174]		50000c29
	[175]		50000c2a
	[176]		50000c2b
	[177]		50000c2c
	[178]		50000c2d
	[179]		50000c2e
	[180]		50000c2f
	[181]		50000c30
	[182]		50000c31
	[183]		50000c32
	[184]		50000c33
	[185]		50000c34
	[186]		50000c35
	[187]		50000c36
	[188]		50000c37
	[189]		50000c38
	[190]		50000c39
	[191]		50000c3a
	[192]		50000c3b
	[193]		50000c3c
	[194]		50000c3d
	[195]		50000c3e
	[196]		50000c3f
	[197]		50000c40
	[198]		50000c41
	[199]		50000c42
	[200]		50000c43
	[201]		50000c44
	[202]		50000c45
	[203]		50000c46
	[204]		50000c47
	[205]		50000c48
	[206]		50000c49
	[207]		50000c4a
	[208]		50000c4b
	[209]		50000c4c
	[210]		50000c4d
	[211]		50000c4e
	[212]		50000c4f
	[213]		50000c50
	[214]		50000c51
	[215]		50000c52
	[216]		50000c53
	[217]		50000c54
	[218]		50000c55
	[219]		50000c56
	[220]		50000c57
	[221]		50000c58
	[222]		50000c59
	[223]		50000c5a
	[224]		50000c5b
	[225]		50000c5c
	[226]		50000c5d
	[227]		50000c5e
	[228]		50000c5f
	[229]		50000c60
	[230]		50000c61
	[231]		50000c62
	[232]		50000c63
	[233]		50000c64
	[234]		50000c65
	[235]		50000c66
	[236]		50000c67
	[237]		50000c68
	[238]		50000c69
	[239]		50000c6a
	[240]		50000c6b
	[241]		50000c6c
	[242]		50000c6d
	[243]		50000c6e
	[244]		50000c6f
	[245]		50000c70
	[246]		50000c71
	[247]		50000c72
	[248]		50000c73
	[249]		50000c74
	[250]		50000c75
	[251]		50000c76
	[252]		50000c77
	[253]		50000c78
	[254]		50000c79
	[255]		50000c7a
OBJ 50000b7b (sz=16, trace=300465, class=java.lang.Byte@50000103)
OBJ 50000b7c (sz=16, trace=300465, class=java.lang.Byte@50000103)
OBJ 50000b7d (sz=16, trace=300465, class=java.lang.Byte@50000103)
OBJ 50000b7e (sz=16, trace=300465, class=java.lang.Byte@50000103)
OBJ 50000b7f (sz=16, trace=300465, class=java.lang.Byte@50000103)
OBJ 50000b80 (sz=16, trace=300465, class=java.lang.Byte@50000103)
OBJ 50000b81 (sz=16, trace=300465, class=java.lang.Byte@50000103)
OBJ 50000b82 (sz=16, trace=300465, class=java.lang.Byte@50000103)
OBJ 50000b83 (sz=16, trace=300465, class=java.lang.Byte@50000103)
OBJ 50000b84 (sz=16, trace=300465, class=java.lang.Byte@50000103)
OBJ 50000b85 (sz=16, trace=300465, class=java.lang.Byte@50000103)
OBJ 50000b86 (sz=16, trace=300465, class=java.lang.Byte@50000103)
OBJ 50000b87 (sz=16, trace=300465, class=java.lang.Byte@50000103)
OBJ 50000b88 (sz=16, trace=300465, class=java.lang.Byte@50000103)
OBJ 50000b89 (sz=16, trace=300465, class=java.lang.Byte@50000103)
OBJ 50000b8a (sz=16, trace=300465, class=java.lang.Byte@50000103)
OBJ 50000b8b (sz=16, trace=300465, class=java.lang.Byte@50000103)
OBJ 50000b8c (sz=16, trace=300465, class=java.lang.Byte@50000103)
OBJ 50000b8d (sz=16, trace=300465, class=java.lang.Byte@50000103)
OBJ 50000b8e (sz=16, trace=300465, class=java.lang.Byte@50000103)
OBJ 50000b8f (sz=16, trace=300465, class=java.lang.Byte@50000103)
OBJ 50000b90 (sz=16, trace=300465, class=java.lang.Byte@50000103)
OBJ 50000b91 (sz=16, trace=300465, class=java.lang.Byte@50000103)
OBJ 50000b92 (sz=16, trace=300465, class=java.lang.Byte@50000103)
OBJ 50000b93 (sz=16, trace=300465, class=java.lang.Byte@50000103)
OBJ 50000b94 (sz=16, trace=300465, class=java.lang.Byte@50000103)
OBJ 50000b95 (sz=16, trace=300465, class=java.lang.Byte@50000103)
OBJ 50000b96 (sz=16, trace=300465, class=java.lang.Byte@50000103)
OBJ 50000b97 (sz=16, trace=300465, class=java.lang.Byte@50000103)
OBJ 50000b98 (sz=16, trace=300465, class=java.lang.Byte@50000103)
OBJ 50000b99 (sz=16, trace=300465, class=java.lang.Byte@50000103)
OBJ 50000b9a (sz=16, trace=300465, class=java.lang.Byte@50000103)
OBJ 50000b9b (sz=16, trace=300465, class=java.lang.Byte@50000103)
OBJ 50000b9c (sz=16, trace=300465, class=java.lang.Byte@50000103)
OBJ 50000b9d (sz=16, trace=300465, class=java.lang.Byte@50000103)
OBJ 50000b9e (sz=16, trace=300465, class=java.lang.Byte@50000103)
OBJ 50000b9f (sz=16, trace=300465, class=java.lang.Byte@50000103)
OBJ 50000ba0 (sz=16, trace=300465, class=java.lang.Byte@50000103)
OBJ 50000ba1 (sz=16, trace=300465, class=java.lang.Byte@50000103)
OBJ 50000ba2 (sz=16, trace=300465, class=java.lang.Byte@50000103)
OBJ 50000ba3 (sz=16, trace=300465, class=java.lang.Byte@50000103)
OBJ 50000ba4 (sz=16, trace=300465, class=java.lang.Byte@50000103)
OBJ 50000ba5 (sz=16, trace=300465, class=java.lang.Byte@50000103)
OBJ 50000ba6 (sz=16, trace=300465, class=java.lang.Byte@50000103)
OBJ 50000ba7 (sz=16, trace=300465, class=java.lang.Byte@50000103)
OBJ 50000ba8 (sz=16, trace=300465, class=java.lang.Byte@50000103)
OBJ 50000ba9 (sz=16, trace=300465, class=java.lang.Byte@50000103)
OBJ 50000baa (sz=16, trace=300465, class=java.lang.Byte@50000103)
OBJ 50000bab (sz=16, trace=300465, class=java.lang.Byte@50000103)
OBJ 50000bac (sz=16, trace=300465, class=java.lang.Byte@50000103)
OBJ 50000bad (sz=16, trace=300465, class=java.lang.Byte@50000103)
OBJ 50000bae (sz=16, trace=300465, class=java.lang.Byte@50000103)
OBJ 50000baf (sz=16, trace=300465, class=java.lang.Byte@50000103)
OBJ 50000bb0 (sz=16, trace=300465, class=java.lang.Byte@50000103)
OBJ 50000bb1 (sz=16, trace=300465, class=java.lang.Byte@50000103)
OBJ 50000bb2 (sz=16, trace=300465, class=java.lang.Byte@50000103)
OBJ 50000bb3 (sz=16, trace=300465, class=java.lang.Byte@50000103)
OBJ 50000bb4 (sz=16, trace=300465, class=java.lang.Byte@50000103)
OBJ 50000bb5 (sz=16, trace=300465, class=java.lang.Byte@50000103)
OBJ 50000bb6 (sz=16, trace=300465, class=java.lang.Byte@50000103)
OBJ 50000bb7 (sz=16, trace=300465, class=java.lang.Byte@50000103)
OBJ 50000bb8 (sz=16, trace=300465, class=java.lang.Byte@50000103)
OBJ 50000bb9 (sz=16, trace=300465, class=java.lang.Byte@50000103)
OBJ 50000bba (sz=16, trace=300465, class=java.lang.Byte@50000103)
OBJ 50000bbb (sz=16, trace=300465, class=java.lang.Byte@50000103)
OBJ 50000bbc (sz=16, trace=300465, class=java.lang.Byte@50000103)
OBJ 50000bbd (sz=16, trace=300465, class=java.lang.Byte@50000103)
OBJ 50000bbe (sz=16, trace=300465, class=java.lang.Byte@50000103)
OBJ 50000bbf (sz=16, trace=300465, class=java.lang.Byte@50000103)
OBJ 50000bc0 (sz=16, trace=300465, class=java.lang.Byte@50000103)
OBJ 50000bc1 (sz=16, trace=300465, class=java.lang.Byte@50000103)
OBJ 50000bc2 (sz=16, trace=300465, class=java.lang.Byte@50000103)
OBJ 50000bc3 (sz=16, trace=300465, class=java.lang.Byte@50000103)
OBJ 50000bc4 (sz=16, trace=300465, class=java.lang.Byte@50000103)
OBJ 50000bc5 (sz=16, trace=300465, class=java.lang.Byte@50000103)
OBJ 50000bc6 (sz=16, trace=300465, class=java.lang.Byte@50000103)
OBJ 50000bc7 (sz=16, trace=300465, class=java.lang.Byte@50000103)
OBJ 50000bc8 (sz=16, trace=300465, class=java.lang.Byte@50000103)
OBJ 50000bc9 (sz=16, trace=300465, class=java.lang.Byte@50000103)
OBJ 50000bca (sz=16, trace=300465, class=java.lang.Byte@50000103)
OBJ 50000bcb (sz=16, trace=300465, class=java.lang.Byte@50000103)
OBJ 50000bcc (sz=16, trace=300465, class=java.lang.Byte@50000103)
OBJ 50000bcd (sz=16, trace=300465, class=java.lang.Byte@50000103)
OBJ 50000bce (sz=16, trace=300465, class=java.lang.Byte@50000103)
OBJ 50000bcf (sz=16, trace=300465, class=java.lang.Byte@50000103)
OBJ 50000bd0 (sz=16, trace=300465, class=java.lang.Byte@50000103)
OBJ 50000bd1 (sz=16, trace=300465, class=java.lang.Byte@50000103)
OBJ 50000bd2 (sz=16, trace=300465, class=java.lang.Byte@50000103)
OBJ 50000bd3 (sz=16, trace=300465, class=java.lang.Byte@50000103)
OBJ 50000bd4 (sz=16, trace=300465, class=java.lang.Byte@50000103)
OBJ 50000bd5 (sz=16, trace=300465, class=java.lang.Byte@50000103)
OBJ 50000bd6 (sz=16, trace=300465, class=java.lang.Byte@50000103)
OBJ 50000bd7 (sz=16, trace=300465, class=java.lang.Byte@50000103)
OBJ 50000bd8 (sz=16, trace=300465, class=java.lang.Byte@50000103)
OBJ 50000bd9 (sz=16, trace=300465, class=java.lang.Byte@50000103)
OBJ 50000bda (sz=16, trace=300465, class=java.lang.Byte@50000103)
OBJ 50000bdb (sz=16, trace=300465, class=java.lang.Byte@50000103)
OBJ 50000bdc (sz=16, trace=300465, class=java.lang.Byte@50000103)
OBJ 50000bdd (sz=16, trace=300465, class=java.lang.Byte@50000103)
OBJ 50000bde (sz=16, trace=300465, class=java.lang.Byte@50000103)
OBJ 50000bdf (sz=16, trace=300465, class=java.lang.Byte@50000103)
OBJ 50000be0 (sz=16, trace=300465, class=java.lang.Byte@50000103)
OBJ 50000be1 (sz=16, trace=300465, class=java.lang.Byte@50000103)
OBJ 50000be2 (sz=16, trace=300465, class=java.lang.Byte@50000103)
OBJ 50000be3 (sz=16, trace=300465, class=java.lang.Byte@50000103)
OBJ 50000be4 (sz=16, trace=300465, class=java.lang.Byte@50000103)
OBJ 50000be5 (sz=16, trace=300465, class=java.lang.Byte@50000103)
OBJ 50000be6 (sz=16, trace=300465, class=java.lang.Byte@50000103)
OBJ 50000be7 (sz=16, trace=300465, class=java.lang.Byte@50000103)
OBJ 50000be8 (sz=16, trace=300465, class=java.lang.Byte@50000103)
OBJ 50000be9 (sz=16, trace=300465, class=java.lang.Byte@50000103)
OBJ 50000bea (sz=16, trace=300465, class=java.lang.Byte@50000103)
OBJ 50000beb (sz=16, trace=300465, class=java.lang.Byte@50000103)
OBJ 50000bec (sz=16, trace=300465, class=java.lang.Byte@50000103)
OBJ 50000bed (sz=16, trace=300465, class=java.lang.Byte@50000103)
OBJ 50000bee (sz=16, trace=300465, class=java.lang.Byte@50000103)
OBJ 50000bef (sz=16, trace=300465, class=java.lang.Byte@50000103)
OBJ 50000bf0 (sz=16, trace=300465, class=java.lang.Byte@50000103)
OBJ 50000bf1 (sz=16, trace=300465, class=java.lang.Byte@50000103)
OBJ 50000bf2 (sz=16, trace=300465, class=java.lang.Byte@50000103)
OBJ 50000bf3 (sz=16, trace=300465, class=java.lang.Byte@50000103)
OBJ 50000bf4 (sz=16, trace=300465, class=java.lang.Byte@50000103)
OBJ 50000bf5 (sz=16, trace=300465, class=java.lang.Byte@50000103)
OBJ 50000bf6 (sz=16, trace=300465, class=java.lang.Byte@50000103)
OBJ 50000bf7 (sz=16, trace=300465, class=java.lang.Byte@50000103)
OBJ 50000bf8 (sz=16, trace=300465, class=java.lang.Byte@50000103)
OBJ 50000bf9 (sz=16, trace=300465, class=java.lang.Byte@50000103)
OBJ 50000bfa (sz=16, trace=300465, class=java.lang.Byte@50000103)
OBJ 50000bfb (sz=16, trace=300465, class=java.lang.Byte@50000103)
OBJ 50000bfc (sz=16, trace=300465, class=java.lang.Byte@50000103)
OBJ 50000bfd (sz=16, trace=300465, class=java.lang.Byte@50000103)
OBJ 50000bfe (sz=16, trace=300465, class=java.lang.Byte@50000103)
OBJ 50000bff (sz=16, trace=300465, class=java.lang.Byte@50000103)
OBJ 50000c00 (sz=16, trace=300465, class=java.lang.Byte@50000103)
OBJ 50000c01 (sz=16, trace=300465, class=java.lang.Byte@50000103)
OBJ 50000c02 (sz=16, trace=300465, class=java.lang.Byte@50000103)
OBJ 50000c03 (sz=16, trace=300465, class=java.lang.Byte@50000103)
OBJ 50000c04 (sz=16, trace=300465, class=java.lang.Byte@50000103)
OBJ 50000c05 (sz=16, trace=300465, class=java.lang.Byte@50000103)
OBJ 50000c06 (sz=16, trace=300465, class=java.lang.Byte@50000103)
OBJ 50000c07 (sz=16, trace=300465, class=java.lang.Byte@50000103)
OBJ 50000c08 (sz=16, trace=300465, class=java.lang.Byte@50000103)
OBJ 50000c09 (sz=16, trace=300465, class=java.lang.Byte@50000103)
OBJ 50000c0a (sz=16, trace=300465, class=java.lang.Byte@50000103)
OBJ 50000c0b (sz=16, trace=300465, class=java.lang.Byte@50000103)
OBJ 50000c0c (sz=16, trace=300465, class=java.lang.Byte@50000103)
OBJ 50000c0d (sz=16, trace=300465, class=java.lang.Byte@50000103)
OBJ 50000c0e (sz=16, trace=300465, class=java.lang.Byte@50000103)
OBJ 50000c0f (sz=16, trace=300465, class=java.lang.Byte@50000103)
OBJ 50000c10 (sz=16, trace=300465, class=java.lang.Byte@50000103)
OBJ 50000c11 (sz=16, trace=300465, class=java.lang.Byte@50000103)
OBJ 50000c12 (sz=16, trace=300465, class=java.lang.Byte@50000103)
OBJ 50000c13 (sz=16, trace=300465, class=java.lang.Byte@50000103)
OBJ 50000c14 (sz=16, trace=300465, class=java.lang.Byte@50000103)
OBJ 50000c15 (sz=16, trace=300465, class=java.lang.Byte@50000103)
OBJ 50000c16 (sz=16, trace=300465, class=java.lang.Byte@50000103)
OBJ 50000c17 (sz=16, trace=300465, class=java.lang.Byte@50000103)
OBJ 50000c18 (sz=16, trace=300465, class=java.lang.Byte@50000103)
OBJ 50000c19 (sz=16, trace=300465, class=java.lang.Byte@50000103)
OBJ 50000c1a (sz=16, trace=300465, class=java.lang.Byte@50000103)
OBJ 50000c1b (sz=16, trace=300465, class=java.lang.Byte@50000103)
OBJ 50000c1c (sz=16, trace=300465, class=java.lang.Byte@50000103)
OBJ 50000c1d (sz=16, trace=300465, class=java.lang.Byte@50000103)
OBJ 50000c1e (sz=16, trace=300465, class=java.lang.Byte@50000103)
OBJ 50000c1f (sz=16, trace=300465, class=java.lang.Byte@50000103)
OBJ 50000c20 (sz=16, trace=300465, class=java.lang.Byte@50000103)
OBJ 50000c21 (sz=16, trace=300465, class=java.lang.Byte@50000103)
OBJ 50000c22 (sz=16, trace=300465, class=java.lang.Byte@50000103)
OBJ 50000c23 (sz=16, trace=300465, class=java.lang.Byte@50000103)
OBJ 50000c24 (sz=16, trace=300465, class=java.lang.Byte@50000103)
OBJ 50000c25 (sz=16, trace=300465, class=java.lang.Byte@50000103)
OBJ 50000c26 (sz=16, trace=300465, class=java.lang.Byte@50000103)
OBJ 50000c27 (sz=16, trace=300465, class=java.lang.Byte@50000103)
OBJ 50000c28 (sz=16, trace=300465, class=java.lang.Byte@50000103)
OBJ 50000c29 (sz=16, trace=300465, class=java.lang.Byte@50000103)
OBJ 50000c2a (sz=16, trace=300465, class=java.lang.Byte@50000103)
OBJ 50000c2b (sz=16, trace=300465, class=java.lang.Byte@50000103)
OBJ 50000c2c (sz=16, trace=300465, class=java.lang.Byte@50000103)
OBJ 50000c2d (sz=16, trace=300465, class=java.lang.Byte@50000103)
OBJ 50000c2e (sz=16, trace=300465, class=java.lang.Byte@50000103)
OBJ 50000c2f (sz=16, trace=300465, class=java.lang.Byte@50000103)
OBJ 50000c30 (sz=16, trace=300465, class=java.lang.Byte@50000103)
OBJ 50000c31 (sz=16, trace=300465, class=java.lang.Byte@50000103)
OBJ 50000c32 (sz=16, trace=300465, class=java.lang.Byte@50000103)
OBJ 50000c33 (sz=16, trace=300465, class=java.lang.Byte@50000103)
OBJ 50000c34 (sz=16, trace=300465, class=java.lang.Byte@50000103)
OBJ 50000c35 (sz=16, trace=300465, class=java.lang.Byte@50000103)
OBJ 50000c36 (sz=16, trace=300465, class=java.lang.Byte@50000103)
OBJ 50000c37 (sz=16, trace=300465, class=java.lang.Byte@50000103)
OBJ 50000c38 (sz=16, trace=300465, class=java.lang.Byte@50000103)
OBJ 50000c39 (sz=16, trace=300465, class=java.lang.Byte@50000103)
OBJ 50000c3a (sz=16, trace=300465, class=java.lang.Byte@50000103)
OBJ 50000c3b (sz=16, trace=300465, class=java.lang.Byte@50000103)
OBJ 50000c3c (sz=16, trace=300465, class=java.lang.Byte@50000103)
OBJ 50000c3d (sz=16, trace=300465, class=java.lang.Byte@50000103)
OBJ 50000c3e (sz=16, trace=300465, class=java.lang.Byte@50000103)
OBJ 50000c3f (sz=16, trace=300465, class=java.lang.Byte@50000103)
OBJ 50000c40 (sz=16, trace=300465, class=java.lang.Byte@50000103)
OBJ 50000c41 (sz=16, trace=300465, class=java.lang.Byte@50000103)
OBJ 50000c42 (sz=16, trace=300465, class=java.lang.Byte@50000103)
OBJ 50000c43 (sz=16, trace=300465, class=java.lang.Byte@50000103)
OBJ 50000c44 (sz=16, trace=300465, class=java.lang.Byte@50000103)
OBJ 50000c45 (sz=16, trace=300465, class=java.lang.Byte@50000103)
OBJ 50000c46 (sz=16, trace=300465, class=java.lang.Byte@50000103)
OBJ 50000c47 (sz=16, trace=300465, class=java.lang.Byte@50000103)
OBJ 50000c48 (sz=16, trace=300465, class=java.lang.Byte@50000103)
OBJ 50000c49 (sz=16, trace=300465, class=java.lang.Byte@50000103)
OBJ 50000c4a (sz=16, trace=300465, class=java.lang.Byte@50000103)
OBJ 50000c4b (sz=16, trace=300465, class=java.lang.Byte@50000103)
OBJ 50000c4c (sz=16, trace=300465, class=java.lang.Byte@50000103)
OBJ 50000c4d (sz=16, trace=300465, class=java.lang.Byte@50000103)
OBJ 50000c4e (sz=16, trace=300465, class=java.lang.Byte@50000103)
OBJ 50000c4f (sz=16, trace=300465, class=java.lang.Byte@50000103)
OBJ 50000c50 (sz=16, trace=300465, class=java.lang.Byte@50000103)
OBJ 50000c51 (sz=16, trace=300465, class=java.lang.Byte@50000103)
OBJ 50000c52 (sz=16, trace=300465, class=java.lang.Byte@50000103)
OBJ 50000c53 (sz=16, trace=300465, class=java.lang.Byte@50000103)
OBJ 50000c54 (sz=16, trace=300465, class=java.lang.Byte@50000103)
OBJ 50000c55 (sz=16, trace=300465, class=java.lang.Byte@50000103)
OBJ 50000c56 (sz=16, trace=300465, class=java.lang.Byte@50000103)
OBJ 50000c57 (sz=16, trace=300465, class=java.lang.Byte@50000103)
OBJ 50000c58 (sz=16, trace=300465, class=java.lang.Byte@50000103)
OBJ 50000c59 (sz=16, trace=300465, class=java.lang.Byte@50000103)
OBJ 50000c5a (sz=16, trace=300465, class=java.lang.Byte@50000103)
OBJ 50000c5b (sz=16, trace=300465, class=java.lang.Byte@50000103)
OBJ 50000c5c (sz=16, trace=300465, class=java.lang.Byte@50000103)
OBJ 50000c5d (sz=16, trace=300465, class=java.lang.Byte@50000103)
OBJ 50000c5e (sz=16, trace=300465, class=java.lang.Byte@50000103)
OBJ 50000c5f (sz=16, trace=300465, class=java.lang.Byte@50000103)
OBJ 50000c60 (sz=16, trace=300465, class=java.lang.Byte@50000103)
OBJ 50000c61 (sz=16, trace=300465, class=java.lang.Byte@50000103)
OBJ 50000c62 (sz=16, trace=300465, class=java.lang.Byte@50000103)
OBJ 50000c63 (sz=16, trace=300465, class=java.lang.Byte@50000103)
OBJ 50000c64 (sz=16, trace=300465, class=java.lang.Byte@50000103)
OBJ 50000c65 (sz=16, trace=300465, class=java.lang.Byte@50000103)
OBJ 50000c66 (sz=16, trace=300465, class=java.lang.Byte@50000103)
OBJ 50000c67 (sz=16, trace=300465, class=java.lang.Byte@50000103)
OBJ 50000c68 (sz=16, trace=300465, class=java.lang.Byte@50000103)
OBJ 50000c69 (sz=16, trace=300465, class=java.lang.Byte@50000103)
OBJ 50000c6a (sz=16, trace=300465, class=java.lang.Byte@50000103)
OBJ 50000c6b (sz=16, trace=300465, class=java.lang.Byte@50000103)
OBJ 50000c6c (sz=16, trace=300465, class=java.lang.Byte@50000103)
OBJ 50000c6d (sz=16, trace=300465, class=java.lang.Byte@50000103)
OBJ 50000c6e (sz=16, trace=300465, class=java.lang.Byte@50000103)
OBJ 50000c6f (sz=16, trace=300465, class=java.lang.Byte@50000103)
OBJ 50000c70 (sz=16, trace=300465, class=java.lang.Byte@50000103)
OBJ 50000c71 (sz=16, trace=300465, class=java.lang.Byte@50000103)
OBJ 50000c72 (sz=16, trace=300465, class=java.lang.Byte@50000103)
OBJ 50000c73 (sz=16, trace=300465, class=java.lang.Byte@50000103)
OBJ 50000c74 (sz=16, trace=300465, class=java.lang.Byte@50000103)
OBJ 50000c75 (sz=16, trace=300465, class=java.lang.Byte@50000103)
OBJ 50000c76 (sz=16, trace=300465, class=java.lang.Byte@50000103)
OBJ 50000c77 (sz=16, trace=300465, class=java.lang.Byte@50000103)
OBJ 50000c78 (sz=16, trace=300465, class=java.lang.Byte@50000103)
OBJ 50000c79 (sz=16, trace=300465, class=java.lang.Byte@50000103)
OBJ 50000c7a (sz=16, trace=300465, class=java.lang.Byte@50000103)
ARR 50000c7b (sz=0, trace=300466, nelems=0, elem type=byte[])
OBJ 50000c7c (sz=56, trace=300467, class=sun.invoke.util.Wrapper@50000b72)
	name		50006dba
	wrapperType	50000103
	primitiveType	5000629c
	zero		50000bfb
	emptyArray	50000c7b
	wrapperSimpleName	50000c7d
	primitiveSimpleName	50006536
OBJ 50000c7d (sz=24, trace=300461, class=java.lang.String@50000165)
	value		50000c7e
ARR 50000c7e (sz=8, trace=300462, nelems=4, elem type=char[])
ARR 50000c81 (sz=1040, trace=300469, nelems=256, elem type=java.lang.Short[]@50000c80)
	[0]		50000c82
	[1]		50000c83
	[2]		50000c84
	[3]		50000c85
	[4]		50000c86
	[5]		50000c87
	[6]		50000c88
	[7]		50000c89
	[8]		50000c8a
	[9]		50000c8b
	[10]		50000c8c
	[11]		50000c8d
	[12]		50000c8e
	[13]		50000c8f
	[14]		50000c90
	[15]		50000c91
	[16]		50000c92
	[17]		50000c93
	[18]		50000c94
	[19]		50000c95
	[20]		50000c96
	[21]		50000c97
	[22]		50000c98
	[23]		50000c99
	[24]		50000c9a
	[25]		50000c9b
	[26]		50000c9c
	[27]		50000c9d
	[28]		50000c9e
	[29]		50000c9f
	[30]		50000ca0
	[31]		50000ca1
	[32]		50000ca2
	[33]		50000ca3
	[34]		50000ca4
	[35]		50000ca5
	[36]		50000ca6
	[37]		50000ca7
	[38]		50000ca8
	[39]		50000ca9
	[40]		50000caa
	[41]		50000cab
	[42]		50000cac
	[43]		50000cad
	[44]		50000cae
	[45]		50000caf
	[46]		50000cb0
	[47]		50000cb1
	[48]		50000cb2
	[49]		50000cb3
	[50]		50000cb4
	[51]		50000cb5
	[52]		50000cb6
	[53]		50000cb7
	[54]		50000cb8
	[55]		50000cb9
	[56]		50000cba
	[57]		50000cbb
	[58]		50000cbc
	[59]		50000cbd
	[60]		50000cbe
	[61]		50000cbf
	[62]		50000cc0
	[63]		50000cc1
	[64]		50000cc2
	[65]		50000cc3
	[66]		50000cc4
	[67]		50000cc5
	[68]		50000cc6
	[69]		50000cc7
	[70]		50000cc8
	[71]		50000cc9
	[72]		50000cca
	[73]		50000ccb
	[74]		50000ccc
	[75]		50000ccd
	[76]		50000cce
	[77]		50000ccf
	[78]		50000cd0
	[79]		50000cd1
	[80]		50000cd2
	[81]		50000cd3
	[82]		50000cd4
	[83]		50000cd5
	[84]		50000cd6
	[85]		50000cd7
	[86]		50000cd8
	[87]		50000cd9
	[88]		50000cda
	[89]		50000cdb
	[90]		50000cdc
	[91]		50000cdd
	[92]		50000cde
	[93]		50000cdf
	[94]		50000ce0
	[95]		50000ce1
	[96]		50000ce2
	[97]		50000ce3
	[98]		50000ce4
	[99]		50000ce5
	[100]		50000ce6
	[101]		50000ce7
	[102]		50000ce8
	[103]		50000ce9
	[104]		50000cea
	[105]		50000ceb
	[106]		50000cec
	[107]		50000ced
	[108]		50000cee
	[109]		50000cef
	[110]		50000cf0
	[111]		50000cf1
	[112]		50000cf2
	[113]		50000cf3
	[114]		50000cf4
	[115]		50000cf5
	[116]		50000cf6
	[117]		50000cf7
	[118]		50000cf8
	[119]		50000cf9
	[120]		50000cfa
	[121]		50000cfb
	[122]		50000cfc
	[123]		50000cfd
	[124]		50000cfe
	[125]		50000cff
	[126]		50000d00
	[127]		50000d01
	[128]		50000d02
	[129]		50000d03
	[130]		50000d04
	[131]		50000d05
	[132]		50000d06
	[133]		50000d07
	[134]		50000d08
	[135]		50000d09
	[136]		50000d0a
	[137]		50000d0b
	[138]		50000d0c
	[139]		50000d0d
	[140]		50000d0e
	[141]		50000d0f
	[142]		50000d10
	[143]		50000d11
	[144]		50000d12
	[145]		50000d13
	[146]		50000d14
	[147]		50000d15
	[148]		50000d16
	[149]		50000d17
	[150]		50000d18
	[151]		50000d19
	[152]		50000d1a
	[153]		50000d1b
	[154]		50000d1c
	[155]		50000d1d
	[156]		50000d1e
	[157]		50000d1f
	[158]		50000d20
	[159]		50000d21
	[160]		50000d22
	[161]		50000d23
	[162]		50000d24
	[163]		50000d25
	[164]		50000d26
	[165]		50000d27
	[166]		50000d28
	[167]		50000d29
	[168]		50000d2a
	[169]		50000d2b
	[170]		50000d2c
	[171]		50000d2d
	[172]		50000d2e
	[173]		50000d2f
	[174]		50000d30
	[175]		50000d31
	[176]		50000d32
	[177]		50000d33
	[178]		50000d34
	[179]		50000d35
	[180]		50000d36
	[181]		50000d37
	[182]		50000d38
	[183]		50000d39
	[184]		50000d3a
	[185]		50000d3b
	[186]		50000d3c
	[187]		50000d3d
	[188]		50000d3e
	[189]		50000d3f
	[190]		50000d40
	[191]		50000d41
	[192]		50000d42
	[193]		50000d43
	[194]		50000d44
	[195]		50000d45
	[196]		50000d46
	[197]		50000d47
	[198]		50000d48
	[199]		50000d49
	[200]		50000d4a
	[201]		50000d4b
	[202]		50000d4c
	[203]		50000d4d
	[204]		50000d4e
	[205]		50000d4f
	[206]		50000d50
	[207]		50000d51
	[208]		50000d52
	[209]		50000d53
	[210]		50000d54
	[211]		50000d55
	[212]		50000d56
	[213]		50000d57
	[214]		50000d58
	[215]		50000d59
	[216]		50000d5a
	[217]		50000d5b
	[218]		50000d5c
	[219]		50000d5d
	[220]		50000d5e
	[221]		50000d5f
	[222]		50000d60
	[223]		50000d61
	[224]		50000d62
	[225]		50000d63
	[226]		50000d64
	[227]		50000d65
	[228]		50000d66
	[229]		50000d67
	[230]		50000d68
	[231]		50000d69
	[232]		50000d6a
	[233]		50000d6b
	[234]		50000d6c
	[235]		50000d6d
	[236]		50000d6e
	[237]		50000d6f
	[238]		50000d70
	[239]		50000d71
	[240]		50000d72
	[241]		50000d73
	[242]		50000d74
	[243]		50000d75
	[244]		50000d76
	[245]		50000d77
	[246]		50000d78
	[247]		50000d79
	[248]		50000d7a
	[249]		50000d7b
	[250]		50000d7c
	[251]		50000d7d
	[252]		50000d7e
	[253]		50000d7f
	[254]		50000d80
	[255]		50000d81
OBJ 50000c82 (sz=16, trace=300470, class=java.lang.Short@50000102)
OBJ 50000c83 (sz=16, trace=300470, class=java.lang.Short@50000102)
OBJ 50000c84 (sz=16, trace=300470, class=java.lang.Short@50000102)
OBJ 50000c85 (sz=16, trace=300470, class=java.lang.Short@50000102)
OBJ 50000c86 (sz=16, trace=300470, class=java.lang.Short@50000102)
OBJ 50000c87 (sz=16, trace=300470, class=java.lang.Short@50000102)
OBJ 50000c88 (sz=16, trace=300470, class=java.lang.Short@50000102)
OBJ 50000c89 (sz=16, trace=300470, class=java.lang.Short@50000102)
OBJ 50000c8a (sz=16, trace=300470, class=java.lang.Short@50000102)
OBJ 50000c8b (sz=16, trace=300470, class=java.lang.Short@50000102)
OBJ 50000c8c (sz=16, trace=300470, class=java.lang.Short@50000102)
OBJ 50000c8d (sz=16, trace=300470, class=java.lang.Short@50000102)
OBJ 50000c8e (sz=16, trace=300470, class=java.lang.Short@50000102)
OBJ 50000c8f (sz=16, trace=300470, class=java.lang.Short@50000102)
OBJ 50000c90 (sz=16, trace=300470, class=java.lang.Short@50000102)
OBJ 50000c91 (sz=16, trace=300470, class=java.lang.Short@50000102)
OBJ 50000c92 (sz=16, trace=300470, class=java.lang.Short@50000102)
OBJ 50000c93 (sz=16, trace=300470, class=java.lang.Short@50000102)
OBJ 50000c94 (sz=16, trace=300470, class=java.lang.Short@50000102)
OBJ 50000c95 (sz=16, trace=300470, class=java.lang.Short@50000102)
OBJ 50000c96 (sz=16, trace=300470, class=java.lang.Short@50000102)
OBJ 50000c97 (sz=16, trace=300470, class=java.lang.Short@50000102)
OBJ 50000c98 (sz=16, trace=300470, class=java.lang.Short@50000102)
OBJ 50000c99 (sz=16, trace=300470, class=java.lang.Short@50000102)
OBJ 50000c9a (sz=16, trace=300470, class=java.lang.Short@50000102)
OBJ 50000c9b (sz=16, trace=300470, class=java.lang.Short@50000102)
OBJ 50000c9c (sz=16, trace=300470, class=java.lang.Short@50000102)
OBJ 50000c9d (sz=16, trace=300470, class=java.lang.Short@50000102)
OBJ 50000c9e (sz=16, trace=300470, class=java.lang.Short@50000102)
OBJ 50000c9f (sz=16, trace=300470, class=java.lang.Short@50000102)
OBJ 50000ca0 (sz=16, trace=300470, class=java.lang.Short@50000102)
OBJ 50000ca1 (sz=16, trace=300470, class=java.lang.Short@50000102)
OBJ 50000ca2 (sz=16, trace=300470, class=java.lang.Short@50000102)
OBJ 50000ca3 (sz=16, trace=300470, class=java.lang.Short@50000102)
OBJ 50000ca4 (sz=16, trace=300470, class=java.lang.Short@50000102)
OBJ 50000ca5 (sz=16, trace=300470, class=java.lang.Short@50000102)
OBJ 50000ca6 (sz=16, trace=300470, class=java.lang.Short@50000102)
OBJ 50000ca7 (sz=16, trace=300470, class=java.lang.Short@50000102)
OBJ 50000ca8 (sz=16, trace=300470, class=java.lang.Short@50000102)
OBJ 50000ca9 (sz=16, trace=300470, class=java.lang.Short@50000102)
OBJ 50000caa (sz=16, trace=300470, class=java.lang.Short@50000102)
OBJ 50000cab (sz=16, trace=300470, class=java.lang.Short@50000102)
OBJ 50000cac (sz=16, trace=300470, class=java.lang.Short@50000102)
OBJ 50000cad (sz=16, trace=300470, class=java.lang.Short@50000102)
OBJ 50000cae (sz=16, trace=300470, class=java.lang.Short@50000102)
OBJ 50000caf (sz=16, trace=300470, class=java.lang.Short@50000102)
OBJ 50000cb0 (sz=16, trace=300470, class=java.lang.Short@50000102)
OBJ 50000cb1 (sz=16, trace=300470, class=java.lang.Short@50000102)
OBJ 50000cb2 (sz=16, trace=300470, class=java.lang.Short@50000102)
OBJ 50000cb3 (sz=16, trace=300470, class=java.lang.Short@50000102)
OBJ 50000cb4 (sz=16, trace=300470, class=java.lang.Short@50000102)
OBJ 50000cb5 (sz=16, trace=300470, class=java.lang.Short@50000102)
OBJ 50000cb6 (sz=16, trace=300470, class=java.lang.Short@50000102)
OBJ 50000cb7 (sz=16, trace=300470, class=java.lang.Short@50000102)
OBJ 50000cb8 (sz=16, trace=300470, class=java.lang.Short@50000102)
OBJ 50000cb9 (sz=16, trace=300470, class=java.lang.Short@50000102)
OBJ 50000cba (sz=16, trace=300470, class=java.lang.Short@50000102)
OBJ 50000cbb (sz=16, trace=300470, class=java.lang.Short@50000102)
OBJ 50000cbc (sz=16, trace=300470, class=java.lang.Short@50000102)
OBJ 50000cbd (sz=16, trace=300470, class=java.lang.Short@50000102)
OBJ 50000cbe (sz=16, trace=300470, class=java.lang.Short@50000102)
OBJ 50000cbf (sz=16, trace=300470, class=java.lang.Short@50000102)
OBJ 50000cc0 (sz=16, trace=300470, class=java.lang.Short@50000102)
OBJ 50000cc1 (sz=16, trace=300470, class=java.lang.Short@50000102)
OBJ 50000cc2 (sz=16, trace=300470, class=java.lang.Short@50000102)
OBJ 50000cc3 (sz=16, trace=300470, class=java.lang.Short@50000102)
OBJ 50000cc4 (sz=16, trace=300470, class=java.lang.Short@50000102)
OBJ 50000cc5 (sz=16, trace=300470, class=java.lang.Short@50000102)
OBJ 50000cc6 (sz=16, trace=300470, class=java.lang.Short@50000102)
OBJ 50000cc7 (sz=16, trace=300470, class=java.lang.Short@50000102)
OBJ 50000cc8 (sz=16, trace=300470, class=java.lang.Short@50000102)
OBJ 50000cc9 (sz=16, trace=300470, class=java.lang.Short@50000102)
OBJ 50000cca (sz=16, trace=300470, class=java.lang.Short@50000102)
OBJ 50000ccb (sz=16, trace=300470, class=java.lang.Short@50000102)
OBJ 50000ccc (sz=16, trace=300470, class=java.lang.Short@50000102)
OBJ 50000ccd (sz=16, trace=300470, class=java.lang.Short@50000102)
OBJ 50000cce (sz=16, trace=300470, class=java.lang.Short@50000102)
OBJ 50000ccf (sz=16, trace=300470, class=java.lang.Short@50000102)
OBJ 50000cd0 (sz=16, trace=300470, class=java.lang.Short@50000102)
OBJ 50000cd1 (sz=16, trace=300470, class=java.lang.Short@50000102)
OBJ 50000cd2 (sz=16, trace=300470, class=java.lang.Short@50000102)
OBJ 50000cd3 (sz=16, trace=300470, class=java.lang.Short@50000102)
OBJ 50000cd4 (sz=16, trace=300470, class=java.lang.Short@50000102)
OBJ 50000cd5 (sz=16, trace=300470, class=java.lang.Short@50000102)
OBJ 50000cd6 (sz=16, trace=300470, class=java.lang.Short@50000102)
OBJ 50000cd7 (sz=16, trace=300470, class=java.lang.Short@50000102)
OBJ 50000cd8 (sz=16, trace=300470, class=java.lang.Short@50000102)
OBJ 50000cd9 (sz=16, trace=300470, class=java.lang.Short@50000102)
OBJ 50000cda (sz=16, trace=300470, class=java.lang.Short@50000102)
OBJ 50000cdb (sz=16, trace=300470, class=java.lang.Short@50000102)
OBJ 50000cdc (sz=16, trace=300470, class=java.lang.Short@50000102)
OBJ 50000cdd (sz=16, trace=300470, class=java.lang.Short@50000102)
OBJ 50000cde (sz=16, trace=300470, class=java.lang.Short@50000102)
OBJ 50000cdf (sz=16, trace=300470, class=java.lang.Short@50000102)
OBJ 50000ce0 (sz=16, trace=300470, class=java.lang.Short@50000102)
OBJ 50000ce1 (sz=16, trace=300470, class=java.lang.Short@50000102)
OBJ 50000ce2 (sz=16, trace=300470, class=java.lang.Short@50000102)
OBJ 50000ce3 (sz=16, trace=300470, class=java.lang.Short@50000102)
OBJ 50000ce4 (sz=16, trace=300470, class=java.lang.Short@50000102)
OBJ 50000ce5 (sz=16, trace=300470, class=java.lang.Short@50000102)
OBJ 50000ce6 (sz=16, trace=300470, class=java.lang.Short@50000102)
OBJ 50000ce7 (sz=16, trace=300470, class=java.lang.Short@50000102)
OBJ 50000ce8 (sz=16, trace=300470, class=java.lang.Short@50000102)
OBJ 50000ce9 (sz=16, trace=300470, class=java.lang.Short@50000102)
OBJ 50000cea (sz=16, trace=300470, class=java.lang.Short@50000102)
OBJ 50000ceb (sz=16, trace=300470, class=java.lang.Short@50000102)
OBJ 50000cec (sz=16, trace=300470, class=java.lang.Short@50000102)
OBJ 50000ced (sz=16, trace=300470, class=java.lang.Short@50000102)
OBJ 50000cee (sz=16, trace=300470, class=java.lang.Short@50000102)
OBJ 50000cef (sz=16, trace=300470, class=java.lang.Short@50000102)
OBJ 50000cf0 (sz=16, trace=300470, class=java.lang.Short@50000102)
OBJ 50000cf1 (sz=16, trace=300470, class=java.lang.Short@50000102)
OBJ 50000cf2 (sz=16, trace=300470, class=java.lang.Short@50000102)
OBJ 50000cf3 (sz=16, trace=300470, class=java.lang.Short@50000102)
OBJ 50000cf4 (sz=16, trace=300470, class=java.lang.Short@50000102)
OBJ 50000cf5 (sz=16, trace=300470, class=java.lang.Short@50000102)
OBJ 50000cf6 (sz=16, trace=300470, class=java.lang.Short@50000102)
OBJ 50000cf7 (sz=16, trace=300470, class=java.lang.Short@50000102)
OBJ 50000cf8 (sz=16, trace=300470, class=java.lang.Short@50000102)
OBJ 50000cf9 (sz=16, trace=300470, class=java.lang.Short@50000102)
OBJ 50000cfa (sz=16, trace=300470, class=java.lang.Short@50000102)
OBJ 50000cfb (sz=16, trace=300470, class=java.lang.Short@50000102)
OBJ 50000cfc (sz=16, trace=300470, class=java.lang.Short@50000102)
OBJ 50000cfd (sz=16, trace=300470, class=java.lang.Short@50000102)
OBJ 50000cfe (sz=16, trace=300470, class=java.lang.Short@50000102)
OBJ 50000cff (sz=16, trace=300470, class=java.lang.Short@50000102)
OBJ 50000d00 (sz=16, trace=300470, class=java.lang.Short@50000102)
OBJ 50000d01 (sz=16, trace=300470, class=java.lang.Short@50000102)
OBJ 50000d02 (sz=16, trace=300470, class=java.lang.Short@50000102)
OBJ 50000d03 (sz=16, trace=300470, class=java.lang.Short@50000102)
OBJ 50000d04 (sz=16, trace=300470, class=java.lang.Short@50000102)
OBJ 50000d05 (sz=16, trace=300470, class=java.lang.Short@50000102)
OBJ 50000d06 (sz=16, trace=300470, class=java.lang.Short@50000102)
OBJ 50000d07 (sz=16, trace=300470, class=java.lang.Short@50000102)
OBJ 50000d08 (sz=16, trace=300470, class=java.lang.Short@50000102)
OBJ 50000d09 (sz=16, trace=300470, class=java.lang.Short@50000102)
OBJ 50000d0a (sz=16, trace=300470, class=java.lang.Short@50000102)
OBJ 50000d0b (sz=16, trace=300470, class=java.lang.Short@50000102)
OBJ 50000d0c (sz=16, trace=300470, class=java.lang.Short@50000102)
OBJ 50000d0d (sz=16, trace=300470, class=java.lang.Short@50000102)
OBJ 50000d0e (sz=16, trace=300470, class=java.lang.Short@50000102)
OBJ 50000d0f (sz=16, trace=300470, class=java.lang.Short@50000102)
OBJ 50000d10 (sz=16, trace=300470, class=java.lang.Short@50000102)
OBJ 50000d11 (sz=16, trace=300470, class=java.lang.Short@50000102)
OBJ 50000d12 (sz=16, trace=300470, class=java.lang.Short@50000102)
OBJ 50000d13 (sz=16, trace=300470, class=java.lang.Short@50000102)
OBJ 50000d14 (sz=16, trace=300470, class=java.lang.Short@50000102)
OBJ 50000d15 (sz=16, trace=300470, class=java.lang.Short@50000102)
OBJ 50000d16 (sz=16, trace=300470, class=java.lang.Short@50000102)
OBJ 50000d17 (sz=16, trace=300470, class=java.lang.Short@50000102)
OBJ 50000d18 (sz=16, trace=300470, class=java.lang.Short@50000102)
OBJ 50000d19 (sz=16, trace=300470, class=java.lang.Short@50000102)
OBJ 50000d1a (sz=16, trace=300470, class=java.lang.Short@50000102)
OBJ 50000d1b (sz=16, trace=300470, class=java.lang.Short@50000102)
OBJ 50000d1c (sz=16, trace=300470, class=java.lang.Short@50000102)
OBJ 50000d1d (sz=16, trace=300470, class=java.lang.Short@50000102)
OBJ 50000d1e (sz=16, trace=300470, class=java.lang.Short@50000102)
OBJ 50000d1f (sz=16, trace=300470, class=java.lang.Short@50000102)
OBJ 50000d20 (sz=16, trace=300470, class=java.lang.Short@50000102)
OBJ 50000d21 (sz=16, trace=300470, class=java.lang.Short@50000102)
OBJ 50000d22 (sz=16, trace=300470, class=java.lang.Short@50000102)
OBJ 50000d23 (sz=16, trace=300470, class=java.lang.Short@50000102)
OBJ 50000d24 (sz=16, trace=300470, class=java.lang.Short@50000102)
OBJ 50000d25 (sz=16, trace=300470, class=java.lang.Short@50000102)
OBJ 50000d26 (sz=16, trace=300470, class=java.lang.Short@50000102)
OBJ 50000d27 (sz=16, trace=300470, class=java.lang.Short@50000102)
OBJ 50000d28 (sz=16, trace=300470, class=java.lang.Short@50000102)
OBJ 50000d29 (sz=16, trace=300470, class=java.lang.Short@50000102)
OBJ 50000d2a (sz=16, trace=300470, class=java.lang.Short@50000102)
OBJ 50000d2b (sz=16, trace=300470, class=java.lang.Short@50000102)
OBJ 50000d2c (sz=16, trace=300470, class=java.lang.Short@50000102)
OBJ 50000d2d (sz=16, trace=300470, class=java.lang.Short@50000102)
OBJ 50000d2e (sz=16, trace=300470, class=java.lang.Short@50000102)
OBJ 50000d2f (sz=16, trace=300470, class=java.lang.Short@50000102)
OBJ 50000d30 (sz=16, trace=300470, class=java.lang.Short@50000102)
OBJ 50000d31 (sz=16, trace=300470, class=java.lang.Short@50000102)
OBJ 50000d32 (sz=16, trace=300470, class=java.lang.Short@50000102)
OBJ 50000d33 (sz=16, trace=300470, class=java.lang.Short@50000102)
OBJ 50000d34 (sz=16, trace=300470, class=java.lang.Short@50000102)
OBJ 50000d35 (sz=16, trace=300470, class=java.lang.Short@50000102)
OBJ 50000d36 (sz=16, trace=300470, class=java.lang.Short@50000102)
OBJ 50000d37 (sz=16, trace=300470, class=java.lang.Short@50000102)
OBJ 50000d38 (sz=16, trace=300470, class=java.lang.Short@50000102)
OBJ 50000d39 (sz=16, trace=300470, class=java.lang.Short@50000102)
OBJ 50000d3a (sz=16, trace=300470, class=java.lang.Short@50000102)
OBJ 50000d3b (sz=16, trace=300470, class=java.lang.Short@50000102)
OBJ 50000d3c (sz=16, trace=300470, class=java.lang.Short@50000102)
OBJ 50000d3d (sz=16, trace=300470, class=java.lang.Short@50000102)
OBJ 50000d3e (sz=16, trace=300470, class=java.lang.Short@50000102)
OBJ 50000d3f (sz=16, trace=300470, class=java.lang.Short@50000102)
OBJ 50000d40 (sz=16, trace=300470, class=java.lang.Short@50000102)
OBJ 50000d41 (sz=16, trace=300470, class=java.lang.Short@50000102)
OBJ 50000d42 (sz=16, trace=300470, class=java.lang.Short@50000102)
OBJ 50000d43 (sz=16, trace=300470, class=java.lang.Short@50000102)
OBJ 50000d44 (sz=16, trace=300470, class=java.lang.Short@50000102)
OBJ 50000d45 (sz=16, trace=300470, class=java.lang.Short@50000102)
OBJ 50000d46 (sz=16, trace=300470, class=java.lang.Short@50000102)
OBJ 50000d47 (sz=16, trace=300470, class=java.lang.Short@50000102)
OBJ 50000d48 (sz=16, trace=300470, class=java.lang.Short@50000102)
OBJ 50000d49 (sz=16, trace=300470, class=java.lang.Short@50000102)
OBJ 50000d4a (sz=16, trace=300470, class=java.lang.Short@50000102)
OBJ 50000d4b (sz=16, trace=300470, class=java.lang.Short@50000102)
OBJ 50000d4c (sz=16, trace=300470, class=java.lang.Short@50000102)
OBJ 50000d4d (sz=16, trace=300470, class=java.lang.Short@50000102)
OBJ 50000d4e (sz=16, trace=300470, class=java.lang.Short@50000102)
OBJ 50000d4f (sz=16, trace=300470, class=java.lang.Short@50000102)
OBJ 50000d50 (sz=16, trace=300470, class=java.lang.Short@50000102)
OBJ 50000d51 (sz=16, trace=300470, class=java.lang.Short@50000102)
OBJ 50000d52 (sz=16, trace=300470, class=java.lang.Short@50000102)
OBJ 50000d53 (sz=16, trace=300470, class=java.lang.Short@50000102)
OBJ 50000d54 (sz=16, trace=300470, class=java.lang.Short@50000102)
OBJ 50000d55 (sz=16, trace=300470, class=java.lang.Short@50000102)
OBJ 50000d56 (sz=16, trace=300470, class=java.lang.Short@50000102)
OBJ 50000d57 (sz=16, trace=300470, class=java.lang.Short@50000102)
OBJ 50000d58 (sz=16, trace=300470, class=java.lang.Short@50000102)
OBJ 50000d59 (sz=16, trace=300470, class=java.lang.Short@50000102)
OBJ 50000d5a (sz=16, trace=300470, class=java.lang.Short@50000102)
OBJ 50000d5b (sz=16, trace=300470, class=java.lang.Short@50000102)
OBJ 50000d5c (sz=16, trace=300470, class=java.lang.Short@50000102)
OBJ 50000d5d (sz=16, trace=300470, class=java.lang.Short@50000102)
OBJ 50000d5e (sz=16, trace=300470, class=java.lang.Short@50000102)
OBJ 50000d5f (sz=16, trace=300470, class=java.lang.Short@50000102)
OBJ 50000d60 (sz=16, trace=300470, class=java.lang.Short@50000102)
OBJ 50000d61 (sz=16, trace=300470, class=java.lang.Short@50000102)
OBJ 50000d62 (sz=16, trace=300470, class=java.lang.Short@50000102)
OBJ 50000d63 (sz=16, trace=300470, class=java.lang.Short@50000102)
OBJ 50000d64 (sz=16, trace=300470, class=java.lang.Short@50000102)
OBJ 50000d65 (sz=16, trace=300470, class=java.lang.Short@50000102)
OBJ 50000d66 (sz=16, trace=300470, class=java.lang.Short@50000102)
OBJ 50000d67 (sz=16, trace=300470, class=java.lang.Short@50000102)
OBJ 50000d68 (sz=16, trace=300470, class=java.lang.Short@50000102)
OBJ 50000d69 (sz=16, trace=300470, class=java.lang.Short@50000102)
OBJ 50000d6a (sz=16, trace=300470, class=java.lang.Short@50000102)
OBJ 50000d6b (sz=16, trace=300470, class=java.lang.Short@50000102)
OBJ 50000d6c (sz=16, trace=300470, class=java.lang.Short@50000102)
OBJ 50000d6d (sz=16, trace=300470, class=java.lang.Short@50000102)
OBJ 50000d6e (sz=16, trace=300470, class=java.lang.Short@50000102)
OBJ 50000d6f (sz=16, trace=300470, class=java.lang.Short@50000102)
OBJ 50000d70 (sz=16, trace=300470, class=java.lang.Short@50000102)
OBJ 50000d71 (sz=16, trace=300470, class=java.lang.Short@50000102)
OBJ 50000d72 (sz=16, trace=300470, class=java.lang.Short@50000102)
OBJ 50000d73 (sz=16, trace=300470, class=java.lang.Short@50000102)
OBJ 50000d74 (sz=16, trace=300470, class=java.lang.Short@50000102)
OBJ 50000d75 (sz=16, trace=300470, class=java.lang.Short@50000102)
OBJ 50000d76 (sz=16, trace=300470, class=java.lang.Short@50000102)
OBJ 50000d77 (sz=16, trace=300470, class=java.lang.Short@50000102)
OBJ 50000d78 (sz=16, trace=300470, class=java.lang.Short@50000102)
OBJ 50000d79 (sz=16, trace=300470, class=java.lang.Short@50000102)
OBJ 50000d7a (sz=16, trace=300470, class=java.lang.Short@50000102)
OBJ 50000d7b (sz=16, trace=300470, class=java.lang.Short@50000102)
OBJ 50000d7c (sz=16, trace=300470, class=java.lang.Short@50000102)
OBJ 50000d7d (sz=16, trace=300470, class=java.lang.Short@50000102)
OBJ 50000d7e (sz=16, trace=300470, class=java.lang.Short@50000102)
OBJ 50000d7f (sz=16, trace=300470, class=java.lang.Short@50000102)
OBJ 50000d80 (sz=16, trace=300470, class=java.lang.Short@50000102)
OBJ 50000d81 (sz=16, trace=300470, class=java.lang.Short@50000102)
ARR 50000d82 (sz=0, trace=300471, nelems=0, elem type=short[])
OBJ 50000d83 (sz=56, trace=300472, class=sun.invoke.util.Wrapper@50000b72)
	name		50006dbb
	wrapperType	50000102
	primitiveType	5000629b
	zero		50000d02
	emptyArray	50000d82
	wrapperSimpleName	50000d84
	primitiveSimpleName	50006534
OBJ 50000d84 (sz=24, trace=300461, class=java.lang.String@50000165)
	value		50000d85
ARR 50000d85 (sz=10, trace=300462, nelems=5, elem type=char[])
ARR 50000d88 (sz=528, trace=300474, nelems=128, elem type=java.lang.Character[]@50000d87)
	[0]		50000d89
	[1]		50000d8a
	[2]		50000d8b
	[3]		50000d8c
	[4]		50000d8d
	[5]		50000d8e
	[6]		50000d8f
	[7]		50000d90
	[8]		50000d91
	[9]		50000d92
	[10]		50000d93
	[11]		50000d94
	[12]		50000d95
	[13]		50000d96
	[14]		50000d97
	[15]		50000d98
	[16]		50000d99
	[17]		50000d9a
	[18]		50000d9b
	[19]		50000d9c
	[20]		50000d9d
	[21]		50000d9e
	[22]		50000d9f
	[23]		50000da0
	[24]		50000da1
	[25]		50000da2
	[26]		50000da3
	[27]		50000da4
	[28]		50000da5
	[29]		50000da6
	[30]		50000da7
	[31]		50000da8
	[32]		50000da9
	[33]		50000daa
	[34]		50000dab
	[35]		50000dac
	[36]		50000dad
	[37]		50000dae
	[38]		50000daf
	[39]		50000db0
	[40]		50000db1
	[41]		50000db2
	[42]		50000db3
	[43]		50000db4
	[44]		50000db5
	[45]		50000db6
	[46]		50000db7
	[47]		50000db8
	[48]		50000db9
	[49]		50000dba
	[50]		50000dbb
	[51]		50000dbc
	[52]		50000dbd
	[53]		50000dbe
	[54]		50000dbf
	[55]		50000dc0
	[56]		50000dc1
	[57]		50000dc2
	[58]		50000dc3
	[59]		50000dc4
	[60]		50000dc5
	[61]		50000dc6
	[62]		50000dc7
	[63]		50000dc8
	[64]		50000dc9
	[65]		50000dca
	[66]		50000dcb
	[67]		50000dcc
	[68]		50000dcd
	[69]		50000dce
	[70]		50000dcf
	[71]		50000dd0
	[72]		50000dd1
	[73]		50000dd2
	[74]		50000dd3
	[75]		50000dd4
	[76]		50000dd5
	[77]		50000dd6
	[78]		50000dd7
	[79]		50000dd8
	[80]		50000dd9
	[81]		50000dda
	[82]		50000ddb
	[83]		50000ddc
	[84]		50000ddd
	[85]		50000dde
	[86]		50000ddf
	[87]		50000de0
	[88]		50000de1
	[89]		50000de2
	[90]		50000de3
	[91]		50000de4
	[92]		50000de5
	[93]		50000de6
	[94]		50000de7
	[95]		50000de8
	[96]		50000de9
	[97]		50000dea
	[98]		50000deb
	[99]		50000dec
	[100]		50000ded
	[101]		50000dee
	[102]		50000def
	[103]		50000df0
	[104]		50000df1
	[105]		50000df2
	[106]		50000df3
	[107]		50000df4
	[108]		50000df5
	[109]		50000df6
	[110]		50000df7
	[111]		50000df8
	[112]		50000df9
	[113]		50000dfa
	[114]		50000dfb
	[115]		50000dfc
	[116]		50000dfd
	[117]		50000dfe
	[118]		50000dff
	[119]		50000e00
	[120]		50000e01
	[121]		50000e02
	[122]		50000e03
	[123]		50000e04
	[124]		50000e05
	[125]		50000e06
	[126]		50000e07
	[127]		50000e08
OBJ 50000d89 (sz=16, trace=300475, class=java.lang.Character@50000107)
OBJ 50000d8a (sz=16, trace=300475, class=java.lang.Character@50000107)
OBJ 50000d8b (sz=16, trace=300475, class=java.lang.Character@50000107)
OBJ 50000d8c (sz=16, trace=300475, class=java.lang.Character@50000107)
OBJ 50000d8d (sz=16, trace=300475, class=java.lang.Character@50000107)
OBJ 50000d8e (sz=16, trace=300475, class=java.lang.Character@50000107)
OBJ 50000d8f (sz=16, trace=300475, class=java.lang.Character@50000107)
OBJ 50000d90 (sz=16, trace=300475, class=java.lang.Character@50000107)
OBJ 50000d91 (sz=16, trace=300475, class=java.lang.Character@50000107)
OBJ 50000d92 (sz=16, trace=300475, class=java.lang.Character@50000107)
OBJ 50000d93 (sz=16, trace=300475, class=java.lang.Character@50000107)
OBJ 50000d94 (sz=16, trace=300475, class=java.lang.Character@50000107)
OBJ 50000d95 (sz=16, trace=300475, class=java.lang.Character@50000107)
OBJ 50000d96 (sz=16, trace=300475, class=java.lang.Character@50000107)
OBJ 50000d97 (sz=16, trace=300475, class=java.lang.Character@50000107)
OBJ 50000d98 (sz=16, trace=300475, class=java.lang.Character@50000107)
OBJ 50000d99 (sz=16, trace=300475, class=java.lang.Character@50000107)
OBJ 50000d9a (sz=16, trace=300475, class=java.lang.Character@50000107)
OBJ 50000d9b (sz=16, trace=300475, class=java.lang.Character@50000107)
OBJ 50000d9c (sz=16, trace=300475, class=java.lang.Character@50000107)
OBJ 50000d9d (sz=16, trace=300475, class=java.lang.Character@50000107)
OBJ 50000d9e (sz=16, trace=300475, class=java.lang.Character@50000107)
OBJ 50000d9f (sz=16, trace=300475, class=java.lang.Character@50000107)
OBJ 50000da0 (sz=16, trace=300475, class=java.lang.Character@50000107)
OBJ 50000da1 (sz=16, trace=300475, class=java.lang.Character@50000107)
OBJ 50000da2 (sz=16, trace=300475, class=java.lang.Character@50000107)
OBJ 50000da3 (sz=16, trace=300475, class=java.lang.Character@50000107)
OBJ 50000da4 (sz=16, trace=300475, class=java.lang.Character@50000107)
OBJ 50000da5 (sz=16, trace=300475, class=java.lang.Character@50000107)
OBJ 50000da6 (sz=16, trace=300475, class=java.lang.Character@50000107)
OBJ 50000da7 (sz=16, trace=300475, class=java.lang.Character@50000107)
OBJ 50000da8 (sz=16, trace=300475, class=java.lang.Character@50000107)
OBJ 50000da9 (sz=16, trace=300475, class=java.lang.Character@50000107)
OBJ 50000daa (sz=16, trace=300475, class=java.lang.Character@50000107)
OBJ 50000dab (sz=16, trace=300475, class=java.lang.Character@50000107)
OBJ 50000dac (sz=16, trace=300475, class=java.lang.Character@50000107)
OBJ 50000dad (sz=16, trace=300475, class=java.lang.Character@50000107)
OBJ 50000dae (sz=16, trace=300475, class=java.lang.Character@50000107)
OBJ 50000daf (sz=16, trace=300475, class=java.lang.Character@50000107)
OBJ 50000db0 (sz=16, trace=300475, class=java.lang.Character@50000107)
OBJ 50000db1 (sz=16, trace=300475, class=java.lang.Character@50000107)
OBJ 50000db2 (sz=16, trace=300475, class=java.lang.Character@50000107)
OBJ 50000db3 (sz=16, trace=300475, class=java.lang.Character@50000107)
OBJ 50000db4 (sz=16, trace=300475, class=java.lang.Character@50000107)
OBJ 50000db5 (sz=16, trace=300475, class=java.lang.Character@50000107)
OBJ 50000db6 (sz=16, trace=300475, class=java.lang.Character@50000107)
OBJ 50000db7 (sz=16, trace=300475, class=java.lang.Character@50000107)
OBJ 50000db8 (sz=16, trace=300475, class=java.lang.Character@50000107)
OBJ 50000db9 (sz=16, trace=300475, class=java.lang.Character@50000107)
OBJ 50000dba (sz=16, trace=300475, class=java.lang.Character@50000107)
OBJ 50000dbb (sz=16, trace=300475, class=java.lang.Character@50000107)
OBJ 50000dbc (sz=16, trace=300475, class=java.lang.Character@50000107)
OBJ 50000dbd (sz=16, trace=300475, class=java.lang.Character@50000107)
OBJ 50000dbe (sz=16, trace=300475, class=java.lang.Character@50000107)
OBJ 50000dbf (sz=16, trace=300475, class=java.lang.Character@50000107)
OBJ 50000dc0 (sz=16, trace=300475, class=java.lang.Character@50000107)
OBJ 50000dc1 (sz=16, trace=300475, class=java.lang.Character@50000107)
OBJ 50000dc2 (sz=16, trace=300475, class=java.lang.Character@50000107)
OBJ 50000dc3 (sz=16, trace=300475, class=java.lang.Character@50000107)
OBJ 50000dc4 (sz=16, trace=300475, class=java.lang.Character@50000107)
OBJ 50000dc5 (sz=16, trace=300475, class=java.lang.Character@50000107)
OBJ 50000dc6 (sz=16, trace=300475, class=java.lang.Character@50000107)
OBJ 50000dc7 (sz=16, trace=300475, class=java.lang.Character@50000107)
OBJ 50000dc8 (sz=16, trace=300475, class=java.lang.Character@50000107)
OBJ 50000dc9 (sz=16, trace=300475, class=java.lang.Character@50000107)
OBJ 50000dca (sz=16, trace=300475, class=java.lang.Character@50000107)
OBJ 50000dcb (sz=16, trace=300475, class=java.lang.Character@50000107)
OBJ 50000dcc (sz=16, trace=300475, class=java.lang.Character@50000107)
OBJ 50000dcd (sz=16, trace=300475, class=java.lang.Character@50000107)
OBJ 50000dce (sz=16, trace=300475, class=java.lang.Character@50000107)
OBJ 50000dcf (sz=16, trace=300475, class=java.lang.Character@50000107)
OBJ 50000dd0 (sz=16, trace=300475, class=java.lang.Character@50000107)
OBJ 50000dd1 (sz=16, trace=300475, class=java.lang.Character@50000107)
OBJ 50000dd2 (sz=16, trace=300475, class=java.lang.Character@50000107)
OBJ 50000dd3 (sz=16, trace=300475, class=java.lang.Character@50000107)
OBJ 50000dd4 (sz=16, trace=300475, class=java.lang.Character@50000107)
OBJ 50000dd5 (sz=16, trace=300475, class=java.lang.Character@50000107)
OBJ 50000dd6 (sz=16, trace=300475, class=java.lang.Character@50000107)
OBJ 50000dd7 (sz=16, trace=300475, class=java.lang.Character@50000107)
OBJ 50000dd8 (sz=16, trace=300475, class=java.lang.Character@50000107)
OBJ 50000dd9 (sz=16, trace=300475, class=java.lang.Character@50000107)
OBJ 50000dda (sz=16, trace=300475, class=java.lang.Character@50000107)
OBJ 50000ddb (sz=16, trace=300475, class=java.lang.Character@50000107)
OBJ 50000ddc (sz=16, trace=300475, class=java.lang.Character@50000107)
OBJ 50000ddd (sz=16, trace=300475, class=java.lang.Character@50000107)
OBJ 50000dde (sz=16, trace=300475, class=java.lang.Character@50000107)
OBJ 50000ddf (sz=16, trace=300475, class=java.lang.Character@50000107)
OBJ 50000de0 (sz=16, trace=300475, class=java.lang.Character@50000107)
OBJ 50000de1 (sz=16, trace=300475, class=java.lang.Character@50000107)
OBJ 50000de2 (sz=16, trace=300475, class=java.lang.Character@50000107)
OBJ 50000de3 (sz=16, trace=300475, class=java.lang.Character@50000107)
OBJ 50000de4 (sz=16, trace=300475, class=java.lang.Character@50000107)
OBJ 50000de5 (sz=16, trace=300475, class=java.lang.Character@50000107)
OBJ 50000de6 (sz=16, trace=300475, class=java.lang.Character@50000107)
OBJ 50000de7 (sz=16, trace=300475, class=java.lang.Character@50000107)
OBJ 50000de8 (sz=16, trace=300475, class=java.lang.Character@50000107)
OBJ 50000de9 (sz=16, trace=300475, class=java.lang.Character@50000107)
OBJ 50000dea (sz=16, trace=300475, class=java.lang.Character@50000107)
OBJ 50000deb (sz=16, trace=300475, class=java.lang.Character@50000107)
OBJ 50000dec (sz=16, trace=300475, class=java.lang.Character@50000107)
OBJ 50000ded (sz=16, trace=300475, class=java.lang.Character@50000107)
OBJ 50000dee (sz=16, trace=300475, class=java.lang.Character@50000107)
OBJ 50000def (sz=16, trace=300475, class=java.lang.Character@50000107)
OBJ 50000df0 (sz=16, trace=300475, class=java.lang.Character@50000107)
OBJ 50000df1 (sz=16, trace=300475, class=java.lang.Character@50000107)
OBJ 50000df2 (sz=16, trace=300475, class=java.lang.Character@50000107)
OBJ 50000df3 (sz=16, trace=300475, class=java.lang.Character@50000107)
OBJ 50000df4 (sz=16, trace=300475, class=java.lang.Character@50000107)
OBJ 50000df5 (sz=16, trace=300475, class=java.lang.Character@50000107)
OBJ 50000df6 (sz=16, trace=300475, class=java.lang.Character@50000107)
OBJ 50000df7 (sz=16, trace=300475, class=java.lang.Character@50000107)
OBJ 50000df8 (sz=16, trace=300475, class=java.lang.Character@50000107)
OBJ 50000df9 (sz=16, trace=300475, class=java.lang.Character@50000107)
OBJ 50000dfa (sz=16, trace=300475, class=java.lang.Character@50000107)
OBJ 50000dfb (sz=16, trace=300475, class=java.lang.Character@50000107)
OBJ 50000dfc (sz=16, trace=300475, class=java.lang.Character@50000107)
OBJ 50000dfd (sz=16, trace=300475, class=java.lang.Character@50000107)
OBJ 50000dfe (sz=16, trace=300475, class=java.lang.Character@50000107)
OBJ 50000dff (sz=16, trace=300475, class=java.lang.Character@50000107)
OBJ 50000e00 (sz=16, trace=300475, class=java.lang.Character@50000107)
OBJ 50000e01 (sz=16, trace=300475, class=java.lang.Character@50000107)
OBJ 50000e02 (sz=16, trace=300475, class=java.lang.Character@50000107)
OBJ 50000e03 (sz=16, trace=300475, class=java.lang.Character@50000107)
OBJ 50000e04 (sz=16, trace=300475, class=java.lang.Character@50000107)
OBJ 50000e05 (sz=16, trace=300475, class=java.lang.Character@50000107)
OBJ 50000e06 (sz=16, trace=300475, class=java.lang.Character@50000107)
OBJ 50000e07 (sz=16, trace=300475, class=java.lang.Character@50000107)
OBJ 50000e08 (sz=16, trace=300475, class=java.lang.Character@50000107)
ARR 50000e09 (sz=0, trace=300476, nelems=0, elem type=char[])
OBJ 50000e0a (sz=56, trace=300477, class=sun.invoke.util.Wrapper@50000b72)
	name		50006dbc
	wrapperType	50000107
	primitiveType	5000629f
	zero		50000d89
	emptyArray	50000e09
	wrapperSimpleName	50000e0b
	primitiveSimpleName	5000652a
OBJ 50000e0b (sz=24, trace=300461, class=java.lang.String@50000165)
	value		50000e0c
ARR 50000e0c (sz=18, trace=300462, nelems=9, elem type=char[])
ARR 50000e0d (sz=0, trace=300478, nelems=0, elem type=int[])
OBJ 50000e0e (sz=56, trace=300479, class=sun.invoke.util.Wrapper@50000b72)
	name		50006dbd
	wrapperType	50000101
	primitiveType	5000629a
	zero		500064a9
	emptyArray	50000e0d
	wrapperSimpleName	50000e0f
	primitiveSimpleName	50006422
OBJ 50000e0f (sz=24, trace=300461, class=java.lang.String@50000165)
	value		50000e10
ARR 50000e10 (sz=14, trace=300462, nelems=7, elem type=char[])
ARR 50000e13 (sz=1040, trace=300481, nelems=256, elem type=java.lang.Long[]@50000e12)
	[0]		50000e14
	[1]		50000e15
	[2]		50000e16
	[3]		50000e17
	[4]		50000e18
	[5]		50000e19
	[6]		50000e1a
	[7]		50000e1b
	[8]		50000e1c
	[9]		50000e1d
	[10]		50000e1e
	[11]		50000e1f
	[12]		50000e20
	[13]		50000e21
	[14]		50000e22
	[15]		50000e23
	[16]		50000e24
	[17]		50000e25
	[18]		50000e26
	[19]		50000e27
	[20]		50000e28
	[21]		50000e29
	[22]		50000e2a
	[23]		50000e2b
	[24]		50000e2c
	[25]		50000e2d
	[26]		50000e2e
	[27]		50000e2f
	[28]		50000e30
	[29]		50000e31
	[30]		50000e32
	[31]		50000e33
	[32]		50000e34
	[33]		50000e35
	[34]		50000e36
	[35]		50000e37
	[36]		50000e38
	[37]		50000e39
	[38]		50000e3a
	[39]		50000e3b
	[40]		50000e3c
	[41]		50000e3d
	[42]		50000e3e
	[43]		50000e3f
	[44]		50000e40
	[45]		50000e41
	[46]		50000e42
	[47]		50000e43
	[48]		50000e44
	[49]		50000e45
	[50]		50000e46
	[51]		50000e47
	[52]		50000e48
	[53]		50000e49
	[54]		50000e4a
	[55]		50000e4b
	[56]		50000e4c
	[57]		50000e4d
	[58]		50000e4e
	[59]		50000e4f
	[60]		50000e50
	[61]		50000e51
	[62]		50000e52
	[63]		50000e53
	[64]		50000e54
	[65]		50000e55
	[66]		50000e56
	[67]		50000e57
	[68]		50000e58
	[69]		50000e59
	[70]		50000e5a
	[71]		50000e5b
	[72]		50000e5c
	[73]		50000e5d
	[74]		50000e5e
	[75]		50000e5f
	[76]		50000e60
	[77]		50000e61
	[78]		50000e62
	[79]		50000e63
	[80]		50000e64
	[81]		50000e65
	[82]		50000e66
	[83]		50000e67
	[84]		50000e68
	[85]		50000e69
	[86]		50000e6a
	[87]		50000e6b
	[88]		50000e6c
	[89]		50000e6d
	[90]		50000e6e
	[91]		50000e6f
	[92]		50000e70
	[93]		50000e71
	[94]		50000e72
	[95]		50000e73
	[96]		50000e74
	[97]		50000e75
	[98]		50000e76
	[99]		50000e77
	[100]		50000e78
	[101]		50000e79
	[102]		50000e7a
	[103]		50000e7b
	[104]		50000e7c
	[105]		50000e7d
	[106]		50000e7e
	[107]		50000e7f
	[108]		50000e80
	[109]		50000e81
	[110]		50000e82
	[111]		50000e83
	[112]		50000e84
	[113]		50000e85
	[114]		50000e86
	[115]		50000e87
	[116]		50000e88
	[117]		50000e89
	[118]		50000e8a
	[119]		50000e8b
	[120]		50000e8c
	[121]		50000e8d
	[122]		50000e8e
	[123]		50000e8f
	[124]		50000e90
	[125]		50000e91
	[126]		50000e92
	[127]		50000e93
	[128]		50000e94
	[129]		50000e95
	[130]		50000e96
	[131]		50000e97
	[132]		50000e98
	[133]		50000e99
	[134]		50000e9a
	[135]		50000e9b
	[136]		50000e9c
	[137]		50000e9d
	[138]		50000e9e
	[139]		50000e9f
	[140]		50000ea0
	[141]		50000ea1
	[142]		50000ea2
	[143]		50000ea3
	[144]		50000ea4
	[145]		50000ea5
	[146]		50000ea6
	[147]		50000ea7
	[148]		50000ea8
	[149]		50000ea9
	[150]		50000eaa
	[151]		50000eab
	[152]		50000eac
	[153]		50000ead
	[154]		50000eae
	[155]		50000eaf
	[156]		50000eb0
	[157]		50000eb1
	[158]		50000eb2
	[159]		50000eb3
	[160]		50000eb4
	[161]		50000eb5
	[162]		50000eb6
	[163]		50000eb7
	[164]		50000eb8
	[165]		50000eb9
	[166]		50000eba
	[167]		50000ebb
	[168]		50000ebc
	[169]		50000ebd
	[170]		50000ebe
	[171]		50000ebf
	[172]		50000ec0
	[173]		50000ec1
	[174]		50000ec2
	[175]		50000ec3
	[176]		50000ec4
	[177]		50000ec5
	[178]		50000ec6
	[179]		50000ec7
	[180]		50000ec8
	[181]		50000ec9
	[182]		50000eca
	[183]		50000ecb
	[184]		50000ecc
	[185]		50000ecd
	[186]		50000ece
	[187]		50000ecf
	[188]		50000ed0
	[189]		50000ed1
	[190]		50000ed2
	[191]		50000ed3
	[192]		50000ed4
	[193]		50000ed5
	[194]		50000ed6
	[195]		50000ed7
	[196]		50000ed8
	[197]		50000ed9
	[198]		50000eda
	[199]		50000edb
	[200]		50000edc
	[201]		50000edd
	[202]		50000ede
	[203]		50000edf
	[204]		50000ee0
	[205]		50000ee1
	[206]		50000ee2
	[207]		50000ee3
	[208]		50000ee4
	[209]		50000ee5
	[210]		50000ee6
	[211]		50000ee7
	[212]		50000ee8
	[213]		50000ee9
	[214]		50000eea
	[215]		50000eeb
	[216]		50000eec
	[217]		50000eed
	[218]		50000eee
	[219]		50000eef
	[220]		50000ef0
	[221]		50000ef1
	[222]		50000ef2
	[223]		50000ef3
	[224]		50000ef4
	[225]		50000ef5
	[226]		50000ef6
	[227]		50000ef7
	[228]		50000ef8
	[229]		50000ef9
	[230]		50000efa
	[231]		50000efb
	[232]		50000efc
	[233]		50000efd
	[234]		50000efe
	[235]		50000eff
	[236]		50000f00
	[237]		50000f01
	[238]		50000f02
	[239]		50000f03
	[240]		50000f04
	[241]		50000f05
	[242]		50000f06
	[243]		50000f07
	[244]		50000f08
	[245]		50000f09
	[246]		50000f0a
	[247]		50000f0b
	[248]		50000f0c
	[249]		50000f0d
	[250]		50000f0e
	[251]		50000f0f
	[252]		50000f10
	[253]		50000f11
	[254]		50000f12
	[255]		50000f13
OBJ 50000e14 (sz=24, trace=300482, class=java.lang.Long@50000100)
OBJ 50000e15 (sz=24, trace=300482, class=java.lang.Long@50000100)
OBJ 50000e16 (sz=24, trace=300482, class=java.lang.Long@50000100)
OBJ 50000e17 (sz=24, trace=300482, class=java.lang.Long@50000100)
OBJ 50000e18 (sz=24, trace=300482, class=java.lang.Long@50000100)
OBJ 50000e19 (sz=24, trace=300482, class=java.lang.Long@50000100)
OBJ 50000e1a (sz=24, trace=300482, class=java.lang.Long@50000100)
OBJ 50000e1b (sz=24, trace=300482, class=java.lang.Long@50000100)
OBJ 50000e1c (sz=24, trace=300482, class=java.lang.Long@50000100)
OBJ 50000e1d (sz=24, trace=300482, class=java.lang.Long@50000100)
OBJ 50000e1e (sz=24, trace=300482, class=java.lang.Long@50000100)
OBJ 50000e1f (sz=24, trace=300482, class=java.lang.Long@50000100)
OBJ 50000e20 (sz=24, trace=300482, class=java.lang.Long@50000100)
OBJ 50000e21 (sz=24, trace=300482, class=java.lang.Long@50000100)
OBJ 50000e22 (sz=24, trace=300482, class=java.lang.Long@50000100)
OBJ 50000e23 (sz=24, trace=300482, class=java.lang.Long@50000100)
OBJ 50000e24 (sz=24, trace=300482, class=java.lang.Long@50000100)
OBJ 50000e25 (sz=24, trace=300482, class=java.lang.Long@50000100)
OBJ 50000e26 (sz=24, trace=300482, class=java.lang.Long@50000100)
OBJ 50000e27 (sz=24, trace=300482, class=java.lang.Long@50000100)
OBJ 50000e28 (sz=24, trace=300482, class=java.lang.Long@50000100)
OBJ 50000e29 (sz=24, trace=300482, class=java.lang.Long@50000100)
OBJ 50000e2a (sz=24, trace=300482, class=java.lang.Long@50000100)
OBJ 50000e2b (sz=24, trace=300482, class=java.lang.Long@50000100)
OBJ 50000e2c (sz=24, trace=300482, class=java.lang.Long@50000100)
OBJ 50000e2d (sz=24, trace=300482, class=java.lang.Long@50000100)
OBJ 50000e2e (sz=24, trace=300482, class=java.lang.Long@50000100)
OBJ 50000e2f (sz=24, trace=300482, class=java.lang.Long@50000100)
OBJ 50000e30 (sz=24, trace=300482, class=java.lang.Long@50000100)
OBJ 50000e31 (sz=24, trace=300482, class=java.lang.Long@50000100)
OBJ 50000e32 (sz=24, trace=300482, class=java.lang.Long@50000100)
OBJ 50000e33 (sz=24, trace=300482, class=java.lang.Long@50000100)
OBJ 50000e34 (sz=24, trace=300482, class=java.lang.Long@50000100)
OBJ 50000e35 (sz=24, trace=300482, class=java.lang.Long@50000100)
OBJ 50000e36 (sz=24, trace=300482, class=java.lang.Long@50000100)
OBJ 50000e37 (sz=24, trace=300482, class=java.lang.Long@50000100)
OBJ 50000e38 (sz=24, trace=300482, class=java.lang.Long@50000100)
OBJ 50000e39 (sz=24, trace=300482, class=java.lang.Long@50000100)
OBJ 50000e3a (sz=24, trace=300482, class=java.lang.Long@50000100)
OBJ 50000e3b (sz=24, trace=300482, class=java.lang.Long@50000100)
OBJ 50000e3c (sz=24, trace=300482, class=java.lang.Long@50000100)
OBJ 50000e3d (sz=24, trace=300482, class=java.lang.Long@50000100)
OBJ 50000e3e (sz=24, trace=300482, class=java.lang.Long@50000100)
OBJ 50000e3f (sz=24, trace=300482, class=java.lang.Long@50000100)
OBJ 50000e40 (sz=24, trace=300482, class=java.lang.Long@50000100)
OBJ 50000e41 (sz=24, trace=300482, class=java.lang.Long@50000100)
OBJ 50000e42 (sz=24, trace=300482, class=java.lang.Long@50000100)
OBJ 50000e43 (sz=24, trace=300482, class=java.lang.Long@50000100)
OBJ 50000e44 (sz=24, trace=300482, class=java.lang.Long@50000100)
OBJ 50000e45 (sz=24, trace=300482, class=java.lang.Long@50000100)
OBJ 50000e46 (sz=24, trace=300482, class=java.lang.Long@50000100)
OBJ 50000e47 (sz=24, trace=300482, class=java.lang.Long@50000100)
OBJ 50000e48 (sz=24, trace=300482, class=java.lang.Long@50000100)
OBJ 50000e49 (sz=24, trace=300482, class=java.lang.Long@50000100)
OBJ 50000e4a (sz=24, trace=300482, class=java.lang.Long@50000100)
OBJ 50000e4b (sz=24, trace=300482, class=java.lang.Long@50000100)
OBJ 50000e4c (sz=24, trace=300482, class=java.lang.Long@50000100)
OBJ 50000e4d (sz=24, trace=300482, class=java.lang.Long@50000100)
OBJ 50000e4e (sz=24, trace=300482, class=java.lang.Long@50000100)
OBJ 50000e4f (sz=24, trace=300482, class=java.lang.Long@50000100)
OBJ 50000e50 (sz=24, trace=300482, class=java.lang.Long@50000100)
OBJ 50000e51 (sz=24, trace=300482, class=java.lang.Long@50000100)
OBJ 50000e52 (sz=24, trace=300482, class=java.lang.Long@50000100)
OBJ 50000e53 (sz=24, trace=300482, class=java.lang.Long@50000100)
OBJ 50000e54 (sz=24, trace=300482, class=java.lang.Long@50000100)
OBJ 50000e55 (sz=24, trace=300482, class=java.lang.Long@50000100)
OBJ 50000e56 (sz=24, trace=300482, class=java.lang.Long@50000100)
OBJ 50000e57 (sz=24, trace=300482, class=java.lang.Long@50000100)
OBJ 50000e58 (sz=24, trace=300482, class=java.lang.Long@50000100)
OBJ 50000e59 (sz=24, trace=300482, class=java.lang.Long@50000100)
OBJ 50000e5a (sz=24, trace=300482, class=java.lang.Long@50000100)
OBJ 50000e5b (sz=24, trace=300482, class=java.lang.Long@50000100)
OBJ 50000e5c (sz=24, trace=300482, class=java.lang.Long@50000100)
OBJ 50000e5d (sz=24, trace=300482, class=java.lang.Long@50000100)
OBJ 50000e5e (sz=24, trace=300482, class=java.lang.Long@50000100)
OBJ 50000e5f (sz=24, trace=300482, class=java.lang.Long@50000100)
OBJ 50000e60 (sz=24, trace=300482, class=java.lang.Long@50000100)
OBJ 50000e61 (sz=24, trace=300482, class=java.lang.Long@50000100)
OBJ 50000e62 (sz=24, trace=300482, class=java.lang.Long@50000100)
OBJ 50000e63 (sz=24, trace=300482, class=java.lang.Long@50000100)
OBJ 50000e64 (sz=24, trace=300482, class=java.lang.Long@50000100)
OBJ 50000e65 (sz=24, trace=300482, class=java.lang.Long@50000100)
OBJ 50000e66 (sz=24, trace=300482, class=java.lang.Long@50000100)
OBJ 50000e67 (sz=24, trace=300482, class=java.lang.Long@50000100)
OBJ 50000e68 (sz=24, trace=300482, class=java.lang.Long@50000100)
OBJ 50000e69 (sz=24, trace=300482, class=java.lang.Long@50000100)
OBJ 50000e6a (sz=24, trace=300482, class=java.lang.Long@50000100)
OBJ 50000e6b (sz=24, trace=300482, class=java.lang.Long@50000100)
OBJ 50000e6c (sz=24, trace=300482, class=java.lang.Long@50000100)
OBJ 50000e6d (sz=24, trace=300482, class=java.lang.Long@50000100)
OBJ 50000e6e (sz=24, trace=300482, class=java.lang.Long@50000100)
OBJ 50000e6f (sz=24, trace=300482, class=java.lang.Long@50000100)
OBJ 50000e70 (sz=24, trace=300482, class=java.lang.Long@50000100)
OBJ 50000e71 (sz=24, trace=300482, class=java.lang.Long@50000100)
OBJ 50000e72 (sz=24, trace=300482, class=java.lang.Long@50000100)
OBJ 50000e73 (sz=24, trace=300482, class=java.lang.Long@50000100)
OBJ 50000e74 (sz=24, trace=300482, class=java.lang.Long@50000100)
OBJ 50000e75 (sz=24, trace=300482, class=java.lang.Long@50000100)
OBJ 50000e76 (sz=24, trace=300482, class=java.lang.Long@50000100)
OBJ 50000e77 (sz=24, trace=300482, class=java.lang.Long@50000100)
OBJ 50000e78 (sz=24, trace=300482, class=java.lang.Long@50000100)
OBJ 50000e79 (sz=24, trace=300482, class=java.lang.Long@50000100)
OBJ 50000e7a (sz=24, trace=300482, class=java.lang.Long@50000100)
OBJ 50000e7b (sz=24, trace=300482, class=java.lang.Long@50000100)
OBJ 50000e7c (sz=24, trace=300482, class=java.lang.Long@50000100)
OBJ 50000e7d (sz=24, trace=300482, class=java.lang.Long@50000100)
OBJ 50000e7e (sz=24, trace=300482, class=java.lang.Long@50000100)
OBJ 50000e7f (sz=24, trace=300482, class=java.lang.Long@50000100)
OBJ 50000e80 (sz=24, trace=300482, class=java.lang.Long@50000100)
OBJ 50000e81 (sz=24, trace=300482, class=java.lang.Long@50000100)
OBJ 50000e82 (sz=24, trace=300482, class=java.lang.Long@50000100)
OBJ 50000e83 (sz=24, trace=300482, class=java.lang.Long@50000100)
OBJ 50000e84 (sz=24, trace=300482, class=java.lang.Long@50000100)
OBJ 50000e85 (sz=24, trace=300482, class=java.lang.Long@50000100)
OBJ 50000e86 (sz=24, trace=300482, class=java.lang.Long@50000100)
OBJ 50000e87 (sz=24, trace=300482, class=java.lang.Long@50000100)
OBJ 50000e88 (sz=24, trace=300482, class=java.lang.Long@50000100)
OBJ 50000e89 (sz=24, trace=300482, class=java.lang.Long@50000100)
OBJ 50000e8a (sz=24, trace=300482, class=java.lang.Long@50000100)
OBJ 50000e8b (sz=24, trace=300482, class=java.lang.Long@50000100)
OBJ 50000e8c (sz=24, trace=300482, class=java.lang.Long@50000100)
OBJ 50000e8d (sz=24, trace=300482, class=java.lang.Long@50000100)
OBJ 50000e8e (sz=24, trace=300482, class=java.lang.Long@50000100)
OBJ 50000e8f (sz=24, trace=300482, class=java.lang.Long@50000100)
OBJ 50000e90 (sz=24, trace=300482, class=java.lang.Long@50000100)
OBJ 50000e91 (sz=24, trace=300482, class=java.lang.Long@50000100)
OBJ 50000e92 (sz=24, trace=300482, class=java.lang.Long@50000100)
OBJ 50000e93 (sz=24, trace=300482, class=java.lang.Long@50000100)
OBJ 50000e94 (sz=24, trace=300482, class=java.lang.Long@50000100)
OBJ 50000e95 (sz=24, trace=300482, class=java.lang.Long@50000100)
OBJ 50000e96 (sz=24, trace=300482, class=java.lang.Long@50000100)
OBJ 50000e97 (sz=24, trace=300482, class=java.lang.Long@50000100)
OBJ 50000e98 (sz=24, trace=300482, class=java.lang.Long@50000100)
OBJ 50000e99 (sz=24, trace=300482, class=java.lang.Long@50000100)
OBJ 50000e9a (sz=24, trace=300482, class=java.lang.Long@50000100)
OBJ 50000e9b (sz=24, trace=300482, class=java.lang.Long@50000100)
OBJ 50000e9c (sz=24, trace=300482, class=java.lang.Long@50000100)
OBJ 50000e9d (sz=24, trace=300482, class=java.lang.Long@50000100)
OBJ 50000e9e (sz=24, trace=300482, class=java.lang.Long@50000100)
OBJ 50000e9f (sz=24, trace=300482, class=java.lang.Long@50000100)
OBJ 50000ea0 (sz=24, trace=300482, class=java.lang.Long@50000100)
OBJ 50000ea1 (sz=24, trace=300482, class=java.lang.Long@50000100)
OBJ 50000ea2 (sz=24, trace=300482, class=java.lang.Long@50000100)
OBJ 50000ea3 (sz=24, trace=300482, class=java.lang.Long@50000100)
OBJ 50000ea4 (sz=24, trace=300482, class=java.lang.Long@50000100)
OBJ 50000ea5 (sz=24, trace=300482, class=java.lang.Long@50000100)
OBJ 50000ea6 (sz=24, trace=300482, class=java.lang.Long@50000100)
OBJ 50000ea7 (sz=24, trace=300482, class=java.lang.Long@50000100)
OBJ 50000ea8 (sz=24, trace=300482, class=java.lang.Long@50000100)
OBJ 50000ea9 (sz=24, trace=300482, class=java.lang.Long@50000100)
OBJ 50000eaa (sz=24, trace=300482, class=java.lang.Long@50000100)
OBJ 50000eab (sz=24, trace=300482, class=java.lang.Long@50000100)
OBJ 50000eac (sz=24, trace=300482, class=java.lang.Long@50000100)
OBJ 50000ead (sz=24, trace=300482, class=java.lang.Long@50000100)
OBJ 50000eae (sz=24, trace=300482, class=java.lang.Long@50000100)
OBJ 50000eaf (sz=24, trace=300482, class=java.lang.Long@50000100)
OBJ 50000eb0 (sz=24, trace=300482, class=java.lang.Long@50000100)
OBJ 50000eb1 (sz=24, trace=300482, class=java.lang.Long@50000100)
OBJ 50000eb2 (sz=24, trace=300482, class=java.lang.Long@50000100)
OBJ 50000eb3 (sz=24, trace=300482, class=java.lang.Long@50000100)
OBJ 50000eb4 (sz=24, trace=300482, class=java.lang.Long@50000100)
OBJ 50000eb5 (sz=24, trace=300482, class=java.lang.Long@50000100)
OBJ 50000eb6 (sz=24, trace=300482, class=java.lang.Long@50000100)
OBJ 50000eb7 (sz=24, trace=300482, class=java.lang.Long@50000100)
OBJ 50000eb8 (sz=24, trace=300482, class=java.lang.Long@50000100)
OBJ 50000eb9 (sz=24, trace=300482, class=java.lang.Long@50000100)
OBJ 50000eba (sz=24, trace=300482, class=java.lang.Long@50000100)
OBJ 50000ebb (sz=24, trace=300482, class=java.lang.Long@50000100)
OBJ 50000ebc (sz=24, trace=300482, class=java.lang.Long@50000100)
OBJ 50000ebd (sz=24, trace=300482, class=java.lang.Long@50000100)
OBJ 50000ebe (sz=24, trace=300482, class=java.lang.Long@50000100)
OBJ 50000ebf (sz=24, trace=300482, class=java.lang.Long@50000100)
OBJ 50000ec0 (sz=24, trace=300482, class=java.lang.Long@50000100)
OBJ 50000ec1 (sz=24, trace=300482, class=java.lang.Long@50000100)
OBJ 50000ec2 (sz=24, trace=300482, class=java.lang.Long@50000100)
OBJ 50000ec3 (sz=24, trace=300482, class=java.lang.Long@50000100)
OBJ 50000ec4 (sz=24, trace=300482, class=java.lang.Long@50000100)
OBJ 50000ec5 (sz=24, trace=300482, class=java.lang.Long@50000100)
OBJ 50000ec6 (sz=24, trace=300482, class=java.lang.Long@50000100)
OBJ 50000ec7 (sz=24, trace=300482, class=java.lang.Long@50000100)
OBJ 50000ec8 (sz=24, trace=300482, class=java.lang.Long@50000100)
OBJ 50000ec9 (sz=24, trace=300482, class=java.lang.Long@50000100)
OBJ 50000eca (sz=24, trace=300482, class=java.lang.Long@50000100)
OBJ 50000ecb (sz=24, trace=300482, class=java.lang.Long@50000100)
OBJ 50000ecc (sz=24, trace=300482, class=java.lang.Long@50000100)
OBJ 50000ecd (sz=24, trace=300482, class=java.lang.Long@50000100)
OBJ 50000ece (sz=24, trace=300482, class=java.lang.Long@50000100)
OBJ 50000ecf (sz=24, trace=300482, class=java.lang.Long@50000100)
OBJ 50000ed0 (sz=24, trace=300482, class=java.lang.Long@50000100)
OBJ 50000ed1 (sz=24, trace=300482, class=java.lang.Long@50000100)
OBJ 50000ed2 (sz=24, trace=300482, class=java.lang.Long@50000100)
OBJ 50000ed3 (sz=24, trace=300482, class=java.lang.Long@50000100)
OBJ 50000ed4 (sz=24, trace=300482, class=java.lang.Long@50000100)
OBJ 50000ed5 (sz=24, trace=300482, class=java.lang.Long@50000100)
OBJ 50000ed6 (sz=24, trace=300482, class=java.lang.Long@50000100)
OBJ 50000ed7 (sz=24, trace=300482, class=java.lang.Long@50000100)
OBJ 50000ed8 (sz=24, trace=300482, class=java.lang.Long@50000100)
OBJ 50000ed9 (sz=24, trace=300482, class=java.lang.Long@50000100)
OBJ 50000eda (sz=24, trace=300482, class=java.lang.Long@50000100)
OBJ 50000edb (sz=24, trace=300482, class=java.lang.Long@50000100)
OBJ 50000edc (sz=24, trace=300482, class=java.lang.Long@50000100)
OBJ 50000edd (sz=24, trace=300482, class=java.lang.Long@50000100)
OBJ 50000ede (sz=24, trace=300482, class=java.lang.Long@50000100)
OBJ 50000edf (sz=24, trace=300482, class=java.lang.Long@50000100)
OBJ 50000ee0 (sz=24, trace=300482, class=java.lang.Long@50000100)
OBJ 50000ee1 (sz=24, trace=300482, class=java.lang.Long@50000100)
OBJ 50000ee2 (sz=24, trace=300482, class=java.lang.Long@50000100)
OBJ 50000ee3 (sz=24, trace=300482, class=java.lang.Long@50000100)
OBJ 50000ee4 (sz=24, trace=300482, class=java.lang.Long@50000100)
OBJ 50000ee5 (sz=24, trace=300482, class=java.lang.Long@50000100)
OBJ 50000ee6 (sz=24, trace=300482, class=java.lang.Long@50000100)
OBJ 50000ee7 (sz=24, trace=300482, class=java.lang.Long@50000100)
OBJ 50000ee8 (sz=24, trace=300482, class=java.lang.Long@50000100)
OBJ 50000ee9 (sz=24, trace=300482, class=java.lang.Long@50000100)
OBJ 50000eea (sz=24, trace=300482, class=java.lang.Long@50000100)
OBJ 50000eeb (sz=24, trace=300482, class=java.lang.Long@50000100)
OBJ 50000eec (sz=24, trace=300482, class=java.lang.Long@50000100)
OBJ 50000eed (sz=24, trace=300482, class=java.lang.Long@50000100)
OBJ 50000eee (sz=24, trace=300482, class=java.lang.Long@50000100)
OBJ 50000eef (sz=24, trace=300482, class=java.lang.Long@50000100)
OBJ 50000ef0 (sz=24, trace=300482, class=java.lang.Long@50000100)
OBJ 50000ef1 (sz=24, trace=300482, class=java.lang.Long@50000100)
OBJ 50000ef2 (sz=24, trace=300482, class=java.lang.Long@50000100)
OBJ 50000ef3 (sz=24, trace=300482, class=java.lang.Long@50000100)
OBJ 50000ef4 (sz=24, trace=300482, class=java.lang.Long@50000100)
OBJ 50000ef5 (sz=24, trace=300482, class=java.lang.Long@50000100)
OBJ 50000ef6 (sz=24, trace=300482, class=java.lang.Long@50000100)
OBJ 50000ef7 (sz=24, trace=300482, class=java.lang.Long@50000100)
OBJ 50000ef8 (sz=24, trace=300482, class=java.lang.Long@50000100)
OBJ 50000ef9 (sz=24, trace=300482, class=java.lang.Long@50000100)
OBJ 50000efa (sz=24, trace=300482, class=java.lang.Long@50000100)
OBJ 50000efb (sz=24, trace=300482, class=java.lang.Long@50000100)
OBJ 50000efc (sz=24, trace=300482, class=java.lang.Long@50000100)
OBJ 50000efd (sz=24, trace=300482, class=java.lang.Long@50000100)
OBJ 50000efe (sz=24, trace=300482, class=java.lang.Long@50000100)
OBJ 50000eff (sz=24, trace=300482, class=java.lang.Long@50000100)
OBJ 50000f00 (sz=24, trace=300482, class=java.lang.Long@50000100)
OBJ 50000f01 (sz=24, trace=300482, class=java.lang.Long@50000100)
OBJ 50000f02 (sz=24, trace=300482, class=java.lang.Long@50000100)
OBJ 50000f03 (sz=24, trace=300482, class=java.lang.Long@50000100)
OBJ 50000f04 (sz=24, trace=300482, class=java.lang.Long@50000100)
OBJ 50000f05 (sz=24, trace=300482, class=java.lang.Long@50000100)
OBJ 50000f06 (sz=24, trace=300482, class=java.lang.Long@50000100)
OBJ 50000f07 (sz=24, trace=300482, class=java.lang.Long@50000100)
OBJ 50000f08 (sz=24, trace=300482, class=java.lang.Long@50000100)
OBJ 50000f09 (sz=24, trace=300482, class=java.lang.Long@50000100)
OBJ 50000f0a (sz=24, trace=300482, class=java.lang.Long@50000100)
OBJ 50000f0b (sz=24, trace=300482, class=java.lang.Long@50000100)
OBJ 50000f0c (sz=24, trace=300482, class=java.lang.Long@50000100)
OBJ 50000f0d (sz=24, trace=300482, class=java.lang.Long@50000100)
OBJ 50000f0e (sz=24, trace=300482, class=java.lang.Long@50000100)
OBJ 50000f0f (sz=24, trace=300482, class=java.lang.Long@50000100)
OBJ 50000f10 (sz=24, trace=300482, class=java.lang.Long@50000100)
OBJ 50000f11 (sz=24, trace=300482, class=java.lang.Long@50000100)
OBJ 50000f12 (sz=24, trace=300482, class=java.lang.Long@50000100)
OBJ 50000f13 (sz=24, trace=300482, class=java.lang.Long@50000100)
ARR 50000f14 (sz=0, trace=300483, nelems=0, elem type=long[])
OBJ 50000f15 (sz=56, trace=300484, class=sun.invoke.util.Wrapper@50000b72)
	name		50006dbe
	wrapperType	50000100
	primitiveType	50006299
	zero		50000e94
	emptyArray	50000f14
	wrapperSimpleName	50000f16
	primitiveSimpleName	50006420
OBJ 50000f16 (sz=24, trace=300461, class=java.lang.String@50000165)
	value		50000f17
ARR 50000f17 (sz=8, trace=300462, nelems=4, elem type=char[])
OBJ 50000f18 (sz=16, trace=300485, class=java.lang.Float@50000105)
ARR 50000f19 (sz=0, trace=300486, nelems=0, elem type=float[])
OBJ 50000f1a (sz=56, trace=300487, class=sun.invoke.util.Wrapper@50000b72)
	name		50006dbf
	wrapperType	50000105
	primitiveType	5000629e
	zero		50000f18
	emptyArray	50000f19
	wrapperSimpleName	50000f1b
	primitiveSimpleName	50006419
OBJ 50000f1b (sz=24, trace=300461, class=java.lang.String@50000165)
	value		50000f1c
ARR 50000f1c (sz=10, trace=300462, nelems=5, elem type=char[])
OBJ 50000f1d (sz=24, trace=300488, class=java.lang.Double@50000104)
ARR 50000f1e (sz=0, trace=300489, nelems=0, elem type=double[])
OBJ 50000f1f (sz=56, trace=300490, class=sun.invoke.util.Wrapper@50000b72)
	name		50006dc0
	wrapperType	50000104
	primitiveType	5000629d
	zero		50000f1d
	emptyArray	50000f1e
	wrapperSimpleName	50000f20
	primitiveSimpleName	5000641e
OBJ 50000f20 (sz=24, trace=300461, class=java.lang.String@50000165)
	value		50000f21
ARR 50000f21 (sz=12, trace=300462, nelems=6, elem type=char[])
ARR 50000f22 (sz=16, trace=300491, nelems=0, elem type=java.lang.Object[]@500000ff)
OBJ 50000f23 (sz=56, trace=300492, class=sun.invoke.util.Wrapper@50000b72)
	name		50006db7
	wrapperType	50000169
	primitiveType	50000169
	emptyArray	50000f22
	wrapperSimpleName	50000f24
	primitiveSimpleName	50000f26
OBJ 50000f24 (sz=24, trace=300461, class=java.lang.String@50000165)
	value		50000f25
ARR 50000f25 (sz=12, trace=300462, nelems=6, elem type=char[])
OBJ 50000f26 (sz=24, trace=300493, class=java.lang.String@50000165)
	value		50000f27
ARR 50000f27 (sz=12, trace=300462, nelems=6, elem type=char[])
OBJ 50000f28 (sz=56, trace=300494, class=sun.invoke.util.Wrapper@50000b72)
	name		50006dc1
	wrapperType	50000b39
	primitiveType	500062a1
	wrapperSimpleName	50000f29
	primitiveSimpleName	50006d4e
OBJ 50000f29 (sz=24, trace=300461, class=java.lang.String@50000165)
	value		50000f2a
ARR 50000f2a (sz=8, trace=300462, nelems=4, elem type=char[])
ARR 50000f2c (sz=56, trace=300495, nelems=10, elem type=sun.invoke.util.Wrapper[]@50000f2b)
	[0]		50000b75
	[1]		50000c7c
	[2]		50000d83
	[3]		50000e0a
	[4]		50000e0e
	[5]		50000f15
	[6]		50000f1a
	[7]		50000f1f
	[8]		50000f23
	[9]		50000f28
ARR 50000f2d (sz=80, trace=300496, nelems=16, elem type=sun.invoke.util.Wrapper[]@50000f2b)
	[0]		50000f23
	[1]		50000b75
	[2]		50000d83
	[4]		50000e0a
	[5]		50000f1a
	[6]		50000c7c
	[9]		50000f1f
	[10]		50000f15
	[13]		50000e0e
	[15]		50000f28
ARR 50000f2e (sz=80, trace=300497, nelems=16, elem type=sun.invoke.util.Wrapper[]@50000f2b)
	[0]		50000f23
	[2]		50000f1f
	[3]		50000f1a
	[6]		50000f28
	[7]		50000d83
	[9]		50000e0a
	[11]		50000f15
	[12]		50000b75
	[14]		50000e0e
	[15]		50000c7c
ARR 50000f2f (sz=80, trace=300498, nelems=16, elem type=sun.invoke.util.Wrapper[]@50000f2b)
	[1]		50000f28
	[2]		50000f23
	[3]		50000c7c
	[4]		50000e0a
	[6]		50000f1f
	[7]		50000b75
	[9]		50000f1a
	[12]		50000d83
	[13]		50000e0e
	[15]		50000f15
ARR 50000f30 (sz=56, trace=300499, nelems=9, elem type=java.lang.invoke.MethodHandle[]@5000018c)
	[8]		50005adf
ARR 50000f31 (sz=56, trace=300500, nelems=0, elem type=java.lang.invoke.MethodHandle[]@5000018c)
OBJ 50000f32 (sz=24, trace=300501, class=java.lang.invoke.MethodHandles$Lookup@50000b4e)
	lookupClass	50000169
OBJ 50000f33 (sz=24, trace=300502, class=java.lang.invoke.MethodHandles$Lookup@50000b4e)
	lookupClass	50000169
OBJ 50000f34 (sz=64, trace=300503, class=java.util.concurrent.ConcurrentHashMap@50000028)
	table		5000216c
OBJ 50000f35 (sz=24, trace=300504, class=java.lang.invoke.MethodHandles$Lookup@50000b4e)
OBJ 50000f36 (sz=56, trace=300505, class=java.lang.invoke.MemberName@50000124)
ARR 50000f37 (sz=32, trace=300506, nelems=0, elem type=java.lang.Object[]@500000ff)
ARR 50000f3a (sz=544, trace=300508, nelems=9, elem type=java.lang.invoke.LambdaForm[]@50000f39)
	[8]		500016a4
ARR 50000f3c (sz=16, trace=300510, nelems=0, elem type=java.lang.Class[]@500000fa)
ARR 50000f3d (sz=16, trace=300511, nelems=0, elem type=java.lang.invoke.MethodType[]@50000b55)
ARR 50000f3e (sz=24, trace=300512, nelems=0, elem type=java.lang.Class[]@500000fa)
OBJ 50000f40 (sz=40, trace=300514, class=java.lang.invoke.MethodType@50000121)
OBJ 50000f41 (sz=32, trace=300443, class=java.lang.invoke.MethodType$ConcurrentWeakInternSet$WeakEntry@50000b5f)
OBJ 50000f42 (sz=40, trace=300515, class=java.lang.invoke.MethodType@50000121)
	rtype		50000169
	ptypes		50006e8a
	form		50000f46
	methodDescriptor	50002113
OBJ 50000f43 (sz=40, trace=300445, class=java.lang.invoke.MethodType@50000121)
OBJ 50000f44 (sz=32, trace=300443, class=java.lang.invoke.MethodType$ConcurrentWeakInternSet$WeakEntry@50000b5f)
OBJ 50000f45 (sz=40, trace=300446, class=java.lang.invoke.MethodType@50000121)
	rtype		50000169
	ptypes		50006def
	form		50000f46
	invokers	500032b2
	methodDescriptor	500020cb
OBJ 50000f46 (sz=56, trace=300447, class=java.lang.invoke.MethodTypeForm@50000b5a)
	argToSlotTable	50000f48
	slotToArgTable	50000f47
	erasedType	50000f45
	basicType	50000f45
	methodHandles	50000f4a
	lambdaForms	50000f49
ARR 50000f47 (sz=32, trace=300448, nelems=8, elem type=int[])
ARR 50000f48 (sz=32, trace=300449, nelems=8, elem type=int[])
ARR 50000f49 (sz=88, trace=300450, nelems=9, elem type=java.lang.ref.SoftReference[]@50000b68)
	[1]		500032a3
	[2]		50003113
	[8]		500033e9
ARR 50000f4a (sz=32, trace=300451, nelems=1, elem type=java.lang.ref.SoftReference[]@50000b68)
	[0]		500033e5
OBJ 50000f4b (sz=32, trace=300452, class=java.lang.invoke.MethodType$ConcurrentWeakInternSet$WeakEntry@50000b5f)
	referent	50000f45
	queue		50000b52
OBJ 50000f4c (sz=32, trace=300454, class=java.util.concurrent.ConcurrentHashMap$Node@50000021)
	key		50000f4b
	val		50000f4b
	next		50002981
OBJ 50000f4d (sz=32, trace=300452, class=java.lang.invoke.MethodType$ConcurrentWeakInternSet$WeakEntry@50000b5f)
	referent	50000f42
	queue		50000b52
OBJ 50000f4e (sz=32, trace=300454, class=java.util.concurrent.ConcurrentHashMap$Node@50000021)
OBJ 50000f4f (sz=56, trace=300516, class=java.lang.invoke.MemberName@50000124)
ARR 50000f51 (sz=24, trace=300518, nelems=0, elem type=java.lang.Class[]@500000fa)
OBJ 50000f52 (sz=40, trace=300519, class=java.lang.invoke.MethodType@50000121)
OBJ 50000f53 (sz=32, trace=300443, class=java.lang.invoke.MethodType$ConcurrentWeakInternSet$WeakEntry@50000b5f)
OBJ 50000f54 (sz=40, trace=300520, class=java.lang.invoke.MethodType@50000121)
	rtype		50000169
	ptypes		50006dee
	form		50000f46
OBJ 50000f55 (sz=40, trace=300445, class=java.lang.invoke.MethodType@50000121)
OBJ 50000f56 (sz=32, trace=300443, class=java.lang.invoke.MethodType$ConcurrentWeakInternSet$WeakEntry@50000b5f)
OBJ 50000f57 (sz=32, trace=300452, class=java.lang.invoke.MethodType$ConcurrentWeakInternSet$WeakEntry@50000b5f)
	referent	50000f54
	queue		50000b52
OBJ 50000f58 (sz=32, trace=300521, class=java.util.concurrent.ConcurrentHashMap$Node@50000021)
OBJ 50000f5a (sz=32, trace=300523, class=java.lang.invoke.LambdaForm$BasicType@50000f59)
	name		50006db5
	btClass		50000169
	btWrapper	50000f23
OBJ 50000f5b (sz=32, trace=300524, class=java.lang.invoke.LambdaForm$BasicType@50000f59)
	name		50006dcb
	btClass		5000629a
	btWrapper	50000e0e
OBJ 50000f5c (sz=32, trace=300525, class=java.lang.invoke.LambdaForm$BasicType@50000f59)
	name		50006dcc
	btClass		50006299
	btWrapper	50000f15
OBJ 50000f5d (sz=32, trace=300526, class=java.lang.invoke.LambdaForm$BasicType@50000f59)
	name		50006dcd
	btClass		5000629e
	btWrapper	50000f1a
OBJ 50000f5e (sz=32, trace=300527, class=java.lang.invoke.LambdaForm$BasicType@50000f59)
	name		50006dce
	btClass		5000629d
	btWrapper	50000f1f
OBJ 50000f5f (sz=32, trace=300528, class=java.lang.invoke.LambdaForm$BasicType@50000f59)
	name		50006dcf
	btClass		500062a1
	btWrapper	50000f28
ARR 50000f61 (sz=40, trace=300529, nelems=6, elem type=java.lang.invoke.LambdaForm$BasicType[]@50000f60)
	[0]		50000f5a
	[1]		50000f5b
	[2]		50000f5c
	[3]		50000f5d
	[4]		50000f5e
	[5]		50000f5f
ARR 50000f64 (sz=40, trace=300531, nelems=5, elem type=java.lang.invoke.LambdaForm$Name[][]@50000f63)
	[0]		50006ddb
	[1]		50006ddc
	[2]		50006ddd
	[3]		50006dde
	[4]		50006ddf
OBJ 50000f65 (sz=32, trace=300532, class=java.lang.invoke.LambdaForm$Name@50000f62)
	type		50000f5a
OBJ 50000f66 (sz=32, trace=300532, class=java.lang.invoke.LambdaForm$Name@50000f62)
	type		50000f5a
OBJ 50000f67 (sz=32, trace=300532, class=java.lang.invoke.LambdaForm$Name@50000f62)
	type		50000f5a
OBJ 50000f68 (sz=32, trace=300532, class=java.lang.invoke.LambdaForm$Name@50000f62)
	type		50000f5a
OBJ 50000f69 (sz=32, trace=300532, class=java.lang.invoke.LambdaForm$Name@50000f62)
	type		50000f5a
OBJ 50000f6a (sz=32, trace=300532, class=java.lang.invoke.LambdaForm$Name@50000f62)
	type		50000f5a
OBJ 50000f6b (sz=32, trace=300532, class=java.lang.invoke.LambdaForm$Name@50000f62)
	type		50000f5a
OBJ 50000f6c (sz=32, trace=300532, class=java.lang.invoke.LambdaForm$Name@50000f62)
	type		50000f5a
OBJ 50000f6d (sz=32, trace=300532, class=java.lang.invoke.LambdaForm$Name@50000f62)
	type		50000f5a
OBJ 50000f6e (sz=32, trace=300532, class=java.lang.invoke.LambdaForm$Name@50000f62)
	type		50000f5a
OBJ 50000f6f (sz=32, trace=300532, class=java.lang.invoke.LambdaForm$Name@50000f62)
	type		50000f5b
OBJ 50000f70 (sz=32, trace=300532, class=java.lang.invoke.LambdaForm$Name@50000f62)
	type		50000f5b
OBJ 50000f71 (sz=32, trace=300532, class=java.lang.invoke.LambdaForm$Name@50000f62)
	type		50000f5b
OBJ 50000f72 (sz=32, trace=300532, class=java.lang.invoke.LambdaForm$Name@50000f62)
	type		50000f5b
OBJ 50000f73 (sz=32, trace=300532, class=java.lang.invoke.LambdaForm$Name@50000f62)
	type		50000f5b
OBJ 50000f74 (sz=32, trace=300532, class=java.lang.invoke.LambdaForm$Name@50000f62)
	type		50000f5b
OBJ 50000f75 (sz=32, trace=300532, class=java.lang.invoke.LambdaForm$Name@50000f62)
	type		50000f5b
OBJ 50000f76 (sz=32, trace=300532, class=java.lang.invoke.LambdaForm$Name@50000f62)
	type		50000f5b
OBJ 50000f77 (sz=32, trace=300532, class=java.lang.invoke.LambdaForm$Name@50000f62)
	type		50000f5b
OBJ 50000f78 (sz=32, trace=300532, class=java.lang.invoke.LambdaForm$Name@50000f62)
	type		50000f5b
OBJ 50000f79 (sz=32, trace=300532, class=java.lang.invoke.LambdaForm$Name@50000f62)
	type		50000f5c
OBJ 50000f7a (sz=32, trace=300532, class=java.lang.invoke.LambdaForm$Name@50000f62)
	type		50000f5c
OBJ 50000f7b (sz=32, trace=300532, class=java.lang.invoke.LambdaForm$Name@50000f62)
	type		50000f5c
OBJ 50000f7c (sz=32, trace=300532, class=java.lang.invoke.LambdaForm$Name@50000f62)
	type		50000f5c
OBJ 50000f7d (sz=32, trace=300532, class=java.lang.invoke.LambdaForm$Name@50000f62)
	type		50000f5c
OBJ 50000f7e (sz=32, trace=300532, class=java.lang.invoke.LambdaForm$Name@50000f62)
	type		50000f5c
OBJ 50000f7f (sz=32, trace=300532, class=java.lang.invoke.LambdaForm$Name@50000f62)
	type		50000f5c
OBJ 50000f80 (sz=32, trace=300532, class=java.lang.invoke.LambdaForm$Name@50000f62)
	type		50000f5c
OBJ 50000f81 (sz=32, trace=300532, class=java.lang.invoke.LambdaForm$Name@50000f62)
	type		50000f5c
OBJ 50000f82 (sz=32, trace=300532, class=java.lang.invoke.LambdaForm$Name@50000f62)
	type		50000f5c
OBJ 50000f83 (sz=32, trace=300532, class=java.lang.invoke.LambdaForm$Name@50000f62)
	type		50000f5d
OBJ 50000f84 (sz=32, trace=300532, class=java.lang.invoke.LambdaForm$Name@50000f62)
	type		50000f5d
OBJ 50000f85 (sz=32, trace=300532, class=java.lang.invoke.LambdaForm$Name@50000f62)
	type		50000f5d
OBJ 50000f86 (sz=32, trace=300532, class=java.lang.invoke.LambdaForm$Name@50000f62)
	type		50000f5d
OBJ 50000f87 (sz=32, trace=300532, class=java.lang.invoke.LambdaForm$Name@50000f62)
	type		50000f5d
OBJ 50000f88 (sz=32, trace=300532, class=java.lang.invoke.LambdaForm$Name@50000f62)
	type		50000f5d
OBJ 50000f89 (sz=32, trace=300532, class=java.lang.invoke.LambdaForm$Name@50000f62)
	type		50000f5d
OBJ 50000f8a (sz=32, trace=300532, class=java.lang.invoke.LambdaForm$Name@50000f62)
	type		50000f5d
OBJ 50000f8b (sz=32, trace=300532, class=java.lang.invoke.LambdaForm$Name@50000f62)
	type		50000f5d
OBJ 50000f8c (sz=32, trace=300532, class=java.lang.invoke.LambdaForm$Name@50000f62)
	type		50000f5d
OBJ 50000f8d (sz=32, trace=300532, class=java.lang.invoke.LambdaForm$Name@50000f62)
	type		50000f5e
OBJ 50000f8e (sz=32, trace=300532, class=java.lang.invoke.LambdaForm$Name@50000f62)
	type		50000f5e
OBJ 50000f8f (sz=32, trace=300532, class=java.lang.invoke.LambdaForm$Name@50000f62)
	type		50000f5e
OBJ 50000f90 (sz=32, trace=300532, class=java.lang.invoke.LambdaForm$Name@50000f62)
	type		50000f5e
OBJ 50000f91 (sz=32, trace=300532, class=java.lang.invoke.LambdaForm$Name@50000f62)
	type		50000f5e
OBJ 50000f92 (sz=32, trace=300532, class=java.lang.invoke.LambdaForm$Name@50000f62)
	type		50000f5e
OBJ 50000f93 (sz=32, trace=300532, class=java.lang.invoke.LambdaForm$Name@50000f62)
	type		50000f5e
OBJ 50000f94 (sz=32, trace=300532, class=java.lang.invoke.LambdaForm$Name@50000f62)
	type		50000f5e
OBJ 50000f95 (sz=32, trace=300532, class=java.lang.invoke.LambdaForm$Name@50000f62)
	type		50000f5e
OBJ 50000f96 (sz=32, trace=300532, class=java.lang.invoke.LambdaForm$Name@50000f62)
	type		50000f5e
ARR 50000f97 (sz=40, trace=300533, nelems=6, elem type=java.lang.invoke.LambdaForm[]@50000f39)
	[0]		50000fd0
	[1]		50000ff9
	[2]		50001026
	[3]		5000104c
	[4]		50001074
	[5]		50001091
ARR 50000f98 (sz=40, trace=300534, nelems=6, elem type=java.lang.invoke.LambdaForm[]@50000f39)
	[0]		50000fd6
	[1]		50000fff
	[2]		5000102c
	[3]		50001052
	[4]		5000107a
	[5]		50001091
ARR 50000f9b (sz=40, trace=300536, nelems=6, elem type=java.lang.invoke.LambdaForm$NamedFunction[]@50000f9a)
	[0]		50000fcd
	[1]		50000ff7
	[2]		50001024
	[3]		5000104a
	[4]		50001072
	[5]		5000108f
ARR 50000f9c (sz=40, trace=300537, nelems=6, elem type=java.lang.invoke.LambdaForm$NamedFunction[]@50000f9a)
	[0]		50000fd1
	[1]		50000ffa
	[2]		50001027
	[3]		5000104d
	[4]		50001075
	[5]		50001092
OBJ 50000f9d (sz=40, trace=300538, class=java.lang.invoke.MethodType@50000121)
OBJ 50000f9e (sz=32, trace=300443, class=java.lang.invoke.MethodType$ConcurrentWeakInternSet$WeakEntry@50000b5f)
OBJ 50000f9f (sz=40, trace=300539, class=java.lang.invoke.MethodType@50000121)
	rtype		50000169
	ptypes		50000b54
	form		50000fa0
	invokers	500026ae
	methodDescriptor	500027b9
OBJ 50000fa0 (sz=56, trace=300540, class=java.lang.invoke.MethodTypeForm@50000b5a)
	argToSlotTable	50000fa2
	slotToArgTable	50000fa1
	erasedType	50000f9f
	basicType	50000f9f
	methodHandles	50000fa4
	lambdaForms	50000fa3
ARR 50000fa1 (sz=4, trace=300541, nelems=1, elem type=int[])
ARR 50000fa2 (sz=4, trace=300542, nelems=1, elem type=int[])
ARR 50000fa3 (sz=88, trace=300543, nelems=16, elem type=java.lang.ref.SoftReference[]@50000b68)
	[1]		5000269e
	[7]		500044ee
	[8]		50002757
	[12]		500044df
	[15]		50005bde
ARR 50000fa4 (sz=32, trace=300544, nelems=2, elem type=java.lang.ref.SoftReference[]@50000b68)
	[0]		50002753
	[1]		50001fbe
OBJ 50000fa5 (sz=32, trace=300452, class=java.lang.invoke.MethodType$ConcurrentWeakInternSet$WeakEntry@50000b5f)
	referent	50000f9f
	queue		50000b52
OBJ 50000fa6 (sz=32, trace=300454, class=java.util.concurrent.ConcurrentHashMap$Node@50000021)
	key		50000fa5
	val		50000fa5
ARR 50000fa7 (sz=24, trace=300545, nelems=0, elem type=java.lang.Class[]@500000fa)
OBJ 50000fa8 (sz=40, trace=300514, class=java.lang.invoke.MethodType@50000121)
OBJ 50000fa9 (sz=32, trace=300443, class=java.lang.invoke.MethodType$ConcurrentWeakInternSet$WeakEntry@50000b5f)
OBJ 50000faa (sz=40, trace=300515, class=java.lang.invoke.MethodType@50000121)
	rtype		50000169
	ptypes		50006e1e
	form		50000fab
	invokers	5000240e
	methodDescriptor	500011f1
OBJ 50000fab (sz=56, trace=300546, class=java.lang.invoke.MethodTypeForm@50000b5a)
	argToSlotTable	50000fad
	slotToArgTable	50000fac
	erasedType	50000faa
	basicType	50000faa
	methodHandles	50000faf
	lambdaForms	50000fae
ARR 50000fac (sz=8, trace=300547, nelems=2, elem type=int[])
ARR 50000fad (sz=8, trace=300548, nelems=2, elem type=int[])
ARR 50000fae (sz=88, trace=300549, nelems=9, elem type=java.lang.ref.SoftReference[]@50000b68)
	[0]		500022f6
	[1]		50001245
	[2]		50002751
	[6]		50001de3
	[7]		5000255e
	[8]		500024bf
ARR 50000faf (sz=32, trace=300550, nelems=2, elem type=java.lang.ref.SoftReference[]@50000b68)
	[0]		500024bb
	[1]		50001fa2
OBJ 50000fb0 (sz=32, trace=300452, class=java.lang.invoke.MethodType$ConcurrentWeakInternSet$WeakEntry@50000b5f)
	referent	50000faa
	queue		50000b52
OBJ 50000fb1 (sz=32, trace=300454, class=java.util.concurrent.ConcurrentHashMap$Node@50000021)
OBJ 50000fb2 (sz=24, trace=300551, class=java.lang.StringBuilder@50000118)
ARR 50000fb3 (sz=48, trace=300552, nelems=0, elem type=char[])
OBJ 50000fb4 (sz=24, trace=300553, class=java.lang.String@50000165)
	value		50000fb5
ARR 50000fb5 (sz=20, trace=300554, nelems=10, elem type=char[])
OBJ 50000fb6 (sz=56, trace=300555, class=java.lang.invoke.MemberName@50000124)
OBJ 50000fb7 (sz=24, trace=300556, class=java.lang.StringBuilder@50000118)
ARR 50000fb8 (sz=48, trace=300557, nelems=0, elem type=char[])
OBJ 50000fb9 (sz=24, trace=300558, class=java.lang.String@50000165)
	value		50000fba
ARR 50000fba (sz=12, trace=300559, nelems=6, elem type=char[])
OBJ 50000fbb (sz=56, trace=300560, class=java.lang.invoke.MemberName@50000124)
ARR 50000fbc (sz=24, trace=300561, nelems=0, elem type=java.lang.Class[]@500000fa)
ARR 50000fbd (sz=24, trace=300562, nelems=2, elem type=java.lang.Class[]@500000fa)
	[0]		50000126
	[1]		500000ff
OBJ 50000fbe (sz=40, trace=300563, class=java.lang.invoke.MethodType@50000121)
OBJ 50000fbf (sz=32, trace=300443, class=java.lang.invoke.MethodType$ConcurrentWeakInternSet$WeakEntry@50000b5f)
OBJ 50000fc0 (sz=40, trace=300564, class=java.lang.invoke.MethodType@50000121)
	rtype		50000169
	ptypes		50000fbd
	form		50000fc4
OBJ 50000fc1 (sz=40, trace=300445, class=java.lang.invoke.MethodType@50000121)
OBJ 50000fc2 (sz=32, trace=300443, class=java.lang.invoke.MethodType$ConcurrentWeakInternSet$WeakEntry@50000b5f)
OBJ 50000fc3 (sz=40, trace=300446, class=java.lang.invoke.MethodType@50000121)
	rtype		50000169
	ptypes		50006de1
	form		50000fc4
	invokers	50002804
	methodDescriptor	500011a8
OBJ 50000fc4 (sz=56, trace=300447, class=java.lang.invoke.MethodTypeForm@50000b5a)
	argToSlotTable	50000fc6
	slotToArgTable	50000fc5
	erasedType	50000fc3
	basicType	50000fc3
	methodHandles	50000fc8
	lambdaForms	50000fc7
ARR 50000fc5 (sz=12, trace=300448, nelems=3, elem type=int[])
ARR 50000fc6 (sz=12, trace=300449, nelems=3, elem type=int[])
ARR 50000fc7 (sz=88, trace=300450, nelems=9, elem type=java.lang.ref.SoftReference[]@50000b68)
	[0]		50001582
	[1]		500014cb
	[2]		500024b9
	[6]		50001dbf
	[7]		5000433f
	[8]		500028c1
ARR 50000fc8 (sz=32, trace=300451, nelems=2, elem type=java.lang.ref.SoftReference[]@50000b68)
	[0]		500028bd
	[1]		50001f89
OBJ 50000fc9 (sz=32, trace=300452, class=java.lang.invoke.MethodType$ConcurrentWeakInternSet$WeakEntry@50000b5f)
	referent	50000fc3
	queue		50000b52
OBJ 50000fca (sz=32, trace=300454, class=java.util.concurrent.ConcurrentHashMap$Node@50000021)
OBJ 50000fcb (sz=32, trace=300452, class=java.lang.invoke.MethodType$ConcurrentWeakInternSet$WeakEntry@50000b5f)
	referent	50000fc0
	queue		50000b52
OBJ 50000fcc (sz=32, trace=300454, class=java.util.concurrent.ConcurrentHashMap$Node@50000021)
OBJ 50000fcd (sz=24, trace=300565, class=java.lang.invoke.LambdaForm$NamedFunction@50000f99)
	member		50006f34
	resolvedHandle	5000175c
ARR 50000fcf (sz=24, trace=300566, nelems=0, elem type=java.lang.invoke.LambdaForm$Name[]@50000fce)
OBJ 50000fd0 (sz=48, trace=300567, class=java.lang.invoke.LambdaForm@50000122)
	names		50006f36
	debugName	50000fb4
	vmentry		50006f35
	transformCache	50005afb
OBJ 50000fd1 (sz=24, trace=300568, class=java.lang.invoke.LambdaForm$NamedFunction@50000f99)
	member		50006f31
	resolvedHandle	500017ba
ARR 50000fd2 (sz=24, trace=300569, nelems=0, elem type=java.lang.invoke.LambdaForm$Name[]@50000fce)
ARR 50000fd3 (sz=24, trace=300570, nelems=0, elem type=java.lang.Object[]@500000ff)
ARR 50000fd4 (sz=24, trace=300571, nelems=0, elem type=java.lang.Object[]@500000ff)
OBJ 50000fd5 (sz=32, trace=300572, class=java.lang.invoke.LambdaForm$Name@50000f62)
	type		50000f5a
	function	50000fcd
	arguments	50000fd4
OBJ 50000fd6 (sz=48, trace=300573, class=java.lang.invoke.LambdaForm@50000122)
	names		50006f33
	debugName	50000fb9
	vmentry		50006f32
OBJ 50000fd7 (sz=40, trace=300538, class=java.lang.invoke.MethodType@50000121)
OBJ 50000fd8 (sz=32, trace=300443, class=java.lang.invoke.MethodType$ConcurrentWeakInternSet$WeakEntry@50000b5f)
OBJ 50000fd9 (sz=40, trace=300539, class=java.lang.invoke.MethodType@50000121)
	rtype		5000629a
	ptypes		50000b54
	form		50000fda
OBJ 50000fda (sz=56, trace=300540, class=java.lang.invoke.MethodTypeForm@50000b5a)
	argToSlotTable	50000fdc
	slotToArgTable	50000fdb
	erasedType	50000fd9
	basicType	50000fd9
	methodHandles	50000fde
	lambdaForms	50000fdd
ARR 50000fdb (sz=4, trace=300541, nelems=1, elem type=int[])
ARR 50000fdc (sz=4, trace=300542, nelems=1, elem type=int[])
ARR 50000fdd (sz=88, trace=300543, nelems=0, elem type=java.lang.ref.SoftReference[]@50000b68)
ARR 50000fde (sz=32, trace=300544, nelems=0, elem type=java.lang.ref.SoftReference[]@50000b68)
OBJ 50000fdf (sz=32, trace=300452, class=java.lang.invoke.MethodType$ConcurrentWeakInternSet$WeakEntry@50000b5f)
	referent	50000fd9
	queue		50000b52
OBJ 50000fe0 (sz=32, trace=300454, class=java.util.concurrent.ConcurrentHashMap$Node@50000021)
ARR 50000fe1 (sz=24, trace=300545, nelems=0, elem type=java.lang.Class[]@500000fa)
OBJ 50000fe2 (sz=40, trace=300514, class=java.lang.invoke.MethodType@50000121)
OBJ 50000fe3 (sz=32, trace=300443, class=java.lang.invoke.MethodType$ConcurrentWeakInternSet$WeakEntry@50000b5f)
OBJ 50000fe4 (sz=40, trace=300515, class=java.lang.invoke.MethodType@50000121)
	rtype		5000629a
	ptypes		50006fd3
	form		50000fe5
	methodDescriptor	500018f7
OBJ 50000fe5 (sz=56, trace=300546, class=java.lang.invoke.MethodTypeForm@50000b5a)
	argToSlotTable	50000fad
	slotToArgTable	50000fac
	erasedType	50000fe4
	basicType	50000fe4
	methodHandles	50000fea
	lambdaForms	50000fe9
ARR 50000fe6 (sz=24, trace=300574, nelems=0, elem type=java.lang.Class[]@500000fa)
OBJ 50000fe7 (sz=40, trace=300575, class=java.lang.invoke.MethodType@50000121)
OBJ 50000fe8 (sz=32, trace=300443, class=java.lang.invoke.MethodType$ConcurrentWeakInternSet$WeakEntry@50000b5f)
ARR 50000fe9 (sz=88, trace=300549, nelems=0, elem type=java.lang.ref.SoftReference[]@50000b68)
ARR 50000fea (sz=32, trace=300550, nelems=0, elem type=java.lang.ref.SoftReference[]@50000b68)
OBJ 50000feb (sz=32, trace=300452, class=java.lang.invoke.MethodType$ConcurrentWeakInternSet$WeakEntry@50000b5f)
	referent	50000fe4
	queue		50000b52
OBJ 50000fec (sz=32, trace=300521, class=java.util.concurrent.ConcurrentHashMap$Node@50000021)
	key		50000feb
	val		50000feb
	next		50001e5a
OBJ 50000fed (sz=24, trace=300551, class=java.lang.StringBuilder@50000118)
ARR 50000fee (sz=48, trace=300552, nelems=0, elem type=char[])
OBJ 50000fef (sz=24, trace=300553, class=java.lang.String@50000165)
	value		50000ff0
ARR 50000ff0 (sz=20, trace=300554, nelems=10, elem type=char[])
OBJ 50000ff1 (sz=56, trace=300555, class=java.lang.invoke.MemberName@50000124)
OBJ 50000ff2 (sz=24, trace=300556, class=java.lang.StringBuilder@50000118)
ARR 50000ff3 (sz=48, trace=300557, nelems=0, elem type=char[])
OBJ 50000ff4 (sz=24, trace=300558, class=java.lang.String@50000165)
	value		50000ff5
ARR 50000ff5 (sz=12, trace=300559, nelems=6, elem type=char[])
OBJ 50000ff6 (sz=56, trace=300560, class=java.lang.invoke.MemberName@50000124)
OBJ 50000ff7 (sz=24, trace=300565, class=java.lang.invoke.LambdaForm$NamedFunction@50000f99)
	member		50006fd2
	resolvedHandle	50001825
ARR 50000ff8 (sz=24, trace=300566, nelems=0, elem type=java.lang.invoke.LambdaForm$Name[]@50000fce)
OBJ 50000ff9 (sz=48, trace=300567, class=java.lang.invoke.LambdaForm@50000122)
	names		50006fc0
	debugName	50000fef
	vmentry		50006fbf
OBJ 50000ffa (sz=24, trace=300568, class=java.lang.invoke.LambdaForm$NamedFunction@50000f99)
	member		50006fe1
	resolvedHandle	50001893
ARR 50000ffb (sz=24, trace=300569, nelems=0, elem type=java.lang.invoke.LambdaForm$Name[]@50000fce)
ARR 50000ffc (sz=24, trace=300570, nelems=0, elem type=java.lang.Object[]@500000ff)
ARR 50000ffd (sz=24, trace=300571, nelems=1, elem type=java.lang.Object[]@500000ff)
	[0]		500064a9
OBJ 50000ffe (sz=32, trace=300572, class=java.lang.invoke.LambdaForm$Name@50000f62)
	type		50000f5b
	function	50000ff7
	arguments	50000ffd
OBJ 50000fff (sz=48, trace=300573, class=java.lang.invoke.LambdaForm@50000122)
	names		50006fd1
	debugName	50000ff4
	vmentry		50006fd0
OBJ 50001000 (sz=40, trace=300538, class=java.lang.invoke.MethodType@50000121)
OBJ 50001001 (sz=32, trace=300443, class=java.lang.invoke.MethodType$ConcurrentWeakInternSet$WeakEntry@50000b5f)
OBJ 50001002 (sz=40, trace=300539, class=java.lang.invoke.MethodType@50000121)
	rtype		50006299
	ptypes		50000b54
	form		50001003
OBJ 50001003 (sz=56, trace=300540, class=java.lang.invoke.MethodTypeForm@50000b5a)
	argToSlotTable	50001005
	slotToArgTable	50001004
	erasedType	50001002
	basicType	50001002
	methodHandles	50001007
	lambdaForms	50001006
ARR 50001004 (sz=4, trace=300541, nelems=1, elem type=int[])
ARR 50001005 (sz=4, trace=300542, nelems=1, elem type=int[])
ARR 50001006 (sz=88, trace=300543, nelems=0, elem type=java.lang.ref.SoftReference[]@50000b68)
ARR 50001007 (sz=32, trace=300544, nelems=0, elem type=java.lang.ref.SoftReference[]@50000b68)
OBJ 50001008 (sz=32, trace=300452, class=java.lang.invoke.MethodType$ConcurrentWeakInternSet$WeakEntry@50000b5f)
	referent	50001002
	queue		50000b52
OBJ 50001009 (sz=32, trace=300454, class=java.util.concurrent.ConcurrentHashMap$Node@50000021)
ARR 5000100a (sz=144, trace=300576, nelems=0, elem type=java.util.concurrent.ConcurrentHashMap$Node[]@50000020)
OBJ 5000100c (sz=32, trace=300578, class=java.util.concurrent.ConcurrentHashMap$ForwardingNode@5000100b)
OBJ 5000100d (sz=32, trace=300579, class=java.util.concurrent.ConcurrentHashMap$Node@50000021)
	key		50000fb0
	val		50000fb0
OBJ 5000100e (sz=32, trace=300579, class=java.util.concurrent.ConcurrentHashMap$Node@50000021)
ARR 5000100f (sz=24, trace=300545, nelems=0, elem type=java.lang.Class[]@500000fa)
OBJ 50001010 (sz=40, trace=300514, class=java.lang.invoke.MethodType@50000121)
OBJ 50001011 (sz=32, trace=300443, class=java.lang.invoke.MethodType$ConcurrentWeakInternSet$WeakEntry@50000b5f)
OBJ 50001012 (sz=40, trace=300515, class=java.lang.invoke.MethodType@50000121)
	rtype		50006299
	ptypes		50006fcf
	form		50001013
	methodDescriptor	500019d6
OBJ 50001013 (sz=56, trace=300546, class=java.lang.invoke.MethodTypeForm@50000b5a)
	argToSlotTable	50001015
	slotToArgTable	50001014
	erasedType	50001012
	basicType	50001012
	methodHandles	50001017
	lambdaForms	50001016
ARR 50001014 (sz=12, trace=300580, nelems=3, elem type=int[])
ARR 50001015 (sz=8, trace=300581, nelems=2, elem type=int[])
ARR 50001016 (sz=88, trace=300549, nelems=0, elem type=java.lang.ref.SoftReference[]@50000b68)
ARR 50001017 (sz=32, trace=300550, nelems=0, elem type=java.lang.ref.SoftReference[]@50000b68)
OBJ 50001018 (sz=32, trace=300452, class=java.lang.invoke.MethodType$ConcurrentWeakInternSet$WeakEntry@50000b5f)
	referent	50001012
	queue		50000b52
OBJ 50001019 (sz=32, trace=300454, class=java.util.concurrent.ConcurrentHashMap$Node@50000021)
	key		50001018
	val		50001018
OBJ 5000101a (sz=24, trace=300551, class=java.lang.StringBuilder@50000118)
ARR 5000101b (sz=48, trace=300552, nelems=0, elem type=char[])
OBJ 5000101c (sz=24, trace=300553, class=java.lang.String@50000165)
	value		5000101d
ARR 5000101d (sz=20, trace=300554, nelems=10, elem type=char[])
OBJ 5000101e (sz=56, trace=300555, class=java.lang.invoke.MemberName@50000124)
OBJ 5000101f (sz=24, trace=300556, class=java.lang.StringBuilder@50000118)
ARR 50001020 (sz=48, trace=300557, nelems=0, elem type=char[])
OBJ 50001021 (sz=24, trace=300558, class=java.lang.String@50000165)
	value		50001022
ARR 50001022 (sz=12, trace=300559, nelems=6, elem type=char[])
OBJ 50001023 (sz=56, trace=300560, class=java.lang.invoke.MemberName@50000124)
OBJ 50001024 (sz=24, trace=300565, class=java.lang.invoke.LambdaForm$NamedFunction@50000f99)
	member		50006fce
	resolvedHandle	50001918
ARR 50001025 (sz=24, trace=300566, nelems=0, elem type=java.lang.invoke.LambdaForm$Name[]@50000fce)
OBJ 50001026 (sz=48, trace=300567, class=java.lang.invoke.LambdaForm@50000122)
	names		50006fbd
	debugName	5000101c
	vmentry		50006fbc
OBJ 50001027 (sz=24, trace=300568, class=java.lang.invoke.LambdaForm$NamedFunction@50000f99)
	member		50006fe0
	resolvedHandle	50001985
ARR 50001028 (sz=24, trace=300569, nelems=0, elem type=java.lang.invoke.LambdaForm$Name[]@50000fce)
ARR 50001029 (sz=24, trace=300570, nelems=0, elem type=java.lang.Object[]@500000ff)
ARR 5000102a (sz=24, trace=300571, nelems=1, elem type=java.lang.Object[]@500000ff)
	[0]		50000e94
OBJ 5000102b (sz=32, trace=300572, class=java.lang.invoke.LambdaForm$Name@50000f62)
	type		50000f5c
	function	50001024
	arguments	5000102a
OBJ 5000102c (sz=48, trace=300573, class=java.lang.invoke.LambdaForm@50000122)
	names		50006fcd
	debugName	50001021
	vmentry		50006fcc
OBJ 5000102d (sz=40, trace=300538, class=java.lang.invoke.MethodType@50000121)
OBJ 5000102e (sz=32, trace=300443, class=java.lang.invoke.MethodType$ConcurrentWeakInternSet$WeakEntry@50000b5f)
OBJ 5000102f (sz=40, trace=300539, class=java.lang.invoke.MethodType@50000121)
	rtype		5000629e
	ptypes		50000b54
	form		50001030
OBJ 50001030 (sz=56, trace=300540, class=java.lang.invoke.MethodTypeForm@50000b5a)
	argToSlotTable	50001032
	slotToArgTable	50001031
	erasedType	5000102f
	basicType	5000102f
	methodHandles	50001034
	lambdaForms	50001033
ARR 50001031 (sz=4, trace=300541, nelems=1, elem type=int[])
ARR 50001032 (sz=4, trace=300542, nelems=1, elem type=int[])
ARR 50001033 (sz=88, trace=300543, nelems=0, elem type=java.lang.ref.SoftReference[]@50000b68)
ARR 50001034 (sz=32, trace=300544, nelems=0, elem type=java.lang.ref.SoftReference[]@50000b68)
OBJ 50001035 (sz=32, trace=300452, class=java.lang.invoke.MethodType$ConcurrentWeakInternSet$WeakEntry@50000b5f)
	referent	5000102f
	queue		50000b52
OBJ 50001036 (sz=32, trace=300521, class=java.util.concurrent.ConcurrentHashMap$Node@50000021)
ARR 50001037 (sz=24, trace=300545, nelems=0, elem type=java.lang.Class[]@500000fa)
OBJ 50001038 (sz=40, trace=300514, class=java.lang.invoke.MethodType@50000121)
OBJ 50001039 (sz=32, trace=300443, class=java.lang.invoke.MethodType$ConcurrentWeakInternSet$WeakEntry@50000b5f)
OBJ 5000103a (sz=40, trace=300515, class=java.lang.invoke.MethodType@50000121)
	rtype		5000629e
	ptypes		50006fca
	form		5000103b
	methodDescriptor	50001ac6
OBJ 5000103b (sz=56, trace=300546, class=java.lang.invoke.MethodTypeForm@50000b5a)
	argToSlotTable	50000fad
	slotToArgTable	50000fac
	erasedType	5000103a
	basicType	5000103a
	methodHandles	5000103d
	lambdaForms	5000103c
ARR 5000103c (sz=88, trace=300549, nelems=0, elem type=java.lang.ref.SoftReference[]@50000b68)
ARR 5000103d (sz=32, trace=300550, nelems=0, elem type=java.lang.ref.SoftReference[]@50000b68)
OBJ 5000103e (sz=32, trace=300452, class=java.lang.invoke.MethodType$ConcurrentWeakInternSet$WeakEntry@50000b5f)
	referent	5000103a
	queue		50000b52
OBJ 5000103f (sz=32, trace=300521, class=java.util.concurrent.ConcurrentHashMap$Node@50000021)
	key		5000103e
	val		5000103e
OBJ 50001040 (sz=24, trace=300551, class=java.lang.StringBuilder@50000118)
ARR 50001041 (sz=48, trace=300552, nelems=0, elem type=char[])
OBJ 50001042 (sz=24, trace=300553, class=java.lang.String@50000165)
	value		50001043
ARR 50001043 (sz=20, trace=300554, nelems=10, elem type=char[])
OBJ 50001044 (sz=56, trace=300555, class=java.lang.invoke.MemberName@50000124)
OBJ 50001045 (sz=24, trace=300556, class=java.lang.StringBuilder@50000118)
ARR 50001046 (sz=48, trace=300557, nelems=0, elem type=char[])
OBJ 50001047 (sz=24, trace=300558, class=java.lang.String@50000165)
	value		50001048
ARR 50001048 (sz=12, trace=300559, nelems=6, elem type=char[])
OBJ 50001049 (sz=56, trace=300560, class=java.lang.invoke.MemberName@50000124)
OBJ 5000104a (sz=24, trace=300565, class=java.lang.invoke.LambdaForm$NamedFunction@50000f99)
	member		50006fc9
	resolvedHandle	500019f7
ARR 5000104b (sz=24, trace=300566, nelems=0, elem type=java.lang.invoke.LambdaForm$Name[]@50000fce)
OBJ 5000104c (sz=48, trace=300567, class=java.lang.invoke.LambdaForm@50000122)
	names		50006fba
	debugName	50001042
	vmentry		50006fb9
OBJ 5000104d (sz=24, trace=300568, class=java.lang.invoke.LambdaForm$NamedFunction@50000f99)
	member		50006fdf
	resolvedHandle	50001a62
ARR 5000104e (sz=24, trace=300569, nelems=0, elem type=java.lang.invoke.LambdaForm$Name[]@50000fce)
ARR 5000104f (sz=24, trace=300570, nelems=0, elem type=java.lang.Object[]@500000ff)
ARR 50001050 (sz=24, trace=300571, nelems=1, elem type=java.lang.Object[]@500000ff)
	[0]		50000f18
OBJ 50001051 (sz=32, trace=300572, class=java.lang.invoke.LambdaForm$Name@50000f62)
	type		50000f5d
	function	5000104a
	arguments	50001050
OBJ 50001052 (sz=48, trace=300573, class=java.lang.invoke.LambdaForm@50000122)
	names		50006fc8
	debugName	50001047
	vmentry		50006fc7
OBJ 50001053 (sz=40, trace=300538, class=java.lang.invoke.MethodType@50000121)
OBJ 50001054 (sz=32, trace=300443, class=java.lang.invoke.MethodType$ConcurrentWeakInternSet$WeakEntry@50000b5f)
OBJ 50001055 (sz=40, trace=300539, class=java.lang.invoke.MethodType@50000121)
	rtype		5000629d
	ptypes		50000b54
	form		50001056
OBJ 50001056 (sz=56, trace=300540, class=java.lang.invoke.MethodTypeForm@50000b5a)
	argToSlotTable	50001058
	slotToArgTable	50001057
	erasedType	50001055
	basicType	50001055
	methodHandles	5000105a
	lambdaForms	50001059
ARR 50001057 (sz=4, trace=300541, nelems=1, elem type=int[])
ARR 50001058 (sz=4, trace=300542, nelems=1, elem type=int[])
ARR 50001059 (sz=88, trace=300543, nelems=0, elem type=java.lang.ref.SoftReference[]@50000b68)
ARR 5000105a (sz=32, trace=300544, nelems=0, elem type=java.lang.ref.SoftReference[]@50000b68)
OBJ 5000105b (sz=32, trace=300452, class=java.lang.invoke.MethodType$ConcurrentWeakInternSet$WeakEntry@50000b5f)
	referent	50001055
	queue		50000b52
OBJ 5000105c (sz=32, trace=300521, class=java.util.concurrent.ConcurrentHashMap$Node@50000021)
	key		5000105b
	val		5000105b
	next		50001e72
ARR 5000105d (sz=24, trace=300545, nelems=0, elem type=java.lang.Class[]@500000fa)
OBJ 5000105e (sz=40, trace=300514, class=java.lang.invoke.MethodType@50000121)
OBJ 5000105f (sz=32, trace=300443, class=java.lang.invoke.MethodType$ConcurrentWeakInternSet$WeakEntry@50000b5f)
OBJ 50001060 (sz=40, trace=300515, class=java.lang.invoke.MethodType@50000121)
	rtype		5000629d
	ptypes		50006fc5
	form		50001061
	methodDescriptor	50001bb8
OBJ 50001061 (sz=56, trace=300546, class=java.lang.invoke.MethodTypeForm@50000b5a)
	argToSlotTable	50001063
	slotToArgTable	50001062
	erasedType	50001060
	basicType	50001060
	methodHandles	50001065
	lambdaForms	50001064
ARR 50001062 (sz=12, trace=300580, nelems=3, elem type=int[])
ARR 50001063 (sz=8, trace=300581, nelems=2, elem type=int[])
ARR 50001064 (sz=88, trace=300549, nelems=0, elem type=java.lang.ref.SoftReference[]@50000b68)
ARR 50001065 (sz=32, trace=300550, nelems=0, elem type=java.lang.ref.SoftReference[]@50000b68)
OBJ 50001066 (sz=32, trace=300452, class=java.lang.invoke.MethodType$ConcurrentWeakInternSet$WeakEntry@50000b5f)
	referent	50001060
	queue		50000b52
OBJ 50001067 (sz=32, trace=300454, class=java.util.concurrent.ConcurrentHashMap$Node@50000021)
OBJ 50001068 (sz=24, trace=300551, class=java.lang.StringBuilder@50000118)
ARR 50001069 (sz=48, trace=300552, nelems=0, elem type=char[])
OBJ 5000106a (sz=24, trace=300553, class=java.lang.String@50000165)
	value		5000106b
ARR 5000106b (sz=20, trace=300554, nelems=10, elem type=char[])
OBJ 5000106c (sz=56, trace=300555, class=java.lang.invoke.MemberName@50000124)
OBJ 5000106d (sz=24, trace=300556, class=java.lang.StringBuilder@50000118)
ARR 5000106e (sz=48, trace=300557, nelems=0, elem type=char[])
OBJ 5000106f (sz=24, trace=300558, class=java.lang.String@50000165)
	value		50001070
ARR 50001070 (sz=12, trace=300559, nelems=6, elem type=char[])
OBJ 50001071 (sz=56, trace=300560, class=java.lang.invoke.MemberName@50000124)
OBJ 50001072 (sz=24, trace=300565, class=java.lang.invoke.LambdaForm$NamedFunction@50000f99)
	member		50006fc4
	resolvedHandle	50001ae7
ARR 50001073 (sz=24, trace=300566, nelems=0, elem type=java.lang.invoke.LambdaForm$Name[]@50000fce)
OBJ 50001074 (sz=48, trace=300567, class=java.lang.invoke.LambdaForm@50000122)
	names		50006fb7
	debugName	5000106a
	vmentry		50006fb6
OBJ 50001075 (sz=24, trace=300568, class=java.lang.invoke.LambdaForm$NamedFunction@50000f99)
	member		50006fde
	resolvedHandle	50001b54
ARR 50001076 (sz=24, trace=300569, nelems=0, elem type=java.lang.invoke.LambdaForm$Name[]@50000fce)
ARR 50001077 (sz=24, trace=300570, nelems=0, elem type=java.lang.Object[]@500000ff)
ARR 50001078 (sz=24, trace=300571, nelems=1, elem type=java.lang.Object[]@500000ff)
	[0]		50000f1d
OBJ 50001079 (sz=32, trace=300572, class=java.lang.invoke.LambdaForm$Name@50000f62)
	type		50000f5e
	function	50001072
	arguments	50001078
OBJ 5000107a (sz=48, trace=300573, class=java.lang.invoke.LambdaForm@50000122)
	names		50006fc3
	debugName	5000106f
	vmentry		50006fc2
OBJ 5000107b (sz=40, trace=300538, class=java.lang.invoke.MethodType@50000121)
OBJ 5000107c (sz=32, trace=300443, class=java.lang.invoke.MethodType$ConcurrentWeakInternSet$WeakEntry@50000b5f)
OBJ 5000107d (sz=40, trace=300539, class=java.lang.invoke.MethodType@50000121)
	rtype		500062a1
	ptypes		50000b54
	form		5000107e
	methodDescriptor	50005a79
OBJ 5000107e (sz=56, trace=300540, class=java.lang.invoke.MethodTypeForm@50000b5a)
	argToSlotTable	50001080
	slotToArgTable	5000107f
	erasedType	5000107d
	basicType	5000107d
	methodHandles	50001082
	lambdaForms	50001081
ARR 5000107f (sz=4, trace=300541, nelems=1, elem type=int[])
ARR 50001080 (sz=4, trace=300542, nelems=1, elem type=int[])
ARR 50001081 (sz=88, trace=300543, nelems=0, elem type=java.lang.ref.SoftReference[]@50000b68)
ARR 50001082 (sz=32, trace=300544, nelems=2, elem type=java.lang.ref.SoftReference[]@50000b68)
	[1]		50002070
OBJ 50001083 (sz=32, trace=300452, class=java.lang.invoke.MethodType$ConcurrentWeakInternSet$WeakEntry@50000b5f)
	referent	5000107d
	queue		50000b52
OBJ 50001084 (sz=32, trace=300521, class=java.util.concurrent.ConcurrentHashMap$Node@50000021)
OBJ 50001085 (sz=24, trace=300551, class=java.lang.StringBuilder@50000118)
ARR 50001086 (sz=48, trace=300552, nelems=0, elem type=char[])
OBJ 50001087 (sz=24, trace=300553, class=java.lang.String@50000165)
	value		50001088
ARR 50001088 (sz=20, trace=300554, nelems=10, elem type=char[])
OBJ 50001089 (sz=56, trace=300555, class=java.lang.invoke.MemberName@50000124)
OBJ 5000108a (sz=24, trace=300556, class=java.lang.StringBuilder@50000118)
ARR 5000108b (sz=48, trace=300557, nelems=0, elem type=char[])
OBJ 5000108c (sz=24, trace=300558, class=java.lang.String@50000165)
	value		5000108d
ARR 5000108d (sz=12, trace=300559, nelems=6, elem type=char[])
OBJ 5000108e (sz=56, trace=300560, class=java.lang.invoke.MemberName@50000124)
OBJ 5000108f (sz=24, trace=300565, class=java.lang.invoke.LambdaForm$NamedFunction@50000f99)
	member		50006fda
	resolvedHandle	50001bd9
ARR 50001090 (sz=24, trace=300582, nelems=0, elem type=java.lang.invoke.LambdaForm$Name[]@50000fce)
OBJ 50001091 (sz=48, trace=300583, class=java.lang.invoke.LambdaForm@50000122)
	names		50006fb5
	debugName	50001087
	vmentry		50006fb4
OBJ 50001092 (sz=24, trace=300568, class=java.lang.invoke.LambdaForm$NamedFunction@50000f99)
	member		50006fdd
	resolvedHandle	50001c39
OBJ 50001096 (sz=40, trace=300586, class=java.lang.invoke.BoundMethodHandle$SpeciesData@50001095)
	typeChars	500062c7
	typeCodes	50001097
	clazz		50001093
	constructor	50001098
	getters		50001099
	nominalGetters	5000109a
	extensions	5000109c
ARR 50001097 (sz=16, trace=300587, nelems=0, elem type=java.lang.invoke.LambdaForm$BasicType[]@50000f60)
ARR 50001098 (sz=24, trace=300588, nelems=0, elem type=java.lang.invoke.MethodHandle[]@5000018c)
ARR 50001099 (sz=16, trace=300589, nelems=0, elem type=java.lang.invoke.MethodHandle[]@5000018c)
ARR 5000109a (sz=16, trace=300590, nelems=0, elem type=java.lang.invoke.LambdaForm$NamedFunction[]@50000f9a)
ARR 5000109c (sz=40, trace=300591, nelems=1, elem type=java.lang.invoke.BoundMethodHandle$SpeciesData[]@5000109b)
	[0]		500010a4
OBJ 5000109d (sz=64, trace=300592, class=java.util.concurrent.ConcurrentHashMap@50000028)
	table		5000109e
ARR 5000109e (sz=80, trace=300593, nelems=14, elem type=java.util.concurrent.ConcurrentHashMap$Node[]@50000020)
	[0]		5000109f
	[3]		50005889
	[12]		500010aa
	[13]		5000537e
OBJ 5000109f (sz=32, trace=300594, class=java.util.concurrent.ConcurrentHashMap$Node@50000021)
	key		500062c7
	val		50001096
	next		50004e33
ARR 500010a1 (sz=24, trace=300596, nelems=1, elem type=java.lang.String[]@500000bf)
	[0]		50006d3e
OBJ 500010a2 (sz=64, trace=300597, class=java.util.concurrent.ConcurrentHashMap@50000028)
	table		50004af0
OBJ 500010a4 (sz=40, trace=300599, class=java.lang.invoke.BoundMethodHandle$SpeciesData@50001095)
	typeChars	50006d48
	typeCodes	500010a5
	clazz		500010a3
	constructor	500010a6
	getters		500010a7
	nominalGetters	500010a8
	extensions	500010a9
ARR 500010a5 (sz=24, trace=300600, nelems=1, elem type=java.lang.invoke.LambdaForm$BasicType[]@50000f60)
	[0]		50000f5a
ARR 500010a6 (sz=24, trace=300601, nelems=1, elem type=java.lang.invoke.MethodHandle[]@5000018c)
	[0]		50001655
ARR 500010a7 (sz=24, trace=300602, nelems=1, elem type=java.lang.invoke.MethodHandle[]@5000018c)
	[0]		50001759
ARR 500010a8 (sz=24, trace=300603, nelems=1, elem type=java.lang.invoke.LambdaForm$NamedFunction[]@50000f9a)
	[0]		5000175a
ARR 500010a9 (sz=40, trace=300604, nelems=1, elem type=java.lang.invoke.BoundMethodHandle$SpeciesData[]@5000109b)
	[0]		50004dd1
OBJ 500010aa (sz=32, trace=300594, class=java.util.concurrent.ConcurrentHashMap$Node@50000021)
	key		50006d48
	val		500010a4
OBJ 500010ab (sz=24, trace=300605, class=java.lang.StringBuilder@50000118)
ARR 500010ac (sz=168, trace=300606, nelems=0, elem type=char[])
ARR 500010ad (sz=24, trace=300607, nelems=0, elem type=char[])
ARR 500010ae (sz=320, trace=300010, nelems=0, elem type=char[])
OBJ 500010af (sz=24, trace=300608, class=java.lang.String@50000165)
ARR 500010b0 (sz=248, trace=300609, nelems=0, elem type=char[])
ARR 500010b2 (sz=24, trace=300611, nelems=0, elem type=int[])
OBJ 500010b3 (sz=24, trace=300612, class=java.util.ArrayList@500000d4)
OBJ 500010b4 (sz=24, trace=300613, class=java.lang.String@50000165)
ARR 500010b5 (sz=72, trace=300614, nelems=0, elem type=char[])
ARR 500010b6 (sz=54, trace=300615, nelems=27, elem type=char[])
OBJ 500010b7 (sz=24, trace=300616, class=java.lang.String@50000165)
	value		500010b6
OBJ 500010b8 (sz=16, trace=300048, class=java.lang.Object@50000169)
OBJ 500010b9 (sz=32, trace=300050, class=java.util.concurrent.ConcurrentHashMap$Node@50000021)
	key		500010b7
	val		500010b8
	next		50001cb6
OBJ 500010ba (sz=16, trace=300051, class=java.lang.Object@50000169)
OBJ 500010bb (sz=32, trace=300050, class=java.util.concurrent.ConcurrentHashMap$Node@50000021)
	key		500010b7
	val		500010ba
	next		50001cb8
ARR 500010bc (sz=56, trace=300237, nelems=0, elem type=java.lang.Object[]@500000ff)
OBJ 500010bd (sz=24, trace=300613, class=java.lang.String@50000165)
ARR 500010be (sz=72, trace=300614, nelems=0, elem type=char[])
ARR 500010bf (sz=54, trace=300615, nelems=27, elem type=char[])
OBJ 500010c0 (sz=24, trace=300616, class=java.lang.String@50000165)
	value		500010bf
OBJ 500010c1 (sz=16, trace=300048, class=java.lang.Object@50000169)
OBJ 500010c2 (sz=32, trace=300428, class=java.util.concurrent.ConcurrentHashMap$Node@50000021)
	key		500010c0
	val		500010c1
	next		50001da1
OBJ 500010c3 (sz=16, trace=300051, class=java.lang.Object@50000169)
OBJ 500010c4 (sz=32, trace=300428, class=java.util.concurrent.ConcurrentHashMap$Node@50000021)
	key		500010c0
	val		500010c3
	next		50001da3
OBJ 500010c5 (sz=24, trace=300613, class=java.lang.String@50000165)
ARR 500010c6 (sz=48, trace=300614, nelems=0, elem type=char[])
ARR 500010c7 (sz=48, trace=300615, nelems=0, elem type=char[])
OBJ 500010c8 (sz=24, trace=300616, class=java.lang.String@50000165)
OBJ 500010c9 (sz=16, trace=300048, class=java.lang.Object@50000169)
OBJ 500010ca (sz=24, trace=300617, class=java.lang.String@50000165)
ARR 500010cb (sz=88, trace=300614, nelems=0, elem type=char[])
ARR 500010cc (sz=68, trace=300618, nelems=34, elem type=char[])
OBJ 500010cd (sz=24, trace=300619, class=java.lang.String@50000165)
	value		500010cc
OBJ 500010ce (sz=16, trace=300048, class=java.lang.Object@50000169)
OBJ 500010cf (sz=32, trace=300050, class=java.util.concurrent.ConcurrentHashMap$Node@50000021)
OBJ 500010d0 (sz=16, trace=300051, class=java.lang.Object@50000169)
OBJ 500010d1 (sz=32, trace=300050, class=java.util.concurrent.ConcurrentHashMap$Node@50000021)
OBJ 500010d2 (sz=40, trace=300620, class=java.lang.invoke.MethodType@50000121)
OBJ 500010d3 (sz=32, trace=300443, class=java.lang.invoke.MethodType$ConcurrentWeakInternSet$WeakEntry@50000b5f)
OBJ 500010d4 (sz=40, trace=300621, class=java.lang.invoke.MethodType@50000121)
	rtype		50001093
	ptypes		50006fe8
	form		500010d8
OBJ 500010d5 (sz=40, trace=300445, class=java.lang.invoke.MethodType@50000121)
OBJ 500010d6 (sz=32, trace=300443, class=java.lang.invoke.MethodType$ConcurrentWeakInternSet$WeakEntry@50000b5f)
OBJ 500010d7 (sz=40, trace=300446, class=java.lang.invoke.MethodType@50000121)
	rtype		50000169
	ptypes		50006de4
	form		500010d8
	invokers	50002968
	methodDescriptor	50001457
OBJ 500010d8 (sz=56, trace=300447, class=java.lang.invoke.MethodTypeForm@50000b5a)
	argToSlotTable	500010da
	slotToArgTable	500010d9
	erasedType	500010d7
	basicType	500010d7
	methodHandles	500010dc
	lambdaForms	500010db
ARR 500010d9 (sz=16, trace=300448, nelems=4, elem type=int[])
ARR 500010da (sz=16, trace=300449, nelems=4, elem type=int[])
ARR 500010db (sz=88, trace=300450, nelems=9, elem type=java.lang.ref.SoftReference[]@50000b68)
	[1]		50001654
	[2]		500028bb
	[6]		50001e0c
	[8]		50002a65
ARR 500010dc (sz=32, trace=300451, nelems=2, elem type=java.lang.ref.SoftReference[]@50000b68)
	[0]		50002a61
	[1]		50001f70
OBJ 500010dd (sz=32, trace=300452, class=java.lang.invoke.MethodType$ConcurrentWeakInternSet$WeakEntry@50000b5f)
	referent	500010d7
	queue		50000b52
OBJ 500010de (sz=32, trace=300521, class=java.util.concurrent.ConcurrentHashMap$Node@50000021)
	key		500010dd
	val		500010dd
OBJ 500010df (sz=32, trace=300452, class=java.lang.invoke.MethodType$ConcurrentWeakInternSet$WeakEntry@50000b5f)
	referent	500010d4
	queue		50000b52
OBJ 500010e0 (sz=32, trace=300454, class=java.util.concurrent.ConcurrentHashMap$Node@50000021)
	key		500010df
	val		500010df
	next		50002958
OBJ 500010e1 (sz=56, trace=300622, class=java.lang.invoke.MemberName@50000124)
ARR 500010e2 (sz=24, trace=300512, nelems=0, elem type=java.lang.Class[]@500000fa)
OBJ 500010e3 (sz=40, trace=300514, class=java.lang.invoke.MethodType@50000121)
OBJ 500010e4 (sz=32, trace=300443, class=java.lang.invoke.MethodType$ConcurrentWeakInternSet$WeakEntry@50000b5f)
OBJ 500010e5 (sz=40, trace=300515, class=java.lang.invoke.MethodType@50000121)
	rtype		50000169
	ptypes		50006fa5
	form		500010e9
	methodDescriptor	50001617
OBJ 500010e6 (sz=40, trace=300445, class=java.lang.invoke.MethodType@50000121)
OBJ 500010e7 (sz=32, trace=300443, class=java.lang.invoke.MethodType$ConcurrentWeakInternSet$WeakEntry@50000b5f)
OBJ 500010e8 (sz=40, trace=300446, class=java.lang.invoke.MethodType@50000121)
	rtype		50000169
	ptypes		50006de7
	form		500010e9
	invokers	50002bcb
	methodDescriptor	500015d6
OBJ 500010e9 (sz=56, trace=300447, class=java.lang.invoke.MethodTypeForm@50000b5a)
	argToSlotTable	500010eb
	slotToArgTable	500010ea
	erasedType	500010e8
	basicType	500010e8
	methodHandles	500010ed
	lambdaForms	500010ec
ARR 500010ea (sz=20, trace=300448, nelems=5, elem type=int[])
ARR 500010eb (sz=20, trace=300449, nelems=5, elem type=int[])
ARR 500010ec (sz=88, trace=300450, nelems=9, elem type=java.lang.ref.SoftReference[]@50000b68)
	[1]		50002bbc
	[2]		50002a5f
	[8]		50002ce1
ARR 500010ed (sz=32, trace=300451, nelems=2, elem type=java.lang.ref.SoftReference[]@50000b68)
	[0]		50002cdd
	[1]		50001f54
OBJ 500010ee (sz=32, trace=300452, class=java.lang.invoke.MethodType$ConcurrentWeakInternSet$WeakEntry@50000b5f)
	referent	500010e8
	queue		50000b52
OBJ 500010ef (sz=32, trace=300521, class=java.util.concurrent.ConcurrentHashMap$Node@50000021)
	key		500010ee
	val		500010ee
OBJ 500010f0 (sz=32, trace=300452, class=java.lang.invoke.MethodType$ConcurrentWeakInternSet$WeakEntry@50000b5f)
	referent	500010e5
	queue		50000b52
OBJ 500010f1 (sz=32, trace=300454, class=java.util.concurrent.ConcurrentHashMap$Node@50000021)
OBJ 500010f2 (sz=56, trace=300516, class=java.lang.invoke.MemberName@50000124)
ARR 500010f3 (sz=24, trace=300518, nelems=0, elem type=java.lang.Class[]@500000fa)
OBJ 500010f4 (sz=40, trace=300519, class=java.lang.invoke.MethodType@50000121)
OBJ 500010f5 (sz=32, trace=300443, class=java.lang.invoke.MethodType$ConcurrentWeakInternSet$WeakEntry@50000b5f)
OBJ 500010f6 (sz=40, trace=300520, class=java.lang.invoke.MethodType@50000121)
	rtype		50000169
	ptypes		50006de6
	form		500010e9
OBJ 500010f7 (sz=40, trace=300445, class=java.lang.invoke.MethodType@50000121)
OBJ 500010f8 (sz=32, trace=300443, class=java.lang.invoke.MethodType$ConcurrentWeakInternSet$WeakEntry@50000b5f)
OBJ 500010f9 (sz=32, trace=300452, class=java.lang.invoke.MethodType$ConcurrentWeakInternSet$WeakEntry@50000b5f)
	referent	500010f6
	queue		50000b52
OBJ 500010fa (sz=32, trace=300521, class=java.util.concurrent.ConcurrentHashMap$Node@50000021)
ARR 500010fb (sz=40, trace=300623, nelems=0, elem type=java.lang.invoke.LambdaForm$Name[]@50000fce)
ARR 500010fd (sz=64, trace=300625, nelems=0, elem type=java.lang.invoke.LambdaForm$NamedFunction[]@50000f9a)
ARR 500010fe (sz=24, trace=300626, nelems=0, elem type=java.lang.Class[]@500000fa)
OBJ 500010ff (sz=56, trace=300425, class=java.lang.Class$ReflectionData@500000a8)
OBJ 50001100 (sz=40, trace=300040, class=java.lang.ref.SoftReference@50000149)
OBJ 50001102 (sz=88, trace=300426, class=java.lang.reflect.Method@50000135)
OBJ 50001103 (sz=56, trace=300628, class=java.lang.invoke.MemberName@50000124)
	clazz		50000125
	name		50006e0a
	type		50000faa
ARR 50001104 (sz=24, trace=300629, nelems=0, elem type=java.lang.Object[]@500000ff)
OBJ 50001105 (sz=24, trace=300630, class=java.lang.invoke.LambdaForm$NamedFunction@50000f99)
	member		50001103
	resolvedHandle	50001246
ARR 50001106 (sz=24, trace=300631, nelems=0, elem type=java.lang.Class[]@500000fa)
OBJ 50001107 (sz=88, trace=300426, class=java.lang.reflect.Method@50000135)
OBJ 50001108 (sz=56, trace=300632, class=java.lang.invoke.MemberName@50000124)
	clazz		50000125
	name		50006f40
	type		50000faa
ARR 50001109 (sz=24, trace=300633, nelems=0, elem type=java.lang.Object[]@500000ff)
OBJ 5000110a (sz=24, trace=300634, class=java.lang.invoke.LambdaForm$NamedFunction@50000f99)
	member		50001108
	resolvedHandle	50001249
ARR 5000110b (sz=24, trace=300635, nelems=0, elem type=java.lang.Class[]@500000fa)
OBJ 5000110c (sz=88, trace=300426, class=java.lang.reflect.Method@50000135)
OBJ 5000110d (sz=56, trace=300636, class=java.lang.invoke.MemberName@50000124)
	clazz		50000125
	name		50006f41
	type		5000124c
ARR 5000110e (sz=24, trace=300637, nelems=0, elem type=java.lang.Object[]@500000ff)
OBJ 5000110f (sz=24, trace=300638, class=java.lang.invoke.LambdaForm$NamedFunction@50000f99)
	member		5000110d
	resolvedHandle	5000131b
ARR 50001110 (sz=24, trace=300639, nelems=0, elem type=java.lang.Class[]@500000fa)
OBJ 50001111 (sz=88, trace=300426, class=java.lang.reflect.Method@50000135)
OBJ 50001112 (sz=56, trace=300640, class=java.lang.invoke.MemberName@50000124)
	clazz		50000125
	name		50006e14
	type		5000131e
ARR 50001113 (sz=24, trace=300641, nelems=0, elem type=java.lang.Object[]@500000ff)
OBJ 50001114 (sz=24, trace=300642, class=java.lang.invoke.LambdaForm$NamedFunction@50000f99)
	member		50001112
	resolvedHandle	500013ed
ARR 50001115 (sz=24, trace=300643, nelems=0, elem type=java.lang.Class[]@500000fa)
OBJ 50001116 (sz=88, trace=300426, class=java.lang.reflect.Method@50000135)
OBJ 50001117 (sz=56, trace=300644, class=java.lang.invoke.MemberName@50000124)
	clazz		50000125
	name		50006e1c
	type		50000faa
ARR 50001118 (sz=24, trace=300645, nelems=0, elem type=java.lang.Object[]@500000ff)
OBJ 50001119 (sz=24, trace=300646, class=java.lang.invoke.LambdaForm$NamedFunction@50000f99)
	member		50001117
	resolvedHandle	500013f0
ARR 5000111a (sz=24, trace=300647, nelems=0, elem type=java.lang.Class[]@500000fa)
OBJ 5000111b (sz=88, trace=300426, class=java.lang.reflect.Method@50000135)
OBJ 5000111c (sz=56, trace=300648, class=java.lang.invoke.MemberName@50000124)
	clazz		50000125
	name		50006f42
	type		50000faa
ARR 5000111d (sz=24, trace=300649, nelems=0, elem type=java.lang.Object[]@500000ff)
OBJ 5000111e (sz=24, trace=300650, class=java.lang.invoke.LambdaForm$NamedFunction@50000f99)
	member		5000111c
	resolvedHandle	500013f3
ARR 5000111f (sz=24, trace=300651, nelems=0, elem type=java.lang.Class[]@500000fa)
OBJ 50001120 (sz=88, trace=300426, class=java.lang.reflect.Method@50000135)
OBJ 50001121 (sz=56, trace=300652, class=java.lang.invoke.MemberName@50000124)
	clazz		50000125
	name		50006f43
	type		5000131e
ARR 50001122 (sz=24, trace=300653, nelems=0, elem type=java.lang.Object[]@500000ff)
OBJ 50001123 (sz=24, trace=300654, class=java.lang.invoke.LambdaForm$NamedFunction@50000f99)
	member		50001121
	resolvedHandle	500013f6
ARR 50001124 (sz=24, trace=300655, nelems=0, elem type=java.lang.Class[]@500000fa)
OBJ 50001125 (sz=88, trace=300426, class=java.lang.reflect.Method@50000135)
OBJ 50001126 (sz=56, trace=300656, class=java.lang.invoke.MemberName@50000124)
	clazz		50000125
	name		50006f44
	type		50000fc3
ARR 50001127 (sz=24, trace=300657, nelems=0, elem type=java.lang.Object[]@500000ff)
OBJ 50001128 (sz=24, trace=300658, class=java.lang.invoke.LambdaForm$NamedFunction@50000f99)
	member		50001126
	resolvedHandle	500014cc
ARR 50001129 (sz=24, trace=300659, nelems=0, elem type=java.lang.Class[]@500000fa)
OBJ 5000112a (sz=88, trace=300426, class=java.lang.reflect.Method@50000135)
OBJ 5000112b (sz=56, trace=300660, class=java.lang.invoke.MemberName@50000124)
	clazz		50000125
	name		50006f45
	type		50000faa
ARR 5000112c (sz=24, trace=300661, nelems=0, elem type=java.lang.Object[]@500000ff)
OBJ 5000112d (sz=24, trace=300662, class=java.lang.invoke.LambdaForm$NamedFunction@50000f99)
	member		5000112b
	resolvedHandle	500014cf
ARR 5000112e (sz=24, trace=300663, nelems=0, elem type=java.lang.Class[]@500000fa)
OBJ 5000112f (sz=88, trace=300426, class=java.lang.reflect.Method@50000135)
OBJ 50001130 (sz=56, trace=300664, class=java.lang.invoke.MemberName@50000124)
	clazz		50000125
	name		50006f46
	type		50000faa
ARR 50001131 (sz=24, trace=300665, nelems=0, elem type=java.lang.Object[]@500000ff)
OBJ 50001132 (sz=24, trace=300666, class=java.lang.invoke.LambdaForm$NamedFunction@50000f99)
	member		50001130
	resolvedHandle	500014d2
ARR 50001134 (sz=24, trace=300668, nelems=0, elem type=java.lang.Class[]@500000fa)
OBJ 50001135 (sz=56, trace=300425, class=java.lang.Class$ReflectionData@500000a8)
OBJ 50001136 (sz=40, trace=300040, class=java.lang.ref.SoftReference@50000149)
OBJ 50001137 (sz=88, trace=300426, class=java.lang.reflect.Method@50000135)
OBJ 50001138 (sz=56, trace=300669, class=java.lang.invoke.MemberName@50000124)
	clazz		50001133
	name		50006f47
	type		50000faa
ARR 50001139 (sz=24, trace=300670, nelems=0, elem type=java.lang.Object[]@500000ff)
OBJ 5000113a (sz=24, trace=300671, class=java.lang.invoke.LambdaForm$NamedFunction@50000f99)
	member		50001138
	resolvedHandle	50001583
OBJ 5000113b (sz=40, trace=300672, class=java.lang.invoke.MethodType@50000121)
OBJ 5000113c (sz=32, trace=300443, class=java.lang.invoke.MethodType$ConcurrentWeakInternSet$WeakEntry@50000b5f)
ARR 5000113d (sz=24, trace=300512, nelems=0, elem type=java.lang.Class[]@500000fa)
OBJ 5000113e (sz=40, trace=300514, class=java.lang.invoke.MethodType@50000121)
OBJ 5000113f (sz=32, trace=300443, class=java.lang.invoke.MethodType$ConcurrentWeakInternSet$WeakEntry@50000b5f)
OBJ 50001140 (sz=40, trace=300515, class=java.lang.invoke.MethodType@50000121)
	rtype		50000169
	ptypes		50006e38
	form		50000fc4
	methodDescriptor	50001214
OBJ 50001141 (sz=40, trace=300445, class=java.lang.invoke.MethodType@50000121)
OBJ 50001142 (sz=32, trace=300443, class=java.lang.invoke.MethodType$ConcurrentWeakInternSet$WeakEntry@50000b5f)
OBJ 50001143 (sz=32, trace=300452, class=java.lang.invoke.MethodType$ConcurrentWeakInternSet$WeakEntry@50000b5f)
	referent	50001140
	queue		50000b52
OBJ 50001144 (sz=32, trace=300521, class=java.util.concurrent.ConcurrentHashMap$Node@50000021)
ARR 50001145 (sz=272, trace=300576, nelems=0, elem type=java.util.concurrent.ConcurrentHashMap$Node[]@50000020)
OBJ 50001146 (sz=32, trace=300578, class=java.util.concurrent.ConcurrentHashMap$ForwardingNode@5000100b)
OBJ 50001147 (sz=32, trace=300673, class=java.util.concurrent.ConcurrentHashMap$Node@50000021)
	key		50000f57
	val		50000f57
OBJ 50001148 (sz=32, trace=300579, class=java.util.concurrent.ConcurrentHashMap$Node@50000021)
OBJ 50001149 (sz=32, trace=300579, class=java.util.concurrent.ConcurrentHashMap$Node@50000021)
	key		50001008
	val		50001008
	next		50004236
OBJ 5000114a (sz=56, trace=300516, class=java.lang.invoke.MemberName@50000124)
ARR 5000114b (sz=24, trace=300518, nelems=0, elem type=java.lang.Class[]@500000fa)
OBJ 5000114c (sz=40, trace=300519, class=java.lang.invoke.MethodType@50000121)
OBJ 5000114d (sz=32, trace=300443, class=java.lang.invoke.MethodType$ConcurrentWeakInternSet$WeakEntry@50000b5f)
OBJ 5000114e (sz=40, trace=300520, class=java.lang.invoke.MethodType@50000121)
	rtype		50000169
	ptypes		50006e26
	form		50000fc4
OBJ 5000114f (sz=40, trace=300445, class=java.lang.invoke.MethodType@50000121)
OBJ 50001150 (sz=32, trace=300443, class=java.lang.invoke.MethodType$ConcurrentWeakInternSet$WeakEntry@50000b5f)
OBJ 50001151 (sz=32, trace=300452, class=java.lang.invoke.MethodType$ConcurrentWeakInternSet$WeakEntry@50000b5f)
	referent	5000114e
	queue		50000b52
OBJ 50001152 (sz=32, trace=300454, class=java.util.concurrent.ConcurrentHashMap$Node@50000021)
	key		50001151
	val		50001151
ARR 50001153 (sz=32, trace=300623, nelems=0, elem type=java.lang.invoke.LambdaForm$Name[]@50000fce)
ARR 50001154 (sz=24, trace=300674, nelems=0, elem type=java.lang.Object[]@500000ff)
ARR 50001155 (sz=24, trace=300675, nelems=1, elem type=java.lang.Object[]@500000ff)
	[0]		50000f65
OBJ 50001156 (sz=32, trace=300676, class=java.lang.invoke.LambdaForm$Name@50000f62)
	type		50000f5a
	function	50001105
	arguments	50001155
ARR 50001157 (sz=24, trace=300677, nelems=0, elem type=java.lang.Object[]@500000ff)
OBJ 50001158 (sz=24, trace=300678, class=java.lang.invoke.LambdaForm$NamedFunction@50000f99)
	member		50006e4e
ARR 50001159 (sz=24, trace=300679, nelems=2, elem type=java.lang.Object[]@500000ff)
	[0]		50000f66
	[1]		50001156
OBJ 5000115a (sz=32, trace=300680, class=java.lang.invoke.LambdaForm$Name@50000f62)
	type		50000f5a
	function	50001158
	arguments	50001159
OBJ 5000115b (sz=24, trace=300681, class=java.lang.StringBuilder@50000118)
ARR 5000115c (sz=48, trace=300682, nelems=0, elem type=char[])
ARR 5000115d (sz=88, trace=300010, nelems=0, elem type=char[])
ARR 5000115e (sz=24, trace=300683, nelems=0, elem type=char[])
OBJ 50001160 (sz=24, trace=300685, class=java.util.Arrays$ArrayList@5000115f)
OBJ 50001161 (sz=24, trace=300686, class=java.util.Collections$UnmodifiableRandomAccessList@500000ca)
OBJ 50001163 (sz=24, trace=300688, class=java.util.Collections$UnmodifiableCollection$1@50001162)
OBJ 50001165 (sz=32, trace=300690, class=java.util.AbstractList$Itr@50001164)
OBJ 50001166 (sz=24, trace=300691, class=java.lang.String@50000165)
ARR 50001167 (sz=24, trace=300692, nelems=0, elem type=char[])
OBJ 50001168 (sz=24, trace=300693, class=java.lang.String@50000165)
	value		50001169
ARR 50001169 (sz=40, trace=300694, nelems=20, elem type=char[])
OBJ 5000116a (sz=48, trace=300695, class=java.lang.invoke.LambdaForm@50000122)
	names		50006e4d
	debugName	50001168
	vmentry		50006e4c
OBJ 5000116b (sz=24, trace=300696, class=java.lang.StringBuilder@50000118)
ARR 5000116c (sz=32, trace=300697, nelems=0, elem type=char[])
OBJ 5000116d (sz=24, trace=300698, class=java.lang.String@50000165)
ARR 5000116e (sz=24, trace=300699, nelems=0, elem type=char[])
ARR 5000116f (sz=24, trace=300700, nelems=0, elem type=java.lang.Class[]@500000fa)
OBJ 50001170 (sz=40, trace=300701, class=java.lang.invoke.MethodType@50000121)
OBJ 50001171 (sz=32, trace=300443, class=java.lang.invoke.MethodType$ConcurrentWeakInternSet$WeakEntry@50000b5f)
ARR 50001173 (sz=32, trace=300703, nelems=3, elem type=java.lang.Class[]@500000fa)
	[0]		50000169
	[1]		50000099
	[2]		50000117
OBJ 50001174 (sz=64, trace=300704, class=java.lang.invoke.InvokerBytecodeGenerator@50001172)
OBJ 50001175 (sz=48, trace=300705, class=java.util.HashMap@500000bd)
OBJ 50001176 (sz=24, trace=300706, class=java.lang.String@50000165)
ARR 50001177 (sz=24, trace=300707, nelems=0, elem type=char[])
OBJ 50001178 (sz=24, trace=300708, class=java.lang.String@50000165)
	value		50001179
ARR 50001179 (sz=32, trace=300709, nelems=16, elem type=char[])
OBJ 5000117a (sz=24, trace=300710, class=java.lang.StringBuilder@50000118)
ARR 5000117b (sz=48, trace=300711, nelems=0, elem type=char[])
ARR 5000117c (sz=88, trace=300010, nelems=0, elem type=char[])
OBJ 5000117d (sz=24, trace=300712, class=java.lang.String@50000165)
ARR 5000117e (sz=80, trace=300713, nelems=0, elem type=char[])
OBJ 5000117f (sz=24, trace=300714, class=java.lang.StringBuilder@50000118)
ARR 50001180 (sz=48, trace=300715, nelems=0, elem type=char[])
OBJ 50001181 (sz=24, trace=300716, class=java.lang.String@50000165)
ARR 50001182 (sz=48, trace=300717, nelems=0, elem type=char[])
ARR 50001183 (sz=40, trace=300718, nelems=0, elem type=int[])
ARR 50001184 (sz=40, trace=300719, nelems=0, elem type=java.lang.invoke.LambdaForm$BasicType[]@50000f60)
ARR 50001185 (sz=40, trace=300720, nelems=0, elem type=java.lang.Class[]@500000fa)
ARR 50001188 (sz=220, trace=300722, nelems=220, elem type=byte[])
OBJ 50001189 (sz=168, trace=300723, class=jdk.internal.org.objectweb.asm.ClassWriter@50001187)
OBJ 5000118b (sz=24, trace=300725, class=jdk.internal.org.objectweb.asm.ByteVector@5000118a)
ARR 5000118c (sz=80, trace=300726, nelems=0, elem type=byte[])
ARR 5000118f (sz=1040, trace=300728, nelems=0, elem type=jdk.internal.org.objectweb.asm.Item[]@5000118e)
OBJ 50001190 (sz=56, trace=300729, class=jdk.internal.org.objectweb.asm.Item@5000118d)
OBJ 50001191 (sz=56, trace=300730, class=jdk.internal.org.objectweb.asm.Item@5000118d)
OBJ 50001192 (sz=56, trace=300731, class=jdk.internal.org.objectweb.asm.Item@5000118d)
OBJ 50001193 (sz=56, trace=300732, class=jdk.internal.org.objectweb.asm.Item@5000118d)
OBJ 50001194 (sz=56, trace=300733, class=jdk.internal.org.objectweb.asm.Item@5000118d)
OBJ 50001195 (sz=56, trace=300734, class=jdk.internal.org.objectweb.asm.Item@5000118d)
OBJ 50001196 (sz=56, trace=300733, class=jdk.internal.org.objectweb.asm.Item@5000118d)
OBJ 50001197 (sz=56, trace=300735, class=jdk.internal.org.objectweb.asm.Item@5000118d)
ARR 50001198 (sz=144, trace=300736, nelems=0, elem type=byte[])
OBJ 50001199 (sz=56, trace=300737, class=jdk.internal.org.objectweb.asm.Item@5000118d)
OBJ 5000119a (sz=24, trace=300685, class=java.util.Arrays$ArrayList@5000115f)
OBJ 5000119b (sz=24, trace=300686, class=java.util.Collections$UnmodifiableRandomAccessList@500000ca)
OBJ 5000119c (sz=24, trace=300738, class=java.lang.StringBuilder@50000118)
ARR 5000119d (sz=48, trace=300739, nelems=0, elem type=char[])
OBJ 5000119e (sz=24, trace=300740, class=java.util.Collections$UnmodifiableCollection$1@50001162)
OBJ 5000119f (sz=32, trace=300690, class=java.util.AbstractList$Itr@50001164)
ARR 500011a0 (sz=48, trace=300741, nelems=0, elem type=char[])
OBJ 500011a1 (sz=24, trace=300742, class=java.lang.String@50000165)
ARR 500011a2 (sz=88, trace=300010, nelems=0, elem type=char[])
ARR 500011a3 (sz=48, trace=300741, nelems=0, elem type=char[])
OBJ 500011a4 (sz=24, trace=300742, class=java.lang.String@50000165)
ARR 500011a5 (sz=160, trace=300010, nelems=0, elem type=char[])
ARR 500011a6 (sz=48, trace=300743, nelems=0, elem type=char[])
OBJ 500011a7 (sz=24, trace=300744, class=java.lang.String@50000165)
OBJ 500011a8 (sz=24, trace=300745, class=java.lang.String@50000165)
	value		500011a9
ARR 500011a9 (sz=112, trace=300746, nelems=56, elem type=char[])
OBJ 500011ac (sz=224, trace=300748, class=jdk.internal.org.objectweb.asm.MethodWriter@500011ab)
OBJ 500011ad (sz=24, trace=300749, class=jdk.internal.org.objectweb.asm.ByteVector@5000118a)
ARR 500011ae (sz=80, trace=300750, nelems=0, elem type=byte[])
OBJ 500011af (sz=56, trace=300751, class=jdk.internal.org.objectweb.asm.Item@5000118d)
ARR 500011b0 (sz=272, trace=300752, nelems=0, elem type=byte[])
OBJ 500011b1 (sz=56, trace=300753, class=jdk.internal.org.objectweb.asm.Item@5000118d)
OBJ 500011b3 (sz=32, trace=300755, class=jdk.internal.org.objectweb.asm.Type@500011b2)
OBJ 500011b4 (sz=32, trace=300756, class=jdk.internal.org.objectweb.asm.Type@500011b2)
OBJ 500011b5 (sz=32, trace=300757, class=jdk.internal.org.objectweb.asm.Type@500011b2)
OBJ 500011b6 (sz=32, trace=300758, class=jdk.internal.org.objectweb.asm.Type@500011b2)
OBJ 500011b7 (sz=32, trace=300759, class=jdk.internal.org.objectweb.asm.Type@500011b2)
OBJ 500011b8 (sz=32, trace=300760, class=jdk.internal.org.objectweb.asm.Type@500011b2)
OBJ 500011b9 (sz=32, trace=300761, class=jdk.internal.org.objectweb.asm.Type@500011b2)
OBJ 500011ba (sz=32, trace=300762, class=jdk.internal.org.objectweb.asm.Type@500011b2)
OBJ 500011bb (sz=32, trace=300763, class=jdk.internal.org.objectweb.asm.Type@500011b2)
OBJ 500011bd (sz=64, trace=300765, class=jdk.internal.org.objectweb.asm.Label@500011bc)
ARR 500011bf (sz=808, trace=300767, nelems=202, elem type=int[])
OBJ 500011c0 (sz=48, trace=300768, class=jdk.internal.org.objectweb.asm.Frame@500011be)
OBJ 500011c1 (sz=24, trace=300769, class=jdk.internal.org.objectweb.asm.ByteVector@5000118a)
ARR 500011c2 (sz=80, trace=300770, nelems=0, elem type=byte[])
OBJ 500011c3 (sz=56, trace=300771, class=jdk.internal.org.objectweb.asm.Item@5000118d)
OBJ 500011c6 (sz=56, trace=300773, class=jdk.internal.org.objectweb.asm.AnnotationWriter@500011c5)
OBJ 500011c7 (sz=24, trace=300774, class=jdk.internal.org.objectweb.asm.ByteVector@5000118a)
ARR 500011c8 (sz=80, trace=300775, nelems=0, elem type=byte[])
OBJ 500011c9 (sz=56, trace=300776, class=jdk.internal.org.objectweb.asm.Item@5000118d)
OBJ 500011ca (sz=56, trace=300773, class=jdk.internal.org.objectweb.asm.AnnotationWriter@500011c5)
OBJ 500011cb (sz=24, trace=300777, class=jdk.internal.org.objectweb.asm.ByteVector@5000118a)
ARR 500011cc (sz=80, trace=300778, nelems=0, elem type=byte[])
ARR 500011cd (sz=528, trace=300779, nelems=0, elem type=byte[])
OBJ 500011ce (sz=56, trace=300780, class=jdk.internal.org.objectweb.asm.Item@5000118d)
OBJ 500011cf (sz=56, trace=300773, class=jdk.internal.org.objectweb.asm.AnnotationWriter@500011c5)
OBJ 500011d1 (sz=24, trace=300782, class=java.lang.invoke.MethodHandleImpl$Intrinsic@500011d0)
	name		50006edc
OBJ 500011d2 (sz=24, trace=300783, class=java.lang.invoke.MethodHandleImpl$Intrinsic@500011d0)
	name		50006edd
OBJ 500011d3 (sz=24, trace=300784, class=java.lang.invoke.MethodHandleImpl$Intrinsic@500011d0)
	name		50006ede
OBJ 500011d4 (sz=24, trace=300785, class=java.lang.invoke.MethodHandleImpl$Intrinsic@500011d0)
	name		50006edf
OBJ 500011d5 (sz=24, trace=300786, class=java.lang.invoke.MethodHandleImpl$Intrinsic@500011d0)
	name		50006ee0
OBJ 500011d6 (sz=24, trace=300787, class=java.lang.invoke.MethodHandleImpl$Intrinsic@500011d0)
	name		50006ee1
OBJ 500011d7 (sz=24, trace=300788, class=java.lang.invoke.MethodHandleImpl$Intrinsic@500011d0)
	name		50006ee2
OBJ 500011d8 (sz=24, trace=300789, class=java.lang.invoke.MethodHandleImpl$Intrinsic@500011d0)
	name		50006ee3
ARR 500011da (sz=48, trace=300790, nelems=8, elem type=java.lang.invoke.MethodHandleImpl$Intrinsic[]@500011d9)
	[0]		500011d1
	[1]		500011d2
	[2]		500011d3
	[3]		500011d4
	[4]		500011d5
	[5]		500011d6
	[6]		500011d7
	[7]		500011d8
ARR 500011dc (sz=32, trace=300792, nelems=8, elem type=int[])
ARR 500011dd (sz=40, trace=300793, nelems=10, elem type=int[])
ARR 500011de (sz=24, trace=300794, nelems=6, elem type=int[])
OBJ 500011df (sz=24, trace=300795, class=java.lang.String@50000165)
ARR 500011e0 (sz=56, trace=300462, nelems=0, elem type=char[])
ARR 500011e1 (sz=88, trace=300796, nelems=0, elem type=char[])
OBJ 500011e2 (sz=24, trace=300797, class=java.lang.String@50000165)
ARR 500011e3 (sz=56, trace=300798, nelems=0, elem type=int[])
OBJ 500011e5 (sz=24, trace=300685, class=java.util.Arrays$ArrayList@5000115f)
OBJ 500011e6 (sz=24, trace=300686, class=java.util.Collections$UnmodifiableRandomAccessList@500000ca)
OBJ 500011e7 (sz=24, trace=300738, class=java.lang.StringBuilder@50000118)
ARR 500011e8 (sz=48, trace=300739, nelems=0, elem type=char[])
OBJ 500011e9 (sz=24, trace=300740, class=java.util.Collections$UnmodifiableCollection$1@50001162)
OBJ 500011ea (sz=32, trace=300690, class=java.util.AbstractList$Itr@50001164)
ARR 500011eb (sz=48, trace=300741, nelems=0, elem type=char[])
OBJ 500011ec (sz=24, trace=300742, class=java.lang.String@50000165)
ARR 500011ed (sz=88, trace=300010, nelems=0, elem type=char[])
ARR 500011ee (sz=48, trace=300743, nelems=0, elem type=char[])
OBJ 500011ef (sz=24, trace=300744, class=java.lang.String@50000165)
ARR 500011f0 (sz=160, trace=300010, nelems=0, elem type=char[])
OBJ 500011f1 (sz=24, trace=300745, class=java.lang.String@50000165)
	value		500011f2
ARR 500011f2 (sz=76, trace=300746, nelems=38, elem type=char[])
OBJ 500011f3 (sz=56, trace=300733, class=jdk.internal.org.objectweb.asm.Item@5000118d)
OBJ 500011f4 (sz=56, trace=300800, class=jdk.internal.org.objectweb.asm.Item@5000118d)
OBJ 500011f5 (sz=56, trace=300801, class=jdk.internal.org.objectweb.asm.Item@5000118d)
OBJ 500011f6 (sz=56, trace=300802, class=jdk.internal.org.objectweb.asm.Item@5000118d)
OBJ 500011f7 (sz=56, trace=300803, class=jdk.internal.org.objectweb.asm.Item@5000118d)
OBJ 500011f8 (sz=56, trace=300804, class=jdk.internal.org.objectweb.asm.Item@5000118d)
OBJ 500011f9 (sz=24, trace=300805, class=java.lang.String@50000165)
ARR 500011fa (sz=48, trace=300806, nelems=0, elem type=char[])
OBJ 500011fb (sz=56, trace=300807, class=jdk.internal.org.objectweb.asm.Item@5000118d)
ARR 500011fc (sz=80, trace=300808, nelems=0, elem type=jdk.internal.org.objectweb.asm.Item[]@5000118e)
ARR 500011fd (sz=56, trace=300809, nelems=0, elem type=int[])
OBJ 500011fe (sz=24, trace=300795, class=java.lang.String@50000165)
ARR 500011ff (sz=40, trace=300462, nelems=0, elem type=char[])
ARR 50001201 (sz=72, trace=300811, nelems=0, elem type=char[])
OBJ 50001202 (sz=24, trace=300812, class=java.lang.String@50000165)
OBJ 50001203 (sz=56, trace=300813, class=jdk.internal.org.objectweb.asm.Item@5000118d)
OBJ 50001204 (sz=56, trace=300814, class=jdk.internal.org.objectweb.asm.Item@5000118d)
OBJ 50001205 (sz=56, trace=300815, class=jdk.internal.org.objectweb.asm.Item@5000118d)
OBJ 50001206 (sz=24, trace=300685, class=java.util.Arrays$ArrayList@5000115f)
OBJ 50001207 (sz=24, trace=300686, class=java.util.Collections$UnmodifiableRandomAccessList@500000ca)
OBJ 50001208 (sz=24, trace=300738, class=java.lang.StringBuilder@50000118)
ARR 50001209 (sz=48, trace=300739, nelems=0, elem type=char[])
OBJ 5000120a (sz=24, trace=300740, class=java.util.Collections$UnmodifiableCollection$1@50001162)
OBJ 5000120b (sz=32, trace=300690, class=java.util.AbstractList$Itr@50001164)
ARR 5000120c (sz=48, trace=300741, nelems=0, elem type=char[])
OBJ 5000120d (sz=24, trace=300742, class=java.lang.String@50000165)
ARR 5000120e (sz=88, trace=300010, nelems=0, elem type=char[])
ARR 5000120f (sz=72, trace=300741, nelems=0, elem type=char[])
OBJ 50001210 (sz=24, trace=300742, class=java.lang.String@50000165)
ARR 50001211 (sz=160, trace=300010, nelems=0, elem type=char[])
ARR 50001212 (sz=48, trace=300743, nelems=0, elem type=char[])
OBJ 50001213 (sz=24, trace=300744, class=java.lang.String@50000165)
OBJ 50001214 (sz=24, trace=300745, class=java.lang.String@50000165)
	value		50001215
ARR 50001215 (sz=134, trace=300746, nelems=67, elem type=char[])
OBJ 50001216 (sz=56, trace=300733, class=jdk.internal.org.objectweb.asm.Item@5000118d)
OBJ 50001217 (sz=56, trace=300800, class=jdk.internal.org.objectweb.asm.Item@5000118d)
OBJ 50001218 (sz=56, trace=300801, class=jdk.internal.org.objectweb.asm.Item@5000118d)
ARR 50001219 (sz=1040, trace=300816, nelems=0, elem type=byte[])
OBJ 5000121a (sz=56, trace=300802, class=jdk.internal.org.objectweb.asm.Item@5000118d)
OBJ 5000121b (sz=56, trace=300803, class=jdk.internal.org.objectweb.asm.Item@5000118d)
OBJ 5000121c (sz=56, trace=300804, class=jdk.internal.org.objectweb.asm.Item@5000118d)
OBJ 5000121d (sz=24, trace=300805, class=java.lang.String@50000165)
ARR 5000121e (sz=48, trace=300806, nelems=0, elem type=char[])
OBJ 5000121f (sz=64, trace=300817, class=jdk.internal.org.objectweb.asm.Label@500011bc)
OBJ 50001220 (sz=48, trace=300818, class=jdk.internal.org.objectweb.asm.Frame@500011be)
ARR 50001221 (sz=128, trace=300819, nelems=0, elem type=char[])
ARR 50001223 (sz=24, trace=300820, nelems=0, elem type=jdk.internal.org.objectweb.asm.Type[]@50001222)
OBJ 50001224 (sz=32, trace=300821, class=jdk.internal.org.objectweb.asm.Type@500011b2)
OBJ 50001225 (sz=32, trace=300821, class=jdk.internal.org.objectweb.asm.Type@500011b2)
ARR 50001226 (sz=32, trace=300822, nelems=0, elem type=int[])
ARR 50001227 (sz=16, trace=300823, nelems=0, elem type=int[])
OBJ 50001228 (sz=24, trace=300824, class=java.lang.StringBuffer@50000119)
ARR 50001229 (sz=48, trace=300825, nelems=0, elem type=char[])
ARR 5000122a (sz=88, trace=300826, nelems=0, elem type=char[])
ARR 5000122b (sz=56, trace=300827, nelems=0, elem type=char[])
OBJ 5000122c (sz=24, trace=300828, class=java.lang.String@50000165)
OBJ 5000122d (sz=24, trace=300829, class=java.lang.String@50000165)
ARR 5000122e (sz=48, trace=300806, nelems=0, elem type=char[])
OBJ 5000122f (sz=24, trace=300824, class=java.lang.StringBuffer@50000119)
ARR 50001230 (sz=48, trace=300825, nelems=0, elem type=char[])
ARR 50001231 (sz=88, trace=300826, nelems=0, elem type=char[])
ARR 50001232 (sz=56, trace=300827, nelems=0, elem type=char[])
OBJ 50001233 (sz=24, trace=300828, class=java.lang.String@50000165)
OBJ 50001234 (sz=24, trace=300829, class=java.lang.String@50000165)
ARR 50001235 (sz=48, trace=300806, nelems=0, elem type=char[])
ARR 50001236 (sz=40, trace=300830, nelems=0, elem type=int[])
ARR 50001237 (sz=24, trace=300831, nelems=0, elem type=java.lang.Object[]@500000ff)
OBJ 50001238 (sz=56, trace=300832, class=jdk.internal.org.objectweb.asm.Item@5000118d)
OBJ 50001239 (sz=56, trace=300833, class=jdk.internal.org.objectweb.asm.Item@5000118d)
OBJ 5000123a (sz=56, trace=300834, class=jdk.internal.org.objectweb.asm.Item@5000118d)
OBJ 5000123b (sz=24, trace=300835, class=jdk.internal.org.objectweb.asm.ByteVector@5000118a)
ARR 5000123c (sz=704, trace=300836, nelems=0, elem type=byte[])
ARR 5000123d (sz=128, trace=300837, nelems=0, elem type=java.lang.Object[]@500000ff)
OBJ 5000123f (sz=16, trace=300839, class=java.util.HashMap$Values@5000123e)
OBJ 50001242 (sz=40, trace=300841, class=java.util.HashMap$ValueIterator@50001241)
OBJ 50001244 (sz=56, trace=300843, class=java.lang.invoke.MemberName@50000124)
OBJ 50001245 (sz=40, trace=300844, class=java.lang.ref.SoftReference@50000149)
	referent	5000116a
	queue		50006b4d
OBJ 50001246 (sz=32, trace=300845, class=java.lang.invoke.DirectMethodHandle@50000125)
	type		50000faa
	form		5000116a
	member		50001103
OBJ 50001247 (sz=40, trace=300672, class=java.lang.invoke.MethodType@50000121)
OBJ 50001248 (sz=32, trace=300443, class=java.lang.invoke.MethodType$ConcurrentWeakInternSet$WeakEntry@50000b5f)
OBJ 50001249 (sz=32, trace=300845, class=java.lang.invoke.DirectMethodHandle@50000125)
	type		50000faa
	form		5000116a
	member		50001108
OBJ 5000124a (sz=40, trace=300672, class=java.lang.invoke.MethodType@50000121)
OBJ 5000124b (sz=32, trace=300443, class=java.lang.invoke.MethodType$ConcurrentWeakInternSet$WeakEntry@50000b5f)
OBJ 5000124c (sz=40, trace=300846, class=java.lang.invoke.MethodType@50000121)
	rtype		500062a1
	ptypes		50006e50
	form		5000124d
	methodDescriptor	50001c06
OBJ 5000124d (sz=56, trace=300847, class=java.lang.invoke.MethodTypeForm@50000b5a)
	argToSlotTable	5000124f
	slotToArgTable	5000124e
	erasedType	5000124c
	basicType	5000124c
	methodHandles	50001251
	lambdaForms	50001250
ARR 5000124e (sz=8, trace=300848, nelems=2, elem type=int[])
ARR 5000124f (sz=8, trace=300849, nelems=2, elem type=int[])
ARR 50001250 (sz=88, trace=300850, nelems=2, elem type=java.lang.ref.SoftReference[]@50000b68)
	[1]		5000131a
ARR 50001251 (sz=32, trace=300851, nelems=2, elem type=java.lang.ref.SoftReference[]@50000b68)
	[1]		50002055
OBJ 50001252 (sz=32, trace=300452, class=java.lang.invoke.MethodType$ConcurrentWeakInternSet$WeakEntry@50000b5f)
	referent	5000124c
	queue		50000b52
OBJ 50001253 (sz=32, trace=300454, class=java.util.concurrent.ConcurrentHashMap$Node@50000021)
	key		50001252
	val		50001252
	next		500018a2
ARR 50001254 (sz=24, trace=300512, nelems=0, elem type=java.lang.Class[]@500000fa)
OBJ 50001255 (sz=40, trace=300514, class=java.lang.invoke.MethodType@50000121)
OBJ 50001256 (sz=32, trace=300443, class=java.lang.invoke.MethodType$ConcurrentWeakInternSet$WeakEntry@50000b5f)
OBJ 50001257 (sz=40, trace=300515, class=java.lang.invoke.MethodType@50000121)
	rtype		500062a1
	ptypes		50006e56
	form		5000125b
	methodDescriptor	500012ef
OBJ 50001258 (sz=40, trace=300445, class=java.lang.invoke.MethodType@50000121)
OBJ 50001259 (sz=32, trace=300443, class=java.lang.invoke.MethodType$ConcurrentWeakInternSet$WeakEntry@50000b5f)
OBJ 5000125a (sz=40, trace=300446, class=java.lang.invoke.MethodType@50000121)
	rtype		500062a1
	ptypes		50006e40
	form		5000125b
	methodDescriptor	500012b5
OBJ 5000125b (sz=56, trace=300447, class=java.lang.invoke.MethodTypeForm@50000b5a)
	argToSlotTable	5000125d
	slotToArgTable	5000125c
	erasedType	5000125a
	basicType	5000125a
	methodHandles	5000125f
	lambdaForms	5000125e
ARR 5000125c (sz=12, trace=300448, nelems=3, elem type=int[])
ARR 5000125d (sz=12, trace=300449, nelems=3, elem type=int[])
ARR 5000125e (sz=88, trace=300450, nelems=2, elem type=java.lang.ref.SoftReference[]@50000b68)
	[1]		50002403
ARR 5000125f (sz=32, trace=300451, nelems=2, elem type=java.lang.ref.SoftReference[]@50000b68)
	[1]		5000203a
OBJ 50001260 (sz=32, trace=300452, class=java.lang.invoke.MethodType$ConcurrentWeakInternSet$WeakEntry@50000b5f)
	referent	5000125a
	queue		50000b52
OBJ 50001261 (sz=32, trace=300454, class=java.util.concurrent.ConcurrentHashMap$Node@50000021)
OBJ 50001262 (sz=32, trace=300452, class=java.lang.invoke.MethodType$ConcurrentWeakInternSet$WeakEntry@50000b5f)
	referent	50001257
	queue		50000b52
OBJ 50001263 (sz=32, trace=300454, class=java.util.concurrent.ConcurrentHashMap$Node@50000021)
	key		50001262
	val		50001262
OBJ 50001264 (sz=56, trace=300516, class=java.lang.invoke.MemberName@50000124)
ARR 50001265 (sz=24, trace=300518, nelems=0, elem type=java.lang.Class[]@500000fa)
OBJ 50001266 (sz=40, trace=300519, class=java.lang.invoke.MethodType@50000121)
OBJ 50001267 (sz=32, trace=300443, class=java.lang.invoke.MethodType$ConcurrentWeakInternSet$WeakEntry@50000b5f)
OBJ 50001268 (sz=40, trace=300520, class=java.lang.invoke.MethodType@50000121)
	rtype		500062a1
	ptypes		50007066
	form		5000125b
OBJ 50001269 (sz=40, trace=300445, class=java.lang.invoke.MethodType@50000121)
OBJ 5000126a (sz=32, trace=300443, class=java.lang.invoke.MethodType$ConcurrentWeakInternSet$WeakEntry@50000b5f)
OBJ 5000126b (sz=32, trace=300452, class=java.lang.invoke.MethodType$ConcurrentWeakInternSet$WeakEntry@50000b5f)
	referent	50001268
	queue		50000b52
OBJ 5000126c (sz=32, trace=300454, class=java.util.concurrent.ConcurrentHashMap$Node@50000021)
	key		5000126b
	val		5000126b
	next		500059de
ARR 5000126d (sz=32, trace=300623, nelems=0, elem type=java.lang.invoke.LambdaForm$Name[]@50000fce)
ARR 5000126e (sz=24, trace=300674, nelems=0, elem type=java.lang.Object[]@500000ff)
ARR 5000126f (sz=24, trace=300675, nelems=1, elem type=java.lang.Object[]@500000ff)
	[0]		50000f65
OBJ 50001270 (sz=32, trace=300676, class=java.lang.invoke.LambdaForm$Name@50000f62)
	type		50000f5a
	function	50001105
	arguments	5000126f
ARR 50001271 (sz=24, trace=300677, nelems=0, elem type=java.lang.Object[]@500000ff)
OBJ 50001272 (sz=24, trace=300678, class=java.lang.invoke.LambdaForm$NamedFunction@50000f99)
	member		50006e55
ARR 50001273 (sz=24, trace=300679, nelems=2, elem type=java.lang.Object[]@500000ff)
	[0]		50000f66
	[1]		50001270
OBJ 50001274 (sz=32, trace=300680, class=java.lang.invoke.LambdaForm$Name@50000f62)
	type		50000f5f
	function	50001272
	arguments	50001273
OBJ 50001275 (sz=24, trace=300681, class=java.lang.StringBuilder@50000118)
ARR 50001276 (sz=48, trace=300682, nelems=0, elem type=char[])
ARR 50001277 (sz=88, trace=300010, nelems=0, elem type=char[])
ARR 50001278 (sz=24, trace=300683, nelems=0, elem type=char[])
OBJ 50001279 (sz=24, trace=300685, class=java.util.Arrays$ArrayList@5000115f)
OBJ 5000127a (sz=24, trace=300686, class=java.util.Collections$UnmodifiableRandomAccessList@500000ca)
OBJ 5000127b (sz=24, trace=300688, class=java.util.Collections$UnmodifiableCollection$1@50001162)
OBJ 5000127c (sz=32, trace=300690, class=java.util.AbstractList$Itr@50001164)
OBJ 5000127d (sz=24, trace=300691, class=java.lang.String@50000165)
ARR 5000127e (sz=24, trace=300692, nelems=0, elem type=char[])
OBJ 5000127f (sz=24, trace=300693, class=java.lang.String@50000165)
	value		50001280
ARR 50001280 (sz=40, trace=300694, nelems=20, elem type=char[])
OBJ 50001281 (sz=48, trace=300695, class=java.lang.invoke.LambdaForm@50000122)
	names		50006e54
	debugName	5000127f
	vmentry		50006e53
OBJ 50001282 (sz=24, trace=300696, class=java.lang.StringBuilder@50000118)
ARR 50001283 (sz=32, trace=300697, nelems=0, elem type=char[])
OBJ 50001284 (sz=24, trace=300698, class=java.lang.String@50000165)
ARR 50001285 (sz=24, trace=300699, nelems=0, elem type=char[])
ARR 50001286 (sz=24, trace=300700, nelems=0, elem type=java.lang.Class[]@500000fa)
OBJ 50001287 (sz=40, trace=300701, class=java.lang.invoke.MethodType@50000121)
OBJ 50001288 (sz=32, trace=300443, class=java.lang.invoke.MethodType$ConcurrentWeakInternSet$WeakEntry@50000b5f)
OBJ 50001289 (sz=64, trace=300704, class=java.lang.invoke.InvokerBytecodeGenerator@50001172)
OBJ 5000128a (sz=48, trace=300705, class=java.util.HashMap@500000bd)
OBJ 5000128b (sz=24, trace=300706, class=java.lang.String@50000165)
ARR 5000128c (sz=24, trace=300707, nelems=0, elem type=char[])
OBJ 5000128d (sz=24, trace=300708, class=java.lang.String@50000165)
	value		5000128e
ARR 5000128e (sz=32, trace=300709, nelems=16, elem type=char[])
OBJ 5000128f (sz=24, trace=300710, class=java.lang.StringBuilder@50000118)
ARR 50001290 (sz=48, trace=300711, nelems=0, elem type=char[])
ARR 50001291 (sz=88, trace=300010, nelems=0, elem type=char[])
OBJ 50001292 (sz=24, trace=300712, class=java.lang.String@50000165)
ARR 50001293 (sz=80, trace=300713, nelems=0, elem type=char[])
OBJ 50001294 (sz=24, trace=300714, class=java.lang.StringBuilder@50000118)
ARR 50001295 (sz=48, trace=300715, nelems=0, elem type=char[])
OBJ 50001296 (sz=24, trace=300716, class=java.lang.String@50000165)
ARR 50001297 (sz=48, trace=300717, nelems=0, elem type=char[])
ARR 50001298 (sz=40, trace=300718, nelems=0, elem type=int[])
ARR 50001299 (sz=40, trace=300719, nelems=0, elem type=java.lang.invoke.LambdaForm$BasicType[]@50000f60)
ARR 5000129a (sz=40, trace=300720, nelems=0, elem type=java.lang.Class[]@500000fa)
OBJ 5000129b (sz=168, trace=300723, class=jdk.internal.org.objectweb.asm.ClassWriter@50001187)
OBJ 5000129c (sz=24, trace=300725, class=jdk.internal.org.objectweb.asm.ByteVector@5000118a)
ARR 5000129d (sz=80, trace=300726, nelems=0, elem type=byte[])
ARR 5000129e (sz=1040, trace=300728, nelems=0, elem type=jdk.internal.org.objectweb.asm.Item[]@5000118e)
OBJ 5000129f (sz=56, trace=300729, class=jdk.internal.org.objectweb.asm.Item@5000118d)
OBJ 500012a0 (sz=56, trace=300730, class=jdk.internal.org.objectweb.asm.Item@5000118d)
OBJ 500012a1 (sz=56, trace=300731, class=jdk.internal.org.objectweb.asm.Item@5000118d)
OBJ 500012a2 (sz=56, trace=300732, class=jdk.internal.org.objectweb.asm.Item@5000118d)
OBJ 500012a3 (sz=56, trace=300733, class=jdk.internal.org.objectweb.asm.Item@5000118d)
OBJ 500012a4 (sz=56, trace=300734, class=jdk.internal.org.objectweb.asm.Item@5000118d)
OBJ 500012a5 (sz=56, trace=300733, class=jdk.internal.org.objectweb.asm.Item@5000118d)
OBJ 500012a6 (sz=56, trace=300735, class=jdk.internal.org.objectweb.asm.Item@5000118d)
ARR 500012a7 (sz=144, trace=300736, nelems=0, elem type=byte[])
OBJ 500012a8 (sz=56, trace=300737, class=jdk.internal.org.objectweb.asm.Item@5000118d)
OBJ 500012a9 (sz=24, trace=300685, class=java.util.Arrays$ArrayList@5000115f)
OBJ 500012aa (sz=24, trace=300686, class=java.util.Collections$UnmodifiableRandomAccessList@500000ca)
OBJ 500012ab (sz=24, trace=300738, class=java.lang.StringBuilder@50000118)
ARR 500012ac (sz=48, trace=300739, nelems=0, elem type=char[])
OBJ 500012ad (sz=24, trace=300740, class=java.util.Collections$UnmodifiableCollection$1@50001162)
OBJ 500012ae (sz=32, trace=300690, class=java.util.AbstractList$Itr@50001164)
ARR 500012af (sz=48, trace=300741, nelems=0, elem type=char[])
OBJ 500012b0 (sz=24, trace=300742, class=java.lang.String@50000165)
ARR 500012b1 (sz=88, trace=300010, nelems=0, elem type=char[])
ARR 500012b2 (sz=48, trace=300741, nelems=0, elem type=char[])
OBJ 500012b3 (sz=24, trace=300742, class=java.lang.String@50000165)
ARR 500012b4 (sz=160, trace=300010, nelems=0, elem type=char[])
OBJ 500012b5 (sz=24, trace=300745, class=java.lang.String@50000165)
	value		500012b6
ARR 500012b6 (sz=78, trace=300746, nelems=39, elem type=char[])
OBJ 500012b7 (sz=224, trace=300748, class=jdk.internal.org.objectweb.asm.MethodWriter@500011ab)
OBJ 500012b8 (sz=24, trace=300749, class=jdk.internal.org.objectweb.asm.ByteVector@5000118a)
ARR 500012b9 (sz=80, trace=300750, nelems=0, elem type=byte[])
OBJ 500012ba (sz=56, trace=300751, class=jdk.internal.org.objectweb.asm.Item@5000118d)
ARR 500012bb (sz=272, trace=300752, nelems=0, elem type=byte[])
OBJ 500012bc (sz=56, trace=300753, class=jdk.internal.org.objectweb.asm.Item@5000118d)
OBJ 500012bd (sz=64, trace=300765, class=jdk.internal.org.objectweb.asm.Label@500011bc)
OBJ 500012be (sz=48, trace=300768, class=jdk.internal.org.objectweb.asm.Frame@500011be)
OBJ 500012bf (sz=24, trace=300769, class=jdk.internal.org.objectweb.asm.ByteVector@5000118a)
ARR 500012c0 (sz=80, trace=300770, nelems=0, elem type=byte[])
OBJ 500012c1 (sz=56, trace=300771, class=jdk.internal.org.objectweb.asm.Item@5000118d)
OBJ 500012c2 (sz=56, trace=300773, class=jdk.internal.org.objectweb.asm.AnnotationWriter@500011c5)
OBJ 500012c3 (sz=24, trace=300774, class=jdk.internal.org.objectweb.asm.ByteVector@5000118a)
ARR 500012c4 (sz=80, trace=300775, nelems=0, elem type=byte[])
OBJ 500012c5 (sz=56, trace=300776, class=jdk.internal.org.objectweb.asm.Item@5000118d)
OBJ 500012c6 (sz=56, trace=300773, class=jdk.internal.org.objectweb.asm.AnnotationWriter@500011c5)
OBJ 500012c7 (sz=24, trace=300777, class=jdk.internal.org.objectweb.asm.ByteVector@5000118a)
ARR 500012c8 (sz=80, trace=300778, nelems=0, elem type=byte[])
OBJ 500012c9 (sz=56, trace=300780, class=jdk.internal.org.objectweb.asm.Item@5000118d)
OBJ 500012ca (sz=56, trace=300773, class=jdk.internal.org.objectweb.asm.AnnotationWriter@500011c5)
OBJ 500012cb (sz=24, trace=300795, class=java.lang.String@50000165)
ARR 500012cc (sz=56, trace=300462, nelems=0, elem type=char[])
ARR 500012cd (sz=88, trace=300796, nelems=0, elem type=char[])
OBJ 500012ce (sz=24, trace=300797, class=java.lang.String@50000165)
ARR 500012cf (sz=56, trace=300798, nelems=0, elem type=int[])
ARR 500012d0 (sz=528, trace=300852, nelems=0, elem type=byte[])
OBJ 500012d1 (sz=56, trace=300733, class=jdk.internal.org.objectweb.asm.Item@5000118d)
OBJ 500012d2 (sz=56, trace=300800, class=jdk.internal.org.objectweb.asm.Item@5000118d)
OBJ 500012d3 (sz=56, trace=300801, class=jdk.internal.org.objectweb.asm.Item@5000118d)
OBJ 500012d4 (sz=56, trace=300802, class=jdk.internal.org.objectweb.asm.Item@5000118d)
OBJ 500012d5 (sz=56, trace=300803, class=jdk.internal.org.objectweb.asm.Item@5000118d)
OBJ 500012d6 (sz=56, trace=300804, class=jdk.internal.org.objectweb.asm.Item@5000118d)
OBJ 500012d7 (sz=24, trace=300805, class=java.lang.String@50000165)
ARR 500012d8 (sz=48, trace=300806, nelems=0, elem type=char[])
OBJ 500012d9 (sz=56, trace=300807, class=jdk.internal.org.objectweb.asm.Item@5000118d)
ARR 500012da (sz=80, trace=300808, nelems=0, elem type=jdk.internal.org.objectweb.asm.Item[]@5000118e)
ARR 500012db (sz=56, trace=300809, nelems=0, elem type=int[])
OBJ 500012dc (sz=24, trace=300795, class=java.lang.String@50000165)
ARR 500012dd (sz=40, trace=300462, nelems=0, elem type=char[])
ARR 500012de (sz=72, trace=300811, nelems=0, elem type=char[])
OBJ 500012df (sz=24, trace=300812, class=java.lang.String@50000165)
OBJ 500012e0 (sz=56, trace=300813, class=jdk.internal.org.objectweb.asm.Item@5000118d)
OBJ 500012e1 (sz=56, trace=300814, class=jdk.internal.org.objectweb.asm.Item@5000118d)
OBJ 500012e2 (sz=56, trace=300815, class=jdk.internal.org.objectweb.asm.Item@5000118d)
OBJ 500012e3 (sz=24, trace=300685, class=java.util.Arrays$ArrayList@5000115f)
OBJ 500012e4 (sz=24, trace=300686, class=java.util.Collections$UnmodifiableRandomAccessList@500000ca)
OBJ 500012e5 (sz=24, trace=300738, class=java.lang.StringBuilder@50000118)
ARR 500012e6 (sz=48, trace=300739, nelems=0, elem type=char[])
OBJ 500012e7 (sz=24, trace=300740, class=java.util.Collections$UnmodifiableCollection$1@50001162)
OBJ 500012e8 (sz=32, trace=300690, class=java.util.AbstractList$Itr@50001164)
ARR 500012e9 (sz=48, trace=300741, nelems=0, elem type=char[])
OBJ 500012ea (sz=24, trace=300742, class=java.lang.String@50000165)
ARR 500012eb (sz=88, trace=300010, nelems=0, elem type=char[])
ARR 500012ec (sz=72, trace=300741, nelems=0, elem type=char[])
OBJ 500012ed (sz=24, trace=300742, class=java.lang.String@50000165)
ARR 500012ee (sz=160, trace=300010, nelems=0, elem type=char[])
OBJ 500012ef (sz=24, trace=300745, class=java.lang.String@50000165)
	value		500012f0
ARR 500012f0 (sz=100, trace=300746, nelems=50, elem type=char[])
OBJ 500012f1 (sz=56, trace=300733, class=jdk.internal.org.objectweb.asm.Item@5000118d)
OBJ 500012f2 (sz=56, trace=300800, class=jdk.internal.org.objectweb.asm.Item@5000118d)
OBJ 500012f3 (sz=56, trace=300801, class=jdk.internal.org.objectweb.asm.Item@5000118d)
OBJ 500012f4 (sz=56, trace=300802, class=jdk.internal.org.objectweb.asm.Item@5000118d)
OBJ 500012f5 (sz=56, trace=300803, class=jdk.internal.org.objectweb.asm.Item@5000118d)
OBJ 500012f6 (sz=56, trace=300804, class=jdk.internal.org.objectweb.asm.Item@5000118d)
OBJ 500012f7 (sz=64, trace=300853, class=jdk.internal.org.objectweb.asm.Label@500011bc)
OBJ 500012f8 (sz=48, trace=300854, class=jdk.internal.org.objectweb.asm.Frame@500011be)
ARR 500012f9 (sz=96, trace=300819, nelems=0, elem type=char[])
ARR 500012fa (sz=24, trace=300820, nelems=0, elem type=jdk.internal.org.objectweb.asm.Type[]@50001222)
OBJ 500012fb (sz=32, trace=300821, class=jdk.internal.org.objectweb.asm.Type@500011b2)
OBJ 500012fc (sz=32, trace=300821, class=jdk.internal.org.objectweb.asm.Type@500011b2)
ARR 500012fd (sz=32, trace=300822, nelems=0, elem type=int[])
ARR 500012fe (sz=16, trace=300823, nelems=0, elem type=int[])
OBJ 500012ff (sz=24, trace=300824, class=java.lang.StringBuffer@50000119)
ARR 50001300 (sz=48, trace=300825, nelems=0, elem type=char[])
ARR 50001301 (sz=88, trace=300826, nelems=0, elem type=char[])
ARR 50001302 (sz=56, trace=300827, nelems=0, elem type=char[])
OBJ 50001303 (sz=24, trace=300828, class=java.lang.String@50000165)
OBJ 50001304 (sz=24, trace=300829, class=java.lang.String@50000165)
ARR 50001305 (sz=48, trace=300806, nelems=0, elem type=char[])
OBJ 50001306 (sz=24, trace=300824, class=java.lang.StringBuffer@50000119)
ARR 50001307 (sz=48, trace=300825, nelems=0, elem type=char[])
ARR 50001308 (sz=88, trace=300826, nelems=0, elem type=char[])
ARR 50001309 (sz=56, trace=300827, nelems=0, elem type=char[])
OBJ 5000130a (sz=24, trace=300828, class=java.lang.String@50000165)
OBJ 5000130b (sz=24, trace=300829, class=java.lang.String@50000165)
ARR 5000130c (sz=48, trace=300806, nelems=0, elem type=char[])
ARR 5000130d (sz=40, trace=300830, nelems=0, elem type=int[])
ARR 5000130e (sz=24, trace=300831, nelems=0, elem type=java.lang.Object[]@500000ff)
ARR 5000130f (sz=1040, trace=300855, nelems=0, elem type=byte[])
OBJ 50001310 (sz=56, trace=300832, class=jdk.internal.org.objectweb.asm.Item@5000118d)
OBJ 50001311 (sz=56, trace=300833, class=jdk.internal.org.objectweb.asm.Item@5000118d)
OBJ 50001312 (sz=56, trace=300834, class=jdk.internal.org.objectweb.asm.Item@5000118d)
OBJ 50001313 (sz=24, trace=300835, class=jdk.internal.org.objectweb.asm.ByteVector@5000118a)
ARR 50001314 (sz=672, trace=300836, nelems=0, elem type=byte[])
ARR 50001315 (sz=128, trace=300837, nelems=0, elem type=java.lang.Object[]@500000ff)
OBJ 50001316 (sz=16, trace=300839, class=java.util.HashMap$Values@5000123e)
OBJ 50001317 (sz=40, trace=300841, class=java.util.HashMap$ValueIterator@50001241)
OBJ 50001319 (sz=56, trace=300843, class=java.lang.invoke.MemberName@50000124)
OBJ 5000131a (sz=40, trace=300844, class=java.lang.ref.SoftReference@50000149)
	referent	50001281
	queue		50006b4d
OBJ 5000131b (sz=32, trace=300845, class=java.lang.invoke.DirectMethodHandle@50000125)
	type		5000124c
	form		50001281
	member		5000110d
OBJ 5000131c (sz=40, trace=300672, class=java.lang.invoke.MethodType@50000121)
OBJ 5000131d (sz=32, trace=300443, class=java.lang.invoke.MethodType$ConcurrentWeakInternSet$WeakEntry@50000b5f)
OBJ 5000131e (sz=40, trace=300846, class=java.lang.invoke.MethodType@50000121)
	rtype		50006299
	ptypes		50006e16
	form		5000131f
	methodDescriptor	500016eb
OBJ 5000131f (sz=56, trace=300847, class=java.lang.invoke.MethodTypeForm@50000b5a)
	argToSlotTable	50001321
	slotToArgTable	50001320
	erasedType	5000131e
	basicType	5000131e
	methodHandles	50001323
	lambdaForms	50001322
ARR 50001320 (sz=8, trace=300848, nelems=2, elem type=int[])
ARR 50001321 (sz=8, trace=300849, nelems=2, elem type=int[])
ARR 50001322 (sz=88, trace=300850, nelems=2, elem type=java.lang.ref.SoftReference[]@50000b68)
	[1]		500013ec
ARR 50001323 (sz=32, trace=300851, nelems=0, elem type=java.lang.ref.SoftReference[]@50000b68)
OBJ 50001324 (sz=32, trace=300452, class=java.lang.invoke.MethodType$ConcurrentWeakInternSet$WeakEntry@50000b5f)
	referent	5000131e
	queue		50000b52
OBJ 50001325 (sz=32, trace=300454, class=java.util.concurrent.ConcurrentHashMap$Node@50000021)
	key		50001324
	val		50001324
	next		50001d3b
ARR 50001326 (sz=24, trace=300512, nelems=0, elem type=java.lang.Class[]@500000fa)
OBJ 50001327 (sz=40, trace=300514, class=java.lang.invoke.MethodType@50000121)
OBJ 50001328 (sz=32, trace=300443, class=java.lang.invoke.MethodType$ConcurrentWeakInternSet$WeakEntry@50000b5f)
OBJ 50001329 (sz=40, trace=300515, class=java.lang.invoke.MethodType@50000121)
	rtype		50006299
	ptypes		50006e1a
	form		5000132d
	methodDescriptor	500013c1
OBJ 5000132a (sz=40, trace=300445, class=java.lang.invoke.MethodType@50000121)
OBJ 5000132b (sz=32, trace=300443, class=java.lang.invoke.MethodType$ConcurrentWeakInternSet$WeakEntry@50000b5f)
OBJ 5000132c (sz=40, trace=300446, class=java.lang.invoke.MethodType@50000121)
	rtype		50006299
	ptypes		50006e1b
	form		5000132d
	methodDescriptor	50001387
OBJ 5000132d (sz=56, trace=300447, class=java.lang.invoke.MethodTypeForm@50000b5a)
	argToSlotTable	5000132f
	slotToArgTable	5000132e
	erasedType	5000132c
	basicType	5000132c
	methodHandles	50001331
	lambdaForms	50001330
ARR 5000132e (sz=12, trace=300448, nelems=3, elem type=int[])
ARR 5000132f (sz=12, trace=300449, nelems=3, elem type=int[])
ARR 50001330 (sz=88, trace=300450, nelems=0, elem type=java.lang.ref.SoftReference[]@50000b68)
ARR 50001331 (sz=32, trace=300451, nelems=0, elem type=java.lang.ref.SoftReference[]@50000b68)
OBJ 50001332 (sz=32, trace=300452, class=java.lang.invoke.MethodType$ConcurrentWeakInternSet$WeakEntry@50000b5f)
	referent	5000132c
	queue		50000b52
OBJ 50001333 (sz=32, trace=300454, class=java.util.concurrent.ConcurrentHashMap$Node@50000021)
	key		50001332
	val		50001332
	next		50004265
OBJ 50001334 (sz=32, trace=300452, class=java.lang.invoke.MethodType$ConcurrentWeakInternSet$WeakEntry@50000b5f)
	referent	50001329
	queue		50000b52
OBJ 50001335 (sz=32, trace=300521, class=java.util.concurrent.ConcurrentHashMap$Node@50000021)
	key		50001334
	val		50001334
OBJ 50001336 (sz=56, trace=300516, class=java.lang.invoke.MemberName@50000124)
ARR 50001337 (sz=24, trace=300518, nelems=0, elem type=java.lang.Class[]@500000fa)
OBJ 50001338 (sz=40, trace=300519, class=java.lang.invoke.MethodType@50000121)
OBJ 50001339 (sz=32, trace=300443, class=java.lang.invoke.MethodType$ConcurrentWeakInternSet$WeakEntry@50000b5f)
OBJ 5000133a (sz=40, trace=300520, class=java.lang.invoke.MethodType@50000121)
	rtype		50006299
	ptypes		50007069
	form		5000132d
OBJ 5000133b (sz=40, trace=300445, class=java.lang.invoke.MethodType@50000121)
OBJ 5000133c (sz=32, trace=300443, class=java.lang.invoke.MethodType$ConcurrentWeakInternSet$WeakEntry@50000b5f)
OBJ 5000133d (sz=32, trace=300452, class=java.lang.invoke.MethodType$ConcurrentWeakInternSet$WeakEntry@50000b5f)
	referent	5000133a
	queue		50000b52
OBJ 5000133e (sz=32, trace=300454, class=java.util.concurrent.ConcurrentHashMap$Node@50000021)
	key		5000133d
	val		5000133d
ARR 5000133f (sz=32, trace=300623, nelems=0, elem type=java.lang.invoke.LambdaForm$Name[]@50000fce)
ARR 50001340 (sz=24, trace=300674, nelems=0, elem type=java.lang.Object[]@500000ff)
ARR 50001341 (sz=24, trace=300675, nelems=1, elem type=java.lang.Object[]@500000ff)
	[0]		50000f65
OBJ 50001342 (sz=32, trace=300676, class=java.lang.invoke.LambdaForm$Name@50000f62)
	type		50000f5a
	function	50001105
	arguments	50001341
ARR 50001343 (sz=24, trace=300677, nelems=0, elem type=java.lang.Object[]@500000ff)
OBJ 50001344 (sz=24, trace=300678, class=java.lang.invoke.LambdaForm$NamedFunction@50000f99)
	member		50006e19
ARR 50001345 (sz=24, trace=300679, nelems=2, elem type=java.lang.Object[]@500000ff)
	[0]		50000f66
	[1]		50001342
OBJ 50001346 (sz=32, trace=300680, class=java.lang.invoke.LambdaForm$Name@50000f62)
	type		50000f5c
	function	50001344
	arguments	50001345
OBJ 50001347 (sz=24, trace=300681, class=java.lang.StringBuilder@50000118)
ARR 50001348 (sz=48, trace=300682, nelems=0, elem type=char[])
ARR 50001349 (sz=88, trace=300010, nelems=0, elem type=char[])
ARR 5000134a (sz=24, trace=300683, nelems=0, elem type=char[])
OBJ 5000134b (sz=24, trace=300685, class=java.util.Arrays$ArrayList@5000115f)
OBJ 5000134c (sz=24, trace=300686, class=java.util.Collections$UnmodifiableRandomAccessList@500000ca)
OBJ 5000134d (sz=24, trace=300688, class=java.util.Collections$UnmodifiableCollection$1@50001162)
OBJ 5000134e (sz=32, trace=300690, class=java.util.AbstractList$Itr@50001164)
OBJ 5000134f (sz=24, trace=300691, class=java.lang.String@50000165)
ARR 50001350 (sz=24, trace=300692, nelems=0, elem type=char[])
OBJ 50001351 (sz=24, trace=300693, class=java.lang.String@50000165)
	value		50001352
ARR 50001352 (sz=40, trace=300694, nelems=20, elem type=char[])
OBJ 50001353 (sz=48, trace=300695, class=java.lang.invoke.LambdaForm@50000122)
	names		50006e18
	debugName	50001351
	vmentry		50006e17
OBJ 50001354 (sz=24, trace=300696, class=java.lang.StringBuilder@50000118)
ARR 50001355 (sz=32, trace=300697, nelems=0, elem type=char[])
OBJ 50001356 (sz=24, trace=300698, class=java.lang.String@50000165)
ARR 50001357 (sz=24, trace=300699, nelems=0, elem type=char[])
ARR 50001358 (sz=24, trace=300700, nelems=0, elem type=java.lang.Class[]@500000fa)
OBJ 50001359 (sz=40, trace=300701, class=java.lang.invoke.MethodType@50000121)
OBJ 5000135a (sz=32, trace=300443, class=java.lang.invoke.MethodType$ConcurrentWeakInternSet$WeakEntry@50000b5f)
OBJ 5000135b (sz=64, trace=300704, class=java.lang.invoke.InvokerBytecodeGenerator@50001172)
OBJ 5000135c (sz=48, trace=300705, class=java.util.HashMap@500000bd)
OBJ 5000135d (sz=24, trace=300706, class=java.lang.String@50000165)
ARR 5000135e (sz=24, trace=300707, nelems=0, elem type=char[])
OBJ 5000135f (sz=24, trace=300708, class=java.lang.String@50000165)
	value		50001360
ARR 50001360 (sz=32, trace=300709, nelems=16, elem type=char[])
OBJ 50001361 (sz=24, trace=300710, class=java.lang.StringBuilder@50000118)
ARR 50001362 (sz=48, trace=300711, nelems=0, elem type=char[])
ARR 50001363 (sz=88, trace=300010, nelems=0, elem type=char[])
OBJ 50001364 (sz=24, trace=300712, class=java.lang.String@50000165)
ARR 50001365 (sz=80, trace=300713, nelems=0, elem type=char[])
OBJ 50001366 (sz=24, trace=300714, class=java.lang.StringBuilder@50000118)
ARR 50001367 (sz=48, trace=300715, nelems=0, elem type=char[])
OBJ 50001368 (sz=24, trace=300716, class=java.lang.String@50000165)
ARR 50001369 (sz=48, trace=300717, nelems=0, elem type=char[])
ARR 5000136a (sz=40, trace=300718, nelems=0, elem type=int[])
ARR 5000136b (sz=40, trace=300719, nelems=0, elem type=java.lang.invoke.LambdaForm$BasicType[]@50000f60)
ARR 5000136c (sz=40, trace=300720, nelems=0, elem type=java.lang.Class[]@500000fa)
OBJ 5000136d (sz=168, trace=300723, class=jdk.internal.org.objectweb.asm.ClassWriter@50001187)
OBJ 5000136e (sz=24, trace=300725, class=jdk.internal.org.objectweb.asm.ByteVector@5000118a)
ARR 5000136f (sz=80, trace=300726, nelems=0, elem type=byte[])
ARR 50001370 (sz=1040, trace=300728, nelems=0, elem type=jdk.internal.org.objectweb.asm.Item[]@5000118e)
OBJ 50001371 (sz=56, trace=300729, class=jdk.internal.org.objectweb.asm.Item@5000118d)
OBJ 50001372 (sz=56, trace=300730, class=jdk.internal.org.objectweb.asm.Item@5000118d)
OBJ 50001373 (sz=56, trace=300731, class=jdk.internal.org.objectweb.asm.Item@5000118d)
OBJ 50001374 (sz=56, trace=300732, class=jdk.internal.org.objectweb.asm.Item@5000118d)
OBJ 50001375 (sz=56, trace=300733, class=jdk.internal.org.objectweb.asm.Item@5000118d)
OBJ 50001376 (sz=56, trace=300734, class=jdk.internal.org.objectweb.asm.Item@5000118d)
OBJ 50001377 (sz=56, trace=300733, class=jdk.internal.org.objectweb.asm.Item@5000118d)
OBJ 50001378 (sz=56, trace=300735, class=jdk.internal.org.objectweb.asm.Item@5000118d)
ARR 50001379 (sz=144, trace=300736, nelems=0, elem type=byte[])
OBJ 5000137a (sz=56, trace=300737, class=jdk.internal.org.objectweb.asm.Item@5000118d)
OBJ 5000137b (sz=24, trace=300685, class=java.util.Arrays$ArrayList@5000115f)
OBJ 5000137c (sz=24, trace=300686, class=java.util.Collections$UnmodifiableRandomAccessList@500000ca)
OBJ 5000137d (sz=24, trace=300738, class=java.lang.StringBuilder@50000118)
ARR 5000137e (sz=48, trace=300739, nelems=0, elem type=char[])
OBJ 5000137f (sz=24, trace=300740, class=java.util.Collections$UnmodifiableCollection$1@50001162)
OBJ 50001380 (sz=32, trace=300690, class=java.util.AbstractList$Itr@50001164)
ARR 50001381 (sz=48, trace=300741, nelems=0, elem type=char[])
OBJ 50001382 (sz=24, trace=300742, class=java.lang.String@50000165)
ARR 50001383 (sz=88, trace=300010, nelems=0, elem type=char[])
ARR 50001384 (sz=48, trace=300741, nelems=0, elem type=char[])
OBJ 50001385 (sz=24, trace=300742, class=java.lang.String@50000165)
ARR 50001386 (sz=160, trace=300010, nelems=0, elem type=char[])
OBJ 50001387 (sz=24, trace=300745, class=java.lang.String@50000165)
	value		50001388
ARR 50001388 (sz=78, trace=300746, nelems=39, elem type=char[])
OBJ 50001389 (sz=224, trace=300748, class=jdk.internal.org.objectweb.asm.MethodWriter@500011ab)
OBJ 5000138a (sz=24, trace=300749, class=jdk.internal.org.objectweb.asm.ByteVector@5000118a)
ARR 5000138b (sz=80, trace=300750, nelems=0, elem type=byte[])
OBJ 5000138c (sz=56, trace=300751, class=jdk.internal.org.objectweb.asm.Item@5000118d)
ARR 5000138d (sz=272, trace=300752, nelems=0, elem type=byte[])
OBJ 5000138e (sz=56, trace=300753, class=jdk.internal.org.objectweb.asm.Item@5000118d)
OBJ 5000138f (sz=64, trace=300765, class=jdk.internal.org.objectweb.asm.Label@500011bc)
OBJ 50001390 (sz=48, trace=300768, class=jdk.internal.org.objectweb.asm.Frame@500011be)
OBJ 50001391 (sz=24, trace=300769, class=jdk.internal.org.objectweb.asm.ByteVector@5000118a)
ARR 50001392 (sz=80, trace=300770, nelems=0, elem type=byte[])
OBJ 50001393 (sz=56, trace=300771, class=jdk.internal.org.objectweb.asm.Item@5000118d)
OBJ 50001394 (sz=56, trace=300773, class=jdk.internal.org.objectweb.asm.AnnotationWriter@500011c5)
OBJ 50001395 (sz=24, trace=300774, class=jdk.internal.org.objectweb.asm.ByteVector@5000118a)
ARR 50001396 (sz=80, trace=300775, nelems=0, elem type=byte[])
OBJ 50001397 (sz=56, trace=300776, class=jdk.internal.org.objectweb.asm.Item@5000118d)
OBJ 50001398 (sz=56, trace=300773, class=jdk.internal.org.objectweb.asm.AnnotationWriter@500011c5)
OBJ 50001399 (sz=24, trace=300777, class=jdk.internal.org.objectweb.asm.ByteVector@5000118a)
ARR 5000139a (sz=80, trace=300778, nelems=0, elem type=byte[])
OBJ 5000139b (sz=56, trace=300780, class=jdk.internal.org.objectweb.asm.Item@5000118d)
OBJ 5000139c (sz=56, trace=300773, class=jdk.internal.org.objectweb.asm.AnnotationWriter@500011c5)
OBJ 5000139d (sz=24, trace=300795, class=java.lang.String@50000165)
ARR 5000139e (sz=56, trace=300462, nelems=0, elem type=char[])
ARR 5000139f (sz=88, trace=300796, nelems=0, elem type=char[])
OBJ 500013a0 (sz=24, trace=300797, class=java.lang.String@50000165)
ARR 500013a1 (sz=56, trace=300798, nelems=0, elem type=int[])
ARR 500013a2 (sz=528, trace=300852, nelems=0, elem type=byte[])
OBJ 500013a3 (sz=56, trace=300733, class=jdk.internal.org.objectweb.asm.Item@5000118d)
OBJ 500013a4 (sz=56, trace=300800, class=jdk.internal.org.objectweb.asm.Item@5000118d)
OBJ 500013a5 (sz=56, trace=300801, class=jdk.internal.org.objectweb.asm.Item@5000118d)
OBJ 500013a6 (sz=56, trace=300802, class=jdk.internal.org.objectweb.asm.Item@5000118d)
OBJ 500013a7 (sz=56, trace=300803, class=jdk.internal.org.objectweb.asm.Item@5000118d)
OBJ 500013a8 (sz=56, trace=300804, class=jdk.internal.org.objectweb.asm.Item@5000118d)
OBJ 500013a9 (sz=24, trace=300805, class=java.lang.String@50000165)
ARR 500013aa (sz=48, trace=300806, nelems=0, elem type=char[])
OBJ 500013ab (sz=56, trace=300807, class=jdk.internal.org.objectweb.asm.Item@5000118d)
ARR 500013ac (sz=80, trace=300808, nelems=0, elem type=jdk.internal.org.objectweb.asm.Item[]@5000118e)
ARR 500013ad (sz=56, trace=300809, nelems=0, elem type=int[])
OBJ 500013ae (sz=24, trace=300795, class=java.lang.String@50000165)
ARR 500013af (sz=40, trace=300462, nelems=0, elem type=char[])
ARR 500013b0 (sz=72, trace=300811, nelems=0, elem type=char[])
OBJ 500013b1 (sz=24, trace=300812, class=java.lang.String@50000165)
OBJ 500013b2 (sz=56, trace=300813, class=jdk.internal.org.objectweb.asm.Item@5000118d)
OBJ 500013b3 (sz=56, trace=300814, class=jdk.internal.org.objectweb.asm.Item@5000118d)
OBJ 500013b4 (sz=56, trace=300815, class=jdk.internal.org.objectweb.asm.Item@5000118d)
OBJ 500013b5 (sz=24, trace=300685, class=java.util.Arrays$ArrayList@5000115f)
OBJ 500013b6 (sz=24, trace=300686, class=java.util.Collections$UnmodifiableRandomAccessList@500000ca)
OBJ 500013b7 (sz=24, trace=300738, class=java.lang.StringBuilder@50000118)
ARR 500013b8 (sz=48, trace=300739, nelems=0, elem type=char[])
OBJ 500013b9 (sz=24, trace=300740, class=java.util.Collections$UnmodifiableCollection$1@50001162)
OBJ 500013ba (sz=32, trace=300690, class=java.util.AbstractList$Itr@50001164)
ARR 500013bb (sz=48, trace=300741, nelems=0, elem type=char[])
OBJ 500013bc (sz=24, trace=300742, class=java.lang.String@50000165)
ARR 500013bd (sz=88, trace=300010, nelems=0, elem type=char[])
ARR 500013be (sz=72, trace=300741, nelems=0, elem type=char[])
OBJ 500013bf (sz=24, trace=300742, class=java.lang.String@50000165)
ARR 500013c0 (sz=160, trace=300010, nelems=0, elem type=char[])
OBJ 500013c1 (sz=24, trace=300745, class=java.lang.String@50000165)
	value		500013c2
ARR 500013c2 (sz=100, trace=300746, nelems=50, elem type=char[])
OBJ 500013c3 (sz=56, trace=300733, class=jdk.internal.org.objectweb.asm.Item@5000118d)
OBJ 500013c4 (sz=56, trace=300800, class=jdk.internal.org.objectweb.asm.Item@5000118d)
OBJ 500013c5 (sz=56, trace=300801, class=jdk.internal.org.objectweb.asm.Item@5000118d)
OBJ 500013c6 (sz=56, trace=300802, class=jdk.internal.org.objectweb.asm.Item@5000118d)
OBJ 500013c7 (sz=56, trace=300803, class=jdk.internal.org.objectweb.asm.Item@5000118d)
OBJ 500013c8 (sz=56, trace=300804, class=jdk.internal.org.objectweb.asm.Item@5000118d)
OBJ 500013c9 (sz=64, trace=300817, class=jdk.internal.org.objectweb.asm.Label@500011bc)
OBJ 500013ca (sz=48, trace=300818, class=jdk.internal.org.objectweb.asm.Frame@500011be)
ARR 500013cb (sz=96, trace=300819, nelems=0, elem type=char[])
ARR 500013cc (sz=24, trace=300820, nelems=0, elem type=jdk.internal.org.objectweb.asm.Type[]@50001222)
OBJ 500013cd (sz=32, trace=300821, class=jdk.internal.org.objectweb.asm.Type@500011b2)
OBJ 500013ce (sz=32, trace=300821, class=jdk.internal.org.objectweb.asm.Type@500011b2)
ARR 500013cf (sz=32, trace=300822, nelems=0, elem type=int[])
ARR 500013d0 (sz=16, trace=300823, nelems=0, elem type=int[])
OBJ 500013d1 (sz=24, trace=300824, class=java.lang.StringBuffer@50000119)
ARR 500013d2 (sz=48, trace=300825, nelems=0, elem type=char[])
ARR 500013d3 (sz=88, trace=300826, nelems=0, elem type=char[])
ARR 500013d4 (sz=56, trace=300827, nelems=0, elem type=char[])
OBJ 500013d5 (sz=24, trace=300828, class=java.lang.String@50000165)
OBJ 500013d6 (sz=24, trace=300829, class=java.lang.String@50000165)
ARR 500013d7 (sz=48, trace=300806, nelems=0, elem type=char[])
OBJ 500013d8 (sz=24, trace=300824, class=java.lang.StringBuffer@50000119)
ARR 500013d9 (sz=48, trace=300825, nelems=0, elem type=char[])
ARR 500013da (sz=88, trace=300826, nelems=0, elem type=char[])
ARR 500013db (sz=56, trace=300827, nelems=0, elem type=char[])
OBJ 500013dc (sz=24, trace=300828, class=java.lang.String@50000165)
OBJ 500013dd (sz=24, trace=300829, class=java.lang.String@50000165)
ARR 500013de (sz=48, trace=300806, nelems=0, elem type=char[])
ARR 500013df (sz=40, trace=300830, nelems=0, elem type=int[])
ARR 500013e0 (sz=24, trace=300831, nelems=0, elem type=java.lang.Object[]@500000ff)
ARR 500013e1 (sz=1040, trace=300855, nelems=0, elem type=byte[])
OBJ 500013e2 (sz=56, trace=300832, class=jdk.internal.org.objectweb.asm.Item@5000118d)
OBJ 500013e3 (sz=56, trace=300833, class=jdk.internal.org.objectweb.asm.Item@5000118d)
OBJ 500013e4 (sz=56, trace=300834, class=jdk.internal.org.objectweb.asm.Item@5000118d)
OBJ 500013e5 (sz=24, trace=300835, class=jdk.internal.org.objectweb.asm.ByteVector@5000118a)
ARR 500013e6 (sz=672, trace=300836, nelems=0, elem type=byte[])
ARR 500013e7 (sz=128, trace=300837, nelems=0, elem type=java.lang.Object[]@500000ff)
OBJ 500013e8 (sz=16, trace=300839, class=java.util.HashMap$Values@5000123e)
OBJ 500013e9 (sz=40, trace=300841, class=java.util.HashMap$ValueIterator@50001241)
OBJ 500013eb (sz=56, trace=300843, class=java.lang.invoke.MemberName@50000124)
OBJ 500013ec (sz=40, trace=300844, class=java.lang.ref.SoftReference@50000149)
	referent	50001353
	queue		50006b4d
OBJ 500013ed (sz=32, trace=300845, class=java.lang.invoke.DirectMethodHandle@50000125)
	type		5000131e
	form		50001353
	member		50001112
OBJ 500013ee (sz=40, trace=300672, class=java.lang.invoke.MethodType@50000121)
OBJ 500013ef (sz=32, trace=300443, class=java.lang.invoke.MethodType$ConcurrentWeakInternSet$WeakEntry@50000b5f)
OBJ 500013f0 (sz=32, trace=300845, class=java.lang.invoke.DirectMethodHandle@50000125)
	type		50000faa
	form		5000116a
	member		50001117
OBJ 500013f1 (sz=40, trace=300672, class=java.lang.invoke.MethodType@50000121)
OBJ 500013f2 (sz=32, trace=300443, class=java.lang.invoke.MethodType$ConcurrentWeakInternSet$WeakEntry@50000b5f)
OBJ 500013f3 (sz=32, trace=300845, class=java.lang.invoke.DirectMethodHandle@50000125)
	type		50000faa
	form		5000116a
	member		5000111c
OBJ 500013f4 (sz=40, trace=300672, class=java.lang.invoke.MethodType@50000121)
OBJ 500013f5 (sz=32, trace=300443, class=java.lang.invoke.MethodType$ConcurrentWeakInternSet$WeakEntry@50000b5f)
OBJ 500013f6 (sz=32, trace=300845, class=java.lang.invoke.DirectMethodHandle@50000125)
	type		5000131e
	form		50001353
	member		50001121
OBJ 500013f7 (sz=40, trace=300672, class=java.lang.invoke.MethodType@50000121)
OBJ 500013f8 (sz=32, trace=300443, class=java.lang.invoke.MethodType$ConcurrentWeakInternSet$WeakEntry@50000b5f)
ARR 500013f9 (sz=24, trace=300512, nelems=0, elem type=java.lang.Class[]@500000fa)
OBJ 500013fa (sz=40, trace=300514, class=java.lang.invoke.MethodType@50000121)
OBJ 500013fb (sz=32, trace=300443, class=java.lang.invoke.MethodType$ConcurrentWeakInternSet$WeakEntry@50000b5f)
OBJ 500013fc (sz=40, trace=300515, class=java.lang.invoke.MethodType@50000121)
	rtype		50000169
	ptypes		50006e22
	form		500010d8
	methodDescriptor	50001496
OBJ 500013fd (sz=40, trace=300445, class=java.lang.invoke.MethodType@50000121)
OBJ 500013fe (sz=32, trace=300443, class=java.lang.invoke.MethodType$ConcurrentWeakInternSet$WeakEntry@50000b5f)
OBJ 500013ff (sz=32, trace=300452, class=java.lang.invoke.MethodType$ConcurrentWeakInternSet$WeakEntry@50000b5f)
	referent	500013fc
	queue		50000b52
OBJ 50001400 (sz=32, trace=300454, class=java.util.concurrent.ConcurrentHashMap$Node@50000021)
	key		500013ff
	val		500013ff
	next		50002978
OBJ 50001401 (sz=56, trace=300516, class=java.lang.invoke.MemberName@50000124)
ARR 50001402 (sz=24, trace=300518, nelems=0, elem type=java.lang.Class[]@500000fa)
OBJ 50001403 (sz=40, trace=300519, class=java.lang.invoke.MethodType@50000121)
OBJ 50001404 (sz=32, trace=300443, class=java.lang.invoke.MethodType$ConcurrentWeakInternSet$WeakEntry@50000b5f)
OBJ 50001405 (sz=40, trace=300520, class=java.lang.invoke.MethodType@50000121)
	rtype		50000169
	ptypes		50006de3
	form		500010d8
OBJ 50001406 (sz=40, trace=300445, class=java.lang.invoke.MethodType@50000121)
OBJ 50001407 (sz=32, trace=300443, class=java.lang.invoke.MethodType$ConcurrentWeakInternSet$WeakEntry@50000b5f)
OBJ 50001408 (sz=32, trace=300452, class=java.lang.invoke.MethodType$ConcurrentWeakInternSet$WeakEntry@50000b5f)
	referent	50001405
	queue		50000b52
OBJ 50001409 (sz=32, trace=300521, class=java.util.concurrent.ConcurrentHashMap$Node@50000021)
	key		50001408
	val		50001408
ARR 5000140a (sz=40, trace=300623, nelems=0, elem type=java.lang.invoke.LambdaForm$Name[]@50000fce)
ARR 5000140b (sz=24, trace=300674, nelems=0, elem type=java.lang.Object[]@500000ff)
ARR 5000140c (sz=24, trace=300675, nelems=1, elem type=java.lang.Object[]@500000ff)
	[0]		50000f65
OBJ 5000140d (sz=32, trace=300676, class=java.lang.invoke.LambdaForm$Name@50000f62)
	type		50000f5a
	function	50001105
	arguments	5000140c
ARR 5000140e (sz=32, trace=300677, nelems=0, elem type=java.lang.Object[]@500000ff)
OBJ 5000140f (sz=24, trace=300678, class=java.lang.invoke.LambdaForm$NamedFunction@50000f99)
	member		50006e21
ARR 50001410 (sz=32, trace=300679, nelems=3, elem type=java.lang.Object[]@500000ff)
	[0]		50000f66
	[1]		50000f67
	[2]		5000140d
OBJ 50001411 (sz=32, trace=300680, class=java.lang.invoke.LambdaForm$Name@50000f62)
	type		50000f5a
	function	5000140f
	arguments	50001410
OBJ 50001412 (sz=24, trace=300681, class=java.lang.StringBuilder@50000118)
ARR 50001413 (sz=48, trace=300682, nelems=0, elem type=char[])
ARR 50001414 (sz=88, trace=300010, nelems=0, elem type=char[])
ARR 50001415 (sz=24, trace=300683, nelems=0, elem type=char[])
OBJ 50001416 (sz=24, trace=300685, class=java.util.Arrays$ArrayList@5000115f)
OBJ 50001417 (sz=24, trace=300686, class=java.util.Collections$UnmodifiableRandomAccessList@500000ca)
OBJ 50001418 (sz=24, trace=300688, class=java.util.Collections$UnmodifiableCollection$1@50001162)
OBJ 50001419 (sz=32, trace=300690, class=java.util.AbstractList$Itr@50001164)
OBJ 5000141a (sz=24, trace=300691, class=java.lang.String@50000165)
ARR 5000141b (sz=24, trace=300692, nelems=0, elem type=char[])
OBJ 5000141c (sz=24, trace=300693, class=java.lang.String@50000165)
	value		5000141d
ARR 5000141d (sz=42, trace=300694, nelems=21, elem type=char[])
OBJ 5000141e (sz=48, trace=300695, class=java.lang.invoke.LambdaForm@50000122)
	names		50006e20
	debugName	5000141c
	vmentry		50006e1f
OBJ 5000141f (sz=24, trace=300696, class=java.lang.StringBuilder@50000118)
ARR 50001420 (sz=32, trace=300697, nelems=0, elem type=char[])
OBJ 50001421 (sz=24, trace=300698, class=java.lang.String@50000165)
ARR 50001422 (sz=32, trace=300699, nelems=0, elem type=char[])
ARR 50001423 (sz=32, trace=300700, nelems=0, elem type=java.lang.Class[]@500000fa)
OBJ 50001424 (sz=40, trace=300701, class=java.lang.invoke.MethodType@50000121)
OBJ 50001425 (sz=32, trace=300443, class=java.lang.invoke.MethodType$ConcurrentWeakInternSet$WeakEntry@50000b5f)
OBJ 50001426 (sz=64, trace=300704, class=java.lang.invoke.InvokerBytecodeGenerator@50001172)
OBJ 50001427 (sz=48, trace=300705, class=java.util.HashMap@500000bd)
OBJ 50001428 (sz=24, trace=300706, class=java.lang.String@50000165)
ARR 50001429 (sz=24, trace=300707, nelems=0, elem type=char[])
OBJ 5000142a (sz=24, trace=300708, class=java.lang.String@50000165)
	value		5000142b
ARR 5000142b (sz=34, trace=300709, nelems=17, elem type=char[])
OBJ 5000142c (sz=24, trace=300710, class=java.lang.StringBuilder@50000118)
ARR 5000142d (sz=48, trace=300711, nelems=0, elem type=char[])
ARR 5000142e (sz=88, trace=300010, nelems=0, elem type=char[])
OBJ 5000142f (sz=24, trace=300712, class=java.lang.String@50000165)
ARR 50001430 (sz=80, trace=300713, nelems=0, elem type=char[])
OBJ 50001431 (sz=24, trace=300714, class=java.lang.StringBuilder@50000118)
ARR 50001432 (sz=48, trace=300715, nelems=0, elem type=char[])
OBJ 50001433 (sz=24, trace=300716, class=java.lang.String@50000165)
ARR 50001434 (sz=48, trace=300717, nelems=0, elem type=char[])
ARR 50001435 (sz=40, trace=300718, nelems=0, elem type=int[])
ARR 50001436 (sz=40, trace=300719, nelems=0, elem type=java.lang.invoke.LambdaForm$BasicType[]@50000f60)
ARR 50001437 (sz=40, trace=300720, nelems=0, elem type=java.lang.Class[]@500000fa)
OBJ 50001438 (sz=168, trace=300723, class=jdk.internal.org.objectweb.asm.ClassWriter@50001187)
OBJ 50001439 (sz=24, trace=300725, class=jdk.internal.org.objectweb.asm.ByteVector@5000118a)
ARR 5000143a (sz=80, trace=300726, nelems=0, elem type=byte[])
ARR 5000143b (sz=1040, trace=300728, nelems=0, elem type=jdk.internal.org.objectweb.asm.Item[]@5000118e)
OBJ 5000143c (sz=56, trace=300729, class=jdk.internal.org.objectweb.asm.Item@5000118d)
OBJ 5000143d (sz=56, trace=300730, class=jdk.internal.org.objectweb.asm.Item@5000118d)
OBJ 5000143e (sz=56, trace=300731, class=jdk.internal.org.objectweb.asm.Item@5000118d)
OBJ 5000143f (sz=56, trace=300732, class=jdk.internal.org.objectweb.asm.Item@5000118d)
OBJ 50001440 (sz=56, trace=300733, class=jdk.internal.org.objectweb.asm.Item@5000118d)
OBJ 50001441 (sz=56, trace=300734, class=jdk.internal.org.objectweb.asm.Item@5000118d)
OBJ 50001442 (sz=56, trace=300733, class=jdk.internal.org.objectweb.asm.Item@5000118d)
OBJ 50001443 (sz=56, trace=300735, class=jdk.internal.org.objectweb.asm.Item@5000118d)
ARR 50001444 (sz=144, trace=300736, nelems=0, elem type=byte[])
OBJ 50001445 (sz=56, trace=300737, class=jdk.internal.org.objectweb.asm.Item@5000118d)
OBJ 50001446 (sz=24, trace=300685, class=java.util.Arrays$ArrayList@5000115f)
OBJ 50001447 (sz=24, trace=300686, class=java.util.Collections$UnmodifiableRandomAccessList@500000ca)
OBJ 50001448 (sz=24, trace=300738, class=java.lang.StringBuilder@50000118)
ARR 50001449 (sz=48, trace=300739, nelems=0, elem type=char[])
OBJ 5000144a (sz=24, trace=300740, class=java.util.Collections$UnmodifiableCollection$1@50001162)
OBJ 5000144b (sz=32, trace=300690, class=java.util.AbstractList$Itr@50001164)
ARR 5000144c (sz=48, trace=300741, nelems=0, elem type=char[])
OBJ 5000144d (sz=24, trace=300742, class=java.lang.String@50000165)
ARR 5000144e (sz=88, trace=300010, nelems=0, elem type=char[])
ARR 5000144f (sz=48, trace=300741, nelems=0, elem type=char[])
OBJ 50001450 (sz=24, trace=300742, class=java.lang.String@50000165)
ARR 50001451 (sz=160, trace=300010, nelems=0, elem type=char[])
ARR 50001452 (sz=48, trace=300741, nelems=0, elem type=char[])
OBJ 50001453 (sz=24, trace=300742, class=java.lang.String@50000165)
ARR 50001454 (sz=48, trace=300743, nelems=0, elem type=char[])
OBJ 50001455 (sz=24, trace=300744, class=java.lang.String@50000165)
ARR 50001456 (sz=304, trace=300010, nelems=0, elem type=char[])
OBJ 50001457 (sz=24, trace=300745, class=java.lang.String@50000165)
	value		50001458
ARR 50001458 (sz=148, trace=300746, nelems=74, elem type=char[])
OBJ 50001459 (sz=224, trace=300748, class=jdk.internal.org.objectweb.asm.MethodWriter@500011ab)
OBJ 5000145a (sz=24, trace=300749, class=jdk.internal.org.objectweb.asm.ByteVector@5000118a)
ARR 5000145b (sz=80, trace=300750, nelems=0, elem type=byte[])
OBJ 5000145c (sz=56, trace=300751, class=jdk.internal.org.objectweb.asm.Item@5000118d)
ARR 5000145d (sz=272, trace=300752, nelems=0, elem type=byte[])
OBJ 5000145e (sz=56, trace=300753, class=jdk.internal.org.objectweb.asm.Item@5000118d)
OBJ 5000145f (sz=64, trace=300765, class=jdk.internal.org.objectweb.asm.Label@500011bc)
OBJ 50001460 (sz=48, trace=300768, class=jdk.internal.org.objectweb.asm.Frame@500011be)
OBJ 50001461 (sz=24, trace=300769, class=jdk.internal.org.objectweb.asm.ByteVector@5000118a)
ARR 50001462 (sz=80, trace=300770, nelems=0, elem type=byte[])
OBJ 50001463 (sz=56, trace=300771, class=jdk.internal.org.objectweb.asm.Item@5000118d)
OBJ 50001464 (sz=56, trace=300773, class=jdk.internal.org.objectweb.asm.AnnotationWriter@500011c5)
OBJ 50001465 (sz=24, trace=300774, class=jdk.internal.org.objectweb.asm.ByteVector@5000118a)
ARR 50001466 (sz=80, trace=300775, nelems=0, elem type=byte[])
OBJ 50001467 (sz=56, trace=300776, class=jdk.internal.org.objectweb.asm.Item@5000118d)
OBJ 50001468 (sz=56, trace=300773, class=jdk.internal.org.objectweb.asm.AnnotationWriter@500011c5)
OBJ 50001469 (sz=24, trace=300777, class=jdk.internal.org.objectweb.asm.ByteVector@5000118a)
ARR 5000146a (sz=80, trace=300778, nelems=0, elem type=byte[])
ARR 5000146b (sz=528, trace=300779, nelems=0, elem type=byte[])
OBJ 5000146c (sz=56, trace=300780, class=jdk.internal.org.objectweb.asm.Item@5000118d)
OBJ 5000146d (sz=56, trace=300773, class=jdk.internal.org.objectweb.asm.AnnotationWriter@500011c5)
OBJ 5000146e (sz=24, trace=300795, class=java.lang.String@50000165)
ARR 5000146f (sz=56, trace=300462, nelems=0, elem type=char[])
ARR 50001470 (sz=88, trace=300796, nelems=0, elem type=char[])
OBJ 50001471 (sz=24, trace=300797, class=java.lang.String@50000165)
ARR 50001472 (sz=56, trace=300798, nelems=0, elem type=int[])
OBJ 50001473 (sz=56, trace=300733, class=jdk.internal.org.objectweb.asm.Item@5000118d)
OBJ 50001474 (sz=56, trace=300800, class=jdk.internal.org.objectweb.asm.Item@5000118d)
OBJ 50001475 (sz=56, trace=300801, class=jdk.internal.org.objectweb.asm.Item@5000118d)
OBJ 50001476 (sz=56, trace=300802, class=jdk.internal.org.objectweb.asm.Item@5000118d)
OBJ 50001477 (sz=56, trace=300803, class=jdk.internal.org.objectweb.asm.Item@5000118d)
OBJ 50001478 (sz=56, trace=300804, class=jdk.internal.org.objectweb.asm.Item@5000118d)
OBJ 50001479 (sz=24, trace=300805, class=java.lang.String@50000165)
ARR 5000147a (sz=48, trace=300806, nelems=0, elem type=char[])
OBJ 5000147b (sz=56, trace=300807, class=jdk.internal.org.objectweb.asm.Item@5000118d)
ARR 5000147c (sz=80, trace=300808, nelems=0, elem type=jdk.internal.org.objectweb.asm.Item[]@5000118e)
ARR 5000147d (sz=56, trace=300809, nelems=0, elem type=int[])
OBJ 5000147e (sz=24, trace=300795, class=java.lang.String@50000165)
ARR 5000147f (sz=40, trace=300462, nelems=0, elem type=char[])
ARR 50001480 (sz=72, trace=300811, nelems=0, elem type=char[])
OBJ 50001481 (sz=24, trace=300812, class=java.lang.String@50000165)
OBJ 50001482 (sz=56, trace=300813, class=jdk.internal.org.objectweb.asm.Item@5000118d)
OBJ 50001483 (sz=56, trace=300814, class=jdk.internal.org.objectweb.asm.Item@5000118d)
OBJ 50001484 (sz=56, trace=300815, class=jdk.internal.org.objectweb.asm.Item@5000118d)
OBJ 50001485 (sz=24, trace=300685, class=java.util.Arrays$ArrayList@5000115f)
OBJ 50001486 (sz=24, trace=300686, class=java.util.Collections$UnmodifiableRandomAccessList@500000ca)
OBJ 50001487 (sz=24, trace=300738, class=java.lang.StringBuilder@50000118)
ARR 50001488 (sz=48, trace=300739, nelems=0, elem type=char[])
OBJ 50001489 (sz=24, trace=300740, class=java.util.Collections$UnmodifiableCollection$1@50001162)
OBJ 5000148a (sz=32, trace=300690, class=java.util.AbstractList$Itr@50001164)
ARR 5000148b (sz=48, trace=300741, nelems=0, elem type=char[])
OBJ 5000148c (sz=24, trace=300742, class=java.lang.String@50000165)
ARR 5000148d (sz=88, trace=300010, nelems=0, elem type=char[])
ARR 5000148e (sz=48, trace=300741, nelems=0, elem type=char[])
OBJ 5000148f (sz=24, trace=300742, class=java.lang.String@50000165)
ARR 50001490 (sz=160, trace=300010, nelems=0, elem type=char[])
ARR 50001491 (sz=72, trace=300741, nelems=0, elem type=char[])
OBJ 50001492 (sz=24, trace=300742, class=java.lang.String@50000165)
ARR 50001493 (sz=48, trace=300743, nelems=0, elem type=char[])
OBJ 50001494 (sz=24, trace=300744, class=java.lang.String@50000165)
ARR 50001495 (sz=304, trace=300010, nelems=0, elem type=char[])
OBJ 50001496 (sz=24, trace=300745, class=java.lang.String@50000165)
	value		50001497
ARR 50001497 (sz=170, trace=300746, nelems=85, elem type=char[])
OBJ 50001498 (sz=56, trace=300733, class=jdk.internal.org.objectweb.asm.Item@5000118d)
OBJ 50001499 (sz=56, trace=300800, class=jdk.internal.org.objectweb.asm.Item@5000118d)
OBJ 5000149a (sz=56, trace=300801, class=jdk.internal.org.objectweb.asm.Item@5000118d)
ARR 5000149b (sz=1040, trace=300816, nelems=0, elem type=byte[])
OBJ 5000149c (sz=56, trace=300802, class=jdk.internal.org.objectweb.asm.Item@5000118d)
OBJ 5000149d (sz=56, trace=300803, class=jdk.internal.org.objectweb.asm.Item@5000118d)
OBJ 5000149e (sz=56, trace=300804, class=jdk.internal.org.objectweb.asm.Item@5000118d)
OBJ 5000149f (sz=24, trace=300805, class=java.lang.String@50000165)
ARR 500014a0 (sz=48, trace=300806, nelems=0, elem type=char[])
OBJ 500014a1 (sz=64, trace=300817, class=jdk.internal.org.objectweb.asm.Label@500011bc)
OBJ 500014a2 (sz=48, trace=300818, class=jdk.internal.org.objectweb.asm.Frame@500011be)
ARR 500014a3 (sz=168, trace=300819, nelems=0, elem type=char[])
ARR 500014a4 (sz=32, trace=300820, nelems=0, elem type=jdk.internal.org.objectweb.asm.Type[]@50001222)
OBJ 500014a5 (sz=32, trace=300821, class=jdk.internal.org.objectweb.asm.Type@500011b2)
OBJ 500014a6 (sz=32, trace=300821, class=jdk.internal.org.objectweb.asm.Type@500011b2)
OBJ 500014a7 (sz=32, trace=300821, class=jdk.internal.org.objectweb.asm.Type@500011b2)
ARR 500014a8 (sz=32, trace=300822, nelems=0, elem type=int[])
ARR 500014a9 (sz=16, trace=300823, nelems=0, elem type=int[])
OBJ 500014aa (sz=24, trace=300824, class=java.lang.StringBuffer@50000119)
ARR 500014ab (sz=48, trace=300825, nelems=0, elem type=char[])
ARR 500014ac (sz=88, trace=300826, nelems=0, elem type=char[])
ARR 500014ad (sz=56, trace=300827, nelems=0, elem type=char[])
OBJ 500014ae (sz=24, trace=300828, class=java.lang.String@50000165)
OBJ 500014af (sz=24, trace=300829, class=java.lang.String@50000165)
ARR 500014b0 (sz=48, trace=300806, nelems=0, elem type=char[])
OBJ 500014b1 (sz=24, trace=300824, class=java.lang.StringBuffer@50000119)
ARR 500014b2 (sz=48, trace=300825, nelems=0, elem type=char[])
ARR 500014b3 (sz=88, trace=300826, nelems=0, elem type=char[])
ARR 500014b4 (sz=56, trace=300827, nelems=0, elem type=char[])
OBJ 500014b5 (sz=24, trace=300828, class=java.lang.String@50000165)
OBJ 500014b6 (sz=24, trace=300829, class=java.lang.String@50000165)
ARR 500014b7 (sz=48, trace=300806, nelems=0, elem type=char[])
OBJ 500014b8 (sz=24, trace=300824, class=java.lang.StringBuffer@50000119)
ARR 500014b9 (sz=48, trace=300825, nelems=0, elem type=char[])
ARR 500014ba (sz=88, trace=300826, nelems=0, elem type=char[])
ARR 500014bb (sz=56, trace=300827, nelems=0, elem type=char[])
OBJ 500014bc (sz=24, trace=300828, class=java.lang.String@50000165)
OBJ 500014bd (sz=24, trace=300829, class=java.lang.String@50000165)
ARR 500014be (sz=48, trace=300806, nelems=0, elem type=char[])
ARR 500014bf (sz=40, trace=300830, nelems=0, elem type=int[])
ARR 500014c0 (sz=24, trace=300831, nelems=0, elem type=java.lang.Object[]@500000ff)
OBJ 500014c1 (sz=56, trace=300832, class=jdk.internal.org.objectweb.asm.Item@5000118d)
OBJ 500014c2 (sz=56, trace=300833, class=jdk.internal.org.objectweb.asm.Item@5000118d)
OBJ 500014c3 (sz=56, trace=300834, class=jdk.internal.org.objectweb.asm.Item@5000118d)
OBJ 500014c4 (sz=24, trace=300835, class=jdk.internal.org.objectweb.asm.ByteVector@5000118a)
ARR 500014c5 (sz=744, trace=300836, nelems=0, elem type=byte[])
ARR 500014c6 (sz=128, trace=300837, nelems=0, elem type=java.lang.Object[]@500000ff)
OBJ 500014c7 (sz=16, trace=300839, class=java.util.HashMap$Values@5000123e)
OBJ 500014c8 (sz=40, trace=300841, class=java.util.HashMap$ValueIterator@50001241)
OBJ 500014ca (sz=56, trace=300843, class=java.lang.invoke.MemberName@50000124)
OBJ 500014cb (sz=40, trace=300844, class=java.lang.ref.SoftReference@50000149)
	referent	5000141e
	queue		50006b4d
OBJ 500014cc (sz=32, trace=300845, class=java.lang.invoke.DirectMethodHandle@50000125)
	type		50000fc3
	form		5000141e
	member		50001126
OBJ 500014cd (sz=40, trace=300672, class=java.lang.invoke.MethodType@50000121)
OBJ 500014ce (sz=32, trace=300443, class=java.lang.invoke.MethodType$ConcurrentWeakInternSet$WeakEntry@50000b5f)
OBJ 500014cf (sz=32, trace=300845, class=java.lang.invoke.DirectMethodHandle@50000125)
	type		50000faa
	form		5000116a
	member		5000112b
OBJ 500014d0 (sz=40, trace=300672, class=java.lang.invoke.MethodType@50000121)
OBJ 500014d1 (sz=32, trace=300443, class=java.lang.invoke.MethodType$ConcurrentWeakInternSet$WeakEntry@50000b5f)
OBJ 500014d2 (sz=32, trace=300845, class=java.lang.invoke.DirectMethodHandle@50000125)
	type		50000faa
	form		5000116a
	member		50001130
OBJ 500014d3 (sz=40, trace=300672, class=java.lang.invoke.MethodType@50000121)
OBJ 500014d4 (sz=32, trace=300443, class=java.lang.invoke.MethodType$ConcurrentWeakInternSet$WeakEntry@50000b5f)
ARR 500014d5 (sz=24, trace=300856, nelems=0, elem type=java.lang.Class[]@500000fa)
OBJ 500014d6 (sz=40, trace=300857, class=java.lang.invoke.MethodType@50000121)
OBJ 500014d7 (sz=32, trace=300443, class=java.lang.invoke.MethodType$ConcurrentWeakInternSet$WeakEntry@50000b5f)
OBJ 500014d8 (sz=40, trace=300858, class=java.lang.invoke.MethodType@50000121)
	rtype		50000169
	ptypes		50006f50
	form		50000fc4
OBJ 500014d9 (sz=40, trace=300445, class=java.lang.invoke.MethodType@50000121)
OBJ 500014da (sz=32, trace=300443, class=java.lang.invoke.MethodType$ConcurrentWeakInternSet$WeakEntry@50000b5f)
OBJ 500014db (sz=32, trace=300452, class=java.lang.invoke.MethodType$ConcurrentWeakInternSet$WeakEntry@50000b5f)
	referent	500014d8
	queue		50000b52
OBJ 500014dc (sz=32, trace=300454, class=java.util.concurrent.ConcurrentHashMap$Node@50000021)
ARR 500014dd (sz=24, trace=300859, nelems=0, elem type=java.lang.Class[]@500000fa)
OBJ 500014de (sz=40, trace=300860, class=java.lang.invoke.MethodType@50000121)
OBJ 500014df (sz=32, trace=300443, class=java.lang.invoke.MethodType$ConcurrentWeakInternSet$WeakEntry@50000b5f)
ARR 500014e0 (sz=24, trace=300512, nelems=0, elem type=java.lang.Class[]@500000fa)
OBJ 500014e1 (sz=40, trace=300514, class=java.lang.invoke.MethodType@50000121)
OBJ 500014e2 (sz=32, trace=300443, class=java.lang.invoke.MethodType$ConcurrentWeakInternSet$WeakEntry@50000b5f)
OBJ 500014e3 (sz=56, trace=300516, class=java.lang.invoke.MemberName@50000124)
ARR 500014e4 (sz=24, trace=300518, nelems=0, elem type=java.lang.Class[]@500000fa)
OBJ 500014e5 (sz=40, trace=300519, class=java.lang.invoke.MethodType@50000121)
OBJ 500014e6 (sz=32, trace=300443, class=java.lang.invoke.MethodType$ConcurrentWeakInternSet$WeakEntry@50000b5f)
ARR 500014e7 (sz=40, trace=300623, nelems=0, elem type=java.lang.invoke.LambdaForm$Name[]@50000fce)
ARR 500014e8 (sz=24, trace=300674, nelems=0, elem type=java.lang.Object[]@500000ff)
ARR 500014e9 (sz=24, trace=300675, nelems=1, elem type=java.lang.Object[]@500000ff)
	[0]		50000f65
OBJ 500014ea (sz=32, trace=300676, class=java.lang.invoke.LambdaForm$Name@50000f62)
	type		50000f5a
	function	50001105
	arguments	500014e9
ARR 500014eb (sz=32, trace=300677, nelems=0, elem type=java.lang.Object[]@500000ff)
OBJ 500014ec (sz=24, trace=300678, class=java.lang.invoke.LambdaForm$NamedFunction@50000f99)
	member		50006f53
ARR 500014ed (sz=32, trace=300679, nelems=3, elem type=java.lang.Object[]@500000ff)
	[0]		50000f66
	[1]		50000f67
	[2]		500014ea
OBJ 500014ee (sz=32, trace=300680, class=java.lang.invoke.LambdaForm$Name@50000f62)
	type		50000f5a
	function	500014ec
	arguments	500014ed
OBJ 500014ef (sz=24, trace=300681, class=java.lang.StringBuilder@50000118)
ARR 500014f0 (sz=48, trace=300682, nelems=0, elem type=char[])
ARR 500014f1 (sz=88, trace=300010, nelems=0, elem type=char[])
ARR 500014f2 (sz=24, trace=300683, nelems=0, elem type=char[])
OBJ 500014f3 (sz=24, trace=300685, class=java.util.Arrays$ArrayList@5000115f)
OBJ 500014f4 (sz=24, trace=300686, class=java.util.Collections$UnmodifiableRandomAccessList@500000ca)
OBJ 500014f5 (sz=24, trace=300688, class=java.util.Collections$UnmodifiableCollection$1@50001162)
OBJ 500014f6 (sz=32, trace=300690, class=java.util.AbstractList$Itr@50001164)
OBJ 500014f7 (sz=24, trace=300691, class=java.lang.String@50000165)
ARR 500014f8 (sz=24, trace=300692, nelems=0, elem type=char[])
OBJ 500014f9 (sz=24, trace=300693, class=java.lang.String@50000165)
	value		500014fa
ARR 500014fa (sz=44, trace=300694, nelems=22, elem type=char[])
OBJ 500014fb (sz=48, trace=300695, class=java.lang.invoke.LambdaForm@50000122)
	names		50006f52
	debugName	500014f9
	vmentry		50006f51
OBJ 500014fc (sz=24, trace=300696, class=java.lang.StringBuilder@50000118)
ARR 500014fd (sz=32, trace=300697, nelems=0, elem type=char[])
OBJ 500014fe (sz=24, trace=300698, class=java.lang.String@50000165)
ARR 500014ff (sz=32, trace=300699, nelems=0, elem type=char[])
ARR 50001500 (sz=32, trace=300700, nelems=0, elem type=java.lang.Class[]@500000fa)
OBJ 50001501 (sz=40, trace=300701, class=java.lang.invoke.MethodType@50000121)
OBJ 50001502 (sz=32, trace=300443, class=java.lang.invoke.MethodType$ConcurrentWeakInternSet$WeakEntry@50000b5f)
OBJ 50001503 (sz=64, trace=300704, class=java.lang.invoke.InvokerBytecodeGenerator@50001172)
OBJ 50001504 (sz=48, trace=300705, class=java.util.HashMap@500000bd)
OBJ 50001505 (sz=24, trace=300706, class=java.lang.String@50000165)
ARR 50001506 (sz=24, trace=300707, nelems=0, elem type=char[])
OBJ 50001507 (sz=24, trace=300708, class=java.lang.String@50000165)
	value		50001508
ARR 50001508 (sz=36, trace=300709, nelems=18, elem type=char[])
OBJ 50001509 (sz=24, trace=300710, class=java.lang.StringBuilder@50000118)
ARR 5000150a (sz=48, trace=300711, nelems=0, elem type=char[])
ARR 5000150b (sz=88, trace=300010, nelems=0, elem type=char[])
OBJ 5000150c (sz=24, trace=300712, class=java.lang.String@50000165)
ARR 5000150d (sz=80, trace=300713, nelems=0, elem type=char[])
OBJ 5000150e (sz=24, trace=300714, class=java.lang.StringBuilder@50000118)
ARR 5000150f (sz=48, trace=300715, nelems=0, elem type=char[])
OBJ 50001510 (sz=24, trace=300716, class=java.lang.String@50000165)
ARR 50001511 (sz=48, trace=300717, nelems=0, elem type=char[])
ARR 50001512 (sz=40, trace=300718, nelems=0, elem type=int[])
ARR 50001513 (sz=40, trace=300719, nelems=0, elem type=java.lang.invoke.LambdaForm$BasicType[]@50000f60)
ARR 50001514 (sz=40, trace=300720, nelems=0, elem type=java.lang.Class[]@500000fa)
OBJ 50001515 (sz=168, trace=300723, class=jdk.internal.org.objectweb.asm.ClassWriter@50001187)
OBJ 50001516 (sz=24, trace=300725, class=jdk.internal.org.objectweb.asm.ByteVector@5000118a)
ARR 50001517 (sz=80, trace=300726, nelems=0, elem type=byte[])
ARR 50001518 (sz=1040, trace=300728, nelems=0, elem type=jdk.internal.org.objectweb.asm.Item[]@5000118e)
OBJ 50001519 (sz=56, trace=300729, class=jdk.internal.org.objectweb.asm.Item@5000118d)
OBJ 5000151a (sz=56, trace=300730, class=jdk.internal.org.objectweb.asm.Item@5000118d)
OBJ 5000151b (sz=56, trace=300731, class=jdk.internal.org.objectweb.asm.Item@5000118d)
OBJ 5000151c (sz=56, trace=300732, class=jdk.internal.org.objectweb.asm.Item@5000118d)
OBJ 5000151d (sz=56, trace=300733, class=jdk.internal.org.objectweb.asm.Item@5000118d)
OBJ 5000151e (sz=56, trace=300734, class=jdk.internal.org.objectweb.asm.Item@5000118d)
OBJ 5000151f (sz=56, trace=300733, class=jdk.internal.org.objectweb.asm.Item@5000118d)
OBJ 50001520 (sz=56, trace=300735, class=jdk.internal.org.objectweb.asm.Item@5000118d)
ARR 50001521 (sz=144, trace=300736, nelems=0, elem type=byte[])
OBJ 50001522 (sz=56, trace=300737, class=jdk.internal.org.objectweb.asm.Item@5000118d)
OBJ 50001523 (sz=224, trace=300748, class=jdk.internal.org.objectweb.asm.MethodWriter@500011ab)
OBJ 50001524 (sz=24, trace=300749, class=jdk.internal.org.objectweb.asm.ByteVector@5000118a)
ARR 50001525 (sz=80, trace=300750, nelems=0, elem type=byte[])
OBJ 50001526 (sz=56, trace=300751, class=jdk.internal.org.objectweb.asm.Item@5000118d)
ARR 50001527 (sz=272, trace=300752, nelems=0, elem type=byte[])
OBJ 50001528 (sz=56, trace=300753, class=jdk.internal.org.objectweb.asm.Item@5000118d)
OBJ 50001529 (sz=64, trace=300765, class=jdk.internal.org.objectweb.asm.Label@500011bc)
OBJ 5000152a (sz=48, trace=300768, class=jdk.internal.org.objectweb.asm.Frame@500011be)
OBJ 5000152b (sz=24, trace=300769, class=jdk.internal.org.objectweb.asm.ByteVector@5000118a)
ARR 5000152c (sz=80, trace=300770, nelems=0, elem type=byte[])
OBJ 5000152d (sz=56, trace=300771, class=jdk.internal.org.objectweb.asm.Item@5000118d)
OBJ 5000152e (sz=56, trace=300773, class=jdk.internal.org.objectweb.asm.AnnotationWriter@500011c5)
OBJ 5000152f (sz=24, trace=300774, class=jdk.internal.org.objectweb.asm.ByteVector@5000118a)
ARR 50001530 (sz=80, trace=300775, nelems=0, elem type=byte[])
OBJ 50001531 (sz=56, trace=300776, class=jdk.internal.org.objectweb.asm.Item@5000118d)
OBJ 50001532 (sz=56, trace=300773, class=jdk.internal.org.objectweb.asm.AnnotationWriter@500011c5)
OBJ 50001533 (sz=24, trace=300777, class=jdk.internal.org.objectweb.asm.ByteVector@5000118a)
ARR 50001534 (sz=80, trace=300778, nelems=0, elem type=byte[])
ARR 50001535 (sz=528, trace=300779, nelems=0, elem type=byte[])
OBJ 50001536 (sz=56, trace=300780, class=jdk.internal.org.objectweb.asm.Item@5000118d)
OBJ 50001537 (sz=56, trace=300773, class=jdk.internal.org.objectweb.asm.AnnotationWriter@500011c5)
OBJ 50001538 (sz=24, trace=300795, class=java.lang.String@50000165)
ARR 50001539 (sz=56, trace=300462, nelems=0, elem type=char[])
ARR 5000153a (sz=88, trace=300796, nelems=0, elem type=char[])
OBJ 5000153b (sz=24, trace=300797, class=java.lang.String@50000165)
ARR 5000153c (sz=56, trace=300798, nelems=0, elem type=int[])
OBJ 5000153d (sz=56, trace=300733, class=jdk.internal.org.objectweb.asm.Item@5000118d)
OBJ 5000153e (sz=56, trace=300800, class=jdk.internal.org.objectweb.asm.Item@5000118d)
OBJ 5000153f (sz=56, trace=300801, class=jdk.internal.org.objectweb.asm.Item@5000118d)
OBJ 50001540 (sz=56, trace=300802, class=jdk.internal.org.objectweb.asm.Item@5000118d)
OBJ 50001541 (sz=56, trace=300803, class=jdk.internal.org.objectweb.asm.Item@5000118d)
OBJ 50001542 (sz=56, trace=300804, class=jdk.internal.org.objectweb.asm.Item@5000118d)
OBJ 50001543 (sz=24, trace=300805, class=java.lang.String@50000165)
ARR 50001544 (sz=48, trace=300806, nelems=0, elem type=char[])
OBJ 50001545 (sz=56, trace=300807, class=jdk.internal.org.objectweb.asm.Item@5000118d)
ARR 50001546 (sz=80, trace=300808, nelems=0, elem type=jdk.internal.org.objectweb.asm.Item[]@5000118e)
ARR 50001547 (sz=56, trace=300809, nelems=0, elem type=int[])
OBJ 50001548 (sz=24, trace=300795, class=java.lang.String@50000165)
ARR 50001549 (sz=40, trace=300462, nelems=0, elem type=char[])
ARR 5000154a (sz=72, trace=300811, nelems=0, elem type=char[])
OBJ 5000154b (sz=24, trace=300812, class=java.lang.String@50000165)
OBJ 5000154c (sz=56, trace=300813, class=jdk.internal.org.objectweb.asm.Item@5000118d)
OBJ 5000154d (sz=56, trace=300814, class=jdk.internal.org.objectweb.asm.Item@5000118d)
OBJ 5000154e (sz=56, trace=300815, class=jdk.internal.org.objectweb.asm.Item@5000118d)
OBJ 5000154f (sz=56, trace=300733, class=jdk.internal.org.objectweb.asm.Item@5000118d)
OBJ 50001550 (sz=56, trace=300800, class=jdk.internal.org.objectweb.asm.Item@5000118d)
OBJ 50001551 (sz=56, trace=300801, class=jdk.internal.org.objectweb.asm.Item@5000118d)
ARR 50001552 (sz=1040, trace=300816, nelems=0, elem type=byte[])
OBJ 50001553 (sz=56, trace=300802, class=jdk.internal.org.objectweb.asm.Item@5000118d)
OBJ 50001554 (sz=56, trace=300803, class=jdk.internal.org.objectweb.asm.Item@5000118d)
OBJ 50001555 (sz=56, trace=300804, class=jdk.internal.org.objectweb.asm.Item@5000118d)
OBJ 50001556 (sz=24, trace=300805, class=java.lang.String@50000165)
ARR 50001557 (sz=48, trace=300806, nelems=0, elem type=char[])
OBJ 50001558 (sz=64, trace=300817, class=jdk.internal.org.objectweb.asm.Label@500011bc)
OBJ 50001559 (sz=48, trace=300818, class=jdk.internal.org.objectweb.asm.Frame@500011be)
ARR 5000155a (sz=168, trace=300819, nelems=0, elem type=char[])
ARR 5000155b (sz=32, trace=300820, nelems=0, elem type=jdk.internal.org.objectweb.asm.Type[]@50001222)
OBJ 5000155c (sz=32, trace=300821, class=jdk.internal.org.objectweb.asm.Type@500011b2)
OBJ 5000155d (sz=32, trace=300821, class=jdk.internal.org.objectweb.asm.Type@500011b2)
OBJ 5000155e (sz=32, trace=300821, class=jdk.internal.org.objectweb.asm.Type@500011b2)
ARR 5000155f (sz=32, trace=300822, nelems=0, elem type=int[])
ARR 50001560 (sz=16, trace=300823, nelems=0, elem type=int[])
OBJ 50001561 (sz=24, trace=300824, class=java.lang.StringBuffer@50000119)
ARR 50001562 (sz=48, trace=300825, nelems=0, elem type=char[])
ARR 50001563 (sz=88, trace=300826, nelems=0, elem type=char[])
ARR 50001564 (sz=56, trace=300827, nelems=0, elem type=char[])
OBJ 50001565 (sz=24, trace=300828, class=java.lang.String@50000165)
OBJ 50001566 (sz=24, trace=300829, class=java.lang.String@50000165)
ARR 50001567 (sz=48, trace=300806, nelems=0, elem type=char[])
OBJ 50001568 (sz=24, trace=300824, class=java.lang.StringBuffer@50000119)
ARR 50001569 (sz=48, trace=300825, nelems=0, elem type=char[])
ARR 5000156a (sz=88, trace=300826, nelems=0, elem type=char[])
ARR 5000156b (sz=56, trace=300827, nelems=0, elem type=char[])
OBJ 5000156c (sz=24, trace=300828, class=java.lang.String@50000165)
OBJ 5000156d (sz=24, trace=300829, class=java.lang.String@50000165)
ARR 5000156e (sz=48, trace=300806, nelems=0, elem type=char[])
OBJ 5000156f (sz=24, trace=300824, class=java.lang.StringBuffer@50000119)
ARR 50001570 (sz=48, trace=300825, nelems=0, elem type=char[])
ARR 50001571 (sz=88, trace=300826, nelems=0, elem type=char[])
ARR 50001572 (sz=56, trace=300827, nelems=0, elem type=char[])
OBJ 50001573 (sz=24, trace=300828, class=java.lang.String@50000165)
OBJ 50001574 (sz=24, trace=300829, class=java.lang.String@50000165)
ARR 50001575 (sz=48, trace=300806, nelems=0, elem type=char[])
ARR 50001576 (sz=40, trace=300830, nelems=0, elem type=int[])
ARR 50001577 (sz=24, trace=300831, nelems=0, elem type=java.lang.Object[]@500000ff)
OBJ 50001578 (sz=56, trace=300832, class=jdk.internal.org.objectweb.asm.Item@5000118d)
OBJ 50001579 (sz=56, trace=300833, class=jdk.internal.org.objectweb.asm.Item@5000118d)
OBJ 5000157a (sz=56, trace=300834, class=jdk.internal.org.objectweb.asm.Item@5000118d)
OBJ 5000157b (sz=24, trace=300835, class=jdk.internal.org.objectweb.asm.ByteVector@5000118a)
ARR 5000157c (sz=744, trace=300836, nelems=0, elem type=byte[])
ARR 5000157d (sz=128, trace=300837, nelems=0, elem type=java.lang.Object[]@500000ff)
OBJ 5000157e (sz=16, trace=300839, class=java.util.HashMap$Values@5000123e)
OBJ 5000157f (sz=40, trace=300841, class=java.util.HashMap$ValueIterator@50001241)
OBJ 50001581 (sz=56, trace=300843, class=java.lang.invoke.MemberName@50000124)
OBJ 50001582 (sz=40, trace=300844, class=java.lang.ref.SoftReference@50000149)
	referent	500014fb
	queue		50006b4d
OBJ 50001583 (sz=32, trace=300845, class=java.lang.invoke.DirectMethodHandle@50000125)
	type		500014d8
	form		500014fb
	member		50001138
ARR 50001584 (sz=24, trace=300674, nelems=0, elem type=java.lang.Object[]@500000ff)
ARR 50001585 (sz=24, trace=300675, nelems=1, elem type=java.lang.Object[]@500000ff)
	[0]		50000f65
OBJ 50001586 (sz=32, trace=300676, class=java.lang.invoke.LambdaForm$Name@50000f62)
	type		50000f5a
	function	50001105
	arguments	50001585
ARR 50001587 (sz=32, trace=300677, nelems=0, elem type=java.lang.Object[]@500000ff)
OBJ 50001588 (sz=24, trace=300678, class=java.lang.invoke.LambdaForm$NamedFunction@50000f99)
	member		50006fa8
ARR 50001589 (sz=32, trace=300679, nelems=4, elem type=java.lang.Object[]@500000ff)
	[0]		50000f66
	[1]		50000f67
	[2]		50000f68
	[3]		50001586
OBJ 5000158a (sz=32, trace=300680, class=java.lang.invoke.LambdaForm$Name@50000f62)
	type		50000f5a
	function	50001588
	arguments	50001589
OBJ 5000158b (sz=24, trace=300681, class=java.lang.StringBuilder@50000118)
ARR 5000158c (sz=48, trace=300682, nelems=0, elem type=char[])
ARR 5000158d (sz=88, trace=300010, nelems=0, elem type=char[])
ARR 5000158e (sz=32, trace=300683, nelems=0, elem type=char[])
OBJ 5000158f (sz=24, trace=300685, class=java.util.Arrays$ArrayList@5000115f)
OBJ 50001590 (sz=24, trace=300686, class=java.util.Collections$UnmodifiableRandomAccessList@500000ca)
OBJ 50001591 (sz=24, trace=300688, class=java.util.Collections$UnmodifiableCollection$1@50001162)
OBJ 50001592 (sz=32, trace=300690, class=java.util.AbstractList$Itr@50001164)
OBJ 50001593 (sz=24, trace=300691, class=java.lang.String@50000165)
ARR 50001594 (sz=32, trace=300692, nelems=0, elem type=char[])
OBJ 50001595 (sz=24, trace=300861, class=java.lang.StringBuilder@50000118)
ARR 50001596 (sz=48, trace=300862, nelems=0, elem type=char[])
OBJ 50001597 (sz=24, trace=300863, class=java.lang.String@50000165)
ARR 50001598 (sz=24, trace=300864, nelems=0, elem type=char[])
OBJ 50001599 (sz=24, trace=300693, class=java.lang.String@50000165)
	value		5000159a
ARR 5000159a (sz=42, trace=300694, nelems=21, elem type=char[])
OBJ 5000159b (sz=48, trace=300695, class=java.lang.invoke.LambdaForm@50000122)
	names		50006fa7
	debugName	50001599
	vmentry		50006fa6
OBJ 5000159c (sz=24, trace=300696, class=java.lang.StringBuilder@50000118)
ARR 5000159d (sz=32, trace=300697, nelems=0, elem type=char[])
OBJ 5000159e (sz=24, trace=300698, class=java.lang.String@50000165)
ARR 5000159f (sz=32, trace=300699, nelems=0, elem type=char[])
ARR 500015a0 (sz=32, trace=300700, nelems=0, elem type=java.lang.Class[]@500000fa)
OBJ 500015a1 (sz=40, trace=300701, class=java.lang.invoke.MethodType@50000121)
OBJ 500015a2 (sz=32, trace=300443, class=java.lang.invoke.MethodType$ConcurrentWeakInternSet$WeakEntry@50000b5f)
OBJ 500015a3 (sz=64, trace=300704, class=java.lang.invoke.InvokerBytecodeGenerator@50001172)
OBJ 500015a4 (sz=48, trace=300705, class=java.util.HashMap@500000bd)
OBJ 500015a5 (sz=24, trace=300706, class=java.lang.String@50000165)
ARR 500015a6 (sz=24, trace=300707, nelems=0, elem type=char[])
OBJ 500015a7 (sz=24, trace=300708, class=java.lang.String@50000165)
	value		500015a8
ARR 500015a8 (sz=34, trace=300709, nelems=17, elem type=char[])
OBJ 500015a9 (sz=24, trace=300710, class=java.lang.StringBuilder@50000118)
ARR 500015aa (sz=48, trace=300711, nelems=0, elem type=char[])
ARR 500015ab (sz=88, trace=300010, nelems=0, elem type=char[])
OBJ 500015ac (sz=24, trace=300712, class=java.lang.String@50000165)
ARR 500015ad (sz=80, trace=300713, nelems=0, elem type=char[])
OBJ 500015ae (sz=24, trace=300714, class=java.lang.StringBuilder@50000118)
ARR 500015af (sz=48, trace=300715, nelems=0, elem type=char[])
OBJ 500015b0 (sz=24, trace=300716, class=java.lang.String@50000165)
ARR 500015b1 (sz=48, trace=300717, nelems=0, elem type=char[])
ARR 500015b2 (sz=48, trace=300718, nelems=0, elem type=int[])
ARR 500015b3 (sz=48, trace=300719, nelems=0, elem type=java.lang.invoke.LambdaForm$BasicType[]@50000f60)
ARR 500015b4 (sz=48, trace=300720, nelems=0, elem type=java.lang.Class[]@500000fa)
OBJ 500015b5 (sz=168, trace=300723, class=jdk.internal.org.objectweb.asm.ClassWriter@50001187)
OBJ 500015b6 (sz=24, trace=300725, class=jdk.internal.org.objectweb.asm.ByteVector@5000118a)
ARR 500015b7 (sz=80, trace=300726, nelems=0, elem type=byte[])
ARR 500015b8 (sz=1040, trace=300728, nelems=0, elem type=jdk.internal.org.objectweb.asm.Item[]@5000118e)
OBJ 500015b9 (sz=56, trace=300729, class=jdk.internal.org.objectweb.asm.Item@5000118d)
OBJ 500015ba (sz=56, trace=300730, class=jdk.internal.org.objectweb.asm.Item@5000118d)
OBJ 500015bb (sz=56, trace=300731, class=jdk.internal.org.objectweb.asm.Item@5000118d)
OBJ 500015bc (sz=56, trace=300732, class=jdk.internal.org.objectweb.asm.Item@5000118d)
OBJ 500015bd (sz=56, trace=300733, class=jdk.internal.org.objectweb.asm.Item@5000118d)
OBJ 500015be (sz=56, trace=300734, class=jdk.internal.org.objectweb.asm.Item@5000118d)
OBJ 500015bf (sz=56, trace=300733, class=jdk.internal.org.objectweb.asm.Item@5000118d)
OBJ 500015c0 (sz=56, trace=300735, class=jdk.internal.org.objectweb.asm.Item@5000118d)
ARR 500015c1 (sz=144, trace=300736, nelems=0, elem type=byte[])
OBJ 500015c2 (sz=56, trace=300737, class=jdk.internal.org.objectweb.asm.Item@5000118d)
OBJ 500015c3 (sz=24, trace=300685, class=java.util.Arrays$ArrayList@5000115f)
OBJ 500015c4 (sz=24, trace=300686, class=java.util.Collections$UnmodifiableRandomAccessList@500000ca)
OBJ 500015c5 (sz=24, trace=300738, class=java.lang.StringBuilder@50000118)
ARR 500015c6 (sz=48, trace=300739, nelems=0, elem type=char[])
OBJ 500015c7 (sz=24, trace=300740, class=java.util.Collections$UnmodifiableCollection$1@50001162)
OBJ 500015c8 (sz=32, trace=300690, class=java.util.AbstractList$Itr@50001164)
ARR 500015c9 (sz=48, trace=300741, nelems=0, elem type=char[])
OBJ 500015ca (sz=24, trace=300742, class=java.lang.String@50000165)
ARR 500015cb (sz=88, trace=300010, nelems=0, elem type=char[])
ARR 500015cc (sz=48, trace=300741, nelems=0, elem type=char[])
OBJ 500015cd (sz=24, trace=300742, class=java.lang.String@50000165)
ARR 500015ce (sz=160, trace=300010, nelems=0, elem type=char[])
ARR 500015cf (sz=48, trace=300741, nelems=0, elem type=char[])
OBJ 500015d0 (sz=24, trace=300742, class=java.lang.String@50000165)
ARR 500015d1 (sz=48, trace=300741, nelems=0, elem type=char[])
OBJ 500015d2 (sz=24, trace=300742, class=java.lang.String@50000165)
ARR 500015d3 (sz=304, trace=300010, nelems=0, elem type=char[])
ARR 500015d4 (sz=48, trace=300743, nelems=0, elem type=char[])
OBJ 500015d5 (sz=24, trace=300744, class=java.lang.String@50000165)
OBJ 500015d6 (sz=24, trace=300745, class=java.lang.String@50000165)
	value		500015d7
ARR 500015d7 (sz=184, trace=300746, nelems=92, elem type=char[])
OBJ 500015d8 (sz=224, trace=300748, class=jdk.internal.org.objectweb.asm.MethodWriter@500011ab)
OBJ 500015d9 (sz=24, trace=300749, class=jdk.internal.org.objectweb.asm.ByteVector@5000118a)
ARR 500015da (sz=80, trace=300750, nelems=0, elem type=byte[])
OBJ 500015db (sz=56, trace=300751, class=jdk.internal.org.objectweb.asm.Item@5000118d)
ARR 500015dc (sz=272, trace=300752, nelems=0, elem type=byte[])
OBJ 500015dd (sz=56, trace=300753, class=jdk.internal.org.objectweb.asm.Item@5000118d)
OBJ 500015de (sz=64, trace=300765, class=jdk.internal.org.objectweb.asm.Label@500011bc)
OBJ 500015df (sz=48, trace=300768, class=jdk.internal.org.objectweb.asm.Frame@500011be)
OBJ 500015e0 (sz=24, trace=300769, class=jdk.internal.org.objectweb.asm.ByteVector@5000118a)
ARR 500015e1 (sz=80, trace=300770, nelems=0, elem type=byte[])
OBJ 500015e2 (sz=56, trace=300771, class=jdk.internal.org.objectweb.asm.Item@5000118d)
OBJ 500015e3 (sz=56, trace=300773, class=jdk.internal.org.objectweb.asm.AnnotationWriter@500011c5)
OBJ 500015e4 (sz=24, trace=300774, class=jdk.internal.org.objectweb.asm.ByteVector@5000118a)
ARR 500015e5 (sz=80, trace=300775, nelems=0, elem type=byte[])
ARR 500015e6 (sz=528, trace=300779, nelems=0, elem type=byte[])
OBJ 500015e7 (sz=56, trace=300776, class=jdk.internal.org.objectweb.asm.Item@5000118d)
OBJ 500015e8 (sz=56, trace=300773, class=jdk.internal.org.objectweb.asm.AnnotationWriter@500011c5)
OBJ 500015e9 (sz=24, trace=300777, class=jdk.internal.org.objectweb.asm.ByteVector@5000118a)
ARR 500015ea (sz=80, trace=300778, nelems=0, elem type=byte[])
OBJ 500015eb (sz=56, trace=300780, class=jdk.internal.org.objectweb.asm.Item@5000118d)
OBJ 500015ec (sz=56, trace=300773, class=jdk.internal.org.objectweb.asm.AnnotationWriter@500011c5)
OBJ 500015ed (sz=24, trace=300795, class=java.lang.String@50000165)
ARR 500015ee (sz=56, trace=300462, nelems=0, elem type=char[])
ARR 500015ef (sz=88, trace=300796, nelems=0, elem type=char[])
OBJ 500015f0 (sz=24, trace=300797, class=java.lang.String@50000165)
ARR 500015f1 (sz=56, trace=300798, nelems=0, elem type=int[])
OBJ 500015f2 (sz=56, trace=300733, class=jdk.internal.org.objectweb.asm.Item@5000118d)
OBJ 500015f3 (sz=56, trace=300800, class=jdk.internal.org.objectweb.asm.Item@5000118d)
OBJ 500015f4 (sz=56, trace=300801, class=jdk.internal.org.objectweb.asm.Item@5000118d)
OBJ 500015f5 (sz=56, trace=300802, class=jdk.internal.org.objectweb.asm.Item@5000118d)
OBJ 500015f6 (sz=56, trace=300803, class=jdk.internal.org.objectweb.asm.Item@5000118d)
OBJ 500015f7 (sz=56, trace=300804, class=jdk.internal.org.objectweb.asm.Item@5000118d)
OBJ 500015f8 (sz=24, trace=300805, class=java.lang.String@50000165)
ARR 500015f9 (sz=48, trace=300806, nelems=0, elem type=char[])
OBJ 500015fa (sz=56, trace=300807, class=jdk.internal.org.objectweb.asm.Item@5000118d)
ARR 500015fb (sz=80, trace=300808, nelems=0, elem type=jdk.internal.org.objectweb.asm.Item[]@5000118e)
ARR 500015fc (sz=56, trace=300809, nelems=0, elem type=int[])
OBJ 500015fd (sz=24, trace=300795, class=java.lang.String@50000165)
ARR 500015fe (sz=40, trace=300462, nelems=0, elem type=char[])
ARR 500015ff (sz=72, trace=300811, nelems=0, elem type=char[])
OBJ 50001600 (sz=24, trace=300812, class=java.lang.String@50000165)
OBJ 50001601 (sz=56, trace=300813, class=jdk.internal.org.objectweb.asm.Item@5000118d)
OBJ 50001602 (sz=56, trace=300814, class=jdk.internal.org.objectweb.asm.Item@5000118d)
OBJ 50001603 (sz=56, trace=300815, class=jdk.internal.org.objectweb.asm.Item@5000118d)
OBJ 50001604 (sz=24, trace=300685, class=java.util.Arrays$ArrayList@5000115f)
OBJ 50001605 (sz=24, trace=300686, class=java.util.Collections$UnmodifiableRandomAccessList@500000ca)
OBJ 50001606 (sz=24, trace=300738, class=java.lang.StringBuilder@50000118)
ARR 50001607 (sz=48, trace=300739, nelems=0, elem type=char[])
OBJ 50001608 (sz=24, trace=300740, class=java.util.Collections$UnmodifiableCollection$1@50001162)
OBJ 50001609 (sz=32, trace=300690, class=java.util.AbstractList$Itr@50001164)
ARR 5000160a (sz=48, trace=300741, nelems=0, elem type=char[])
OBJ 5000160b (sz=24, trace=300742, class=java.lang.String@50000165)
ARR 5000160c (sz=88, trace=300010, nelems=0, elem type=char[])
ARR 5000160d (sz=48, trace=300741, nelems=0, elem type=char[])
OBJ 5000160e (sz=24, trace=300742, class=java.lang.String@50000165)
ARR 5000160f (sz=160, trace=300010, nelems=0, elem type=char[])
ARR 50001610 (sz=48, trace=300741, nelems=0, elem type=char[])
OBJ 50001611 (sz=24, trace=300742, class=java.lang.String@50000165)
ARR 50001612 (sz=72, trace=300741, nelems=0, elem type=char[])
OBJ 50001613 (sz=24, trace=300742, class=java.lang.String@50000165)
ARR 50001614 (sz=304, trace=300010, nelems=0, elem type=char[])
ARR 50001615 (sz=48, trace=300743, nelems=0, elem type=char[])
OBJ 50001616 (sz=24, trace=300744, class=java.lang.String@50000165)
OBJ 50001617 (sz=24, trace=300745, class=java.lang.String@50000165)
	value		50001618
ARR 50001618 (sz=206, trace=300746, nelems=103, elem type=char[])
OBJ 50001619 (sz=56, trace=300733, class=jdk.internal.org.objectweb.asm.Item@5000118d)
OBJ 5000161a (sz=56, trace=300800, class=jdk.internal.org.objectweb.asm.Item@5000118d)
OBJ 5000161b (sz=56, trace=300801, class=jdk.internal.org.objectweb.asm.Item@5000118d)
ARR 5000161c (sz=1040, trace=300816, nelems=0, elem type=byte[])
OBJ 5000161d (sz=56, trace=300802, class=jdk.internal.org.objectweb.asm.Item@5000118d)
OBJ 5000161e (sz=56, trace=300803, class=jdk.internal.org.objectweb.asm.Item@5000118d)
OBJ 5000161f (sz=56, trace=300804, class=jdk.internal.org.objectweb.asm.Item@5000118d)
OBJ 50001620 (sz=24, trace=300805, class=java.lang.String@50000165)
ARR 50001621 (sz=48, trace=300806, nelems=0, elem type=char[])
OBJ 50001622 (sz=64, trace=300817, class=jdk.internal.org.objectweb.asm.Label@500011bc)
OBJ 50001623 (sz=48, trace=300818, class=jdk.internal.org.objectweb.asm.Frame@500011be)
ARR 50001624 (sz=200, trace=300819, nelems=0, elem type=char[])
ARR 50001625 (sz=32, trace=300820, nelems=0, elem type=jdk.internal.org.objectweb.asm.Type[]@50001222)
OBJ 50001626 (sz=32, trace=300821, class=jdk.internal.org.objectweb.asm.Type@500011b2)
OBJ 50001627 (sz=32, trace=300821, class=jdk.internal.org.objectweb.asm.Type@500011b2)
OBJ 50001628 (sz=32, trace=300821, class=jdk.internal.org.objectweb.asm.Type@500011b2)
OBJ 50001629 (sz=32, trace=300821, class=jdk.internal.org.objectweb.asm.Type@500011b2)
ARR 5000162a (sz=40, trace=300822, nelems=0, elem type=int[])
ARR 5000162b (sz=16, trace=300823, nelems=0, elem type=int[])
OBJ 5000162c (sz=24, trace=300824, class=java.lang.StringBuffer@50000119)
ARR 5000162d (sz=48, trace=300825, nelems=0, elem type=char[])
ARR 5000162e (sz=88, trace=300826, nelems=0, elem type=char[])
ARR 5000162f (sz=56, trace=300827, nelems=0, elem type=char[])
OBJ 50001630 (sz=24, trace=300828, class=java.lang.String@50000165)
OBJ 50001631 (sz=24, trace=300829, class=java.lang.String@50000165)
ARR 50001632 (sz=48, trace=300806, nelems=0, elem type=char[])
OBJ 50001633 (sz=24, trace=300824, class=java.lang.StringBuffer@50000119)
ARR 50001634 (sz=48, trace=300825, nelems=0, elem type=char[])
ARR 50001635 (sz=88, trace=300826, nelems=0, elem type=char[])
ARR 50001636 (sz=56, trace=300827, nelems=0, elem type=char[])
OBJ 50001637 (sz=24, trace=300828, class=java.lang.String@50000165)
OBJ 50001638 (sz=24, trace=300829, class=java.lang.String@50000165)
ARR 50001639 (sz=48, trace=300806, nelems=0, elem type=char[])
OBJ 5000163a (sz=24, trace=300824, class=java.lang.StringBuffer@50000119)
ARR 5000163b (sz=48, trace=300825, nelems=0, elem type=char[])
ARR 5000163c (sz=88, trace=300826, nelems=0, elem type=char[])
ARR 5000163d (sz=56, trace=300827, nelems=0, elem type=char[])
OBJ 5000163e (sz=24, trace=300828, class=java.lang.String@50000165)
OBJ 5000163f (sz=24, trace=300829, class=java.lang.String@50000165)
ARR 50001640 (sz=48, trace=300806, nelems=0, elem type=char[])
OBJ 50001641 (sz=24, trace=300824, class=java.lang.StringBuffer@50000119)
ARR 50001642 (sz=48, trace=300825, nelems=0, elem type=char[])
ARR 50001643 (sz=88, trace=300826, nelems=0, elem type=char[])
ARR 50001644 (sz=56, trace=300827, nelems=0, elem type=char[])
OBJ 50001645 (sz=24, trace=300828, class=java.lang.String@50000165)
OBJ 50001646 (sz=24, trace=300829, class=java.lang.String@50000165)
ARR 50001647 (sz=48, trace=300806, nelems=0, elem type=char[])
ARR 50001648 (sz=48, trace=300830, nelems=0, elem type=int[])
ARR 50001649 (sz=24, trace=300831, nelems=0, elem type=java.lang.Object[]@500000ff)
OBJ 5000164a (sz=56, trace=300832, class=jdk.internal.org.objectweb.asm.Item@5000118d)
OBJ 5000164b (sz=56, trace=300833, class=jdk.internal.org.objectweb.asm.Item@5000118d)
OBJ 5000164c (sz=56, trace=300834, class=jdk.internal.org.objectweb.asm.Item@5000118d)
OBJ 5000164d (sz=24, trace=300835, class=jdk.internal.org.objectweb.asm.ByteVector@5000118a)
ARR 5000164e (sz=776, trace=300836, nelems=0, elem type=byte[])
ARR 5000164f (sz=128, trace=300837, nelems=0, elem type=java.lang.Object[]@500000ff)
OBJ 50001650 (sz=16, trace=300839, class=java.util.HashMap$Values@5000123e)
OBJ 50001651 (sz=40, trace=300841, class=java.util.HashMap$ValueIterator@50001241)
OBJ 50001653 (sz=56, trace=300843, class=java.lang.invoke.MemberName@50000124)
OBJ 50001654 (sz=40, trace=300844, class=java.lang.ref.SoftReference@50000149)
	referent	5000159b
	queue		50006b4d
OBJ 50001655 (sz=32, trace=300865, class=java.lang.invoke.DirectMethodHandle@50000125)
	type		500010d4
	form		5000159b
	member		50006fe7
OBJ 50001656 (sz=24, trace=300866, class=java.lang.StringBuilder@50000118)
ARR 50001657 (sz=48, trace=300867, nelems=0, elem type=char[])
OBJ 50001658 (sz=24, trace=300868, class=java.lang.String@50000165)
	value		50001659
ARR 50001659 (sz=10, trace=300869, nelems=5, elem type=char[])
OBJ 5000165a (sz=56, trace=300870, class=java.lang.invoke.MemberName@50000124)
OBJ 5000165c (sz=40, trace=300872, class=java.lang.invoke.MethodType@50000121)
OBJ 5000165d (sz=32, trace=300443, class=java.lang.invoke.MethodType$ConcurrentWeakInternSet$WeakEntry@50000b5f)
ARR 5000165e (sz=24, trace=300873, nelems=0, elem type=java.lang.Class[]@500000fa)
OBJ 5000165f (sz=40, trace=300857, class=java.lang.invoke.MethodType@50000121)
OBJ 50001660 (sz=32, trace=300443, class=java.lang.invoke.MethodType$ConcurrentWeakInternSet$WeakEntry@50000b5f)
OBJ 50001661 (sz=40, trace=300858, class=java.lang.invoke.MethodType@50000121)
	rtype		50000169
	ptypes		50006f0a
	form		50000fab
OBJ 50001662 (sz=40, trace=300445, class=java.lang.invoke.MethodType@50000121)
OBJ 50001663 (sz=32, trace=300443, class=java.lang.invoke.MethodType$ConcurrentWeakInternSet$WeakEntry@50000b5f)
OBJ 50001664 (sz=32, trace=300452, class=java.lang.invoke.MethodType$ConcurrentWeakInternSet$WeakEntry@50000b5f)
	referent	50001661
	queue		50000b52
OBJ 50001665 (sz=32, trace=300454, class=java.util.concurrent.ConcurrentHashMap$Node@50000021)
	key		50001664
	val		50001664
	next		500040fd
OBJ 50001666 (sz=24, trace=300874, class=java.lang.StringBuilder@50000118)
ARR 50001667 (sz=48, trace=300875, nelems=0, elem type=char[])
OBJ 50001668 (sz=24, trace=300876, class=java.lang.String@50000165)
ARR 50001669 (sz=32, trace=300877, nelems=0, elem type=char[])
OBJ 5000166a (sz=24, trace=300878, class=java.lang.String@50000165)
ARR 5000166b (sz=32, trace=300879, nelems=0, elem type=char[])
OBJ 5000166c (sz=24, trace=300880, class=java.lang.StringBuilder@50000118)
ARR 5000166d (sz=48, trace=300881, nelems=0, elem type=char[])
OBJ 5000166e (sz=24, trace=300882, class=java.lang.String@50000165)
	value		5000166f
ARR 5000166f (sz=18, trace=300883, nelems=9, elem type=char[])
ARR 50001670 (sz=24, trace=300884, nelems=0, elem type=java.lang.Class[]@500000fa)
ARR 50001671 (sz=24, trace=300885, nelems=2, elem type=java.lang.Class[]@500000fa)
	[0]		50000169
	[1]		50006299
OBJ 50001672 (sz=40, trace=300886, class=java.lang.invoke.MethodType@50000121)
OBJ 50001673 (sz=32, trace=300443, class=java.lang.invoke.MethodType$ConcurrentWeakInternSet$WeakEntry@50000b5f)
OBJ 50001674 (sz=40, trace=300887, class=java.lang.invoke.MethodType@50000121)
	rtype		50000169
	ptypes		50001671
	form		50001675
	methodDescriptor	5000172a
OBJ 50001675 (sz=56, trace=300888, class=java.lang.invoke.MethodTypeForm@50000b5a)
	argToSlotTable	50001677
	slotToArgTable	50001676
	erasedType	50001674
	basicType	50001674
	methodHandles	50001679
	lambdaForms	50001678
ARR 50001676 (sz=16, trace=300889, nelems=4, elem type=int[])
ARR 50001677 (sz=12, trace=300890, nelems=3, elem type=int[])
ARR 50001678 (sz=88, trace=300891, nelems=0, elem type=java.lang.ref.SoftReference[]@50000b68)
ARR 50001679 (sz=32, trace=300892, nelems=0, elem type=java.lang.ref.SoftReference[]@50000b68)
OBJ 5000167a (sz=32, trace=300452, class=java.lang.invoke.MethodType$ConcurrentWeakInternSet$WeakEntry@50000b5f)
	referent	50001674
	queue		50000b52
OBJ 5000167b (sz=32, trace=300454, class=java.util.concurrent.ConcurrentHashMap$Node@50000021)
	key		5000167a
	val		5000167a
OBJ 5000167c (sz=56, trace=300893, class=java.lang.invoke.MemberName@50000124)
OBJ 5000167d (sz=40, trace=300894, class=java.lang.invoke.MethodType@50000121)
OBJ 5000167e (sz=32, trace=300443, class=java.lang.invoke.MethodType$ConcurrentWeakInternSet$WeakEntry@50000b5f)
ARR 5000167f (sz=24, trace=300895, nelems=0, elem type=java.lang.Class[]@500000fa)
OBJ 50001680 (sz=40, trace=300896, class=java.lang.invoke.MethodType@50000121)
OBJ 50001681 (sz=32, trace=300443, class=java.lang.invoke.MethodType$ConcurrentWeakInternSet$WeakEntry@50000b5f)
ARR 50001682 (sz=24, trace=300897, nelems=0, elem type=java.lang.Class[]@500000fa)
OBJ 50001683 (sz=40, trace=300519, class=java.lang.invoke.MethodType@50000121)
OBJ 50001684 (sz=32, trace=300443, class=java.lang.invoke.MethodType$ConcurrentWeakInternSet$WeakEntry@50000b5f)
ARR 50001685 (sz=40, trace=300898, nelems=0, elem type=java.lang.invoke.LambdaForm$Name[]@50000fce)
ARR 50001686 (sz=32, trace=300899, nelems=0, elem type=java.lang.Object[]@500000ff)
ARR 50001687 (sz=24, trace=300900, nelems=0, elem type=java.lang.Object[]@500000ff)
ARR 50001688 (sz=24, trace=300901, nelems=1, elem type=java.lang.Object[]@500000ff)
	[0]		50000f66
OBJ 50001689 (sz=32, trace=300902, class=java.lang.invoke.LambdaForm$Name@50000f62)
	type		50000f5a
	function	50001119
	arguments	50001688
ARR 5000168a (sz=24, trace=300903, nelems=0, elem type=java.lang.Object[]@500000ff)
ARR 5000168b (sz=24, trace=300904, nelems=1, elem type=java.lang.Object[]@500000ff)
	[0]		50000f65
OBJ 5000168c (sz=32, trace=300905, class=java.lang.invoke.LambdaForm$Name@50000f62)
	type		50000f5c
	function	50001114
	arguments	5000168b
OBJ 5000168d (sz=24, trace=300906, class=java.lang.invoke.LambdaForm$NamedFunction@50000f99)
	member		50006e13
ARR 5000168e (sz=24, trace=300907, nelems=0, elem type=java.lang.Class[]@500000fa)
OBJ 5000168f (sz=40, trace=300860, class=java.lang.invoke.MethodType@50000121)
OBJ 50001690 (sz=32, trace=300443, class=java.lang.invoke.MethodType$ConcurrentWeakInternSet$WeakEntry@50000b5f)
OBJ 50001691 (sz=40, trace=300908, class=java.lang.invoke.MethodType@50000121)
	rtype		50000169
	ptypes		50007070
	form		50001695
OBJ 50001692 (sz=40, trace=300445, class=java.lang.invoke.MethodType@50000121)
OBJ 50001693 (sz=32, trace=300443, class=java.lang.invoke.MethodType$ConcurrentWeakInternSet$WeakEntry@50000b5f)
OBJ 50001694 (sz=40, trace=300446, class=java.lang.invoke.MethodType@50000121)
	rtype		50000169
	ptypes		50007058
	form		50001695
OBJ 50001695 (sz=56, trace=300447, class=java.lang.invoke.MethodTypeForm@50000b5a)
	argToSlotTable	50001697
	slotToArgTable	50001696
	erasedType	50001694
	basicType	50001694
	methodHandles	50001699
	lambdaForms	50001698
ARR 50001696 (sz=20, trace=300909, nelems=5, elem type=int[])
ARR 50001697 (sz=16, trace=300910, nelems=4, elem type=int[])
ARR 50001698 (sz=88, trace=300450, nelems=0, elem type=java.lang.ref.SoftReference[]@50000b68)
ARR 50001699 (sz=32, trace=300451, nelems=0, elem type=java.lang.ref.SoftReference[]@50000b68)
OBJ 5000169a (sz=32, trace=300452, class=java.lang.invoke.MethodType$ConcurrentWeakInternSet$WeakEntry@50000b5f)
	referent	50001694
	queue		50000b52
OBJ 5000169b (sz=32, trace=300454, class=java.util.concurrent.ConcurrentHashMap$Node@50000021)
	key		5000169a
	val		5000169a
OBJ 5000169c (sz=32, trace=300452, class=java.lang.invoke.MethodType$ConcurrentWeakInternSet$WeakEntry@50000b5f)
	referent	50001691
	queue		50000b52
OBJ 5000169d (sz=32, trace=300454, class=java.util.concurrent.ConcurrentHashMap$Node@50000021)
	key		5000169c
	val		5000169c
	next		50004165
ARR 5000169e (sz=32, trace=300911, nelems=3, elem type=java.lang.Object[]@500000ff)
	[0]		50006300
	[1]		50001689
	[2]		5000168c
OBJ 5000169f (sz=32, trace=300912, class=java.lang.invoke.LambdaForm$Name@50000f62)
	type		50000f5a
	function	5000168d
	arguments	5000169e
OBJ 500016a0 (sz=24, trace=300913, class=java.lang.StringBuilder@50000118)
ARR 500016a1 (sz=48, trace=300914, nelems=0, elem type=char[])
OBJ 500016a2 (sz=24, trace=300915, class=java.lang.String@50000165)
	value		500016a3
ARR 500016a3 (sz=28, trace=300916, nelems=14, elem type=char[])
OBJ 500016a4 (sz=48, trace=300917, class=java.lang.invoke.LambdaForm@50000122)
	names		50006e12
	debugName	500016a2
	vmentry		50006e11
OBJ 500016a5 (sz=24, trace=300696, class=java.lang.StringBuilder@50000118)
ARR 500016a6 (sz=32, trace=300697, nelems=0, elem type=char[])
OBJ 500016a7 (sz=24, trace=300698, class=java.lang.String@50000165)
ARR 500016a8 (sz=24, trace=300699, nelems=0, elem type=char[])
ARR 500016a9 (sz=24, trace=300918, nelems=0, elem type=java.lang.Class[]@500000fa)
OBJ 500016aa (sz=40, trace=300701, class=java.lang.invoke.MethodType@50000121)
OBJ 500016ab (sz=32, trace=300443, class=java.lang.invoke.MethodType$ConcurrentWeakInternSet$WeakEntry@50000b5f)
OBJ 500016ac (sz=64, trace=300704, class=java.lang.invoke.InvokerBytecodeGenerator@50001172)
OBJ 500016ad (sz=48, trace=300705, class=java.util.HashMap@500000bd)
OBJ 500016ae (sz=24, trace=300710, class=java.lang.StringBuilder@50000118)
ARR 500016af (sz=48, trace=300711, nelems=0, elem type=char[])
ARR 500016b0 (sz=88, trace=300010, nelems=0, elem type=char[])
OBJ 500016b1 (sz=24, trace=300712, class=java.lang.String@50000165)
ARR 500016b2 (sz=80, trace=300713, nelems=0, elem type=char[])
OBJ 500016b3 (sz=24, trace=300714, class=java.lang.StringBuilder@50000118)
ARR 500016b4 (sz=48, trace=300715, nelems=0, elem type=char[])
OBJ 500016b5 (sz=24, trace=300716, class=java.lang.String@50000165)
ARR 500016b6 (sz=48, trace=300717, nelems=0, elem type=char[])
ARR 500016b7 (sz=40, trace=300718, nelems=0, elem type=int[])
ARR 500016b8 (sz=40, trace=300719, nelems=0, elem type=java.lang.invoke.LambdaForm$BasicType[]@50000f60)
ARR 500016b9 (sz=40, trace=300720, nelems=0, elem type=java.lang.Class[]@500000fa)
OBJ 500016ba (sz=168, trace=300723, class=jdk.internal.org.objectweb.asm.ClassWriter@50001187)
OBJ 500016bb (sz=24, trace=300725, class=jdk.internal.org.objectweb.asm.ByteVector@5000118a)
ARR 500016bc (sz=80, trace=300726, nelems=0, elem type=byte[])
ARR 500016bd (sz=1040, trace=300728, nelems=0, elem type=jdk.internal.org.objectweb.asm.Item[]@5000118e)
OBJ 500016be (sz=56, trace=300729, class=jdk.internal.org.objectweb.asm.Item@5000118d)
OBJ 500016bf (sz=56, trace=300730, class=jdk.internal.org.objectweb.asm.Item@5000118d)
OBJ 500016c0 (sz=56, trace=300731, class=jdk.internal.org.objectweb.asm.Item@5000118d)
OBJ 500016c1 (sz=56, trace=300732, class=jdk.internal.org.objectweb.asm.Item@5000118d)
OBJ 500016c2 (sz=56, trace=300733, class=jdk.internal.org.objectweb.asm.Item@5000118d)
OBJ 500016c3 (sz=56, trace=300734, class=jdk.internal.org.objectweb.asm.Item@5000118d)
OBJ 500016c4 (sz=56, trace=300733, class=jdk.internal.org.objectweb.asm.Item@5000118d)
OBJ 500016c5 (sz=56, trace=300735, class=jdk.internal.org.objectweb.asm.Item@5000118d)
ARR 500016c6 (sz=144, trace=300736, nelems=0, elem type=byte[])
OBJ 500016c7 (sz=56, trace=300737, class=jdk.internal.org.objectweb.asm.Item@5000118d)
OBJ 500016c8 (sz=224, trace=300748, class=jdk.internal.org.objectweb.asm.MethodWriter@500011ab)
OBJ 500016c9 (sz=24, trace=300749, class=jdk.internal.org.objectweb.asm.ByteVector@5000118a)
ARR 500016ca (sz=80, trace=300750, nelems=0, elem type=byte[])
OBJ 500016cb (sz=56, trace=300751, class=jdk.internal.org.objectweb.asm.Item@5000118d)
ARR 500016cc (sz=272, trace=300752, nelems=0, elem type=byte[])
OBJ 500016cd (sz=56, trace=300753, class=jdk.internal.org.objectweb.asm.Item@5000118d)
OBJ 500016ce (sz=64, trace=300765, class=jdk.internal.org.objectweb.asm.Label@500011bc)
OBJ 500016cf (sz=48, trace=300768, class=jdk.internal.org.objectweb.asm.Frame@500011be)
OBJ 500016d0 (sz=24, trace=300769, class=jdk.internal.org.objectweb.asm.ByteVector@5000118a)
ARR 500016d1 (sz=80, trace=300770, nelems=0, elem type=byte[])
OBJ 500016d2 (sz=56, trace=300771, class=jdk.internal.org.objectweb.asm.Item@5000118d)
OBJ 500016d3 (sz=56, trace=300773, class=jdk.internal.org.objectweb.asm.AnnotationWriter@500011c5)
OBJ 500016d4 (sz=24, trace=300774, class=jdk.internal.org.objectweb.asm.ByteVector@5000118a)
ARR 500016d5 (sz=80, trace=300775, nelems=0, elem type=byte[])
OBJ 500016d6 (sz=56, trace=300776, class=jdk.internal.org.objectweb.asm.Item@5000118d)
OBJ 500016d7 (sz=56, trace=300773, class=jdk.internal.org.objectweb.asm.AnnotationWriter@500011c5)
OBJ 500016d8 (sz=24, trace=300777, class=jdk.internal.org.objectweb.asm.ByteVector@5000118a)
ARR 500016d9 (sz=80, trace=300778, nelems=0, elem type=byte[])
ARR 500016da (sz=528, trace=300779, nelems=0, elem type=byte[])
OBJ 500016db (sz=56, trace=300780, class=jdk.internal.org.objectweb.asm.Item@5000118d)
OBJ 500016dc (sz=56, trace=300773, class=jdk.internal.org.objectweb.asm.AnnotationWriter@500011c5)
OBJ 500016dd (sz=24, trace=300795, class=java.lang.String@50000165)
ARR 500016de (sz=56, trace=300462, nelems=0, elem type=char[])
ARR 500016df (sz=88, trace=300796, nelems=0, elem type=char[])
OBJ 500016e0 (sz=24, trace=300797, class=java.lang.String@50000165)
ARR 500016e1 (sz=56, trace=300798, nelems=0, elem type=int[])
OBJ 500016e2 (sz=24, trace=300685, class=java.util.Arrays$ArrayList@5000115f)
OBJ 500016e3 (sz=24, trace=300686, class=java.util.Collections$UnmodifiableRandomAccessList@500000ca)
OBJ 500016e4 (sz=24, trace=300738, class=java.lang.StringBuilder@50000118)
ARR 500016e5 (sz=48, trace=300739, nelems=0, elem type=char[])
OBJ 500016e6 (sz=24, trace=300740, class=java.util.Collections$UnmodifiableCollection$1@50001162)
OBJ 500016e7 (sz=32, trace=300690, class=java.util.AbstractList$Itr@50001164)
ARR 500016e8 (sz=48, trace=300741, nelems=0, elem type=char[])
OBJ 500016e9 (sz=24, trace=300742, class=java.lang.String@50000165)
ARR 500016ea (sz=88, trace=300010, nelems=0, elem type=char[])
OBJ 500016eb (sz=24, trace=300745, class=java.lang.String@50000165)
	value		500016ec
ARR 500016ec (sz=42, trace=300746, nelems=21, elem type=char[])
OBJ 500016ed (sz=56, trace=300733, class=jdk.internal.org.objectweb.asm.Item@5000118d)
OBJ 500016ee (sz=56, trace=300800, class=jdk.internal.org.objectweb.asm.Item@5000118d)
OBJ 500016ef (sz=56, trace=300801, class=jdk.internal.org.objectweb.asm.Item@5000118d)
OBJ 500016f0 (sz=56, trace=300802, class=jdk.internal.org.objectweb.asm.Item@5000118d)
OBJ 500016f1 (sz=56, trace=300803, class=jdk.internal.org.objectweb.asm.Item@5000118d)
OBJ 500016f2 (sz=56, trace=300804, class=jdk.internal.org.objectweb.asm.Item@5000118d)
ARR 500016f3 (sz=56, trace=300919, nelems=0, elem type=int[])
OBJ 500016f4 (sz=24, trace=300795, class=java.lang.String@50000165)
ARR 500016f5 (sz=56, trace=300462, nelems=0, elem type=char[])
ARR 500016f6 (sz=88, trace=300796, nelems=0, elem type=char[])
OBJ 500016f7 (sz=24, trace=300797, class=java.lang.String@50000165)
OBJ 500016f8 (sz=56, trace=300801, class=jdk.internal.org.objectweb.asm.Item@5000118d)
OBJ 500016f9 (sz=56, trace=300802, class=jdk.internal.org.objectweb.asm.Item@5000118d)
OBJ 500016fa (sz=56, trace=300803, class=jdk.internal.org.objectweb.asm.Item@5000118d)
OBJ 500016fb (sz=56, trace=300804, class=jdk.internal.org.objectweb.asm.Item@5000118d)
OBJ 500016fc (sz=24, trace=300805, class=java.lang.String@50000165)
ARR 500016fd (sz=48, trace=300806, nelems=0, elem type=char[])
OBJ 500016fe (sz=56, trace=300807, class=jdk.internal.org.objectweb.asm.Item@5000118d)
ARR 500016ff (sz=80, trace=300808, nelems=0, elem type=jdk.internal.org.objectweb.asm.Item[]@5000118e)
OBJ 50001700 (sz=24, trace=300795, class=java.lang.String@50000165)
ARR 50001701 (sz=32, trace=300462, nelems=0, elem type=char[])
ARR 50001702 (sz=48, trace=300796, nelems=0, elem type=char[])
OBJ 50001703 (sz=24, trace=300797, class=java.lang.String@50000165)
ARR 50001704 (sz=24, trace=300920, nelems=0, elem type=java.lang.Class[]@500000fa)
OBJ 50001705 (sz=40, trace=300860, class=java.lang.invoke.MethodType@50000121)
OBJ 50001706 (sz=32, trace=300443, class=java.lang.invoke.MethodType$ConcurrentWeakInternSet$WeakEntry@50000b5f)
OBJ 50001707 (sz=24, trace=300921, class=java.lang.StringBuilder@50000118)
ARR 50001708 (sz=48, trace=300922, nelems=0, elem type=char[])
ARR 50001709 (sz=88, trace=300010, nelems=0, elem type=char[])
OBJ 5000170a (sz=24, trace=300923, class=java.lang.String@50000165)
ARR 5000170b (sz=64, trace=300924, nelems=0, elem type=char[])
OBJ 5000170c (sz=56, trace=300925, class=jdk.internal.org.objectweb.asm.Item@5000118d)
OBJ 5000170d (sz=56, trace=300926, class=jdk.internal.org.objectweb.asm.Item@5000118d)
OBJ 5000170f (sz=32, trace=300928, class=java.lang.invoke.InvokerBytecodeGenerator$CpPatch@5000170e)
ARR 50001710 (sz=80, trace=300929, nelems=0, elem type=java.util.HashMap$Node[]@500000b9)
OBJ 50001711 (sz=32, trace=300239, class=java.util.HashMap$Node@500000bb)
OBJ 50001712 (sz=56, trace=300930, class=jdk.internal.org.objectweb.asm.Item@5000118d)
ARR 50001713 (sz=48, trace=300811, nelems=0, elem type=char[])
OBJ 50001714 (sz=24, trace=300812, class=java.lang.String@50000165)
OBJ 50001715 (sz=56, trace=300813, class=jdk.internal.org.objectweb.asm.Item@5000118d)
OBJ 50001716 (sz=56, trace=300814, class=jdk.internal.org.objectweb.asm.Item@5000118d)
OBJ 50001717 (sz=56, trace=300815, class=jdk.internal.org.objectweb.asm.Item@5000118d)
ARR 50001718 (sz=24, trace=300920, nelems=0, elem type=java.lang.Class[]@500000fa)
OBJ 50001719 (sz=40, trace=300860, class=java.lang.invoke.MethodType@50000121)
OBJ 5000171a (sz=32, trace=300443, class=java.lang.invoke.MethodType$ConcurrentWeakInternSet$WeakEntry@50000b5f)
ARR 5000171b (sz=24, trace=300920, nelems=0, elem type=java.lang.Class[]@500000fa)
OBJ 5000171c (sz=40, trace=300860, class=java.lang.invoke.MethodType@50000121)
OBJ 5000171d (sz=32, trace=300443, class=java.lang.invoke.MethodType$ConcurrentWeakInternSet$WeakEntry@50000b5f)
OBJ 5000171e (sz=24, trace=300685, class=java.util.Arrays$ArrayList@5000115f)
OBJ 5000171f (sz=24, trace=300686, class=java.util.Collections$UnmodifiableRandomAccessList@500000ca)
OBJ 50001720 (sz=24, trace=300738, class=java.lang.StringBuilder@50000118)
ARR 50001721 (sz=48, trace=300739, nelems=0, elem type=char[])
OBJ 50001722 (sz=24, trace=300740, class=java.util.Collections$UnmodifiableCollection$1@50001162)
OBJ 50001723 (sz=32, trace=300690, class=java.util.AbstractList$Itr@50001164)
ARR 50001724 (sz=48, trace=300741, nelems=0, elem type=char[])
OBJ 50001725 (sz=24, trace=300742, class=java.lang.String@50000165)
ARR 50001726 (sz=88, trace=300010, nelems=0, elem type=char[])
ARR 50001727 (sz=48, trace=300743, nelems=0, elem type=char[])
OBJ 50001728 (sz=24, trace=300744, class=java.lang.String@50000165)
ARR 50001729 (sz=160, trace=300010, nelems=0, elem type=char[])
OBJ 5000172a (sz=24, trace=300745, class=java.lang.String@50000165)
	value		5000172b
ARR 5000172b (sz=78, trace=300746, nelems=39, elem type=char[])
OBJ 5000172c (sz=56, trace=300801, class=jdk.internal.org.objectweb.asm.Item@5000118d)
ARR 5000172d (sz=1040, trace=300816, nelems=0, elem type=byte[])
OBJ 5000172e (sz=56, trace=300802, class=jdk.internal.org.objectweb.asm.Item@5000118d)
OBJ 5000172f (sz=56, trace=300803, class=jdk.internal.org.objectweb.asm.Item@5000118d)
OBJ 50001730 (sz=56, trace=300804, class=jdk.internal.org.objectweb.asm.Item@5000118d)
OBJ 50001731 (sz=24, trace=300805, class=java.lang.String@50000165)
ARR 50001732 (sz=48, trace=300806, nelems=0, elem type=char[])
ARR 50001733 (sz=24, trace=300931, nelems=0, elem type=java.lang.Class[]@500000fa)
OBJ 50001734 (sz=40, trace=300860, class=java.lang.invoke.MethodType@50000121)
OBJ 50001735 (sz=32, trace=300443, class=java.lang.invoke.MethodType$ConcurrentWeakInternSet$WeakEntry@50000b5f)
OBJ 50001736 (sz=64, trace=300817, class=jdk.internal.org.objectweb.asm.Label@500011bc)
OBJ 50001737 (sz=48, trace=300818, class=jdk.internal.org.objectweb.asm.Frame@500011be)
ARR 50001738 (sz=128, trace=300819, nelems=0, elem type=char[])
ARR 50001739 (sz=24, trace=300820, nelems=0, elem type=jdk.internal.org.objectweb.asm.Type[]@50001222)
OBJ 5000173a (sz=32, trace=300821, class=jdk.internal.org.objectweb.asm.Type@500011b2)
OBJ 5000173b (sz=32, trace=300821, class=jdk.internal.org.objectweb.asm.Type@500011b2)
ARR 5000173c (sz=40, trace=300822, nelems=0, elem type=int[])
ARR 5000173d (sz=16, trace=300823, nelems=0, elem type=int[])
OBJ 5000173e (sz=24, trace=300824, class=java.lang.StringBuffer@50000119)
ARR 5000173f (sz=48, trace=300825, nelems=0, elem type=char[])
ARR 50001740 (sz=88, trace=300826, nelems=0, elem type=char[])
ARR 50001741 (sz=56, trace=300827, nelems=0, elem type=char[])
OBJ 50001742 (sz=24, trace=300828, class=java.lang.String@50000165)
OBJ 50001743 (sz=24, trace=300829, class=java.lang.String@50000165)
ARR 50001744 (sz=48, trace=300806, nelems=0, elem type=char[])
OBJ 50001745 (sz=24, trace=300824, class=java.lang.StringBuffer@50000119)
ARR 50001746 (sz=48, trace=300825, nelems=0, elem type=char[])
ARR 50001747 (sz=88, trace=300826, nelems=0, elem type=char[])
ARR 50001748 (sz=56, trace=300827, nelems=0, elem type=char[])
OBJ 50001749 (sz=24, trace=300828, class=java.lang.String@50000165)
OBJ 5000174a (sz=24, trace=300829, class=java.lang.String@50000165)
ARR 5000174b (sz=48, trace=300806, nelems=0, elem type=char[])
ARR 5000174c (sz=40, trace=300830, nelems=0, elem type=int[])
ARR 5000174d (sz=24, trace=300932, nelems=0, elem type=java.lang.Object[]@500000ff)
OBJ 5000174e (sz=56, trace=300832, class=jdk.internal.org.objectweb.asm.Item@5000118d)
OBJ 5000174f (sz=56, trace=300833, class=jdk.internal.org.objectweb.asm.Item@5000118d)
OBJ 50001750 (sz=56, trace=300834, class=jdk.internal.org.objectweb.asm.Item@5000118d)
OBJ 50001751 (sz=24, trace=300835, class=jdk.internal.org.objectweb.asm.ByteVector@5000118a)
ARR 50001752 (sz=696, trace=300836, nelems=0, elem type=byte[])
ARR 50001753 (sz=144, trace=300837, nelems=0, elem type=java.lang.Object[]@500000ff)
OBJ 50001754 (sz=16, trace=300839, class=java.util.HashMap$Values@5000123e)
OBJ 50001755 (sz=40, trace=300841, class=java.util.HashMap$ValueIterator@50001241)
OBJ 50001757 (sz=56, trace=300843, class=java.lang.invoke.MemberName@50000124)
OBJ 50001759 (sz=40, trace=300934, class=java.lang.invoke.DirectMethodHandle$Accessor@50001758)
	type		50001661
	form		500016a4
	member		50006e75
	fieldType	50000169
OBJ 5000175a (sz=24, trace=300935, class=java.lang.invoke.LambdaForm$NamedFunction@50000f99)
	member		50006e75
	resolvedHandle	50001759
ARR 5000175b (sz=40, trace=300936, nelems=0, elem type=java.lang.invoke.BoundMethodHandle$SpeciesData[]@5000109b)
OBJ 5000175c (sz=32, trace=300937, class=java.lang.invoke.SimpleMethodHandle@50001094)
	type		50000faa
	form		50000fd0
OBJ 5000175d (sz=24, trace=300696, class=java.lang.StringBuilder@50000118)
ARR 5000175e (sz=32, trace=300697, nelems=0, elem type=char[])
OBJ 5000175f (sz=24, trace=300698, class=java.lang.String@50000165)
ARR 50001760 (sz=24, trace=300699, nelems=0, elem type=char[])
ARR 50001761 (sz=24, trace=300938, nelems=0, elem type=java.lang.Class[]@500000fa)
OBJ 50001762 (sz=40, trace=300701, class=java.lang.invoke.MethodType@50000121)
OBJ 50001763 (sz=32, trace=300443, class=java.lang.invoke.MethodType$ConcurrentWeakInternSet$WeakEntry@50000b5f)
OBJ 50001764 (sz=64, trace=300704, class=java.lang.invoke.InvokerBytecodeGenerator@50001172)
OBJ 50001765 (sz=48, trace=300705, class=java.util.HashMap@500000bd)
OBJ 50001766 (sz=24, trace=300710, class=java.lang.StringBuilder@50000118)
ARR 50001767 (sz=48, trace=300711, nelems=0, elem type=char[])
ARR 50001768 (sz=88, trace=300010, nelems=0, elem type=char[])
OBJ 50001769 (sz=24, trace=300712, class=java.lang.String@50000165)
ARR 5000176a (sz=80, trace=300713, nelems=0, elem type=char[])
OBJ 5000176b (sz=24, trace=300714, class=java.lang.StringBuilder@50000118)
ARR 5000176c (sz=48, trace=300715, nelems=0, elem type=char[])
OBJ 5000176d (sz=24, trace=300716, class=java.lang.String@50000165)
ARR 5000176e (sz=48, trace=300717, nelems=0, elem type=char[])
ARR 5000176f (sz=32, trace=300718, nelems=0, elem type=int[])
ARR 50001770 (sz=32, trace=300719, nelems=0, elem type=java.lang.invoke.LambdaForm$BasicType[]@50000f60)
ARR 50001771 (sz=32, trace=300720, nelems=0, elem type=java.lang.Class[]@500000fa)
OBJ 50001772 (sz=168, trace=300723, class=jdk.internal.org.objectweb.asm.ClassWriter@50001187)
OBJ 50001773 (sz=24, trace=300725, class=jdk.internal.org.objectweb.asm.ByteVector@5000118a)
ARR 50001774 (sz=80, trace=300726, nelems=0, elem type=byte[])
ARR 50001775 (sz=1040, trace=300728, nelems=0, elem type=jdk.internal.org.objectweb.asm.Item[]@5000118e)
OBJ 50001776 (sz=56, trace=300729, class=jdk.internal.org.objectweb.asm.Item@5000118d)
OBJ 50001777 (sz=56, trace=300730, class=jdk.internal.org.objectweb.asm.Item@5000118d)
OBJ 50001778 (sz=56, trace=300731, class=jdk.internal.org.objectweb.asm.Item@5000118d)
OBJ 50001779 (sz=56, trace=300732, class=jdk.internal.org.objectweb.asm.Item@5000118d)
OBJ 5000177a (sz=56, trace=300733, class=jdk.internal.org.objectweb.asm.Item@5000118d)
OBJ 5000177b (sz=56, trace=300734, class=jdk.internal.org.objectweb.asm.Item@5000118d)
OBJ 5000177c (sz=56, trace=300733, class=jdk.internal.org.objectweb.asm.Item@5000118d)
OBJ 5000177d (sz=56, trace=300735, class=jdk.internal.org.objectweb.asm.Item@5000118d)
ARR 5000177e (sz=144, trace=300736, nelems=0, elem type=byte[])
OBJ 5000177f (sz=56, trace=300737, class=jdk.internal.org.objectweb.asm.Item@5000118d)
OBJ 50001780 (sz=224, trace=300748, class=jdk.internal.org.objectweb.asm.MethodWriter@500011ab)
OBJ 50001781 (sz=24, trace=300749, class=jdk.internal.org.objectweb.asm.ByteVector@5000118a)
ARR 50001782 (sz=80, trace=300750, nelems=0, elem type=byte[])
OBJ 50001783 (sz=56, trace=300751, class=jdk.internal.org.objectweb.asm.Item@5000118d)
ARR 50001784 (sz=272, trace=300752, nelems=0, elem type=byte[])
OBJ 50001785 (sz=56, trace=300753, class=jdk.internal.org.objectweb.asm.Item@5000118d)
OBJ 50001786 (sz=64, trace=300765, class=jdk.internal.org.objectweb.asm.Label@500011bc)
OBJ 50001787 (sz=48, trace=300768, class=jdk.internal.org.objectweb.asm.Frame@500011be)
OBJ 50001788 (sz=24, trace=300769, class=jdk.internal.org.objectweb.asm.ByteVector@5000118a)
ARR 50001789 (sz=80, trace=300770, nelems=0, elem type=byte[])
OBJ 5000178a (sz=56, trace=300771, class=jdk.internal.org.objectweb.asm.Item@5000118d)
OBJ 5000178b (sz=56, trace=300773, class=jdk.internal.org.objectweb.asm.AnnotationWriter@500011c5)
OBJ 5000178c (sz=24, trace=300774, class=jdk.internal.org.objectweb.asm.ByteVector@5000118a)
ARR 5000178d (sz=80, trace=300775, nelems=0, elem type=byte[])
OBJ 5000178e (sz=56, trace=300776, class=jdk.internal.org.objectweb.asm.Item@5000118d)
OBJ 5000178f (sz=56, trace=300773, class=jdk.internal.org.objectweb.asm.AnnotationWriter@500011c5)
OBJ 50001790 (sz=24, trace=300777, class=jdk.internal.org.objectweb.asm.ByteVector@5000118a)
ARR 50001791 (sz=80, trace=300778, nelems=0, elem type=byte[])
ARR 50001792 (sz=528, trace=300779, nelems=0, elem type=byte[])
OBJ 50001793 (sz=56, trace=300780, class=jdk.internal.org.objectweb.asm.Item@5000118d)
OBJ 50001794 (sz=56, trace=300773, class=jdk.internal.org.objectweb.asm.AnnotationWriter@500011c5)
ARR 50001795 (sz=56, trace=300798, nelems=0, elem type=int[])
OBJ 50001796 (sz=64, trace=300817, class=jdk.internal.org.objectweb.asm.Label@500011bc)
OBJ 50001797 (sz=48, trace=300818, class=jdk.internal.org.objectweb.asm.Frame@500011be)
ARR 50001798 (sz=128, trace=300819, nelems=0, elem type=char[])
ARR 50001799 (sz=24, trace=300820, nelems=0, elem type=jdk.internal.org.objectweb.asm.Type[]@50001222)
OBJ 5000179a (sz=32, trace=300821, class=jdk.internal.org.objectweb.asm.Type@500011b2)
OBJ 5000179b (sz=32, trace=300821, class=jdk.internal.org.objectweb.asm.Type@500011b2)
ARR 5000179c (sz=24, trace=300822, nelems=0, elem type=int[])
ARR 5000179d (sz=16, trace=300823, nelems=0, elem type=int[])
OBJ 5000179e (sz=24, trace=300824, class=java.lang.StringBuffer@50000119)
ARR 5000179f (sz=48, trace=300825, nelems=0, elem type=char[])
ARR 500017a0 (sz=88, trace=300826, nelems=0, elem type=char[])
ARR 500017a1 (sz=56, trace=300827, nelems=0, elem type=char[])
OBJ 500017a2 (sz=24, trace=300828, class=java.lang.String@50000165)
OBJ 500017a3 (sz=24, trace=300829, class=java.lang.String@50000165)
ARR 500017a4 (sz=48, trace=300806, nelems=0, elem type=char[])
OBJ 500017a5 (sz=56, trace=300807, class=jdk.internal.org.objectweb.asm.Item@5000118d)
ARR 500017a6 (sz=80, trace=300939, nelems=0, elem type=jdk.internal.org.objectweb.asm.Item[]@5000118e)
OBJ 500017a7 (sz=24, trace=300824, class=java.lang.StringBuffer@50000119)
ARR 500017a8 (sz=48, trace=300825, nelems=0, elem type=char[])
ARR 500017a9 (sz=88, trace=300826, nelems=0, elem type=char[])
ARR 500017aa (sz=56, trace=300827, nelems=0, elem type=char[])
OBJ 500017ab (sz=24, trace=300828, class=java.lang.String@50000165)
OBJ 500017ac (sz=24, trace=300829, class=java.lang.String@50000165)
ARR 500017ad (sz=48, trace=300806, nelems=0, elem type=char[])
ARR 500017ae (sz=40, trace=300830, nelems=0, elem type=int[])
ARR 500017af (sz=24, trace=300940, nelems=0, elem type=java.lang.Object[]@500000ff)
OBJ 500017b0 (sz=56, trace=300832, class=jdk.internal.org.objectweb.asm.Item@5000118d)
OBJ 500017b1 (sz=56, trace=300833, class=jdk.internal.org.objectweb.asm.Item@5000118d)
OBJ 500017b2 (sz=56, trace=300834, class=jdk.internal.org.objectweb.asm.Item@5000118d)
OBJ 500017b3 (sz=24, trace=300835, class=jdk.internal.org.objectweb.asm.ByteVector@5000118a)
ARR 500017b4 (sz=408, trace=300836, nelems=0, elem type=byte[])
ARR 500017b5 (sz=72, trace=300837, nelems=0, elem type=java.lang.Object[]@500000ff)
OBJ 500017b6 (sz=16, trace=300839, class=java.util.HashMap$Values@5000123e)
OBJ 500017b7 (sz=40, trace=300841, class=java.util.HashMap$ValueIterator@50001241)
OBJ 500017b9 (sz=56, trace=300843, class=java.lang.invoke.MemberName@50000124)
OBJ 500017ba (sz=32, trace=300937, class=java.lang.invoke.SimpleMethodHandle@50001094)
	type		50000f9f
	form		50000fd6
OBJ 500017bb (sz=24, trace=300696, class=java.lang.StringBuilder@50000118)
ARR 500017bc (sz=24, trace=300697, nelems=0, elem type=char[])
OBJ 500017bd (sz=24, trace=300698, class=java.lang.String@50000165)
ARR 500017be (sz=24, trace=300699, nelems=0, elem type=char[])
ARR 500017bf (sz=24, trace=300938, nelems=0, elem type=java.lang.Class[]@500000fa)
OBJ 500017c0 (sz=40, trace=300701, class=java.lang.invoke.MethodType@50000121)
OBJ 500017c1 (sz=32, trace=300443, class=java.lang.invoke.MethodType$ConcurrentWeakInternSet$WeakEntry@50000b5f)
OBJ 500017c2 (sz=64, trace=300704, class=java.lang.invoke.InvokerBytecodeGenerator@50001172)
OBJ 500017c3 (sz=48, trace=300705, class=java.util.HashMap@500000bd)
OBJ 500017c4 (sz=24, trace=300710, class=java.lang.StringBuilder@50000118)
ARR 500017c5 (sz=48, trace=300711, nelems=0, elem type=char[])
ARR 500017c6 (sz=88, trace=300010, nelems=0, elem type=char[])
OBJ 500017c7 (sz=24, trace=300712, class=java.lang.String@50000165)
ARR 500017c8 (sz=80, trace=300713, nelems=0, elem type=char[])
OBJ 500017c9 (sz=24, trace=300714, class=java.lang.StringBuilder@50000118)
ARR 500017ca (sz=48, trace=300715, nelems=0, elem type=char[])
OBJ 500017cb (sz=24, trace=300716, class=java.lang.String@50000165)
ARR 500017cc (sz=48, trace=300717, nelems=0, elem type=char[])
ARR 500017cd (sz=32, trace=300718, nelems=0, elem type=int[])
ARR 500017ce (sz=32, trace=300719, nelems=0, elem type=java.lang.invoke.LambdaForm$BasicType[]@50000f60)
ARR 500017cf (sz=32, trace=300720, nelems=0, elem type=java.lang.Class[]@500000fa)
OBJ 500017d0 (sz=168, trace=300723, class=jdk.internal.org.objectweb.asm.ClassWriter@50001187)
OBJ 500017d1 (sz=24, trace=300725, class=jdk.internal.org.objectweb.asm.ByteVector@5000118a)
ARR 500017d2 (sz=80, trace=300726, nelems=0, elem type=byte[])
ARR 500017d3 (sz=1040, trace=300728, nelems=0, elem type=jdk.internal.org.objectweb.asm.Item[]@5000118e)
OBJ 500017d4 (sz=56, trace=300729, class=jdk.internal.org.objectweb.asm.Item@5000118d)
OBJ 500017d5 (sz=56, trace=300730, class=jdk.internal.org.objectweb.asm.Item@5000118d)
OBJ 500017d6 (sz=56, trace=300731, class=jdk.internal.org.objectweb.asm.Item@5000118d)
OBJ 500017d7 (sz=56, trace=300732, class=jdk.internal.org.objectweb.asm.Item@5000118d)
OBJ 500017d8 (sz=56, trace=300733, class=jdk.internal.org.objectweb.asm.Item@5000118d)
OBJ 500017d9 (sz=56, trace=300734, class=jdk.internal.org.objectweb.asm.Item@5000118d)
OBJ 500017da (sz=56, trace=300733, class=jdk.internal.org.objectweb.asm.Item@5000118d)
OBJ 500017db (sz=56, trace=300735, class=jdk.internal.org.objectweb.asm.Item@5000118d)
ARR 500017dc (sz=144, trace=300736, nelems=0, elem type=byte[])
OBJ 500017dd (sz=56, trace=300737, class=jdk.internal.org.objectweb.asm.Item@5000118d)
OBJ 500017de (sz=224, trace=300748, class=jdk.internal.org.objectweb.asm.MethodWriter@500011ab)
OBJ 500017df (sz=24, trace=300749, class=jdk.internal.org.objectweb.asm.ByteVector@5000118a)
ARR 500017e0 (sz=80, trace=300750, nelems=0, elem type=byte[])
OBJ 500017e1 (sz=56, trace=300751, class=jdk.internal.org.objectweb.asm.Item@5000118d)
OBJ 500017e2 (sz=56, trace=300753, class=jdk.internal.org.objectweb.asm.Item@5000118d)
OBJ 500017e3 (sz=64, trace=300765, class=jdk.internal.org.objectweb.asm.Label@500011bc)
OBJ 500017e4 (sz=48, trace=300768, class=jdk.internal.org.objectweb.asm.Frame@500011be)
OBJ 500017e5 (sz=24, trace=300769, class=jdk.internal.org.objectweb.asm.ByteVector@5000118a)
ARR 500017e6 (sz=80, trace=300770, nelems=0, elem type=byte[])
ARR 500017e7 (sz=272, trace=300779, nelems=0, elem type=byte[])
OBJ 500017e8 (sz=56, trace=300771, class=jdk.internal.org.objectweb.asm.Item@5000118d)
OBJ 500017e9 (sz=56, trace=300773, class=jdk.internal.org.objectweb.asm.AnnotationWriter@500011c5)
OBJ 500017ea (sz=24, trace=300774, class=jdk.internal.org.objectweb.asm.ByteVector@5000118a)
ARR 500017eb (sz=80, trace=300775, nelems=0, elem type=byte[])
OBJ 500017ec (sz=56, trace=300776, class=jdk.internal.org.objectweb.asm.Item@5000118d)
OBJ 500017ed (sz=56, trace=300773, class=jdk.internal.org.objectweb.asm.AnnotationWriter@500011c5)
OBJ 500017ee (sz=24, trace=300777, class=jdk.internal.org.objectweb.asm.ByteVector@5000118a)
ARR 500017ef (sz=80, trace=300778, nelems=0, elem type=byte[])
OBJ 500017f0 (sz=56, trace=300780, class=jdk.internal.org.objectweb.asm.Item@5000118d)
OBJ 500017f1 (sz=56, trace=300773, class=jdk.internal.org.objectweb.asm.AnnotationWriter@500011c5)
OBJ 500017f2 (sz=24, trace=300795, class=java.lang.String@50000165)
ARR 500017f3 (sz=40, trace=300462, nelems=0, elem type=char[])
OBJ 500017f4 (sz=24, trace=300941, class=java.lang.StringBuilder@50000118)
ARR 500017f5 (sz=48, trace=300942, nelems=0, elem type=char[])
ARR 500017f6 (sz=88, trace=300010, nelems=0, elem type=char[])
OBJ 500017f7 (sz=24, trace=300943, class=java.lang.String@50000165)
ARR 500017f8 (sz=64, trace=300924, nelems=0, elem type=char[])
ARR 500017f9 (sz=528, trace=300944, nelems=0, elem type=byte[])
OBJ 500017fa (sz=56, trace=300925, class=jdk.internal.org.objectweb.asm.Item@5000118d)
OBJ 500017fb (sz=56, trace=300926, class=jdk.internal.org.objectweb.asm.Item@5000118d)
OBJ 500017fc (sz=32, trace=300945, class=java.lang.invoke.InvokerBytecodeGenerator$CpPatch@5000170e)
ARR 500017fd (sz=80, trace=300929, nelems=0, elem type=java.util.HashMap$Node[]@500000b9)
OBJ 500017fe (sz=32, trace=300239, class=java.util.HashMap$Node@500000bb)
OBJ 500017ff (sz=56, trace=300930, class=jdk.internal.org.objectweb.asm.Item@5000118d)
ARR 50001800 (sz=80, trace=300946, nelems=0, elem type=jdk.internal.org.objectweb.asm.Item[]@5000118e)
ARR 50001801 (sz=56, trace=300947, nelems=0, elem type=int[])
OBJ 50001802 (sz=56, trace=300813, class=jdk.internal.org.objectweb.asm.Item@5000118d)
OBJ 50001803 (sz=56, trace=300814, class=jdk.internal.org.objectweb.asm.Item@5000118d)
OBJ 50001804 (sz=56, trace=300815, class=jdk.internal.org.objectweb.asm.Item@5000118d)
OBJ 50001805 (sz=56, trace=300801, class=jdk.internal.org.objectweb.asm.Item@5000118d)
OBJ 50001806 (sz=56, trace=300803, class=jdk.internal.org.objectweb.asm.Item@5000118d)
OBJ 50001807 (sz=56, trace=300948, class=jdk.internal.org.objectweb.asm.Item@5000118d)
OBJ 50001808 (sz=24, trace=300805, class=java.lang.String@50000165)
ARR 50001809 (sz=48, trace=300806, nelems=0, elem type=char[])
OBJ 5000180a (sz=56, trace=300807, class=jdk.internal.org.objectweb.asm.Item@5000118d)
OBJ 5000180b (sz=64, trace=300817, class=jdk.internal.org.objectweb.asm.Label@500011bc)
OBJ 5000180c (sz=48, trace=300818, class=jdk.internal.org.objectweb.asm.Frame@500011be)
ARR 5000180d (sz=96, trace=300819, nelems=0, elem type=char[])
ARR 5000180e (sz=24, trace=300820, nelems=0, elem type=jdk.internal.org.objectweb.asm.Type[]@50001222)
OBJ 5000180f (sz=32, trace=300821, class=jdk.internal.org.objectweb.asm.Type@500011b2)
ARR 50001810 (sz=24, trace=300822, nelems=0, elem type=int[])
ARR 50001811 (sz=16, trace=300823, nelems=0, elem type=int[])
OBJ 50001812 (sz=24, trace=300824, class=java.lang.StringBuffer@50000119)
ARR 50001813 (sz=48, trace=300825, nelems=0, elem type=char[])
ARR 50001814 (sz=88, trace=300826, nelems=0, elem type=char[])
ARR 50001815 (sz=56, trace=300827, nelems=0, elem type=char[])
OBJ 50001816 (sz=24, trace=300828, class=java.lang.String@50000165)
OBJ 50001817 (sz=24, trace=300829, class=java.lang.String@50000165)
ARR 50001818 (sz=48, trace=300806, nelems=0, elem type=char[])
ARR 50001819 (sz=32, trace=300830, nelems=0, elem type=int[])
ARR 5000181a (sz=24, trace=300940, nelems=0, elem type=java.lang.Object[]@500000ff)
OBJ 5000181b (sz=56, trace=300832, class=jdk.internal.org.objectweb.asm.Item@5000118d)
OBJ 5000181c (sz=56, trace=300833, class=jdk.internal.org.objectweb.asm.Item@5000118d)
OBJ 5000181d (sz=56, trace=300834, class=jdk.internal.org.objectweb.asm.Item@5000118d)
OBJ 5000181e (sz=24, trace=300835, class=jdk.internal.org.objectweb.asm.ByteVector@5000118a)
ARR 5000181f (sz=480, trace=300836, nelems=0, elem type=byte[])
ARR 50001820 (sz=104, trace=300837, nelems=0, elem type=java.lang.Object[]@500000ff)
OBJ 50001821 (sz=16, trace=300839, class=java.util.HashMap$Values@5000123e)
OBJ 50001822 (sz=40, trace=300841, class=java.util.HashMap$ValueIterator@50001241)
OBJ 50001824 (sz=56, trace=300843, class=java.lang.invoke.MemberName@50000124)
OBJ 50001825 (sz=32, trace=300937, class=java.lang.invoke.SimpleMethodHandle@50001094)
	type		50000fe4
	form		50000ff9
OBJ 50001826 (sz=24, trace=300696, class=java.lang.StringBuilder@50000118)
ARR 50001827 (sz=32, trace=300697, nelems=0, elem type=char[])
OBJ 50001828 (sz=24, trace=300698, class=java.lang.String@50000165)
ARR 50001829 (sz=24, trace=300699, nelems=0, elem type=char[])
ARR 5000182a (sz=24, trace=300938, nelems=0, elem type=java.lang.Class[]@500000fa)
OBJ 5000182b (sz=40, trace=300701, class=java.lang.invoke.MethodType@50000121)
OBJ 5000182c (sz=32, trace=300443, class=java.lang.invoke.MethodType$ConcurrentWeakInternSet$WeakEntry@50000b5f)
OBJ 5000182d (sz=40, trace=300949, class=java.lang.invoke.MethodType@50000121)
	rtype		5000629a
	ptypes		50006fc1
	form		5000182e
	methodDescriptor	5000185b
OBJ 5000182e (sz=56, trace=300847, class=java.lang.invoke.MethodTypeForm@50000b5a)
	argToSlotTable	50000fc6
	slotToArgTable	50000fc5
	erasedType	5000182d
	basicType	5000182d
	methodHandles	50001833
	lambdaForms	50001832
ARR 5000182f (sz=24, trace=300574, nelems=0, elem type=java.lang.Class[]@500000fa)
OBJ 50001830 (sz=40, trace=300575, class=java.lang.invoke.MethodType@50000121)
OBJ 50001831 (sz=32, trace=300443, class=java.lang.invoke.MethodType$ConcurrentWeakInternSet$WeakEntry@50000b5f)
ARR 50001832 (sz=88, trace=300850, nelems=0, elem type=java.lang.ref.SoftReference[]@50000b68)
ARR 50001833 (sz=32, trace=300851, nelems=0, elem type=java.lang.ref.SoftReference[]@50000b68)
OBJ 50001834 (sz=32, trace=300452, class=java.lang.invoke.MethodType$ConcurrentWeakInternSet$WeakEntry@50000b5f)
	referent	5000182d
	queue		50000b52
OBJ 50001835 (sz=32, trace=300521, class=java.util.concurrent.ConcurrentHashMap$Node@50000021)
	key		50001834
	val		50001834
	next		50002258
OBJ 50001836 (sz=64, trace=300704, class=java.lang.invoke.InvokerBytecodeGenerator@50001172)
OBJ 50001837 (sz=48, trace=300705, class=java.util.HashMap@500000bd)
OBJ 50001838 (sz=24, trace=300710, class=java.lang.StringBuilder@50000118)
ARR 50001839 (sz=48, trace=300711, nelems=0, elem type=char[])
ARR 5000183a (sz=88, trace=300010, nelems=0, elem type=char[])
OBJ 5000183b (sz=24, trace=300712, class=java.lang.String@50000165)
ARR 5000183c (sz=80, trace=300713, nelems=0, elem type=char[])
OBJ 5000183d (sz=24, trace=300714, class=java.lang.StringBuilder@50000118)
ARR 5000183e (sz=48, trace=300715, nelems=0, elem type=char[])
OBJ 5000183f (sz=24, trace=300716, class=java.lang.String@50000165)
ARR 50001840 (sz=48, trace=300717, nelems=0, elem type=char[])
ARR 50001841 (sz=32, trace=300718, nelems=0, elem type=int[])
ARR 50001842 (sz=32, trace=300719, nelems=0, elem type=java.lang.invoke.LambdaForm$BasicType[]@50000f60)
ARR 50001843 (sz=32, trace=300720, nelems=0, elem type=java.lang.Class[]@500000fa)
OBJ 50001844 (sz=168, trace=300723, class=jdk.internal.org.objectweb.asm.ClassWriter@50001187)
OBJ 50001845 (sz=24, trace=300725, class=jdk.internal.org.objectweb.asm.ByteVector@5000118a)
ARR 50001846 (sz=80, trace=300726, nelems=0, elem type=byte[])
ARR 50001847 (sz=1040, trace=300728, nelems=0, elem type=jdk.internal.org.objectweb.asm.Item[]@5000118e)
OBJ 50001848 (sz=56, trace=300729, class=jdk.internal.org.objectweb.asm.Item@5000118d)
OBJ 50001849 (sz=56, trace=300730, class=jdk.internal.org.objectweb.asm.Item@5000118d)
OBJ 5000184a (sz=56, trace=300731, class=jdk.internal.org.objectweb.asm.Item@5000118d)
OBJ 5000184b (sz=56, trace=300732, class=jdk.internal.org.objectweb.asm.Item@5000118d)
OBJ 5000184c (sz=56, trace=300733, class=jdk.internal.org.objectweb.asm.Item@5000118d)
OBJ 5000184d (sz=56, trace=300734, class=jdk.internal.org.objectweb.asm.Item@5000118d)
OBJ 5000184e (sz=56, trace=300733, class=jdk.internal.org.objectweb.asm.Item@5000118d)
OBJ 5000184f (sz=56, trace=300735, class=jdk.internal.org.objectweb.asm.Item@5000118d)
ARR 50001850 (sz=144, trace=300736, nelems=0, elem type=byte[])
OBJ 50001851 (sz=56, trace=300737, class=jdk.internal.org.objectweb.asm.Item@5000118d)
OBJ 50001852 (sz=24, trace=300685, class=java.util.Arrays$ArrayList@5000115f)
OBJ 50001853 (sz=24, trace=300686, class=java.util.Collections$UnmodifiableRandomAccessList@500000ca)
OBJ 50001854 (sz=24, trace=300738, class=java.lang.StringBuilder@50000118)
ARR 50001855 (sz=48, trace=300739, nelems=0, elem type=char[])
OBJ 50001856 (sz=24, trace=300740, class=java.util.Collections$UnmodifiableCollection$1@50001162)
OBJ 50001857 (sz=32, trace=300690, class=java.util.AbstractList$Itr@50001164)
ARR 50001858 (sz=48, trace=300741, nelems=0, elem type=char[])
OBJ 50001859 (sz=24, trace=300742, class=java.lang.String@50000165)
ARR 5000185a (sz=88, trace=300010, nelems=0, elem type=char[])
OBJ 5000185b (sz=24, trace=300745, class=java.lang.String@50000165)
	value		5000185c
ARR 5000185c (sz=44, trace=300746, nelems=22, elem type=char[])
OBJ 5000185d (sz=224, trace=300748, class=jdk.internal.org.objectweb.asm.MethodWriter@500011ab)
OBJ 5000185e (sz=24, trace=300749, class=jdk.internal.org.objectweb.asm.ByteVector@5000118a)
ARR 5000185f (sz=80, trace=300750, nelems=0, elem type=byte[])
OBJ 50001860 (sz=56, trace=300751, class=jdk.internal.org.objectweb.asm.Item@5000118d)
OBJ 50001861 (sz=56, trace=300753, class=jdk.internal.org.objectweb.asm.Item@5000118d)
OBJ 50001862 (sz=64, trace=300765, class=jdk.internal.org.objectweb.asm.Label@500011bc)
OBJ 50001863 (sz=48, trace=300768, class=jdk.internal.org.objectweb.asm.Frame@500011be)
OBJ 50001864 (sz=24, trace=300769, class=jdk.internal.org.objectweb.asm.ByteVector@5000118a)
ARR 50001865 (sz=80, trace=300770, nelems=0, elem type=byte[])
ARR 50001866 (sz=272, trace=300779, nelems=0, elem type=byte[])
OBJ 50001867 (sz=56, trace=300771, class=jdk.internal.org.objectweb.asm.Item@5000118d)
OBJ 50001868 (sz=56, trace=300773, class=jdk.internal.org.objectweb.asm.AnnotationWriter@500011c5)
OBJ 50001869 (sz=24, trace=300774, class=jdk.internal.org.objectweb.asm.ByteVector@5000118a)
ARR 5000186a (sz=80, trace=300775, nelems=0, elem type=byte[])
OBJ 5000186b (sz=56, trace=300776, class=jdk.internal.org.objectweb.asm.Item@5000118d)
OBJ 5000186c (sz=56, trace=300773, class=jdk.internal.org.objectweb.asm.AnnotationWriter@500011c5)
OBJ 5000186d (sz=24, trace=300777, class=jdk.internal.org.objectweb.asm.ByteVector@5000118a)
ARR 5000186e (sz=80, trace=300778, nelems=0, elem type=byte[])
OBJ 5000186f (sz=56, trace=300780, class=jdk.internal.org.objectweb.asm.Item@5000118d)
OBJ 50001870 (sz=56, trace=300773, class=jdk.internal.org.objectweb.asm.AnnotationWriter@500011c5)
ARR 50001871 (sz=56, trace=300950, nelems=0, elem type=int[])
OBJ 50001872 (sz=64, trace=300817, class=jdk.internal.org.objectweb.asm.Label@500011bc)
OBJ 50001873 (sz=48, trace=300818, class=jdk.internal.org.objectweb.asm.Frame@500011be)
ARR 50001874 (sz=64, trace=300819, nelems=0, elem type=char[])
ARR 50001875 (sz=24, trace=300820, nelems=0, elem type=jdk.internal.org.objectweb.asm.Type[]@50001222)
OBJ 50001876 (sz=32, trace=300821, class=jdk.internal.org.objectweb.asm.Type@500011b2)
ARR 50001877 (sz=24, trace=300822, nelems=0, elem type=int[])
ARR 50001878 (sz=16, trace=300823, nelems=0, elem type=int[])
OBJ 50001879 (sz=24, trace=300824, class=java.lang.StringBuffer@50000119)
ARR 5000187a (sz=48, trace=300825, nelems=0, elem type=char[])
ARR 5000187b (sz=88, trace=300826, nelems=0, elem type=char[])
ARR 5000187c (sz=56, trace=300827, nelems=0, elem type=char[])
OBJ 5000187d (sz=24, trace=300828, class=java.lang.String@50000165)
OBJ 5000187e (sz=24, trace=300829, class=java.lang.String@50000165)
ARR 5000187f (sz=48, trace=300806, nelems=0, elem type=char[])
OBJ 50001880 (sz=56, trace=300807, class=jdk.internal.org.objectweb.asm.Item@5000118d)
ARR 50001881 (sz=80, trace=300939, nelems=0, elem type=jdk.internal.org.objectweb.asm.Item[]@5000118e)
OBJ 50001882 (sz=24, trace=300824, class=java.lang.StringBuffer@50000119)
ARR 50001883 (sz=48, trace=300825, nelems=0, elem type=char[])
ARR 50001884 (sz=24, trace=300827, nelems=0, elem type=char[])
OBJ 50001885 (sz=24, trace=300828, class=java.lang.String@50000165)
ARR 50001886 (sz=40, trace=300830, nelems=0, elem type=int[])
ARR 50001887 (sz=24, trace=300940, nelems=0, elem type=java.lang.Object[]@500000ff)
OBJ 50001888 (sz=56, trace=300832, class=jdk.internal.org.objectweb.asm.Item@5000118d)
ARR 50001889 (sz=528, trace=300951, nelems=0, elem type=byte[])
OBJ 5000188a (sz=56, trace=300833, class=jdk.internal.org.objectweb.asm.Item@5000118d)
OBJ 5000188b (sz=56, trace=300834, class=jdk.internal.org.objectweb.asm.Item@5000118d)
OBJ 5000188c (sz=24, trace=300835, class=jdk.internal.org.objectweb.asm.ByteVector@5000118a)
ARR 5000188d (sz=376, trace=300836, nelems=0, elem type=byte[])
ARR 5000188e (sz=72, trace=300837, nelems=0, elem type=java.lang.Object[]@500000ff)
OBJ 5000188f (sz=16, trace=300839, class=java.util.HashMap$Values@5000123e)
OBJ 50001890 (sz=40, trace=300841, class=java.util.HashMap$ValueIterator@50001241)
OBJ 50001892 (sz=56, trace=300843, class=java.lang.invoke.MemberName@50000124)
OBJ 50001893 (sz=32, trace=300937, class=java.lang.invoke.SimpleMethodHandle@50001094)
	type		50000fd9
	form		50000fff
OBJ 50001894 (sz=24, trace=300696, class=java.lang.StringBuilder@50000118)
ARR 50001895 (sz=24, trace=300697, nelems=0, elem type=char[])
OBJ 50001896 (sz=24, trace=300698, class=java.lang.String@50000165)
ARR 50001897 (sz=24, trace=300699, nelems=0, elem type=char[])
ARR 50001898 (sz=24, trace=300938, nelems=0, elem type=java.lang.Class[]@500000fa)
OBJ 50001899 (sz=40, trace=300701, class=java.lang.invoke.MethodType@50000121)
OBJ 5000189a (sz=32, trace=300443, class=java.lang.invoke.MethodType$ConcurrentWeakInternSet$WeakEntry@50000b5f)
OBJ 5000189b (sz=40, trace=300949, class=java.lang.invoke.MethodType@50000121)
	rtype		5000629a
	ptypes		50006fd4
	form		5000189c
	methodDescriptor	500018c8
OBJ 5000189c (sz=56, trace=300847, class=java.lang.invoke.MethodTypeForm@50000b5a)
	argToSlotTable	5000189e
	slotToArgTable	5000189d
	erasedType	5000189b
	basicType	5000189b
	methodHandles	500018a0
	lambdaForms	5000189f
ARR 5000189d (sz=8, trace=300848, nelems=2, elem type=int[])
ARR 5000189e (sz=8, trace=300849, nelems=2, elem type=int[])
ARR 5000189f (sz=88, trace=300850, nelems=2, elem type=java.lang.ref.SoftReference[]@50000b68)
	[1]		5000223b
ARR 500018a0 (sz=32, trace=300851, nelems=0, elem type=java.lang.ref.SoftReference[]@50000b68)
OBJ 500018a1 (sz=32, trace=300452, class=java.lang.invoke.MethodType$ConcurrentWeakInternSet$WeakEntry@50000b5f)
	referent	5000189b
	queue		50000b52
OBJ 500018a2 (sz=32, trace=300521, class=java.util.concurrent.ConcurrentHashMap$Node@50000021)
	key		500018a1
	val		500018a1
	next		50001d83
OBJ 500018a3 (sz=64, trace=300704, class=java.lang.invoke.InvokerBytecodeGenerator@50001172)
OBJ 500018a4 (sz=48, trace=300705, class=java.util.HashMap@500000bd)
OBJ 500018a5 (sz=24, trace=300710, class=java.lang.StringBuilder@50000118)
ARR 500018a6 (sz=48, trace=300711, nelems=0, elem type=char[])
ARR 500018a7 (sz=88, trace=300010, nelems=0, elem type=char[])
OBJ 500018a8 (sz=24, trace=300712, class=java.lang.String@50000165)
ARR 500018a9 (sz=80, trace=300713, nelems=0, elem type=char[])
OBJ 500018aa (sz=24, trace=300714, class=java.lang.StringBuilder@50000118)
ARR 500018ab (sz=48, trace=300715, nelems=0, elem type=char[])
OBJ 500018ac (sz=24, trace=300716, class=java.lang.String@50000165)
ARR 500018ad (sz=48, trace=300717, nelems=0, elem type=char[])
ARR 500018ae (sz=32, trace=300718, nelems=0, elem type=int[])
ARR 500018af (sz=32, trace=300719, nelems=0, elem type=java.lang.invoke.LambdaForm$BasicType[]@50000f60)
ARR 500018b0 (sz=32, trace=300720, nelems=0, elem type=java.lang.Class[]@500000fa)
OBJ 500018b1 (sz=168, trace=300723, class=jdk.internal.org.objectweb.asm.ClassWriter@50001187)
OBJ 500018b2 (sz=24, trace=300725, class=jdk.internal.org.objectweb.asm.ByteVector@5000118a)
ARR 500018b3 (sz=80, trace=300726, nelems=0, elem type=byte[])
ARR 500018b4 (sz=1040, trace=300728, nelems=0, elem type=jdk.internal.org.objectweb.asm.Item[]@5000118e)
OBJ 500018b5 (sz=56, trace=300729, class=jdk.internal.org.objectweb.asm.Item@5000118d)
OBJ 500018b6 (sz=56, trace=300730, class=jdk.internal.org.objectweb.asm.Item@5000118d)
OBJ 500018b7 (sz=56, trace=300731, class=jdk.internal.org.objectweb.asm.Item@5000118d)
OBJ 500018b8 (sz=56, trace=300732, class=jdk.internal.org.objectweb.asm.Item@5000118d)
OBJ 500018b9 (sz=56, trace=300733, class=jdk.internal.org.objectweb.asm.Item@5000118d)
OBJ 500018ba (sz=56, trace=300734, class=jdk.internal.org.objectweb.asm.Item@5000118d)
OBJ 500018bb (sz=56, trace=300733, class=jdk.internal.org.objectweb.asm.Item@5000118d)
OBJ 500018bc (sz=56, trace=300735, class=jdk.internal.org.objectweb.asm.Item@5000118d)
ARR 500018bd (sz=144, trace=300736, nelems=0, elem type=byte[])
OBJ 500018be (sz=56, trace=300737, class=jdk.internal.org.objectweb.asm.Item@5000118d)
OBJ 500018bf (sz=24, trace=300685, class=java.util.Arrays$ArrayList@5000115f)
OBJ 500018c0 (sz=24, trace=300686, class=java.util.Collections$UnmodifiableRandomAccessList@500000ca)
OBJ 500018c1 (sz=24, trace=300738, class=java.lang.StringBuilder@50000118)
ARR 500018c2 (sz=48, trace=300739, nelems=0, elem type=char[])
OBJ 500018c3 (sz=24, trace=300740, class=java.util.Collections$UnmodifiableCollection$1@50001162)
OBJ 500018c4 (sz=32, trace=300690, class=java.util.AbstractList$Itr@50001164)
ARR 500018c5 (sz=48, trace=300741, nelems=0, elem type=char[])
OBJ 500018c6 (sz=24, trace=300742, class=java.lang.String@50000165)
ARR 500018c7 (sz=88, trace=300010, nelems=0, elem type=char[])
OBJ 500018c8 (sz=24, trace=300745, class=java.lang.String@50000165)
	value		500018c9
ARR 500018c9 (sz=42, trace=300746, nelems=21, elem type=char[])
OBJ 500018ca (sz=224, trace=300748, class=jdk.internal.org.objectweb.asm.MethodWriter@500011ab)
OBJ 500018cb (sz=24, trace=300749, class=jdk.internal.org.objectweb.asm.ByteVector@5000118a)
ARR 500018cc (sz=80, trace=300750, nelems=0, elem type=byte[])
OBJ 500018cd (sz=56, trace=300751, class=jdk.internal.org.objectweb.asm.Item@5000118d)
OBJ 500018ce (sz=56, trace=300753, class=jdk.internal.org.objectweb.asm.Item@5000118d)
OBJ 500018cf (sz=64, trace=300765, class=jdk.internal.org.objectweb.asm.Label@500011bc)
OBJ 500018d0 (sz=48, trace=300768, class=jdk.internal.org.objectweb.asm.Frame@500011be)
OBJ 500018d1 (sz=24, trace=300769, class=jdk.internal.org.objectweb.asm.ByteVector@5000118a)
ARR 500018d2 (sz=80, trace=300770, nelems=0, elem type=byte[])
ARR 500018d3 (sz=272, trace=300779, nelems=0, elem type=byte[])
OBJ 500018d4 (sz=56, trace=300771, class=jdk.internal.org.objectweb.asm.Item@5000118d)
OBJ 500018d5 (sz=56, trace=300773, class=jdk.internal.org.objectweb.asm.AnnotationWriter@500011c5)
OBJ 500018d6 (sz=24, trace=300774, class=jdk.internal.org.objectweb.asm.ByteVector@5000118a)
ARR 500018d7 (sz=80, trace=300775, nelems=0, elem type=byte[])
OBJ 500018d8 (sz=56, trace=300776, class=jdk.internal.org.objectweb.asm.Item@5000118d)
OBJ 500018d9 (sz=56, trace=300773, class=jdk.internal.org.objectweb.asm.AnnotationWriter@500011c5)
OBJ 500018da (sz=24, trace=300777, class=jdk.internal.org.objectweb.asm.ByteVector@5000118a)
ARR 500018db (sz=80, trace=300778, nelems=0, elem type=byte[])
OBJ 500018dc (sz=56, trace=300780, class=jdk.internal.org.objectweb.asm.Item@5000118d)
OBJ 500018dd (sz=56, trace=300773, class=jdk.internal.org.objectweb.asm.AnnotationWriter@500011c5)
OBJ 500018de (sz=24, trace=300795, class=java.lang.String@50000165)
ARR 500018df (sz=40, trace=300462, nelems=0, elem type=char[])
OBJ 500018e0 (sz=24, trace=300941, class=java.lang.StringBuilder@50000118)
ARR 500018e1 (sz=48, trace=300942, nelems=0, elem type=char[])
ARR 500018e2 (sz=88, trace=300010, nelems=0, elem type=char[])
OBJ 500018e3 (sz=24, trace=300943, class=java.lang.String@50000165)
ARR 500018e4 (sz=64, trace=300924, nelems=0, elem type=char[])
OBJ 500018e5 (sz=56, trace=300925, class=jdk.internal.org.objectweb.asm.Item@5000118d)
OBJ 500018e6 (sz=56, trace=300926, class=jdk.internal.org.objectweb.asm.Item@5000118d)
OBJ 500018e7 (sz=32, trace=300945, class=java.lang.invoke.InvokerBytecodeGenerator$CpPatch@5000170e)
ARR 500018e8 (sz=80, trace=300929, nelems=0, elem type=java.util.HashMap$Node[]@500000b9)
OBJ 500018e9 (sz=32, trace=300239, class=java.util.HashMap$Node@500000bb)
OBJ 500018ea (sz=56, trace=300930, class=jdk.internal.org.objectweb.asm.Item@5000118d)
ARR 500018eb (sz=80, trace=300946, nelems=0, elem type=jdk.internal.org.objectweb.asm.Item[]@5000118e)
ARR 500018ec (sz=56, trace=300947, nelems=0, elem type=int[])
ARR 500018ed (sz=528, trace=300852, nelems=0, elem type=byte[])
OBJ 500018ee (sz=56, trace=300813, class=jdk.internal.org.objectweb.asm.Item@5000118d)
OBJ 500018ef (sz=56, trace=300814, class=jdk.internal.org.objectweb.asm.Item@5000118d)
OBJ 500018f0 (sz=56, trace=300815, class=jdk.internal.org.objectweb.asm.Item@5000118d)
OBJ 500018f1 (sz=24, trace=300685, class=java.util.Arrays$ArrayList@5000115f)
OBJ 500018f2 (sz=24, trace=300686, class=java.util.Collections$UnmodifiableRandomAccessList@500000ca)
OBJ 500018f3 (sz=24, trace=300738, class=java.lang.StringBuilder@50000118)
ARR 500018f4 (sz=48, trace=300739, nelems=0, elem type=char[])
OBJ 500018f5 (sz=24, trace=300740, class=java.util.Collections$UnmodifiableCollection$1@50001162)
OBJ 500018f6 (sz=32, trace=300690, class=java.util.AbstractList$Itr@50001164)
OBJ 500018f7 (sz=24, trace=300745, class=java.lang.String@50000165)
	value		500018f8
ARR 500018f8 (sz=8, trace=300746, nelems=4, elem type=char[])
OBJ 500018f9 (sz=56, trace=300801, class=jdk.internal.org.objectweb.asm.Item@5000118d)
OBJ 500018fa (sz=56, trace=300802, class=jdk.internal.org.objectweb.asm.Item@5000118d)
OBJ 500018fb (sz=56, trace=300803, class=jdk.internal.org.objectweb.asm.Item@5000118d)
OBJ 500018fc (sz=56, trace=300948, class=jdk.internal.org.objectweb.asm.Item@5000118d)
OBJ 500018fd (sz=64, trace=300817, class=jdk.internal.org.objectweb.asm.Label@500011bc)
OBJ 500018fe (sz=48, trace=300818, class=jdk.internal.org.objectweb.asm.Frame@500011be)
ARR 500018ff (sz=64, trace=300819, nelems=0, elem type=char[])
ARR 50001900 (sz=24, trace=300820, nelems=0, elem type=jdk.internal.org.objectweb.asm.Type[]@50001222)
OBJ 50001901 (sz=32, trace=300821, class=jdk.internal.org.objectweb.asm.Type@500011b2)
ARR 50001902 (sz=24, trace=300822, nelems=0, elem type=int[])
ARR 50001903 (sz=16, trace=300823, nelems=0, elem type=int[])
OBJ 50001904 (sz=24, trace=300824, class=java.lang.StringBuffer@50000119)
ARR 50001905 (sz=48, trace=300825, nelems=0, elem type=char[])
ARR 50001906 (sz=88, trace=300826, nelems=0, elem type=char[])
ARR 50001907 (sz=56, trace=300827, nelems=0, elem type=char[])
OBJ 50001908 (sz=24, trace=300828, class=java.lang.String@50000165)
OBJ 50001909 (sz=24, trace=300829, class=java.lang.String@50000165)
ARR 5000190a (sz=48, trace=300806, nelems=0, elem type=char[])
OBJ 5000190b (sz=56, trace=300807, class=jdk.internal.org.objectweb.asm.Item@5000118d)
ARR 5000190c (sz=32, trace=300830, nelems=0, elem type=int[])
ARR 5000190d (sz=24, trace=300940, nelems=0, elem type=java.lang.Object[]@500000ff)
OBJ 5000190e (sz=56, trace=300832, class=jdk.internal.org.objectweb.asm.Item@5000118d)
OBJ 5000190f (sz=56, trace=300833, class=jdk.internal.org.objectweb.asm.Item@5000118d)
OBJ 50001910 (sz=56, trace=300834, class=jdk.internal.org.objectweb.asm.Item@5000118d)
OBJ 50001911 (sz=24, trace=300835, class=jdk.internal.org.objectweb.asm.ByteVector@5000118a)
ARR 50001912 (sz=472, trace=300836, nelems=0, elem type=byte[])
ARR 50001913 (sz=104, trace=300837, nelems=0, elem type=java.lang.Object[]@500000ff)
OBJ 50001914 (sz=16, trace=300839, class=java.util.HashMap$Values@5000123e)
OBJ 50001915 (sz=40, trace=300841, class=java.util.HashMap$ValueIterator@50001241)
OBJ 50001917 (sz=56, trace=300843, class=java.lang.invoke.MemberName@50000124)
OBJ 50001918 (sz=32, trace=300937, class=java.lang.invoke.SimpleMethodHandle@50001094)
	type		50001012
	form		50001026
OBJ 50001919 (sz=24, trace=300696, class=java.lang.StringBuilder@50000118)
ARR 5000191a (sz=32, trace=300697, nelems=0, elem type=char[])
OBJ 5000191b (sz=24, trace=300698, class=java.lang.String@50000165)
ARR 5000191c (sz=24, trace=300699, nelems=0, elem type=char[])
ARR 5000191d (sz=24, trace=300938, nelems=0, elem type=java.lang.Class[]@500000fa)
OBJ 5000191e (sz=40, trace=300701, class=java.lang.invoke.MethodType@50000121)
OBJ 5000191f (sz=32, trace=300443, class=java.lang.invoke.MethodType$ConcurrentWeakInternSet$WeakEntry@50000b5f)
OBJ 50001920 (sz=40, trace=300949, class=java.lang.invoke.MethodType@50000121)
	rtype		50006299
	ptypes		50006fbe
	form		50001921
	methodDescriptor	5000194d
OBJ 50001921 (sz=56, trace=300847, class=java.lang.invoke.MethodTypeForm@50000b5a)
	argToSlotTable	50001923
	slotToArgTable	50001922
	erasedType	50001920
	basicType	50001920
	methodHandles	50001925
	lambdaForms	50001924
ARR 50001922 (sz=16, trace=300952, nelems=4, elem type=int[])
ARR 50001923 (sz=12, trace=300953, nelems=3, elem type=int[])
ARR 50001924 (sz=88, trace=300850, nelems=0, elem type=java.lang.ref.SoftReference[]@50000b68)
ARR 50001925 (sz=32, trace=300851, nelems=0, elem type=java.lang.ref.SoftReference[]@50000b68)
OBJ 50001926 (sz=32, trace=300452, class=java.lang.invoke.MethodType$ConcurrentWeakInternSet$WeakEntry@50000b5f)
	referent	50001920
	queue		50000b52
OBJ 50001927 (sz=32, trace=300521, class=java.util.concurrent.ConcurrentHashMap$Node@50000021)
	key		50001926
	val		50001926
OBJ 50001928 (sz=64, trace=300704, class=java.lang.invoke.InvokerBytecodeGenerator@50001172)
OBJ 50001929 (sz=48, trace=300705, class=java.util.HashMap@500000bd)
OBJ 5000192a (sz=24, trace=300710, class=java.lang.StringBuilder@50000118)
ARR 5000192b (sz=48, trace=300711, nelems=0, elem type=char[])
ARR 5000192c (sz=88, trace=300010, nelems=0, elem type=char[])
OBJ 5000192d (sz=24, trace=300712, class=java.lang.String@50000165)
ARR 5000192e (sz=80, trace=300713, nelems=0, elem type=char[])
OBJ 5000192f (sz=24, trace=300714, class=java.lang.StringBuilder@50000118)
ARR 50001930 (sz=48, trace=300715, nelems=0, elem type=char[])
OBJ 50001931 (sz=24, trace=300716, class=java.lang.String@50000165)
ARR 50001932 (sz=48, trace=300717, nelems=0, elem type=char[])
ARR 50001933 (sz=32, trace=300718, nelems=0, elem type=int[])
ARR 50001934 (sz=32, trace=300719, nelems=0, elem type=java.lang.invoke.LambdaForm$BasicType[]@50000f60)
ARR 50001935 (sz=32, trace=300720, nelems=0, elem type=java.lang.Class[]@500000fa)
OBJ 50001936 (sz=168, trace=300723, class=jdk.internal.org.objectweb.asm.ClassWriter@50001187)
OBJ 50001937 (sz=24, trace=300725, class=jdk.internal.org.objectweb.asm.ByteVector@5000118a)
ARR 50001938 (sz=80, trace=300726, nelems=0, elem type=byte[])
ARR 50001939 (sz=1040, trace=300728, nelems=0, elem type=jdk.internal.org.objectweb.asm.Item[]@5000118e)
OBJ 5000193a (sz=56, trace=300729, class=jdk.internal.org.objectweb.asm.Item@5000118d)
OBJ 5000193b (sz=56, trace=300730, class=jdk.internal.org.objectweb.asm.Item@5000118d)
OBJ 5000193c (sz=56, trace=300731, class=jdk.internal.org.objectweb.asm.Item@5000118d)
OBJ 5000193d (sz=56, trace=300732, class=jdk.internal.org.objectweb.asm.Item@5000118d)
OBJ 5000193e (sz=56, trace=300733, class=jdk.internal.org.objectweb.asm.Item@5000118d)
OBJ 5000193f (sz=56, trace=300734, class=jdk.internal.org.objectweb.asm.Item@5000118d)
OBJ 50001940 (sz=56, trace=300733, class=jdk.internal.org.objectweb.asm.Item@5000118d)
OBJ 50001941 (sz=56, trace=300735, class=jdk.internal.org.objectweb.asm.Item@5000118d)
ARR 50001942 (sz=144, trace=300736, nelems=0, elem type=byte[])
OBJ 50001943 (sz=56, trace=300737, class=jdk.internal.org.objectweb.asm.Item@5000118d)
OBJ 50001944 (sz=24, trace=300685, class=java.util.Arrays$ArrayList@5000115f)
OBJ 50001945 (sz=24, trace=300686, class=java.util.Collections$UnmodifiableRandomAccessList@500000ca)
OBJ 50001946 (sz=24, trace=300738, class=java.lang.StringBuilder@50000118)
ARR 50001947 (sz=48, trace=300739, nelems=0, elem type=char[])
OBJ 50001948 (sz=24, trace=300740, class=java.util.Collections$UnmodifiableCollection$1@50001162)
OBJ 50001949 (sz=32, trace=300690, class=java.util.AbstractList$Itr@50001164)
ARR 5000194a (sz=48, trace=300741, nelems=0, elem type=char[])
OBJ 5000194b (sz=24, trace=300742, class=java.lang.String@50000165)
ARR 5000194c (sz=88, trace=300010, nelems=0, elem type=char[])
OBJ 5000194d (sz=24, trace=300745, class=java.lang.String@50000165)
	value		5000194e
ARR 5000194e (sz=44, trace=300746, nelems=22, elem type=char[])
OBJ 5000194f (sz=224, trace=300748, class=jdk.internal.org.objectweb.asm.MethodWriter@500011ab)
OBJ 50001950 (sz=24, trace=300749, class=jdk.internal.org.objectweb.asm.ByteVector@5000118a)
ARR 50001951 (sz=80, trace=300750, nelems=0, elem type=byte[])
OBJ 50001952 (sz=56, trace=300751, class=jdk.internal.org.objectweb.asm.Item@5000118d)
OBJ 50001953 (sz=56, trace=300753, class=jdk.internal.org.objectweb.asm.Item@5000118d)
OBJ 50001954 (sz=64, trace=300765, class=jdk.internal.org.objectweb.asm.Label@500011bc)
OBJ 50001955 (sz=48, trace=300768, class=jdk.internal.org.objectweb.asm.Frame@500011be)
OBJ 50001956 (sz=24, trace=300769, class=jdk.internal.org.objectweb.asm.ByteVector@5000118a)
ARR 50001957 (sz=80, trace=300770, nelems=0, elem type=byte[])
ARR 50001958 (sz=272, trace=300779, nelems=0, elem type=byte[])
OBJ 50001959 (sz=56, trace=300771, class=jdk.internal.org.objectweb.asm.Item@5000118d)
OBJ 5000195a (sz=56, trace=300773, class=jdk.internal.org.objectweb.asm.AnnotationWriter@500011c5)
OBJ 5000195b (sz=24, trace=300774, class=jdk.internal.org.objectweb.asm.ByteVector@5000118a)
ARR 5000195c (sz=80, trace=300775, nelems=0, elem type=byte[])
OBJ 5000195d (sz=56, trace=300776, class=jdk.internal.org.objectweb.asm.Item@5000118d)
OBJ 5000195e (sz=56, trace=300773, class=jdk.internal.org.objectweb.asm.AnnotationWriter@500011c5)
OBJ 5000195f (sz=24, trace=300777, class=jdk.internal.org.objectweb.asm.ByteVector@5000118a)
ARR 50001960 (sz=80, trace=300778, nelems=0, elem type=byte[])
OBJ 50001961 (sz=56, trace=300780, class=jdk.internal.org.objectweb.asm.Item@5000118d)
OBJ 50001962 (sz=56, trace=300773, class=jdk.internal.org.objectweb.asm.AnnotationWriter@500011c5)
ARR 50001963 (sz=56, trace=300954, nelems=0, elem type=int[])
OBJ 50001964 (sz=64, trace=300817, class=jdk.internal.org.objectweb.asm.Label@500011bc)
OBJ 50001965 (sz=48, trace=300818, class=jdk.internal.org.objectweb.asm.Frame@500011be)
ARR 50001966 (sz=64, trace=300819, nelems=0, elem type=char[])
ARR 50001967 (sz=24, trace=300820, nelems=0, elem type=jdk.internal.org.objectweb.asm.Type[]@50001222)
OBJ 50001968 (sz=32, trace=300821, class=jdk.internal.org.objectweb.asm.Type@500011b2)
ARR 50001969 (sz=32, trace=300822, nelems=0, elem type=int[])
ARR 5000196a (sz=16, trace=300823, nelems=0, elem type=int[])
OBJ 5000196b (sz=24, trace=300824, class=java.lang.StringBuffer@50000119)
ARR 5000196c (sz=48, trace=300825, nelems=0, elem type=char[])
ARR 5000196d (sz=88, trace=300826, nelems=0, elem type=char[])
ARR 5000196e (sz=56, trace=300827, nelems=0, elem type=char[])
OBJ 5000196f (sz=24, trace=300828, class=java.lang.String@50000165)
OBJ 50001970 (sz=24, trace=300829, class=java.lang.String@50000165)
ARR 50001971 (sz=48, trace=300806, nelems=0, elem type=char[])
OBJ 50001972 (sz=56, trace=300807, class=jdk.internal.org.objectweb.asm.Item@5000118d)
ARR 50001973 (sz=80, trace=300939, nelems=0, elem type=jdk.internal.org.objectweb.asm.Item[]@5000118e)
OBJ 50001974 (sz=24, trace=300824, class=java.lang.StringBuffer@50000119)
ARR 50001975 (sz=48, trace=300825, nelems=0, elem type=char[])
ARR 50001976 (sz=24, trace=300827, nelems=0, elem type=char[])
OBJ 50001977 (sz=24, trace=300828, class=java.lang.String@50000165)
ARR 50001978 (sz=40, trace=300830, nelems=0, elem type=int[])
ARR 50001979 (sz=24, trace=300940, nelems=0, elem type=java.lang.Object[]@500000ff)
OBJ 5000197a (sz=56, trace=300832, class=jdk.internal.org.objectweb.asm.Item@5000118d)
ARR 5000197b (sz=528, trace=300951, nelems=0, elem type=byte[])
OBJ 5000197c (sz=56, trace=300833, class=jdk.internal.org.objectweb.asm.Item@5000118d)
OBJ 5000197d (sz=56, trace=300834, class=jdk.internal.org.objectweb.asm.Item@5000118d)
OBJ 5000197e (sz=24, trace=300835, class=jdk.internal.org.objectweb.asm.ByteVector@5000118a)
ARR 5000197f (sz=376, trace=300836, nelems=0, elem type=byte[])
ARR 50001980 (sz=72, trace=300837, nelems=0, elem type=java.lang.Object[]@500000ff)
OBJ 50001981 (sz=16, trace=300839, class=java.util.HashMap$Values@5000123e)
OBJ 50001982 (sz=40, trace=300841, class=java.util.HashMap$ValueIterator@50001241)
OBJ 50001984 (sz=56, trace=300843, class=java.lang.invoke.MemberName@50000124)
OBJ 50001985 (sz=32, trace=300937, class=java.lang.invoke.SimpleMethodHandle@50001094)
	type		50001002
	form		5000102c
OBJ 50001986 (sz=24, trace=300696, class=java.lang.StringBuilder@50000118)
ARR 50001987 (sz=24, trace=300697, nelems=0, elem type=char[])
OBJ 50001988 (sz=24, trace=300698, class=java.lang.String@50000165)
ARR 50001989 (sz=24, trace=300699, nelems=0, elem type=char[])
ARR 5000198a (sz=24, trace=300938, nelems=0, elem type=java.lang.Class[]@500000fa)
OBJ 5000198b (sz=40, trace=300701, class=java.lang.invoke.MethodType@50000121)
OBJ 5000198c (sz=32, trace=300443, class=java.lang.invoke.MethodType$ConcurrentWeakInternSet$WeakEntry@50000b5f)
OBJ 5000198d (sz=64, trace=300704, class=java.lang.invoke.InvokerBytecodeGenerator@50001172)
OBJ 5000198e (sz=48, trace=300705, class=java.util.HashMap@500000bd)
OBJ 5000198f (sz=24, trace=300710, class=java.lang.StringBuilder@50000118)
ARR 50001990 (sz=48, trace=300711, nelems=0, elem type=char[])
ARR 50001991 (sz=88, trace=300010, nelems=0, elem type=char[])
OBJ 50001992 (sz=24, trace=300712, class=java.lang.String@50000165)
ARR 50001993 (sz=80, trace=300713, nelems=0, elem type=char[])
OBJ 50001994 (sz=24, trace=300714, class=java.lang.StringBuilder@50000118)
ARR 50001995 (sz=48, trace=300715, nelems=0, elem type=char[])
OBJ 50001996 (sz=24, trace=300716, class=java.lang.String@50000165)
ARR 50001997 (sz=48, trace=300717, nelems=0, elem type=char[])
ARR 50001998 (sz=32, trace=300718, nelems=0, elem type=int[])
ARR 50001999 (sz=32, trace=300719, nelems=0, elem type=java.lang.invoke.LambdaForm$BasicType[]@50000f60)
ARR 5000199a (sz=32, trace=300720, nelems=0, elem type=java.lang.Class[]@500000fa)
OBJ 5000199b (sz=168, trace=300723, class=jdk.internal.org.objectweb.asm.ClassWriter@50001187)
OBJ 5000199c (sz=24, trace=300725, class=jdk.internal.org.objectweb.asm.ByteVector@5000118a)
ARR 5000199d (sz=80, trace=300726, nelems=0, elem type=byte[])
ARR 5000199e (sz=1040, trace=300728, nelems=0, elem type=jdk.internal.org.objectweb.asm.Item[]@5000118e)
OBJ 5000199f (sz=56, trace=300729, class=jdk.internal.org.objectweb.asm.Item@5000118d)
OBJ 500019a0 (sz=56, trace=300730, class=jdk.internal.org.objectweb.asm.Item@5000118d)
OBJ 500019a1 (sz=56, trace=300731, class=jdk.internal.org.objectweb.asm.Item@5000118d)
OBJ 500019a2 (sz=56, trace=300732, class=jdk.internal.org.objectweb.asm.Item@5000118d)
OBJ 500019a3 (sz=56, trace=300733, class=jdk.internal.org.objectweb.asm.Item@5000118d)
OBJ 500019a4 (sz=56, trace=300734, class=jdk.internal.org.objectweb.asm.Item@5000118d)
OBJ 500019a5 (sz=56, trace=300733, class=jdk.internal.org.objectweb.asm.Item@5000118d)
OBJ 500019a6 (sz=56, trace=300735, class=jdk.internal.org.objectweb.asm.Item@5000118d)
ARR 500019a7 (sz=144, trace=300736, nelems=0, elem type=byte[])
OBJ 500019a8 (sz=56, trace=300737, class=jdk.internal.org.objectweb.asm.Item@5000118d)
OBJ 500019a9 (sz=224, trace=300748, class=jdk.internal.org.objectweb.asm.MethodWriter@500011ab)
OBJ 500019aa (sz=24, trace=300749, class=jdk.internal.org.objectweb.asm.ByteVector@5000118a)
ARR 500019ab (sz=80, trace=300750, nelems=0, elem type=byte[])
OBJ 500019ac (sz=56, trace=300751, class=jdk.internal.org.objectweb.asm.Item@5000118d)
OBJ 500019ad (sz=56, trace=300753, class=jdk.internal.org.objectweb.asm.Item@5000118d)
OBJ 500019ae (sz=64, trace=300765, class=jdk.internal.org.objectweb.asm.Label@500011bc)
OBJ 500019af (sz=48, trace=300768, class=jdk.internal.org.objectweb.asm.Frame@500011be)
OBJ 500019b0 (sz=24, trace=300769, class=jdk.internal.org.objectweb.asm.ByteVector@5000118a)
ARR 500019b1 (sz=80, trace=300770, nelems=0, elem type=byte[])
ARR 500019b2 (sz=272, trace=300779, nelems=0, elem type=byte[])
OBJ 500019b3 (sz=56, trace=300771, class=jdk.internal.org.objectweb.asm.Item@5000118d)
OBJ 500019b4 (sz=56, trace=300773, class=jdk.internal.org.objectweb.asm.AnnotationWriter@500011c5)
OBJ 500019b5 (sz=24, trace=300774, class=jdk.internal.org.objectweb.asm.ByteVector@5000118a)
ARR 500019b6 (sz=80, trace=300775, nelems=0, elem type=byte[])
OBJ 500019b7 (sz=56, trace=300776, class=jdk.internal.org.objectweb.asm.Item@5000118d)
OBJ 500019b8 (sz=56, trace=300773, class=jdk.internal.org.objectweb.asm.AnnotationWriter@500011c5)
OBJ 500019b9 (sz=24, trace=300777, class=jdk.internal.org.objectweb.asm.ByteVector@5000118a)
ARR 500019ba (sz=80, trace=300778, nelems=0, elem type=byte[])
OBJ 500019bb (sz=56, trace=300780, class=jdk.internal.org.objectweb.asm.Item@5000118d)
OBJ 500019bc (sz=56, trace=300773, class=jdk.internal.org.objectweb.asm.AnnotationWriter@500011c5)
OBJ 500019bd (sz=24, trace=300795, class=java.lang.String@50000165)
ARR 500019be (sz=40, trace=300462, nelems=0, elem type=char[])
OBJ 500019bf (sz=24, trace=300941, class=java.lang.StringBuilder@50000118)
ARR 500019c0 (sz=48, trace=300942, nelems=0, elem type=char[])
ARR 500019c1 (sz=88, trace=300010, nelems=0, elem type=char[])
OBJ 500019c2 (sz=24, trace=300943, class=java.lang.String@50000165)
ARR 500019c3 (sz=64, trace=300924, nelems=0, elem type=char[])
OBJ 500019c4 (sz=56, trace=300925, class=jdk.internal.org.objectweb.asm.Item@5000118d)
OBJ 500019c5 (sz=56, trace=300926, class=jdk.internal.org.objectweb.asm.Item@5000118d)
OBJ 500019c6 (sz=32, trace=300945, class=java.lang.invoke.InvokerBytecodeGenerator$CpPatch@5000170e)
ARR 500019c7 (sz=80, trace=300929, nelems=0, elem type=java.util.HashMap$Node[]@500000b9)
OBJ 500019c8 (sz=32, trace=300239, class=java.util.HashMap$Node@500000bb)
OBJ 500019c9 (sz=56, trace=300930, class=jdk.internal.org.objectweb.asm.Item@5000118d)
ARR 500019ca (sz=80, trace=300946, nelems=0, elem type=jdk.internal.org.objectweb.asm.Item[]@5000118e)
ARR 500019cb (sz=56, trace=300947, nelems=0, elem type=int[])
ARR 500019cc (sz=528, trace=300852, nelems=0, elem type=byte[])
OBJ 500019cd (sz=56, trace=300813, class=jdk.internal.org.objectweb.asm.Item@5000118d)
OBJ 500019ce (sz=56, trace=300814, class=jdk.internal.org.objectweb.asm.Item@5000118d)
OBJ 500019cf (sz=56, trace=300815, class=jdk.internal.org.objectweb.asm.Item@5000118d)
OBJ 500019d0 (sz=24, trace=300685, class=java.util.Arrays$ArrayList@5000115f)
OBJ 500019d1 (sz=24, trace=300686, class=java.util.Collections$UnmodifiableRandomAccessList@500000ca)
OBJ 500019d2 (sz=24, trace=300738, class=java.lang.StringBuilder@50000118)
ARR 500019d3 (sz=48, trace=300739, nelems=0, elem type=char[])
OBJ 500019d4 (sz=24, trace=300740, class=java.util.Collections$UnmodifiableCollection$1@50001162)
OBJ 500019d5 (sz=32, trace=300690, class=java.util.AbstractList$Itr@50001164)
OBJ 500019d6 (sz=24, trace=300745, class=java.lang.String@50000165)
	value		500019d7
ARR 500019d7 (sz=8, trace=300746, nelems=4, elem type=char[])
OBJ 500019d8 (sz=56, trace=300801, class=jdk.internal.org.objectweb.asm.Item@5000118d)
OBJ 500019d9 (sz=56, trace=300802, class=jdk.internal.org.objectweb.asm.Item@5000118d)
OBJ 500019da (sz=56, trace=300803, class=jdk.internal.org.objectweb.asm.Item@5000118d)
OBJ 500019db (sz=56, trace=300948, class=jdk.internal.org.objectweb.asm.Item@5000118d)
OBJ 500019dc (sz=64, trace=300817, class=jdk.internal.org.objectweb.asm.Label@500011bc)
OBJ 500019dd (sz=48, trace=300818, class=jdk.internal.org.objectweb.asm.Frame@500011be)
ARR 500019de (sz=64, trace=300819, nelems=0, elem type=char[])
ARR 500019df (sz=24, trace=300820, nelems=0, elem type=jdk.internal.org.objectweb.asm.Type[]@50001222)
OBJ 500019e0 (sz=32, trace=300821, class=jdk.internal.org.objectweb.asm.Type@500011b2)
ARR 500019e1 (sz=24, trace=300822, nelems=0, elem type=int[])
ARR 500019e2 (sz=16, trace=300823, nelems=0, elem type=int[])
OBJ 500019e3 (sz=24, trace=300824, class=java.lang.StringBuffer@50000119)
ARR 500019e4 (sz=48, trace=300825, nelems=0, elem type=char[])
ARR 500019e5 (sz=88, trace=300826, nelems=0, elem type=char[])
ARR 500019e6 (sz=56, trace=300827, nelems=0, elem type=char[])
OBJ 500019e7 (sz=24, trace=300828, class=java.lang.String@50000165)
OBJ 500019e8 (sz=24, trace=300829, class=java.lang.String@50000165)
ARR 500019e9 (sz=48, trace=300806, nelems=0, elem type=char[])
OBJ 500019ea (sz=56, trace=300807, class=jdk.internal.org.objectweb.asm.Item@5000118d)
ARR 500019eb (sz=32, trace=300830, nelems=0, elem type=int[])
ARR 500019ec (sz=24, trace=300940, nelems=0, elem type=java.lang.Object[]@500000ff)
OBJ 500019ed (sz=56, trace=300832, class=jdk.internal.org.objectweb.asm.Item@5000118d)
OBJ 500019ee (sz=56, trace=300833, class=jdk.internal.org.objectweb.asm.Item@5000118d)
OBJ 500019ef (sz=56, trace=300834, class=jdk.internal.org.objectweb.asm.Item@5000118d)
OBJ 500019f0 (sz=24, trace=300835, class=jdk.internal.org.objectweb.asm.ByteVector@5000118a)
ARR 500019f1 (sz=472, trace=300836, nelems=0, elem type=byte[])
ARR 500019f2 (sz=104, trace=300837, nelems=0, elem type=java.lang.Object[]@500000ff)
OBJ 500019f3 (sz=16, trace=300839, class=java.util.HashMap$Values@5000123e)
OBJ 500019f4 (sz=40, trace=300841, class=java.util.HashMap$ValueIterator@50001241)
OBJ 500019f6 (sz=56, trace=300843, class=java.lang.invoke.MemberName@50000124)
OBJ 500019f7 (sz=32, trace=300937, class=java.lang.invoke.SimpleMethodHandle@50001094)
	type		5000103a
	form		5000104c
OBJ 500019f8 (sz=24, trace=300696, class=java.lang.StringBuilder@50000118)
ARR 500019f9 (sz=32, trace=300697, nelems=0, elem type=char[])
OBJ 500019fa (sz=24, trace=300698, class=java.lang.String@50000165)
ARR 500019fb (sz=24, trace=300699, nelems=0, elem type=char[])
ARR 500019fc (sz=24, trace=300938, nelems=0, elem type=java.lang.Class[]@500000fa)
OBJ 500019fd (sz=40, trace=300701, class=java.lang.invoke.MethodType@50000121)
OBJ 500019fe (sz=32, trace=300443, class=java.lang.invoke.MethodType$ConcurrentWeakInternSet$WeakEntry@50000b5f)
OBJ 500019ff (sz=40, trace=300949, class=java.lang.invoke.MethodType@50000121)
	rtype		5000629e
	ptypes		50006fbb
	form		50001a00
	methodDescriptor	50001a2a
OBJ 50001a00 (sz=56, trace=300847, class=java.lang.invoke.MethodTypeForm@50000b5a)
	argToSlotTable	50000fc6
	slotToArgTable	50000fc5
	erasedType	500019ff
	basicType	500019ff
	methodHandles	50001a02
	lambdaForms	50001a01
ARR 50001a01 (sz=88, trace=300850, nelems=0, elem type=java.lang.ref.SoftReference[]@50000b68)
ARR 50001a02 (sz=32, trace=300851, nelems=0, elem type=java.lang.ref.SoftReference[]@50000b68)
OBJ 50001a03 (sz=32, trace=300452, class=java.lang.invoke.MethodType$ConcurrentWeakInternSet$WeakEntry@50000b5f)
	referent	500019ff
	queue		50000b52
OBJ 50001a04 (sz=32, trace=300521, class=java.util.concurrent.ConcurrentHashMap$Node@50000021)
OBJ 50001a05 (sz=64, trace=300704, class=java.lang.invoke.InvokerBytecodeGenerator@50001172)
OBJ 50001a06 (sz=48, trace=300705, class=java.util.HashMap@500000bd)
OBJ 50001a07 (sz=24, trace=300710, class=java.lang.StringBuilder@50000118)
ARR 50001a08 (sz=48, trace=300711, nelems=0, elem type=char[])
ARR 50001a09 (sz=88, trace=300010, nelems=0, elem type=char[])
OBJ 50001a0a (sz=24, trace=300712, class=java.lang.String@50000165)
ARR 50001a0b (sz=80, trace=300713, nelems=0, elem type=char[])
OBJ 50001a0c (sz=24, trace=300714, class=java.lang.StringBuilder@50000118)
ARR 50001a0d (sz=48, trace=300715, nelems=0, elem type=char[])
OBJ 50001a0e (sz=24, trace=300716, class=java.lang.String@50000165)
ARR 50001a0f (sz=48, trace=300717, nelems=0, elem type=char[])
ARR 50001a10 (sz=32, trace=300718, nelems=0, elem type=int[])
ARR 50001a11 (sz=32, trace=300719, nelems=0, elem type=java.lang.invoke.LambdaForm$BasicType[]@50000f60)
ARR 50001a12 (sz=32, trace=300720, nelems=0, elem type=java.lang.Class[]@500000fa)
OBJ 50001a13 (sz=168, trace=300723, class=jdk.internal.org.objectweb.asm.ClassWriter@50001187)
OBJ 50001a14 (sz=24, trace=300725, class=jdk.internal.org.objectweb.asm.ByteVector@5000118a)
ARR 50001a15 (sz=80, trace=300726, nelems=0, elem type=byte[])
ARR 50001a16 (sz=1040, trace=300728, nelems=0, elem type=jdk.internal.org.objectweb.asm.Item[]@5000118e)
OBJ 50001a17 (sz=56, trace=300729, class=jdk.internal.org.objectweb.asm.Item@5000118d)
OBJ 50001a18 (sz=56, trace=300730, class=jdk.internal.org.objectweb.asm.Item@5000118d)
OBJ 50001a19 (sz=56, trace=300731, class=jdk.internal.org.objectweb.asm.Item@5000118d)
OBJ 50001a1a (sz=56, trace=300732, class=jdk.internal.org.objectweb.asm.Item@5000118d)
OBJ 50001a1b (sz=56, trace=300733, class=jdk.internal.org.objectweb.asm.Item@5000118d)
OBJ 50001a1c (sz=56, trace=300734, class=jdk.internal.org.objectweb.asm.Item@5000118d)
OBJ 50001a1d (sz=56, trace=300733, class=jdk.internal.org.objectweb.asm.Item@5000118d)
OBJ 50001a1e (sz=56, trace=300735, class=jdk.internal.org.objectweb.asm.Item@5000118d)
ARR 50001a1f (sz=144, trace=300736, nelems=0, elem type=byte[])
OBJ 50001a20 (sz=56, trace=300737, class=jdk.internal.org.objectweb.asm.Item@5000118d)
OBJ 50001a21 (sz=24, trace=300685, class=java.util.Arrays$ArrayList@5000115f)
OBJ 50001a22 (sz=24, trace=300686, class=java.util.Collections$UnmodifiableRandomAccessList@500000ca)
OBJ 50001a23 (sz=24, trace=300738, class=java.lang.StringBuilder@50000118)
ARR 50001a24 (sz=48, trace=300739, nelems=0, elem type=char[])
OBJ 50001a25 (sz=24, trace=300740, class=java.util.Collections$UnmodifiableCollection$1@50001162)
OBJ 50001a26 (sz=32, trace=300690, class=java.util.AbstractList$Itr@50001164)
ARR 50001a27 (sz=48, trace=300741, nelems=0, elem type=char[])
OBJ 50001a28 (sz=24, trace=300742, class=java.lang.String@50000165)
ARR 50001a29 (sz=88, trace=300010, nelems=0, elem type=char[])
OBJ 50001a2a (sz=24, trace=300745, class=java.lang.String@50000165)
	value		50001a2b
ARR 50001a2b (sz=44, trace=300746, nelems=22, elem type=char[])
OBJ 50001a2c (sz=224, trace=300748, class=jdk.internal.org.objectweb.asm.MethodWriter@500011ab)
OBJ 50001a2d (sz=24, trace=300749, class=jdk.internal.org.objectweb.asm.ByteVector@5000118a)
ARR 50001a2e (sz=80, trace=300750, nelems=0, elem type=byte[])
OBJ 50001a2f (sz=56, trace=300751, class=jdk.internal.org.objectweb.asm.Item@5000118d)
OBJ 50001a30 (sz=56, trace=300753, class=jdk.internal.org.objectweb.asm.Item@5000118d)
OBJ 50001a31 (sz=64, trace=300765, class=jdk.internal.org.objectweb.asm.Label@500011bc)
OBJ 50001a32 (sz=48, trace=300768, class=jdk.internal.org.objectweb.asm.Frame@500011be)
OBJ 50001a33 (sz=24, trace=300769, class=jdk.internal.org.objectweb.asm.ByteVector@5000118a)
ARR 50001a34 (sz=80, trace=300770, nelems=0, elem type=byte[])
ARR 50001a35 (sz=272, trace=300779, nelems=0, elem type=byte[])
OBJ 50001a36 (sz=56, trace=300771, class=jdk.internal.org.objectweb.asm.Item@5000118d)
OBJ 50001a37 (sz=56, trace=300773, class=jdk.internal.org.objectweb.asm.AnnotationWriter@500011c5)
OBJ 50001a38 (sz=24, trace=300774, class=jdk.internal.org.objectweb.asm.ByteVector@5000118a)
ARR 50001a39 (sz=80, trace=300775, nelems=0, elem type=byte[])
OBJ 50001a3a (sz=56, trace=300776, class=jdk.internal.org.objectweb.asm.Item@5000118d)
OBJ 50001a3b (sz=56, trace=300773, class=jdk.internal.org.objectweb.asm.AnnotationWriter@500011c5)
OBJ 50001a3c (sz=24, trace=300777, class=jdk.internal.org.objectweb.asm.ByteVector@5000118a)
ARR 50001a3d (sz=80, trace=300778, nelems=0, elem type=byte[])
OBJ 50001a3e (sz=56, trace=300780, class=jdk.internal.org.objectweb.asm.Item@5000118d)
OBJ 50001a3f (sz=56, trace=300773, class=jdk.internal.org.objectweb.asm.AnnotationWriter@500011c5)
ARR 50001a40 (sz=56, trace=300955, nelems=0, elem type=int[])
OBJ 50001a41 (sz=64, trace=300817, class=jdk.internal.org.objectweb.asm.Label@500011bc)
OBJ 50001a42 (sz=48, trace=300818, class=jdk.internal.org.objectweb.asm.Frame@500011be)
ARR 50001a43 (sz=64, trace=300819, nelems=0, elem type=char[])
ARR 50001a44 (sz=24, trace=300820, nelems=0, elem type=jdk.internal.org.objectweb.asm.Type[]@50001222)
OBJ 50001a45 (sz=32, trace=300821, class=jdk.internal.org.objectweb.asm.Type@500011b2)
ARR 50001a46 (sz=24, trace=300822, nelems=0, elem type=int[])
ARR 50001a47 (sz=16, trace=300823, nelems=0, elem type=int[])
OBJ 50001a48 (sz=24, trace=300824, class=java.lang.StringBuffer@50000119)
ARR 50001a49 (sz=48, trace=300825, nelems=0, elem type=char[])
ARR 50001a4a (sz=88, trace=300826, nelems=0, elem type=char[])
ARR 50001a4b (sz=56, trace=300827, nelems=0, elem type=char[])
OBJ 50001a4c (sz=24, trace=300828, class=java.lang.String@50000165)
OBJ 50001a4d (sz=24, trace=300829, class=java.lang.String@50000165)
ARR 50001a4e (sz=48, trace=300806, nelems=0, elem type=char[])
OBJ 50001a4f (sz=56, trace=300807, class=jdk.internal.org.objectweb.asm.Item@5000118d)
ARR 50001a50 (sz=80, trace=300939, nelems=0, elem type=jdk.internal.org.objectweb.asm.Item[]@5000118e)
OBJ 50001a51 (sz=24, trace=300824, class=java.lang.StringBuffer@50000119)
ARR 50001a52 (sz=48, trace=300825, nelems=0, elem type=char[])
ARR 50001a53 (sz=24, trace=300827, nelems=0, elem type=char[])
OBJ 50001a54 (sz=24, trace=300828, class=java.lang.String@50000165)
ARR 50001a55 (sz=40, trace=300830, nelems=0, elem type=int[])
ARR 50001a56 (sz=24, trace=300940, nelems=0, elem type=java.lang.Object[]@500000ff)
OBJ 50001a57 (sz=56, trace=300832, class=jdk.internal.org.objectweb.asm.Item@5000118d)
ARR 50001a58 (sz=528, trace=300951, nelems=0, elem type=byte[])
OBJ 50001a59 (sz=56, trace=300833, class=jdk.internal.org.objectweb.asm.Item@5000118d)
OBJ 50001a5a (sz=56, trace=300834, class=jdk.internal.org.objectweb.asm.Item@5000118d)
OBJ 50001a5b (sz=24, trace=300835, class=jdk.internal.org.objectweb.asm.ByteVector@5000118a)
ARR 50001a5c (sz=376, trace=300836, nelems=0, elem type=byte[])
ARR 50001a5d (sz=72, trace=300837, nelems=0, elem type=java.lang.Object[]@500000ff)
OBJ 50001a5e (sz=16, trace=300839, class=java.util.HashMap$Values@5000123e)
OBJ 50001a5f (sz=40, trace=300841, class=java.util.HashMap$ValueIterator@50001241)
OBJ 50001a61 (sz=56, trace=300843, class=java.lang.invoke.MemberName@50000124)
OBJ 50001a62 (sz=32, trace=300937, class=java.lang.invoke.SimpleMethodHandle@50001094)
	type		5000102f
	form		50001052
OBJ 50001a63 (sz=24, trace=300696, class=java.lang.StringBuilder@50000118)
ARR 50001a64 (sz=24, trace=300697, nelems=0, elem type=char[])
OBJ 50001a65 (sz=24, trace=300698, class=java.lang.String@50000165)
ARR 50001a66 (sz=24, trace=300699, nelems=0, elem type=char[])
ARR 50001a67 (sz=24, trace=300938, nelems=0, elem type=java.lang.Class[]@500000fa)
OBJ 50001a68 (sz=40, trace=300701, class=java.lang.invoke.MethodType@50000121)
OBJ 50001a69 (sz=32, trace=300443, class=java.lang.invoke.MethodType$ConcurrentWeakInternSet$WeakEntry@50000b5f)
OBJ 50001a6a (sz=40, trace=300949, class=java.lang.invoke.MethodType@50000121)
	rtype		5000629e
	ptypes		50006fcb
	form		50001a6b
	methodDescriptor	50001a97
OBJ 50001a6b (sz=56, trace=300847, class=java.lang.invoke.MethodTypeForm@50000b5a)
	argToSlotTable	50001a6d
	slotToArgTable	50001a6c
	erasedType	50001a6a
	basicType	50001a6a
	methodHandles	50001a6f
	lambdaForms	50001a6e
ARR 50001a6c (sz=8, trace=300848, nelems=2, elem type=int[])
ARR 50001a6d (sz=8, trace=300849, nelems=2, elem type=int[])
ARR 50001a6e (sz=88, trace=300850, nelems=0, elem type=java.lang.ref.SoftReference[]@50000b68)
ARR 50001a6f (sz=32, trace=300851, nelems=0, elem type=java.lang.ref.SoftReference[]@50000b68)
OBJ 50001a70 (sz=32, trace=300452, class=java.lang.invoke.MethodType$ConcurrentWeakInternSet$WeakEntry@50000b5f)
	referent	50001a6a
	queue		50000b52
OBJ 50001a71 (sz=32, trace=300521, class=java.util.concurrent.ConcurrentHashMap$Node@50000021)
	key		50001a70
	val		50001a70
OBJ 50001a72 (sz=64, trace=300704, class=java.lang.invoke.InvokerBytecodeGenerator@50001172)
OBJ 50001a73 (sz=48, trace=300705, class=java.util.HashMap@500000bd)
OBJ 50001a74 (sz=24, trace=300710, class=java.lang.StringBuilder@50000118)
ARR 50001a75 (sz=48, trace=300711, nelems=0, elem type=char[])
ARR 50001a76 (sz=88, trace=300010, nelems=0, elem type=char[])
OBJ 50001a77 (sz=24, trace=300712, class=java.lang.String@50000165)
ARR 50001a78 (sz=80, trace=300713, nelems=0, elem type=char[])
OBJ 50001a79 (sz=24, trace=300714, class=java.lang.StringBuilder@50000118)
ARR 50001a7a (sz=48, trace=300715, nelems=0, elem type=char[])
OBJ 50001a7b (sz=24, trace=300716, class=java.lang.String@50000165)
ARR 50001a7c (sz=48, trace=300717, nelems=0, elem type=char[])
ARR 50001a7d (sz=32, trace=300718, nelems=0, elem type=int[])
ARR 50001a7e (sz=32, trace=300719, nelems=0, elem type=java.lang.invoke.LambdaForm$BasicType[]@50000f60)
ARR 50001a7f (sz=32, trace=300720, nelems=0, elem type=java.lang.Class[]@500000fa)
OBJ 50001a80 (sz=168, trace=300723, class=jdk.internal.org.objectweb.asm.ClassWriter@50001187)
OBJ 50001a81 (sz=24, trace=300725, class=jdk.internal.org.objectweb.asm.ByteVector@5000118a)
ARR 50001a82 (sz=80, trace=300726, nelems=0, elem type=byte[])
ARR 50001a83 (sz=1040, trace=300728, nelems=0, elem type=jdk.internal.org.objectweb.asm.Item[]@5000118e)
OBJ 50001a84 (sz=56, trace=300729, class=jdk.internal.org.objectweb.asm.Item@5000118d)
OBJ 50001a85 (sz=56, trace=300730, class=jdk.internal.org.objectweb.asm.Item@5000118d)
OBJ 50001a86 (sz=56, trace=300731, class=jdk.internal.org.objectweb.asm.Item@5000118d)
OBJ 50001a87 (sz=56, trace=300732, class=jdk.internal.org.objectweb.asm.Item@5000118d)
OBJ 50001a88 (sz=56, trace=300733, class=jdk.internal.org.objectweb.asm.Item@5000118d)
OBJ 50001a89 (sz=56, trace=300734, class=jdk.internal.org.objectweb.asm.Item@5000118d)
OBJ 50001a8a (sz=56, trace=300733, class=jdk.internal.org.objectweb.asm.Item@5000118d)
OBJ 50001a8b (sz=56, trace=300735, class=jdk.internal.org.objectweb.asm.Item@5000118d)
ARR 50001a8c (sz=144, trace=300736, nelems=0, elem type=byte[])
OBJ 50001a8d (sz=56, trace=300737, class=jdk.internal.org.objectweb.asm.Item@5000118d)
OBJ 50001a8e (sz=24, trace=300685, class=java.util.Arrays$ArrayList@5000115f)
OBJ 50001a8f (sz=24, trace=300686, class=java.util.Collections$UnmodifiableRandomAccessList@500000ca)
OBJ 50001a90 (sz=24, trace=300738, class=java.lang.StringBuilder@50000118)
ARR 50001a91 (sz=48, trace=300739, nelems=0, elem type=char[])
OBJ 50001a92 (sz=24, trace=300740, class=java.util.Collections$UnmodifiableCollection$1@50001162)
OBJ 50001a93 (sz=32, trace=300690, class=java.util.AbstractList$Itr@50001164)
ARR 50001a94 (sz=48, trace=300741, nelems=0, elem type=char[])
OBJ 50001a95 (sz=24, trace=300742, class=java.lang.String@50000165)
ARR 50001a96 (sz=88, trace=300010, nelems=0, elem type=char[])
OBJ 50001a97 (sz=24, trace=300745, class=java.lang.String@50000165)
	value		50001a98
ARR 50001a98 (sz=42, trace=300746, nelems=21, elem type=char[])
OBJ 50001a99 (sz=224, trace=300748, class=jdk.internal.org.objectweb.asm.MethodWriter@500011ab)
OBJ 50001a9a (sz=24, trace=300749, class=jdk.internal.org.objectweb.asm.ByteVector@5000118a)
ARR 50001a9b (sz=80, trace=300750, nelems=0, elem type=byte[])
OBJ 50001a9c (sz=56, trace=300751, class=jdk.internal.org.objectweb.asm.Item@5000118d)
OBJ 50001a9d (sz=56, trace=300753, class=jdk.internal.org.objectweb.asm.Item@5000118d)
OBJ 50001a9e (sz=64, trace=300765, class=jdk.internal.org.objectweb.asm.Label@500011bc)
OBJ 50001a9f (sz=48, trace=300768, class=jdk.internal.org.objectweb.asm.Frame@500011be)
OBJ 50001aa0 (sz=24, trace=300769, class=jdk.internal.org.objectweb.asm.ByteVector@5000118a)
ARR 50001aa1 (sz=80, trace=300770, nelems=0, elem type=byte[])
ARR 50001aa2 (sz=272, trace=300779, nelems=0, elem type=byte[])
OBJ 50001aa3 (sz=56, trace=300771, class=jdk.internal.org.objectweb.asm.Item@5000118d)
OBJ 50001aa4 (sz=56, trace=300773, class=jdk.internal.org.objectweb.asm.AnnotationWriter@500011c5)
OBJ 50001aa5 (sz=24, trace=300774, class=jdk.internal.org.objectweb.asm.ByteVector@5000118a)
ARR 50001aa6 (sz=80, trace=300775, nelems=0, elem type=byte[])
OBJ 50001aa7 (sz=56, trace=300776, class=jdk.internal.org.objectweb.asm.Item@5000118d)
OBJ 50001aa8 (sz=56, trace=300773, class=jdk.internal.org.objectweb.asm.AnnotationWriter@500011c5)
OBJ 50001aa9 (sz=24, trace=300777, class=jdk.internal.org.objectweb.asm.ByteVector@5000118a)
ARR 50001aaa (sz=80, trace=300778, nelems=0, elem type=byte[])
OBJ 50001aab (sz=56, trace=300780, class=jdk.internal.org.objectweb.asm.Item@5000118d)
OBJ 50001aac (sz=56, trace=300773, class=jdk.internal.org.objectweb.asm.AnnotationWriter@500011c5)
OBJ 50001aad (sz=24, trace=300795, class=java.lang.String@50000165)
ARR 50001aae (sz=40, trace=300462, nelems=0, elem type=char[])
OBJ 50001aaf (sz=24, trace=300941, class=java.lang.StringBuilder@50000118)
ARR 50001ab0 (sz=48, trace=300942, nelems=0, elem type=char[])
ARR 50001ab1 (sz=88, trace=300010, nelems=0, elem type=char[])
OBJ 50001ab2 (sz=24, trace=300943, class=java.lang.String@50000165)
ARR 50001ab3 (sz=64, trace=300924, nelems=0, elem type=char[])
OBJ 50001ab4 (sz=56, trace=300925, class=jdk.internal.org.objectweb.asm.Item@5000118d)
OBJ 50001ab5 (sz=56, trace=300926, class=jdk.internal.org.objectweb.asm.Item@5000118d)
OBJ 50001ab6 (sz=32, trace=300945, class=java.lang.invoke.InvokerBytecodeGenerator$CpPatch@5000170e)
ARR 50001ab7 (sz=80, trace=300929, nelems=0, elem type=java.util.HashMap$Node[]@500000b9)
OBJ 50001ab8 (sz=32, trace=300239, class=java.util.HashMap$Node@500000bb)
OBJ 50001ab9 (sz=56, trace=300930, class=jdk.internal.org.objectweb.asm.Item@5000118d)
ARR 50001aba (sz=80, trace=300946, nelems=0, elem type=jdk.internal.org.objectweb.asm.Item[]@5000118e)
ARR 50001abb (sz=56, trace=300947, nelems=0, elem type=int[])
ARR 50001abc (sz=528, trace=300852, nelems=0, elem type=byte[])
OBJ 50001abd (sz=56, trace=300813, class=jdk.internal.org.objectweb.asm.Item@5000118d)
OBJ 50001abe (sz=56, trace=300814, class=jdk.internal.org.objectweb.asm.Item@5000118d)
OBJ 50001abf (sz=56, trace=300815, class=jdk.internal.org.objectweb.asm.Item@5000118d)
OBJ 50001ac0 (sz=24, trace=300685, class=java.util.Arrays$ArrayList@5000115f)
OBJ 50001ac1 (sz=24, trace=300686, class=java.util.Collections$UnmodifiableRandomAccessList@500000ca)
OBJ 50001ac2 (sz=24, trace=300738, class=java.lang.StringBuilder@50000118)
ARR 50001ac3 (sz=48, trace=300739, nelems=0, elem type=char[])
OBJ 50001ac4 (sz=24, trace=300740, class=java.util.Collections$UnmodifiableCollection$1@50001162)
OBJ 50001ac5 (sz=32, trace=300690, class=java.util.AbstractList$Itr@50001164)
OBJ 50001ac6 (sz=24, trace=300745, class=java.lang.String@50000165)
	value		50001ac7
ARR 50001ac7 (sz=8, trace=300746, nelems=4, elem type=char[])
OBJ 50001ac8 (sz=56, trace=300801, class=jdk.internal.org.objectweb.asm.Item@5000118d)
OBJ 50001ac9 (sz=56, trace=300802, class=jdk.internal.org.objectweb.asm.Item@5000118d)
OBJ 50001aca (sz=56, trace=300803, class=jdk.internal.org.objectweb.asm.Item@5000118d)
OBJ 50001acb (sz=56, trace=300948, class=jdk.internal.org.objectweb.asm.Item@5000118d)
OBJ 50001acc (sz=64, trace=300817, class=jdk.internal.org.objectweb.asm.Label@500011bc)
OBJ 50001acd (sz=48, trace=300818, class=jdk.internal.org.objectweb.asm.Frame@500011be)
ARR 50001ace (sz=64, trace=300819, nelems=0, elem type=char[])
ARR 50001acf (sz=24, trace=300820, nelems=0, elem type=jdk.internal.org.objectweb.asm.Type[]@50001222)
OBJ 50001ad0 (sz=32, trace=300821, class=jdk.internal.org.objectweb.asm.Type@500011b2)
ARR 50001ad1 (sz=24, trace=300822, nelems=0, elem type=int[])
ARR 50001ad2 (sz=16, trace=300823, nelems=0, elem type=int[])
OBJ 50001ad3 (sz=24, trace=300824, class=java.lang.StringBuffer@50000119)
ARR 50001ad4 (sz=48, trace=300825, nelems=0, elem type=char[])
ARR 50001ad5 (sz=88, trace=300826, nelems=0, elem type=char[])
ARR 50001ad6 (sz=56, trace=300827, nelems=0, elem type=char[])
OBJ 50001ad7 (sz=24, trace=300828, class=java.lang.String@50000165)
OBJ 50001ad8 (sz=24, trace=300829, class=java.lang.String@50000165)
ARR 50001ad9 (sz=48, trace=300806, nelems=0, elem type=char[])
OBJ 50001ada (sz=56, trace=300807, class=jdk.internal.org.objectweb.asm.Item@5000118d)
ARR 50001adb (sz=32, trace=300830, nelems=0, elem type=int[])
ARR 50001adc (sz=24, trace=300940, nelems=0, elem type=java.lang.Object[]@500000ff)
OBJ 50001add (sz=56, trace=300832, class=jdk.internal.org.objectweb.asm.Item@5000118d)
OBJ 50001ade (sz=56, trace=300833, class=jdk.internal.org.objectweb.asm.Item@5000118d)
OBJ 50001adf (sz=56, trace=300834, class=jdk.internal.org.objectweb.asm.Item@5000118d)
OBJ 50001ae0 (sz=24, trace=300835, class=jdk.internal.org.objectweb.asm.ByteVector@5000118a)
ARR 50001ae1 (sz=472, trace=300836, nelems=0, elem type=byte[])
ARR 50001ae2 (sz=104, trace=300837, nelems=0, elem type=java.lang.Object[]@500000ff)
OBJ 50001ae3 (sz=16, trace=300839, class=java.util.HashMap$Values@5000123e)
OBJ 50001ae4 (sz=40, trace=300841, class=java.util.HashMap$ValueIterator@50001241)
OBJ 50001ae6 (sz=56, trace=300843, class=java.lang.invoke.MemberName@50000124)
OBJ 50001ae7 (sz=32, trace=300937, class=java.lang.invoke.SimpleMethodHandle@50001094)
	type		50001060
	form		50001074
OBJ 50001ae8 (sz=24, trace=300696, class=java.lang.StringBuilder@50000118)
ARR 50001ae9 (sz=32, trace=300697, nelems=0, elem type=char[])
OBJ 50001aea (sz=24, trace=300698, class=java.lang.String@50000165)
ARR 50001aeb (sz=24, trace=300699, nelems=0, elem type=char[])
ARR 50001aec (sz=24, trace=300938, nelems=0, elem type=java.lang.Class[]@500000fa)
OBJ 50001aed (sz=40, trace=300701, class=java.lang.invoke.MethodType@50000121)
OBJ 50001aee (sz=32, trace=300443, class=java.lang.invoke.MethodType$ConcurrentWeakInternSet$WeakEntry@50000b5f)
OBJ 50001aef (sz=40, trace=300949, class=java.lang.invoke.MethodType@50000121)
	rtype		5000629d
	ptypes		50006fb8
	form		50001af0
	methodDescriptor	50001b1c
OBJ 50001af0 (sz=56, trace=300847, class=java.lang.invoke.MethodTypeForm@50000b5a)
	argToSlotTable	50001af2
	slotToArgTable	50001af1
	erasedType	50001aef
	basicType	50001aef
	methodHandles	50001af4
	lambdaForms	50001af3
ARR 50001af1 (sz=16, trace=300952, nelems=4, elem type=int[])
ARR 50001af2 (sz=12, trace=300953, nelems=3, elem type=int[])
ARR 50001af3 (sz=88, trace=300850, nelems=0, elem type=java.lang.ref.SoftReference[]@50000b68)
ARR 50001af4 (sz=32, trace=300851, nelems=0, elem type=java.lang.ref.SoftReference[]@50000b68)
OBJ 50001af5 (sz=32, trace=300452, class=java.lang.invoke.MethodType$ConcurrentWeakInternSet$WeakEntry@50000b5f)
	referent	50001aef
	queue		50000b52
OBJ 50001af6 (sz=32, trace=300454, class=java.util.concurrent.ConcurrentHashMap$Node@50000021)
	key		50001af5
	val		50001af5
	next		50001f39
OBJ 50001af7 (sz=64, trace=300704, class=java.lang.invoke.InvokerBytecodeGenerator@50001172)
OBJ 50001af8 (sz=48, trace=300705, class=java.util.HashMap@500000bd)
OBJ 50001af9 (sz=24, trace=300710, class=java.lang.StringBuilder@50000118)
ARR 50001afa (sz=48, trace=300711, nelems=0, elem type=char[])
ARR 50001afb (sz=88, trace=300010, nelems=0, elem type=char[])
OBJ 50001afc (sz=24, trace=300712, class=java.lang.String@50000165)
ARR 50001afd (sz=80, trace=300713, nelems=0, elem type=char[])
OBJ 50001afe (sz=24, trace=300714, class=java.lang.StringBuilder@50000118)
ARR 50001aff (sz=48, trace=300715, nelems=0, elem type=char[])
OBJ 50001b00 (sz=24, trace=300716, class=java.lang.String@50000165)
ARR 50001b01 (sz=48, trace=300717, nelems=0, elem type=char[])
ARR 50001b02 (sz=32, trace=300718, nelems=0, elem type=int[])
ARR 50001b03 (sz=32, trace=300719, nelems=0, elem type=java.lang.invoke.LambdaForm$BasicType[]@50000f60)
ARR 50001b04 (sz=32, trace=300720, nelems=0, elem type=java.lang.Class[]@500000fa)
OBJ 50001b05 (sz=168, trace=300723, class=jdk.internal.org.objectweb.asm.ClassWriter@50001187)
OBJ 50001b06 (sz=24, trace=300725, class=jdk.internal.org.objectweb.asm.ByteVector@5000118a)
ARR 50001b07 (sz=80, trace=300726, nelems=0, elem type=byte[])
ARR 50001b08 (sz=1040, trace=300728, nelems=0, elem type=jdk.internal.org.objectweb.asm.Item[]@5000118e)
OBJ 50001b09 (sz=56, trace=300729, class=jdk.internal.org.objectweb.asm.Item@5000118d)
OBJ 50001b0a (sz=56, trace=300730, class=jdk.internal.org.objectweb.asm.Item@5000118d)
OBJ 50001b0b (sz=56, trace=300731, class=jdk.internal.org.objectweb.asm.Item@5000118d)
OBJ 50001b0c (sz=56, trace=300732, class=jdk.internal.org.objectweb.asm.Item@5000118d)
OBJ 50001b0d (sz=56, trace=300733, class=jdk.internal.org.objectweb.asm.Item@5000118d)
OBJ 50001b0e (sz=56, trace=300734, class=jdk.internal.org.objectweb.asm.Item@5000118d)
OBJ 50001b0f (sz=56, trace=300733, class=jdk.internal.org.objectweb.asm.Item@5000118d)
OBJ 50001b10 (sz=56, trace=300735, class=jdk.internal.org.objectweb.asm.Item@5000118d)
ARR 50001b11 (sz=144, trace=300736, nelems=0, elem type=byte[])
OBJ 50001b12 (sz=56, trace=300737, class=jdk.internal.org.objectweb.asm.Item@5000118d)
OBJ 50001b13 (sz=24, trace=300685, class=java.util.Arrays$ArrayList@5000115f)
OBJ 50001b14 (sz=24, trace=300686, class=java.util.Collections$UnmodifiableRandomAccessList@500000ca)
OBJ 50001b15 (sz=24, trace=300738, class=java.lang.StringBuilder@50000118)
ARR 50001b16 (sz=48, trace=300739, nelems=0, elem type=char[])
OBJ 50001b17 (sz=24, trace=300740, class=java.util.Collections$UnmodifiableCollection$1@50001162)
OBJ 50001b18 (sz=32, trace=300690, class=java.util.AbstractList$Itr@50001164)
ARR 50001b19 (sz=48, trace=300741, nelems=0, elem type=char[])
OBJ 50001b1a (sz=24, trace=300742, class=java.lang.String@50000165)
ARR 50001b1b (sz=88, trace=300010, nelems=0, elem type=char[])
OBJ 50001b1c (sz=24, trace=300745, class=java.lang.String@50000165)
	value		50001b1d
ARR 50001b1d (sz=44, trace=300746, nelems=22, elem type=char[])
OBJ 50001b1e (sz=224, trace=300748, class=jdk.internal.org.objectweb.asm.MethodWriter@500011ab)
OBJ 50001b1f (sz=24, trace=300749, class=jdk.internal.org.objectweb.asm.ByteVector@5000118a)
ARR 50001b20 (sz=80, trace=300750, nelems=0, elem type=byte[])
OBJ 50001b21 (sz=56, trace=300751, class=jdk.internal.org.objectweb.asm.Item@5000118d)
OBJ 50001b22 (sz=56, trace=300753, class=jdk.internal.org.objectweb.asm.Item@5000118d)
OBJ 50001b23 (sz=64, trace=300765, class=jdk.internal.org.objectweb.asm.Label@500011bc)
OBJ 50001b24 (sz=48, trace=300768, class=jdk.internal.org.objectweb.asm.Frame@500011be)
OBJ 50001b25 (sz=24, trace=300769, class=jdk.internal.org.objectweb.asm.ByteVector@5000118a)
ARR 50001b26 (sz=80, trace=300770, nelems=0, elem type=byte[])
ARR 50001b27 (sz=272, trace=300779, nelems=0, elem type=byte[])
OBJ 50001b28 (sz=56, trace=300771, class=jdk.internal.org.objectweb.asm.Item@5000118d)
OBJ 50001b29 (sz=56, trace=300773, class=jdk.internal.org.objectweb.asm.AnnotationWriter@500011c5)
OBJ 50001b2a (sz=24, trace=300774, class=jdk.internal.org.objectweb.asm.ByteVector@5000118a)
ARR 50001b2b (sz=80, trace=300775, nelems=0, elem type=byte[])
OBJ 50001b2c (sz=56, trace=300776, class=jdk.internal.org.objectweb.asm.Item@5000118d)
OBJ 50001b2d (sz=56, trace=300773, class=jdk.internal.org.objectweb.asm.AnnotationWriter@500011c5)
OBJ 50001b2e (sz=24, trace=300777, class=jdk.internal.org.objectweb.asm.ByteVector@5000118a)
ARR 50001b2f (sz=80, trace=300778, nelems=0, elem type=byte[])
OBJ 50001b30 (sz=56, trace=300780, class=jdk.internal.org.objectweb.asm.Item@5000118d)
OBJ 50001b31 (sz=56, trace=300773, class=jdk.internal.org.objectweb.asm.AnnotationWriter@500011c5)
ARR 50001b32 (sz=56, trace=300956, nelems=0, elem type=int[])
OBJ 50001b33 (sz=64, trace=300817, class=jdk.internal.org.objectweb.asm.Label@500011bc)
OBJ 50001b34 (sz=48, trace=300818, class=jdk.internal.org.objectweb.asm.Frame@500011be)
ARR 50001b35 (sz=64, trace=300819, nelems=0, elem type=char[])
ARR 50001b36 (sz=24, trace=300820, nelems=0, elem type=jdk.internal.org.objectweb.asm.Type[]@50001222)
OBJ 50001b37 (sz=32, trace=300821, class=jdk.internal.org.objectweb.asm.Type@500011b2)
ARR 50001b38 (sz=32, trace=300822, nelems=0, elem type=int[])
ARR 50001b39 (sz=16, trace=300823, nelems=0, elem type=int[])
OBJ 50001b3a (sz=24, trace=300824, class=java.lang.StringBuffer@50000119)
ARR 50001b3b (sz=48, trace=300825, nelems=0, elem type=char[])
ARR 50001b3c (sz=88, trace=300826, nelems=0, elem type=char[])
ARR 50001b3d (sz=56, trace=300827, nelems=0, elem type=char[])
OBJ 50001b3e (sz=24, trace=300828, class=java.lang.String@50000165)
OBJ 50001b3f (sz=24, trace=300829, class=java.lang.String@50000165)
ARR 50001b40 (sz=48, trace=300806, nelems=0, elem type=char[])
OBJ 50001b41 (sz=56, trace=300807, class=jdk.internal.org.objectweb.asm.Item@5000118d)
ARR 50001b42 (sz=80, trace=300939, nelems=0, elem type=jdk.internal.org.objectweb.asm.Item[]@5000118e)
OBJ 50001b43 (sz=24, trace=300824, class=java.lang.StringBuffer@50000119)
ARR 50001b44 (sz=48, trace=300825, nelems=0, elem type=char[])
ARR 50001b45 (sz=24, trace=300827, nelems=0, elem type=char[])
OBJ 50001b46 (sz=24, trace=300828, class=java.lang.String@50000165)
ARR 50001b47 (sz=40, trace=300830, nelems=0, elem type=int[])
ARR 50001b48 (sz=24, trace=300940, nelems=0, elem type=java.lang.Object[]@500000ff)
OBJ 50001b49 (sz=56, trace=300832, class=jdk.internal.org.objectweb.asm.Item@5000118d)
ARR 50001b4a (sz=528, trace=300951, nelems=0, elem type=byte[])
OBJ 50001b4b (sz=56, trace=300833, class=jdk.internal.org.objectweb.asm.Item@5000118d)
OBJ 50001b4c (sz=56, trace=300834, class=jdk.internal.org.objectweb.asm.Item@5000118d)
OBJ 50001b4d (sz=24, trace=300835, class=jdk.internal.org.objectweb.asm.ByteVector@5000118a)
ARR 50001b4e (sz=376, trace=300836, nelems=0, elem type=byte[])
ARR 50001b4f (sz=72, trace=300837, nelems=0, elem type=java.lang.Object[]@500000ff)
OBJ 50001b50 (sz=16, trace=300839, class=java.util.HashMap$Values@5000123e)
OBJ 50001b51 (sz=40, trace=300841, class=java.util.HashMap$ValueIterator@50001241)
OBJ 50001b53 (sz=56, trace=300843, class=java.lang.invoke.MemberName@50000124)
OBJ 50001b54 (sz=32, trace=300937, class=java.lang.invoke.SimpleMethodHandle@50001094)
	type		50001055
	form		5000107a
OBJ 50001b55 (sz=24, trace=300696, class=java.lang.StringBuilder@50000118)
ARR 50001b56 (sz=24, trace=300697, nelems=0, elem type=char[])
OBJ 50001b57 (sz=24, trace=300698, class=java.lang.String@50000165)
ARR 50001b58 (sz=24, trace=300699, nelems=0, elem type=char[])
ARR 50001b59 (sz=24, trace=300938, nelems=0, elem type=java.lang.Class[]@500000fa)
OBJ 50001b5a (sz=40, trace=300701, class=java.lang.invoke.MethodType@50000121)
OBJ 50001b5b (sz=32, trace=300443, class=java.lang.invoke.MethodType$ConcurrentWeakInternSet$WeakEntry@50000b5f)
OBJ 50001b5c (sz=40, trace=300949, class=java.lang.invoke.MethodType@50000121)
	rtype		5000629d
	ptypes		50006fc6
	form		50001b5d
	methodDescriptor	50001b89
OBJ 50001b5d (sz=56, trace=300847, class=java.lang.invoke.MethodTypeForm@50000b5a)
	argToSlotTable	50001b5f
	slotToArgTable	50001b5e
	erasedType	50001b5c
	basicType	50001b5c
	methodHandles	50001b61
	lambdaForms	50001b60
ARR 50001b5e (sz=8, trace=300848, nelems=2, elem type=int[])
ARR 50001b5f (sz=8, trace=300849, nelems=2, elem type=int[])
ARR 50001b60 (sz=88, trace=300850, nelems=0, elem type=java.lang.ref.SoftReference[]@50000b68)
ARR 50001b61 (sz=32, trace=300851, nelems=0, elem type=java.lang.ref.SoftReference[]@50000b68)
OBJ 50001b62 (sz=32, trace=300452, class=java.lang.invoke.MethodType$ConcurrentWeakInternSet$WeakEntry@50000b5f)
	referent	50001b5c
	queue		50000b52
OBJ 50001b63 (sz=32, trace=300454, class=java.util.concurrent.ConcurrentHashMap$Node@50000021)
	key		50001b62
	val		50001b62
OBJ 50001b64 (sz=64, trace=300704, class=java.lang.invoke.InvokerBytecodeGenerator@50001172)
OBJ 50001b65 (sz=48, trace=300705, class=java.util.HashMap@500000bd)
OBJ 50001b66 (sz=24, trace=300710, class=java.lang.StringBuilder@50000118)
ARR 50001b67 (sz=48, trace=300711, nelems=0, elem type=char[])
ARR 50001b68 (sz=88, trace=300010, nelems=0, elem type=char[])
OBJ 50001b69 (sz=24, trace=300712, class=java.lang.String@50000165)
ARR 50001b6a (sz=80, trace=300713, nelems=0, elem type=char[])
OBJ 50001b6b (sz=24, trace=300714, class=java.lang.StringBuilder@50000118)
ARR 50001b6c (sz=48, trace=300715, nelems=0, elem type=char[])
OBJ 50001b6d (sz=24, trace=300716, class=java.lang.String@50000165)
ARR 50001b6e (sz=48, trace=300717, nelems=0, elem type=char[])
ARR 50001b6f (sz=32, trace=300718, nelems=0, elem type=int[])
ARR 50001b70 (sz=32, trace=300719, nelems=0, elem type=java.lang.invoke.LambdaForm$BasicType[]@50000f60)
ARR 50001b71 (sz=32, trace=300720, nelems=0, elem type=java.lang.Class[]@500000fa)
OBJ 50001b72 (sz=168, trace=300723, class=jdk.internal.org.objectweb.asm.ClassWriter@50001187)
OBJ 50001b73 (sz=24, trace=300725, class=jdk.internal.org.objectweb.asm.ByteVector@5000118a)
ARR 50001b74 (sz=80, trace=300726, nelems=0, elem type=byte[])
ARR 50001b75 (sz=1040, trace=300728, nelems=0, elem type=jdk.internal.org.objectweb.asm.Item[]@5000118e)
OBJ 50001b76 (sz=56, trace=300729, class=jdk.internal.org.objectweb.asm.Item@5000118d)
OBJ 50001b77 (sz=56, trace=300730, class=jdk.internal.org.objectweb.asm.Item@5000118d)
OBJ 50001b78 (sz=56, trace=300731, class=jdk.internal.org.objectweb.asm.Item@5000118d)
OBJ 50001b79 (sz=56, trace=300732, class=jdk.internal.org.objectweb.asm.Item@5000118d)
OBJ 50001b7a (sz=56, trace=300733, class=jdk.internal.org.objectweb.asm.Item@5000118d)
OBJ 50001b7b (sz=56, trace=300734, class=jdk.internal.org.objectweb.asm.Item@5000118d)
OBJ 50001b7c (sz=56, trace=300733, class=jdk.internal.org.objectweb.asm.Item@5000118d)
OBJ 50001b7d (sz=56, trace=300735, class=jdk.internal.org.objectweb.asm.Item@5000118d)
ARR 50001b7e (sz=144, trace=300736, nelems=0, elem type=byte[])
OBJ 50001b7f (sz=56, trace=300737, class=jdk.internal.org.objectweb.asm.Item@5000118d)
OBJ 50001b80 (sz=24, trace=300685, class=java.util.Arrays$ArrayList@5000115f)
OBJ 50001b81 (sz=24, trace=300686, class=java.util.Collections$UnmodifiableRandomAccessList@500000ca)
OBJ 50001b82 (sz=24, trace=300738, class=java.lang.StringBuilder@50000118)
ARR 50001b83 (sz=48, trace=300739, nelems=0, elem type=char[])
OBJ 50001b84 (sz=24, trace=300740, class=java.util.Collections$UnmodifiableCollection$1@50001162)
OBJ 50001b85 (sz=32, trace=300690, class=java.util.AbstractList$Itr@50001164)
ARR 50001b86 (sz=48, trace=300741, nelems=0, elem type=char[])
OBJ 50001b87 (sz=24, trace=300742, class=java.lang.String@50000165)
ARR 50001b88 (sz=88, trace=300010, nelems=0, elem type=char[])
OBJ 50001b89 (sz=24, trace=300745, class=java.lang.String@50000165)
	value		50001b8a
ARR 50001b8a (sz=42, trace=300746, nelems=21, elem type=char[])
OBJ 50001b8b (sz=224, trace=300748, class=jdk.internal.org.objectweb.asm.MethodWriter@500011ab)
OBJ 50001b8c (sz=24, trace=300749, class=jdk.internal.org.objectweb.asm.ByteVector@5000118a)
ARR 50001b8d (sz=80, trace=300750, nelems=0, elem type=byte[])
OBJ 50001b8e (sz=56, trace=300751, class=jdk.internal.org.objectweb.asm.Item@5000118d)
OBJ 50001b8f (sz=56, trace=300753, class=jdk.internal.org.objectweb.asm.Item@5000118d)
OBJ 50001b90 (sz=64, trace=300765, class=jdk.internal.org.objectweb.asm.Label@500011bc)
OBJ 50001b91 (sz=48, trace=300768, class=jdk.internal.org.objectweb.asm.Frame@500011be)
OBJ 50001b92 (sz=24, trace=300769, class=jdk.internal.org.objectweb.asm.ByteVector@5000118a)
ARR 50001b93 (sz=80, trace=300770, nelems=0, elem type=byte[])
ARR 50001b94 (sz=272, trace=300779, nelems=0, elem type=byte[])
OBJ 50001b95 (sz=56, trace=300771, class=jdk.internal.org.objectweb.asm.Item@5000118d)
OBJ 50001b96 (sz=56, trace=300773, class=jdk.internal.org.objectweb.asm.AnnotationWriter@500011c5)
OBJ 50001b97 (sz=24, trace=300774, class=jdk.internal.org.objectweb.asm.ByteVector@5000118a)
ARR 50001b98 (sz=80, trace=300775, nelems=0, elem type=byte[])
OBJ 50001b99 (sz=56, trace=300776, class=jdk.internal.org.objectweb.asm.Item@5000118d)
OBJ 50001b9a (sz=56, trace=300773, class=jdk.internal.org.objectweb.asm.AnnotationWriter@500011c5)
OBJ 50001b9b (sz=24, trace=300777, class=jdk.internal.org.objectweb.asm.ByteVector@5000118a)
ARR 50001b9c (sz=80, trace=300778, nelems=0, elem type=byte[])
OBJ 50001b9d (sz=56, trace=300780, class=jdk.internal.org.objectweb.asm.Item@5000118d)
OBJ 50001b9e (sz=56, trace=300773, class=jdk.internal.org.objectweb.asm.AnnotationWriter@500011c5)
OBJ 50001b9f (sz=24, trace=300795, class=java.lang.String@50000165)
ARR 50001ba0 (sz=40, trace=300462, nelems=0, elem type=char[])
OBJ 50001ba1 (sz=24, trace=300941, class=java.lang.StringBuilder@50000118)
ARR 50001ba2 (sz=48, trace=300942, nelems=0, elem type=char[])
ARR 50001ba3 (sz=88, trace=300010, nelems=0, elem type=char[])
OBJ 50001ba4 (sz=24, trace=300943, class=java.lang.String@50000165)
ARR 50001ba5 (sz=64, trace=300924, nelems=0, elem type=char[])
OBJ 50001ba6 (sz=56, trace=300925, class=jdk.internal.org.objectweb.asm.Item@5000118d)
OBJ 50001ba7 (sz=56, trace=300926, class=jdk.internal.org.objectweb.asm.Item@5000118d)
OBJ 50001ba8 (sz=32, trace=300945, class=java.lang.invoke.InvokerBytecodeGenerator$CpPatch@5000170e)
ARR 50001ba9 (sz=80, trace=300929, nelems=0, elem type=java.util.HashMap$Node[]@500000b9)
OBJ 50001baa (sz=32, trace=300239, class=java.util.HashMap$Node@500000bb)
OBJ 50001bab (sz=56, trace=300930, class=jdk.internal.org.objectweb.asm.Item@5000118d)
ARR 50001bac (sz=80, trace=300946, nelems=0, elem type=jdk.internal.org.objectweb.asm.Item[]@5000118e)
ARR 50001bad (sz=56, trace=300947, nelems=0, elem type=int[])
ARR 50001bae (sz=528, trace=300852, nelems=0, elem type=byte[])
OBJ 50001baf (sz=56, trace=300813, class=jdk.internal.org.objectweb.asm.Item@5000118d)
OBJ 50001bb0 (sz=56, trace=300814, class=jdk.internal.org.objectweb.asm.Item@5000118d)
OBJ 50001bb1 (sz=56, trace=300815, class=jdk.internal.org.objectweb.asm.Item@5000118d)
OBJ 50001bb2 (sz=24, trace=300685, class=java.util.Arrays$ArrayList@5000115f)
OBJ 50001bb3 (sz=24, trace=300686, class=java.util.Collections$UnmodifiableRandomAccessList@500000ca)
OBJ 50001bb4 (sz=24, trace=300738, class=java.lang.StringBuilder@50000118)
ARR 50001bb5 (sz=48, trace=300739, nelems=0, elem type=char[])
OBJ 50001bb6 (sz=24, trace=300740, class=java.util.Collections$UnmodifiableCollection$1@50001162)
OBJ 50001bb7 (sz=32, trace=300690, class=java.util.AbstractList$Itr@50001164)
OBJ 50001bb8 (sz=24, trace=300745, class=java.lang.String@50000165)
	value		50001bb9
ARR 50001bb9 (sz=8, trace=300746, nelems=4, elem type=char[])
OBJ 50001bba (sz=56, trace=300801, class=jdk.internal.org.objectweb.asm.Item@5000118d)
OBJ 50001bbb (sz=56, trace=300802, class=jdk.internal.org.objectweb.asm.Item@5000118d)
OBJ 50001bbc (sz=56, trace=300803, class=jdk.internal.org.objectweb.asm.Item@5000118d)
OBJ 50001bbd (sz=56, trace=300948, class=jdk.internal.org.objectweb.asm.Item@5000118d)
OBJ 50001bbe (sz=64, trace=300817, class=jdk.internal.org.objectweb.asm.Label@500011bc)
OBJ 50001bbf (sz=48, trace=300818, class=jdk.internal.org.objectweb.asm.Frame@500011be)
ARR 50001bc0 (sz=64, trace=300819, nelems=0, elem type=char[])
ARR 50001bc1 (sz=24, trace=300820, nelems=0, elem type=jdk.internal.org.objectweb.asm.Type[]@50001222)
OBJ 50001bc2 (sz=32, trace=300821, class=jdk.internal.org.objectweb.asm.Type@500011b2)
ARR 50001bc3 (sz=24, trace=300822, nelems=0, elem type=int[])
ARR 50001bc4 (sz=16, trace=300823, nelems=0, elem type=int[])
OBJ 50001bc5 (sz=24, trace=300824, class=java.lang.StringBuffer@50000119)
ARR 50001bc6 (sz=48, trace=300825, nelems=0, elem type=char[])
ARR 50001bc7 (sz=88, trace=300826, nelems=0, elem type=char[])
ARR 50001bc8 (sz=56, trace=300827, nelems=0, elem type=char[])
OBJ 50001bc9 (sz=24, trace=300828, class=java.lang.String@50000165)
OBJ 50001bca (sz=24, trace=300829, class=java.lang.String@50000165)
ARR 50001bcb (sz=48, trace=300806, nelems=0, elem type=char[])
OBJ 50001bcc (sz=56, trace=300807, class=jdk.internal.org.objectweb.asm.Item@5000118d)
ARR 50001bcd (sz=32, trace=300830, nelems=0, elem type=int[])
ARR 50001bce (sz=24, trace=300940, nelems=0, elem type=java.lang.Object[]@500000ff)
OBJ 50001bcf (sz=56, trace=300832, class=jdk.internal.org.objectweb.asm.Item@5000118d)
OBJ 50001bd0 (sz=56, trace=300833, class=jdk.internal.org.objectweb.asm.Item@5000118d)
OBJ 50001bd1 (sz=56, trace=300834, class=jdk.internal.org.objectweb.asm.Item@5000118d)
OBJ 50001bd2 (sz=24, trace=300835, class=jdk.internal.org.objectweb.asm.ByteVector@5000118a)
ARR 50001bd3 (sz=472, trace=300836, nelems=0, elem type=byte[])
ARR 50001bd4 (sz=104, trace=300837, nelems=0, elem type=java.lang.Object[]@500000ff)
OBJ 50001bd5 (sz=16, trace=300839, class=java.util.HashMap$Values@5000123e)
OBJ 50001bd6 (sz=40, trace=300841, class=java.util.HashMap$ValueIterator@50001241)
OBJ 50001bd8 (sz=56, trace=300843, class=java.lang.invoke.MemberName@50000124)
OBJ 50001bd9 (sz=32, trace=300937, class=java.lang.invoke.SimpleMethodHandle@50001094)
	type		5000107d
	form		50001091
OBJ 50001bda (sz=24, trace=300696, class=java.lang.StringBuilder@50000118)
ARR 50001bdb (sz=24, trace=300697, nelems=0, elem type=char[])
OBJ 50001bdc (sz=24, trace=300698, class=java.lang.String@50000165)
ARR 50001bdd (sz=24, trace=300699, nelems=0, elem type=char[])
ARR 50001bde (sz=24, trace=300938, nelems=0, elem type=java.lang.Class[]@500000fa)
OBJ 50001bdf (sz=40, trace=300701, class=java.lang.invoke.MethodType@50000121)
OBJ 50001be0 (sz=32, trace=300443, class=java.lang.invoke.MethodType$ConcurrentWeakInternSet$WeakEntry@50000b5f)
OBJ 50001be1 (sz=64, trace=300704, class=java.lang.invoke.InvokerBytecodeGenerator@50001172)
OBJ 50001be2 (sz=48, trace=300705, class=java.util.HashMap@500000bd)
OBJ 50001be3 (sz=24, trace=300710, class=java.lang.StringBuilder@50000118)
ARR 50001be4 (sz=48, trace=300711, nelems=0, elem type=char[])
ARR 50001be5 (sz=88, trace=300010, nelems=0, elem type=char[])
OBJ 50001be6 (sz=24, trace=300712, class=java.lang.String@50000165)
ARR 50001be7 (sz=80, trace=300713, nelems=0, elem type=char[])
OBJ 50001be8 (sz=24, trace=300714, class=java.lang.StringBuilder@50000118)
ARR 50001be9 (sz=48, trace=300715, nelems=0, elem type=char[])
OBJ 50001bea (sz=24, trace=300716, class=java.lang.String@50000165)
ARR 50001beb (sz=48, trace=300717, nelems=0, elem type=char[])
ARR 50001bec (sz=24, trace=300718, nelems=0, elem type=int[])
ARR 50001bed (sz=24, trace=300719, nelems=0, elem type=java.lang.invoke.LambdaForm$BasicType[]@50000f60)
ARR 50001bee (sz=24, trace=300720, nelems=0, elem type=java.lang.Class[]@500000fa)
OBJ 50001bef (sz=168, trace=300723, class=jdk.internal.org.objectweb.asm.ClassWriter@50001187)
OBJ 50001bf0 (sz=24, trace=300725, class=jdk.internal.org.objectweb.asm.ByteVector@5000118a)
ARR 50001bf1 (sz=80, trace=300726, nelems=0, elem type=byte[])
ARR 50001bf2 (sz=1040, trace=300728, nelems=0, elem type=jdk.internal.org.objectweb.asm.Item[]@5000118e)
OBJ 50001bf3 (sz=56, trace=300729, class=jdk.internal.org.objectweb.asm.Item@5000118d)
OBJ 50001bf4 (sz=56, trace=300730, class=jdk.internal.org.objectweb.asm.Item@5000118d)
OBJ 50001bf5 (sz=56, trace=300731, class=jdk.internal.org.objectweb.asm.Item@5000118d)
OBJ 50001bf6 (sz=56, trace=300732, class=jdk.internal.org.objectweb.asm.Item@5000118d)
OBJ 50001bf7 (sz=56, trace=300733, class=jdk.internal.org.objectweb.asm.Item@5000118d)
OBJ 50001bf8 (sz=56, trace=300734, class=jdk.internal.org.objectweb.asm.Item@5000118d)
OBJ 50001bf9 (sz=56, trace=300733, class=jdk.internal.org.objectweb.asm.Item@5000118d)
OBJ 50001bfa (sz=56, trace=300735, class=jdk.internal.org.objectweb.asm.Item@5000118d)
ARR 50001bfb (sz=144, trace=300736, nelems=0, elem type=byte[])
OBJ 50001bfc (sz=56, trace=300737, class=jdk.internal.org.objectweb.asm.Item@5000118d)
OBJ 50001bfd (sz=24, trace=300685, class=java.util.Arrays$ArrayList@5000115f)
OBJ 50001bfe (sz=24, trace=300686, class=java.util.Collections$UnmodifiableRandomAccessList@500000ca)
OBJ 50001bff (sz=24, trace=300738, class=java.lang.StringBuilder@50000118)
ARR 50001c00 (sz=48, trace=300739, nelems=0, elem type=char[])
OBJ 50001c01 (sz=24, trace=300740, class=java.util.Collections$UnmodifiableCollection$1@50001162)
OBJ 50001c02 (sz=32, trace=300690, class=java.util.AbstractList$Itr@50001164)
ARR 50001c03 (sz=48, trace=300741, nelems=0, elem type=char[])
OBJ 50001c04 (sz=24, trace=300742, class=java.lang.String@50000165)
ARR 50001c05 (sz=88, trace=300010, nelems=0, elem type=char[])
OBJ 50001c06 (sz=24, trace=300745, class=java.lang.String@50000165)
	value		50001c07
ARR 50001c07 (sz=42, trace=300746, nelems=21, elem type=char[])
OBJ 50001c08 (sz=224, trace=300748, class=jdk.internal.org.objectweb.asm.MethodWriter@500011ab)
OBJ 50001c09 (sz=24, trace=300749, class=jdk.internal.org.objectweb.asm.ByteVector@5000118a)
ARR 50001c0a (sz=80, trace=300750, nelems=0, elem type=byte[])
OBJ 50001c0b (sz=56, trace=300751, class=jdk.internal.org.objectweb.asm.Item@5000118d)
OBJ 50001c0c (sz=56, trace=300753, class=jdk.internal.org.objectweb.asm.Item@5000118d)
OBJ 50001c0d (sz=64, trace=300765, class=jdk.internal.org.objectweb.asm.Label@500011bc)
OBJ 50001c0e (sz=48, trace=300768, class=jdk.internal.org.objectweb.asm.Frame@500011be)
OBJ 50001c0f (sz=24, trace=300769, class=jdk.internal.org.objectweb.asm.ByteVector@5000118a)
ARR 50001c10 (sz=80, trace=300770, nelems=0, elem type=byte[])
ARR 50001c11 (sz=272, trace=300779, nelems=0, elem type=byte[])
OBJ 50001c12 (sz=56, trace=300771, class=jdk.internal.org.objectweb.asm.Item@5000118d)
OBJ 50001c13 (sz=56, trace=300773, class=jdk.internal.org.objectweb.asm.AnnotationWriter@500011c5)
OBJ 50001c14 (sz=24, trace=300774, class=jdk.internal.org.objectweb.asm.ByteVector@5000118a)
ARR 50001c15 (sz=80, trace=300775, nelems=0, elem type=byte[])
OBJ 50001c16 (sz=56, trace=300776, class=jdk.internal.org.objectweb.asm.Item@5000118d)
OBJ 50001c17 (sz=56, trace=300773, class=jdk.internal.org.objectweb.asm.AnnotationWriter@500011c5)
OBJ 50001c18 (sz=24, trace=300777, class=jdk.internal.org.objectweb.asm.ByteVector@5000118a)
ARR 50001c19 (sz=80, trace=300778, nelems=0, elem type=byte[])
OBJ 50001c1a (sz=56, trace=300780, class=jdk.internal.org.objectweb.asm.Item@5000118d)
OBJ 50001c1b (sz=56, trace=300773, class=jdk.internal.org.objectweb.asm.AnnotationWriter@500011c5)
OBJ 50001c1c (sz=64, trace=300853, class=jdk.internal.org.objectweb.asm.Label@500011bc)
OBJ 50001c1d (sz=48, trace=300854, class=jdk.internal.org.objectweb.asm.Frame@500011be)
ARR 50001c1e (sz=64, trace=300819, nelems=0, elem type=char[])
ARR 50001c1f (sz=24, trace=300820, nelems=0, elem type=jdk.internal.org.objectweb.asm.Type[]@50001222)
OBJ 50001c20 (sz=32, trace=300821, class=jdk.internal.org.objectweb.asm.Type@500011b2)
ARR 50001c21 (sz=24, trace=300822, nelems=0, elem type=int[])
ARR 50001c22 (sz=16, trace=300823, nelems=0, elem type=int[])
OBJ 50001c23 (sz=24, trace=300824, class=java.lang.StringBuffer@50000119)
ARR 50001c24 (sz=48, trace=300825, nelems=0, elem type=char[])
ARR 50001c25 (sz=88, trace=300826, nelems=0, elem type=char[])
ARR 50001c26 (sz=56, trace=300827, nelems=0, elem type=char[])
OBJ 50001c27 (sz=24, trace=300828, class=java.lang.String@50000165)
OBJ 50001c28 (sz=24, trace=300829, class=java.lang.String@50000165)
ARR 50001c29 (sz=48, trace=300806, nelems=0, elem type=char[])
OBJ 50001c2a (sz=56, trace=300807, class=jdk.internal.org.objectweb.asm.Item@5000118d)
ARR 50001c2b (sz=80, trace=300939, nelems=0, elem type=jdk.internal.org.objectweb.asm.Item[]@5000118e)
ARR 50001c2c (sz=32, trace=300830, nelems=0, elem type=int[])
ARR 50001c2d (sz=24, trace=300940, nelems=0, elem type=java.lang.Object[]@500000ff)
OBJ 50001c2e (sz=56, trace=300832, class=jdk.internal.org.objectweb.asm.Item@5000118d)
ARR 50001c2f (sz=528, trace=300951, nelems=0, elem type=byte[])
OBJ 50001c30 (sz=56, trace=300833, class=jdk.internal.org.objectweb.asm.Item@5000118d)
OBJ 50001c31 (sz=56, trace=300834, class=jdk.internal.org.objectweb.asm.Item@5000118d)
OBJ 50001c32 (sz=24, trace=300835, class=jdk.internal.org.objectweb.asm.ByteVector@5000118a)
ARR 50001c33 (sz=368, trace=300836, nelems=0, elem type=byte[])
ARR 50001c34 (sz=72, trace=300837, nelems=0, elem type=java.lang.Object[]@500000ff)
OBJ 50001c35 (sz=16, trace=300839, class=java.util.HashMap$Values@5000123e)
OBJ 50001c36 (sz=40, trace=300841, class=java.util.HashMap$ValueIterator@50001241)
OBJ 50001c38 (sz=56, trace=300843, class=java.lang.invoke.MemberName@50000124)
OBJ 50001c39 (sz=32, trace=300937, class=java.lang.invoke.SimpleMethodHandle@50001094)
	type		5000107d
	form		50001091
ARR 50001c3b (sz=56, trace=300957, nelems=0, elem type=java.lang.invoke.MemberName[]@50001c3a)
OBJ 50001c3c (sz=56, trace=300958, class=java.lang.invoke.MemberName@50000124)
OBJ 50001c3d (sz=56, trace=300958, class=java.lang.invoke.MemberName@50000124)
OBJ 50001c3e (sz=56, trace=300958, class=java.lang.invoke.MemberName@50000124)
OBJ 50001c3f (sz=56, trace=300958, class=java.lang.invoke.MemberName@50000124)
OBJ 50001c40 (sz=56, trace=300958, class=java.lang.invoke.MemberName@50000124)
OBJ 50001c41 (sz=56, trace=300958, class=java.lang.invoke.MemberName@50000124)
OBJ 50001c42 (sz=56, trace=300958, class=java.lang.invoke.MemberName@50000124)
OBJ 50001c43 (sz=56, trace=300958, class=java.lang.invoke.MemberName@50000124)
OBJ 50001c44 (sz=56, trace=300958, class=java.lang.invoke.MemberName@50000124)
OBJ 50001c45 (sz=56, trace=300958, class=java.lang.invoke.MemberName@50000124)
OBJ 50001c46 (sz=24, trace=300959, class=java.util.ArrayList@500000d4)
ARR 50001c47 (sz=24, trace=300960, nelems=0, elem type=java.lang.Object[]@500000ff)
ARR 50001c48 (sz=304, trace=300961, nelems=0, elem type=java.lang.invoke.MemberName[]@50001c3a)
OBJ 50001c49 (sz=56, trace=300962, class=java.lang.invoke.MemberName@50000124)
OBJ 50001c4a (sz=56, trace=300962, class=java.lang.invoke.MemberName@50000124)
OBJ 50001c4b (sz=56, trace=300962, class=java.lang.invoke.MemberName@50000124)
OBJ 50001c4c (sz=56, trace=300962, class=java.lang.invoke.MemberName@50000124)
OBJ 50001c4d (sz=56, trace=300962, class=java.lang.invoke.MemberName@50000124)
OBJ 50001c4e (sz=56, trace=300962, class=java.lang.invoke.MemberName@50000124)
OBJ 50001c4f (sz=56, trace=300962, class=java.lang.invoke.MemberName@50000124)
OBJ 50001c50 (sz=56, trace=300962, class=java.lang.invoke.MemberName@50000124)
OBJ 50001c51 (sz=56, trace=300962, class=java.lang.invoke.MemberName@50000124)
OBJ 50001c52 (sz=56, trace=300962, class=java.lang.invoke.MemberName@50000124)
OBJ 50001c53 (sz=56, trace=300962, class=java.lang.invoke.MemberName@50000124)
OBJ 50001c54 (sz=56, trace=300962, class=java.lang.invoke.MemberName@50000124)
OBJ 50001c55 (sz=56, trace=300962, class=java.lang.invoke.MemberName@50000124)
OBJ 50001c56 (sz=56, trace=300962, class=java.lang.invoke.MemberName@50000124)
OBJ 50001c57 (sz=56, trace=300962, class=java.lang.invoke.MemberName@50000124)
OBJ 50001c58 (sz=56, trace=300962, class=java.lang.invoke.MemberName@50000124)
OBJ 50001c59 (sz=56, trace=300962, class=java.lang.invoke.MemberName@50000124)
OBJ 50001c5a (sz=56, trace=300962, class=java.lang.invoke.MemberName@50000124)
OBJ 50001c5b (sz=56, trace=300962, class=java.lang.invoke.MemberName@50000124)
OBJ 50001c5c (sz=56, trace=300962, class=java.lang.invoke.MemberName@50000124)
OBJ 50001c5d (sz=56, trace=300962, class=java.lang.invoke.MemberName@50000124)
OBJ 50001c5e (sz=56, trace=300962, class=java.lang.invoke.MemberName@50000124)
OBJ 50001c5f (sz=56, trace=300962, class=java.lang.invoke.MemberName@50000124)
OBJ 50001c60 (sz=56, trace=300962, class=java.lang.invoke.MemberName@50000124)
OBJ 50001c61 (sz=56, trace=300962, class=java.lang.invoke.MemberName@50000124)
OBJ 50001c62 (sz=56, trace=300962, class=java.lang.invoke.MemberName@50000124)
OBJ 50001c63 (sz=56, trace=300962, class=java.lang.invoke.MemberName@50000124)
OBJ 50001c64 (sz=56, trace=300962, class=java.lang.invoke.MemberName@50000124)
OBJ 50001c65 (sz=56, trace=300962, class=java.lang.invoke.MemberName@50000124)
OBJ 50001c66 (sz=56, trace=300962, class=java.lang.invoke.MemberName@50000124)
	clazz		50000122
	name		50006f3a
	type		5000114e
OBJ 50001c67 (sz=56, trace=300962, class=java.lang.invoke.MemberName@50000124)
	clazz		50000122
	name		50006f3a
	type		50001dd0
OBJ 50001c68 (sz=56, trace=300962, class=java.lang.invoke.MemberName@50000124)
	clazz		50000122
	name		50006f3a
	type		50001405
OBJ 50001c69 (sz=56, trace=300962, class=java.lang.invoke.MemberName@50000124)
OBJ 50001c6a (sz=56, trace=300962, class=java.lang.invoke.MemberName@50000124)
OBJ 50001c6b (sz=56, trace=300962, class=java.lang.invoke.MemberName@50000124)
OBJ 50001c6c (sz=56, trace=300962, class=java.lang.invoke.MemberName@50000124)
OBJ 50001c6d (sz=56, trace=300962, class=java.lang.invoke.MemberName@50000124)
OBJ 50001c6e (sz=56, trace=300962, class=java.lang.invoke.MemberName@50000124)
OBJ 50001c6f (sz=56, trace=300962, class=java.lang.invoke.MemberName@50000124)
OBJ 50001c70 (sz=56, trace=300962, class=java.lang.invoke.MemberName@50000124)
OBJ 50001c71 (sz=56, trace=300962, class=java.lang.invoke.MemberName@50000124)
OBJ 50001c72 (sz=56, trace=300962, class=java.lang.invoke.MemberName@50000124)
OBJ 50001c73 (sz=56, trace=300962, class=java.lang.invoke.MemberName@50000124)
OBJ 50001c74 (sz=56, trace=300962, class=java.lang.invoke.MemberName@50000124)
OBJ 50001c75 (sz=56, trace=300962, class=java.lang.invoke.MemberName@50000124)
OBJ 50001c76 (sz=56, trace=300962, class=java.lang.invoke.MemberName@50000124)
OBJ 50001c77 (sz=56, trace=300962, class=java.lang.invoke.MemberName@50000124)
OBJ 50001c78 (sz=56, trace=300962, class=java.lang.invoke.MemberName@50000124)
OBJ 50001c79 (sz=56, trace=300962, class=java.lang.invoke.MemberName@50000124)
OBJ 50001c7a (sz=56, trace=300962, class=java.lang.invoke.MemberName@50000124)
OBJ 50001c7b (sz=56, trace=300962, class=java.lang.invoke.MemberName@50000124)
OBJ 50001c7c (sz=56, trace=300962, class=java.lang.invoke.MemberName@50000124)
OBJ 50001c7d (sz=56, trace=300962, class=java.lang.invoke.MemberName@50000124)
OBJ 50001c7e (sz=56, trace=300962, class=java.lang.invoke.MemberName@50000124)
OBJ 50001c7f (sz=56, trace=300962, class=java.lang.invoke.MemberName@50000124)
OBJ 50001c80 (sz=56, trace=300962, class=java.lang.invoke.MemberName@50000124)
OBJ 50001c81 (sz=56, trace=300962, class=java.lang.invoke.MemberName@50000124)
OBJ 50001c82 (sz=56, trace=300962, class=java.lang.invoke.MemberName@50000124)
OBJ 50001c83 (sz=56, trace=300962, class=java.lang.invoke.MemberName@50000124)
OBJ 50001c84 (sz=56, trace=300962, class=java.lang.invoke.MemberName@50000124)
OBJ 50001c85 (sz=56, trace=300962, class=java.lang.invoke.MemberName@50000124)
OBJ 50001c86 (sz=56, trace=300962, class=java.lang.invoke.MemberName@50000124)
OBJ 50001c87 (sz=56, trace=300962, class=java.lang.invoke.MemberName@50000124)
OBJ 50001c88 (sz=56, trace=300962, class=java.lang.invoke.MemberName@50000124)
OBJ 50001c89 (sz=56, trace=300962, class=java.lang.invoke.MemberName@50000124)
OBJ 50001c8a (sz=56, trace=300962, class=java.lang.invoke.MemberName@50000124)
OBJ 50001c8b (sz=56, trace=300962, class=java.lang.invoke.MemberName@50000124)
OBJ 50001c8c (sz=56, trace=300962, class=java.lang.invoke.MemberName@50000124)
OBJ 50001c8d (sz=56, trace=300962, class=java.lang.invoke.MemberName@50000124)
OBJ 50001c8e (sz=56, trace=300962, class=java.lang.invoke.MemberName@50000124)
OBJ 50001c8f (sz=56, trace=300962, class=java.lang.invoke.MemberName@50000124)
OBJ 50001c90 (sz=56, trace=300962, class=java.lang.invoke.MemberName@50000124)
OBJ 50001c91 (sz=24, trace=300963, class=java.util.ArrayList@500000d4)
ARR 50001c92 (sz=344, trace=300964, nelems=0, elem type=java.lang.Object[]@500000ff)
OBJ 50001c94 (sz=32, trace=300966, class=java.util.ArrayList$Itr@50001c93)
OBJ 50001c95 (sz=24, trace=300685, class=java.util.Arrays$ArrayList@5000115f)
OBJ 50001c98 (sz=32, trace=300968, class=java.util.RandomAccessSubList@50001c97)
ARR 50001c99 (sz=304, trace=300969, nelems=0, elem type=java.lang.Object[]@500000ff)
OBJ 50001c9c (sz=24, trace=300971, class=java.util.SubList$1@50001c9b)
OBJ 50001c9e (sz=32, trace=300973, class=java.util.AbstractList$ListItr@50001c9d)
OBJ 50001c9f (sz=32, trace=300974, class=java.util.ArrayList$Itr@50001c93)
ARR 50001ca0 (sz=24, trace=300975, nelems=0, elem type=int[])
OBJ 50001ca1 (sz=24, trace=300612, class=java.util.ArrayList@500000d4)
OBJ 50001ca2 (sz=24, trace=300613, class=java.lang.String@50000165)
ARR 50001ca3 (sz=96, trace=300614, nelems=0, elem type=char[])
ARR 50001ca4 (sz=74, trace=300615, nelems=37, elem type=char[])
OBJ 50001ca5 (sz=24, trace=300616, class=java.lang.String@50000165)
	value		50001ca4
OBJ 50001ca6 (sz=16, trace=300048, class=java.lang.Object@50000169)
OBJ 50001ca7 (sz=32, trace=300428, class=java.util.concurrent.ConcurrentHashMap$Node@50000021)
	key		50001ca5
	val		50001ca6
ARR 50001ca8 (sz=144, trace=300576, nelems=0, elem type=java.util.concurrent.ConcurrentHashMap$Node[]@50000020)
OBJ 50001ca9 (sz=32, trace=300578, class=java.util.concurrent.ConcurrentHashMap$ForwardingNode@5000100b)
OBJ 50001caa (sz=32, trace=300673, class=java.util.concurrent.ConcurrentHashMap$Node@50000021)
	key		500065dd
	val		50000b30
OBJ 50001cab (sz=16, trace=300051, class=java.lang.Object@50000169)
OBJ 50001cac (sz=32, trace=300428, class=java.util.concurrent.ConcurrentHashMap$Node@50000021)
	key		50001ca5
	val		50001cab
ARR 50001cad (sz=144, trace=300576, nelems=0, elem type=java.util.concurrent.ConcurrentHashMap$Node[]@50000020)
OBJ 50001cae (sz=32, trace=300578, class=java.util.concurrent.ConcurrentHashMap$ForwardingNode@5000100b)
OBJ 50001caf (sz=32, trace=300673, class=java.util.concurrent.ConcurrentHashMap$Node@50000021)
	key		500065dd
	val		50000b32
ARR 50001cb0 (sz=56, trace=300237, nelems=0, elem type=java.lang.Object[]@500000ff)
OBJ 50001cb1 (sz=24, trace=300617, class=java.lang.String@50000165)
ARR 50001cb2 (sz=104, trace=300614, nelems=0, elem type=char[])
ARR 50001cb3 (sz=82, trace=300618, nelems=41, elem type=char[])
OBJ 50001cb4 (sz=24, trace=300619, class=java.lang.String@50000165)
	value		50001cb3
OBJ 50001cb5 (sz=16, trace=300048, class=java.lang.Object@50000169)
OBJ 50001cb6 (sz=32, trace=300428, class=java.util.concurrent.ConcurrentHashMap$Node@50000021)
	key		50001cb4
	val		50001cb5
	next		50005d4b
OBJ 50001cb7 (sz=16, trace=300051, class=java.lang.Object@50000169)
OBJ 50001cb8 (sz=32, trace=300428, class=java.util.concurrent.ConcurrentHashMap$Node@50000021)
	key		50001cb4
	val		50001cb7
	next		50005d4d
OBJ 50001cb9 (sz=40, trace=300976, class=java.lang.invoke.MethodType@50000121)
OBJ 50001cba (sz=32, trace=300443, class=java.lang.invoke.MethodType$ConcurrentWeakInternSet$WeakEntry@50000b5f)
OBJ 50001cbb (sz=40, trace=300977, class=java.lang.invoke.MethodType@50000121)
	rtype		50000f99
	ptypes		50007079
	form		50000fab
OBJ 50001cbc (sz=40, trace=300445, class=java.lang.invoke.MethodType@50000121)
OBJ 50001cbd (sz=32, trace=300443, class=java.lang.invoke.MethodType$ConcurrentWeakInternSet$WeakEntry@50000b5f)
OBJ 50001cbe (sz=32, trace=300452, class=java.lang.invoke.MethodType$ConcurrentWeakInternSet$WeakEntry@50000b5f)
	referent	50001cbb
	queue		50000b52
OBJ 50001cbf (sz=32, trace=300454, class=java.util.concurrent.ConcurrentHashMap$Node@50000021)
	key		50001cbe
	val		50001cbe
ARR 50001cc0 (sz=528, trace=300576, nelems=0, elem type=java.util.concurrent.ConcurrentHashMap$Node[]@50000020)
OBJ 50001cc1 (sz=32, trace=300578, class=java.util.concurrent.ConcurrentHashMap$ForwardingNode@5000100b)
OBJ 50001cc2 (sz=32, trace=300579, class=java.util.concurrent.ConcurrentHashMap$Node@50000021)
	key		500014db
	val		500014db
	next		50004246
OBJ 50001cc3 (sz=32, trace=300579, class=java.util.concurrent.ConcurrentHashMap$Node@50000021)
	key		50001035
	val		50001035
	next		50001335
OBJ 50001cc4 (sz=32, trace=300579, class=java.util.concurrent.ConcurrentHashMap$Node@50000021)
	key		50001083
	val		50001083
	next		50001cc3
OBJ 50001cc5 (sz=32, trace=300673, class=java.util.concurrent.ConcurrentHashMap$Node@50000021)
	key		500010f9
	val		500010f9
OBJ 50001cc6 (sz=32, trace=300579, class=java.util.concurrent.ConcurrentHashMap$Node@50000021)
	key		50000fcb
	val		50000fcb
	next		50003bc8
OBJ 50001cc7 (sz=32, trace=300673, class=java.util.concurrent.ConcurrentHashMap$Node@50000021)
	key		50000f4d
	val		50000f4d
	next		5000495b
OBJ 50001cc8 (sz=32, trace=300579, class=java.util.concurrent.ConcurrentHashMap$Node@50000021)
	key		50001260
	val		50001260
ARR 50001cc9 (sz=24, trace=300975, nelems=0, elem type=int[])
OBJ 50001cca (sz=24, trace=300612, class=java.util.ArrayList@500000d4)
OBJ 50001ccb (sz=24, trace=300613, class=java.lang.String@50000165)
ARR 50001ccc (sz=96, trace=300614, nelems=0, elem type=char[])
ARR 50001ccd (sz=96, trace=300615, nelems=0, elem type=char[])
OBJ 50001cce (sz=24, trace=300616, class=java.lang.String@50000165)
OBJ 50001ccf (sz=16, trace=300048, class=java.lang.Object@50000169)
OBJ 50001cd0 (sz=16, trace=300051, class=java.lang.Object@50000169)
ARR 50001cd1 (sz=56, trace=300237, nelems=0, elem type=java.lang.Object[]@500000ff)
OBJ 50001cd2 (sz=24, trace=300617, class=java.lang.String@50000165)
ARR 50001cd3 (sz=72, trace=300614, nelems=0, elem type=char[])
ARR 50001cd4 (sz=72, trace=300618, nelems=0, elem type=char[])
OBJ 50001cd5 (sz=24, trace=300619, class=java.lang.String@50000165)
OBJ 50001cd6 (sz=16, trace=300048, class=java.lang.Object@50000169)
OBJ 50001cd7 (sz=16, trace=300051, class=java.lang.Object@50000169)
OBJ 50001cd8 (sz=40, trace=300976, class=java.lang.invoke.MethodType@50000121)
OBJ 50001cd9 (sz=32, trace=300443, class=java.lang.invoke.MethodType$ConcurrentWeakInternSet$WeakEntry@50000b5f)
OBJ 50001cda (sz=40, trace=300977, class=java.lang.invoke.MethodType@50000121)
	rtype		50000122
	ptypes		50007060
	form		50000fab
OBJ 50001cdb (sz=40, trace=300445, class=java.lang.invoke.MethodType@50000121)
OBJ 50001cdc (sz=32, trace=300443, class=java.lang.invoke.MethodType$ConcurrentWeakInternSet$WeakEntry@50000b5f)
OBJ 50001cdd (sz=32, trace=300452, class=java.lang.invoke.MethodType$ConcurrentWeakInternSet$WeakEntry@50000b5f)
	referent	50001cda
	queue		50000b52
OBJ 50001cde (sz=32, trace=300454, class=java.util.concurrent.ConcurrentHashMap$Node@50000021)
	key		50001cdd
	val		50001cdd
ARR 50001cdf (sz=24, trace=300975, nelems=0, elem type=int[])
OBJ 50001ce0 (sz=24, trace=300612, class=java.util.ArrayList@500000d4)
OBJ 50001ce1 (sz=24, trace=300613, class=java.lang.String@50000165)
ARR 50001ce2 (sz=96, trace=300614, nelems=0, elem type=char[])
ARR 50001ce3 (sz=96, trace=300615, nelems=0, elem type=char[])
OBJ 50001ce4 (sz=24, trace=300616, class=java.lang.String@50000165)
OBJ 50001ce5 (sz=16, trace=300048, class=java.lang.Object@50000169)
OBJ 50001ce6 (sz=16, trace=300051, class=java.lang.Object@50000169)
ARR 50001ce7 (sz=56, trace=300237, nelems=0, elem type=java.lang.Object[]@500000ff)
OBJ 50001ce8 (sz=24, trace=300617, class=java.lang.String@50000165)
ARR 50001ce9 (sz=72, trace=300614, nelems=0, elem type=char[])
ARR 50001cea (sz=72, trace=300618, nelems=0, elem type=char[])
OBJ 50001ceb (sz=24, trace=300619, class=java.lang.String@50000165)
OBJ 50001cec (sz=16, trace=300048, class=java.lang.Object@50000169)
OBJ 50001ced (sz=16, trace=300051, class=java.lang.Object@50000169)
OBJ 50001cee (sz=40, trace=300976, class=java.lang.invoke.MethodType@50000121)
OBJ 50001cef (sz=32, trace=300443, class=java.lang.invoke.MethodType$ConcurrentWeakInternSet$WeakEntry@50000b5f)
ARR 50001cf0 (sz=24, trace=300975, nelems=0, elem type=int[])
OBJ 50001cf1 (sz=24, trace=300612, class=java.util.ArrayList@500000d4)
OBJ 50001cf2 (sz=24, trace=300613, class=java.lang.String@50000165)
ARR 50001cf3 (sz=80, trace=300614, nelems=0, elem type=char[])
ARR 50001cf4 (sz=64, trace=300615, nelems=32, elem type=char[])
OBJ 50001cf5 (sz=24, trace=300616, class=java.lang.String@50000165)
	value		50001cf4
OBJ 50001cf6 (sz=16, trace=300048, class=java.lang.Object@50000169)
OBJ 50001cf7 (sz=32, trace=300050, class=java.util.concurrent.ConcurrentHashMap$Node@50000021)
	key		50001cf5
	val		50001cf6
OBJ 50001cf8 (sz=16, trace=300051, class=java.lang.Object@50000169)
OBJ 50001cf9 (sz=32, trace=300050, class=java.util.concurrent.ConcurrentHashMap$Node@50000021)
	key		50001cf5
	val		50001cf8
ARR 50001cfa (sz=56, trace=300237, nelems=0, elem type=java.lang.Object[]@500000ff)
OBJ 50001cfb (sz=24, trace=300617, class=java.lang.String@50000165)
ARR 50001cfc (sz=80, trace=300614, nelems=0, elem type=char[])
ARR 50001cfd (sz=80, trace=300618, nelems=0, elem type=char[])
OBJ 50001cfe (sz=24, trace=300619, class=java.lang.String@50000165)
OBJ 50001cff (sz=16, trace=300048, class=java.lang.Object@50000169)
OBJ 50001d00 (sz=16, trace=300051, class=java.lang.Object@50000169)
OBJ 50001d01 (sz=40, trace=300976, class=java.lang.invoke.MethodType@50000121)
OBJ 50001d02 (sz=32, trace=300443, class=java.lang.invoke.MethodType$ConcurrentWeakInternSet$WeakEntry@50000b5f)
OBJ 50001d03 (sz=40, trace=300977, class=java.lang.invoke.MethodType@50000121)
	rtype		50000f62
	ptypes		5000705d
	form		50000fab
OBJ 50001d04 (sz=40, trace=300445, class=java.lang.invoke.MethodType@50000121)
OBJ 50001d05 (sz=32, trace=300443, class=java.lang.invoke.MethodType$ConcurrentWeakInternSet$WeakEntry@50000b5f)
OBJ 50001d06 (sz=32, trace=300452, class=java.lang.invoke.MethodType$ConcurrentWeakInternSet$WeakEntry@50000b5f)
	referent	50001d03
	queue		50000b52
OBJ 50001d07 (sz=32, trace=300454, class=java.util.concurrent.ConcurrentHashMap$Node@50000021)
	key		50001d06
	val		50001d06
	next		50003fa0
ARR 50001d08 (sz=24, trace=300975, nelems=0, elem type=int[])
OBJ 50001d09 (sz=24, trace=300612, class=java.util.ArrayList@500000d4)
ARR 50001d0a (sz=56, trace=300237, nelems=0, elem type=java.lang.Object[]@500000ff)
OBJ 50001d0b (sz=24, trace=300613, class=java.lang.String@50000165)
ARR 50001d0c (sz=96, trace=300614, nelems=0, elem type=char[])
ARR 50001d0d (sz=96, trace=300615, nelems=0, elem type=char[])
OBJ 50001d0e (sz=24, trace=300616, class=java.lang.String@50000165)
OBJ 50001d0f (sz=16, trace=300048, class=java.lang.Object@50000169)
OBJ 50001d10 (sz=16, trace=300051, class=java.lang.Object@50000169)
OBJ 50001d11 (sz=24, trace=300617, class=java.lang.String@50000165)
ARR 50001d12 (sz=80, trace=300614, nelems=0, elem type=char[])
ARR 50001d13 (sz=80, trace=300618, nelems=0, elem type=char[])
OBJ 50001d14 (sz=24, trace=300619, class=java.lang.String@50000165)
OBJ 50001d15 (sz=16, trace=300048, class=java.lang.Object@50000169)
OBJ 50001d16 (sz=16, trace=300051, class=java.lang.Object@50000169)
OBJ 50001d17 (sz=40, trace=300976, class=java.lang.invoke.MethodType@50000121)
OBJ 50001d18 (sz=32, trace=300443, class=java.lang.invoke.MethodType$ConcurrentWeakInternSet$WeakEntry@50000b5f)
OBJ 50001d19 (sz=40, trace=300977, class=java.lang.invoke.MethodType@50000121)
	rtype		50000f62
	ptypes		50007065
	form		50001d1d
OBJ 50001d1a (sz=40, trace=300445, class=java.lang.invoke.MethodType@50000121)
OBJ 50001d1b (sz=32, trace=300443, class=java.lang.invoke.MethodType$ConcurrentWeakInternSet$WeakEntry@50000b5f)
OBJ 50001d1c (sz=40, trace=300446, class=java.lang.invoke.MethodType@50000121)
	rtype		50000169
	ptypes		50007057
	form		50001d1d
OBJ 50001d1d (sz=56, trace=300447, class=java.lang.invoke.MethodTypeForm@50000b5a)
	argToSlotTable	50000fc6
	slotToArgTable	50000fc5
	erasedType	50001d1c
	basicType	50001d1c
	methodHandles	50001d1f
	lambdaForms	50001d1e
ARR 50001d1e (sz=88, trace=300450, nelems=0, elem type=java.lang.ref.SoftReference[]@50000b68)
ARR 50001d1f (sz=32, trace=300451, nelems=0, elem type=java.lang.ref.SoftReference[]@50000b68)
OBJ 50001d20 (sz=32, trace=300452, class=java.lang.invoke.MethodType$ConcurrentWeakInternSet$WeakEntry@50000b5f)
	referent	50001d1c
	queue		50000b52
OBJ 50001d21 (sz=32, trace=300454, class=java.util.concurrent.ConcurrentHashMap$Node@50000021)
	key		50001d20
	val		50001d20
OBJ 50001d22 (sz=32, trace=300452, class=java.lang.invoke.MethodType$ConcurrentWeakInternSet$WeakEntry@50000b5f)
	referent	50001d19
	queue		50000b52
OBJ 50001d23 (sz=32, trace=300454, class=java.util.concurrent.ConcurrentHashMap$Node@50000021)
ARR 50001d24 (sz=24, trace=300975, nelems=0, elem type=int[])
OBJ 50001d25 (sz=24, trace=300612, class=java.util.ArrayList@500000d4)
ARR 50001d26 (sz=56, trace=300237, nelems=0, elem type=java.lang.Object[]@500000ff)
OBJ 50001d27 (sz=24, trace=300617, class=java.lang.String@50000165)
ARR 50001d28 (sz=80, trace=300614, nelems=0, elem type=char[])
ARR 50001d29 (sz=80, trace=300618, nelems=0, elem type=char[])
OBJ 50001d2a (sz=24, trace=300619, class=java.lang.String@50000165)
OBJ 50001d2b (sz=16, trace=300048, class=java.lang.Object@50000169)
OBJ 50001d2c (sz=16, trace=300051, class=java.lang.Object@50000169)
OBJ 50001d2d (sz=40, trace=300976, class=java.lang.invoke.MethodType@50000121)
OBJ 50001d2e (sz=32, trace=300443, class=java.lang.invoke.MethodType$ConcurrentWeakInternSet$WeakEntry@50000b5f)
OBJ 50001d2f (sz=40, trace=300977, class=java.lang.invoke.MethodType@50000121)
	rtype		50000f62
	ptypes		50007076
	form		50001d33
OBJ 50001d30 (sz=40, trace=300445, class=java.lang.invoke.MethodType@50000121)
OBJ 50001d31 (sz=32, trace=300443, class=java.lang.invoke.MethodType$ConcurrentWeakInternSet$WeakEntry@50000b5f)
OBJ 50001d32 (sz=40, trace=300446, class=java.lang.invoke.MethodType@50000121)
	rtype		50000169
	ptypes		50007076
	form		50001d33
OBJ 50001d33 (sz=56, trace=300447, class=java.lang.invoke.MethodTypeForm@50000b5a)
	argToSlotTable	50000fc6
	slotToArgTable	50000fc5
	erasedType	50001d32
	basicType	50001d36
OBJ 50001d34 (sz=40, trace=300978, class=java.lang.invoke.MethodType@50000121)
OBJ 50001d35 (sz=32, trace=300443, class=java.lang.invoke.MethodType$ConcurrentWeakInternSet$WeakEntry@50000b5f)
OBJ 50001d36 (sz=40, trace=300979, class=java.lang.invoke.MethodType@50000121)
	rtype		50000169
	ptypes		5000706f
	form		50001d37
OBJ 50001d37 (sz=56, trace=300980, class=java.lang.invoke.MethodTypeForm@50000b5a)
	argToSlotTable	50000fc6
	slotToArgTable	50000fc5
	erasedType	50001d36
	basicType	50001d36
	methodHandles	50001d39
	lambdaForms	50001d38
ARR 50001d38 (sz=88, trace=300981, nelems=0, elem type=java.lang.ref.SoftReference[]@50000b68)
ARR 50001d39 (sz=32, trace=300982, nelems=0, elem type=java.lang.ref.SoftReference[]@50000b68)
OBJ 50001d3a (sz=32, trace=300452, class=java.lang.invoke.MethodType$ConcurrentWeakInternSet$WeakEntry@50000b5f)
	referent	50001d36
	queue		50000b52
OBJ 50001d3b (sz=32, trace=300521, class=java.util.concurrent.ConcurrentHashMap$Node@50000021)
	key		50001d3a
	val		50001d3a
OBJ 50001d3c (sz=32, trace=300452, class=java.lang.invoke.MethodType$ConcurrentWeakInternSet$WeakEntry@50000b5f)
	referent	50001d32
	queue		50000b52
OBJ 50001d3d (sz=32, trace=300521, class=java.util.concurrent.ConcurrentHashMap$Node@50000021)
	key		50001d3c
	val		50001d3c
	next		50004714
OBJ 50001d3e (sz=32, trace=300452, class=java.lang.invoke.MethodType$ConcurrentWeakInternSet$WeakEntry@50000b5f)
	referent	50001d2f
	queue		50000b52
OBJ 50001d3f (sz=32, trace=300454, class=java.util.concurrent.ConcurrentHashMap$Node@50000021)
	key		50001d3e
	val		50001d3e
	next		50001eaf
ARR 50001d40 (sz=24, trace=300975, nelems=0, elem type=int[])
OBJ 50001d41 (sz=24, trace=300612, class=java.util.ArrayList@500000d4)
ARR 50001d42 (sz=56, trace=300237, nelems=0, elem type=java.lang.Object[]@500000ff)
OBJ 50001d43 (sz=24, trace=300983, class=java.lang.String@50000165)
ARR 50001d44 (sz=96, trace=300614, nelems=0, elem type=char[])
ARR 50001d45 (sz=96, trace=300984, nelems=0, elem type=char[])
OBJ 50001d46 (sz=24, trace=300985, class=java.lang.String@50000165)
OBJ 50001d47 (sz=16, trace=300048, class=java.lang.Object@50000169)
OBJ 50001d48 (sz=16, trace=300051, class=java.lang.Object@50000169)
OBJ 50001d49 (sz=24, trace=300983, class=java.lang.String@50000165)
ARR 50001d4a (sz=80, trace=300614, nelems=0, elem type=char[])
ARR 50001d4b (sz=80, trace=300984, nelems=0, elem type=char[])
OBJ 50001d4c (sz=24, trace=300985, class=java.lang.String@50000165)
OBJ 50001d4d (sz=16, trace=300048, class=java.lang.Object@50000169)
OBJ 50001d4e (sz=16, trace=300051, class=java.lang.Object@50000169)
OBJ 50001d4f (sz=40, trace=300976, class=java.lang.invoke.MethodType@50000121)
OBJ 50001d50 (sz=32, trace=300443, class=java.lang.invoke.MethodType$ConcurrentWeakInternSet$WeakEntry@50000b5f)
OBJ 50001d51 (sz=40, trace=300977, class=java.lang.invoke.MethodType@50000121)
	rtype		500062a0
	ptypes		50007078
	form		50001d55
OBJ 50001d52 (sz=40, trace=300445, class=java.lang.invoke.MethodType@50000121)
OBJ 50001d53 (sz=32, trace=300443, class=java.lang.invoke.MethodType$ConcurrentWeakInternSet$WeakEntry@50000b5f)
OBJ 50001d54 (sz=40, trace=300446, class=java.lang.invoke.MethodType@50000121)
	rtype		500062a0
	ptypes		5000705b
	form		50001d55
OBJ 50001d55 (sz=56, trace=300447, class=java.lang.invoke.MethodTypeForm@50000b5a)
	argToSlotTable	500010eb
	slotToArgTable	500010ea
	erasedType	50001d54
	basicType	50001d58
OBJ 50001d56 (sz=40, trace=300978, class=java.lang.invoke.MethodType@50000121)
OBJ 50001d57 (sz=32, trace=300443, class=java.lang.invoke.MethodType$ConcurrentWeakInternSet$WeakEntry@50000b5f)
OBJ 50001d58 (sz=40, trace=300979, class=java.lang.invoke.MethodType@50000121)
	rtype		5000629a
	ptypes		5000705b
	form		50001d59
OBJ 50001d59 (sz=56, trace=300980, class=java.lang.invoke.MethodTypeForm@50000b5a)
	argToSlotTable	500010eb
	slotToArgTable	500010ea
	erasedType	50001d58
	basicType	50001d58
	methodHandles	50001d5e
	lambdaForms	50001d5d
ARR 50001d5a (sz=32, trace=300574, nelems=0, elem type=java.lang.Class[]@500000fa)
OBJ 50001d5b (sz=40, trace=300575, class=java.lang.invoke.MethodType@50000121)
OBJ 50001d5c (sz=32, trace=300443, class=java.lang.invoke.MethodType$ConcurrentWeakInternSet$WeakEntry@50000b5f)
ARR 50001d5d (sz=88, trace=300981, nelems=0, elem type=java.lang.ref.SoftReference[]@50000b68)
ARR 50001d5e (sz=32, trace=300982, nelems=0, elem type=java.lang.ref.SoftReference[]@50000b68)
OBJ 50001d5f (sz=32, trace=300452, class=java.lang.invoke.MethodType$ConcurrentWeakInternSet$WeakEntry@50000b5f)
	referent	50001d58
	queue		50000b52
OBJ 50001d60 (sz=32, trace=300521, class=java.util.concurrent.ConcurrentHashMap$Node@50000021)
OBJ 50001d61 (sz=32, trace=300452, class=java.lang.invoke.MethodType$ConcurrentWeakInternSet$WeakEntry@50000b5f)
	referent	50001d54
	queue		50000b52
OBJ 50001d62 (sz=32, trace=300454, class=java.util.concurrent.ConcurrentHashMap$Node@50000021)
	key		50001d61
	val		50001d61
OBJ 50001d63 (sz=32, trace=300452, class=java.lang.invoke.MethodType$ConcurrentWeakInternSet$WeakEntry@50000b5f)
	referent	50001d51
	queue		50000b52
OBJ 50001d64 (sz=32, trace=300521, class=java.util.concurrent.ConcurrentHashMap$Node@50000021)
	key		50001d63
	val		50001d63
ARR 50001d65 (sz=24, trace=300975, nelems=0, elem type=int[])
OBJ 50001d66 (sz=24, trace=300612, class=java.util.ArrayList@500000d4)
OBJ 50001d67 (sz=24, trace=300613, class=java.lang.String@50000165)
ARR 50001d68 (sz=48, trace=300614, nelems=0, elem type=char[])
ARR 50001d69 (sz=48, trace=300615, nelems=0, elem type=char[])
OBJ 50001d6a (sz=24, trace=300616, class=java.lang.String@50000165)
OBJ 50001d6b (sz=16, trace=300048, class=java.lang.Object@50000169)
ARR 50001d6c (sz=56, trace=300237, nelems=0, elem type=java.lang.Object[]@500000ff)
OBJ 50001d6d (sz=24, trace=300613, class=java.lang.String@50000165)
ARR 50001d6e (sz=48, trace=300614, nelems=0, elem type=char[])
ARR 50001d6f (sz=48, trace=300615, nelems=0, elem type=char[])
OBJ 50001d70 (sz=24, trace=300616, class=java.lang.String@50000165)
OBJ 50001d71 (sz=16, trace=300048, class=java.lang.Object@50000169)
OBJ 50001d72 (sz=24, trace=300983, class=java.lang.String@50000165)
ARR 50001d73 (sz=48, trace=300614, nelems=0, elem type=char[])
ARR 50001d74 (sz=48, trace=300984, nelems=0, elem type=char[])
OBJ 50001d75 (sz=24, trace=300985, class=java.lang.String@50000165)
OBJ 50001d76 (sz=16, trace=300048, class=java.lang.Object@50000169)
OBJ 50001d77 (sz=40, trace=300976, class=java.lang.invoke.MethodType@50000121)
OBJ 50001d78 (sz=32, trace=300443, class=java.lang.invoke.MethodType$ConcurrentWeakInternSet$WeakEntry@50000b5f)
OBJ 50001d79 (sz=40, trace=300977, class=java.lang.invoke.MethodType@50000121)
	rtype		500062a1
	ptypes		50007074
	form		50001d7d
OBJ 50001d7a (sz=40, trace=300445, class=java.lang.invoke.MethodType@50000121)
OBJ 50001d7b (sz=32, trace=300443, class=java.lang.invoke.MethodType$ConcurrentWeakInternSet$WeakEntry@50000b5f)
OBJ 50001d7c (sz=40, trace=300446, class=java.lang.invoke.MethodType@50000121)
	rtype		500062a1
	ptypes		50006e47
	form		50001d7d
	methodDescriptor	50002394
OBJ 50001d7d (sz=56, trace=300447, class=java.lang.invoke.MethodTypeForm@50000b5a)
	argToSlotTable	50001d7f
	slotToArgTable	50001d7e
	erasedType	50001d7c
	basicType	50001d7c
	methodHandles	50001d81
	lambdaForms	50001d80
ARR 50001d7e (sz=16, trace=300448, nelems=4, elem type=int[])
ARR 50001d7f (sz=16, trace=300449, nelems=4, elem type=int[])
ARR 50001d80 (sz=88, trace=300450, nelems=0, elem type=java.lang.ref.SoftReference[]@50000b68)
ARR 50001d81 (sz=32, trace=300451, nelems=2, elem type=java.lang.ref.SoftReference[]@50000b68)
	[1]		5000201f
OBJ 50001d82 (sz=32, trace=300452, class=java.lang.invoke.MethodType$ConcurrentWeakInternSet$WeakEntry@50000b5f)
	referent	50001d7c
	queue		50000b52
OBJ 50001d83 (sz=32, trace=300521, class=java.util.concurrent.ConcurrentHashMap$Node@50000021)
	key		50001d82
	val		50001d82
	next		50002b04
OBJ 50001d84 (sz=32, trace=300452, class=java.lang.invoke.MethodType$ConcurrentWeakInternSet$WeakEntry@50000b5f)
	referent	50001d79
	queue		50000b52
OBJ 50001d85 (sz=32, trace=300454, class=java.util.concurrent.ConcurrentHashMap$Node@50000021)
ARR 50001d86 (sz=24, trace=300975, nelems=0, elem type=int[])
OBJ 50001d87 (sz=24, trace=300612, class=java.util.ArrayList@500000d4)
OBJ 50001d88 (sz=24, trace=300613, class=java.lang.String@50000165)
ARR 50001d89 (sz=48, trace=300614, nelems=0, elem type=char[])
ARR 50001d8a (sz=48, trace=300615, nelems=0, elem type=char[])
OBJ 50001d8b (sz=24, trace=300616, class=java.lang.String@50000165)
OBJ 50001d8c (sz=16, trace=300048, class=java.lang.Object@50000169)
ARR 50001d8d (sz=56, trace=300237, nelems=0, elem type=java.lang.Object[]@500000ff)
OBJ 50001d8e (sz=24, trace=300613, class=java.lang.String@50000165)
ARR 50001d8f (sz=48, trace=300614, nelems=0, elem type=char[])
ARR 50001d90 (sz=48, trace=300615, nelems=0, elem type=char[])
OBJ 50001d91 (sz=24, trace=300616, class=java.lang.String@50000165)
OBJ 50001d92 (sz=16, trace=300048, class=java.lang.Object@50000169)
OBJ 50001d93 (sz=40, trace=300976, class=java.lang.invoke.MethodType@50000121)
OBJ 50001d94 (sz=32, trace=300443, class=java.lang.invoke.MethodType$ConcurrentWeakInternSet$WeakEntry@50000b5f)
OBJ 50001d95 (sz=40, trace=300977, class=java.lang.invoke.MethodType@50000121)
	rtype		500062a1
	ptypes		5000705e
	form		5000125b
OBJ 50001d96 (sz=40, trace=300445, class=java.lang.invoke.MethodType@50000121)
OBJ 50001d97 (sz=32, trace=300443, class=java.lang.invoke.MethodType$ConcurrentWeakInternSet$WeakEntry@50000b5f)
OBJ 50001d98 (sz=32, trace=300452, class=java.lang.invoke.MethodType$ConcurrentWeakInternSet$WeakEntry@50000b5f)
	referent	50001d95
	queue		50000b52
OBJ 50001d99 (sz=32, trace=300454, class=java.util.concurrent.ConcurrentHashMap$Node@50000021)
	key		50001d98
	val		50001d98
	next		5000461a
ARR 50001d9a (sz=24, trace=300975, nelems=0, elem type=int[])
OBJ 50001d9b (sz=24, trace=300612, class=java.util.ArrayList@500000d4)
OBJ 50001d9c (sz=24, trace=300613, class=java.lang.String@50000165)
ARR 50001d9d (sz=80, trace=300614, nelems=0, elem type=char[])
ARR 50001d9e (sz=58, trace=300615, nelems=29, elem type=char[])
OBJ 50001d9f (sz=24, trace=300616, class=java.lang.String@50000165)
	value		50001d9e
OBJ 50001da0 (sz=16, trace=300048, class=java.lang.Object@50000169)
OBJ 50001da1 (sz=32, trace=300428, class=java.util.concurrent.ConcurrentHashMap$Node@50000021)
	key		50001d9f
	val		50001da0
OBJ 50001da2 (sz=16, trace=300051, class=java.lang.Object@50000169)
OBJ 50001da3 (sz=32, trace=300428, class=java.util.concurrent.ConcurrentHashMap$Node@50000021)
	key		50001d9f
	val		50001da2
ARR 50001da4 (sz=56, trace=300237, nelems=0, elem type=java.lang.Object[]@500000ff)
OBJ 50001da5 (sz=24, trace=300613, class=java.lang.String@50000165)
ARR 50001da6 (sz=48, trace=300614, nelems=0, elem type=char[])
ARR 50001da7 (sz=48, trace=300615, nelems=0, elem type=char[])
OBJ 50001da8 (sz=24, trace=300616, class=java.lang.String@50000165)
OBJ 50001da9 (sz=16, trace=300048, class=java.lang.Object@50000169)
OBJ 50001daa (sz=24, trace=300617, class=java.lang.String@50000165)
ARR 50001dab (sz=48, trace=300614, nelems=0, elem type=char[])
ARR 50001dac (sz=48, trace=300618, nelems=0, elem type=char[])
OBJ 50001dad (sz=24, trace=300619, class=java.lang.String@50000165)
OBJ 50001dae (sz=16, trace=300048, class=java.lang.Object@50000169)
OBJ 50001daf (sz=40, trace=300976, class=java.lang.invoke.MethodType@50000121)
OBJ 50001db0 (sz=32, trace=300443, class=java.lang.invoke.MethodType$ConcurrentWeakInternSet$WeakEntry@50000b5f)
ARR 50001db1 (sz=24, trace=300986, nelems=0, elem type=char[])
OBJ 50001db2 (sz=24, trace=300685, class=java.util.Arrays$ArrayList@5000115f)
OBJ 50001db3 (sz=24, trace=300686, class=java.util.Collections$UnmodifiableRandomAccessList@500000ca)
OBJ 50001db4 (sz=24, trace=300987, class=java.util.Collections$UnmodifiableCollection$1@50001162)
OBJ 50001db5 (sz=32, trace=300690, class=java.util.AbstractList$Itr@50001164)
OBJ 50001db6 (sz=24, trace=300988, class=java.lang.String@50000165)
ARR 50001db7 (sz=24, trace=300692, nelems=0, elem type=char[])
OBJ 50001db8 (sz=48, trace=300989, class=java.lang.invoke.LambdaForm@50000122)
	names		50001dbb
	debugName	50006dd7
	vmentry		50001c66
OBJ 50001db9 (sz=24, trace=300990, class=java.lang.String@50000165)
ARR 50001dba (sz=24, trace=300991, nelems=0, elem type=char[])
ARR 50001dbb (sz=32, trace=300992, nelems=3, elem type=java.lang.invoke.LambdaForm$Name[]@50000fce)
	[0]		50000f65
	[1]		50000f66
	[2]		50001dbe
ARR 50001dbc (sz=16, trace=300993, nelems=0, elem type=java.lang.Object[]@500000ff)
ARR 50001dbd (sz=16, trace=300994, nelems=0, elem type=java.lang.Object[]@500000ff)
OBJ 50001dbe (sz=32, trace=300995, class=java.lang.invoke.LambdaForm$Name@50000f62)
	type		50000f5a
	function	50000fd1
	arguments	50001dbd
OBJ 50001dbf (sz=40, trace=300844, class=java.lang.ref.SoftReference@50000149)
	referent	50001db8
	queue		50006b4d
ARR 50001dc0 (sz=24, trace=300975, nelems=0, elem type=int[])
OBJ 50001dc1 (sz=24, trace=300612, class=java.util.ArrayList@500000d4)
OBJ 50001dc2 (sz=24, trace=300613, class=java.lang.String@50000165)
ARR 50001dc3 (sz=80, trace=300614, nelems=0, elem type=char[])
ARR 50001dc4 (sz=80, trace=300615, nelems=0, elem type=char[])
OBJ 50001dc5 (sz=24, trace=300616, class=java.lang.String@50000165)
OBJ 50001dc6 (sz=16, trace=300048, class=java.lang.Object@50000169)
OBJ 50001dc7 (sz=16, trace=300051, class=java.lang.Object@50000169)
ARR 50001dc8 (sz=56, trace=300237, nelems=0, elem type=java.lang.Object[]@500000ff)
OBJ 50001dc9 (sz=24, trace=300617, class=java.lang.String@50000165)
ARR 50001dca (sz=48, trace=300614, nelems=0, elem type=char[])
ARR 50001dcb (sz=48, trace=300618, nelems=0, elem type=char[])
OBJ 50001dcc (sz=24, trace=300619, class=java.lang.String@50000165)
OBJ 50001dcd (sz=16, trace=300048, class=java.lang.Object@50000169)
OBJ 50001dce (sz=40, trace=300976, class=java.lang.invoke.MethodType@50000121)
OBJ 50001dcf (sz=32, trace=300443, class=java.lang.invoke.MethodType$ConcurrentWeakInternSet$WeakEntry@50000b5f)
OBJ 50001dd0 (sz=40, trace=300977, class=java.lang.invoke.MethodType@50000121)
	rtype		50000169
	ptypes		50006e34
	form		50000fab
OBJ 50001dd1 (sz=40, trace=300445, class=java.lang.invoke.MethodType@50000121)
OBJ 50001dd2 (sz=32, trace=300443, class=java.lang.invoke.MethodType$ConcurrentWeakInternSet$WeakEntry@50000b5f)
OBJ 50001dd3 (sz=32, trace=300452, class=java.lang.invoke.MethodType$ConcurrentWeakInternSet$WeakEntry@50000b5f)
	referent	50001dd0
	queue		50000b52
OBJ 50001dd4 (sz=32, trace=300454, class=java.util.concurrent.ConcurrentHashMap$Node@50000021)
	key		50001dd3
	val		50001dd3
	next		50005ae7
ARR 50001dd5 (sz=24, trace=300986, nelems=0, elem type=char[])
OBJ 50001dd6 (sz=24, trace=300685, class=java.util.Arrays$ArrayList@5000115f)
OBJ 50001dd7 (sz=24, trace=300686, class=java.util.Collections$UnmodifiableRandomAccessList@500000ca)
OBJ 50001dd8 (sz=24, trace=300987, class=java.util.Collections$UnmodifiableCollection$1@50001162)
OBJ 50001dd9 (sz=32, trace=300690, class=java.util.AbstractList$Itr@50001164)
OBJ 50001dda (sz=24, trace=300988, class=java.lang.String@50000165)
ARR 50001ddb (sz=24, trace=300692, nelems=0, elem type=char[])
OBJ 50001ddc (sz=48, trace=300989, class=java.lang.invoke.LambdaForm@50000122)
	names		50001ddf
	debugName	50006dd7
	vmentry		50001c67
OBJ 50001ddd (sz=24, trace=300990, class=java.lang.String@50000165)
ARR 50001dde (sz=24, trace=300991, nelems=0, elem type=char[])
ARR 50001ddf (sz=24, trace=300992, nelems=2, elem type=java.lang.invoke.LambdaForm$Name[]@50000fce)
	[0]		50000f65
	[1]		50001de2
ARR 50001de0 (sz=16, trace=300993, nelems=0, elem type=java.lang.Object[]@500000ff)
ARR 50001de1 (sz=16, trace=300994, nelems=0, elem type=java.lang.Object[]@500000ff)
OBJ 50001de2 (sz=32, trace=300995, class=java.lang.invoke.LambdaForm$Name@50000f62)
	type		50000f5a
	function	50000fd1
	arguments	50001de1
OBJ 50001de3 (sz=40, trace=300844, class=java.lang.ref.SoftReference@50000149)
	referent	50001ddc
	queue		50006b4d
ARR 50001de4 (sz=24, trace=300975, nelems=0, elem type=int[])
OBJ 50001de5 (sz=24, trace=300612, class=java.util.ArrayList@500000d4)
OBJ 50001de6 (sz=24, trace=300613, class=java.lang.String@50000165)
ARR 50001de7 (sz=80, trace=300614, nelems=0, elem type=char[])
ARR 50001de8 (sz=80, trace=300615, nelems=0, elem type=char[])
OBJ 50001de9 (sz=24, trace=300616, class=java.lang.String@50000165)
OBJ 50001dea (sz=16, trace=300048, class=java.lang.Object@50000169)
OBJ 50001deb (sz=16, trace=300051, class=java.lang.Object@50000169)
ARR 50001dec (sz=56, trace=300237, nelems=0, elem type=java.lang.Object[]@500000ff)
OBJ 50001ded (sz=24, trace=300613, class=java.lang.String@50000165)
ARR 50001dee (sz=48, trace=300614, nelems=0, elem type=char[])
ARR 50001def (sz=48, trace=300615, nelems=0, elem type=char[])
OBJ 50001df0 (sz=24, trace=300616, class=java.lang.String@50000165)
OBJ 50001df1 (sz=16, trace=300048, class=java.lang.Object@50000169)
OBJ 50001df2 (sz=24, trace=300613, class=java.lang.String@50000165)
ARR 50001df3 (sz=48, trace=300614, nelems=0, elem type=char[])
ARR 50001df4 (sz=48, trace=300615, nelems=0, elem type=char[])
OBJ 50001df5 (sz=24, trace=300616, class=java.lang.String@50000165)
OBJ 50001df6 (sz=16, trace=300048, class=java.lang.Object@50000169)
OBJ 50001df7 (sz=24, trace=300617, class=java.lang.String@50000165)
ARR 50001df8 (sz=48, trace=300614, nelems=0, elem type=char[])
ARR 50001df9 (sz=48, trace=300618, nelems=0, elem type=char[])
OBJ 50001dfa (sz=24, trace=300619, class=java.lang.String@50000165)
OBJ 50001dfb (sz=16, trace=300048, class=java.lang.Object@50000169)
OBJ 50001dfc (sz=40, trace=300976, class=java.lang.invoke.MethodType@50000121)
OBJ 50001dfd (sz=32, trace=300443, class=java.lang.invoke.MethodType$ConcurrentWeakInternSet$WeakEntry@50000b5f)
ARR 50001dfe (sz=32, trace=300986, nelems=0, elem type=char[])
OBJ 50001dff (sz=24, trace=300685, class=java.util.Arrays$ArrayList@5000115f)
OBJ 50001e00 (sz=24, trace=300686, class=java.util.Collections$UnmodifiableRandomAccessList@500000ca)
OBJ 50001e01 (sz=24, trace=300987, class=java.util.Collections$UnmodifiableCollection$1@50001162)
OBJ 50001e02 (sz=32, trace=300690, class=java.util.AbstractList$Itr@50001164)
OBJ 50001e03 (sz=24, trace=300988, class=java.lang.String@50000165)
ARR 50001e04 (sz=32, trace=300692, nelems=0, elem type=char[])
OBJ 50001e05 (sz=48, trace=300989, class=java.lang.invoke.LambdaForm@50000122)
	names		50001e08
	debugName	50006dd7
	vmentry		50001c68
OBJ 50001e06 (sz=24, trace=300990, class=java.lang.String@50000165)
ARR 50001e07 (sz=24, trace=300991, nelems=0, elem type=char[])
ARR 50001e08 (sz=32, trace=300992, nelems=4, elem type=java.lang.invoke.LambdaForm$Name[]@50000fce)
	[0]		50000f65
	[1]		50000f66
	[2]		50000f67
	[3]		50001e0b
ARR 50001e09 (sz=16, trace=300993, nelems=0, elem type=java.lang.Object[]@500000ff)
ARR 50001e0a (sz=16, trace=300994, nelems=0, elem type=java.lang.Object[]@500000ff)
OBJ 50001e0b (sz=32, trace=300995, class=java.lang.invoke.LambdaForm$Name@50000f62)
	type		50000f5a
	function	50000fd1
	arguments	50001e0a
OBJ 50001e0c (sz=40, trace=300844, class=java.lang.ref.SoftReference@50000149)
	referent	50001e05
	queue		50006b4d
ARR 50001e0d (sz=24, trace=300975, nelems=0, elem type=int[])
OBJ 50001e0e (sz=24, trace=300612, class=java.util.ArrayList@500000d4)
OBJ 50001e0f (sz=24, trace=300613, class=java.lang.String@50000165)
ARR 50001e10 (sz=48, trace=300614, nelems=0, elem type=char[])
ARR 50001e11 (sz=48, trace=300615, nelems=0, elem type=char[])
OBJ 50001e12 (sz=24, trace=300616, class=java.lang.String@50000165)
OBJ 50001e13 (sz=16, trace=300048, class=java.lang.Object@50000169)
ARR 50001e14 (sz=56, trace=300237, nelems=0, elem type=java.lang.Object[]@500000ff)
OBJ 50001e15 (sz=24, trace=300617, class=java.lang.String@50000165)
ARR 50001e16 (sz=72, trace=300614, nelems=0, elem type=char[])
ARR 50001e17 (sz=72, trace=300618, nelems=0, elem type=char[])
OBJ 50001e18 (sz=24, trace=300619, class=java.lang.String@50000165)
OBJ 50001e19 (sz=16, trace=300048, class=java.lang.Object@50000169)
OBJ 50001e1a (sz=16, trace=300051, class=java.lang.Object@50000169)
OBJ 50001e1b (sz=40, trace=300976, class=java.lang.invoke.MethodType@50000121)
OBJ 50001e1c (sz=32, trace=300443, class=java.lang.invoke.MethodType$ConcurrentWeakInternSet$WeakEntry@50000b5f)
OBJ 50001e1d (sz=40, trace=300977, class=java.lang.invoke.MethodType@50000121)
	rtype		50000121
	ptypes		5000706e
	form		50000fab
OBJ 50001e1e (sz=40, trace=300445, class=java.lang.invoke.MethodType@50000121)
OBJ 50001e1f (sz=32, trace=300443, class=java.lang.invoke.MethodType$ConcurrentWeakInternSet$WeakEntry@50000b5f)
OBJ 50001e20 (sz=32, trace=300452, class=java.lang.invoke.MethodType$ConcurrentWeakInternSet$WeakEntry@50000b5f)
	referent	50001e1d
	queue		50000b52
OBJ 50001e21 (sz=32, trace=300454, class=java.util.concurrent.ConcurrentHashMap$Node@50000021)
	key		50001e20
	val		50001e20
ARR 50001e22 (sz=24, trace=300975, nelems=0, elem type=int[])
OBJ 50001e23 (sz=24, trace=300612, class=java.util.ArrayList@500000d4)
OBJ 50001e24 (sz=24, trace=300613, class=java.lang.String@50000165)
ARR 50001e25 (sz=48, trace=300614, nelems=0, elem type=char[])
ARR 50001e26 (sz=48, trace=300615, nelems=0, elem type=char[])
OBJ 50001e27 (sz=24, trace=300616, class=java.lang.String@50000165)
OBJ 50001e28 (sz=16, trace=300048, class=java.lang.Object@50000169)
ARR 50001e29 (sz=56, trace=300237, nelems=0, elem type=java.lang.Object[]@500000ff)
OBJ 50001e2a (sz=40, trace=300976, class=java.lang.invoke.MethodType@50000121)
OBJ 50001e2b (sz=32, trace=300443, class=java.lang.invoke.MethodType$ConcurrentWeakInternSet$WeakEntry@50000b5f)
OBJ 50001e2c (sz=40, trace=300977, class=java.lang.invoke.MethodType@50000121)
	rtype		500062a0
	ptypes		5000705f
	form		50001e30
	methodDescriptor	50005a55
OBJ 50001e2d (sz=40, trace=300445, class=java.lang.invoke.MethodType@50000121)
OBJ 50001e2e (sz=32, trace=300443, class=java.lang.invoke.MethodType$ConcurrentWeakInternSet$WeakEntry@50000b5f)
OBJ 50001e2f (sz=40, trace=300446, class=java.lang.invoke.MethodType@50000121)
	rtype		500062a0
	ptypes		5000705a
	form		50001e30
	methodDescriptor	50005a8c
OBJ 50001e30 (sz=56, trace=300447, class=java.lang.invoke.MethodTypeForm@50000b5a)
	argToSlotTable	5000189e
	slotToArgTable	5000189d
	erasedType	50001e2f
	basicType	5000189b
OBJ 50001e31 (sz=40, trace=300978, class=java.lang.invoke.MethodType@50000121)
OBJ 50001e32 (sz=32, trace=300443, class=java.lang.invoke.MethodType$ConcurrentWeakInternSet$WeakEntry@50000b5f)
OBJ 50001e33 (sz=32, trace=300452, class=java.lang.invoke.MethodType$ConcurrentWeakInternSet$WeakEntry@50000b5f)
	referent	50001e2f
	queue		50000b52
OBJ 50001e34 (sz=32, trace=300454, class=java.util.concurrent.ConcurrentHashMap$Node@50000021)
	key		50001e33
	val		50001e33
	next		500031d3
OBJ 50001e35 (sz=32, trace=300452, class=java.lang.invoke.MethodType$ConcurrentWeakInternSet$WeakEntry@50000b5f)
	referent	50001e2c
	queue		50000b52
OBJ 50001e36 (sz=32, trace=300454, class=java.util.concurrent.ConcurrentHashMap$Node@50000021)
	key		50001e35
	val		50001e35
ARR 50001e37 (sz=24, trace=300975, nelems=0, elem type=int[])
OBJ 50001e38 (sz=24, trace=300612, class=java.util.ArrayList@500000d4)
OBJ 50001e39 (sz=24, trace=300613, class=java.lang.String@50000165)
ARR 50001e3a (sz=48, trace=300614, nelems=0, elem type=char[])
ARR 50001e3b (sz=48, trace=300615, nelems=0, elem type=char[])
OBJ 50001e3c (sz=24, trace=300616, class=java.lang.String@50000165)
OBJ 50001e3d (sz=16, trace=300048, class=java.lang.Object@50000169)
ARR 50001e3e (sz=56, trace=300237, nelems=0, elem type=java.lang.Object[]@500000ff)
OBJ 50001e3f (sz=24, trace=300617, class=java.lang.String@50000165)
ARR 50001e40 (sz=96, trace=300614, nelems=0, elem type=char[])
ARR 50001e41 (sz=96, trace=300618, nelems=0, elem type=char[])
OBJ 50001e42 (sz=24, trace=300619, class=java.lang.String@50000165)
OBJ 50001e43 (sz=16, trace=300048, class=java.lang.Object@50000169)
OBJ 50001e44 (sz=16, trace=300051, class=java.lang.Object@50000169)
OBJ 50001e45 (sz=40, trace=300976, class=java.lang.invoke.MethodType@50000121)
OBJ 50001e46 (sz=32, trace=300443, class=java.lang.invoke.MethodType$ConcurrentWeakInternSet$WeakEntry@50000b5f)
OBJ 50001e47 (sz=40, trace=300977, class=java.lang.invoke.MethodType@50000121)
	rtype		50000f59
	ptypes		50007071
	form		50000fab
OBJ 50001e48 (sz=40, trace=300445, class=java.lang.invoke.MethodType@50000121)
OBJ 50001e49 (sz=32, trace=300443, class=java.lang.invoke.MethodType$ConcurrentWeakInternSet$WeakEntry@50000b5f)
OBJ 50001e4a (sz=32, trace=300452, class=java.lang.invoke.MethodType$ConcurrentWeakInternSet$WeakEntry@50000b5f)
	referent	50001e47
	queue		50000b52
OBJ 50001e4b (sz=32, trace=300454, class=java.util.concurrent.ConcurrentHashMap$Node@50000021)
ARR 50001e4c (sz=24, trace=300975, nelems=0, elem type=int[])
OBJ 50001e4d (sz=24, trace=300612, class=java.util.ArrayList@500000d4)
OBJ 50001e4e (sz=24, trace=300613, class=java.lang.String@50000165)
ARR 50001e4f (sz=48, trace=300614, nelems=0, elem type=char[])
ARR 50001e50 (sz=48, trace=300615, nelems=0, elem type=char[])
OBJ 50001e51 (sz=24, trace=300616, class=java.lang.String@50000165)
OBJ 50001e52 (sz=16, trace=300048, class=java.lang.Object@50000169)
ARR 50001e53 (sz=56, trace=300237, nelems=0, elem type=java.lang.Object[]@500000ff)
OBJ 50001e54 (sz=40, trace=300976, class=java.lang.invoke.MethodType@50000121)
OBJ 50001e55 (sz=32, trace=300443, class=java.lang.invoke.MethodType$ConcurrentWeakInternSet$WeakEntry@50000b5f)
OBJ 50001e56 (sz=40, trace=300977, class=java.lang.invoke.MethodType@50000121)
	rtype		5000629a
	ptypes		50007075
	form		5000189c
OBJ 50001e57 (sz=40, trace=300445, class=java.lang.invoke.MethodType@50000121)
OBJ 50001e58 (sz=32, trace=300443, class=java.lang.invoke.MethodType$ConcurrentWeakInternSet$WeakEntry@50000b5f)
OBJ 50001e59 (sz=32, trace=300452, class=java.lang.invoke.MethodType$ConcurrentWeakInternSet$WeakEntry@50000b5f)
	referent	50001e56
	queue		50000b52
OBJ 50001e5a (sz=32, trace=300521, class=java.util.concurrent.ConcurrentHashMap$Node@50000021)
	key		50001e59
	val		50001e59
	next		50004256
ARR 50001e5b (sz=24, trace=300975, nelems=0, elem type=int[])
OBJ 50001e5c (sz=24, trace=300612, class=java.util.ArrayList@500000d4)
ARR 50001e5d (sz=56, trace=300237, nelems=0, elem type=java.lang.Object[]@500000ff)
OBJ 50001e5e (sz=24, trace=300613, class=java.lang.String@50000165)
ARR 50001e5f (sz=48, trace=300614, nelems=0, elem type=char[])
ARR 50001e60 (sz=28, trace=300615, nelems=14, elem type=char[])
OBJ 50001e61 (sz=24, trace=300616, class=java.lang.String@50000165)
	value		50001e60
OBJ 50001e62 (sz=16, trace=300048, class=java.lang.Object@50000169)
OBJ 50001e63 (sz=32, trace=300050, class=java.util.concurrent.ConcurrentHashMap$Node@50000021)
	key		50001e61
	val		50001e62
OBJ 50001e64 (sz=16, trace=300051, class=java.lang.Object@50000169)
OBJ 50001e65 (sz=32, trace=300050, class=java.util.concurrent.ConcurrentHashMap$Node@50000021)
	key		50001e61
	val		50001e64
OBJ 50001e66 (sz=24, trace=300983, class=java.lang.String@50000165)
ARR 50001e67 (sz=80, trace=300614, nelems=0, elem type=char[])
ARR 50001e68 (sz=80, trace=300996, nelems=0, elem type=char[])
OBJ 50001e69 (sz=24, trace=300985, class=java.lang.String@50000165)
OBJ 50001e6a (sz=16, trace=300048, class=java.lang.Object@50000169)
OBJ 50001e6b (sz=16, trace=300051, class=java.lang.Object@50000169)
OBJ 50001e6c (sz=40, trace=300976, class=java.lang.invoke.MethodType@50000121)
OBJ 50001e6d (sz=32, trace=300443, class=java.lang.invoke.MethodType$ConcurrentWeakInternSet$WeakEntry@50000b5f)
OBJ 50001e6e (sz=40, trace=300977, class=java.lang.invoke.MethodType@50000121)
	rtype		50000fce
	ptypes		5000706a
	form		50001d1d
OBJ 50001e6f (sz=40, trace=300445, class=java.lang.invoke.MethodType@50000121)
OBJ 50001e70 (sz=32, trace=300443, class=java.lang.invoke.MethodType$ConcurrentWeakInternSet$WeakEntry@50000b5f)
OBJ 50001e71 (sz=32, trace=300452, class=java.lang.invoke.MethodType$ConcurrentWeakInternSet$WeakEntry@50000b5f)
	referent	50001e6e
	queue		50000b52
OBJ 50001e72 (sz=32, trace=300521, class=java.util.concurrent.ConcurrentHashMap$Node@50000021)
	key		50001e71
	val		50001e71
ARR 50001e73 (sz=24, trace=300975, nelems=0, elem type=int[])
OBJ 50001e74 (sz=24, trace=300612, class=java.util.ArrayList@500000d4)
ARR 50001e75 (sz=56, trace=300237, nelems=0, elem type=java.lang.Object[]@500000ff)
OBJ 50001e76 (sz=24, trace=300983, class=java.lang.String@50000165)
ARR 50001e77 (sz=80, trace=300614, nelems=0, elem type=char[])
ARR 50001e78 (sz=80, trace=300996, nelems=0, elem type=char[])
OBJ 50001e79 (sz=24, trace=300985, class=java.lang.String@50000165)
OBJ 50001e7a (sz=16, trace=300048, class=java.lang.Object@50000169)
OBJ 50001e7b (sz=16, trace=300051, class=java.lang.Object@50000169)
OBJ 50001e7c (sz=40, trace=300976, class=java.lang.invoke.MethodType@50000121)
OBJ 50001e7d (sz=32, trace=300443, class=java.lang.invoke.MethodType$ConcurrentWeakInternSet$WeakEntry@50000b5f)
OBJ 50001e7e (sz=40, trace=300977, class=java.lang.invoke.MethodType@50000121)
	rtype		50000fce
	ptypes		50007056
	form		50001d1d
OBJ 50001e7f (sz=40, trace=300445, class=java.lang.invoke.MethodType@50000121)
OBJ 50001e80 (sz=32, trace=300443, class=java.lang.invoke.MethodType$ConcurrentWeakInternSet$WeakEntry@50000b5f)
OBJ 50001e81 (sz=32, trace=300452, class=java.lang.invoke.MethodType$ConcurrentWeakInternSet$WeakEntry@50000b5f)
	referent	50001e7e
	queue		50000b52
OBJ 50001e82 (sz=32, trace=300454, class=java.util.concurrent.ConcurrentHashMap$Node@50000021)
	key		50001e81
	val		50001e81
ARR 50001e83 (sz=24, trace=300975, nelems=0, elem type=int[])
OBJ 50001e84 (sz=24, trace=300612, class=java.util.ArrayList@500000d4)
ARR 50001e85 (sz=56, trace=300237, nelems=0, elem type=java.lang.Object[]@500000ff)
OBJ 50001e86 (sz=24, trace=300983, class=java.lang.String@50000165)
ARR 50001e87 (sz=48, trace=300614, nelems=0, elem type=char[])
ARR 50001e88 (sz=30, trace=300984, nelems=15, elem type=char[])
OBJ 50001e89 (sz=24, trace=300985, class=java.lang.String@50000165)
	value		50001e88
OBJ 50001e8a (sz=16, trace=300048, class=java.lang.Object@50000169)
OBJ 50001e8b (sz=32, trace=300428, class=java.util.concurrent.ConcurrentHashMap$Node@50000021)
	key		50001e89
	val		50001e8a
	next		50005be4
OBJ 50001e8c (sz=16, trace=300051, class=java.lang.Object@50000169)
OBJ 50001e8d (sz=32, trace=300428, class=java.util.concurrent.ConcurrentHashMap$Node@50000021)
	key		50001e89
	val		50001e8c
	next		50005be6
OBJ 50001e8e (sz=24, trace=300983, class=java.lang.String@50000165)
ARR 50001e8f (sz=80, trace=300614, nelems=0, elem type=char[])
ARR 50001e90 (sz=80, trace=300996, nelems=0, elem type=char[])
OBJ 50001e91 (sz=24, trace=300985, class=java.lang.String@50000165)
OBJ 50001e92 (sz=16, trace=300048, class=java.lang.Object@50000169)
OBJ 50001e93 (sz=16, trace=300051, class=java.lang.Object@50000169)
OBJ 50001e94 (sz=40, trace=300976, class=java.lang.invoke.MethodType@50000121)
OBJ 50001e95 (sz=32, trace=300443, class=java.lang.invoke.MethodType$ConcurrentWeakInternSet$WeakEntry@50000b5f)
OBJ 50001e96 (sz=40, trace=300977, class=java.lang.invoke.MethodType@50000121)
	rtype		50000fce
	ptypes		50007061
	form		50001d1d
OBJ 50001e97 (sz=40, trace=300445, class=java.lang.invoke.MethodType@50000121)
OBJ 50001e98 (sz=32, trace=300443, class=java.lang.invoke.MethodType$ConcurrentWeakInternSet$WeakEntry@50000b5f)
OBJ 50001e99 (sz=32, trace=300452, class=java.lang.invoke.MethodType$ConcurrentWeakInternSet$WeakEntry@50000b5f)
	referent	50001e96
	queue		50000b52
OBJ 50001e9a (sz=32, trace=300521, class=java.util.concurrent.ConcurrentHashMap$Node@50000021)
	key		50001e99
	val		50001e99
ARR 50001e9b (sz=24, trace=300975, nelems=0, elem type=int[])
OBJ 50001e9c (sz=24, trace=300612, class=java.util.ArrayList@500000d4)
ARR 50001e9d (sz=56, trace=300237, nelems=0, elem type=java.lang.Object[]@500000ff)
OBJ 50001e9e (sz=24, trace=300613, class=java.lang.String@50000165)
ARR 50001e9f (sz=48, trace=300614, nelems=0, elem type=char[])
ARR 50001ea0 (sz=48, trace=300615, nelems=0, elem type=char[])
OBJ 50001ea1 (sz=24, trace=300616, class=java.lang.String@50000165)
OBJ 50001ea2 (sz=16, trace=300048, class=java.lang.Object@50000169)
OBJ 50001ea3 (sz=24, trace=300983, class=java.lang.String@50000165)
ARR 50001ea4 (sz=80, trace=300614, nelems=0, elem type=char[])
ARR 50001ea5 (sz=80, trace=300996, nelems=0, elem type=char[])
OBJ 50001ea6 (sz=24, trace=300985, class=java.lang.String@50000165)
OBJ 50001ea7 (sz=16, trace=300048, class=java.lang.Object@50000169)
OBJ 50001ea8 (sz=16, trace=300051, class=java.lang.Object@50000169)
OBJ 50001ea9 (sz=40, trace=300976, class=java.lang.invoke.MethodType@50000121)
OBJ 50001eaa (sz=32, trace=300443, class=java.lang.invoke.MethodType$ConcurrentWeakInternSet$WeakEntry@50000b5f)
OBJ 50001eab (sz=40, trace=300977, class=java.lang.invoke.MethodType@50000121)
	rtype		50000fce
	ptypes		50007077
	form		50001d1d
OBJ 50001eac (sz=40, trace=300445, class=java.lang.invoke.MethodType@50000121)
OBJ 50001ead (sz=32, trace=300443, class=java.lang.invoke.MethodType$ConcurrentWeakInternSet$WeakEntry@50000b5f)
OBJ 50001eae (sz=32, trace=300452, class=java.lang.invoke.MethodType$ConcurrentWeakInternSet$WeakEntry@50000b5f)
	referent	50001eab
	queue		50000b52
OBJ 50001eaf (sz=32, trace=300521, class=java.util.concurrent.ConcurrentHashMap$Node@50000021)
	key		50001eae
	val		50001eae
	next		5000424a
ARR 50001eb0 (sz=24, trace=300975, nelems=0, elem type=int[])
OBJ 50001eb1 (sz=24, trace=300612, class=java.util.ArrayList@500000d4)
ARR 50001eb2 (sz=56, trace=300237, nelems=0, elem type=java.lang.Object[]@500000ff)
OBJ 50001eb3 (sz=24, trace=300613, class=java.lang.String@50000165)
ARR 50001eb4 (sz=72, trace=300614, nelems=0, elem type=char[])
ARR 50001eb5 (sz=72, trace=300615, nelems=0, elem type=char[])
OBJ 50001eb6 (sz=24, trace=300616, class=java.lang.String@50000165)
OBJ 50001eb7 (sz=16, trace=300048, class=java.lang.Object@50000169)
OBJ 50001eb8 (sz=16, trace=300051, class=java.lang.Object@50000169)
OBJ 50001eb9 (sz=24, trace=300983, class=java.lang.String@50000165)
ARR 50001eba (sz=80, trace=300614, nelems=0, elem type=char[])
ARR 50001ebb (sz=80, trace=300996, nelems=0, elem type=char[])
OBJ 50001ebc (sz=24, trace=300985, class=java.lang.String@50000165)
OBJ 50001ebd (sz=16, trace=300048, class=java.lang.Object@50000169)
OBJ 50001ebe (sz=16, trace=300051, class=java.lang.Object@50000169)
OBJ 50001ebf (sz=40, trace=300976, class=java.lang.invoke.MethodType@50000121)
OBJ 50001ec0 (sz=32, trace=300443, class=java.lang.invoke.MethodType$ConcurrentWeakInternSet$WeakEntry@50000b5f)
OBJ 50001ec1 (sz=40, trace=300977, class=java.lang.invoke.MethodType@50000121)
	rtype		50000fce
	ptypes		5000707c
	form		50001d1d
OBJ 50001ec2 (sz=40, trace=300445, class=java.lang.invoke.MethodType@50000121)
OBJ 50001ec3 (sz=32, trace=300443, class=java.lang.invoke.MethodType$ConcurrentWeakInternSet$WeakEntry@50000b5f)
OBJ 50001ec4 (sz=32, trace=300452, class=java.lang.invoke.MethodType$ConcurrentWeakInternSet$WeakEntry@50000b5f)
	referent	50001ec1
	queue		50000b52
OBJ 50001ec5 (sz=32, trace=300454, class=java.util.concurrent.ConcurrentHashMap$Node@50000021)
	key		50001ec4
	val		50001ec4
ARR 50001ec6 (sz=24, trace=300975, nelems=0, elem type=int[])
OBJ 50001ec7 (sz=24, trace=300612, class=java.util.ArrayList@500000d4)
OBJ 50001ec8 (sz=24, trace=300613, class=java.lang.String@50000165)
ARR 50001ec9 (sz=96, trace=300614, nelems=0, elem type=char[])
ARR 50001eca (sz=96, trace=300615, nelems=0, elem type=char[])
OBJ 50001ecb (sz=24, trace=300616, class=java.lang.String@50000165)
OBJ 50001ecc (sz=16, trace=300048, class=java.lang.Object@50000169)
OBJ 50001ecd (sz=16, trace=300051, class=java.lang.Object@50000169)
ARR 50001ece (sz=56, trace=300237, nelems=0, elem type=java.lang.Object[]@500000ff)
OBJ 50001ecf (sz=24, trace=300617, class=java.lang.String@50000165)
ARR 50001ed0 (sz=104, trace=300614, nelems=0, elem type=char[])
ARR 50001ed1 (sz=104, trace=300618, nelems=0, elem type=char[])
OBJ 50001ed2 (sz=24, trace=300619, class=java.lang.String@50000165)
OBJ 50001ed3 (sz=16, trace=300048, class=java.lang.Object@50000169)
OBJ 50001ed4 (sz=16, trace=300051, class=java.lang.Object@50000169)
OBJ 50001ed5 (sz=40, trace=300976, class=java.lang.invoke.MethodType@50000121)
OBJ 50001ed6 (sz=32, trace=300443, class=java.lang.invoke.MethodType$ConcurrentWeakInternSet$WeakEntry@50000b5f)
ARR 50001ed7 (sz=24, trace=300975, nelems=0, elem type=int[])
OBJ 50001ed8 (sz=24, trace=300612, class=java.util.ArrayList@500000d4)
ARR 50001ed9 (sz=56, trace=300237, nelems=0, elem type=java.lang.Object[]@500000ff)
OBJ 50001eda (sz=40, trace=300976, class=java.lang.invoke.MethodType@50000121)
OBJ 50001edb (sz=32, trace=300443, class=java.lang.invoke.MethodType$ConcurrentWeakInternSet$WeakEntry@50000b5f)
OBJ 50001edc (sz=40, trace=300977, class=java.lang.invoke.MethodType@50000121)
	rtype		500062a0
	ptypes		50000b54
	form		50001edd
OBJ 50001edd (sz=56, trace=300997, class=java.lang.invoke.MethodTypeForm@50000b5a)
	argToSlotTable	50000fdc
	slotToArgTable	50000fdb
	erasedType	50001edc
	basicType	50000fd9
OBJ 50001ede (sz=40, trace=300978, class=java.lang.invoke.MethodType@50000121)
OBJ 50001edf (sz=32, trace=300443, class=java.lang.invoke.MethodType$ConcurrentWeakInternSet$WeakEntry@50000b5f)
OBJ 50001ee0 (sz=32, trace=300452, class=java.lang.invoke.MethodType$ConcurrentWeakInternSet$WeakEntry@50000b5f)
	referent	50001edc
	queue		50000b52
OBJ 50001ee1 (sz=32, trace=300521, class=java.util.concurrent.ConcurrentHashMap$Node@50000021)
	key		50001ee0
	val		50001ee0
	next		500027f4
ARR 50001ee2 (sz=56, trace=300998, nelems=0, elem type=java.lang.invoke.MemberName[]@50001c3a)
OBJ 50001ee3 (sz=56, trace=300958, class=java.lang.invoke.MemberName@50000124)
OBJ 50001ee4 (sz=56, trace=300958, class=java.lang.invoke.MemberName@50000124)
OBJ 50001ee5 (sz=56, trace=300958, class=java.lang.invoke.MemberName@50000124)
OBJ 50001ee6 (sz=56, trace=300958, class=java.lang.invoke.MemberName@50000124)
OBJ 50001ee7 (sz=56, trace=300958, class=java.lang.invoke.MemberName@50000124)
OBJ 50001ee8 (sz=56, trace=300958, class=java.lang.invoke.MemberName@50000124)
OBJ 50001ee9 (sz=56, trace=300958, class=java.lang.invoke.MemberName@50000124)
OBJ 50001eea (sz=56, trace=300958, class=java.lang.invoke.MemberName@50000124)
OBJ 50001eeb (sz=56, trace=300958, class=java.lang.invoke.MemberName@50000124)
OBJ 50001eec (sz=56, trace=300958, class=java.lang.invoke.MemberName@50000124)
OBJ 50001eed (sz=24, trace=300959, class=java.util.ArrayList@500000d4)
ARR 50001eee (sz=24, trace=300999, nelems=0, elem type=java.lang.Object[]@500000ff)
ARR 50001eef (sz=120, trace=301000, nelems=0, elem type=java.lang.invoke.MemberName[]@50001c3a)
OBJ 50001ef0 (sz=56, trace=300962, class=java.lang.invoke.MemberName@50000124)
OBJ 50001ef1 (sz=56, trace=300962, class=java.lang.invoke.MemberName@50000124)
OBJ 50001ef2 (sz=56, trace=300962, class=java.lang.invoke.MemberName@50000124)
OBJ 50001ef3 (sz=56, trace=300962, class=java.lang.invoke.MemberName@50000124)
OBJ 50001ef4 (sz=56, trace=300962, class=java.lang.invoke.MemberName@50000124)
OBJ 50001ef5 (sz=56, trace=300962, class=java.lang.invoke.MemberName@50000124)
OBJ 50001ef6 (sz=56, trace=300962, class=java.lang.invoke.MemberName@50000124)
OBJ 50001ef7 (sz=56, trace=300962, class=java.lang.invoke.MemberName@50000124)
OBJ 50001ef8 (sz=56, trace=300962, class=java.lang.invoke.MemberName@50000124)
OBJ 50001ef9 (sz=56, trace=300962, class=java.lang.invoke.MemberName@50000124)
OBJ 50001efa (sz=56, trace=300962, class=java.lang.invoke.MemberName@50000124)
OBJ 50001efb (sz=56, trace=300962, class=java.lang.invoke.MemberName@50000124)
OBJ 50001efc (sz=56, trace=300962, class=java.lang.invoke.MemberName@50000124)
	clazz		50000f99
	name		50006f90
	type		50000fc0
OBJ 50001efd (sz=56, trace=300962, class=java.lang.invoke.MemberName@50000124)
	clazz		50000f99
	name		50006f97
	type		50000fc0
OBJ 50001efe (sz=56, trace=300962, class=java.lang.invoke.MemberName@50000124)
	clazz		50000f99
	name		50006f9e
	type		50000fc0
OBJ 50001eff (sz=56, trace=300962, class=java.lang.invoke.MemberName@50000124)
	clazz		50000f99
	name		50006fa9
	type		50000fc0
OBJ 50001f00 (sz=56, trace=300962, class=java.lang.invoke.MemberName@50000124)
	clazz		50000f99
	name		50006e23
	type		50000fc0
OBJ 50001f01 (sz=56, trace=300962, class=java.lang.invoke.MemberName@50000124)
	clazz		50000f99
	name		50006e6b
	type		50000fc0
OBJ 50001f02 (sz=56, trace=300962, class=java.lang.invoke.MemberName@50000124)
	clazz		50000f99
	name		50007063
	type		50000fc0
OBJ 50001f03 (sz=56, trace=300962, class=java.lang.invoke.MemberName@50000124)
	clazz		50000f99
	name		5000706b
	type		50000fc0
OBJ 50001f04 (sz=56, trace=300962, class=java.lang.invoke.MemberName@50000124)
	clazz		50000f99
	name		50006e48
	type		50000fc0
OBJ 50001f05 (sz=56, trace=300962, class=java.lang.invoke.MemberName@50000124)
	clazz		50000f99
	name		50006e41
	type		50000fc0
OBJ 50001f06 (sz=56, trace=300962, class=java.lang.invoke.MemberName@50000124)
	clazz		50000f99
	name		50006e51
	type		50000fc0
OBJ 50001f07 (sz=56, trace=300962, class=java.lang.invoke.MemberName@50000124)
	clazz		50000f99
	name		50006fdb
	type		50000fc0
OBJ 50001f08 (sz=56, trace=300962, class=java.lang.invoke.MemberName@50000124)
OBJ 50001f09 (sz=56, trace=300962, class=java.lang.invoke.MemberName@50000124)
OBJ 50001f0a (sz=24, trace=300963, class=java.util.ArrayList@500000d4)
ARR 50001f0b (sz=160, trace=301001, nelems=0, elem type=java.lang.Object[]@500000ff)
OBJ 50001f0c (sz=32, trace=300966, class=java.util.ArrayList$Itr@50001c93)
OBJ 50001f0d (sz=24, trace=300685, class=java.util.Arrays$ArrayList@5000115f)
OBJ 50001f0e (sz=32, trace=300968, class=java.util.RandomAccessSubList@50001c97)
ARR 50001f0f (sz=120, trace=300969, nelems=0, elem type=java.lang.Object[]@500000ff)
OBJ 50001f10 (sz=24, trace=300971, class=java.util.SubList$1@50001c9b)
OBJ 50001f11 (sz=32, trace=300973, class=java.util.AbstractList$ListItr@50001c9d)
OBJ 50001f12 (sz=32, trace=301002, class=java.util.ArrayList$Itr@50001c93)
ARR 50001f13 (sz=24, trace=300975, nelems=0, elem type=int[])
OBJ 50001f14 (sz=24, trace=300612, class=java.util.ArrayList@500000d4)
ARR 50001f15 (sz=56, trace=300237, nelems=0, elem type=java.lang.Object[]@500000ff)
OBJ 50001f16 (sz=40, trace=300976, class=java.lang.invoke.MethodType@50000121)
OBJ 50001f17 (sz=32, trace=300443, class=java.lang.invoke.MethodType$ConcurrentWeakInternSet$WeakEntry@50000b5f)
ARR 50001f18 (sz=24, trace=300975, nelems=0, elem type=int[])
OBJ 50001f19 (sz=24, trace=300612, class=java.util.ArrayList@500000d4)
OBJ 50001f1a (sz=24, trace=300613, class=java.lang.String@50000165)
ARR 50001f1b (sz=80, trace=300614, nelems=0, elem type=char[])
ARR 50001f1c (sz=80, trace=300615, nelems=0, elem type=char[])
OBJ 50001f1d (sz=24, trace=300616, class=java.lang.String@50000165)
OBJ 50001f1e (sz=16, trace=300048, class=java.lang.Object@50000169)
OBJ 50001f1f (sz=16, trace=300051, class=java.lang.Object@50000169)
ARR 50001f20 (sz=56, trace=300237, nelems=0, elem type=java.lang.Object[]@500000ff)
OBJ 50001f21 (sz=24, trace=300983, class=java.lang.String@50000165)
ARR 50001f22 (sz=48, trace=300614, nelems=0, elem type=char[])
ARR 50001f23 (sz=48, trace=300984, nelems=0, elem type=char[])
OBJ 50001f24 (sz=24, trace=300985, class=java.lang.String@50000165)
OBJ 50001f25 (sz=16, trace=300048, class=java.lang.Object@50000169)
OBJ 50001f26 (sz=24, trace=300617, class=java.lang.String@50000165)
ARR 50001f27 (sz=48, trace=300614, nelems=0, elem type=char[])
ARR 50001f28 (sz=48, trace=300618, nelems=0, elem type=char[])
OBJ 50001f29 (sz=24, trace=300619, class=java.lang.String@50000165)
OBJ 50001f2a (sz=16, trace=300048, class=java.lang.Object@50000169)
OBJ 50001f2b (sz=40, trace=300976, class=java.lang.invoke.MethodType@50000121)
OBJ 50001f2c (sz=32, trace=300443, class=java.lang.invoke.MethodType$ConcurrentWeakInternSet$WeakEntry@50000b5f)
OBJ 50001f2d (sz=24, trace=301003, class=java.lang.String@50000165)
ARR 50001f2e (sz=32, trace=301004, nelems=0, elem type=char[])
ARR 50001f2f (sz=40, trace=301005, nelems=5, elem type=java.lang.Class[]@500000fa)
	[0]		50000169
	[1]		50000169
	[2]		50000169
	[3]		50000169
	[4]		50000169
OBJ 50001f30 (sz=40, trace=300575, class=java.lang.invoke.MethodType@50000121)
OBJ 50001f31 (sz=32, trace=300443, class=java.lang.invoke.MethodType$ConcurrentWeakInternSet$WeakEntry@50000b5f)
OBJ 50001f32 (sz=40, trace=301006, class=java.lang.invoke.MethodType@50000121)
	rtype		50000169
	ptypes		50001f2f
	form		50001f33
	invokers	50002e57
	methodDescriptor	500029d7
OBJ 50001f33 (sz=56, trace=301007, class=java.lang.invoke.MethodTypeForm@50000b5a)
	argToSlotTable	50001f35
	slotToArgTable	50001f34
	erasedType	50001f32
	basicType	50001f32
	methodHandles	50001f37
	lambdaForms	50001f36
ARR 50001f34 (sz=24, trace=301008, nelems=6, elem type=int[])
ARR 50001f35 (sz=24, trace=301009, nelems=6, elem type=int[])
ARR 50001f36 (sz=88, trace=301010, nelems=9, elem type=java.lang.ref.SoftReference[]@50000b68)
	[1]		50002e48
	[2]		50002cdb
	[8]		50002f2c
ARR 50001f37 (sz=32, trace=301011, nelems=2, elem type=java.lang.ref.SoftReference[]@50000b68)
	[0]		50002f28
	[1]		50001f3b
OBJ 50001f38 (sz=32, trace=300452, class=java.lang.invoke.MethodType$ConcurrentWeakInternSet$WeakEntry@50000b5f)
	referent	50001f32
	queue		50000b52
OBJ 50001f39 (sz=32, trace=300521, class=java.util.concurrent.ConcurrentHashMap$Node@50000021)
	key		50001f38
	val		50001f38
OBJ 50001f3a (sz=32, trace=300845, class=java.lang.invoke.DirectMethodHandle@50000125)
	type		50000fc0
	form		5000141e
	member		50001efc
OBJ 50001f3b (sz=40, trace=301012, class=java.lang.ref.SoftReference@50000149)
	referent	50001f3a
	queue		50006b4d
ARR 50001f3c (sz=24, trace=300975, nelems=0, elem type=int[])
OBJ 50001f3d (sz=24, trace=300612, class=java.util.ArrayList@500000d4)
OBJ 50001f3e (sz=24, trace=300613, class=java.lang.String@50000165)
ARR 50001f3f (sz=80, trace=300614, nelems=0, elem type=char[])
ARR 50001f40 (sz=80, trace=300615, nelems=0, elem type=char[])
OBJ 50001f41 (sz=24, trace=300616, class=java.lang.String@50000165)
OBJ 50001f42 (sz=16, trace=300048, class=java.lang.Object@50000169)
OBJ 50001f43 (sz=16, trace=300051, class=java.lang.Object@50000169)
ARR 50001f44 (sz=56, trace=300237, nelems=0, elem type=java.lang.Object[]@500000ff)
OBJ 50001f45 (sz=24, trace=300983, class=java.lang.String@50000165)
ARR 50001f46 (sz=48, trace=300614, nelems=0, elem type=char[])
ARR 50001f47 (sz=48, trace=300984, nelems=0, elem type=char[])
OBJ 50001f48 (sz=24, trace=300985, class=java.lang.String@50000165)
OBJ 50001f49 (sz=16, trace=300048, class=java.lang.Object@50000169)
OBJ 50001f4a (sz=24, trace=300617, class=java.lang.String@50000165)
ARR 50001f4b (sz=48, trace=300614, nelems=0, elem type=char[])
ARR 50001f4c (sz=48, trace=300618, nelems=0, elem type=char[])
OBJ 50001f4d (sz=24, trace=300619, class=java.lang.String@50000165)
OBJ 50001f4e (sz=16, trace=300048, class=java.lang.Object@50000169)
OBJ 50001f4f (sz=40, trace=300976, class=java.lang.invoke.MethodType@50000121)
OBJ 50001f50 (sz=32, trace=300443, class=java.lang.invoke.MethodType$ConcurrentWeakInternSet$WeakEntry@50000b5f)
OBJ 50001f51 (sz=24, trace=301003, class=java.lang.String@50000165)
ARR 50001f52 (sz=32, trace=301004, nelems=0, elem type=char[])
OBJ 50001f53 (sz=32, trace=300845, class=java.lang.invoke.DirectMethodHandle@50000125)
	type		50000fc0
	form		5000141e
	member		50001efd
OBJ 50001f54 (sz=40, trace=301012, class=java.lang.ref.SoftReference@50000149)
	referent	50001f53
	queue		50006b4d
ARR 50001f55 (sz=24, trace=300975, nelems=0, elem type=int[])
OBJ 50001f56 (sz=24, trace=300612, class=java.util.ArrayList@500000d4)
OBJ 50001f57 (sz=24, trace=300613, class=java.lang.String@50000165)
ARR 50001f58 (sz=80, trace=300614, nelems=0, elem type=char[])
ARR 50001f59 (sz=80, trace=300615, nelems=0, elem type=char[])
OBJ 50001f5a (sz=24, trace=300616, class=java.lang.String@50000165)
OBJ 50001f5b (sz=16, trace=300048, class=java.lang.Object@50000169)
OBJ 50001f5c (sz=16, trace=300051, class=java.lang.Object@50000169)
ARR 50001f5d (sz=56, trace=300237, nelems=0, elem type=java.lang.Object[]@500000ff)
OBJ 50001f5e (sz=24, trace=300983, class=java.lang.String@50000165)
ARR 50001f5f (sz=48, trace=300614, nelems=0, elem type=char[])
ARR 50001f60 (sz=48, trace=300984, nelems=0, elem type=char[])
OBJ 50001f61 (sz=24, trace=300985, class=java.lang.String@50000165)
OBJ 50001f62 (sz=16, trace=300048, class=java.lang.Object@50000169)
OBJ 50001f63 (sz=24, trace=300617, class=java.lang.String@50000165)
ARR 50001f64 (sz=48, trace=300614, nelems=0, elem type=char[])
ARR 50001f65 (sz=48, trace=300618, nelems=0, elem type=char[])
OBJ 50001f66 (sz=24, trace=300619, class=java.lang.String@50000165)
OBJ 50001f67 (sz=16, trace=300048, class=java.lang.Object@50000169)
OBJ 50001f68 (sz=40, trace=300976, class=java.lang.invoke.MethodType@50000121)
OBJ 50001f69 (sz=32, trace=300443, class=java.lang.invoke.MethodType$ConcurrentWeakInternSet$WeakEntry@50000b5f)
OBJ 50001f6a (sz=24, trace=301003, class=java.lang.String@50000165)
ARR 50001f6b (sz=32, trace=301004, nelems=0, elem type=char[])
ARR 50001f6c (sz=32, trace=301005, nelems=0, elem type=java.lang.Class[]@500000fa)
OBJ 50001f6d (sz=40, trace=300575, class=java.lang.invoke.MethodType@50000121)
OBJ 50001f6e (sz=32, trace=300443, class=java.lang.invoke.MethodType$ConcurrentWeakInternSet$WeakEntry@50000b5f)
OBJ 50001f6f (sz=32, trace=300845, class=java.lang.invoke.DirectMethodHandle@50000125)
	type		50000fc0
	form		5000141e
	member		50001efe
OBJ 50001f70 (sz=40, trace=301012, class=java.lang.ref.SoftReference@50000149)
	referent	50001f6f
	queue		50006b4d
ARR 50001f71 (sz=24, trace=300975, nelems=0, elem type=int[])
OBJ 50001f72 (sz=24, trace=300612, class=java.util.ArrayList@500000d4)
OBJ 50001f73 (sz=24, trace=300613, class=java.lang.String@50000165)
ARR 50001f74 (sz=80, trace=300614, nelems=0, elem type=char[])
ARR 50001f75 (sz=80, trace=300615, nelems=0, elem type=char[])
OBJ 50001f76 (sz=24, trace=300616, class=java.lang.String@50000165)
OBJ 50001f77 (sz=16, trace=300048, class=java.lang.Object@50000169)
OBJ 50001f78 (sz=16, trace=300051, class=java.lang.Object@50000169)
ARR 50001f79 (sz=56, trace=300237, nelems=0, elem type=java.lang.Object[]@500000ff)
OBJ 50001f7a (sz=24, trace=300983, class=java.lang.String@50000165)
ARR 50001f7b (sz=48, trace=300614, nelems=0, elem type=char[])
ARR 50001f7c (sz=48, trace=300984, nelems=0, elem type=char[])
OBJ 50001f7d (sz=24, trace=300985, class=java.lang.String@50000165)
OBJ 50001f7e (sz=16, trace=300048, class=java.lang.Object@50000169)
OBJ 50001f7f (sz=24, trace=300617, class=java.lang.String@50000165)
ARR 50001f80 (sz=48, trace=300614, nelems=0, elem type=char[])
ARR 50001f81 (sz=48, trace=300618, nelems=0, elem type=char[])
OBJ 50001f82 (sz=24, trace=300619, class=java.lang.String@50000165)
OBJ 50001f83 (sz=16, trace=300048, class=java.lang.Object@50000169)
OBJ 50001f84 (sz=40, trace=300976, class=java.lang.invoke.MethodType@50000121)
OBJ 50001f85 (sz=32, trace=300443, class=java.lang.invoke.MethodType$ConcurrentWeakInternSet$WeakEntry@50000b5f)
OBJ 50001f86 (sz=24, trace=301003, class=java.lang.String@50000165)
ARR 50001f87 (sz=24, trace=301004, nelems=0, elem type=char[])
OBJ 50001f88 (sz=32, trace=300845, class=java.lang.invoke.DirectMethodHandle@50000125)
	type		50000fc0
	form		5000141e
	member		50001eff
OBJ 50001f89 (sz=40, trace=301012, class=java.lang.ref.SoftReference@50000149)
	referent	50001f88
	queue		50006b4d
ARR 50001f8a (sz=24, trace=300975, nelems=0, elem type=int[])
OBJ 50001f8b (sz=24, trace=300612, class=java.util.ArrayList@500000d4)
OBJ 50001f8c (sz=24, trace=300613, class=java.lang.String@50000165)
ARR 50001f8d (sz=80, trace=300614, nelems=0, elem type=char[])
ARR 50001f8e (sz=80, trace=300615, nelems=0, elem type=char[])
OBJ 50001f8f (sz=24, trace=300616, class=java.lang.String@50000165)
OBJ 50001f90 (sz=16, trace=300048, class=java.lang.Object@50000169)
OBJ 50001f91 (sz=16, trace=300051, class=java.lang.Object@50000169)
ARR 50001f92 (sz=56, trace=300237, nelems=0, elem type=java.lang.Object[]@500000ff)
OBJ 50001f93 (sz=24, trace=300983, class=java.lang.String@50000165)
ARR 50001f94 (sz=48, trace=300614, nelems=0, elem type=char[])
ARR 50001f95 (sz=48, trace=300984, nelems=0, elem type=char[])
OBJ 50001f96 (sz=24, trace=300985, class=java.lang.String@50000165)
OBJ 50001f97 (sz=16, trace=300048, class=java.lang.Object@50000169)
OBJ 50001f98 (sz=24, trace=300617, class=java.lang.String@50000165)
ARR 50001f99 (sz=48, trace=300614, nelems=0, elem type=char[])
ARR 50001f9a (sz=48, trace=300618, nelems=0, elem type=char[])
OBJ 50001f9b (sz=24, trace=300619, class=java.lang.String@50000165)
OBJ 50001f9c (sz=16, trace=300048, class=java.lang.Object@50000169)
OBJ 50001f9d (sz=40, trace=300976, class=java.lang.invoke.MethodType@50000121)
OBJ 50001f9e (sz=32, trace=300443, class=java.lang.invoke.MethodType$ConcurrentWeakInternSet$WeakEntry@50000b5f)
OBJ 50001f9f (sz=24, trace=301003, class=java.lang.String@50000165)
ARR 50001fa0 (sz=24, trace=301004, nelems=0, elem type=char[])
OBJ 50001fa1 (sz=32, trace=300845, class=java.lang.invoke.DirectMethodHandle@50000125)
	type		50000fc0
	form		5000141e
	member		50001f00
OBJ 50001fa2 (sz=40, trace=301012, class=java.lang.ref.SoftReference@50000149)
	referent	50001fa1
	queue		50006b4d
ARR 50001fa3 (sz=24, trace=300975, nelems=0, elem type=int[])
OBJ 50001fa4 (sz=24, trace=300612, class=java.util.ArrayList@500000d4)
OBJ 50001fa5 (sz=24, trace=300613, class=java.lang.String@50000165)
ARR 50001fa6 (sz=80, trace=300614, nelems=0, elem type=char[])
ARR 50001fa7 (sz=80, trace=300615, nelems=0, elem type=char[])
OBJ 50001fa8 (sz=24, trace=300616, class=java.lang.String@50000165)
OBJ 50001fa9 (sz=16, trace=300048, class=java.lang.Object@50000169)
OBJ 50001faa (sz=16, trace=300051, class=java.lang.Object@50000169)
ARR 50001fab (sz=56, trace=300237, nelems=0, elem type=java.lang.Object[]@500000ff)
OBJ 50001fac (sz=24, trace=300983, class=java.lang.String@50000165)
ARR 50001fad (sz=48, trace=300614, nelems=0, elem type=char[])
ARR 50001fae (sz=48, trace=300984, nelems=0, elem type=char[])
OBJ 50001faf (sz=24, trace=300985, class=java.lang.String@50000165)
OBJ 50001fb0 (sz=16, trace=300048, class=java.lang.Object@50000169)
OBJ 50001fb1 (sz=24, trace=300617, class=java.lang.String@50000165)
ARR 50001fb2 (sz=48, trace=300614, nelems=0, elem type=char[])
ARR 50001fb3 (sz=48, trace=300618, nelems=0, elem type=char[])
OBJ 50001fb4 (sz=24, trace=300619, class=java.lang.String@50000165)
OBJ 50001fb5 (sz=16, trace=300048, class=java.lang.Object@50000169)
OBJ 50001fb6 (sz=40, trace=300976, class=java.lang.invoke.MethodType@50000121)
OBJ 50001fb7 (sz=32, trace=300443, class=java.lang.invoke.MethodType$ConcurrentWeakInternSet$WeakEntry@50000b5f)
OBJ 50001fb8 (sz=24, trace=301003, class=java.lang.String@50000165)
ARR 50001fb9 (sz=24, trace=301004, nelems=0, elem type=char[])
ARR 50001fba (sz=16, trace=301005, nelems=0, elem type=java.lang.Class[]@500000fa)
OBJ 50001fbb (sz=40, trace=300575, class=java.lang.invoke.MethodType@50000121)
OBJ 50001fbc (sz=32, trace=300443, class=java.lang.invoke.MethodType$ConcurrentWeakInternSet$WeakEntry@50000b5f)
OBJ 50001fbd (sz=32, trace=300845, class=java.lang.invoke.DirectMethodHandle@50000125)
	type		50000fc0
	form		5000141e
	member		50001f01
OBJ 50001fbe (sz=40, trace=301012, class=java.lang.ref.SoftReference@50000149)
	referent	50001fbd
	queue		50006b4d
ARR 50001fbf (sz=24, trace=300975, nelems=0, elem type=int[])
OBJ 50001fc0 (sz=24, trace=300612, class=java.util.ArrayList@500000d4)
OBJ 50001fc1 (sz=24, trace=300613, class=java.lang.String@50000165)
ARR 50001fc2 (sz=80, trace=300614, nelems=0, elem type=char[])
ARR 50001fc3 (sz=80, trace=300615, nelems=0, elem type=char[])
OBJ 50001fc4 (sz=24, trace=300616, class=java.lang.String@50000165)
OBJ 50001fc5 (sz=16, trace=300048, class=java.lang.Object@50000169)
OBJ 50001fc6 (sz=16, trace=300051, class=java.lang.Object@50000169)
ARR 50001fc7 (sz=56, trace=300237, nelems=0, elem type=java.lang.Object[]@500000ff)
OBJ 50001fc8 (sz=24, trace=300983, class=java.lang.String@50000165)
ARR 50001fc9 (sz=48, trace=300614, nelems=0, elem type=char[])
ARR 50001fca (sz=48, trace=300984, nelems=0, elem type=char[])
OBJ 50001fcb (sz=24, trace=300985, class=java.lang.String@50000165)
OBJ 50001fcc (sz=16, trace=300048, class=java.lang.Object@50000169)
OBJ 50001fcd (sz=24, trace=300617, class=java.lang.String@50000165)
ARR 50001fce (sz=48, trace=300614, nelems=0, elem type=char[])
ARR 50001fcf (sz=48, trace=300618, nelems=0, elem type=char[])
OBJ 50001fd0 (sz=24, trace=300619, class=java.lang.String@50000165)
OBJ 50001fd1 (sz=16, trace=300048, class=java.lang.Object@50000169)
OBJ 50001fd2 (sz=40, trace=300976, class=java.lang.invoke.MethodType@50000121)
OBJ 50001fd3 (sz=32, trace=300443, class=java.lang.invoke.MethodType$ConcurrentWeakInternSet$WeakEntry@50000b5f)
OBJ 50001fd4 (sz=24, trace=301003, class=java.lang.String@50000165)
ARR 50001fd5 (sz=32, trace=301004, nelems=0, elem type=char[])
OBJ 50001fd6 (sz=40, trace=301013, class=java.lang.invoke.MethodType@50000121)
OBJ 50001fd7 (sz=32, trace=300443, class=java.lang.invoke.MethodType$ConcurrentWeakInternSet$WeakEntry@50000b5f)
OBJ 50001fd8 (sz=40, trace=301014, class=java.lang.invoke.MethodType@50000121)
	rtype		500062a1
	ptypes		50001f2f
	form		50001fd9
OBJ 50001fd9 (sz=56, trace=301015, class=java.lang.invoke.MethodTypeForm@50000b5a)
	argToSlotTable	50001fdb
	slotToArgTable	50001fda
	erasedType	50001fd8
	basicType	50001fd8
	methodHandles	50001fdd
	lambdaForms	50001fdc
ARR 50001fda (sz=24, trace=301016, nelems=6, elem type=int[])
ARR 50001fdb (sz=24, trace=301017, nelems=6, elem type=int[])
ARR 50001fdc (sz=88, trace=301018, nelems=0, elem type=java.lang.ref.SoftReference[]@50000b68)
ARR 50001fdd (sz=32, trace=301019, nelems=2, elem type=java.lang.ref.SoftReference[]@50000b68)
	[1]		50001fe1
OBJ 50001fde (sz=32, trace=300452, class=java.lang.invoke.MethodType$ConcurrentWeakInternSet$WeakEntry@50000b5f)
	referent	50001fd8
	queue		50000b52
OBJ 50001fdf (sz=32, trace=300454, class=java.util.concurrent.ConcurrentHashMap$Node@50000021)
OBJ 50001fe0 (sz=32, trace=300845, class=java.lang.invoke.DirectMethodHandle@50000125)
	type		50000fc0
	form		5000141e
	member		50001f02
OBJ 50001fe1 (sz=40, trace=301012, class=java.lang.ref.SoftReference@50000149)
	referent	50001fe0
	queue		50006b4d
ARR 50001fe2 (sz=24, trace=300975, nelems=0, elem type=int[])
OBJ 50001fe3 (sz=24, trace=300612, class=java.util.ArrayList@500000d4)
OBJ 50001fe4 (sz=24, trace=300613, class=java.lang.String@50000165)
ARR 50001fe5 (sz=80, trace=300614, nelems=0, elem type=char[])
ARR 50001fe6 (sz=80, trace=300615, nelems=0, elem type=char[])
OBJ 50001fe7 (sz=24, trace=300616, class=java.lang.String@50000165)
OBJ 50001fe8 (sz=16, trace=300048, class=java.lang.Object@50000169)
OBJ 50001fe9 (sz=16, trace=300051, class=java.lang.Object@50000169)
ARR 50001fea (sz=56, trace=300237, nelems=0, elem type=java.lang.Object[]@500000ff)
OBJ 50001feb (sz=24, trace=300983, class=java.lang.String@50000165)
ARR 50001fec (sz=48, trace=300614, nelems=0, elem type=char[])
ARR 50001fed (sz=48, trace=300984, nelems=0, elem type=char[])
OBJ 50001fee (sz=24, trace=300985, class=java.lang.String@50000165)
OBJ 50001fef (sz=16, trace=300048, class=java.lang.Object@50000169)
OBJ 50001ff0 (sz=24, trace=300617, class=java.lang.String@50000165)
ARR 50001ff1 (sz=48, trace=300614, nelems=0, elem type=char[])
ARR 50001ff2 (sz=48, trace=300618, nelems=0, elem type=char[])
OBJ 50001ff3 (sz=24, trace=300619, class=java.lang.String@50000165)
OBJ 50001ff4 (sz=16, trace=300048, class=java.lang.Object@50000169)
OBJ 50001ff5 (sz=40, trace=300976, class=java.lang.invoke.MethodType@50000121)
OBJ 50001ff6 (sz=32, trace=300443, class=java.lang.invoke.MethodType$ConcurrentWeakInternSet$WeakEntry@50000b5f)
OBJ 50001ff7 (sz=24, trace=301003, class=java.lang.String@50000165)
ARR 50001ff8 (sz=32, trace=301004, nelems=0, elem type=char[])
OBJ 50001ff9 (sz=40, trace=301013, class=java.lang.invoke.MethodType@50000121)
OBJ 50001ffa (sz=32, trace=300443, class=java.lang.invoke.MethodType$ConcurrentWeakInternSet$WeakEntry@50000b5f)
OBJ 50001ffb (sz=40, trace=301014, class=java.lang.invoke.MethodType@50000121)
	rtype		500062a1
	ptypes		50006de7
	form		50001ffc
OBJ 50001ffc (sz=56, trace=301015, class=java.lang.invoke.MethodTypeForm@50000b5a)
	argToSlotTable	50001ffe
	slotToArgTable	50001ffd
	erasedType	50001ffb
	basicType	50001ffb
	methodHandles	50002000
	lambdaForms	50001fff
ARR 50001ffd (sz=20, trace=301016, nelems=5, elem type=int[])
ARR 50001ffe (sz=20, trace=301017, nelems=5, elem type=int[])
ARR 50001fff (sz=88, trace=301018, nelems=0, elem type=java.lang.ref.SoftReference[]@50000b68)
ARR 50002000 (sz=32, trace=301019, nelems=2, elem type=java.lang.ref.SoftReference[]@50000b68)
	[1]		50002004
OBJ 50002001 (sz=32, trace=300452, class=java.lang.invoke.MethodType$ConcurrentWeakInternSet$WeakEntry@50000b5f)
	referent	50001ffb
	queue		50000b52
OBJ 50002002 (sz=32, trace=300454, class=java.util.concurrent.ConcurrentHashMap$Node@50000021)
	key		50002001
	val		50002001
	next		500032d3
OBJ 50002003 (sz=32, trace=300845, class=java.lang.invoke.DirectMethodHandle@50000125)
	type		50000fc0
	form		5000141e
	member		50001f03
OBJ 50002004 (sz=40, trace=301012, class=java.lang.ref.SoftReference@50000149)
	referent	50002003
	queue		50006b4d
ARR 50002005 (sz=24, trace=300975, nelems=0, elem type=int[])
OBJ 50002006 (sz=24, trace=300612, class=java.util.ArrayList@500000d4)
OBJ 50002007 (sz=24, trace=300613, class=java.lang.String@50000165)
ARR 50002008 (sz=80, trace=300614, nelems=0, elem type=char[])
ARR 50002009 (sz=80, trace=300615, nelems=0, elem type=char[])
OBJ 5000200a (sz=24, trace=300616, class=java.lang.String@50000165)
OBJ 5000200b (sz=16, trace=300048, class=java.lang.Object@50000169)
OBJ 5000200c (sz=16, trace=300051, class=java.lang.Object@50000169)
ARR 5000200d (sz=56, trace=300237, nelems=0, elem type=java.lang.Object[]@500000ff)
OBJ 5000200e (sz=24, trace=300983, class=java.lang.String@50000165)
ARR 5000200f (sz=48, trace=300614, nelems=0, elem type=char[])
ARR 50002010 (sz=48, trace=300984, nelems=0, elem type=char[])
OBJ 50002011 (sz=24, trace=300985, class=java.lang.String@50000165)
OBJ 50002012 (sz=16, trace=300048, class=java.lang.Object@50000169)
OBJ 50002013 (sz=24, trace=300617, class=java.lang.String@50000165)
ARR 50002014 (sz=48, trace=300614, nelems=0, elem type=char[])
ARR 50002015 (sz=48, trace=300618, nelems=0, elem type=char[])
OBJ 50002016 (sz=24, trace=300619, class=java.lang.String@50000165)
OBJ 50002017 (sz=16, trace=300048, class=java.lang.Object@50000169)
OBJ 50002018 (sz=40, trace=300976, class=java.lang.invoke.MethodType@50000121)
OBJ 50002019 (sz=32, trace=300443, class=java.lang.invoke.MethodType$ConcurrentWeakInternSet$WeakEntry@50000b5f)
OBJ 5000201a (sz=24, trace=301003, class=java.lang.String@50000165)
ARR 5000201b (sz=32, trace=301004, nelems=0, elem type=char[])
OBJ 5000201c (sz=40, trace=301013, class=java.lang.invoke.MethodType@50000121)
OBJ 5000201d (sz=32, trace=300443, class=java.lang.invoke.MethodType$ConcurrentWeakInternSet$WeakEntry@50000b5f)
OBJ 5000201e (sz=32, trace=300845, class=java.lang.invoke.DirectMethodHandle@50000125)
	type		50000fc0
	form		5000141e
	member		50001f04
OBJ 5000201f (sz=40, trace=301012, class=java.lang.ref.SoftReference@50000149)
	referent	5000201e
	queue		50006b4d
ARR 50002020 (sz=24, trace=300975, nelems=0, elem type=int[])
OBJ 50002021 (sz=24, trace=300612, class=java.util.ArrayList@500000d4)
OBJ 50002022 (sz=24, trace=300613, class=java.lang.String@50000165)
ARR 50002023 (sz=80, trace=300614, nelems=0, elem type=char[])
ARR 50002024 (sz=80, trace=300615, nelems=0, elem type=char[])
OBJ 50002025 (sz=24, trace=300616, class=java.lang.String@50000165)
OBJ 50002026 (sz=16, trace=300048, class=java.lang.Object@50000169)
OBJ 50002027 (sz=16, trace=300051, class=java.lang.Object@50000169)
ARR 50002028 (sz=56, trace=300237, nelems=0, elem type=java.lang.Object[]@500000ff)
OBJ 50002029 (sz=24, trace=300983, class=java.lang.String@50000165)
ARR 5000202a (sz=48, trace=300614, nelems=0, elem type=char[])
ARR 5000202b (sz=48, trace=300984, nelems=0, elem type=char[])
OBJ 5000202c (sz=24, trace=300985, class=java.lang.String@50000165)
OBJ 5000202d (sz=16, trace=300048, class=java.lang.Object@50000169)
OBJ 5000202e (sz=24, trace=300617, class=java.lang.String@50000165)
ARR 5000202f (sz=48, trace=300614, nelems=0, elem type=char[])
ARR 50002030 (sz=48, trace=300618, nelems=0, elem type=char[])
OBJ 50002031 (sz=24, trace=300619, class=java.lang.String@50000165)
OBJ 50002032 (sz=16, trace=300048, class=java.lang.Object@50000169)
OBJ 50002033 (sz=40, trace=300976, class=java.lang.invoke.MethodType@50000121)
OBJ 50002034 (sz=32, trace=300443, class=java.lang.invoke.MethodType$ConcurrentWeakInternSet$WeakEntry@50000b5f)
OBJ 50002035 (sz=24, trace=301003, class=java.lang.String@50000165)
ARR 50002036 (sz=24, trace=301004, nelems=0, elem type=char[])
OBJ 50002037 (sz=40, trace=301013, class=java.lang.invoke.MethodType@50000121)
OBJ 50002038 (sz=32, trace=300443, class=java.lang.invoke.MethodType$ConcurrentWeakInternSet$WeakEntry@50000b5f)
OBJ 50002039 (sz=32, trace=300845, class=java.lang.invoke.DirectMethodHandle@50000125)
	type		50000fc0
	form		5000141e
	member		50001f05
OBJ 5000203a (sz=40, trace=301012, class=java.lang.ref.SoftReference@50000149)
	referent	50002039
	queue		50006b4d
ARR 5000203b (sz=24, trace=300975, nelems=0, elem type=int[])
OBJ 5000203c (sz=24, trace=300612, class=java.util.ArrayList@500000d4)
OBJ 5000203d (sz=24, trace=300613, class=java.lang.String@50000165)
ARR 5000203e (sz=80, trace=300614, nelems=0, elem type=char[])
ARR 5000203f (sz=80, trace=300615, nelems=0, elem type=char[])
OBJ 50002040 (sz=24, trace=300616, class=java.lang.String@50000165)
OBJ 50002041 (sz=16, trace=300048, class=java.lang.Object@50000169)
OBJ 50002042 (sz=16, trace=300051, class=java.lang.Object@50000169)
ARR 50002043 (sz=56, trace=300237, nelems=0, elem type=java.lang.Object[]@500000ff)
OBJ 50002044 (sz=24, trace=300983, class=java.lang.String@50000165)
ARR 50002045 (sz=48, trace=300614, nelems=0, elem type=char[])
ARR 50002046 (sz=48, trace=300984, nelems=0, elem type=char[])
OBJ 50002047 (sz=24, trace=300985, class=java.lang.String@50000165)
OBJ 50002048 (sz=16, trace=300048, class=java.lang.Object@50000169)
OBJ 50002049 (sz=24, trace=300617, class=java.lang.String@50000165)
ARR 5000204a (sz=48, trace=300614, nelems=0, elem type=char[])
ARR 5000204b (sz=48, trace=300618, nelems=0, elem type=char[])
OBJ 5000204c (sz=24, trace=300619, class=java.lang.String@50000165)
OBJ 5000204d (sz=16, trace=300048, class=java.lang.Object@50000169)
OBJ 5000204e (sz=40, trace=300976, class=java.lang.invoke.MethodType@50000121)
OBJ 5000204f (sz=32, trace=300443, class=java.lang.invoke.MethodType$ConcurrentWeakInternSet$WeakEntry@50000b5f)
OBJ 50002050 (sz=24, trace=301003, class=java.lang.String@50000165)
ARR 50002051 (sz=24, trace=301004, nelems=0, elem type=char[])
OBJ 50002052 (sz=40, trace=301013, class=java.lang.invoke.MethodType@50000121)
OBJ 50002053 (sz=32, trace=300443, class=java.lang.invoke.MethodType$ConcurrentWeakInternSet$WeakEntry@50000b5f)
OBJ 50002054 (sz=32, trace=300845, class=java.lang.invoke.DirectMethodHandle@50000125)
	type		50000fc0
	form		5000141e
	member		50001f06
OBJ 50002055 (sz=40, trace=301012, class=java.lang.ref.SoftReference@50000149)
	referent	50002054
	queue		50006b4d
ARR 50002056 (sz=24, trace=300975, nelems=0, elem type=int[])
OBJ 50002057 (sz=24, trace=300612, class=java.util.ArrayList@500000d4)
OBJ 50002058 (sz=24, trace=300613, class=java.lang.String@50000165)
ARR 50002059 (sz=80, trace=300614, nelems=0, elem type=char[])
ARR 5000205a (sz=80, trace=300615, nelems=0, elem type=char[])
OBJ 5000205b (sz=24, trace=300616, class=java.lang.String@50000165)
OBJ 5000205c (sz=16, trace=300048, class=java.lang.Object@50000169)
OBJ 5000205d (sz=16, trace=300051, class=java.lang.Object@50000169)
ARR 5000205e (sz=56, trace=300237, nelems=0, elem type=java.lang.Object[]@500000ff)
OBJ 5000205f (sz=24, trace=300983, class=java.lang.String@50000165)
ARR 50002060 (sz=48, trace=300614, nelems=0, elem type=char[])
ARR 50002061 (sz=48, trace=300984, nelems=0, elem type=char[])
OBJ 50002062 (sz=24, trace=300985, class=java.lang.String@50000165)
OBJ 50002063 (sz=16, trace=300048, class=java.lang.Object@50000169)
OBJ 50002064 (sz=24, trace=300617, class=java.lang.String@50000165)
ARR 50002065 (sz=48, trace=300614, nelems=0, elem type=char[])
ARR 50002066 (sz=48, trace=300618, nelems=0, elem type=char[])
OBJ 50002067 (sz=24, trace=300619, class=java.lang.String@50000165)
OBJ 50002068 (sz=16, trace=300048, class=java.lang.Object@50000169)
OBJ 50002069 (sz=40, trace=300976, class=java.lang.invoke.MethodType@50000121)
OBJ 5000206a (sz=32, trace=300443, class=java.lang.invoke.MethodType$ConcurrentWeakInternSet$WeakEntry@50000b5f)
OBJ 5000206b (sz=24, trace=301003, class=java.lang.String@50000165)
ARR 5000206c (sz=24, trace=301004, nelems=0, elem type=char[])
OBJ 5000206d (sz=40, trace=301013, class=java.lang.invoke.MethodType@50000121)
OBJ 5000206e (sz=32, trace=300443, class=java.lang.invoke.MethodType$ConcurrentWeakInternSet$WeakEntry@50000b5f)
OBJ 5000206f (sz=32, trace=300845, class=java.lang.invoke.DirectMethodHandle@50000125)
	type		50000fc0
	form		5000141e
	member		50001f07
OBJ 50002070 (sz=40, trace=301012, class=java.lang.ref.SoftReference@50000149)
	referent	5000206f
	queue		50006b4d
ARR 50002071 (sz=56, trace=300623, nelems=0, elem type=java.lang.invoke.LambdaForm$Name[]@50000fce)
ARR 50002072 (sz=24, trace=300674, nelems=0, elem type=java.lang.Object[]@500000ff)
ARR 50002073 (sz=24, trace=300675, nelems=1, elem type=java.lang.Object[]@500000ff)
	[0]		50000f65
OBJ 50002074 (sz=32, trace=300676, class=java.lang.invoke.LambdaForm$Name@50000f62)
	type		50000f5a
	function	50001105
	arguments	50002073
ARR 50002075 (sz=48, trace=300677, nelems=0, elem type=java.lang.Object[]@500000ff)
OBJ 50002076 (sz=24, trace=300678, class=java.lang.invoke.LambdaForm$NamedFunction@50000f99)
	member		50006e89
ARR 50002077 (sz=48, trace=300679, nelems=7, elem type=java.lang.Object[]@500000ff)
	[0]		50000f66
	[1]		50000f67
	[2]		50000f68
	[3]		50000f69
	[4]		50000f6a
	[5]		50000f6b
	[6]		50002074
OBJ 50002078 (sz=32, trace=300680, class=java.lang.invoke.LambdaForm$Name@50000f62)
	type		50000f5a
	function	50002076
	arguments	50002077
OBJ 50002079 (sz=24, trace=300681, class=java.lang.StringBuilder@50000118)
ARR 5000207a (sz=48, trace=300682, nelems=0, elem type=char[])
ARR 5000207b (sz=88, trace=300010, nelems=0, elem type=char[])
ARR 5000207c (sz=32, trace=300683, nelems=0, elem type=char[])
OBJ 5000207d (sz=24, trace=300685, class=java.util.Arrays$ArrayList@5000115f)
OBJ 5000207e (sz=24, trace=300686, class=java.util.Collections$UnmodifiableRandomAccessList@500000ca)
OBJ 5000207f (sz=24, trace=300688, class=java.util.Collections$UnmodifiableCollection$1@50001162)
OBJ 50002080 (sz=32, trace=300690, class=java.util.AbstractList$Itr@50001164)
OBJ 50002081 (sz=24, trace=300691, class=java.lang.String@50000165)
ARR 50002082 (sz=32, trace=300692, nelems=0, elem type=char[])
OBJ 50002083 (sz=24, trace=300861, class=java.lang.StringBuilder@50000118)
ARR 50002084 (sz=48, trace=300862, nelems=0, elem type=char[])
OBJ 50002085 (sz=24, trace=300863, class=java.lang.String@50000165)
ARR 50002086 (sz=24, trace=300864, nelems=0, elem type=char[])
OBJ 50002087 (sz=24, trace=300693, class=java.lang.String@50000165)
	value		50002088
ARR 50002088 (sz=42, trace=300694, nelems=21, elem type=char[])
OBJ 50002089 (sz=48, trace=300695, class=java.lang.invoke.LambdaForm@50000122)
	names		50006e88
	debugName	50002087
	vmentry		50006e87
OBJ 5000208a (sz=24, trace=300696, class=java.lang.StringBuilder@50000118)
ARR 5000208b (sz=40, trace=300697, nelems=0, elem type=char[])
OBJ 5000208c (sz=24, trace=300698, class=java.lang.String@50000165)
ARR 5000208d (sz=40, trace=300699, nelems=0, elem type=char[])
ARR 5000208e (sz=48, trace=300700, nelems=0, elem type=java.lang.Class[]@500000fa)
OBJ 5000208f (sz=40, trace=300701, class=java.lang.invoke.MethodType@50000121)
OBJ 50002090 (sz=32, trace=300443, class=java.lang.invoke.MethodType$ConcurrentWeakInternSet$WeakEntry@50000b5f)
OBJ 50002091 (sz=64, trace=300704, class=java.lang.invoke.InvokerBytecodeGenerator@50001172)
OBJ 50002092 (sz=48, trace=300705, class=java.util.HashMap@500000bd)
OBJ 50002093 (sz=24, trace=300706, class=java.lang.String@50000165)
ARR 50002094 (sz=24, trace=300707, nelems=0, elem type=char[])
OBJ 50002095 (sz=24, trace=300708, class=java.lang.String@50000165)
	value		50002096
ARR 50002096 (sz=34, trace=300709, nelems=17, elem type=char[])
OBJ 50002097 (sz=24, trace=300710, class=java.lang.StringBuilder@50000118)
ARR 50002098 (sz=48, trace=300711, nelems=0, elem type=char[])
ARR 50002099 (sz=88, trace=300010, nelems=0, elem type=char[])
OBJ 5000209a (sz=24, trace=300712, class=java.lang.String@50000165)
ARR 5000209b (sz=80, trace=300713, nelems=0, elem type=char[])
OBJ 5000209c (sz=24, trace=300714, class=java.lang.StringBuilder@50000118)
ARR 5000209d (sz=48, trace=300715, nelems=0, elem type=char[])
OBJ 5000209e (sz=24, trace=300716, class=java.lang.String@50000165)
ARR 5000209f (sz=48, trace=300717, nelems=0, elem type=char[])
ARR 500020a0 (sz=56, trace=300718, nelems=0, elem type=int[])
ARR 500020a1 (sz=56, trace=300719, nelems=0, elem type=java.lang.invoke.LambdaForm$BasicType[]@50000f60)
ARR 500020a2 (sz=56, trace=300720, nelems=0, elem type=java.lang.Class[]@500000fa)
OBJ 500020a3 (sz=168, trace=300723, class=jdk.internal.org.objectweb.asm.ClassWriter@50001187)
OBJ 500020a4 (sz=24, trace=300725, class=jdk.internal.org.objectweb.asm.ByteVector@5000118a)
ARR 500020a5 (sz=80, trace=300726, nelems=0, elem type=byte[])
ARR 500020a6 (sz=1040, trace=300728, nelems=0, elem type=jdk.internal.org.objectweb.asm.Item[]@5000118e)
OBJ 500020a7 (sz=56, trace=300729, class=jdk.internal.org.objectweb.asm.Item@5000118d)
OBJ 500020a8 (sz=56, trace=300730, class=jdk.internal.org.objectweb.asm.Item@5000118d)
OBJ 500020a9 (sz=56, trace=300731, class=jdk.internal.org.objectweb.asm.Item@5000118d)
OBJ 500020aa (sz=56, trace=300732, class=jdk.internal.org.objectweb.asm.Item@5000118d)
OBJ 500020ab (sz=56, trace=300733, class=jdk.internal.org.objectweb.asm.Item@5000118d)
OBJ 500020ac (sz=56, trace=300734, class=jdk.internal.org.objectweb.asm.Item@5000118d)
OBJ 500020ad (sz=56, trace=300733, class=jdk.internal.org.objectweb.asm.Item@5000118d)
OBJ 500020ae (sz=56, trace=300735, class=jdk.internal.org.objectweb.asm.Item@5000118d)
ARR 500020af (sz=144, trace=300736, nelems=0, elem type=byte[])
OBJ 500020b0 (sz=56, trace=300737, class=jdk.internal.org.objectweb.asm.Item@5000118d)
OBJ 500020b1 (sz=24, trace=300685, class=java.util.Arrays$ArrayList@5000115f)
OBJ 500020b2 (sz=24, trace=300686, class=java.util.Collections$UnmodifiableRandomAccessList@500000ca)
OBJ 500020b3 (sz=24, trace=300738, class=java.lang.StringBuilder@50000118)
ARR 500020b4 (sz=48, trace=300739, nelems=0, elem type=char[])
OBJ 500020b5 (sz=24, trace=300740, class=java.util.Collections$UnmodifiableCollection$1@50001162)
OBJ 500020b6 (sz=32, trace=300690, class=java.util.AbstractList$Itr@50001164)
ARR 500020b7 (sz=48, trace=300741, nelems=0, elem type=char[])
OBJ 500020b8 (sz=24, trace=300742, class=java.lang.String@50000165)
ARR 500020b9 (sz=88, trace=300010, nelems=0, elem type=char[])
ARR 500020ba (sz=48, trace=300741, nelems=0, elem type=char[])
OBJ 500020bb (sz=24, trace=300742, class=java.lang.String@50000165)
ARR 500020bc (sz=160, trace=300010, nelems=0, elem type=char[])
ARR 500020bd (sz=48, trace=300741, nelems=0, elem type=char[])
OBJ 500020be (sz=24, trace=300742, class=java.lang.String@50000165)
ARR 500020bf (sz=48, trace=300741, nelems=0, elem type=char[])
OBJ 500020c0 (sz=24, trace=300742, class=java.lang.String@50000165)
ARR 500020c1 (sz=304, trace=300010, nelems=0, elem type=char[])
ARR 500020c2 (sz=48, trace=300741, nelems=0, elem type=char[])
OBJ 500020c3 (sz=24, trace=300742, class=java.lang.String@50000165)
ARR 500020c4 (sz=48, trace=300741, nelems=0, elem type=char[])
OBJ 500020c5 (sz=24, trace=300742, class=java.lang.String@50000165)
ARR 500020c6 (sz=48, trace=300741, nelems=0, elem type=char[])
OBJ 500020c7 (sz=24, trace=300742, class=java.lang.String@50000165)
ARR 500020c8 (sz=48, trace=300743, nelems=0, elem type=char[])
OBJ 500020c9 (sz=24, trace=300744, class=java.lang.String@50000165)
ARR 500020ca (sz=592, trace=300010, nelems=0, elem type=char[])
OBJ 500020cb (sz=24, trace=300745, class=java.lang.String@50000165)
	value		500020cc
ARR 500020cc (sz=292, trace=300746, nelems=146, elem type=char[])
OBJ 500020cd (sz=224, trace=300748, class=jdk.internal.org.objectweb.asm.MethodWriter@500011ab)
OBJ 500020ce (sz=24, trace=300749, class=jdk.internal.org.objectweb.asm.ByteVector@5000118a)
ARR 500020cf (sz=80, trace=300750, nelems=0, elem type=byte[])
OBJ 500020d0 (sz=56, trace=300751, class=jdk.internal.org.objectweb.asm.Item@5000118d)
ARR 500020d1 (sz=272, trace=300752, nelems=0, elem type=byte[])
OBJ 500020d2 (sz=56, trace=300753, class=jdk.internal.org.objectweb.asm.Item@5000118d)
OBJ 500020d3 (sz=64, trace=300765, class=jdk.internal.org.objectweb.asm.Label@500011bc)
OBJ 500020d4 (sz=48, trace=300768, class=jdk.internal.org.objectweb.asm.Frame@500011be)
OBJ 500020d5 (sz=24, trace=300769, class=jdk.internal.org.objectweb.asm.ByteVector@5000118a)
ARR 500020d6 (sz=80, trace=300770, nelems=0, elem type=byte[])
ARR 500020d7 (sz=528, trace=300779, nelems=0, elem type=byte[])
OBJ 500020d8 (sz=56, trace=300771, class=jdk.internal.org.objectweb.asm.Item@5000118d)
OBJ 500020d9 (sz=56, trace=300773, class=jdk.internal.org.objectweb.asm.AnnotationWriter@500011c5)
OBJ 500020da (sz=24, trace=300774, class=jdk.internal.org.objectweb.asm.ByteVector@5000118a)
ARR 500020db (sz=80, trace=300775, nelems=0, elem type=byte[])
OBJ 500020dc (sz=56, trace=300776, class=jdk.internal.org.objectweb.asm.Item@5000118d)
OBJ 500020dd (sz=56, trace=300773, class=jdk.internal.org.objectweb.asm.AnnotationWriter@500011c5)
OBJ 500020de (sz=24, trace=300777, class=jdk.internal.org.objectweb.asm.ByteVector@5000118a)
ARR 500020df (sz=80, trace=300778, nelems=0, elem type=byte[])
OBJ 500020e0 (sz=56, trace=300780, class=jdk.internal.org.objectweb.asm.Item@5000118d)
OBJ 500020e1 (sz=56, trace=300773, class=jdk.internal.org.objectweb.asm.AnnotationWriter@500011c5)
OBJ 500020e2 (sz=24, trace=300795, class=java.lang.String@50000165)
ARR 500020e3 (sz=56, trace=300462, nelems=0, elem type=char[])
ARR 500020e4 (sz=88, trace=300796, nelems=0, elem type=char[])
OBJ 500020e5 (sz=24, trace=300797, class=java.lang.String@50000165)
ARR 500020e6 (sz=56, trace=300798, nelems=0, elem type=int[])
OBJ 500020e7 (sz=56, trace=300733, class=jdk.internal.org.objectweb.asm.Item@5000118d)
OBJ 500020e8 (sz=56, trace=300800, class=jdk.internal.org.objectweb.asm.Item@5000118d)
OBJ 500020e9 (sz=56, trace=300801, class=jdk.internal.org.objectweb.asm.Item@5000118d)
OBJ 500020ea (sz=56, trace=300802, class=jdk.internal.org.objectweb.asm.Item@5000118d)
OBJ 500020eb (sz=56, trace=300803, class=jdk.internal.org.objectweb.asm.Item@5000118d)
OBJ 500020ec (sz=56, trace=300804, class=jdk.internal.org.objectweb.asm.Item@5000118d)
OBJ 500020ed (sz=24, trace=300805, class=java.lang.String@50000165)
ARR 500020ee (sz=48, trace=300806, nelems=0, elem type=char[])
OBJ 500020ef (sz=56, trace=300807, class=jdk.internal.org.objectweb.asm.Item@5000118d)
ARR 500020f0 (sz=80, trace=300808, nelems=0, elem type=jdk.internal.org.objectweb.asm.Item[]@5000118e)
ARR 500020f1 (sz=56, trace=300809, nelems=0, elem type=int[])
OBJ 500020f2 (sz=24, trace=300795, class=java.lang.String@50000165)
ARR 500020f3 (sz=40, trace=300462, nelems=0, elem type=char[])
ARR 500020f4 (sz=72, trace=300811, nelems=0, elem type=char[])
OBJ 500020f5 (sz=24, trace=300812, class=java.lang.String@50000165)
OBJ 500020f6 (sz=56, trace=300813, class=jdk.internal.org.objectweb.asm.Item@5000118d)
OBJ 500020f7 (sz=56, trace=300814, class=jdk.internal.org.objectweb.asm.Item@5000118d)
OBJ 500020f8 (sz=56, trace=300815, class=jdk.internal.org.objectweb.asm.Item@5000118d)
OBJ 500020f9 (sz=24, trace=300685, class=java.util.Arrays$ArrayList@5000115f)
OBJ 500020fa (sz=24, trace=300686, class=java.util.Collections$UnmodifiableRandomAccessList@500000ca)
OBJ 500020fb (sz=24, trace=300738, class=java.lang.StringBuilder@50000118)
ARR 500020fc (sz=48, trace=300739, nelems=0, elem type=char[])
OBJ 500020fd (sz=24, trace=300740, class=java.util.Collections$UnmodifiableCollection$1@50001162)
OBJ 500020fe (sz=32, trace=300690, class=java.util.AbstractList$Itr@50001164)
ARR 500020ff (sz=48, trace=300741, nelems=0, elem type=char[])
OBJ 50002100 (sz=24, trace=300742, class=java.lang.String@50000165)
ARR 50002101 (sz=88, trace=300010, nelems=0, elem type=char[])
ARR 50002102 (sz=48, trace=300741, nelems=0, elem type=char[])
OBJ 50002103 (sz=24, trace=300742, class=java.lang.String@50000165)
ARR 50002104 (sz=160, trace=300010, nelems=0, elem type=char[])
ARR 50002105 (sz=48, trace=300741, nelems=0, elem type=char[])
OBJ 50002106 (sz=24, trace=300742, class=java.lang.String@50000165)
ARR 50002107 (sz=48, trace=300741, nelems=0, elem type=char[])
OBJ 50002108 (sz=24, trace=300742, class=java.lang.String@50000165)
ARR 50002109 (sz=304, trace=300010, nelems=0, elem type=char[])
ARR 5000210a (sz=48, trace=300741, nelems=0, elem type=char[])
OBJ 5000210b (sz=24, trace=300742, class=java.lang.String@50000165)
ARR 5000210c (sz=48, trace=300741, nelems=0, elem type=char[])
OBJ 5000210d (sz=24, trace=300742, class=java.lang.String@50000165)
ARR 5000210e (sz=72, trace=300741, nelems=0, elem type=char[])
OBJ 5000210f (sz=24, trace=300742, class=java.lang.String@50000165)
ARR 50002110 (sz=48, trace=300743, nelems=0, elem type=char[])
OBJ 50002111 (sz=24, trace=300744, class=java.lang.String@50000165)
ARR 50002112 (sz=592, trace=300010, nelems=0, elem type=char[])
OBJ 50002113 (sz=24, trace=300745, class=java.lang.String@50000165)
	value		50002114
ARR 50002114 (sz=314, trace=300746, nelems=157, elem type=char[])
ARR 50002115 (sz=1040, trace=300852, nelems=0, elem type=byte[])
OBJ 50002116 (sz=56, trace=300733, class=jdk.internal.org.objectweb.asm.Item@5000118d)
OBJ 50002117 (sz=56, trace=300800, class=jdk.internal.org.objectweb.asm.Item@5000118d)
OBJ 50002118 (sz=56, trace=300801, class=jdk.internal.org.objectweb.asm.Item@5000118d)
OBJ 50002119 (sz=56, trace=300802, class=jdk.internal.org.objectweb.asm.Item@5000118d)
OBJ 5000211a (sz=56, trace=300803, class=jdk.internal.org.objectweb.asm.Item@5000118d)
OBJ 5000211b (sz=56, trace=300804, class=jdk.internal.org.objectweb.asm.Item@5000118d)
OBJ 5000211c (sz=24, trace=300805, class=java.lang.String@50000165)
ARR 5000211d (sz=48, trace=300806, nelems=0, elem type=char[])
OBJ 5000211e (sz=64, trace=300817, class=jdk.internal.org.objectweb.asm.Label@500011bc)
OBJ 5000211f (sz=48, trace=300818, class=jdk.internal.org.objectweb.asm.Frame@500011be)
ARR 50002120 (sz=312, trace=300819, nelems=0, elem type=char[])
ARR 50002121 (sz=48, trace=300820, nelems=0, elem type=jdk.internal.org.objectweb.asm.Type[]@50001222)
OBJ 50002122 (sz=32, trace=300821, class=jdk.internal.org.objectweb.asm.Type@500011b2)
OBJ 50002123 (sz=32, trace=300821, class=jdk.internal.org.objectweb.asm.Type@500011b2)
OBJ 50002124 (sz=32, trace=300821, class=jdk.internal.org.objectweb.asm.Type@500011b2)
OBJ 50002125 (sz=32, trace=300821, class=jdk.internal.org.objectweb.asm.Type@500011b2)
OBJ 50002126 (sz=32, trace=300821, class=jdk.internal.org.objectweb.asm.Type@500011b2)
OBJ 50002127 (sz=32, trace=300821, class=jdk.internal.org.objectweb.asm.Type@500011b2)
OBJ 50002128 (sz=32, trace=300821, class=jdk.internal.org.objectweb.asm.Type@500011b2)
ARR 50002129 (sz=48, trace=300822, nelems=0, elem type=int[])
ARR 5000212a (sz=16, trace=300823, nelems=0, elem type=int[])
OBJ 5000212b (sz=24, trace=300824, class=java.lang.StringBuffer@50000119)
ARR 5000212c (sz=48, trace=300825, nelems=0, elem type=char[])
ARR 5000212d (sz=88, trace=300826, nelems=0, elem type=char[])
ARR 5000212e (sz=56, trace=300827, nelems=0, elem type=char[])
OBJ 5000212f (sz=24, trace=300828, class=java.lang.String@50000165)
OBJ 50002130 (sz=24, trace=300829, class=java.lang.String@50000165)
ARR 50002131 (sz=48, trace=300806, nelems=0, elem type=char[])
OBJ 50002132 (sz=24, trace=300824, class=java.lang.StringBuffer@50000119)
ARR 50002133 (sz=48, trace=300825, nelems=0, elem type=char[])
ARR 50002134 (sz=88, trace=300826, nelems=0, elem type=char[])
ARR 50002135 (sz=56, trace=300827, nelems=0, elem type=char[])
OBJ 50002136 (sz=24, trace=300828, class=java.lang.String@50000165)
OBJ 50002137 (sz=24, trace=300829, class=java.lang.String@50000165)
ARR 50002138 (sz=48, trace=300806, nelems=0, elem type=char[])
OBJ 50002139 (sz=24, trace=300824, class=java.lang.StringBuffer@50000119)
ARR 5000213a (sz=48, trace=300825, nelems=0, elem type=char[])
ARR 5000213b (sz=88, trace=300826, nelems=0, elem type=char[])
ARR 5000213c (sz=56, trace=300827, nelems=0, elem type=char[])
OBJ 5000213d (sz=24, trace=300828, class=java.lang.String@50000165)
OBJ 5000213e (sz=24, trace=300829, class=java.lang.String@50000165)
ARR 5000213f (sz=48, trace=300806, nelems=0, elem type=char[])
OBJ 50002140 (sz=24, trace=300824, class=java.lang.StringBuffer@50000119)
ARR 50002141 (sz=48, trace=300825, nelems=0, elem type=char[])
ARR 50002142 (sz=88, trace=300826, nelems=0, elem type=char[])
ARR 50002143 (sz=56, trace=300827, nelems=0, elem type=char[])
OBJ 50002144 (sz=24, trace=300828, class=java.lang.String@50000165)
OBJ 50002145 (sz=24, trace=300829, class=java.lang.String@50000165)
ARR 50002146 (sz=48, trace=300806, nelems=0, elem type=char[])
OBJ 50002147 (sz=24, trace=300824, class=java.lang.StringBuffer@50000119)
ARR 50002148 (sz=48, trace=300825, nelems=0, elem type=char[])
ARR 50002149 (sz=88, trace=300826, nelems=0, elem type=char[])
ARR 5000214a (sz=56, trace=300827, nelems=0, elem type=char[])
OBJ 5000214b (sz=24, trace=300828, class=java.lang.String@50000165)
OBJ 5000214c (sz=24, trace=300829, class=java.lang.String@50000165)
ARR 5000214d (sz=48, trace=300806, nelems=0, elem type=char[])
OBJ 5000214e (sz=24, trace=300824, class=java.lang.StringBuffer@50000119)
ARR 5000214f (sz=48, trace=300825, nelems=0, elem type=char[])
ARR 50002150 (sz=88, trace=300826, nelems=0, elem type=char[])
ARR 50002151 (sz=56, trace=300827, nelems=0, elem type=char[])
OBJ 50002152 (sz=24, trace=300828, class=java.lang.String@50000165)
OBJ 50002153 (sz=24, trace=300829, class=java.lang.String@50000165)
ARR 50002154 (sz=48, trace=300806, nelems=0, elem type=char[])
OBJ 50002155 (sz=24, trace=300824, class=java.lang.StringBuffer@50000119)
ARR 50002156 (sz=48, trace=300825, nelems=0, elem type=char[])
ARR 50002157 (sz=88, trace=300826, nelems=0, elem type=char[])
ARR 50002158 (sz=56, trace=300827, nelems=0, elem type=char[])
OBJ 50002159 (sz=24, trace=300828, class=java.lang.String@50000165)
OBJ 5000215a (sz=24, trace=300829, class=java.lang.String@50000165)
ARR 5000215b (sz=48, trace=300806, nelems=0, elem type=char[])
ARR 5000215c (sz=56, trace=300830, nelems=0, elem type=int[])
ARR 5000215d (sz=24, trace=300831, nelems=0, elem type=java.lang.Object[]@500000ff)
OBJ 5000215e (sz=56, trace=300832, class=jdk.internal.org.objectweb.asm.Item@5000118d)
OBJ 5000215f (sz=56, trace=300833, class=jdk.internal.org.objectweb.asm.Item@5000118d)
OBJ 50002160 (sz=56, trace=300834, class=jdk.internal.org.objectweb.asm.Item@5000118d)
OBJ 50002161 (sz=24, trace=300835, class=jdk.internal.org.objectweb.asm.ByteVector@5000118a)
ARR 50002162 (sz=896, trace=300836, nelems=0, elem type=byte[])
ARR 50002163 (sz=128, trace=300837, nelems=0, elem type=java.lang.Object[]@500000ff)
OBJ 50002164 (sz=16, trace=300839, class=java.util.HashMap$Values@5000123e)
OBJ 50002165 (sz=40, trace=300841, class=java.util.HashMap$ValueIterator@50001241)
OBJ 50002167 (sz=56, trace=300843, class=java.lang.invoke.MemberName@50000124)
OBJ 50002168 (sz=40, trace=300844, class=java.lang.ref.SoftReference@50000149)
	referent	50002089
	queue		50006b4d
OBJ 50002169 (sz=32, trace=300865, class=java.lang.invoke.DirectMethodHandle@50000125)
	type		50000b61
	form		50002089
	asTypeCache	500058b0
	member		50006da6
OBJ 5000216a (sz=56, trace=301020, class=java.lang.invoke.MemberName@50000124)
ARR 5000216b (sz=32, trace=301021, nelems=0, elem type=java.lang.Object[]@500000ff)
ARR 5000216c (sz=80, trace=301022, nelems=5, elem type=java.util.concurrent.ConcurrentHashMap$Node[]@50000020)
	[4]		5000216d
OBJ 5000216d (sz=32, trace=301023, class=java.util.concurrent.ConcurrentHashMap$Node@50000021)
	key		50006da6
	val		50002169
OBJ 5000216e (sz=40, trace=300441, class=java.lang.invoke.MethodType@50000121)
OBJ 5000216f (sz=32, trace=300443, class=java.lang.invoke.MethodType$ConcurrentWeakInternSet$WeakEntry@50000b5f)
OBJ 50002170 (sz=40, trace=300441, class=java.lang.invoke.MethodType@50000121)
OBJ 50002171 (sz=32, trace=300443, class=java.lang.invoke.MethodType$ConcurrentWeakInternSet$WeakEntry@50000b5f)
OBJ 50002172 (sz=24, trace=300504, class=java.lang.invoke.MethodHandles$Lookup@50000b4e)
OBJ 50002173 (sz=56, trace=300505, class=java.lang.invoke.MemberName@50000124)
ARR 50002174 (sz=32, trace=300506, nelems=0, elem type=java.lang.Object[]@500000ff)
ARR 50002175 (sz=24, trace=300512, nelems=0, elem type=java.lang.Class[]@500000fa)
OBJ 50002176 (sz=40, trace=300514, class=java.lang.invoke.MethodType@50000121)
OBJ 50002177 (sz=32, trace=300443, class=java.lang.invoke.MethodType$ConcurrentWeakInternSet$WeakEntry@50000b5f)
OBJ 50002178 (sz=40, trace=300515, class=java.lang.invoke.MethodType@50000121)
	rtype		5000629a
	ptypes		50006fd8
	form		5000217c
	methodDescriptor	50002210
OBJ 50002179 (sz=40, trace=300445, class=java.lang.invoke.MethodType@50000121)
OBJ 5000217a (sz=32, trace=300443, class=java.lang.invoke.MethodType$ConcurrentWeakInternSet$WeakEntry@50000b5f)
OBJ 5000217b (sz=40, trace=300446, class=java.lang.invoke.MethodType@50000121)
	rtype		5000629a
	ptypes		50006fd9
	form		5000217c
	methodDescriptor	500021d6
OBJ 5000217c (sz=56, trace=300447, class=java.lang.invoke.MethodTypeForm@50000b5a)
	argToSlotTable	5000217e
	slotToArgTable	5000217d
	erasedType	5000217b
	basicType	5000217b
	methodHandles	50002180
	lambdaForms	5000217f
ARR 5000217d (sz=12, trace=300448, nelems=3, elem type=int[])
ARR 5000217e (sz=12, trace=300449, nelems=3, elem type=int[])
ARR 5000217f (sz=88, trace=300450, nelems=0, elem type=java.lang.ref.SoftReference[]@50000b68)
ARR 50002180 (sz=32, trace=300451, nelems=0, elem type=java.lang.ref.SoftReference[]@50000b68)
OBJ 50002181 (sz=32, trace=300452, class=java.lang.invoke.MethodType$ConcurrentWeakInternSet$WeakEntry@50000b5f)
	referent	5000217b
	queue		50000b52
OBJ 50002182 (sz=32, trace=300454, class=java.util.concurrent.ConcurrentHashMap$Node@50000021)
	key		50002181
	val		50002181
	next		50004629
OBJ 50002183 (sz=32, trace=300452, class=java.lang.invoke.MethodType$ConcurrentWeakInternSet$WeakEntry@50000b5f)
	referent	50002178
	queue		50000b52
OBJ 50002184 (sz=32, trace=300454, class=java.util.concurrent.ConcurrentHashMap$Node@50000021)
	key		50002183
	val		50002183
OBJ 50002185 (sz=56, trace=300516, class=java.lang.invoke.MemberName@50000124)
ARR 50002186 (sz=24, trace=300518, nelems=0, elem type=java.lang.Class[]@500000fa)
OBJ 50002187 (sz=40, trace=300519, class=java.lang.invoke.MethodType@50000121)
OBJ 50002188 (sz=32, trace=300443, class=java.lang.invoke.MethodType$ConcurrentWeakInternSet$WeakEntry@50000b5f)
OBJ 50002189 (sz=40, trace=300520, class=java.lang.invoke.MethodType@50000121)
	rtype		5000629a
	ptypes		50007059
	form		5000217c
OBJ 5000218a (sz=40, trace=300445, class=java.lang.invoke.MethodType@50000121)
OBJ 5000218b (sz=32, trace=300443, class=java.lang.invoke.MethodType$ConcurrentWeakInternSet$WeakEntry@50000b5f)
OBJ 5000218c (sz=32, trace=300452, class=java.lang.invoke.MethodType$ConcurrentWeakInternSet$WeakEntry@50000b5f)
	referent	50002189
	queue		50000b52
OBJ 5000218d (sz=32, trace=300454, class=java.util.concurrent.ConcurrentHashMap$Node@50000021)
	key		5000218c
	val		5000218c
	next		50003dec
ARR 5000218e (sz=32, trace=300623, nelems=0, elem type=java.lang.invoke.LambdaForm$Name[]@50000fce)
ARR 5000218f (sz=24, trace=300674, nelems=0, elem type=java.lang.Object[]@500000ff)
ARR 50002190 (sz=24, trace=300675, nelems=1, elem type=java.lang.Object[]@500000ff)
	[0]		50000f65
OBJ 50002191 (sz=32, trace=300676, class=java.lang.invoke.LambdaForm$Name@50000f62)
	type		50000f5a
	function	50001105
	arguments	50002190
ARR 50002192 (sz=24, trace=300677, nelems=0, elem type=java.lang.Object[]@500000ff)
OBJ 50002193 (sz=24, trace=300678, class=java.lang.invoke.LambdaForm$NamedFunction@50000f99)
	member		50006fd7
ARR 50002194 (sz=24, trace=300679, nelems=2, elem type=java.lang.Object[]@500000ff)
	[0]		50000f66
	[1]		50002191
OBJ 50002195 (sz=32, trace=300680, class=java.lang.invoke.LambdaForm$Name@50000f62)
	type		50000f5b
	function	50002193
	arguments	50002194
OBJ 50002196 (sz=24, trace=300681, class=java.lang.StringBuilder@50000118)
ARR 50002197 (sz=48, trace=300682, nelems=0, elem type=char[])
ARR 50002198 (sz=88, trace=300010, nelems=0, elem type=char[])
ARR 50002199 (sz=24, trace=300683, nelems=0, elem type=char[])
OBJ 5000219a (sz=24, trace=300685, class=java.util.Arrays$ArrayList@5000115f)
OBJ 5000219b (sz=24, trace=300686, class=java.util.Collections$UnmodifiableRandomAccessList@500000ca)
OBJ 5000219c (sz=24, trace=300688, class=java.util.Collections$UnmodifiableCollection$1@50001162)
OBJ 5000219d (sz=32, trace=300690, class=java.util.AbstractList$Itr@50001164)
OBJ 5000219e (sz=24, trace=300691, class=java.lang.String@50000165)
ARR 5000219f (sz=24, trace=300692, nelems=0, elem type=char[])
OBJ 500021a0 (sz=24, trace=300693, class=java.lang.String@50000165)
	value		500021a1
ARR 500021a1 (sz=40, trace=300694, nelems=20, elem type=char[])
OBJ 500021a2 (sz=48, trace=300695, class=java.lang.invoke.LambdaForm@50000122)
	names		50006fd6
	debugName	500021a0
	vmentry		50006fd5
OBJ 500021a3 (sz=24, trace=300696, class=java.lang.StringBuilder@50000118)
ARR 500021a4 (sz=32, trace=300697, nelems=0, elem type=char[])
OBJ 500021a5 (sz=24, trace=300698, class=java.lang.String@50000165)
ARR 500021a6 (sz=24, trace=300699, nelems=0, elem type=char[])
ARR 500021a7 (sz=24, trace=300700, nelems=0, elem type=java.lang.Class[]@500000fa)
OBJ 500021a8 (sz=40, trace=300701, class=java.lang.invoke.MethodType@50000121)
OBJ 500021a9 (sz=32, trace=300443, class=java.lang.invoke.MethodType$ConcurrentWeakInternSet$WeakEntry@50000b5f)
OBJ 500021aa (sz=64, trace=300704, class=java.lang.invoke.InvokerBytecodeGenerator@50001172)
OBJ 500021ab (sz=48, trace=300705, class=java.util.HashMap@500000bd)
OBJ 500021ac (sz=24, trace=300706, class=java.lang.String@50000165)
ARR 500021ad (sz=24, trace=300707, nelems=0, elem type=char[])
OBJ 500021ae (sz=24, trace=300708, class=java.lang.String@50000165)
	value		500021af
ARR 500021af (sz=32, trace=300709, nelems=16, elem type=char[])
OBJ 500021b0 (sz=24, trace=300710, class=java.lang.StringBuilder@50000118)
ARR 500021b1 (sz=48, trace=300711, nelems=0, elem type=char[])
ARR 500021b2 (sz=88, trace=300010, nelems=0, elem type=char[])
OBJ 500021b3 (sz=24, trace=300712, class=java.lang.String@50000165)
ARR 500021b4 (sz=80, trace=300713, nelems=0, elem type=char[])
OBJ 500021b5 (sz=24, trace=300714, class=java.lang.StringBuilder@50000118)
ARR 500021b6 (sz=48, trace=300715, nelems=0, elem type=char[])
OBJ 500021b7 (sz=24, trace=300716, class=java.lang.String@50000165)
ARR 500021b8 (sz=48, trace=300717, nelems=0, elem type=char[])
ARR 500021b9 (sz=40, trace=300718, nelems=0, elem type=int[])
ARR 500021ba (sz=40, trace=300719, nelems=0, elem type=java.lang.invoke.LambdaForm$BasicType[]@50000f60)
ARR 500021bb (sz=40, trace=300720, nelems=0, elem type=java.lang.Class[]@500000fa)
OBJ 500021bc (sz=168, trace=300723, class=jdk.internal.org.objectweb.asm.ClassWriter@50001187)
OBJ 500021bd (sz=24, trace=300725, class=jdk.internal.org.objectweb.asm.ByteVector@5000118a)
ARR 500021be (sz=80, trace=300726, nelems=0, elem type=byte[])
ARR 500021bf (sz=1040, trace=300728, nelems=0, elem type=jdk.internal.org.objectweb.asm.Item[]@5000118e)
OBJ 500021c0 (sz=56, trace=300729, class=jdk.internal.org.objectweb.asm.Item@5000118d)
OBJ 500021c1 (sz=56, trace=300730, class=jdk.internal.org.objectweb.asm.Item@5000118d)
OBJ 500021c2 (sz=56, trace=300731, class=jdk.internal.org.objectweb.asm.Item@5000118d)
OBJ 500021c3 (sz=56, trace=300732, class=jdk.internal.org.objectweb.asm.Item@5000118d)
OBJ 500021c4 (sz=56, trace=300733, class=jdk.internal.org.objectweb.asm.Item@5000118d)
OBJ 500021c5 (sz=56, trace=300734, class=jdk.internal.org.objectweb.asm.Item@5000118d)
OBJ 500021c6 (sz=56, trace=300733, class=jdk.internal.org.objectweb.asm.Item@5000118d)
OBJ 500021c7 (sz=56, trace=300735, class=jdk.internal.org.objectweb.asm.Item@5000118d)
ARR 500021c8 (sz=144, trace=300736, nelems=0, elem type=byte[])
OBJ 500021c9 (sz=56, trace=300737, class=jdk.internal.org.objectweb.asm.Item@5000118d)
OBJ 500021ca (sz=24, trace=300685, class=java.util.Arrays$ArrayList@5000115f)
OBJ 500021cb (sz=24, trace=300686, class=java.util.Collections$UnmodifiableRandomAccessList@500000ca)
OBJ 500021cc (sz=24, trace=300738, class=java.lang.StringBuilder@50000118)
ARR 500021cd (sz=48, trace=300739, nelems=0, elem type=char[])
OBJ 500021ce (sz=24, trace=300740, class=java.util.Collections$UnmodifiableCollection$1@50001162)
OBJ 500021cf (sz=32, trace=300690, class=java.util.AbstractList$Itr@50001164)
ARR 500021d0 (sz=48, trace=300741, nelems=0, elem type=char[])
OBJ 500021d1 (sz=24, trace=300742, class=java.lang.String@50000165)
ARR 500021d2 (sz=88, trace=300010, nelems=0, elem type=char[])
ARR 500021d3 (sz=48, trace=300741, nelems=0, elem type=char[])
OBJ 500021d4 (sz=24, trace=300742, class=java.lang.String@50000165)
ARR 500021d5 (sz=160, trace=300010, nelems=0, elem type=char[])
OBJ 500021d6 (sz=24, trace=300745, class=java.lang.String@50000165)
	value		500021d7
ARR 500021d7 (sz=78, trace=300746, nelems=39, elem type=char[])
OBJ 500021d8 (sz=224, trace=300748, class=jdk.internal.org.objectweb.asm.MethodWriter@500011ab)
OBJ 500021d9 (sz=24, trace=300749, class=jdk.internal.org.objectweb.asm.ByteVector@5000118a)
ARR 500021da (sz=80, trace=300750, nelems=0, elem type=byte[])
OBJ 500021db (sz=56, trace=300751, class=jdk.internal.org.objectweb.asm.Item@5000118d)
ARR 500021dc (sz=272, trace=300752, nelems=0, elem type=byte[])
OBJ 500021dd (sz=56, trace=300753, class=jdk.internal.org.objectweb.asm.Item@5000118d)
OBJ 500021de (sz=64, trace=300765, class=jdk.internal.org.objectweb.asm.Label@500011bc)
OBJ 500021df (sz=48, trace=300768, class=jdk.internal.org.objectweb.asm.Frame@500011be)
OBJ 500021e0 (sz=24, trace=300769, class=jdk.internal.org.objectweb.asm.ByteVector@5000118a)
ARR 500021e1 (sz=80, trace=300770, nelems=0, elem type=byte[])
OBJ 500021e2 (sz=56, trace=300771, class=jdk.internal.org.objectweb.asm.Item@5000118d)
OBJ 500021e3 (sz=56, trace=300773, class=jdk.internal.org.objectweb.asm.AnnotationWriter@500011c5)
OBJ 500021e4 (sz=24, trace=300774, class=jdk.internal.org.objectweb.asm.ByteVector@5000118a)
ARR 500021e5 (sz=80, trace=300775, nelems=0, elem type=byte[])
OBJ 500021e6 (sz=56, trace=300776, class=jdk.internal.org.objectweb.asm.Item@5000118d)
OBJ 500021e7 (sz=56, trace=300773, class=jdk.internal.org.objectweb.asm.AnnotationWriter@500011c5)
OBJ 500021e8 (sz=24, trace=300777, class=jdk.internal.org.objectweb.asm.ByteVector@5000118a)
ARR 500021e9 (sz=80, trace=300778, nelems=0, elem type=byte[])
OBJ 500021ea (sz=56, trace=300780, class=jdk.internal.org.objectweb.asm.Item@5000118d)
OBJ 500021eb (sz=56, trace=300773, class=jdk.internal.org.objectweb.asm.AnnotationWriter@500011c5)
OBJ 500021ec (sz=24, trace=300795, class=java.lang.String@50000165)
ARR 500021ed (sz=56, trace=300462, nelems=0, elem type=char[])
ARR 500021ee (sz=88, trace=300796, nelems=0, elem type=char[])
OBJ 500021ef (sz=24, trace=300797, class=java.lang.String@50000165)
ARR 500021f0 (sz=56, trace=300798, nelems=0, elem type=int[])
ARR 500021f1 (sz=528, trace=300852, nelems=0, elem type=byte[])
OBJ 500021f2 (sz=56, trace=300733, class=jdk.internal.org.objectweb.asm.Item@5000118d)
OBJ 500021f3 (sz=56, trace=300800, class=jdk.internal.org.objectweb.asm.Item@5000118d)
OBJ 500021f4 (sz=56, trace=300801, class=jdk.internal.org.objectweb.asm.Item@5000118d)
OBJ 500021f5 (sz=56, trace=300802, class=jdk.internal.org.objectweb.asm.Item@5000118d)
OBJ 500021f6 (sz=56, trace=300803, class=jdk.internal.org.objectweb.asm.Item@5000118d)
OBJ 500021f7 (sz=56, trace=300804, class=jdk.internal.org.objectweb.asm.Item@5000118d)
OBJ 500021f8 (sz=24, trace=300805, class=java.lang.String@50000165)
ARR 500021f9 (sz=48, trace=300806, nelems=0, elem type=char[])
OBJ 500021fa (sz=56, trace=300807, class=jdk.internal.org.objectweb.asm.Item@5000118d)
ARR 500021fb (sz=80, trace=300808, nelems=0, elem type=jdk.internal.org.objectweb.asm.Item[]@5000118e)
ARR 500021fc (sz=56, trace=300809, nelems=0, elem type=int[])
OBJ 500021fd (sz=24, trace=300795, class=java.lang.String@50000165)
ARR 500021fe (sz=40, trace=300462, nelems=0, elem type=char[])
ARR 500021ff (sz=72, trace=300811, nelems=0, elem type=char[])
OBJ 50002200 (sz=24, trace=300812, class=java.lang.String@50000165)
OBJ 50002201 (sz=56, trace=300813, class=jdk.internal.org.objectweb.asm.Item@5000118d)
OBJ 50002202 (sz=56, trace=300814, class=jdk.internal.org.objectweb.asm.Item@5000118d)
OBJ 50002203 (sz=56, trace=300815, class=jdk.internal.org.objectweb.asm.Item@5000118d)
OBJ 50002204 (sz=24, trace=300685, class=java.util.Arrays$ArrayList@5000115f)
OBJ 50002205 (sz=24, trace=300686, class=java.util.Collections$UnmodifiableRandomAccessList@500000ca)
OBJ 50002206 (sz=24, trace=300738, class=java.lang.StringBuilder@50000118)
ARR 50002207 (sz=48, trace=300739, nelems=0, elem type=char[])
OBJ 50002208 (sz=24, trace=300740, class=java.util.Collections$UnmodifiableCollection$1@50001162)
OBJ 50002209 (sz=32, trace=300690, class=java.util.AbstractList$Itr@50001164)
ARR 5000220a (sz=48, trace=300741, nelems=0, elem type=char[])
OBJ 5000220b (sz=24, trace=300742, class=java.lang.String@50000165)
ARR 5000220c (sz=88, trace=300010, nelems=0, elem type=char[])
ARR 5000220d (sz=72, trace=300741, nelems=0, elem type=char[])
OBJ 5000220e (sz=24, trace=300742, class=java.lang.String@50000165)
ARR 5000220f (sz=160, trace=300010, nelems=0, elem type=char[])
OBJ 50002210 (sz=24, trace=300745, class=java.lang.String@50000165)
	value		50002211
ARR 50002211 (sz=100, trace=300746, nelems=50, elem type=char[])
OBJ 50002212 (sz=56, trace=300733, class=jdk.internal.org.objectweb.asm.Item@5000118d)
OBJ 50002213 (sz=56, trace=300800, class=jdk.internal.org.objectweb.asm.Item@5000118d)
OBJ 50002214 (sz=56, trace=300801, class=jdk.internal.org.objectweb.asm.Item@5000118d)
OBJ 50002215 (sz=56, trace=300802, class=jdk.internal.org.objectweb.asm.Item@5000118d)
OBJ 50002216 (sz=56, trace=300803, class=jdk.internal.org.objectweb.asm.Item@5000118d)
OBJ 50002217 (sz=56, trace=300804, class=jdk.internal.org.objectweb.asm.Item@5000118d)
OBJ 50002218 (sz=64, trace=300817, class=jdk.internal.org.objectweb.asm.Label@500011bc)
OBJ 50002219 (sz=48, trace=300818, class=jdk.internal.org.objectweb.asm.Frame@500011be)
ARR 5000221a (sz=96, trace=300819, nelems=0, elem type=char[])
ARR 5000221b (sz=24, trace=300820, nelems=0, elem type=jdk.internal.org.objectweb.asm.Type[]@50001222)
OBJ 5000221c (sz=32, trace=300821, class=jdk.internal.org.objectweb.asm.Type@500011b2)
OBJ 5000221d (sz=32, trace=300821, class=jdk.internal.org.objectweb.asm.Type@500011b2)
ARR 5000221e (sz=32, trace=300822, nelems=0, elem type=int[])
ARR 5000221f (sz=16, trace=300823, nelems=0, elem type=int[])
OBJ 50002220 (sz=24, trace=300824, class=java.lang.StringBuffer@50000119)
ARR 50002221 (sz=48, trace=300825, nelems=0, elem type=char[])
ARR 50002222 (sz=88, trace=300826, nelems=0, elem type=char[])
ARR 50002223 (sz=56, trace=300827, nelems=0, elem type=char[])
OBJ 50002224 (sz=24, trace=300828, class=java.lang.String@50000165)
OBJ 50002225 (sz=24, trace=300829, class=java.lang.String@50000165)
ARR 50002226 (sz=48, trace=300806, nelems=0, elem type=char[])
OBJ 50002227 (sz=24, trace=300824, class=java.lang.StringBuffer@50000119)
ARR 50002228 (sz=48, trace=300825, nelems=0, elem type=char[])
ARR 50002229 (sz=88, trace=300826, nelems=0, elem type=char[])
ARR 5000222a (sz=56, trace=300827, nelems=0, elem type=char[])
OBJ 5000222b (sz=24, trace=300828, class=java.lang.String@50000165)
OBJ 5000222c (sz=24, trace=300829, class=java.lang.String@50000165)
ARR 5000222d (sz=48, trace=300806, nelems=0, elem type=char[])
ARR 5000222e (sz=40, trace=300830, nelems=0, elem type=int[])
ARR 5000222f (sz=24, trace=300831, nelems=0, elem type=java.lang.Object[]@500000ff)
ARR 50002230 (sz=1040, trace=300855, nelems=0, elem type=byte[])
OBJ 50002231 (sz=56, trace=300832, class=jdk.internal.org.objectweb.asm.Item@5000118d)
OBJ 50002232 (sz=56, trace=300833, class=jdk.internal.org.objectweb.asm.Item@5000118d)
OBJ 50002233 (sz=56, trace=300834, class=jdk.internal.org.objectweb.asm.Item@5000118d)
OBJ 50002234 (sz=24, trace=300835, class=jdk.internal.org.objectweb.asm.ByteVector@5000118a)
ARR 50002235 (sz=672, trace=300836, nelems=0, elem type=byte[])
ARR 50002236 (sz=128, trace=300837, nelems=0, elem type=java.lang.Object[]@500000ff)
OBJ 50002237 (sz=16, trace=300839, class=java.util.HashMap$Values@5000123e)
OBJ 50002238 (sz=40, trace=300841, class=java.util.HashMap$ValueIterator@50001241)
OBJ 5000223a (sz=56, trace=300843, class=java.lang.invoke.MemberName@50000124)
OBJ 5000223b (sz=40, trace=300844, class=java.lang.ref.SoftReference@50000149)
	referent	500021a2
	queue		50006b4d
OBJ 5000223c (sz=32, trace=300865, class=java.lang.invoke.DirectMethodHandle@50000125)
OBJ 5000223e (sz=16, trace=300048, class=java.lang.Object@50000169)
OBJ 5000223f (sz=32, trace=300428, class=java.util.concurrent.ConcurrentHashMap$Node@50000021)
	key		500065e9
	val		5000223e
	next		5000611c
OBJ 50002240 (sz=16, trace=300051, class=java.lang.Object@50000169)
OBJ 50002241 (sz=32, trace=300428, class=java.util.concurrent.ConcurrentHashMap$Node@50000021)
	key		500065e9
	val		50002240
	next		5000611e
OBJ 50002242 (sz=40, trace=300441, class=java.lang.invoke.MethodType@50000121)
OBJ 50002243 (sz=32, trace=300443, class=java.lang.invoke.MethodType$ConcurrentWeakInternSet$WeakEntry@50000b5f)
OBJ 50002244 (sz=40, trace=300444, class=java.lang.invoke.MethodType@50000121)
	rtype		5000223d
	ptypes		50000b54
	form		50000fa0
OBJ 50002245 (sz=40, trace=300445, class=java.lang.invoke.MethodType@50000121)
OBJ 50002246 (sz=32, trace=300443, class=java.lang.invoke.MethodType$ConcurrentWeakInternSet$WeakEntry@50000b5f)
OBJ 50002247 (sz=32, trace=300452, class=java.lang.invoke.MethodType$ConcurrentWeakInternSet$WeakEntry@50000b5f)
	referent	50002244
	queue		50000b52
OBJ 50002248 (sz=32, trace=300454, class=java.util.concurrent.ConcurrentHashMap$Node@50000021)
	key		50002247
	val		50002247
	next		500035aa
OBJ 50002249 (sz=40, trace=301024, class=java.lang.invoke.MethodType@50000121)
OBJ 5000224a (sz=32, trace=300443, class=java.lang.invoke.MethodType$ConcurrentWeakInternSet$WeakEntry@50000b5f)
OBJ 5000224b (sz=40, trace=301025, class=java.lang.invoke.MethodType@50000121)
	rtype		50000126
	ptypes		50000b54
	form		50000fa0
	methodDescriptor	50002514
OBJ 5000224c (sz=40, trace=300445, class=java.lang.invoke.MethodType@50000121)
OBJ 5000224d (sz=32, trace=300443, class=java.lang.invoke.MethodType$ConcurrentWeakInternSet$WeakEntry@50000b5f)
OBJ 5000224e (sz=32, trace=300452, class=java.lang.invoke.MethodType$ConcurrentWeakInternSet$WeakEntry@50000b5f)
	referent	5000224b
	queue		50000b52
OBJ 5000224f (sz=32, trace=300454, class=java.util.concurrent.ConcurrentHashMap$Node@50000021)
	key		5000224e
	val		5000224e
	next		50004723
OBJ 50002250 (sz=56, trace=301026, class=java.lang.invoke.MemberName@50000124)
ARR 50002251 (sz=24, trace=301027, nelems=0, elem type=java.lang.Class[]@500000fa)
OBJ 50002252 (sz=40, trace=300857, class=java.lang.invoke.MethodType@50000121)
OBJ 50002253 (sz=32, trace=300443, class=java.lang.invoke.MethodType$ConcurrentWeakInternSet$WeakEntry@50000b5f)
OBJ 50002254 (sz=40, trace=300858, class=java.lang.invoke.MethodType@50000121)
	rtype		50000126
	ptypes		50006dae
	form		50000fab
OBJ 50002255 (sz=40, trace=300445, class=java.lang.invoke.MethodType@50000121)
OBJ 50002256 (sz=32, trace=300443, class=java.lang.invoke.MethodType$ConcurrentWeakInternSet$WeakEntry@50000b5f)
OBJ 50002257 (sz=32, trace=300452, class=java.lang.invoke.MethodType$ConcurrentWeakInternSet$WeakEntry@50000b5f)
	referent	50002254
	queue		50000b52
OBJ 50002258 (sz=32, trace=300521, class=java.util.concurrent.ConcurrentHashMap$Node@50000021)
	key		50002257
	val		50002257
ARR 50002259 (sz=24, trace=301028, nelems=0, elem type=java.lang.Class[]@500000fa)
OBJ 5000225a (sz=40, trace=300860, class=java.lang.invoke.MethodType@50000121)
OBJ 5000225b (sz=32, trace=300443, class=java.lang.invoke.MethodType$ConcurrentWeakInternSet$WeakEntry@50000b5f)
ARR 5000225c (sz=24, trace=300512, nelems=0, elem type=java.lang.Class[]@500000fa)
OBJ 5000225d (sz=40, trace=300514, class=java.lang.invoke.MethodType@50000121)
OBJ 5000225e (sz=32, trace=300443, class=java.lang.invoke.MethodType$ConcurrentWeakInternSet$WeakEntry@50000b5f)
OBJ 5000225f (sz=56, trace=300516, class=java.lang.invoke.MemberName@50000124)
ARR 50002260 (sz=24, trace=300518, nelems=0, elem type=java.lang.Class[]@500000fa)
OBJ 50002261 (sz=40, trace=300519, class=java.lang.invoke.MethodType@50000121)
OBJ 50002262 (sz=32, trace=300443, class=java.lang.invoke.MethodType$ConcurrentWeakInternSet$WeakEntry@50000b5f)
ARR 50002263 (sz=32, trace=300623, nelems=0, elem type=java.lang.invoke.LambdaForm$Name[]@50000fce)
ARR 50002264 (sz=24, trace=300674, nelems=0, elem type=java.lang.Object[]@500000ff)
ARR 50002265 (sz=24, trace=300675, nelems=1, elem type=java.lang.Object[]@500000ff)
	[0]		50000f65
OBJ 50002266 (sz=32, trace=300676, class=java.lang.invoke.LambdaForm$Name@50000f62)
	type		50000f5a
	function	50001105
	arguments	50002265
ARR 50002267 (sz=24, trace=300677, nelems=0, elem type=java.lang.Object[]@500000ff)
OBJ 50002268 (sz=24, trace=300678, class=java.lang.invoke.LambdaForm$NamedFunction@50000f99)
	member		50006f3e
ARR 50002269 (sz=24, trace=300679, nelems=2, elem type=java.lang.Object[]@500000ff)
	[0]		50000f66
	[1]		50002266
OBJ 5000226a (sz=32, trace=300680, class=java.lang.invoke.LambdaForm$Name@50000f62)
	type		50000f5a
	function	50002268
	arguments	50002269
OBJ 5000226b (sz=24, trace=300681, class=java.lang.StringBuilder@50000118)
ARR 5000226c (sz=48, trace=300682, nelems=0, elem type=char[])
ARR 5000226d (sz=88, trace=300010, nelems=0, elem type=char[])
ARR 5000226e (sz=24, trace=300683, nelems=0, elem type=char[])
OBJ 5000226f (sz=24, trace=300685, class=java.util.Arrays$ArrayList@5000115f)
OBJ 50002270 (sz=24, trace=300686, class=java.util.Collections$UnmodifiableRandomAccessList@500000ca)
OBJ 50002271 (sz=24, trace=300688, class=java.util.Collections$UnmodifiableCollection$1@50001162)
OBJ 50002272 (sz=32, trace=300690, class=java.util.AbstractList$Itr@50001164)
OBJ 50002273 (sz=24, trace=300691, class=java.lang.String@50000165)
ARR 50002274 (sz=24, trace=300692, nelems=0, elem type=char[])
OBJ 50002275 (sz=24, trace=300693, class=java.lang.String@50000165)
	value		50002276
ARR 50002276 (sz=42, trace=300694, nelems=21, elem type=char[])
OBJ 50002277 (sz=48, trace=300695, class=java.lang.invoke.LambdaForm@50000122)
	names		50006f3d
	debugName	50002275
	vmentry		50006f3c
OBJ 50002278 (sz=24, trace=300696, class=java.lang.StringBuilder@50000118)
ARR 50002279 (sz=32, trace=300697, nelems=0, elem type=char[])
OBJ 5000227a (sz=24, trace=300698, class=java.lang.String@50000165)
ARR 5000227b (sz=24, trace=300699, nelems=0, elem type=char[])
ARR 5000227c (sz=24, trace=300700, nelems=0, elem type=java.lang.Class[]@500000fa)
OBJ 5000227d (sz=40, trace=300701, class=java.lang.invoke.MethodType@50000121)
OBJ 5000227e (sz=32, trace=300443, class=java.lang.invoke.MethodType$ConcurrentWeakInternSet$WeakEntry@50000b5f)
OBJ 5000227f (sz=64, trace=300704, class=java.lang.invoke.InvokerBytecodeGenerator@50001172)
OBJ 50002280 (sz=48, trace=300705, class=java.util.HashMap@500000bd)
OBJ 50002281 (sz=24, trace=300706, class=java.lang.String@50000165)
ARR 50002282 (sz=24, trace=300707, nelems=0, elem type=char[])
OBJ 50002283 (sz=24, trace=300708, class=java.lang.String@50000165)
	value		50002284
ARR 50002284 (sz=34, trace=300709, nelems=17, elem type=char[])
OBJ 50002285 (sz=24, trace=300710, class=java.lang.StringBuilder@50000118)
ARR 50002286 (sz=48, trace=300711, nelems=0, elem type=char[])
ARR 50002287 (sz=88, trace=300010, nelems=0, elem type=char[])
OBJ 50002288 (sz=24, trace=300712, class=java.lang.String@50000165)
ARR 50002289 (sz=80, trace=300713, nelems=0, elem type=char[])
OBJ 5000228a (sz=24, trace=300714, class=java.lang.StringBuilder@50000118)
ARR 5000228b (sz=48, trace=300715, nelems=0, elem type=char[])
OBJ 5000228c (sz=24, trace=300716, class=java.lang.String@50000165)
ARR 5000228d (sz=48, trace=300717, nelems=0, elem type=char[])
ARR 5000228e (sz=40, trace=300718, nelems=0, elem type=int[])
ARR 5000228f (sz=40, trace=300719, nelems=0, elem type=java.lang.invoke.LambdaForm$BasicType[]@50000f60)
ARR 50002290 (sz=40, trace=300720, nelems=0, elem type=java.lang.Class[]@500000fa)
OBJ 50002291 (sz=168, trace=300723, class=jdk.internal.org.objectweb.asm.ClassWriter@50001187)
OBJ 50002292 (sz=24, trace=300725, class=jdk.internal.org.objectweb.asm.ByteVector@5000118a)
ARR 50002293 (sz=80, trace=300726, nelems=0, elem type=byte[])
ARR 50002294 (sz=1040, trace=300728, nelems=0, elem type=jdk.internal.org.objectweb.asm.Item[]@5000118e)
OBJ 50002295 (sz=56, trace=300729, class=jdk.internal.org.objectweb.asm.Item@5000118d)
OBJ 50002296 (sz=56, trace=300730, class=jdk.internal.org.objectweb.asm.Item@5000118d)
OBJ 50002297 (sz=56, trace=300731, class=jdk.internal.org.objectweb.asm.Item@5000118d)
OBJ 50002298 (sz=56, trace=300732, class=jdk.internal.org.objectweb.asm.Item@5000118d)
OBJ 50002299 (sz=56, trace=300733, class=jdk.internal.org.objectweb.asm.Item@5000118d)
OBJ 5000229a (sz=56, trace=300734, class=jdk.internal.org.objectweb.asm.Item@5000118d)
OBJ 5000229b (sz=56, trace=300733, class=jdk.internal.org.objectweb.asm.Item@5000118d)
OBJ 5000229c (sz=56, trace=300735, class=jdk.internal.org.objectweb.asm.Item@5000118d)
ARR 5000229d (sz=144, trace=300736, nelems=0, elem type=byte[])
OBJ 5000229e (sz=56, trace=300737, class=jdk.internal.org.objectweb.asm.Item@5000118d)
OBJ 5000229f (sz=224, trace=300748, class=jdk.internal.org.objectweb.asm.MethodWriter@500011ab)
OBJ 500022a0 (sz=24, trace=300749, class=jdk.internal.org.objectweb.asm.ByteVector@5000118a)
ARR 500022a1 (sz=80, trace=300750, nelems=0, elem type=byte[])
OBJ 500022a2 (sz=56, trace=300751, class=jdk.internal.org.objectweb.asm.Item@5000118d)
ARR 500022a3 (sz=272, trace=300752, nelems=0, elem type=byte[])
OBJ 500022a4 (sz=56, trace=300753, class=jdk.internal.org.objectweb.asm.Item@5000118d)
OBJ 500022a5 (sz=64, trace=300765, class=jdk.internal.org.objectweb.asm.Label@500011bc)
OBJ 500022a6 (sz=48, trace=300768, class=jdk.internal.org.objectweb.asm.Frame@500011be)
OBJ 500022a7 (sz=24, trace=300769, class=jdk.internal.org.objectweb.asm.ByteVector@5000118a)
ARR 500022a8 (sz=80, trace=300770, nelems=0, elem type=byte[])
OBJ 500022a9 (sz=56, trace=300771, class=jdk.internal.org.objectweb.asm.Item@5000118d)
OBJ 500022aa (sz=56, trace=300773, class=jdk.internal.org.objectweb.asm.AnnotationWriter@500011c5)
OBJ 500022ab (sz=24, trace=300774, class=jdk.internal.org.objectweb.asm.ByteVector@5000118a)
ARR 500022ac (sz=80, trace=300775, nelems=0, elem type=byte[])
OBJ 500022ad (sz=56, trace=300776, class=jdk.internal.org.objectweb.asm.Item@5000118d)
OBJ 500022ae (sz=56, trace=300773, class=jdk.internal.org.objectweb.asm.AnnotationWriter@500011c5)
OBJ 500022af (sz=24, trace=300777, class=jdk.internal.org.objectweb.asm.ByteVector@5000118a)
ARR 500022b0 (sz=80, trace=300778, nelems=0, elem type=byte[])
ARR 500022b1 (sz=528, trace=300779, nelems=0, elem type=byte[])
OBJ 500022b2 (sz=56, trace=300780, class=jdk.internal.org.objectweb.asm.Item@5000118d)
OBJ 500022b3 (sz=56, trace=300773, class=jdk.internal.org.objectweb.asm.AnnotationWriter@500011c5)
OBJ 500022b4 (sz=24, trace=300795, class=java.lang.String@50000165)
ARR 500022b5 (sz=56, trace=300462, nelems=0, elem type=char[])
ARR 500022b6 (sz=88, trace=300796, nelems=0, elem type=char[])
OBJ 500022b7 (sz=24, trace=300797, class=java.lang.String@50000165)
ARR 500022b8 (sz=56, trace=300798, nelems=0, elem type=int[])
OBJ 500022b9 (sz=56, trace=300733, class=jdk.internal.org.objectweb.asm.Item@5000118d)
OBJ 500022ba (sz=56, trace=300800, class=jdk.internal.org.objectweb.asm.Item@5000118d)
OBJ 500022bb (sz=56, trace=300801, class=jdk.internal.org.objectweb.asm.Item@5000118d)
OBJ 500022bc (sz=56, trace=300802, class=jdk.internal.org.objectweb.asm.Item@5000118d)
OBJ 500022bd (sz=56, trace=300803, class=jdk.internal.org.objectweb.asm.Item@5000118d)
OBJ 500022be (sz=56, trace=300804, class=jdk.internal.org.objectweb.asm.Item@5000118d)
OBJ 500022bf (sz=24, trace=300805, class=java.lang.String@50000165)
ARR 500022c0 (sz=48, trace=300806, nelems=0, elem type=char[])
OBJ 500022c1 (sz=56, trace=300807, class=jdk.internal.org.objectweb.asm.Item@5000118d)
ARR 500022c2 (sz=80, trace=300808, nelems=0, elem type=jdk.internal.org.objectweb.asm.Item[]@5000118e)
ARR 500022c3 (sz=56, trace=300809, nelems=0, elem type=int[])
OBJ 500022c4 (sz=24, trace=300795, class=java.lang.String@50000165)
ARR 500022c5 (sz=40, trace=300462, nelems=0, elem type=char[])
ARR 500022c6 (sz=72, trace=300811, nelems=0, elem type=char[])
OBJ 500022c7 (sz=24, trace=300812, class=java.lang.String@50000165)
OBJ 500022c8 (sz=56, trace=300813, class=jdk.internal.org.objectweb.asm.Item@5000118d)
OBJ 500022c9 (sz=56, trace=300814, class=jdk.internal.org.objectweb.asm.Item@5000118d)
OBJ 500022ca (sz=56, trace=300815, class=jdk.internal.org.objectweb.asm.Item@5000118d)
OBJ 500022cb (sz=56, trace=300733, class=jdk.internal.org.objectweb.asm.Item@5000118d)
OBJ 500022cc (sz=56, trace=300800, class=jdk.internal.org.objectweb.asm.Item@5000118d)
OBJ 500022cd (sz=56, trace=300801, class=jdk.internal.org.objectweb.asm.Item@5000118d)
ARR 500022ce (sz=1040, trace=300816, nelems=0, elem type=byte[])
OBJ 500022cf (sz=56, trace=300802, class=jdk.internal.org.objectweb.asm.Item@5000118d)
OBJ 500022d0 (sz=56, trace=300803, class=jdk.internal.org.objectweb.asm.Item@5000118d)
OBJ 500022d1 (sz=56, trace=300804, class=jdk.internal.org.objectweb.asm.Item@5000118d)
OBJ 500022d2 (sz=24, trace=300805, class=java.lang.String@50000165)
ARR 500022d3 (sz=48, trace=300806, nelems=0, elem type=char[])
OBJ 500022d4 (sz=64, trace=300817, class=jdk.internal.org.objectweb.asm.Label@500011bc)
OBJ 500022d5 (sz=48, trace=300818, class=jdk.internal.org.objectweb.asm.Frame@500011be)
ARR 500022d6 (sz=128, trace=300819, nelems=0, elem type=char[])
ARR 500022d7 (sz=24, trace=300820, nelems=0, elem type=jdk.internal.org.objectweb.asm.Type[]@50001222)
OBJ 500022d8 (sz=32, trace=300821, class=jdk.internal.org.objectweb.asm.Type@500011b2)
OBJ 500022d9 (sz=32, trace=300821, class=jdk.internal.org.objectweb.asm.Type@500011b2)
ARR 500022da (sz=32, trace=300822, nelems=0, elem type=int[])
ARR 500022db (sz=16, trace=300823, nelems=0, elem type=int[])
OBJ 500022dc (sz=24, trace=300824, class=java.lang.StringBuffer@50000119)
ARR 500022dd (sz=48, trace=300825, nelems=0, elem type=char[])
ARR 500022de (sz=88, trace=300826, nelems=0, elem type=char[])
ARR 500022df (sz=56, trace=300827, nelems=0, elem type=char[])
OBJ 500022e0 (sz=24, trace=300828, class=java.lang.String@50000165)
OBJ 500022e1 (sz=24, trace=300829, class=java.lang.String@50000165)
ARR 500022e2 (sz=48, trace=300806, nelems=0, elem type=char[])
OBJ 500022e3 (sz=24, trace=300824, class=java.lang.StringBuffer@50000119)
ARR 500022e4 (sz=48, trace=300825, nelems=0, elem type=char[])
ARR 500022e5 (sz=88, trace=300826, nelems=0, elem type=char[])
ARR 500022e6 (sz=56, trace=300827, nelems=0, elem type=char[])
OBJ 500022e7 (sz=24, trace=300828, class=java.lang.String@50000165)
OBJ 500022e8 (sz=24, trace=300829, class=java.lang.String@50000165)
ARR 500022e9 (sz=48, trace=300806, nelems=0, elem type=char[])
ARR 500022ea (sz=40, trace=300830, nelems=0, elem type=int[])
ARR 500022eb (sz=24, trace=300831, nelems=0, elem type=java.lang.Object[]@500000ff)
OBJ 500022ec (sz=56, trace=300832, class=jdk.internal.org.objectweb.asm.Item@5000118d)
OBJ 500022ed (sz=56, trace=300833, class=jdk.internal.org.objectweb.asm.Item@5000118d)
OBJ 500022ee (sz=56, trace=300834, class=jdk.internal.org.objectweb.asm.Item@5000118d)
OBJ 500022ef (sz=24, trace=300835, class=jdk.internal.org.objectweb.asm.ByteVector@5000118a)
ARR 500022f0 (sz=704, trace=300836, nelems=0, elem type=byte[])
ARR 500022f1 (sz=128, trace=300837, nelems=0, elem type=java.lang.Object[]@500000ff)
OBJ 500022f2 (sz=16, trace=300839, class=java.util.HashMap$Values@5000123e)
OBJ 500022f3 (sz=40, trace=300841, class=java.util.HashMap$ValueIterator@50001241)
OBJ 500022f5 (sz=56, trace=300843, class=java.lang.invoke.MemberName@50000124)
OBJ 500022f6 (sz=40, trace=300844, class=java.lang.ref.SoftReference@50000149)
	referent	50002277
	queue		50006b4d
OBJ 500022f7 (sz=32, trace=300865, class=java.lang.invoke.DirectMethodHandle@50000125)
	type		50002254
	form		50002277
	member		50006dad
ARR 500022f8 (sz=24, trace=301029, nelems=1, elem type=java.lang.Class[]@500000fa)
	[0]		500000ff
OBJ 500022f9 (sz=40, trace=301030, class=java.lang.invoke.MethodType@50000121)
OBJ 500022fa (sz=32, trace=300443, class=java.lang.invoke.MethodType$ConcurrentWeakInternSet$WeakEntry@50000b5f)
OBJ 500022fb (sz=40, trace=301031, class=java.lang.invoke.MethodType@50000121)
	rtype		50000169
	ptypes		500022f8
	form		50000fab
OBJ 500022fc (sz=40, trace=300445, class=java.lang.invoke.MethodType@50000121)
OBJ 500022fd (sz=32, trace=300443, class=java.lang.invoke.MethodType$ConcurrentWeakInternSet$WeakEntry@50000b5f)
OBJ 500022fe (sz=32, trace=300452, class=java.lang.invoke.MethodType$ConcurrentWeakInternSet$WeakEntry@50000b5f)
	referent	500022fb
	queue		50000b52
OBJ 500022ff (sz=32, trace=300521, class=java.util.concurrent.ConcurrentHashMap$Node@50000021)
	key		500022fe
	val		500022fe
OBJ 50002300 (sz=56, trace=301032, class=java.lang.invoke.MemberName@50000124)
OBJ 50002301 (sz=32, trace=300865, class=java.lang.invoke.DirectMethodHandle@50000125)
	type		500022fb
	form		5000116a
	member		5000704f
ARR 50002304 (sz=16, trace=301034, nelems=0, elem type=java.lang.Class[]@500000fa)
OBJ 50002305 (sz=56, trace=300425, class=java.lang.Class$ReflectionData@500000a8)
OBJ 50002306 (sz=40, trace=300040, class=java.lang.ref.SoftReference@50000149)
OBJ 50002307 (sz=88, trace=300426, class=java.lang.reflect.Method@50000135)
OBJ 50002308 (sz=56, trace=301035, class=java.lang.invoke.MemberName@50000124)
	clazz		50002302
	name		50006daa
	type		5000224b
ARR 50002309 (sz=24, trace=301036, nelems=0, elem type=java.lang.Object[]@500000ff)
OBJ 5000230a (sz=24, trace=301037, class=java.lang.invoke.LambdaForm$NamedFunction@50000f99)
	member		50002308
ARR 5000230b (sz=24, trace=301038, nelems=0, elem type=java.lang.Class[]@500000fa)
OBJ 5000230c (sz=40, trace=300519, class=java.lang.invoke.MethodType@50000121)
OBJ 5000230d (sz=32, trace=300443, class=java.lang.invoke.MethodType$ConcurrentWeakInternSet$WeakEntry@50000b5f)
ARR 5000230e (sz=32, trace=301039, nelems=0, elem type=java.lang.invoke.LambdaForm$Name[]@50000fce)
OBJ 5000230f (sz=32, trace=301040, class=java.lang.invoke.LambdaForm$Name@50000f62)
	type		50000f5a
	constraint	50002302
ARR 50002310 (sz=24, trace=301041, nelems=0, elem type=java.lang.Object[]@500000ff)
OBJ 50002311 (sz=40, trace=300672, class=java.lang.invoke.MethodType@50000121)
OBJ 50002312 (sz=32, trace=300443, class=java.lang.invoke.MethodType$ConcurrentWeakInternSet$WeakEntry@50000b5f)
ARR 50002313 (sz=24, trace=300907, nelems=0, elem type=java.lang.Class[]@500000fa)
OBJ 50002314 (sz=40, trace=300860, class=java.lang.invoke.MethodType@50000121)
OBJ 50002315 (sz=32, trace=300443, class=java.lang.invoke.MethodType$ConcurrentWeakInternSet$WeakEntry@50000b5f)
OBJ 50002316 (sz=40, trace=300908, class=java.lang.invoke.MethodType@50000121)
	rtype		50000126
	ptypes		50007062
	form		50000fab
OBJ 50002317 (sz=40, trace=300445, class=java.lang.invoke.MethodType@50000121)
OBJ 50002318 (sz=32, trace=300443, class=java.lang.invoke.MethodType$ConcurrentWeakInternSet$WeakEntry@50000b5f)
OBJ 50002319 (sz=32, trace=300452, class=java.lang.invoke.MethodType$ConcurrentWeakInternSet$WeakEntry@50000b5f)
	referent	50002316
	queue		50000b52
OBJ 5000231a (sz=32, trace=300454, class=java.util.concurrent.ConcurrentHashMap$Node@50000021)
	key		50002319
	val		50002319
	next		50004dff
ARR 5000231b (sz=24, trace=301042, nelems=1, elem type=java.lang.Object[]@500000ff)
	[0]		5000230f
OBJ 5000231c (sz=32, trace=301043, class=java.lang.invoke.LambdaForm$Name@50000f62)
	type		50000f5a
	function	5000230a
	arguments	5000231b
ARR 5000231d (sz=24, trace=301044, nelems=0, elem type=java.lang.Object[]@500000ff)
OBJ 5000231e (sz=24, trace=301045, class=java.lang.invoke.LambdaForm$NamedFunction@50000f99)
	member		50006e25
	resolvedHandle	500024ba
ARR 5000231f (sz=32, trace=301046, nelems=0, elem type=java.lang.invoke.LambdaForm$NamedFunction[]@50000f9a)
ARR 50002320 (sz=24, trace=301047, nelems=0, elem type=java.lang.Class[]@500000fa)
OBJ 50002321 (sz=56, trace=300425, class=java.lang.Class$ReflectionData@500000a8)
OBJ 50002322 (sz=40, trace=300040, class=java.lang.ref.SoftReference@50000149)
OBJ 50002324 (sz=88, trace=300426, class=java.lang.reflect.Method@50000135)
OBJ 50002325 (sz=56, trace=301049, class=java.lang.invoke.MemberName@50000124)
	clazz		50000b5b
	name		50006e3b
	type		5000125a
ARR 50002326 (sz=24, trace=301050, nelems=0, elem type=java.lang.Object[]@500000ff)
OBJ 50002327 (sz=24, trace=301051, class=java.lang.invoke.LambdaForm$NamedFunction@50000f99)
	member		50002325
	resolvedHandle	50002404
ARR 50002328 (sz=24, trace=301052, nelems=0, elem type=java.lang.Class[]@500000fa)
OBJ 50002329 (sz=88, trace=300426, class=java.lang.reflect.Method@50000135)
OBJ 5000232a (sz=56, trace=301053, class=java.lang.invoke.MemberName@50000124)
	clazz		50000b5b
	name		50006e3c
	type		50000fc3
ARR 5000232b (sz=24, trace=301054, nelems=0, elem type=java.lang.Object[]@500000ff)
OBJ 5000232c (sz=24, trace=301055, class=java.lang.invoke.LambdaForm$NamedFunction@50000f99)
	member		5000232a
	resolvedHandle	50002407
ARR 5000232d (sz=24, trace=301056, nelems=0, elem type=java.lang.Class[]@500000fa)
OBJ 5000232e (sz=88, trace=300426, class=java.lang.reflect.Method@50000135)
OBJ 5000232f (sz=56, trace=301057, class=java.lang.invoke.MemberName@50000124)
	clazz		50000b5b
	name		50006e3d
	type		50000faa
ARR 50002330 (sz=24, trace=301058, nelems=0, elem type=java.lang.Object[]@500000ff)
OBJ 50002331 (sz=24, trace=301059, class=java.lang.invoke.LambdaForm$NamedFunction@50000f99)
	member		5000232f
	resolvedHandle	5000240a
ARR 50002332 (sz=24, trace=301060, nelems=0, elem type=java.lang.Class[]@500000fa)
OBJ 50002333 (sz=88, trace=300426, class=java.lang.reflect.Method@50000135)
OBJ 50002334 (sz=56, trace=301061, class=java.lang.invoke.MemberName@50000124)
	clazz		50000b5b
	name		50006e3e
	type		5000124c
ARR 50002335 (sz=24, trace=301062, nelems=0, elem type=java.lang.Object[]@500000ff)
OBJ 50002336 (sz=24, trace=301063, class=java.lang.invoke.LambdaForm$NamedFunction@50000f99)
	member		50002334
	resolvedHandle	5000240d
OBJ 50002337 (sz=40, trace=300672, class=java.lang.invoke.MethodType@50000121)
OBJ 50002338 (sz=32, trace=300443, class=java.lang.invoke.MethodType$ConcurrentWeakInternSet$WeakEntry@50000b5f)
ARR 50002339 (sz=24, trace=300512, nelems=0, elem type=java.lang.Class[]@500000fa)
OBJ 5000233a (sz=40, trace=300514, class=java.lang.invoke.MethodType@50000121)
OBJ 5000233b (sz=32, trace=300443, class=java.lang.invoke.MethodType$ConcurrentWeakInternSet$WeakEntry@50000b5f)
OBJ 5000233c (sz=40, trace=300515, class=java.lang.invoke.MethodType@50000121)
	rtype		500062a1
	ptypes		50006e46
	form		50001d7d
	methodDescriptor	500023d0
OBJ 5000233d (sz=40, trace=300445, class=java.lang.invoke.MethodType@50000121)
OBJ 5000233e (sz=32, trace=300443, class=java.lang.invoke.MethodType$ConcurrentWeakInternSet$WeakEntry@50000b5f)
OBJ 5000233f (sz=32, trace=300452, class=java.lang.invoke.MethodType$ConcurrentWeakInternSet$WeakEntry@50000b5f)
	referent	5000233c
	queue		50000b52
OBJ 50002340 (sz=32, trace=300454, class=java.util.concurrent.ConcurrentHashMap$Node@50000021)
	key		5000233f
	val		5000233f
OBJ 50002341 (sz=56, trace=300516, class=java.lang.invoke.MemberName@50000124)
ARR 50002342 (sz=24, trace=300518, nelems=0, elem type=java.lang.Class[]@500000fa)
OBJ 50002343 (sz=40, trace=300519, class=java.lang.invoke.MethodType@50000121)
OBJ 50002344 (sz=32, trace=300443, class=java.lang.invoke.MethodType$ConcurrentWeakInternSet$WeakEntry@50000b5f)
OBJ 50002345 (sz=40, trace=300520, class=java.lang.invoke.MethodType@50000121)
	rtype		500062a1
	ptypes		50007068
	form		50001d7d
OBJ 50002346 (sz=40, trace=300445, class=java.lang.invoke.MethodType@50000121)
OBJ 50002347 (sz=32, trace=300443, class=java.lang.invoke.MethodType$ConcurrentWeakInternSet$WeakEntry@50000b5f)
OBJ 50002348 (sz=32, trace=300452, class=java.lang.invoke.MethodType$ConcurrentWeakInternSet$WeakEntry@50000b5f)
	referent	50002345
	queue		50000b52
OBJ 50002349 (sz=32, trace=300454, class=java.util.concurrent.ConcurrentHashMap$Node@50000021)
	key		50002348
	val		50002348
ARR 5000234a (sz=40, trace=300623, nelems=0, elem type=java.lang.invoke.LambdaForm$Name[]@50000fce)
ARR 5000234b (sz=24, trace=300674, nelems=0, elem type=java.lang.Object[]@500000ff)
ARR 5000234c (sz=24, trace=300675, nelems=1, elem type=java.lang.Object[]@500000ff)
	[0]		50000f65
OBJ 5000234d (sz=32, trace=300676, class=java.lang.invoke.LambdaForm$Name@50000f62)
	type		50000f5a
	function	50001105
	arguments	5000234c
ARR 5000234e (sz=32, trace=300677, nelems=0, elem type=java.lang.Object[]@500000ff)
OBJ 5000234f (sz=24, trace=300678, class=java.lang.invoke.LambdaForm$NamedFunction@50000f99)
	member		50006e45
ARR 50002350 (sz=32, trace=300679, nelems=3, elem type=java.lang.Object[]@500000ff)
	[0]		50000f66
	[1]		50000f67
	[2]		5000234d
OBJ 50002351 (sz=32, trace=300680, class=java.lang.invoke.LambdaForm$Name@50000f62)
	type		50000f5f
	function	5000234f
	arguments	50002350
OBJ 50002352 (sz=24, trace=300681, class=java.lang.StringBuilder@50000118)
ARR 50002353 (sz=48, trace=300682, nelems=0, elem type=char[])
ARR 50002354 (sz=88, trace=300010, nelems=0, elem type=char[])
ARR 50002355 (sz=24, trace=300683, nelems=0, elem type=char[])
OBJ 50002356 (sz=24, trace=300685, class=java.util.Arrays$ArrayList@5000115f)
OBJ 50002357 (sz=24, trace=300686, class=java.util.Collections$UnmodifiableRandomAccessList@500000ca)
OBJ 50002358 (sz=24, trace=300688, class=java.util.Collections$UnmodifiableCollection$1@50001162)
OBJ 50002359 (sz=32, trace=300690, class=java.util.AbstractList$Itr@50001164)
OBJ 5000235a (sz=24, trace=300691, class=java.lang.String@50000165)
ARR 5000235b (sz=24, trace=300692, nelems=0, elem type=char[])
OBJ 5000235c (sz=24, trace=300693, class=java.lang.String@50000165)
	value		5000235d
ARR 5000235d (sz=42, trace=300694, nelems=21, elem type=char[])
OBJ 5000235e (sz=48, trace=300695, class=java.lang.invoke.LambdaForm@50000122)
	names		50006e44
	debugName	5000235c
	vmentry		50006e43
OBJ 5000235f (sz=24, trace=300696, class=java.lang.StringBuilder@50000118)
ARR 50002360 (sz=32, trace=300697, nelems=0, elem type=char[])
OBJ 50002361 (sz=24, trace=300698, class=java.lang.String@50000165)
ARR 50002362 (sz=32, trace=300699, nelems=0, elem type=char[])
ARR 50002363 (sz=32, trace=300700, nelems=0, elem type=java.lang.Class[]@500000fa)
OBJ 50002364 (sz=40, trace=300701, class=java.lang.invoke.MethodType@50000121)
OBJ 50002365 (sz=32, trace=300443, class=java.lang.invoke.MethodType$ConcurrentWeakInternSet$WeakEntry@50000b5f)
OBJ 50002366 (sz=64, trace=300704, class=java.lang.invoke.InvokerBytecodeGenerator@50001172)
OBJ 50002367 (sz=48, trace=300705, class=java.util.HashMap@500000bd)
OBJ 50002368 (sz=24, trace=300706, class=java.lang.String@50000165)
ARR 50002369 (sz=24, trace=300707, nelems=0, elem type=char[])
OBJ 5000236a (sz=24, trace=300708, class=java.lang.String@50000165)
	value		5000236b
ARR 5000236b (sz=34, trace=300709, nelems=17, elem type=char[])
OBJ 5000236c (sz=24, trace=300710, class=java.lang.StringBuilder@50000118)
ARR 5000236d (sz=48, trace=300711, nelems=0, elem type=char[])
ARR 5000236e (sz=88, trace=300010, nelems=0, elem type=char[])
OBJ 5000236f (sz=24, trace=300712, class=java.lang.String@50000165)
ARR 50002370 (sz=80, trace=300713, nelems=0, elem type=char[])
OBJ 50002371 (sz=24, trace=300714, class=java.lang.StringBuilder@50000118)
ARR 50002372 (sz=48, trace=300715, nelems=0, elem type=char[])
OBJ 50002373 (sz=24, trace=300716, class=java.lang.String@50000165)
ARR 50002374 (sz=48, trace=300717, nelems=0, elem type=char[])
ARR 50002375 (sz=40, trace=300718, nelems=0, elem type=int[])
ARR 50002376 (sz=40, trace=300719, nelems=0, elem type=java.lang.invoke.LambdaForm$BasicType[]@50000f60)
ARR 50002377 (sz=40, trace=300720, nelems=0, elem type=java.lang.Class[]@500000fa)
OBJ 50002378 (sz=168, trace=300723, class=jdk.internal.org.objectweb.asm.ClassWriter@50001187)
OBJ 50002379 (sz=24, trace=300725, class=jdk.internal.org.objectweb.asm.ByteVector@5000118a)
ARR 5000237a (sz=80, trace=300726, nelems=0, elem type=byte[])
ARR 5000237b (sz=1040, trace=300728, nelems=0, elem type=jdk.internal.org.objectweb.asm.Item[]@5000118e)
OBJ 5000237c (sz=56, trace=300729, class=jdk.internal.org.objectweb.asm.Item@5000118d)
OBJ 5000237d (sz=56, trace=300730, class=jdk.internal.org.objectweb.asm.Item@5000118d)
OBJ 5000237e (sz=56, trace=300731, class=jdk.internal.org.objectweb.asm.Item@5000118d)
OBJ 5000237f (sz=56, trace=300732, class=jdk.internal.org.objectweb.asm.Item@5000118d)
OBJ 50002380 (sz=56, trace=300733, class=jdk.internal.org.objectweb.asm.Item@5000118d)
OBJ 50002381 (sz=56, trace=300734, class=jdk.internal.org.objectweb.asm.Item@5000118d)
OBJ 50002382 (sz=56, trace=300733, class=jdk.internal.org.objectweb.asm.Item@5000118d)
OBJ 50002383 (sz=56, trace=300735, class=jdk.internal.org.objectweb.asm.Item@5000118d)
ARR 50002384 (sz=144, trace=300736, nelems=0, elem type=byte[])
OBJ 50002385 (sz=56, trace=300737, class=jdk.internal.org.objectweb.asm.Item@5000118d)
OBJ 50002386 (sz=24, trace=300685, class=java.util.Arrays$ArrayList@5000115f)
OBJ 50002387 (sz=24, trace=300686, class=java.util.Collections$UnmodifiableRandomAccessList@500000ca)
OBJ 50002388 (sz=24, trace=300738, class=java.lang.StringBuilder@50000118)
ARR 50002389 (sz=48, trace=300739, nelems=0, elem type=char[])
OBJ 5000238a (sz=24, trace=300740, class=java.util.Collections$UnmodifiableCollection$1@50001162)
OBJ 5000238b (sz=32, trace=300690, class=java.util.AbstractList$Itr@50001164)
ARR 5000238c (sz=48, trace=300741, nelems=0, elem type=char[])
OBJ 5000238d (sz=24, trace=300742, class=java.lang.String@50000165)
ARR 5000238e (sz=88, trace=300010, nelems=0, elem type=char[])
ARR 5000238f (sz=48, trace=300741, nelems=0, elem type=char[])
OBJ 50002390 (sz=24, trace=300742, class=java.lang.String@50000165)
ARR 50002391 (sz=160, trace=300010, nelems=0, elem type=char[])
ARR 50002392 (sz=48, trace=300741, nelems=0, elem type=char[])
OBJ 50002393 (sz=24, trace=300742, class=java.lang.String@50000165)
OBJ 50002394 (sz=24, trace=300745, class=java.lang.String@50000165)
	value		50002395
ARR 50002395 (sz=114, trace=300746, nelems=57, elem type=char[])
OBJ 50002396 (sz=224, trace=300748, class=jdk.internal.org.objectweb.asm.MethodWriter@500011ab)
OBJ 50002397 (sz=24, trace=300749, class=jdk.internal.org.objectweb.asm.ByteVector@5000118a)
ARR 50002398 (sz=80, trace=300750, nelems=0, elem type=byte[])
OBJ 50002399 (sz=56, trace=300751, class=jdk.internal.org.objectweb.asm.Item@5000118d)
ARR 5000239a (sz=272, trace=300752, nelems=0, elem type=byte[])
OBJ 5000239b (sz=56, trace=300753, class=jdk.internal.org.objectweb.asm.Item@5000118d)
OBJ 5000239c (sz=64, trace=300765, class=jdk.internal.org.objectweb.asm.Label@500011bc)
OBJ 5000239d (sz=48, trace=300768, class=jdk.internal.org.objectweb.asm.Frame@500011be)
OBJ 5000239e (sz=24, trace=300769, class=jdk.internal.org.objectweb.asm.ByteVector@5000118a)
ARR 5000239f (sz=80, trace=300770, nelems=0, elem type=byte[])
OBJ 500023a0 (sz=56, trace=300771, class=jdk.internal.org.objectweb.asm.Item@5000118d)
OBJ 500023a1 (sz=56, trace=300773, class=jdk.internal.org.objectweb.asm.AnnotationWriter@500011c5)
OBJ 500023a2 (sz=24, trace=300774, class=jdk.internal.org.objectweb.asm.ByteVector@5000118a)
ARR 500023a3 (sz=80, trace=300775, nelems=0, elem type=byte[])
OBJ 500023a4 (sz=56, trace=300776, class=jdk.internal.org.objectweb.asm.Item@5000118d)
OBJ 500023a5 (sz=56, trace=300773, class=jdk.internal.org.objectweb.asm.AnnotationWriter@500011c5)
OBJ 500023a6 (sz=24, trace=300777, class=jdk.internal.org.objectweb.asm.ByteVector@5000118a)
ARR 500023a7 (sz=80, trace=300778, nelems=0, elem type=byte[])
ARR 500023a8 (sz=528, trace=300779, nelems=0, elem type=byte[])
OBJ 500023a9 (sz=56, trace=300780, class=jdk.internal.org.objectweb.asm.Item@5000118d)
OBJ 500023aa (sz=56, trace=300773, class=jdk.internal.org.objectweb.asm.AnnotationWriter@500011c5)
OBJ 500023ab (sz=24, trace=300795, class=java.lang.String@50000165)
ARR 500023ac (sz=56, trace=300462, nelems=0, elem type=char[])
ARR 500023ad (sz=88, trace=300796, nelems=0, elem type=char[])
OBJ 500023ae (sz=24, trace=300797, class=java.lang.String@50000165)
ARR 500023af (sz=56, trace=300798, nelems=0, elem type=int[])
OBJ 500023b0 (sz=56, trace=300733, class=jdk.internal.org.objectweb.asm.Item@5000118d)
OBJ 500023b1 (sz=56, trace=300800, class=jdk.internal.org.objectweb.asm.Item@5000118d)
OBJ 500023b2 (sz=56, trace=300801, class=jdk.internal.org.objectweb.asm.Item@5000118d)
OBJ 500023b3 (sz=56, trace=300802, class=jdk.internal.org.objectweb.asm.Item@5000118d)
OBJ 500023b4 (sz=56, trace=300803, class=jdk.internal.org.objectweb.asm.Item@5000118d)
OBJ 500023b5 (sz=56, trace=300804, class=jdk.internal.org.objectweb.asm.Item@5000118d)
OBJ 500023b6 (sz=24, trace=300805, class=java.lang.String@50000165)
ARR 500023b7 (sz=48, trace=300806, nelems=0, elem type=char[])
OBJ 500023b8 (sz=56, trace=300807, class=jdk.internal.org.objectweb.asm.Item@5000118d)
ARR 500023b9 (sz=80, trace=300808, nelems=0, elem type=jdk.internal.org.objectweb.asm.Item[]@5000118e)
ARR 500023ba (sz=56, trace=300809, nelems=0, elem type=int[])
OBJ 500023bb (sz=24, trace=300795, class=java.lang.String@50000165)
ARR 500023bc (sz=40, trace=300462, nelems=0, elem type=char[])
ARR 500023bd (sz=72, trace=300811, nelems=0, elem type=char[])
OBJ 500023be (sz=24, trace=300812, class=java.lang.String@50000165)
OBJ 500023bf (sz=56, trace=300813, class=jdk.internal.org.objectweb.asm.Item@5000118d)
OBJ 500023c0 (sz=56, trace=300814, class=jdk.internal.org.objectweb.asm.Item@5000118d)
OBJ 500023c1 (sz=56, trace=300815, class=jdk.internal.org.objectweb.asm.Item@5000118d)
OBJ 500023c2 (sz=24, trace=300685, class=java.util.Arrays$ArrayList@5000115f)
OBJ 500023c3 (sz=24, trace=300686, class=java.util.Collections$UnmodifiableRandomAccessList@500000ca)
OBJ 500023c4 (sz=24, trace=300738, class=java.lang.StringBuilder@50000118)
ARR 500023c5 (sz=48, trace=300739, nelems=0, elem type=char[])
OBJ 500023c6 (sz=24, trace=300740, class=java.util.Collections$UnmodifiableCollection$1@50001162)
OBJ 500023c7 (sz=32, trace=300690, class=java.util.AbstractList$Itr@50001164)
ARR 500023c8 (sz=48, trace=300741, nelems=0, elem type=char[])
OBJ 500023c9 (sz=24, trace=300742, class=java.lang.String@50000165)
ARR 500023ca (sz=88, trace=300010, nelems=0, elem type=char[])
ARR 500023cb (sz=48, trace=300741, nelems=0, elem type=char[])
OBJ 500023cc (sz=24, trace=300742, class=java.lang.String@50000165)
ARR 500023cd (sz=160, trace=300010, nelems=0, elem type=char[])
ARR 500023ce (sz=72, trace=300741, nelems=0, elem type=char[])
OBJ 500023cf (sz=24, trace=300742, class=java.lang.String@50000165)
OBJ 500023d0 (sz=24, trace=300745, class=java.lang.String@50000165)
	value		500023d1
ARR 500023d1 (sz=136, trace=300746, nelems=68, elem type=char[])
OBJ 500023d2 (sz=56, trace=300733, class=jdk.internal.org.objectweb.asm.Item@5000118d)
OBJ 500023d3 (sz=56, trace=300800, class=jdk.internal.org.objectweb.asm.Item@5000118d)
OBJ 500023d4 (sz=56, trace=300801, class=jdk.internal.org.objectweb.asm.Item@5000118d)
ARR 500023d5 (sz=1040, trace=300816, nelems=0, elem type=byte[])
OBJ 500023d6 (sz=56, trace=300802, class=jdk.internal.org.objectweb.asm.Item@5000118d)
OBJ 500023d7 (sz=56, trace=300803, class=jdk.internal.org.objectweb.asm.Item@5000118d)
OBJ 500023d8 (sz=56, trace=300804, class=jdk.internal.org.objectweb.asm.Item@5000118d)
OBJ 500023d9 (sz=64, trace=300853, class=jdk.internal.org.objectweb.asm.Label@500011bc)
OBJ 500023da (sz=48, trace=300854, class=jdk.internal.org.objectweb.asm.Frame@500011be)
ARR 500023db (sz=136, trace=300819, nelems=0, elem type=char[])
ARR 500023dc (sz=32, trace=300820, nelems=0, elem type=jdk.internal.org.objectweb.asm.Type[]@50001222)
OBJ 500023dd (sz=32, trace=300821, class=jdk.internal.org.objectweb.asm.Type@500011b2)
OBJ 500023de (sz=32, trace=300821, class=jdk.internal.org.objectweb.asm.Type@500011b2)
OBJ 500023df (sz=32, trace=300821, class=jdk.internal.org.objectweb.asm.Type@500011b2)
ARR 500023e0 (sz=32, trace=300822, nelems=0, elem type=int[])
ARR 500023e1 (sz=16, trace=300823, nelems=0, elem type=int[])
OBJ 500023e2 (sz=24, trace=300824, class=java.lang.StringBuffer@50000119)
ARR 500023e3 (sz=48, trace=300825, nelems=0, elem type=char[])
ARR 500023e4 (sz=88, trace=300826, nelems=0, elem type=char[])
ARR 500023e5 (sz=56, trace=300827, nelems=0, elem type=char[])
OBJ 500023e6 (sz=24, trace=300828, class=java.lang.String@50000165)
OBJ 500023e7 (sz=24, trace=300829, class=java.lang.String@50000165)
ARR 500023e8 (sz=48, trace=300806, nelems=0, elem type=char[])
OBJ 500023e9 (sz=24, trace=300824, class=java.lang.StringBuffer@50000119)
ARR 500023ea (sz=48, trace=300825, nelems=0, elem type=char[])
ARR 500023eb (sz=88, trace=300826, nelems=0, elem type=char[])
ARR 500023ec (sz=56, trace=300827, nelems=0, elem type=char[])
OBJ 500023ed (sz=24, trace=300828, class=java.lang.String@50000165)
OBJ 500023ee (sz=24, trace=300829, class=java.lang.String@50000165)
ARR 500023ef (sz=48, trace=300806, nelems=0, elem type=char[])
OBJ 500023f0 (sz=24, trace=300824, class=java.lang.StringBuffer@50000119)
ARR 500023f1 (sz=48, trace=300825, nelems=0, elem type=char[])
ARR 500023f2 (sz=88, trace=300826, nelems=0, elem type=char[])
ARR 500023f3 (sz=56, trace=300827, nelems=0, elem type=char[])
OBJ 500023f4 (sz=24, trace=300828, class=java.lang.String@50000165)
OBJ 500023f5 (sz=24, trace=300829, class=java.lang.String@50000165)
ARR 500023f6 (sz=48, trace=300806, nelems=0, elem type=char[])
ARR 500023f7 (sz=40, trace=300830, nelems=0, elem type=int[])
ARR 500023f8 (sz=24, trace=300831, nelems=0, elem type=java.lang.Object[]@500000ff)
OBJ 500023f9 (sz=56, trace=300832, class=jdk.internal.org.objectweb.asm.Item@5000118d)
OBJ 500023fa (sz=56, trace=300833, class=jdk.internal.org.objectweb.asm.Item@5000118d)
OBJ 500023fb (sz=56, trace=300834, class=jdk.internal.org.objectweb.asm.Item@5000118d)
OBJ 500023fc (sz=24, trace=300835, class=jdk.internal.org.objectweb.asm.ByteVector@5000118a)
ARR 500023fd (sz=704, trace=300836, nelems=0, elem type=byte[])
ARR 500023fe (sz=128, trace=300837, nelems=0, elem type=java.lang.Object[]@500000ff)
OBJ 500023ff (sz=16, trace=300839, class=java.util.HashMap$Values@5000123e)
OBJ 50002400 (sz=40, trace=300841, class=java.util.HashMap$ValueIterator@50001241)
OBJ 50002402 (sz=56, trace=300843, class=java.lang.invoke.MemberName@50000124)
OBJ 50002403 (sz=40, trace=300844, class=java.lang.ref.SoftReference@50000149)
	referent	5000235e
	queue		50006b4d
OBJ 50002404 (sz=32, trace=300845, class=java.lang.invoke.DirectMethodHandle@50000125)
	type		5000125a
	form		5000235e
	member		50002325
OBJ 50002405 (sz=40, trace=300672, class=java.lang.invoke.MethodType@50000121)
OBJ 50002406 (sz=32, trace=300443, class=java.lang.invoke.MethodType$ConcurrentWeakInternSet$WeakEntry@50000b5f)
OBJ 50002407 (sz=32, trace=300845, class=java.lang.invoke.DirectMethodHandle@50000125)
	type		50000fc3
	form		5000141e
	member		5000232a
OBJ 50002408 (sz=40, trace=300672, class=java.lang.invoke.MethodType@50000121)
OBJ 50002409 (sz=32, trace=300443, class=java.lang.invoke.MethodType$ConcurrentWeakInternSet$WeakEntry@50000b5f)
OBJ 5000240a (sz=32, trace=300845, class=java.lang.invoke.DirectMethodHandle@50000125)
	type		50000faa
	form		5000116a
	member		5000232f
OBJ 5000240b (sz=40, trace=300672, class=java.lang.invoke.MethodType@50000121)
OBJ 5000240c (sz=32, trace=300443, class=java.lang.invoke.MethodType$ConcurrentWeakInternSet$WeakEntry@50000b5f)
OBJ 5000240d (sz=32, trace=300845, class=java.lang.invoke.DirectMethodHandle@50000125)
	type		5000124c
	form		50001281
	member		50002334
OBJ 5000240e (sz=24, trace=301064, class=java.lang.invoke.Invokers@50000b5b)
	targetType	50000faa
	invokers	5000240f
ARR 5000240f (sz=32, trace=301065, nelems=3, elem type=java.lang.invoke.MethodHandle[]@5000018c)
	[2]		500024ba
OBJ 50002410 (sz=56, trace=301066, class=java.lang.invoke.MemberName@50000124)
ARR 50002411 (sz=24, trace=301067, nelems=0, elem type=java.lang.Class[]@500000fa)
OBJ 50002412 (sz=40, trace=300857, class=java.lang.invoke.MethodType@50000121)
OBJ 50002413 (sz=32, trace=300443, class=java.lang.invoke.MethodType$ConcurrentWeakInternSet$WeakEntry@50000b5f)
ARR 50002414 (sz=24, trace=300859, nelems=0, elem type=java.lang.Class[]@500000fa)
OBJ 50002415 (sz=40, trace=300860, class=java.lang.invoke.MethodType@50000121)
OBJ 50002416 (sz=32, trace=300443, class=java.lang.invoke.MethodType$ConcurrentWeakInternSet$WeakEntry@50000b5f)
ARR 50002417 (sz=24, trace=300512, nelems=0, elem type=java.lang.Class[]@500000fa)
OBJ 50002418 (sz=40, trace=300514, class=java.lang.invoke.MethodType@50000121)
OBJ 50002419 (sz=32, trace=300443, class=java.lang.invoke.MethodType$ConcurrentWeakInternSet$WeakEntry@50000b5f)
OBJ 5000241a (sz=56, trace=300516, class=java.lang.invoke.MemberName@50000124)
ARR 5000241b (sz=24, trace=300518, nelems=0, elem type=java.lang.Class[]@500000fa)
OBJ 5000241c (sz=40, trace=300519, class=java.lang.invoke.MethodType@50000121)
OBJ 5000241d (sz=32, trace=300443, class=java.lang.invoke.MethodType$ConcurrentWeakInternSet$WeakEntry@50000b5f)
ARR 5000241e (sz=40, trace=300623, nelems=0, elem type=java.lang.invoke.LambdaForm$Name[]@50000fce)
ARR 5000241f (sz=24, trace=300674, nelems=0, elem type=java.lang.Object[]@500000ff)
ARR 50002420 (sz=24, trace=300675, nelems=1, elem type=java.lang.Object[]@500000ff)
	[0]		50000f65
OBJ 50002421 (sz=32, trace=300676, class=java.lang.invoke.LambdaForm$Name@50000f62)
	type		50000f5a
	function	50001105
	arguments	50002420
ARR 50002422 (sz=32, trace=300677, nelems=0, elem type=java.lang.Object[]@500000ff)
OBJ 50002423 (sz=24, trace=300678, class=java.lang.invoke.LambdaForm$NamedFunction@50000f99)
	member		50006e29
ARR 50002424 (sz=32, trace=300679, nelems=3, elem type=java.lang.Object[]@500000ff)
	[0]		50000f66
	[1]		50000f67
	[2]		50002421
OBJ 50002425 (sz=32, trace=300680, class=java.lang.invoke.LambdaForm$Name@50000f62)
	type		50000f5a
	function	50002423
	arguments	50002424
OBJ 50002426 (sz=24, trace=300681, class=java.lang.StringBuilder@50000118)
ARR 50002427 (sz=48, trace=300682, nelems=0, elem type=char[])
ARR 50002428 (sz=88, trace=300010, nelems=0, elem type=char[])
ARR 50002429 (sz=24, trace=300683, nelems=0, elem type=char[])
OBJ 5000242a (sz=24, trace=300685, class=java.util.Arrays$ArrayList@5000115f)
OBJ 5000242b (sz=24, trace=300686, class=java.util.Collections$UnmodifiableRandomAccessList@500000ca)
OBJ 5000242c (sz=24, trace=300688, class=java.util.Collections$UnmodifiableCollection$1@50001162)
OBJ 5000242d (sz=32, trace=300690, class=java.util.AbstractList$Itr@50001164)
OBJ 5000242e (sz=24, trace=300691, class=java.lang.String@50000165)
ARR 5000242f (sz=24, trace=300692, nelems=0, elem type=char[])
OBJ 50002430 (sz=24, trace=300693, class=java.lang.String@50000165)
	value		50002431
ARR 50002431 (sz=44, trace=300694, nelems=22, elem type=char[])
OBJ 50002432 (sz=48, trace=300695, class=java.lang.invoke.LambdaForm@50000122)
	names		50006e28
	debugName	50002430
	vmentry		50006e27
OBJ 50002433 (sz=24, trace=300696, class=java.lang.StringBuilder@50000118)
ARR 50002434 (sz=32, trace=300697, nelems=0, elem type=char[])
OBJ 50002435 (sz=24, trace=300698, class=java.lang.String@50000165)
ARR 50002436 (sz=32, trace=300699, nelems=0, elem type=char[])
ARR 50002437 (sz=32, trace=300700, nelems=0, elem type=java.lang.Class[]@500000fa)
OBJ 50002438 (sz=40, trace=300701, class=java.lang.invoke.MethodType@50000121)
OBJ 50002439 (sz=32, trace=300443, class=java.lang.invoke.MethodType$ConcurrentWeakInternSet$WeakEntry@50000b5f)
OBJ 5000243a (sz=64, trace=300704, class=java.lang.invoke.InvokerBytecodeGenerator@50001172)
OBJ 5000243b (sz=48, trace=300705, class=java.util.HashMap@500000bd)
OBJ 5000243c (sz=24, trace=300706, class=java.lang.String@50000165)
ARR 5000243d (sz=24, trace=300707, nelems=0, elem type=char[])
OBJ 5000243e (sz=24, trace=300708, class=java.lang.String@50000165)
	value		5000243f
ARR 5000243f (sz=36, trace=300709, nelems=18, elem type=char[])
OBJ 50002440 (sz=24, trace=300710, class=java.lang.StringBuilder@50000118)
ARR 50002441 (sz=48, trace=300711, nelems=0, elem type=char[])
ARR 50002442 (sz=88, trace=300010, nelems=0, elem type=char[])
OBJ 50002443 (sz=24, trace=300712, class=java.lang.String@50000165)
ARR 50002444 (sz=80, trace=300713, nelems=0, elem type=char[])
OBJ 50002445 (sz=24, trace=300714, class=java.lang.StringBuilder@50000118)
ARR 50002446 (sz=48, trace=300715, nelems=0, elem type=char[])
OBJ 50002447 (sz=24, trace=300716, class=java.lang.String@50000165)
ARR 50002448 (sz=48, trace=300717, nelems=0, elem type=char[])
ARR 50002449 (sz=40, trace=300718, nelems=0, elem type=int[])
ARR 5000244a (sz=40, trace=300719, nelems=0, elem type=java.lang.invoke.LambdaForm$BasicType[]@50000f60)
ARR 5000244b (sz=40, trace=300720, nelems=0, elem type=java.lang.Class[]@500000fa)
OBJ 5000244c (sz=168, trace=300723, class=jdk.internal.org.objectweb.asm.ClassWriter@50001187)
OBJ 5000244d (sz=24, trace=300725, class=jdk.internal.org.objectweb.asm.ByteVector@5000118a)
ARR 5000244e (sz=80, trace=300726, nelems=0, elem type=byte[])
ARR 5000244f (sz=1040, trace=300728, nelems=0, elem type=jdk.internal.org.objectweb.asm.Item[]@5000118e)
OBJ 50002450 (sz=56, trace=300729, class=jdk.internal.org.objectweb.asm.Item@5000118d)
OBJ 50002451 (sz=56, trace=300730, class=jdk.internal.org.objectweb.asm.Item@5000118d)
OBJ 50002452 (sz=56, trace=300731, class=jdk.internal.org.objectweb.asm.Item@5000118d)
OBJ 50002453 (sz=56, trace=300732, class=jdk.internal.org.objectweb.asm.Item@5000118d)
OBJ 50002454 (sz=56, trace=300733, class=jdk.internal.org.objectweb.asm.Item@5000118d)
OBJ 50002455 (sz=56, trace=300734, class=jdk.internal.org.objectweb.asm.Item@5000118d)
OBJ 50002456 (sz=56, trace=300733, class=jdk.internal.org.objectweb.asm.Item@5000118d)
OBJ 50002457 (sz=56, trace=300735, class=jdk.internal.org.objectweb.asm.Item@5000118d)
ARR 50002458 (sz=144, trace=300736, nelems=0, elem type=byte[])
OBJ 50002459 (sz=56, trace=300737, class=jdk.internal.org.objectweb.asm.Item@5000118d)
OBJ 5000245a (sz=224, trace=300748, class=jdk.internal.org.objectweb.asm.MethodWriter@500011ab)
OBJ 5000245b (sz=24, trace=300749, class=jdk.internal.org.objectweb.asm.ByteVector@5000118a)
ARR 5000245c (sz=80, trace=300750, nelems=0, elem type=byte[])
OBJ 5000245d (sz=56, trace=300751, class=jdk.internal.org.objectweb.asm.Item@5000118d)
ARR 5000245e (sz=272, trace=300752, nelems=0, elem type=byte[])
OBJ 5000245f (sz=56, trace=300753, class=jdk.internal.org.objectweb.asm.Item@5000118d)
OBJ 50002460 (sz=64, trace=300765, class=jdk.internal.org.objectweb.asm.Label@500011bc)
OBJ 50002461 (sz=48, trace=300768, class=jdk.internal.org.objectweb.asm.Frame@500011be)
OBJ 50002462 (sz=24, trace=300769, class=jdk.internal.org.objectweb.asm.ByteVector@5000118a)
ARR 50002463 (sz=80, trace=300770, nelems=0, elem type=byte[])
OBJ 50002464 (sz=56, trace=300771, class=jdk.internal.org.objectweb.asm.Item@5000118d)
OBJ 50002465 (sz=56, trace=300773, class=jdk.internal.org.objectweb.asm.AnnotationWriter@500011c5)
OBJ 50002466 (sz=24, trace=300774, class=jdk.internal.org.objectweb.asm.ByteVector@5000118a)
ARR 50002467 (sz=80, trace=300775, nelems=0, elem type=byte[])
OBJ 50002468 (sz=56, trace=300776, class=jdk.internal.org.objectweb.asm.Item@5000118d)
OBJ 50002469 (sz=56, trace=300773, class=jdk.internal.org.objectweb.asm.AnnotationWriter@500011c5)
OBJ 5000246a (sz=24, trace=300777, class=jdk.internal.org.objectweb.asm.ByteVector@5000118a)
ARR 5000246b (sz=80, trace=300778, nelems=0, elem type=byte[])
ARR 5000246c (sz=528, trace=300779, nelems=0, elem type=byte[])
OBJ 5000246d (sz=56, trace=300780, class=jdk.internal.org.objectweb.asm.Item@5000118d)
OBJ 5000246e (sz=56, trace=300773, class=jdk.internal.org.objectweb.asm.AnnotationWriter@500011c5)
OBJ 5000246f (sz=24, trace=300795, class=java.lang.String@50000165)
ARR 50002470 (sz=56, trace=300462, nelems=0, elem type=char[])
ARR 50002471 (sz=88, trace=300796, nelems=0, elem type=char[])
OBJ 50002472 (sz=24, trace=300797, class=java.lang.String@50000165)
ARR 50002473 (sz=56, trace=300798, nelems=0, elem type=int[])
OBJ 50002474 (sz=56, trace=300733, class=jdk.internal.org.objectweb.asm.Item@5000118d)
OBJ 50002475 (sz=56, trace=300800, class=jdk.internal.org.objectweb.asm.Item@5000118d)
OBJ 50002476 (sz=56, trace=300801, class=jdk.internal.org.objectweb.asm.Item@5000118d)
OBJ 50002477 (sz=56, trace=300802, class=jdk.internal.org.objectweb.asm.Item@5000118d)
OBJ 50002478 (sz=56, trace=300803, class=jdk.internal.org.objectweb.asm.Item@5000118d)
OBJ 50002479 (sz=56, trace=300804, class=jdk.internal.org.objectweb.asm.Item@5000118d)
OBJ 5000247a (sz=24, trace=300805, class=java.lang.String@50000165)
ARR 5000247b (sz=48, trace=300806, nelems=0, elem type=char[])
OBJ 5000247c (sz=56, trace=300807, class=jdk.internal.org.objectweb.asm.Item@5000118d)
ARR 5000247d (sz=80, trace=300808, nelems=0, elem type=jdk.internal.org.objectweb.asm.Item[]@5000118e)
ARR 5000247e (sz=56, trace=300809, nelems=0, elem type=int[])
OBJ 5000247f (sz=24, trace=300795, class=java.lang.String@50000165)
ARR 50002480 (sz=40, trace=300462, nelems=0, elem type=char[])
ARR 50002481 (sz=72, trace=300811, nelems=0, elem type=char[])
OBJ 50002482 (sz=24, trace=300812, class=java.lang.String@50000165)
OBJ 50002483 (sz=56, trace=300813, class=jdk.internal.org.objectweb.asm.Item@5000118d)
OBJ 50002484 (sz=56, trace=300814, class=jdk.internal.org.objectweb.asm.Item@5000118d)
OBJ 50002485 (sz=56, trace=300815, class=jdk.internal.org.objectweb.asm.Item@5000118d)
OBJ 50002486 (sz=56, trace=300733, class=jdk.internal.org.objectweb.asm.Item@5000118d)
OBJ 50002487 (sz=56, trace=300800, class=jdk.internal.org.objectweb.asm.Item@5000118d)
OBJ 50002488 (sz=56, trace=300801, class=jdk.internal.org.objectweb.asm.Item@5000118d)
ARR 50002489 (sz=1040, trace=300816, nelems=0, elem type=byte[])
OBJ 5000248a (sz=56, trace=300802, class=jdk.internal.org.objectweb.asm.Item@5000118d)
OBJ 5000248b (sz=56, trace=300803, class=jdk.internal.org.objectweb.asm.Item@5000118d)
OBJ 5000248c (sz=56, trace=300804, class=jdk.internal.org.objectweb.asm.Item@5000118d)
OBJ 5000248d (sz=24, trace=300805, class=java.lang.String@50000165)
ARR 5000248e (sz=48, trace=300806, nelems=0, elem type=char[])
OBJ 5000248f (sz=64, trace=300817, class=jdk.internal.org.objectweb.asm.Label@500011bc)
OBJ 50002490 (sz=48, trace=300818, class=jdk.internal.org.objectweb.asm.Frame@500011be)
ARR 50002491 (sz=168, trace=300819, nelems=0, elem type=char[])
ARR 50002492 (sz=32, trace=300820, nelems=0, elem type=jdk.internal.org.objectweb.asm.Type[]@50001222)
OBJ 50002493 (sz=32, trace=300821, class=jdk.internal.org.objectweb.asm.Type@500011b2)
OBJ 50002494 (sz=32, trace=300821, class=jdk.internal.org.objectweb.asm.Type@500011b2)
OBJ 50002495 (sz=32, trace=300821, class=jdk.internal.org.objectweb.asm.Type@500011b2)
ARR 50002496 (sz=32, trace=300822, nelems=0, elem type=int[])
ARR 50002497 (sz=16, trace=300823, nelems=0, elem type=int[])
OBJ 50002498 (sz=24, trace=300824, class=java.lang.StringBuffer@50000119)
ARR 50002499 (sz=48, trace=300825, nelems=0, elem type=char[])
ARR 5000249a (sz=88, trace=300826, nelems=0, elem type=char[])
ARR 5000249b (sz=56, trace=300827, nelems=0, elem type=char[])
OBJ 5000249c (sz=24, trace=300828, class=java.lang.String@50000165)
OBJ 5000249d (sz=24, trace=300829, class=java.lang.String@50000165)
ARR 5000249e (sz=48, trace=300806, nelems=0, elem type=char[])
OBJ 5000249f (sz=24, trace=300824, class=java.lang.StringBuffer@50000119)
ARR 500024a0 (sz=48, trace=300825, nelems=0, elem type=char[])
ARR 500024a1 (sz=88, trace=300826, nelems=0, elem type=char[])
ARR 500024a2 (sz=56, trace=300827, nelems=0, elem type=char[])
OBJ 500024a3 (sz=24, trace=300828, class=java.lang.String@50000165)
OBJ 500024a4 (sz=24, trace=300829, class=java.lang.String@50000165)
ARR 500024a5 (sz=48, trace=300806, nelems=0, elem type=char[])
OBJ 500024a6 (sz=24, trace=300824, class=java.lang.StringBuffer@50000119)
ARR 500024a7 (sz=48, trace=300825, nelems=0, elem type=char[])
ARR 500024a8 (sz=88, trace=300826, nelems=0, elem type=char[])
ARR 500024a9 (sz=56, trace=300827, nelems=0, elem type=char[])
OBJ 500024aa (sz=24, trace=300828, class=java.lang.String@50000165)
OBJ 500024ab (sz=24, trace=300829, class=java.lang.String@50000165)
ARR 500024ac (sz=48, trace=300806, nelems=0, elem type=char[])
ARR 500024ad (sz=40, trace=300830, nelems=0, elem type=int[])
ARR 500024ae (sz=24, trace=300831, nelems=0, elem type=java.lang.Object[]@500000ff)
OBJ 500024af (sz=56, trace=300832, class=jdk.internal.org.objectweb.asm.Item@5000118d)
OBJ 500024b0 (sz=56, trace=300833, class=jdk.internal.org.objectweb.asm.Item@5000118d)
OBJ 500024b1 (sz=56, trace=300834, class=jdk.internal.org.objectweb.asm.Item@5000118d)
OBJ 500024b2 (sz=24, trace=300835, class=jdk.internal.org.objectweb.asm.ByteVector@5000118a)
ARR 500024b3 (sz=744, trace=300836, nelems=0, elem type=byte[])
ARR 500024b4 (sz=128, trace=300837, nelems=0, elem type=java.lang.Object[]@500000ff)
OBJ 500024b5 (sz=16, trace=300839, class=java.util.HashMap$Values@5000123e)
OBJ 500024b6 (sz=40, trace=300841, class=java.util.HashMap$ValueIterator@50001241)
OBJ 500024b8 (sz=56, trace=300843, class=java.lang.invoke.MemberName@50000124)
OBJ 500024b9 (sz=40, trace=300844, class=java.lang.ref.SoftReference@50000149)
	referent	50002432
	queue		50006b4d
OBJ 500024ba (sz=32, trace=300845, class=java.lang.invoke.DirectMethodHandle@50000125)
	type		5000114e
	form		50002432
	member		50006e25
OBJ 500024bb (sz=40, trace=301012, class=java.lang.ref.SoftReference@50000149)
	referent	500024ba
	queue		50006b4d
ARR 500024bc (sz=24, trace=301068, nelems=2, elem type=java.lang.Object[]@500000ff)
	[0]		5000231c
	[1]		50000f66
OBJ 500024bd (sz=32, trace=301069, class=java.lang.invoke.LambdaForm$Name@50000f62)
	type		50000f5a
	function	5000231e
	arguments	500024bc
OBJ 500024be (sz=48, trace=301070, class=java.lang.invoke.LambdaForm@50000122)
	names		50006e2e
	debugName	50006e2d
	vmentry		50006e2c
OBJ 500024bf (sz=40, trace=300844, class=java.lang.ref.SoftReference@50000149)
	referent	500024be
	queue		50006b4d
OBJ 500024c0 (sz=40, trace=301071, class=java.lang.invoke.MethodHandleImpl$AsVarargsCollector@50002303)
	type		500022fb
	form		500024be
	target		50002301
	arrayType	500000ff
	asCollectorCache	500048b0
OBJ 500024c1 (sz=24, trace=300696, class=java.lang.StringBuilder@50000118)
ARR 500024c2 (sz=32, trace=300697, nelems=0, elem type=char[])
OBJ 500024c3 (sz=24, trace=300698, class=java.lang.String@50000165)
ARR 500024c4 (sz=24, trace=300699, nelems=0, elem type=char[])
ARR 500024c5 (sz=24, trace=300938, nelems=0, elem type=java.lang.Class[]@500000fa)
OBJ 500024c6 (sz=40, trace=300701, class=java.lang.invoke.MethodType@50000121)
OBJ 500024c7 (sz=32, trace=300443, class=java.lang.invoke.MethodType$ConcurrentWeakInternSet$WeakEntry@50000b5f)
OBJ 500024c8 (sz=64, trace=300704, class=java.lang.invoke.InvokerBytecodeGenerator@50001172)
OBJ 500024c9 (sz=48, trace=300705, class=java.util.HashMap@500000bd)
OBJ 500024ca (sz=24, trace=300706, class=java.lang.String@50000165)
ARR 500024cb (sz=24, trace=300707, nelems=0, elem type=char[])
OBJ 500024cc (sz=24, trace=300708, class=java.lang.String@50000165)
	value		500024cd
ARR 500024cd (sz=16, trace=300709, nelems=8, elem type=char[])
OBJ 500024ce (sz=24, trace=300710, class=java.lang.StringBuilder@50000118)
ARR 500024cf (sz=48, trace=300711, nelems=0, elem type=char[])
ARR 500024d0 (sz=88, trace=300010, nelems=0, elem type=char[])
OBJ 500024d1 (sz=24, trace=300712, class=java.lang.String@50000165)
ARR 500024d2 (sz=80, trace=300713, nelems=0, elem type=char[])
OBJ 500024d3 (sz=24, trace=300714, class=java.lang.StringBuilder@50000118)
ARR 500024d4 (sz=48, trace=300715, nelems=0, elem type=char[])
OBJ 500024d5 (sz=24, trace=300716, class=java.lang.String@50000165)
ARR 500024d6 (sz=48, trace=300717, nelems=0, elem type=char[])
ARR 500024d7 (sz=40, trace=300718, nelems=0, elem type=int[])
ARR 500024d8 (sz=40, trace=300719, nelems=0, elem type=java.lang.invoke.LambdaForm$BasicType[]@50000f60)
ARR 500024d9 (sz=40, trace=300720, nelems=0, elem type=java.lang.Class[]@500000fa)
OBJ 500024da (sz=168, trace=300723, class=jdk.internal.org.objectweb.asm.ClassWriter@50001187)
OBJ 500024db (sz=24, trace=300725, class=jdk.internal.org.objectweb.asm.ByteVector@5000118a)
ARR 500024dc (sz=80, trace=300726, nelems=0, elem type=byte[])
ARR 500024dd (sz=1040, trace=300728, nelems=0, elem type=jdk.internal.org.objectweb.asm.Item[]@5000118e)
OBJ 500024de (sz=56, trace=300729, class=jdk.internal.org.objectweb.asm.Item@5000118d)
OBJ 500024df (sz=56, trace=300730, class=jdk.internal.org.objectweb.asm.Item@5000118d)
OBJ 500024e0 (sz=56, trace=300731, class=jdk.internal.org.objectweb.asm.Item@5000118d)
OBJ 500024e1 (sz=56, trace=300732, class=jdk.internal.org.objectweb.asm.Item@5000118d)
OBJ 500024e2 (sz=56, trace=300733, class=jdk.internal.org.objectweb.asm.Item@5000118d)
OBJ 500024e3 (sz=56, trace=300734, class=jdk.internal.org.objectweb.asm.Item@5000118d)
OBJ 500024e4 (sz=56, trace=300733, class=jdk.internal.org.objectweb.asm.Item@5000118d)
OBJ 500024e5 (sz=56, trace=300735, class=jdk.internal.org.objectweb.asm.Item@5000118d)
ARR 500024e6 (sz=144, trace=300736, nelems=0, elem type=byte[])
OBJ 500024e7 (sz=56, trace=300737, class=jdk.internal.org.objectweb.asm.Item@5000118d)
OBJ 500024e8 (sz=224, trace=300748, class=jdk.internal.org.objectweb.asm.MethodWriter@500011ab)
OBJ 500024e9 (sz=24, trace=300749, class=jdk.internal.org.objectweb.asm.ByteVector@5000118a)
ARR 500024ea (sz=80, trace=300750, nelems=0, elem type=byte[])
OBJ 500024eb (sz=56, trace=300751, class=jdk.internal.org.objectweb.asm.Item@5000118d)
ARR 500024ec (sz=272, trace=300752, nelems=0, elem type=byte[])
OBJ 500024ed (sz=56, trace=300753, class=jdk.internal.org.objectweb.asm.Item@5000118d)
OBJ 500024ee (sz=64, trace=300765, class=jdk.internal.org.objectweb.asm.Label@500011bc)
OBJ 500024ef (sz=48, trace=300768, class=jdk.internal.org.objectweb.asm.Frame@500011be)
OBJ 500024f0 (sz=24, trace=300769, class=jdk.internal.org.objectweb.asm.ByteVector@5000118a)
ARR 500024f1 (sz=80, trace=300770, nelems=0, elem type=byte[])
OBJ 500024f2 (sz=56, trace=300771, class=jdk.internal.org.objectweb.asm.Item@5000118d)
OBJ 500024f3 (sz=56, trace=300773, class=jdk.internal.org.objectweb.asm.AnnotationWriter@500011c5)
OBJ 500024f4 (sz=24, trace=300774, class=jdk.internal.org.objectweb.asm.ByteVector@5000118a)
ARR 500024f5 (sz=80, trace=300775, nelems=0, elem type=byte[])
OBJ 500024f6 (sz=56, trace=300776, class=jdk.internal.org.objectweb.asm.Item@5000118d)
OBJ 500024f7 (sz=56, trace=300773, class=jdk.internal.org.objectweb.asm.AnnotationWriter@500011c5)
OBJ 500024f8 (sz=24, trace=300777, class=jdk.internal.org.objectweb.asm.ByteVector@5000118a)
ARR 500024f9 (sz=80, trace=300778, nelems=0, elem type=byte[])
ARR 500024fa (sz=528, trace=300779, nelems=0, elem type=byte[])
OBJ 500024fb (sz=56, trace=300780, class=jdk.internal.org.objectweb.asm.Item@5000118d)
OBJ 500024fc (sz=56, trace=300773, class=jdk.internal.org.objectweb.asm.AnnotationWriter@500011c5)
OBJ 500024fd (sz=24, trace=300795, class=java.lang.String@50000165)
ARR 500024fe (sz=64, trace=300462, nelems=0, elem type=char[])
ARR 500024ff (sz=96, trace=300796, nelems=0, elem type=char[])
OBJ 50002500 (sz=24, trace=300797, class=java.lang.String@50000165)
ARR 50002501 (sz=24, trace=300920, nelems=0, elem type=java.lang.Class[]@500000fa)
OBJ 50002502 (sz=40, trace=300860, class=java.lang.invoke.MethodType@50000121)
OBJ 50002503 (sz=32, trace=300443, class=java.lang.invoke.MethodType$ConcurrentWeakInternSet$WeakEntry@50000b5f)
ARR 50002504 (sz=56, trace=300798, nelems=0, elem type=int[])
ARR 50002505 (sz=96, trace=300811, nelems=0, elem type=char[])
OBJ 50002506 (sz=24, trace=300812, class=java.lang.String@50000165)
OBJ 50002507 (sz=56, trace=300813, class=jdk.internal.org.objectweb.asm.Item@5000118d)
OBJ 50002508 (sz=56, trace=300814, class=jdk.internal.org.objectweb.asm.Item@5000118d)
OBJ 50002509 (sz=56, trace=300815, class=jdk.internal.org.objectweb.asm.Item@5000118d)
ARR 5000250a (sz=80, trace=301072, nelems=0, elem type=jdk.internal.org.objectweb.asm.Item[]@5000118e)
OBJ 5000250b (sz=24, trace=300685, class=java.util.Arrays$ArrayList@5000115f)
OBJ 5000250c (sz=24, trace=300686, class=java.util.Collections$UnmodifiableRandomAccessList@500000ca)
OBJ 5000250d (sz=24, trace=300738, class=java.lang.StringBuilder@50000118)
ARR 5000250e (sz=48, trace=300739, nelems=0, elem type=char[])
OBJ 5000250f (sz=24, trace=300740, class=java.util.Collections$UnmodifiableCollection$1@50001162)
OBJ 50002510 (sz=32, trace=300690, class=java.util.AbstractList$Itr@50001164)
ARR 50002511 (sz=80, trace=300743, nelems=0, elem type=char[])
OBJ 50002512 (sz=24, trace=300744, class=java.lang.String@50000165)
ARR 50002513 (sz=88, trace=300010, nelems=0, elem type=char[])
OBJ 50002514 (sz=24, trace=300745, class=java.lang.String@50000165)
	value		50002515
ARR 50002515 (sz=66, trace=300746, nelems=33, elem type=char[])
OBJ 50002516 (sz=56, trace=300801, class=jdk.internal.org.objectweb.asm.Item@5000118d)
OBJ 50002517 (sz=56, trace=300802, class=jdk.internal.org.objectweb.asm.Item@5000118d)
OBJ 50002518 (sz=56, trace=300803, class=jdk.internal.org.objectweb.asm.Item@5000118d)
OBJ 50002519 (sz=56, trace=300804, class=jdk.internal.org.objectweb.asm.Item@5000118d)
OBJ 5000251a (sz=24, trace=300805, class=java.lang.String@50000165)
ARR 5000251b (sz=80, trace=300806, nelems=0, elem type=char[])
OBJ 5000251c (sz=56, trace=300807, class=jdk.internal.org.objectweb.asm.Item@5000118d)
ARR 5000251d (sz=24, trace=300931, nelems=0, elem type=java.lang.Class[]@500000fa)
OBJ 5000251e (sz=40, trace=300860, class=java.lang.invoke.MethodType@50000121)
OBJ 5000251f (sz=32, trace=300443, class=java.lang.invoke.MethodType$ConcurrentWeakInternSet$WeakEntry@50000b5f)
ARR 50002520 (sz=56, trace=300809, nelems=0, elem type=int[])
OBJ 50002521 (sz=24, trace=300795, class=java.lang.String@50000165)
ARR 50002522 (sz=40, trace=300462, nelems=0, elem type=char[])
OBJ 50002523 (sz=56, trace=300733, class=jdk.internal.org.objectweb.asm.Item@5000118d)
OBJ 50002524 (sz=56, trace=300800, class=jdk.internal.org.objectweb.asm.Item@5000118d)
OBJ 50002525 (sz=56, trace=300801, class=jdk.internal.org.objectweb.asm.Item@5000118d)
OBJ 50002526 (sz=56, trace=300802, class=jdk.internal.org.objectweb.asm.Item@5000118d)
OBJ 50002527 (sz=56, trace=300803, class=jdk.internal.org.objectweb.asm.Item@5000118d)
OBJ 50002528 (sz=56, trace=300804, class=jdk.internal.org.objectweb.asm.Item@5000118d)
OBJ 50002529 (sz=24, trace=300805, class=java.lang.String@50000165)
ARR 5000252a (sz=48, trace=300806, nelems=0, elem type=char[])
OBJ 5000252b (sz=56, trace=300807, class=jdk.internal.org.objectweb.asm.Item@5000118d)
ARR 5000252c (sz=24, trace=300931, nelems=0, elem type=java.lang.Class[]@500000fa)
OBJ 5000252d (sz=40, trace=300860, class=java.lang.invoke.MethodType@50000121)
OBJ 5000252e (sz=32, trace=300443, class=java.lang.invoke.MethodType$ConcurrentWeakInternSet$WeakEntry@50000b5f)
OBJ 5000252f (sz=64, trace=300817, class=jdk.internal.org.objectweb.asm.Label@500011bc)
OBJ 50002530 (sz=48, trace=300818, class=jdk.internal.org.objectweb.asm.Frame@500011be)
ARR 50002531 (sz=128, trace=300819, nelems=0, elem type=char[])
ARR 50002532 (sz=24, trace=300820, nelems=0, elem type=jdk.internal.org.objectweb.asm.Type[]@50001222)
OBJ 50002533 (sz=32, trace=300821, class=jdk.internal.org.objectweb.asm.Type@500011b2)
OBJ 50002534 (sz=32, trace=300821, class=jdk.internal.org.objectweb.asm.Type@500011b2)
ARR 50002535 (sz=32, trace=300822, nelems=0, elem type=int[])
ARR 50002536 (sz=16, trace=300823, nelems=0, elem type=int[])
OBJ 50002537 (sz=24, trace=300824, class=java.lang.StringBuffer@50000119)
ARR 50002538 (sz=48, trace=300825, nelems=0, elem type=char[])
ARR 50002539 (sz=88, trace=300826, nelems=0, elem type=char[])
ARR 5000253a (sz=56, trace=300827, nelems=0, elem type=char[])
OBJ 5000253b (sz=24, trace=300828, class=java.lang.String@50000165)
OBJ 5000253c (sz=24, trace=300829, class=java.lang.String@50000165)
ARR 5000253d (sz=48, trace=300806, nelems=0, elem type=char[])
OBJ 5000253e (sz=24, trace=300824, class=java.lang.StringBuffer@50000119)
ARR 5000253f (sz=48, trace=300825, nelems=0, elem type=char[])
ARR 50002540 (sz=88, trace=300826, nelems=0, elem type=char[])
ARR 50002541 (sz=56, trace=300827, nelems=0, elem type=char[])
OBJ 50002542 (sz=24, trace=300828, class=java.lang.String@50000165)
OBJ 50002543 (sz=24, trace=300829, class=java.lang.String@50000165)
ARR 50002544 (sz=48, trace=300806, nelems=0, elem type=char[])
ARR 50002545 (sz=40, trace=300830, nelems=0, elem type=int[])
ARR 50002546 (sz=24, trace=300940, nelems=0, elem type=java.lang.Object[]@500000ff)
OBJ 50002547 (sz=56, trace=300832, class=jdk.internal.org.objectweb.asm.Item@5000118d)
OBJ 50002548 (sz=56, trace=300833, class=jdk.internal.org.objectweb.asm.Item@5000118d)
OBJ 50002549 (sz=56, trace=300834, class=jdk.internal.org.objectweb.asm.Item@5000118d)
OBJ 5000254a (sz=24, trace=300835, class=jdk.internal.org.objectweb.asm.ByteVector@5000118a)
ARR 5000254b (sz=616, trace=300836, nelems=0, elem type=byte[])
ARR 5000254c (sz=120, trace=300837, nelems=0, elem type=java.lang.Object[]@500000ff)
OBJ 5000254d (sz=16, trace=300839, class=java.util.HashMap$Values@5000123e)
OBJ 5000254e (sz=40, trace=300841, class=java.util.HashMap$ValueIterator@50001241)
OBJ 50002550 (sz=56, trace=300843, class=java.lang.invoke.MemberName@50000124)
ARR 50002551 (sz=24, trace=301073, nelems=0, elem type=java.lang.Class[]@500000fa)
OBJ 50002552 (sz=40, trace=300519, class=java.lang.invoke.MethodType@50000121)
OBJ 50002553 (sz=32, trace=300443, class=java.lang.invoke.MethodType$ConcurrentWeakInternSet$WeakEntry@50000b5f)
ARR 50002554 (sz=32, trace=301074, nelems=0, elem type=java.lang.invoke.LambdaForm$Name[]@50000fce)
OBJ 50002555 (sz=32, trace=301040, class=java.lang.invoke.LambdaForm$Name@50000f62)
	type		50000f5a
	constraint	500010a4
ARR 50002556 (sz=24, trace=301075, nelems=0, elem type=java.lang.Object[]@500000ff)
ARR 50002557 (sz=24, trace=301042, nelems=1, elem type=java.lang.Object[]@500000ff)
	[0]		50002555
OBJ 50002558 (sz=32, trace=301043, class=java.lang.invoke.LambdaForm$Name@50000f62)
	type		50000f5a
	function	5000175a
	arguments	50002557
ARR 50002559 (sz=24, trace=301076, nelems=0, elem type=java.lang.Object[]@500000ff)
OBJ 5000255a (sz=24, trace=301045, class=java.lang.invoke.LambdaForm$NamedFunction@50000f99)
	member		50006e25
	resolvedHandle	500024ba
ARR 5000255b (sz=24, trace=301068, nelems=2, elem type=java.lang.Object[]@500000ff)
	[0]		50002558
	[1]		50000f66
OBJ 5000255c (sz=32, trace=301069, class=java.lang.invoke.LambdaForm$Name@50000f62)
	type		50000f5a
	function	5000255a
	arguments	5000255b
OBJ 5000255d (sz=48, trace=301070, class=java.lang.invoke.LambdaForm@50000122)
	names		50006f10
	debugName	50006e2f
	vmentry		50006f0f
	transformCache	500048af
OBJ 5000255e (sz=40, trace=300844, class=java.lang.ref.SoftReference@50000149)
	referent	5000255d
	queue		50006b4d
OBJ 5000255f (sz=32, trace=301077, class=java.lang.invoke.BoundMethodHandle$Species_L@500010a3)
OBJ 50002560 (sz=24, trace=300696, class=java.lang.StringBuilder@50000118)
ARR 50002561 (sz=32, trace=300697, nelems=0, elem type=char[])
OBJ 50002562 (sz=24, trace=300698, class=java.lang.String@50000165)
ARR 50002563 (sz=24, trace=300699, nelems=0, elem type=char[])
ARR 50002564 (sz=24, trace=300938, nelems=0, elem type=java.lang.Class[]@500000fa)
OBJ 50002565 (sz=40, trace=300701, class=java.lang.invoke.MethodType@50000121)
OBJ 50002566 (sz=32, trace=300443, class=java.lang.invoke.MethodType$ConcurrentWeakInternSet$WeakEntry@50000b5f)
OBJ 50002567 (sz=64, trace=300704, class=java.lang.invoke.InvokerBytecodeGenerator@50001172)
OBJ 50002568 (sz=48, trace=300705, class=java.util.HashMap@500000bd)
OBJ 50002569 (sz=24, trace=300706, class=java.lang.String@50000165)
ARR 5000256a (sz=24, trace=300707, nelems=0, elem type=char[])
OBJ 5000256b (sz=24, trace=300708, class=java.lang.String@50000165)
	value		5000256c
ARR 5000256c (sz=16, trace=300709, nelems=8, elem type=char[])
OBJ 5000256d (sz=24, trace=300710, class=java.lang.StringBuilder@50000118)
ARR 5000256e (sz=48, trace=300711, nelems=0, elem type=char[])
ARR 5000256f (sz=88, trace=300010, nelems=0, elem type=char[])
OBJ 50002570 (sz=24, trace=300712, class=java.lang.String@50000165)
ARR 50002571 (sz=80, trace=300713, nelems=0, elem type=char[])
OBJ 50002572 (sz=24, trace=300714, class=java.lang.StringBuilder@50000118)
ARR 50002573 (sz=48, trace=300715, nelems=0, elem type=char[])
OBJ 50002574 (sz=24, trace=300716, class=java.lang.String@50000165)
ARR 50002575 (sz=48, trace=300717, nelems=0, elem type=char[])
ARR 50002576 (sz=40, trace=300718, nelems=0, elem type=int[])
ARR 50002577 (sz=40, trace=300719, nelems=0, elem type=java.lang.invoke.LambdaForm$BasicType[]@50000f60)
ARR 50002578 (sz=40, trace=300720, nelems=0, elem type=java.lang.Class[]@500000fa)
OBJ 50002579 (sz=168, trace=300723, class=jdk.internal.org.objectweb.asm.ClassWriter@50001187)
OBJ 5000257a (sz=24, trace=300725, class=jdk.internal.org.objectweb.asm.ByteVector@5000118a)
ARR 5000257b (sz=80, trace=300726, nelems=0, elem type=byte[])
ARR 5000257c (sz=1040, trace=300728, nelems=0, elem type=jdk.internal.org.objectweb.asm.Item[]@5000118e)
OBJ 5000257d (sz=56, trace=300729, class=jdk.internal.org.objectweb.asm.Item@5000118d)
OBJ 5000257e (sz=56, trace=300730, class=jdk.internal.org.objectweb.asm.Item@5000118d)
OBJ 5000257f (sz=56, trace=300731, class=jdk.internal.org.objectweb.asm.Item@5000118d)
OBJ 50002580 (sz=56, trace=300732, class=jdk.internal.org.objectweb.asm.Item@5000118d)
OBJ 50002581 (sz=56, trace=300733, class=jdk.internal.org.objectweb.asm.Item@5000118d)
OBJ 50002582 (sz=56, trace=300734, class=jdk.internal.org.objectweb.asm.Item@5000118d)
OBJ 50002583 (sz=56, trace=300733, class=jdk.internal.org.objectweb.asm.Item@5000118d)
OBJ 50002584 (sz=56, trace=300735, class=jdk.internal.org.objectweb.asm.Item@5000118d)
ARR 50002585 (sz=144, trace=300736, nelems=0, elem type=byte[])
OBJ 50002586 (sz=56, trace=300737, class=jdk.internal.org.objectweb.asm.Item@5000118d)
OBJ 50002587 (sz=224, trace=300748, class=jdk.internal.org.objectweb.asm.MethodWriter@500011ab)
OBJ 50002588 (sz=24, trace=300749, class=jdk.internal.org.objectweb.asm.ByteVector@5000118a)
ARR 50002589 (sz=80, trace=300750, nelems=0, elem type=byte[])
OBJ 5000258a (sz=56, trace=300751, class=jdk.internal.org.objectweb.asm.Item@5000118d)
ARR 5000258b (sz=272, trace=300752, nelems=0, elem type=byte[])
OBJ 5000258c (sz=56, trace=300753, class=jdk.internal.org.objectweb.asm.Item@5000118d)
OBJ 5000258d (sz=64, trace=300765, class=jdk.internal.org.objectweb.asm.Label@500011bc)
OBJ 5000258e (sz=48, trace=300768, class=jdk.internal.org.objectweb.asm.Frame@500011be)
OBJ 5000258f (sz=24, trace=300769, class=jdk.internal.org.objectweb.asm.ByteVector@5000118a)
ARR 50002590 (sz=80, trace=300770, nelems=0, elem type=byte[])
OBJ 50002591 (sz=56, trace=300771, class=jdk.internal.org.objectweb.asm.Item@5000118d)
OBJ 50002592 (sz=56, trace=300773, class=jdk.internal.org.objectweb.asm.AnnotationWriter@500011c5)
OBJ 50002593 (sz=24, trace=300774, class=jdk.internal.org.objectweb.asm.ByteVector@5000118a)
ARR 50002594 (sz=80, trace=300775, nelems=0, elem type=byte[])
OBJ 50002595 (sz=56, trace=300776, class=jdk.internal.org.objectweb.asm.Item@5000118d)
OBJ 50002596 (sz=56, trace=300773, class=jdk.internal.org.objectweb.asm.AnnotationWriter@500011c5)
OBJ 50002597 (sz=24, trace=300777, class=jdk.internal.org.objectweb.asm.ByteVector@5000118a)
ARR 50002598 (sz=80, trace=300778, nelems=0, elem type=byte[])
ARR 50002599 (sz=528, trace=300779, nelems=0, elem type=byte[])
OBJ 5000259a (sz=56, trace=300780, class=jdk.internal.org.objectweb.asm.Item@5000118d)
OBJ 5000259b (sz=56, trace=300773, class=jdk.internal.org.objectweb.asm.AnnotationWriter@500011c5)
OBJ 5000259c (sz=24, trace=301078, class=java.lang.String@50000165)
ARR 5000259d (sz=40, trace=301079, nelems=0, elem type=char[])
OBJ 5000259e (sz=24, trace=301080, class=java.lang.String@50000165)
ARR 5000259f (sz=40, trace=301081, nelems=0, elem type=char[])
OBJ 500025a0 (sz=40, trace=300872, class=java.lang.invoke.MethodType@50000121)
OBJ 500025a1 (sz=32, trace=300443, class=java.lang.invoke.MethodType$ConcurrentWeakInternSet$WeakEntry@50000b5f)
ARR 500025a2 (sz=104, trace=300796, nelems=0, elem type=char[])
OBJ 500025a3 (sz=24, trace=300797, class=java.lang.String@50000165)
ARR 500025a4 (sz=56, trace=300798, nelems=0, elem type=int[])
ARR 500025a5 (sz=104, trace=300811, nelems=0, elem type=char[])
OBJ 500025a6 (sz=24, trace=300812, class=java.lang.String@50000165)
OBJ 500025a7 (sz=56, trace=300813, class=jdk.internal.org.objectweb.asm.Item@5000118d)
OBJ 500025a8 (sz=56, trace=300814, class=jdk.internal.org.objectweb.asm.Item@5000118d)
OBJ 500025a9 (sz=56, trace=300815, class=jdk.internal.org.objectweb.asm.Item@5000118d)
ARR 500025aa (sz=80, trace=301072, nelems=0, elem type=jdk.internal.org.objectweb.asm.Item[]@5000118e)
OBJ 500025ab (sz=24, trace=301082, class=java.lang.StringBuilder@50000118)
ARR 500025ac (sz=48, trace=301083, nelems=0, elem type=char[])
ARR 500025ad (sz=48, trace=301084, nelems=0, elem type=char[])
OBJ 500025ae (sz=24, trace=301085, class=java.lang.String@50000165)
ARR 500025af (sz=88, trace=300010, nelems=0, elem type=char[])
OBJ 500025b0 (sz=24, trace=301086, class=java.lang.String@50000165)
ARR 500025b1 (sz=56, trace=301087, nelems=0, elem type=char[])
OBJ 500025b2 (sz=56, trace=300801, class=jdk.internal.org.objectweb.asm.Item@5000118d)
OBJ 500025b3 (sz=56, trace=300802, class=jdk.internal.org.objectweb.asm.Item@5000118d)
OBJ 500025b4 (sz=56, trace=301088, class=jdk.internal.org.objectweb.asm.Item@5000118d)
OBJ 500025b5 (sz=56, trace=301089, class=jdk.internal.org.objectweb.asm.Item@5000118d)
OBJ 500025b6 (sz=24, trace=300805, class=java.lang.String@50000165)
ARR 500025b7 (sz=48, trace=300806, nelems=0, elem type=char[])
OBJ 500025b8 (sz=56, trace=300807, class=jdk.internal.org.objectweb.asm.Item@5000118d)
OBJ 500025b9 (sz=40, trace=300872, class=java.lang.invoke.MethodType@50000121)
OBJ 500025ba (sz=32, trace=300443, class=java.lang.invoke.MethodType$ConcurrentWeakInternSet$WeakEntry@50000b5f)
ARR 500025bb (sz=24, trace=300931, nelems=0, elem type=java.lang.Class[]@500000fa)
OBJ 500025bc (sz=40, trace=300860, class=java.lang.invoke.MethodType@50000121)
OBJ 500025bd (sz=32, trace=300443, class=java.lang.invoke.MethodType$ConcurrentWeakInternSet$WeakEntry@50000b5f)
ARR 500025be (sz=56, trace=300809, nelems=0, elem type=int[])
OBJ 500025bf (sz=24, trace=300795, class=java.lang.String@50000165)
ARR 500025c0 (sz=40, trace=300462, nelems=0, elem type=char[])
OBJ 500025c1 (sz=56, trace=300813, class=jdk.internal.org.objectweb.asm.Item@5000118d)
OBJ 500025c2 (sz=56, trace=300814, class=jdk.internal.org.objectweb.asm.Item@5000118d)
OBJ 500025c3 (sz=56, trace=300815, class=jdk.internal.org.objectweb.asm.Item@5000118d)
OBJ 500025c4 (sz=56, trace=300801, class=jdk.internal.org.objectweb.asm.Item@5000118d)
OBJ 500025c5 (sz=56, trace=300802, class=jdk.internal.org.objectweb.asm.Item@5000118d)
OBJ 500025c6 (sz=56, trace=300803, class=jdk.internal.org.objectweb.asm.Item@5000118d)
OBJ 500025c7 (sz=56, trace=300804, class=jdk.internal.org.objectweb.asm.Item@5000118d)
OBJ 500025c8 (sz=24, trace=300805, class=java.lang.String@50000165)
ARR 500025c9 (sz=48, trace=300806, nelems=0, elem type=char[])
ARR 500025ca (sz=24, trace=300931, nelems=0, elem type=java.lang.Class[]@500000fa)
OBJ 500025cb (sz=40, trace=300860, class=java.lang.invoke.MethodType@50000121)
OBJ 500025cc (sz=32, trace=300443, class=java.lang.invoke.MethodType$ConcurrentWeakInternSet$WeakEntry@50000b5f)
OBJ 500025cd (sz=64, trace=300817, class=jdk.internal.org.objectweb.asm.Label@500011bc)
OBJ 500025ce (sz=48, trace=300818, class=jdk.internal.org.objectweb.asm.Frame@500011be)
ARR 500025cf (sz=128, trace=300819, nelems=0, elem type=char[])
ARR 500025d0 (sz=24, trace=300820, nelems=0, elem type=jdk.internal.org.objectweb.asm.Type[]@50001222)
OBJ 500025d1 (sz=32, trace=300821, class=jdk.internal.org.objectweb.asm.Type@500011b2)
OBJ 500025d2 (sz=32, trace=300821, class=jdk.internal.org.objectweb.asm.Type@500011b2)
ARR 500025d3 (sz=32, trace=300822, nelems=0, elem type=int[])
ARR 500025d4 (sz=16, trace=300823, nelems=0, elem type=int[])
OBJ 500025d5 (sz=24, trace=300824, class=java.lang.StringBuffer@50000119)
ARR 500025d6 (sz=48, trace=300825, nelems=0, elem type=char[])
ARR 500025d7 (sz=88, trace=300826, nelems=0, elem type=char[])
ARR 500025d8 (sz=56, trace=300827, nelems=0, elem type=char[])
OBJ 500025d9 (sz=24, trace=300828, class=java.lang.String@50000165)
OBJ 500025da (sz=24, trace=300829, class=java.lang.String@50000165)
ARR 500025db (sz=48, trace=300806, nelems=0, elem type=char[])
OBJ 500025dc (sz=24, trace=300824, class=java.lang.StringBuffer@50000119)
ARR 500025dd (sz=48, trace=300825, nelems=0, elem type=char[])
ARR 500025de (sz=88, trace=300826, nelems=0, elem type=char[])
ARR 500025df (sz=56, trace=300827, nelems=0, elem type=char[])
OBJ 500025e0 (sz=24, trace=300828, class=java.lang.String@50000165)
OBJ 500025e1 (sz=24, trace=300829, class=java.lang.String@50000165)
ARR 500025e2 (sz=48, trace=300806, nelems=0, elem type=char[])
ARR 500025e3 (sz=40, trace=300830, nelems=0, elem type=int[])
ARR 500025e4 (sz=24, trace=300940, nelems=0, elem type=java.lang.Object[]@500000ff)
OBJ 500025e5 (sz=56, trace=300832, class=jdk.internal.org.objectweb.asm.Item@5000118d)
OBJ 500025e6 (sz=56, trace=300833, class=jdk.internal.org.objectweb.asm.Item@5000118d)
OBJ 500025e7 (sz=56, trace=300834, class=jdk.internal.org.objectweb.asm.Item@5000118d)
OBJ 500025e8 (sz=24, trace=300835, class=jdk.internal.org.objectweb.asm.ByteVector@5000118a)
ARR 500025e9 (sz=608, trace=300836, nelems=0, elem type=byte[])
ARR 500025ea (sz=120, trace=300837, nelems=0, elem type=java.lang.Object[]@500000ff)
OBJ 500025eb (sz=16, trace=300839, class=java.util.HashMap$Values@5000123e)
OBJ 500025ec (sz=40, trace=300841, class=java.util.HashMap$ValueIterator@50001241)
OBJ 500025ee (sz=56, trace=300843, class=java.lang.invoke.MemberName@50000124)
OBJ 500025f0 (sz=24, trace=301091, class=java.util.ArrayList@500000d4)
ARR 500025f1 (sz=16, trace=301092, nelems=0, elem type=java.lang.Class[]@500000fa)
OBJ 500025f2 (sz=40, trace=301093, class=java.lang.invoke.MethodType@50000121)
OBJ 500025f3 (sz=32, trace=300443, class=java.lang.invoke.MethodType$ConcurrentWeakInternSet$WeakEntry@50000b5f)
OBJ 500025f4 (sz=40, trace=301094, class=java.lang.invoke.MethodType@50000121)
	rtype		500000ff
	ptypes		50000b54
	form		50000fa0
OBJ 500025f5 (sz=40, trace=300445, class=java.lang.invoke.MethodType@50000121)
OBJ 500025f6 (sz=32, trace=300443, class=java.lang.invoke.MethodType$ConcurrentWeakInternSet$WeakEntry@50000b5f)
OBJ 500025f7 (sz=32, trace=300452, class=java.lang.invoke.MethodType$ConcurrentWeakInternSet$WeakEntry@50000b5f)
	referent	500025f4
	queue		50000b52
OBJ 500025f8 (sz=32, trace=300454, class=java.util.concurrent.ConcurrentHashMap$Node@50000021)
	key		500025f7
	val		500025f7
OBJ 500025f9 (sz=56, trace=301095, class=java.lang.invoke.MemberName@50000124)
ARR 500025fa (sz=24, trace=300512, nelems=0, elem type=java.lang.Class[]@500000fa)
OBJ 500025fb (sz=40, trace=300514, class=java.lang.invoke.MethodType@50000121)
OBJ 500025fc (sz=32, trace=300443, class=java.lang.invoke.MethodType$ConcurrentWeakInternSet$WeakEntry@50000b5f)
OBJ 500025fd (sz=40, trace=300515, class=java.lang.invoke.MethodType@50000121)
	rtype		50000169
	ptypes		50006f0e
	form		50000fab
	methodDescriptor	50002679
OBJ 500025fe (sz=40, trace=300445, class=java.lang.invoke.MethodType@50000121)
OBJ 500025ff (sz=32, trace=300443, class=java.lang.invoke.MethodType$ConcurrentWeakInternSet$WeakEntry@50000b5f)
OBJ 50002600 (sz=32, trace=300452, class=java.lang.invoke.MethodType$ConcurrentWeakInternSet$WeakEntry@50000b5f)
	referent	500025fd
	queue		50000b52
OBJ 50002601 (sz=32, trace=300454, class=java.util.concurrent.ConcurrentHashMap$Node@50000021)
	key		50002600
	val		50002600
	next		50003e8d
OBJ 50002602 (sz=56, trace=300516, class=java.lang.invoke.MemberName@50000124)
ARR 50002603 (sz=24, trace=300518, nelems=0, elem type=java.lang.Class[]@500000fa)
OBJ 50002604 (sz=40, trace=300519, class=java.lang.invoke.MethodType@50000121)
OBJ 50002605 (sz=32, trace=300443, class=java.lang.invoke.MethodType$ConcurrentWeakInternSet$WeakEntry@50000b5f)
ARR 50002606 (sz=32, trace=300623, nelems=0, elem type=java.lang.invoke.LambdaForm$Name[]@50000fce)
ARR 50002607 (sz=24, trace=300674, nelems=0, elem type=java.lang.Object[]@500000ff)
ARR 50002608 (sz=24, trace=300675, nelems=1, elem type=java.lang.Object[]@500000ff)
	[0]		50000f65
OBJ 50002609 (sz=32, trace=300676, class=java.lang.invoke.LambdaForm$Name@50000f62)
	type		50000f5a
	function	50001105
	arguments	50002608
ARR 5000260a (sz=24, trace=300677, nelems=0, elem type=java.lang.Object[]@500000ff)
OBJ 5000260b (sz=24, trace=300678, class=java.lang.invoke.LambdaForm$NamedFunction@50000f99)
	member		50006f0d
ARR 5000260c (sz=24, trace=300679, nelems=1, elem type=java.lang.Object[]@500000ff)
	[0]		50002609
OBJ 5000260d (sz=32, trace=300680, class=java.lang.invoke.LambdaForm$Name@50000f62)
	type		50000f5a
	function	5000260b
	arguments	5000260c
OBJ 5000260e (sz=24, trace=300681, class=java.lang.StringBuilder@50000118)
ARR 5000260f (sz=48, trace=300682, nelems=0, elem type=char[])
ARR 50002610 (sz=88, trace=300010, nelems=0, elem type=char[])
ARR 50002611 (sz=24, trace=300683, nelems=0, elem type=char[])
OBJ 50002612 (sz=24, trace=300685, class=java.util.Arrays$ArrayList@5000115f)
OBJ 50002613 (sz=24, trace=300686, class=java.util.Collections$UnmodifiableRandomAccessList@500000ca)
OBJ 50002614 (sz=24, trace=300688, class=java.util.Collections$UnmodifiableCollection$1@50001162)
OBJ 50002615 (sz=32, trace=300690, class=java.util.AbstractList$Itr@50001164)
OBJ 50002616 (sz=24, trace=300691, class=java.lang.String@50000165)
ARR 50002617 (sz=24, trace=300692, nelems=0, elem type=char[])
OBJ 50002618 (sz=24, trace=300693, class=java.lang.String@50000165)
	value		50002619
ARR 50002619 (sz=38, trace=300694, nelems=19, elem type=char[])
OBJ 5000261a (sz=48, trace=300695, class=java.lang.invoke.LambdaForm@50000122)
	names		50006f0c
	debugName	50002618
	vmentry		50006f0b
OBJ 5000261b (sz=24, trace=300696, class=java.lang.StringBuilder@50000118)
ARR 5000261c (sz=24, trace=300697, nelems=0, elem type=char[])
OBJ 5000261d (sz=24, trace=300698, class=java.lang.String@50000165)
ARR 5000261e (sz=24, trace=300699, nelems=0, elem type=char[])
ARR 5000261f (sz=24, trace=300700, nelems=0, elem type=java.lang.Class[]@500000fa)
OBJ 50002620 (sz=40, trace=300701, class=java.lang.invoke.MethodType@50000121)
OBJ 50002621 (sz=32, trace=300443, class=java.lang.invoke.MethodType$ConcurrentWeakInternSet$WeakEntry@50000b5f)
OBJ 50002622 (sz=64, trace=300704, class=java.lang.invoke.InvokerBytecodeGenerator@50001172)
OBJ 50002623 (sz=48, trace=300705, class=java.util.HashMap@500000bd)
OBJ 50002624 (sz=24, trace=300706, class=java.lang.String@50000165)
ARR 50002625 (sz=24, trace=300707, nelems=0, elem type=char[])
OBJ 50002626 (sz=24, trace=300708, class=java.lang.String@50000165)
	value		50002627
ARR 50002627 (sz=30, trace=300709, nelems=15, elem type=char[])
OBJ 50002628 (sz=24, trace=300710, class=java.lang.StringBuilder@50000118)
ARR 50002629 (sz=48, trace=300711, nelems=0, elem type=char[])
ARR 5000262a (sz=88, trace=300010, nelems=0, elem type=char[])
OBJ 5000262b (sz=24, trace=300712, class=java.lang.String@50000165)
ARR 5000262c (sz=80, trace=300713, nelems=0, elem type=char[])
OBJ 5000262d (sz=24, trace=300714, class=java.lang.StringBuilder@50000118)
ARR 5000262e (sz=48, trace=300715, nelems=0, elem type=char[])
OBJ 5000262f (sz=24, trace=300716, class=java.lang.String@50000165)
ARR 50002630 (sz=48, trace=300717, nelems=0, elem type=char[])
ARR 50002631 (sz=32, trace=300718, nelems=0, elem type=int[])
ARR 50002632 (sz=32, trace=300719, nelems=0, elem type=java.lang.invoke.LambdaForm$BasicType[]@50000f60)
ARR 50002633 (sz=32, trace=300720, nelems=0, elem type=java.lang.Class[]@500000fa)
OBJ 50002634 (sz=168, trace=300723, class=jdk.internal.org.objectweb.asm.ClassWriter@50001187)
OBJ 50002635 (sz=24, trace=300725, class=jdk.internal.org.objectweb.asm.ByteVector@5000118a)
ARR 50002636 (sz=80, trace=300726, nelems=0, elem type=byte[])
ARR 50002637 (sz=1040, trace=300728, nelems=0, elem type=jdk.internal.org.objectweb.asm.Item[]@5000118e)
OBJ 50002638 (sz=56, trace=300729, class=jdk.internal.org.objectweb.asm.Item@5000118d)
OBJ 50002639 (sz=56, trace=300730, class=jdk.internal.org.objectweb.asm.Item@5000118d)
OBJ 5000263a (sz=56, trace=300731, class=jdk.internal.org.objectweb.asm.Item@5000118d)
OBJ 5000263b (sz=56, trace=300732, class=jdk.internal.org.objectweb.asm.Item@5000118d)
OBJ 5000263c (sz=56, trace=300733, class=jdk.internal.org.objectweb.asm.Item@5000118d)
OBJ 5000263d (sz=56, trace=300734, class=jdk.internal.org.objectweb.asm.Item@5000118d)
OBJ 5000263e (sz=56, trace=300733, class=jdk.internal.org.objectweb.asm.Item@5000118d)
OBJ 5000263f (sz=56, trace=300735, class=jdk.internal.org.objectweb.asm.Item@5000118d)
ARR 50002640 (sz=144, trace=300736, nelems=0, elem type=byte[])
OBJ 50002641 (sz=56, trace=300737, class=jdk.internal.org.objectweb.asm.Item@5000118d)
OBJ 50002642 (sz=224, trace=300748, class=jdk.internal.org.objectweb.asm.MethodWriter@500011ab)
OBJ 50002643 (sz=24, trace=300749, class=jdk.internal.org.objectweb.asm.ByteVector@5000118a)
ARR 50002644 (sz=80, trace=300750, nelems=0, elem type=byte[])
OBJ 50002645 (sz=56, trace=300751, class=jdk.internal.org.objectweb.asm.Item@5000118d)
ARR 50002646 (sz=272, trace=300752, nelems=0, elem type=byte[])
OBJ 50002647 (sz=56, trace=300753, class=jdk.internal.org.objectweb.asm.Item@5000118d)
OBJ 50002648 (sz=64, trace=300765, class=jdk.internal.org.objectweb.asm.Label@500011bc)
OBJ 50002649 (sz=48, trace=300768, class=jdk.internal.org.objectweb.asm.Frame@500011be)
OBJ 5000264a (sz=24, trace=300769, class=jdk.internal.org.objectweb.asm.ByteVector@5000118a)
ARR 5000264b (sz=80, trace=300770, nelems=0, elem type=byte[])
OBJ 5000264c (sz=56, trace=300771, class=jdk.internal.org.objectweb.asm.Item@5000118d)
OBJ 5000264d (sz=56, trace=300773, class=jdk.internal.org.objectweb.asm.AnnotationWriter@500011c5)
OBJ 5000264e (sz=24, trace=300774, class=jdk.internal.org.objectweb.asm.ByteVector@5000118a)
ARR 5000264f (sz=80, trace=300775, nelems=0, elem type=byte[])
OBJ 50002650 (sz=56, trace=300776, class=jdk.internal.org.objectweb.asm.Item@5000118d)
OBJ 50002651 (sz=56, trace=300773, class=jdk.internal.org.objectweb.asm.AnnotationWriter@500011c5)
OBJ 50002652 (sz=24, trace=300777, class=jdk.internal.org.objectweb.asm.ByteVector@5000118a)
ARR 50002653 (sz=80, trace=300778, nelems=0, elem type=byte[])
OBJ 50002654 (sz=56, trace=300780, class=jdk.internal.org.objectweb.asm.Item@5000118d)
OBJ 50002655 (sz=56, trace=300773, class=jdk.internal.org.objectweb.asm.AnnotationWriter@500011c5)
OBJ 50002656 (sz=24, trace=300795, class=java.lang.String@50000165)
ARR 50002657 (sz=56, trace=300462, nelems=0, elem type=char[])
ARR 50002658 (sz=88, trace=300796, nelems=0, elem type=char[])
OBJ 50002659 (sz=24, trace=300797, class=java.lang.String@50000165)
ARR 5000265a (sz=56, trace=300798, nelems=0, elem type=int[])
ARR 5000265b (sz=528, trace=300852, nelems=0, elem type=byte[])
OBJ 5000265c (sz=56, trace=300733, class=jdk.internal.org.objectweb.asm.Item@5000118d)
OBJ 5000265d (sz=56, trace=300800, class=jdk.internal.org.objectweb.asm.Item@5000118d)
OBJ 5000265e (sz=56, trace=300801, class=jdk.internal.org.objectweb.asm.Item@5000118d)
OBJ 5000265f (sz=56, trace=300803, class=jdk.internal.org.objectweb.asm.Item@5000118d)
OBJ 50002660 (sz=56, trace=300804, class=jdk.internal.org.objectweb.asm.Item@5000118d)
OBJ 50002661 (sz=24, trace=300805, class=java.lang.String@50000165)
ARR 50002662 (sz=48, trace=300806, nelems=0, elem type=char[])
OBJ 50002663 (sz=56, trace=300807, class=jdk.internal.org.objectweb.asm.Item@5000118d)
ARR 50002664 (sz=80, trace=300808, nelems=0, elem type=jdk.internal.org.objectweb.asm.Item[]@5000118e)
ARR 50002665 (sz=56, trace=300809, nelems=0, elem type=int[])
OBJ 50002666 (sz=24, trace=300795, class=java.lang.String@50000165)
ARR 50002667 (sz=40, trace=300462, nelems=0, elem type=char[])
ARR 50002668 (sz=72, trace=300811, nelems=0, elem type=char[])
OBJ 50002669 (sz=24, trace=300812, class=java.lang.String@50000165)
OBJ 5000266a (sz=56, trace=300813, class=jdk.internal.org.objectweb.asm.Item@5000118d)
OBJ 5000266b (sz=56, trace=300814, class=jdk.internal.org.objectweb.asm.Item@5000118d)
OBJ 5000266c (sz=56, trace=300815, class=jdk.internal.org.objectweb.asm.Item@5000118d)
OBJ 5000266d (sz=24, trace=300685, class=java.util.Arrays$ArrayList@5000115f)
OBJ 5000266e (sz=24, trace=300686, class=java.util.Collections$UnmodifiableRandomAccessList@500000ca)
OBJ 5000266f (sz=24, trace=300738, class=java.lang.StringBuilder@50000118)
ARR 50002670 (sz=48, trace=300739, nelems=0, elem type=char[])
OBJ 50002671 (sz=24, trace=300740, class=java.util.Collections$UnmodifiableCollection$1@50001162)
OBJ 50002672 (sz=32, trace=300690, class=java.util.AbstractList$Itr@50001164)
ARR 50002673 (sz=72, trace=300741, nelems=0, elem type=char[])
OBJ 50002674 (sz=24, trace=300742, class=java.lang.String@50000165)
ARR 50002675 (sz=88, trace=300010, nelems=0, elem type=char[])
ARR 50002676 (sz=48, trace=300743, nelems=0, elem type=char[])
OBJ 50002677 (sz=24, trace=300744, class=java.lang.String@50000165)
ARR 50002678 (sz=160, trace=300010, nelems=0, elem type=char[])
OBJ 50002679 (sz=24, trace=300745, class=java.lang.String@50000165)
	value		5000267a
ARR 5000267a (sz=98, trace=300746, nelems=49, elem type=char[])
OBJ 5000267b (sz=56, trace=300733, class=jdk.internal.org.objectweb.asm.Item@5000118d)
OBJ 5000267c (sz=56, trace=300800, class=jdk.internal.org.objectweb.asm.Item@5000118d)
OBJ 5000267d (sz=56, trace=300801, class=jdk.internal.org.objectweb.asm.Item@5000118d)
OBJ 5000267e (sz=56, trace=300802, class=jdk.internal.org.objectweb.asm.Item@5000118d)
OBJ 5000267f (sz=56, trace=300803, class=jdk.internal.org.objectweb.asm.Item@5000118d)
OBJ 50002680 (sz=56, trace=300804, class=jdk.internal.org.objectweb.asm.Item@5000118d)
OBJ 50002681 (sz=24, trace=300805, class=java.lang.String@50000165)
ARR 50002682 (sz=48, trace=300806, nelems=0, elem type=char[])
OBJ 50002683 (sz=64, trace=300817, class=jdk.internal.org.objectweb.asm.Label@500011bc)
OBJ 50002684 (sz=48, trace=300818, class=jdk.internal.org.objectweb.asm.Frame@500011be)
ARR 50002685 (sz=96, trace=300819, nelems=0, elem type=char[])
ARR 50002686 (sz=24, trace=300820, nelems=0, elem type=jdk.internal.org.objectweb.asm.Type[]@50001222)
OBJ 50002687 (sz=32, trace=300821, class=jdk.internal.org.objectweb.asm.Type@500011b2)
ARR 50002688 (sz=24, trace=300822, nelems=0, elem type=int[])
ARR 50002689 (sz=16, trace=300823, nelems=0, elem type=int[])
OBJ 5000268a (sz=24, trace=300824, class=java.lang.StringBuffer@50000119)
ARR 5000268b (sz=48, trace=300825, nelems=0, elem type=char[])
ARR 5000268c (sz=88, trace=300826, nelems=0, elem type=char[])
ARR 5000268d (sz=56, trace=300827, nelems=0, elem type=char[])
OBJ 5000268e (sz=24, trace=300828, class=java.lang.String@50000165)
OBJ 5000268f (sz=24, trace=300829, class=java.lang.String@50000165)
ARR 50002690 (sz=48, trace=300806, nelems=0, elem type=char[])
ARR 50002691 (sz=32, trace=300830, nelems=0, elem type=int[])
ARR 50002692 (sz=24, trace=300831, nelems=0, elem type=java.lang.Object[]@500000ff)
OBJ 50002693 (sz=56, trace=300832, class=jdk.internal.org.objectweb.asm.Item@5000118d)
OBJ 50002694 (sz=56, trace=300833, class=jdk.internal.org.objectweb.asm.Item@5000118d)
ARR 50002695 (sz=1040, trace=301096, nelems=0, elem type=byte[])
OBJ 50002696 (sz=56, trace=300834, class=jdk.internal.org.objectweb.asm.Item@5000118d)
OBJ 50002697 (sz=24, trace=300835, class=jdk.internal.org.objectweb.asm.ByteVector@5000118a)
ARR 50002698 (sz=624, trace=300836, nelems=0, elem type=byte[])
ARR 50002699 (sz=128, trace=300837, nelems=0, elem type=java.lang.Object[]@500000ff)
OBJ 5000269a (sz=16, trace=300839, class=java.util.HashMap$Values@5000123e)
OBJ 5000269b (sz=40, trace=300841, class=java.util.HashMap$ValueIterator@50001241)
OBJ 5000269d (sz=56, trace=300843, class=java.lang.invoke.MemberName@50000124)
OBJ 5000269e (sz=40, trace=300844, class=java.lang.ref.SoftReference@50000149)
	referent	5000261a
	queue		50006b4d
OBJ 5000269f (sz=32, trace=300865, class=java.lang.invoke.DirectMethodHandle@50000125)
	type		500025f4
	form		5000261a
	asTypeCache	50004577
	member		50006f13
ARR 500026a1 (sz=24, trace=301038, nelems=0, elem type=java.lang.Class[]@500000fa)
OBJ 500026a2 (sz=40, trace=300519, class=java.lang.invoke.MethodType@50000121)
OBJ 500026a3 (sz=32, trace=300443, class=java.lang.invoke.MethodType$ConcurrentWeakInternSet$WeakEntry@50000b5f)
ARR 500026a4 (sz=32, trace=301039, nelems=0, elem type=java.lang.invoke.LambdaForm$Name[]@50000fce)
OBJ 500026a5 (sz=32, trace=301040, class=java.lang.invoke.LambdaForm$Name@50000f62)
	type		50000f5a
	constraint	50002302
ARR 500026a6 (sz=24, trace=301041, nelems=0, elem type=java.lang.Object[]@500000ff)
ARR 500026a7 (sz=24, trace=300907, nelems=0, elem type=java.lang.Class[]@500000fa)
OBJ 500026a8 (sz=40, trace=300860, class=java.lang.invoke.MethodType@50000121)
OBJ 500026a9 (sz=32, trace=300443, class=java.lang.invoke.MethodType$ConcurrentWeakInternSet$WeakEntry@50000b5f)
ARR 500026aa (sz=24, trace=301042, nelems=1, elem type=java.lang.Object[]@500000ff)
	[0]		500026a5
OBJ 500026ab (sz=32, trace=301043, class=java.lang.invoke.LambdaForm$Name@50000f62)
	type		50000f5a
	function	5000230a
	arguments	500026aa
ARR 500026ac (sz=24, trace=301044, nelems=0, elem type=java.lang.Object[]@500000ff)
OBJ 500026ad (sz=24, trace=301045, class=java.lang.invoke.LambdaForm$NamedFunction@50000f99)
	member		50006e33
	resolvedHandle	50002752
OBJ 500026ae (sz=24, trace=301064, class=java.lang.invoke.Invokers@50000b5b)
	targetType	50000f9f
	invokers	500026af
ARR 500026af (sz=32, trace=301065, nelems=3, elem type=java.lang.invoke.MethodHandle[]@5000018c)
	[2]		50002752
OBJ 500026b0 (sz=56, trace=301066, class=java.lang.invoke.MemberName@50000124)
ARR 500026b1 (sz=24, trace=301067, nelems=0, elem type=java.lang.Class[]@500000fa)
OBJ 500026b2 (sz=40, trace=300857, class=java.lang.invoke.MethodType@50000121)
OBJ 500026b3 (sz=32, trace=300443, class=java.lang.invoke.MethodType$ConcurrentWeakInternSet$WeakEntry@50000b5f)
ARR 500026b4 (sz=24, trace=300859, nelems=0, elem type=java.lang.Class[]@500000fa)
OBJ 500026b5 (sz=40, trace=300860, class=java.lang.invoke.MethodType@50000121)
OBJ 500026b6 (sz=32, trace=300443, class=java.lang.invoke.MethodType$ConcurrentWeakInternSet$WeakEntry@50000b5f)
ARR 500026b7 (sz=24, trace=300512, nelems=0, elem type=java.lang.Class[]@500000fa)
OBJ 500026b8 (sz=40, trace=300514, class=java.lang.invoke.MethodType@50000121)
OBJ 500026b9 (sz=32, trace=300443, class=java.lang.invoke.MethodType$ConcurrentWeakInternSet$WeakEntry@50000b5f)
OBJ 500026ba (sz=56, trace=300516, class=java.lang.invoke.MemberName@50000124)
ARR 500026bb (sz=24, trace=300518, nelems=0, elem type=java.lang.Class[]@500000fa)
OBJ 500026bc (sz=40, trace=300519, class=java.lang.invoke.MethodType@50000121)
OBJ 500026bd (sz=32, trace=300443, class=java.lang.invoke.MethodType$ConcurrentWeakInternSet$WeakEntry@50000b5f)
ARR 500026be (sz=32, trace=300623, nelems=0, elem type=java.lang.invoke.LambdaForm$Name[]@50000fce)
ARR 500026bf (sz=24, trace=300674, nelems=0, elem type=java.lang.Object[]@500000ff)
ARR 500026c0 (sz=24, trace=300675, nelems=1, elem type=java.lang.Object[]@500000ff)
	[0]		50000f65
OBJ 500026c1 (sz=32, trace=300676, class=java.lang.invoke.LambdaForm$Name@50000f62)
	type		50000f5a
	function	50001105
	arguments	500026c0
ARR 500026c2 (sz=24, trace=300677, nelems=0, elem type=java.lang.Object[]@500000ff)
OBJ 500026c3 (sz=24, trace=300678, class=java.lang.invoke.LambdaForm$NamedFunction@50000f99)
	member		50006e37
ARR 500026c4 (sz=24, trace=300679, nelems=2, elem type=java.lang.Object[]@500000ff)
	[0]		50000f66
	[1]		500026c1
OBJ 500026c5 (sz=32, trace=300680, class=java.lang.invoke.LambdaForm$Name@50000f62)
	type		50000f5a
	function	500026c3
	arguments	500026c4
OBJ 500026c6 (sz=24, trace=300681, class=java.lang.StringBuilder@50000118)
ARR 500026c7 (sz=48, trace=300682, nelems=0, elem type=char[])
ARR 500026c8 (sz=88, trace=300010, nelems=0, elem type=char[])
ARR 500026c9 (sz=24, trace=300683, nelems=0, elem type=char[])
OBJ 500026ca (sz=24, trace=300685, class=java.util.Arrays$ArrayList@5000115f)
OBJ 500026cb (sz=24, trace=300686, class=java.util.Collections$UnmodifiableRandomAccessList@500000ca)
OBJ 500026cc (sz=24, trace=300688, class=java.util.Collections$UnmodifiableCollection$1@50001162)
OBJ 500026cd (sz=32, trace=300690, class=java.util.AbstractList$Itr@50001164)
OBJ 500026ce (sz=24, trace=300691, class=java.lang.String@50000165)
ARR 500026cf (sz=24, trace=300692, nelems=0, elem type=char[])
OBJ 500026d0 (sz=24, trace=300693, class=java.lang.String@50000165)
	value		500026d1
ARR 500026d1 (sz=42, trace=300694, nelems=21, elem type=char[])
OBJ 500026d2 (sz=48, trace=300695, class=java.lang.invoke.LambdaForm@50000122)
	names		50006e36
	debugName	500026d0
	vmentry		50006e35
OBJ 500026d3 (sz=24, trace=300696, class=java.lang.StringBuilder@50000118)
ARR 500026d4 (sz=32, trace=300697, nelems=0, elem type=char[])
OBJ 500026d5 (sz=24, trace=300698, class=java.lang.String@50000165)
ARR 500026d6 (sz=24, trace=300699, nelems=0, elem type=char[])
ARR 500026d7 (sz=24, trace=300700, nelems=0, elem type=java.lang.Class[]@500000fa)
OBJ 500026d8 (sz=40, trace=300701, class=java.lang.invoke.MethodType@50000121)
OBJ 500026d9 (sz=32, trace=300443, class=java.lang.invoke.MethodType$ConcurrentWeakInternSet$WeakEntry@50000b5f)
OBJ 500026da (sz=64, trace=300704, class=java.lang.invoke.InvokerBytecodeGenerator@50001172)
OBJ 500026db (sz=48, trace=300705, class=java.util.HashMap@500000bd)
OBJ 500026dc (sz=24, trace=300706, class=java.lang.String@50000165)
ARR 500026dd (sz=24, trace=300707, nelems=0, elem type=char[])
OBJ 500026de (sz=24, trace=300708, class=java.lang.String@50000165)
	value		500026df
ARR 500026df (sz=34, trace=300709, nelems=17, elem type=char[])
OBJ 500026e0 (sz=24, trace=300710, class=java.lang.StringBuilder@50000118)
ARR 500026e1 (sz=48, trace=300711, nelems=0, elem type=char[])
ARR 500026e2 (sz=88, trace=300010, nelems=0, elem type=char[])
OBJ 500026e3 (sz=24, trace=300712, class=java.lang.String@50000165)
ARR 500026e4 (sz=80, trace=300713, nelems=0, elem type=char[])
OBJ 500026e5 (sz=24, trace=300714, class=java.lang.StringBuilder@50000118)
ARR 500026e6 (sz=48, trace=300715, nelems=0, elem type=char[])
OBJ 500026e7 (sz=24, trace=300716, class=java.lang.String@50000165)
ARR 500026e8 (sz=48, trace=300717, nelems=0, elem type=char[])
ARR 500026e9 (sz=40, trace=300718, nelems=0, elem type=int[])
ARR 500026ea (sz=40, trace=300719, nelems=0, elem type=java.lang.invoke.LambdaForm$BasicType[]@50000f60)
ARR 500026eb (sz=40, trace=300720, nelems=0, elem type=java.lang.Class[]@500000fa)
OBJ 500026ec (sz=168, trace=300723, class=jdk.internal.org.objectweb.asm.ClassWriter@50001187)
OBJ 500026ed (sz=24, trace=300725, class=jdk.internal.org.objectweb.asm.ByteVector@5000118a)
ARR 500026ee (sz=80, trace=300726, nelems=0, elem type=byte[])
ARR 500026ef (sz=1040, trace=300728, nelems=0, elem type=jdk.internal.org.objectweb.asm.Item[]@5000118e)
OBJ 500026f0 (sz=56, trace=300729, class=jdk.internal.org.objectweb.asm.Item@5000118d)
OBJ 500026f1 (sz=56, trace=300730, class=jdk.internal.org.objectweb.asm.Item@5000118d)
OBJ 500026f2 (sz=56, trace=300731, class=jdk.internal.org.objectweb.asm.Item@5000118d)
OBJ 500026f3 (sz=56, trace=300732, class=jdk.internal.org.objectweb.asm.Item@5000118d)
OBJ 500026f4 (sz=56, trace=300733, class=jdk.internal.org.objectweb.asm.Item@5000118d)
OBJ 500026f5 (sz=56, trace=300734, class=jdk.internal.org.objectweb.asm.Item@5000118d)
OBJ 500026f6 (sz=56, trace=300733, class=jdk.internal.org.objectweb.asm.Item@5000118d)
OBJ 500026f7 (sz=56, trace=300735, class=jdk.internal.org.objectweb.asm.Item@5000118d)
ARR 500026f8 (sz=144, trace=300736, nelems=0, elem type=byte[])
OBJ 500026f9 (sz=56, trace=300737, class=jdk.internal.org.objectweb.asm.Item@5000118d)
OBJ 500026fa (sz=224, trace=300748, class=jdk.internal.org.objectweb.asm.MethodWriter@500011ab)
OBJ 500026fb (sz=24, trace=300749, class=jdk.internal.org.objectweb.asm.ByteVector@5000118a)
ARR 500026fc (sz=80, trace=300750, nelems=0, elem type=byte[])
OBJ 500026fd (sz=56, trace=300751, class=jdk.internal.org.objectweb.asm.Item@5000118d)
ARR 500026fe (sz=272, trace=300752, nelems=0, elem type=byte[])
OBJ 500026ff (sz=56, trace=300753, class=jdk.internal.org.objectweb.asm.Item@5000118d)
OBJ 50002700 (sz=64, trace=300765, class=jdk.internal.org.objectweb.asm.Label@500011bc)
OBJ 50002701 (sz=48, trace=300768, class=jdk.internal.org.objectweb.asm.Frame@500011be)
OBJ 50002702 (sz=24, trace=300769, class=jdk.internal.org.objectweb.asm.ByteVector@5000118a)
ARR 50002703 (sz=80, trace=300770, nelems=0, elem type=byte[])
OBJ 50002704 (sz=56, trace=300771, class=jdk.internal.org.objectweb.asm.Item@5000118d)
OBJ 50002705 (sz=56, trace=300773, class=jdk.internal.org.objectweb.asm.AnnotationWriter@500011c5)
OBJ 50002706 (sz=24, trace=300774, class=jdk.internal.org.objectweb.asm.ByteVector@5000118a)
ARR 50002707 (sz=80, trace=300775, nelems=0, elem type=byte[])
OBJ 50002708 (sz=56, trace=300776, class=jdk.internal.org.objectweb.asm.Item@5000118d)
OBJ 50002709 (sz=56, trace=300773, class=jdk.internal.org.objectweb.asm.AnnotationWriter@500011c5)
OBJ 5000270a (sz=24, trace=300777, class=jdk.internal.org.objectweb.asm.ByteVector@5000118a)
ARR 5000270b (sz=80, trace=300778, nelems=0, elem type=byte[])
ARR 5000270c (sz=528, trace=300779, nelems=0, elem type=byte[])
OBJ 5000270d (sz=56, trace=300780, class=jdk.internal.org.objectweb.asm.Item@5000118d)
OBJ 5000270e (sz=56, trace=300773, class=jdk.internal.org.objectweb.asm.AnnotationWriter@500011c5)
OBJ 5000270f (sz=24, trace=300795, class=java.lang.String@50000165)
ARR 50002710 (sz=56, trace=300462, nelems=0, elem type=char[])
ARR 50002711 (sz=88, trace=300796, nelems=0, elem type=char[])
OBJ 50002712 (sz=24, trace=300797, class=java.lang.String@50000165)
ARR 50002713 (sz=56, trace=300798, nelems=0, elem type=int[])
OBJ 50002714 (sz=56, trace=300733, class=jdk.internal.org.objectweb.asm.Item@5000118d)
OBJ 50002715 (sz=56, trace=300800, class=jdk.internal.org.objectweb.asm.Item@5000118d)
OBJ 50002716 (sz=56, trace=300801, class=jdk.internal.org.objectweb.asm.Item@5000118d)
OBJ 50002717 (sz=56, trace=300802, class=jdk.internal.org.objectweb.asm.Item@5000118d)
OBJ 50002718 (sz=56, trace=300803, class=jdk.internal.org.objectweb.asm.Item@5000118d)
OBJ 50002719 (sz=56, trace=300804, class=jdk.internal.org.objectweb.asm.Item@5000118d)
OBJ 5000271a (sz=24, trace=300805, class=java.lang.String@50000165)
ARR 5000271b (sz=48, trace=300806, nelems=0, elem type=char[])
OBJ 5000271c (sz=56, trace=300807, class=jdk.internal.org.objectweb.asm.Item@5000118d)
ARR 5000271d (sz=80, trace=300808, nelems=0, elem type=jdk.internal.org.objectweb.asm.Item[]@5000118e)
ARR 5000271e (sz=56, trace=300809, nelems=0, elem type=int[])
OBJ 5000271f (sz=24, trace=300795, class=java.lang.String@50000165)
ARR 50002720 (sz=40, trace=300462, nelems=0, elem type=char[])
ARR 50002721 (sz=72, trace=300811, nelems=0, elem type=char[])
OBJ 50002722 (sz=24, trace=300812, class=java.lang.String@50000165)
OBJ 50002723 (sz=56, trace=300813, class=jdk.internal.org.objectweb.asm.Item@5000118d)
OBJ 50002724 (sz=56, trace=300814, class=jdk.internal.org.objectweb.asm.Item@5000118d)
OBJ 50002725 (sz=56, trace=300815, class=jdk.internal.org.objectweb.asm.Item@5000118d)
OBJ 50002726 (sz=56, trace=300733, class=jdk.internal.org.objectweb.asm.Item@5000118d)
OBJ 50002727 (sz=56, trace=300800, class=jdk.internal.org.objectweb.asm.Item@5000118d)
OBJ 50002728 (sz=56, trace=300801, class=jdk.internal.org.objectweb.asm.Item@5000118d)
ARR 50002729 (sz=1040, trace=300816, nelems=0, elem type=byte[])
OBJ 5000272a (sz=56, trace=300802, class=jdk.internal.org.objectweb.asm.Item@5000118d)
OBJ 5000272b (sz=56, trace=300803, class=jdk.internal.org.objectweb.asm.Item@5000118d)
OBJ 5000272c (sz=56, trace=300804, class=jdk.internal.org.objectweb.asm.Item@5000118d)
OBJ 5000272d (sz=24, trace=300805, class=java.lang.String@50000165)
ARR 5000272e (sz=48, trace=300806, nelems=0, elem type=char[])
OBJ 5000272f (sz=64, trace=300817, class=jdk.internal.org.objectweb.asm.Label@500011bc)
OBJ 50002730 (sz=48, trace=300818, class=jdk.internal.org.objectweb.asm.Frame@500011be)
ARR 50002731 (sz=128, trace=300819, nelems=0, elem type=char[])
ARR 50002732 (sz=24, trace=300820, nelems=0, elem type=jdk.internal.org.objectweb.asm.Type[]@50001222)
OBJ 50002733 (sz=32, trace=300821, class=jdk.internal.org.objectweb.asm.Type@500011b2)
OBJ 50002734 (sz=32, trace=300821, class=jdk.internal.org.objectweb.asm.Type@500011b2)
ARR 50002735 (sz=32, trace=300822, nelems=0, elem type=int[])
ARR 50002736 (sz=16, trace=300823, nelems=0, elem type=int[])
OBJ 50002737 (sz=24, trace=300824, class=java.lang.StringBuffer@50000119)
ARR 50002738 (sz=48, trace=300825, nelems=0, elem type=char[])
ARR 50002739 (sz=88, trace=300826, nelems=0, elem type=char[])
ARR 5000273a (sz=56, trace=300827, nelems=0, elem type=char[])
OBJ 5000273b (sz=24, trace=300828, class=java.lang.String@50000165)
OBJ 5000273c (sz=24, trace=300829, class=java.lang.String@50000165)
ARR 5000273d (sz=48, trace=300806, nelems=0, elem type=char[])
OBJ 5000273e (sz=24, trace=300824, class=java.lang.StringBuffer@50000119)
ARR 5000273f (sz=48, trace=300825, nelems=0, elem type=char[])
ARR 50002740 (sz=88, trace=300826, nelems=0, elem type=char[])
ARR 50002741 (sz=56, trace=300827, nelems=0, elem type=char[])
OBJ 50002742 (sz=24, trace=300828, class=java.lang.String@50000165)
OBJ 50002743 (sz=24, trace=300829, class=java.lang.String@50000165)
ARR 50002744 (sz=48, trace=300806, nelems=0, elem type=char[])
ARR 50002745 (sz=40, trace=300830, nelems=0, elem type=int[])
ARR 50002746 (sz=24, trace=300831, nelems=0, elem type=java.lang.Object[]@500000ff)
OBJ 50002747 (sz=56, trace=300832, class=jdk.internal.org.objectweb.asm.Item@5000118d)
OBJ 50002748 (sz=56, trace=300833, class=jdk.internal.org.objectweb.asm.Item@5000118d)
OBJ 50002749 (sz=56, trace=300834, class=jdk.internal.org.objectweb.asm.Item@5000118d)
OBJ 5000274a (sz=24, trace=300835, class=jdk.internal.org.objectweb.asm.ByteVector@5000118a)
ARR 5000274b (sz=704, trace=300836, nelems=0, elem type=byte[])
ARR 5000274c (sz=128, trace=300837, nelems=0, elem type=java.lang.Object[]@500000ff)
OBJ 5000274d (sz=16, trace=300839, class=java.util.HashMap$Values@5000123e)
OBJ 5000274e (sz=40, trace=300841, class=java.util.HashMap$ValueIterator@50001241)
OBJ 50002750 (sz=56, trace=300843, class=java.lang.invoke.MemberName@50000124)
OBJ 50002751 (sz=40, trace=300844, class=java.lang.ref.SoftReference@50000149)
	referent	500026d2
	queue		50006b4d
OBJ 50002752 (sz=32, trace=300845, class=java.lang.invoke.DirectMethodHandle@50000125)
	type		50001dd0
	form		500026d2
	member		50006e33
OBJ 50002753 (sz=40, trace=301012, class=java.lang.ref.SoftReference@50000149)
	referent	50002752
	queue		50006b4d
ARR 50002754 (sz=24, trace=301068, nelems=1, elem type=java.lang.Object[]@500000ff)
	[0]		500026ab
OBJ 50002755 (sz=32, trace=301069, class=java.lang.invoke.LambdaForm$Name@50000f62)
	type		50000f5a
	function	500026ad
	arguments	50002754
OBJ 50002756 (sz=48, trace=301070, class=java.lang.invoke.LambdaForm@50000122)
	names		50006e72
	debugName	50006e2d
	vmentry		50006e71
OBJ 50002757 (sz=40, trace=300844, class=java.lang.ref.SoftReference@50000149)
	referent	50002756
	queue		50006b4d
OBJ 50002758 (sz=40, trace=301098, class=java.lang.invoke.MethodHandleImpl$IntrinsicMethodHandle@500026a0)
	type		500025f4
	form		50002756
	asTypeCache	50004577
	target		5000269f
	intrinsicName	500011d3
OBJ 50002759 (sz=24, trace=300696, class=java.lang.StringBuilder@50000118)
ARR 5000275a (sz=24, trace=300697, nelems=0, elem type=char[])
OBJ 5000275b (sz=24, trace=300698, class=java.lang.String@50000165)
ARR 5000275c (sz=24, trace=300699, nelems=0, elem type=char[])
ARR 5000275d (sz=24, trace=300938, nelems=0, elem type=java.lang.Class[]@500000fa)
OBJ 5000275e (sz=40, trace=300701, class=java.lang.invoke.MethodType@50000121)
OBJ 5000275f (sz=32, trace=300443, class=java.lang.invoke.MethodType$ConcurrentWeakInternSet$WeakEntry@50000b5f)
OBJ 50002760 (sz=64, trace=300704, class=java.lang.invoke.InvokerBytecodeGenerator@50001172)
OBJ 50002761 (sz=48, trace=300705, class=java.util.HashMap@500000bd)
OBJ 50002762 (sz=24, trace=300706, class=java.lang.String@50000165)
ARR 50002763 (sz=24, trace=300707, nelems=0, elem type=char[])
OBJ 50002764 (sz=24, trace=300708, class=java.lang.String@50000165)
	value		50002765
ARR 50002765 (sz=16, trace=300709, nelems=8, elem type=char[])
OBJ 50002766 (sz=24, trace=300710, class=java.lang.StringBuilder@50000118)
ARR 50002767 (sz=48, trace=300711, nelems=0, elem type=char[])
ARR 50002768 (sz=88, trace=300010, nelems=0, elem type=char[])
OBJ 50002769 (sz=24, trace=300712, class=java.lang.String@50000165)
ARR 5000276a (sz=80, trace=300713, nelems=0, elem type=char[])
OBJ 5000276b (sz=24, trace=300714, class=java.lang.StringBuilder@50000118)
ARR 5000276c (sz=48, trace=300715, nelems=0, elem type=char[])
OBJ 5000276d (sz=24, trace=300716, class=java.lang.String@50000165)
ARR 5000276e (sz=48, trace=300717, nelems=0, elem type=char[])
ARR 5000276f (sz=32, trace=300718, nelems=0, elem type=int[])
ARR 50002770 (sz=32, trace=300719, nelems=0, elem type=java.lang.invoke.LambdaForm$BasicType[]@50000f60)
ARR 50002771 (sz=32, trace=300720, nelems=0, elem type=java.lang.Class[]@500000fa)
OBJ 50002772 (sz=168, trace=300723, class=jdk.internal.org.objectweb.asm.ClassWriter@50001187)
OBJ 50002773 (sz=24, trace=300725, class=jdk.internal.org.objectweb.asm.ByteVector@5000118a)
ARR 50002774 (sz=80, trace=300726, nelems=0, elem type=byte[])
ARR 50002775 (sz=1040, trace=300728, nelems=0, elem type=jdk.internal.org.objectweb.asm.Item[]@5000118e)
OBJ 50002776 (sz=56, trace=300729, class=jdk.internal.org.objectweb.asm.Item@5000118d)
OBJ 50002777 (sz=56, trace=300730, class=jdk.internal.org.objectweb.asm.Item@5000118d)
OBJ 50002778 (sz=56, trace=300731, class=jdk.internal.org.objectweb.asm.Item@5000118d)
OBJ 50002779 (sz=56, trace=300732, class=jdk.internal.org.objectweb.asm.Item@5000118d)
OBJ 5000277a (sz=56, trace=300733, class=jdk.internal.org.objectweb.asm.Item@5000118d)
OBJ 5000277b (sz=56, trace=300734, class=jdk.internal.org.objectweb.asm.Item@5000118d)
OBJ 5000277c (sz=56, trace=300733, class=jdk.internal.org.objectweb.asm.Item@5000118d)
OBJ 5000277d (sz=56, trace=300735, class=jdk.internal.org.objectweb.asm.Item@5000118d)
ARR 5000277e (sz=144, trace=300736, nelems=0, elem type=byte[])
OBJ 5000277f (sz=56, trace=300737, class=jdk.internal.org.objectweb.asm.Item@5000118d)
OBJ 50002780 (sz=224, trace=300748, class=jdk.internal.org.objectweb.asm.MethodWriter@500011ab)
OBJ 50002781 (sz=24, trace=300749, class=jdk.internal.org.objectweb.asm.ByteVector@5000118a)
ARR 50002782 (sz=80, trace=300750, nelems=0, elem type=byte[])
OBJ 50002783 (sz=56, trace=300751, class=jdk.internal.org.objectweb.asm.Item@5000118d)
OBJ 50002784 (sz=56, trace=300753, class=jdk.internal.org.objectweb.asm.Item@5000118d)
OBJ 50002785 (sz=64, trace=300765, class=jdk.internal.org.objectweb.asm.Label@500011bc)
OBJ 50002786 (sz=48, trace=300768, class=jdk.internal.org.objectweb.asm.Frame@500011be)
OBJ 50002787 (sz=24, trace=300769, class=jdk.internal.org.objectweb.asm.ByteVector@5000118a)
ARR 50002788 (sz=80, trace=300770, nelems=0, elem type=byte[])
ARR 50002789 (sz=272, trace=300779, nelems=0, elem type=byte[])
OBJ 5000278a (sz=56, trace=300771, class=jdk.internal.org.objectweb.asm.Item@5000118d)
OBJ 5000278b (sz=56, trace=300773, class=jdk.internal.org.objectweb.asm.AnnotationWriter@500011c5)
OBJ 5000278c (sz=24, trace=300774, class=jdk.internal.org.objectweb.asm.ByteVector@5000118a)
ARR 5000278d (sz=80, trace=300775, nelems=0, elem type=byte[])
OBJ 5000278e (sz=56, trace=300776, class=jdk.internal.org.objectweb.asm.Item@5000118d)
OBJ 5000278f (sz=56, trace=300773, class=jdk.internal.org.objectweb.asm.AnnotationWriter@500011c5)
OBJ 50002790 (sz=24, trace=300777, class=jdk.internal.org.objectweb.asm.ByteVector@5000118a)
ARR 50002791 (sz=80, trace=300778, nelems=0, elem type=byte[])
OBJ 50002792 (sz=56, trace=300780, class=jdk.internal.org.objectweb.asm.Item@5000118d)
OBJ 50002793 (sz=56, trace=300773, class=jdk.internal.org.objectweb.asm.AnnotationWriter@500011c5)
OBJ 50002794 (sz=24, trace=300795, class=java.lang.String@50000165)
ARR 50002795 (sz=64, trace=300462, nelems=0, elem type=char[])
ARR 50002796 (sz=96, trace=300796, nelems=0, elem type=char[])
OBJ 50002797 (sz=24, trace=300797, class=java.lang.String@50000165)
ARR 50002798 (sz=24, trace=300920, nelems=0, elem type=java.lang.Class[]@500000fa)
OBJ 50002799 (sz=40, trace=300860, class=java.lang.invoke.MethodType@50000121)
OBJ 5000279a (sz=32, trace=300443, class=java.lang.invoke.MethodType$ConcurrentWeakInternSet$WeakEntry@50000b5f)
ARR 5000279b (sz=56, trace=300798, nelems=0, elem type=int[])
ARR 5000279c (sz=96, trace=300811, nelems=0, elem type=char[])
OBJ 5000279d (sz=24, trace=300812, class=java.lang.String@50000165)
ARR 5000279e (sz=528, trace=300852, nelems=0, elem type=byte[])
OBJ 5000279f (sz=56, trace=300813, class=jdk.internal.org.objectweb.asm.Item@5000118d)
OBJ 500027a0 (sz=56, trace=300814, class=jdk.internal.org.objectweb.asm.Item@5000118d)
OBJ 500027a1 (sz=56, trace=300815, class=jdk.internal.org.objectweb.asm.Item@5000118d)
ARR 500027a2 (sz=80, trace=301072, nelems=0, elem type=jdk.internal.org.objectweb.asm.Item[]@5000118e)
OBJ 500027a3 (sz=56, trace=300801, class=jdk.internal.org.objectweb.asm.Item@5000118d)
OBJ 500027a4 (sz=56, trace=300802, class=jdk.internal.org.objectweb.asm.Item@5000118d)
OBJ 500027a5 (sz=56, trace=300803, class=jdk.internal.org.objectweb.asm.Item@5000118d)
OBJ 500027a6 (sz=56, trace=300804, class=jdk.internal.org.objectweb.asm.Item@5000118d)
OBJ 500027a7 (sz=24, trace=300805, class=java.lang.String@50000165)
ARR 500027a8 (sz=80, trace=300806, nelems=0, elem type=char[])
OBJ 500027a9 (sz=56, trace=300807, class=jdk.internal.org.objectweb.asm.Item@5000118d)
ARR 500027aa (sz=24, trace=300931, nelems=0, elem type=java.lang.Class[]@500000fa)
OBJ 500027ab (sz=40, trace=300860, class=java.lang.invoke.MethodType@50000121)
OBJ 500027ac (sz=32, trace=300443, class=java.lang.invoke.MethodType$ConcurrentWeakInternSet$WeakEntry@50000b5f)
ARR 500027ad (sz=56, trace=300809, nelems=0, elem type=int[])
OBJ 500027ae (sz=24, trace=300795, class=java.lang.String@50000165)
ARR 500027af (sz=40, trace=300462, nelems=0, elem type=char[])
OBJ 500027b0 (sz=24, trace=300685, class=java.util.Arrays$ArrayList@5000115f)
OBJ 500027b1 (sz=24, trace=300686, class=java.util.Collections$UnmodifiableRandomAccessList@500000ca)
OBJ 500027b2 (sz=24, trace=300738, class=java.lang.StringBuilder@50000118)
ARR 500027b3 (sz=48, trace=300739, nelems=0, elem type=char[])
OBJ 500027b4 (sz=24, trace=300740, class=java.util.Collections$UnmodifiableCollection$1@50001162)
OBJ 500027b5 (sz=32, trace=300690, class=java.util.AbstractList$Itr@50001164)
ARR 500027b6 (sz=48, trace=300743, nelems=0, elem type=char[])
OBJ 500027b7 (sz=24, trace=300744, class=java.lang.String@50000165)
ARR 500027b8 (sz=88, trace=300010, nelems=0, elem type=char[])
OBJ 500027b9 (sz=24, trace=300745, class=java.lang.String@50000165)
	value		500027ba
ARR 500027ba (sz=40, trace=300746, nelems=20, elem type=char[])
OBJ 500027bb (sz=56, trace=300733, class=jdk.internal.org.objectweb.asm.Item@5000118d)
OBJ 500027bc (sz=56, trace=300800, class=jdk.internal.org.objectweb.asm.Item@5000118d)
OBJ 500027bd (sz=56, trace=300801, class=jdk.internal.org.objectweb.asm.Item@5000118d)
OBJ 500027be (sz=56, trace=300802, class=jdk.internal.org.objectweb.asm.Item@5000118d)
OBJ 500027bf (sz=56, trace=300803, class=jdk.internal.org.objectweb.asm.Item@5000118d)
OBJ 500027c0 (sz=56, trace=300804, class=jdk.internal.org.objectweb.asm.Item@5000118d)
OBJ 500027c1 (sz=24, trace=300805, class=java.lang.String@50000165)
ARR 500027c2 (sz=48, trace=300806, nelems=0, elem type=char[])
OBJ 500027c3 (sz=56, trace=300807, class=jdk.internal.org.objectweb.asm.Item@5000118d)
ARR 500027c4 (sz=24, trace=300931, nelems=0, elem type=java.lang.Class[]@500000fa)
OBJ 500027c5 (sz=40, trace=300860, class=java.lang.invoke.MethodType@50000121)
OBJ 500027c6 (sz=32, trace=300443, class=java.lang.invoke.MethodType$ConcurrentWeakInternSet$WeakEntry@50000b5f)
OBJ 500027c7 (sz=64, trace=300817, class=jdk.internal.org.objectweb.asm.Label@500011bc)
OBJ 500027c8 (sz=48, trace=300818, class=jdk.internal.org.objectweb.asm.Frame@500011be)
ARR 500027c9 (sz=96, trace=300819, nelems=0, elem type=char[])
ARR 500027ca (sz=24, trace=300820, nelems=0, elem type=jdk.internal.org.objectweb.asm.Type[]@50001222)
OBJ 500027cb (sz=32, trace=300821, class=jdk.internal.org.objectweb.asm.Type@500011b2)
ARR 500027cc (sz=24, trace=300822, nelems=0, elem type=int[])
ARR 500027cd (sz=16, trace=300823, nelems=0, elem type=int[])
OBJ 500027ce (sz=24, trace=300824, class=java.lang.StringBuffer@50000119)
ARR 500027cf (sz=48, trace=300825, nelems=0, elem type=char[])
ARR 500027d0 (sz=88, trace=300826, nelems=0, elem type=char[])
ARR 500027d1 (sz=56, trace=300827, nelems=0, elem type=char[])
OBJ 500027d2 (sz=24, trace=300828, class=java.lang.String@50000165)
OBJ 500027d3 (sz=24, trace=300829, class=java.lang.String@50000165)
ARR 500027d4 (sz=48, trace=300806, nelems=0, elem type=char[])
ARR 500027d5 (sz=32, trace=300830, nelems=0, elem type=int[])
ARR 500027d6 (sz=24, trace=300940, nelems=0, elem type=java.lang.Object[]@500000ff)
OBJ 500027d7 (sz=56, trace=300832, class=jdk.internal.org.objectweb.asm.Item@5000118d)
OBJ 500027d8 (sz=56, trace=300833, class=jdk.internal.org.objectweb.asm.Item@5000118d)
OBJ 500027d9 (sz=56, trace=300834, class=jdk.internal.org.objectweb.asm.Item@5000118d)
OBJ 500027da (sz=24, trace=300835, class=jdk.internal.org.objectweb.asm.ByteVector@5000118a)
ARR 500027db (sz=584, trace=300836, nelems=0, elem type=byte[])
ARR 500027dc (sz=120, trace=300837, nelems=0, elem type=java.lang.Object[]@500000ff)
OBJ 500027dd (sz=16, trace=300839, class=java.util.HashMap$Values@5000123e)
OBJ 500027de (sz=40, trace=300841, class=java.util.HashMap$ValueIterator@50001241)
OBJ 500027e0 (sz=56, trace=300843, class=java.lang.invoke.MemberName@50000124)
ARR 500027e1 (sz=56, trace=300237, nelems=0, elem type=java.lang.Object[]@500000ff)
ARR 500027e2 (sz=16, trace=301092, nelems=0, elem type=java.lang.Class[]@500000fa)
OBJ 500027e3 (sz=40, trace=301093, class=java.lang.invoke.MethodType@50000121)
OBJ 500027e4 (sz=32, trace=300443, class=java.lang.invoke.MethodType$ConcurrentWeakInternSet$WeakEntry@50000b5f)
OBJ 500027e5 (sz=40, trace=301094, class=java.lang.invoke.MethodType@50000121)
	rtype		500000ff
	ptypes		50006e1e
	form		50000fab
OBJ 500027e6 (sz=40, trace=300445, class=java.lang.invoke.MethodType@50000121)
OBJ 500027e7 (sz=32, trace=300443, class=java.lang.invoke.MethodType$ConcurrentWeakInternSet$WeakEntry@50000b5f)
OBJ 500027e8 (sz=32, trace=300452, class=java.lang.invoke.MethodType$ConcurrentWeakInternSet$WeakEntry@50000b5f)
	referent	500027e5
	queue		50000b52
OBJ 500027e9 (sz=32, trace=300454, class=java.util.concurrent.ConcurrentHashMap$Node@50000021)
	key		500027e8
	val		500027e8
OBJ 500027ea (sz=56, trace=301095, class=java.lang.invoke.MemberName@50000124)
OBJ 500027eb (sz=32, trace=300865, class=java.lang.invoke.DirectMethodHandle@50000125)
	type		500027e5
	form		5000116a
	member		50006ffd
OBJ 500027ec (sz=40, trace=301098, class=java.lang.invoke.MethodHandleImpl$IntrinsicMethodHandle@500026a0)
	type		500027e5
	form		500024be
	target		500027eb
	intrinsicName	500011d3
ARR 500027ed (sz=16, trace=301092, nelems=0, elem type=java.lang.Class[]@500000fa)
OBJ 500027ee (sz=40, trace=301093, class=java.lang.invoke.MethodType@50000121)
OBJ 500027ef (sz=32, trace=300443, class=java.lang.invoke.MethodType$ConcurrentWeakInternSet$WeakEntry@50000b5f)
OBJ 500027f0 (sz=40, trace=301094, class=java.lang.invoke.MethodType@50000121)
	rtype		500000ff
	ptypes		50006de1
	form		50000fc4
OBJ 500027f1 (sz=40, trace=300445, class=java.lang.invoke.MethodType@50000121)
OBJ 500027f2 (sz=32, trace=300443, class=java.lang.invoke.MethodType$ConcurrentWeakInternSet$WeakEntry@50000b5f)
OBJ 500027f3 (sz=32, trace=300452, class=java.lang.invoke.MethodType$ConcurrentWeakInternSet$WeakEntry@50000b5f)
	referent	500027f0
	queue		50000b52
OBJ 500027f4 (sz=32, trace=300521, class=java.util.concurrent.ConcurrentHashMap$Node@50000021)
	key		500027f3
	val		500027f3
	next		50005a04
OBJ 500027f5 (sz=56, trace=301095, class=java.lang.invoke.MemberName@50000124)
OBJ 500027f6 (sz=32, trace=300865, class=java.lang.invoke.DirectMethodHandle@50000125)
	type		500027f0
	form		5000141e
	member		50006ffc
ARR 500027f7 (sz=24, trace=301038, nelems=0, elem type=java.lang.Class[]@500000fa)
OBJ 500027f8 (sz=40, trace=300519, class=java.lang.invoke.MethodType@50000121)
OBJ 500027f9 (sz=32, trace=300443, class=java.lang.invoke.MethodType$ConcurrentWeakInternSet$WeakEntry@50000b5f)
ARR 500027fa (sz=40, trace=301039, nelems=0, elem type=java.lang.invoke.LambdaForm$Name[]@50000fce)
OBJ 500027fb (sz=32, trace=301040, class=java.lang.invoke.LambdaForm$Name@50000f62)
	type		50000f5a
	constraint	50002302
ARR 500027fc (sz=24, trace=301041, nelems=0, elem type=java.lang.Object[]@500000ff)
ARR 500027fd (sz=24, trace=300907, nelems=0, elem type=java.lang.Class[]@500000fa)
OBJ 500027fe (sz=40, trace=300860, class=java.lang.invoke.MethodType@50000121)
OBJ 500027ff (sz=32, trace=300443, class=java.lang.invoke.MethodType$ConcurrentWeakInternSet$WeakEntry@50000b5f)
ARR 50002800 (sz=24, trace=301042, nelems=1, elem type=java.lang.Object[]@500000ff)
	[0]		500027fb
OBJ 50002801 (sz=32, trace=301043, class=java.lang.invoke.LambdaForm$Name@50000f62)
	type		50000f5a
	function	5000230a
	arguments	50002800
ARR 50002802 (sz=32, trace=301044, nelems=0, elem type=java.lang.Object[]@500000ff)
OBJ 50002803 (sz=24, trace=301045, class=java.lang.invoke.LambdaForm$NamedFunction@50000f99)
	member		50006de2
	resolvedHandle	500028bc
OBJ 50002804 (sz=24, trace=301064, class=java.lang.invoke.Invokers@50000b5b)
	targetType	50000fc3
	invokers	50002805
ARR 50002805 (sz=32, trace=301065, nelems=3, elem type=java.lang.invoke.MethodHandle[]@5000018c)
	[2]		500028bc
OBJ 50002806 (sz=56, trace=301066, class=java.lang.invoke.MemberName@50000124)
ARR 50002807 (sz=24, trace=301067, nelems=0, elem type=java.lang.Class[]@500000fa)
OBJ 50002808 (sz=40, trace=300857, class=java.lang.invoke.MethodType@50000121)
OBJ 50002809 (sz=32, trace=300443, class=java.lang.invoke.MethodType$ConcurrentWeakInternSet$WeakEntry@50000b5f)
ARR 5000280a (sz=24, trace=300859, nelems=0, elem type=java.lang.Class[]@500000fa)
OBJ 5000280b (sz=40, trace=300860, class=java.lang.invoke.MethodType@50000121)
OBJ 5000280c (sz=32, trace=300443, class=java.lang.invoke.MethodType$ConcurrentWeakInternSet$WeakEntry@50000b5f)
ARR 5000280d (sz=24, trace=300512, nelems=0, elem type=java.lang.Class[]@500000fa)
OBJ 5000280e (sz=40, trace=300514, class=java.lang.invoke.MethodType@50000121)
OBJ 5000280f (sz=32, trace=300443, class=java.lang.invoke.MethodType$ConcurrentWeakInternSet$WeakEntry@50000b5f)
OBJ 50002810 (sz=56, trace=300516, class=java.lang.invoke.MemberName@50000124)
ARR 50002811 (sz=24, trace=300518, nelems=0, elem type=java.lang.Class[]@500000fa)
OBJ 50002812 (sz=40, trace=300519, class=java.lang.invoke.MethodType@50000121)
OBJ 50002813 (sz=32, trace=300443, class=java.lang.invoke.MethodType$ConcurrentWeakInternSet$WeakEntry@50000b5f)
ARR 50002814 (sz=40, trace=300623, nelems=0, elem type=java.lang.invoke.LambdaForm$Name[]@50000fce)
ARR 50002815 (sz=24, trace=300674, nelems=0, elem type=java.lang.Object[]@500000ff)
ARR 50002816 (sz=24, trace=300675, nelems=1, elem type=java.lang.Object[]@500000ff)
	[0]		50000f65
OBJ 50002817 (sz=32, trace=300676, class=java.lang.invoke.LambdaForm$Name@50000f62)
	type		50000f5a
	function	50001105
	arguments	50002816
ARR 50002818 (sz=32, trace=300677, nelems=0, elem type=java.lang.Object[]@500000ff)
OBJ 50002819 (sz=24, trace=300678, class=java.lang.invoke.LambdaForm$NamedFunction@50000f99)
	member		50006fa4
ARR 5000281a (sz=32, trace=300679, nelems=4, elem type=java.lang.Object[]@500000ff)
	[0]		50000f66
	[1]		50000f67
	[2]		50000f68
	[3]		50002817
OBJ 5000281b (sz=32, trace=300680, class=java.lang.invoke.LambdaForm$Name@50000f62)
	type		50000f5a
	function	50002819
	arguments	5000281a
OBJ 5000281c (sz=24, trace=300681, class=java.lang.StringBuilder@50000118)
ARR 5000281d (sz=48, trace=300682, nelems=0, elem type=char[])
ARR 5000281e (sz=88, trace=300010, nelems=0, elem type=char[])
ARR 5000281f (sz=32, trace=300683, nelems=0, elem type=char[])
OBJ 50002820 (sz=24, trace=300685, class=java.util.Arrays$ArrayList@5000115f)
OBJ 50002821 (sz=24, trace=300686, class=java.util.Collections$UnmodifiableRandomAccessList@500000ca)
OBJ 50002822 (sz=24, trace=300688, class=java.util.Collections$UnmodifiableCollection$1@50001162)
OBJ 50002823 (sz=32, trace=300690, class=java.util.AbstractList$Itr@50001164)
OBJ 50002824 (sz=24, trace=300691, class=java.lang.String@50000165)
ARR 50002825 (sz=32, trace=300692, nelems=0, elem type=char[])
OBJ 50002826 (sz=24, trace=300861, class=java.lang.StringBuilder@50000118)
ARR 50002827 (sz=48, trace=300862, nelems=0, elem type=char[])
OBJ 50002828 (sz=24, trace=300863, class=java.lang.String@50000165)
ARR 50002829 (sz=24, trace=300864, nelems=0, elem type=char[])
OBJ 5000282a (sz=24, trace=300693, class=java.lang.String@50000165)
	value		5000282b
ARR 5000282b (sz=44, trace=300694, nelems=22, elem type=char[])
OBJ 5000282c (sz=48, trace=300695, class=java.lang.invoke.LambdaForm@50000122)
	names		50006fa3
	debugName	5000282a
	vmentry		50006fa2
OBJ 5000282d (sz=24, trace=300696, class=java.lang.StringBuilder@50000118)
ARR 5000282e (sz=32, trace=300697, nelems=0, elem type=char[])
OBJ 5000282f (sz=24, trace=300698, class=java.lang.String@50000165)
ARR 50002830 (sz=32, trace=300699, nelems=0, elem type=char[])
ARR 50002831 (sz=32, trace=300700, nelems=0, elem type=java.lang.Class[]@500000fa)
OBJ 50002832 (sz=40, trace=300701, class=java.lang.invoke.MethodType@50000121)
OBJ 50002833 (sz=32, trace=300443, class=java.lang.invoke.MethodType$ConcurrentWeakInternSet$WeakEntry@50000b5f)
OBJ 50002834 (sz=64, trace=300704, class=java.lang.invoke.InvokerBytecodeGenerator@50001172)
OBJ 50002835 (sz=48, trace=300705, class=java.util.HashMap@500000bd)
OBJ 50002836 (sz=24, trace=300706, class=java.lang.String@50000165)
ARR 50002837 (sz=24, trace=300707, nelems=0, elem type=char[])
OBJ 50002838 (sz=24, trace=300708, class=java.lang.String@50000165)
	value		50002839
ARR 50002839 (sz=36, trace=300709, nelems=18, elem type=char[])
OBJ 5000283a (sz=24, trace=300710, class=java.lang.StringBuilder@50000118)
ARR 5000283b (sz=48, trace=300711, nelems=0, elem type=char[])
ARR 5000283c (sz=88, trace=300010, nelems=0, elem type=char[])
OBJ 5000283d (sz=24, trace=300712, class=java.lang.String@50000165)
ARR 5000283e (sz=80, trace=300713, nelems=0, elem type=char[])
OBJ 5000283f (sz=24, trace=300714, class=java.lang.StringBuilder@50000118)
ARR 50002840 (sz=48, trace=300715, nelems=0, elem type=char[])
OBJ 50002841 (sz=24, trace=300716, class=java.lang.String@50000165)
ARR 50002842 (sz=48, trace=300717, nelems=0, elem type=char[])
ARR 50002843 (sz=48, trace=300718, nelems=0, elem type=int[])
ARR 50002844 (sz=48, trace=300719, nelems=0, elem type=java.lang.invoke.LambdaForm$BasicType[]@50000f60)
ARR 50002845 (sz=48, trace=300720, nelems=0, elem type=java.lang.Class[]@500000fa)
OBJ 50002846 (sz=168, trace=300723, class=jdk.internal.org.objectweb.asm.ClassWriter@50001187)
OBJ 50002847 (sz=24, trace=300725, class=jdk.internal.org.objectweb.asm.ByteVector@5000118a)
ARR 50002848 (sz=80, trace=300726, nelems=0, elem type=byte[])
ARR 50002849 (sz=1040, trace=300728, nelems=0, elem type=jdk.internal.org.objectweb.asm.Item[]@5000118e)
OBJ 5000284a (sz=56, trace=300729, class=jdk.internal.org.objectweb.asm.Item@5000118d)
OBJ 5000284b (sz=56, trace=300730, class=jdk.internal.org.objectweb.asm.Item@5000118d)
OBJ 5000284c (sz=56, trace=300731, class=jdk.internal.org.objectweb.asm.Item@5000118d)
OBJ 5000284d (sz=56, trace=300732, class=jdk.internal.org.objectweb.asm.Item@5000118d)
OBJ 5000284e (sz=56, trace=300733, class=jdk.internal.org.objectweb.asm.Item@5000118d)
OBJ 5000284f (sz=56, trace=300734, class=jdk.internal.org.objectweb.asm.Item@5000118d)
OBJ 50002850 (sz=56, trace=300733, class=jdk.internal.org.objectweb.asm.Item@5000118d)
OBJ 50002851 (sz=56, trace=300735, class=jdk.internal.org.objectweb.asm.Item@5000118d)
ARR 50002852 (sz=144, trace=300736, nelems=0, elem type=byte[])
OBJ 50002853 (sz=56, trace=300737, class=jdk.internal.org.objectweb.asm.Item@5000118d)
OBJ 50002854 (sz=224, trace=300748, class=jdk.internal.org.objectweb.asm.MethodWriter@500011ab)
OBJ 50002855 (sz=24, trace=300749, class=jdk.internal.org.objectweb.asm.ByteVector@5000118a)
ARR 50002856 (sz=80, trace=300750, nelems=0, elem type=byte[])
OBJ 50002857 (sz=56, trace=300751, class=jdk.internal.org.objectweb.asm.Item@5000118d)
ARR 50002858 (sz=272, trace=300752, nelems=0, elem type=byte[])
OBJ 50002859 (sz=56, trace=300753, class=jdk.internal.org.objectweb.asm.Item@5000118d)
OBJ 5000285a (sz=64, trace=300765, class=jdk.internal.org.objectweb.asm.Label@500011bc)
OBJ 5000285b (sz=48, trace=300768, class=jdk.internal.org.objectweb.asm.Frame@500011be)
OBJ 5000285c (sz=24, trace=300769, class=jdk.internal.org.objectweb.asm.ByteVector@5000118a)
ARR 5000285d (sz=80, trace=300770, nelems=0, elem type=byte[])
OBJ 5000285e (sz=56, trace=300771, class=jdk.internal.org.objectweb.asm.Item@5000118d)
OBJ 5000285f (sz=56, trace=300773, class=jdk.internal.org.objectweb.asm.AnnotationWriter@500011c5)
OBJ 50002860 (sz=24, trace=300774, class=jdk.internal.org.objectweb.asm.ByteVector@5000118a)
ARR 50002861 (sz=80, trace=300775, nelems=0, elem type=byte[])
ARR 50002862 (sz=528, trace=300779, nelems=0, elem type=byte[])
OBJ 50002863 (sz=56, trace=300776, class=jdk.internal.org.objectweb.asm.Item@5000118d)
OBJ 50002864 (sz=56, trace=300773, class=jdk.internal.org.objectweb.asm.AnnotationWriter@500011c5)
OBJ 50002865 (sz=24, trace=300777, class=jdk.internal.org.objectweb.asm.ByteVector@5000118a)
ARR 50002866 (sz=80, trace=300778, nelems=0, elem type=byte[])
OBJ 50002867 (sz=56, trace=300780, class=jdk.internal.org.objectweb.asm.Item@5000118d)
OBJ 50002868 (sz=56, trace=300773, class=jdk.internal.org.objectweb.asm.AnnotationWriter@500011c5)
OBJ 50002869 (sz=24, trace=300795, class=java.lang.String@50000165)
ARR 5000286a (sz=56, trace=300462, nelems=0, elem type=char[])
ARR 5000286b (sz=88, trace=300796, nelems=0, elem type=char[])
OBJ 5000286c (sz=24, trace=300797, class=java.lang.String@50000165)
ARR 5000286d (sz=56, trace=300798, nelems=0, elem type=int[])
OBJ 5000286e (sz=56, trace=300733, class=jdk.internal.org.objectweb.asm.Item@5000118d)
OBJ 5000286f (sz=56, trace=300800, class=jdk.internal.org.objectweb.asm.Item@5000118d)
OBJ 50002870 (sz=56, trace=300801, class=jdk.internal.org.objectweb.asm.Item@5000118d)
OBJ 50002871 (sz=56, trace=300802, class=jdk.internal.org.objectweb.asm.Item@5000118d)
OBJ 50002872 (sz=56, trace=300803, class=jdk.internal.org.objectweb.asm.Item@5000118d)
OBJ 50002873 (sz=56, trace=300804, class=jdk.internal.org.objectweb.asm.Item@5000118d)
OBJ 50002874 (sz=24, trace=300805, class=java.lang.String@50000165)
ARR 50002875 (sz=48, trace=300806, nelems=0, elem type=char[])
OBJ 50002876 (sz=56, trace=300807, class=jdk.internal.org.objectweb.asm.Item@5000118d)
ARR 50002877 (sz=80, trace=300808, nelems=0, elem type=jdk.internal.org.objectweb.asm.Item[]@5000118e)
ARR 50002878 (sz=56, trace=300809, nelems=0, elem type=int[])
OBJ 50002879 (sz=24, trace=300795, class=java.lang.String@50000165)
ARR 5000287a (sz=40, trace=300462, nelems=0, elem type=char[])
ARR 5000287b (sz=72, trace=300811, nelems=0, elem type=char[])
OBJ 5000287c (sz=24, trace=300812, class=java.lang.String@50000165)
OBJ 5000287d (sz=56, trace=300813, class=jdk.internal.org.objectweb.asm.Item@5000118d)
OBJ 5000287e (sz=56, trace=300814, class=jdk.internal.org.objectweb.asm.Item@5000118d)
OBJ 5000287f (sz=56, trace=300815, class=jdk.internal.org.objectweb.asm.Item@5000118d)
OBJ 50002880 (sz=56, trace=300733, class=jdk.internal.org.objectweb.asm.Item@5000118d)
OBJ 50002881 (sz=56, trace=300800, class=jdk.internal.org.objectweb.asm.Item@5000118d)
OBJ 50002882 (sz=56, trace=300801, class=jdk.internal.org.objectweb.asm.Item@5000118d)
ARR 50002883 (sz=1040, trace=300816, nelems=0, elem type=byte[])
OBJ 50002884 (sz=56, trace=300802, class=jdk.internal.org.objectweb.asm.Item@5000118d)
OBJ 50002885 (sz=56, trace=300803, class=jdk.internal.org.objectweb.asm.Item@5000118d)
OBJ 50002886 (sz=56, trace=300804, class=jdk.internal.org.objectweb.asm.Item@5000118d)
OBJ 50002887 (sz=24, trace=300805, class=java.lang.String@50000165)
ARR 50002888 (sz=48, trace=300806, nelems=0, elem type=char[])
OBJ 50002889 (sz=64, trace=300817, class=jdk.internal.org.objectweb.asm.Label@500011bc)
OBJ 5000288a (sz=48, trace=300818, class=jdk.internal.org.objectweb.asm.Frame@500011be)
ARR 5000288b (sz=200, trace=300819, nelems=0, elem type=char[])
ARR 5000288c (sz=32, trace=300820, nelems=0, elem type=jdk.internal.org.objectweb.asm.Type[]@50001222)
OBJ 5000288d (sz=32, trace=300821, class=jdk.internal.org.objectweb.asm.Type@500011b2)
OBJ 5000288e (sz=32, trace=300821, class=jdk.internal.org.objectweb.asm.Type@500011b2)
OBJ 5000288f (sz=32, trace=300821, class=jdk.internal.org.objectweb.asm.Type@500011b2)
OBJ 50002890 (sz=32, trace=300821, class=jdk.internal.org.objectweb.asm.Type@500011b2)
ARR 50002891 (sz=40, trace=300822, nelems=0, elem type=int[])
ARR 50002892 (sz=16, trace=300823, nelems=0, elem type=int[])
OBJ 50002893 (sz=24, trace=300824, class=java.lang.StringBuffer@50000119)
ARR 50002894 (sz=48, trace=300825, nelems=0, elem type=char[])
ARR 50002895 (sz=88, trace=300826, nelems=0, elem type=char[])
ARR 50002896 (sz=56, trace=300827, nelems=0, elem type=char[])
OBJ 50002897 (sz=24, trace=300828, class=java.lang.String@50000165)
OBJ 50002898 (sz=24, trace=300829, class=java.lang.String@50000165)
ARR 50002899 (sz=48, trace=300806, nelems=0, elem type=char[])
OBJ 5000289a (sz=24, trace=300824, class=java.lang.StringBuffer@50000119)
ARR 5000289b (sz=48, trace=300825, nelems=0, elem type=char[])
ARR 5000289c (sz=88, trace=300826, nelems=0, elem type=char[])
ARR 5000289d (sz=56, trace=300827, nelems=0, elem type=char[])
OBJ 5000289e (sz=24, trace=300828, class=java.lang.String@50000165)
OBJ 5000289f (sz=24, trace=300829, class=java.lang.String@50000165)
ARR 500028a0 (sz=48, trace=300806, nelems=0, elem type=char[])
OBJ 500028a1 (sz=24, trace=300824, class=java.lang.StringBuffer@50000119)
ARR 500028a2 (sz=48, trace=300825, nelems=0, elem type=char[])
ARR 500028a3 (sz=88, trace=300826, nelems=0, elem type=char[])
ARR 500028a4 (sz=56, trace=300827, nelems=0, elem type=char[])
OBJ 500028a5 (sz=24, trace=300828, class=java.lang.String@50000165)
OBJ 500028a6 (sz=24, trace=300829, class=java.lang.String@50000165)
ARR 500028a7 (sz=48, trace=300806, nelems=0, elem type=char[])
OBJ 500028a8 (sz=24, trace=300824, class=java.lang.StringBuffer@50000119)
ARR 500028a9 (sz=48, trace=300825, nelems=0, elem type=char[])
ARR 500028aa (sz=88, trace=300826, nelems=0, elem type=char[])
ARR 500028ab (sz=56, trace=300827, nelems=0, elem type=char[])
OBJ 500028ac (sz=24, trace=300828, class=java.lang.String@50000165)
OBJ 500028ad (sz=24, trace=300829, class=java.lang.String@50000165)
ARR 500028ae (sz=48, trace=300806, nelems=0, elem type=char[])
ARR 500028af (sz=48, trace=300830, nelems=0, elem type=int[])
ARR 500028b0 (sz=24, trace=300831, nelems=0, elem type=java.lang.Object[]@500000ff)
OBJ 500028b1 (sz=56, trace=300832, class=jdk.internal.org.objectweb.asm.Item@5000118d)
OBJ 500028b2 (sz=56, trace=300833, class=jdk.internal.org.objectweb.asm.Item@5000118d)
OBJ 500028b3 (sz=56, trace=300834, class=jdk.internal.org.objectweb.asm.Item@5000118d)
OBJ 500028b4 (sz=24, trace=300835, class=jdk.internal.org.objectweb.asm.ByteVector@5000118a)
ARR 500028b5 (sz=784, trace=300836, nelems=0, elem type=byte[])
ARR 500028b6 (sz=128, trace=300837, nelems=0, elem type=java.lang.Object[]@500000ff)
OBJ 500028b7 (sz=16, trace=300839, class=java.util.HashMap$Values@5000123e)
OBJ 500028b8 (sz=40, trace=300841, class=java.util.HashMap$ValueIterator@50001241)
OBJ 500028ba (sz=56, trace=300843, class=java.lang.invoke.MemberName@50000124)
OBJ 500028bb (sz=40, trace=300844, class=java.lang.ref.SoftReference@50000149)
	referent	5000282c
	queue		50006b4d
OBJ 500028bc (sz=32, trace=300845, class=java.lang.invoke.DirectMethodHandle@50000125)
	type		50001405
	form		5000282c
	member		50006de2
OBJ 500028bd (sz=40, trace=301012, class=java.lang.ref.SoftReference@50000149)
	referent	500028bc
	queue		50006b4d
ARR 500028be (sz=32, trace=301068, nelems=3, elem type=java.lang.Object[]@500000ff)
	[0]		50002801
	[1]		50000f66
	[2]		50000f67
OBJ 500028bf (sz=32, trace=301069, class=java.lang.invoke.LambdaForm$Name@50000f62)
	type		50000f5a
	function	50002803
	arguments	500028be
OBJ 500028c0 (sz=48, trace=301070, class=java.lang.invoke.LambdaForm@50000122)
	names		50006fac
	debugName	50006e2d
	vmentry		50006fab
OBJ 500028c1 (sz=40, trace=300844, class=java.lang.ref.SoftReference@50000149)
	referent	500028c0
	queue		50006b4d
OBJ 500028c2 (sz=40, trace=301098, class=java.lang.invoke.MethodHandleImpl$IntrinsicMethodHandle@500026a0)
	type		500027f0
	form		500028c0
	target		500027f6
	intrinsicName	500011d3
OBJ 500028c3 (sz=24, trace=300696, class=java.lang.StringBuilder@50000118)
ARR 500028c4 (sz=32, trace=300697, nelems=0, elem type=char[])
OBJ 500028c5 (sz=24, trace=300698, class=java.lang.String@50000165)
ARR 500028c6 (sz=32, trace=300699, nelems=0, elem type=char[])
ARR 500028c7 (sz=32, trace=300938, nelems=0, elem type=java.lang.Class[]@500000fa)
OBJ 500028c8 (sz=40, trace=300701, class=java.lang.invoke.MethodType@50000121)
OBJ 500028c9 (sz=32, trace=300443, class=java.lang.invoke.MethodType$ConcurrentWeakInternSet$WeakEntry@50000b5f)
OBJ 500028ca (sz=64, trace=300704, class=java.lang.invoke.InvokerBytecodeGenerator@50001172)
OBJ 500028cb (sz=48, trace=300705, class=java.util.HashMap@500000bd)
OBJ 500028cc (sz=24, trace=300706, class=java.lang.String@50000165)
ARR 500028cd (sz=24, trace=300707, nelems=0, elem type=char[])
OBJ 500028ce (sz=24, trace=300708, class=java.lang.String@50000165)
	value		500028cf
ARR 500028cf (sz=16, trace=300709, nelems=8, elem type=char[])
OBJ 500028d0 (sz=24, trace=300710, class=java.lang.StringBuilder@50000118)
ARR 500028d1 (sz=48, trace=300711, nelems=0, elem type=char[])
ARR 500028d2 (sz=88, trace=300010, nelems=0, elem type=char[])
OBJ 500028d3 (sz=24, trace=300712, class=java.lang.String@50000165)
ARR 500028d4 (sz=80, trace=300713, nelems=0, elem type=char[])
OBJ 500028d5 (sz=24, trace=300714, class=java.lang.StringBuilder@50000118)
ARR 500028d6 (sz=48, trace=300715, nelems=0, elem type=char[])
OBJ 500028d7 (sz=24, trace=300716, class=java.lang.String@50000165)
ARR 500028d8 (sz=48, trace=300717, nelems=0, elem type=char[])
ARR 500028d9 (sz=40, trace=300718, nelems=0, elem type=int[])
ARR 500028da (sz=40, trace=300719, nelems=0, elem type=java.lang.invoke.LambdaForm$BasicType[]@50000f60)
ARR 500028db (sz=40, trace=300720, nelems=0, elem type=java.lang.Class[]@500000fa)
OBJ 500028dc (sz=168, trace=300723, class=jdk.internal.org.objectweb.asm.ClassWriter@50001187)
OBJ 500028dd (sz=24, trace=300725, class=jdk.internal.org.objectweb.asm.ByteVector@5000118a)
ARR 500028de (sz=80, trace=300726, nelems=0, elem type=byte[])
ARR 500028df (sz=1040, trace=300728, nelems=0, elem type=jdk.internal.org.objectweb.asm.Item[]@5000118e)
OBJ 500028e0 (sz=56, trace=300729, class=jdk.internal.org.objectweb.asm.Item@5000118d)
OBJ 500028e1 (sz=56, trace=300730, class=jdk.internal.org.objectweb.asm.Item@5000118d)
OBJ 500028e2 (sz=56, trace=300731, class=jdk.internal.org.objectweb.asm.Item@5000118d)
OBJ 500028e3 (sz=56, trace=300732, class=jdk.internal.org.objectweb.asm.Item@5000118d)
OBJ 500028e4 (sz=56, trace=300733, class=jdk.internal.org.objectweb.asm.Item@5000118d)
OBJ 500028e5 (sz=56, trace=300734, class=jdk.internal.org.objectweb.asm.Item@5000118d)
OBJ 500028e6 (sz=56, trace=300733, class=jdk.internal.org.objectweb.asm.Item@5000118d)
OBJ 500028e7 (sz=56, trace=300735, class=jdk.internal.org.objectweb.asm.Item@5000118d)
ARR 500028e8 (sz=144, trace=300736, nelems=0, elem type=byte[])
OBJ 500028e9 (sz=56, trace=300737, class=jdk.internal.org.objectweb.asm.Item@5000118d)
OBJ 500028ea (sz=224, trace=300748, class=jdk.internal.org.objectweb.asm.MethodWriter@500011ab)
OBJ 500028eb (sz=24, trace=300749, class=jdk.internal.org.objectweb.asm.ByteVector@5000118a)
ARR 500028ec (sz=80, trace=300750, nelems=0, elem type=byte[])
OBJ 500028ed (sz=56, trace=300751, class=jdk.internal.org.objectweb.asm.Item@5000118d)
ARR 500028ee (sz=272, trace=300752, nelems=0, elem type=byte[])
OBJ 500028ef (sz=56, trace=300753, class=jdk.internal.org.objectweb.asm.Item@5000118d)
OBJ 500028f0 (sz=64, trace=300765, class=jdk.internal.org.objectweb.asm.Label@500011bc)
OBJ 500028f1 (sz=48, trace=300768, class=jdk.internal.org.objectweb.asm.Frame@500011be)
OBJ 500028f2 (sz=24, trace=300769, class=jdk.internal.org.objectweb.asm.ByteVector@5000118a)
ARR 500028f3 (sz=80, trace=300770, nelems=0, elem type=byte[])
OBJ 500028f4 (sz=56, trace=300771, class=jdk.internal.org.objectweb.asm.Item@5000118d)
OBJ 500028f5 (sz=56, trace=300773, class=jdk.internal.org.objectweb.asm.AnnotationWriter@500011c5)
OBJ 500028f6 (sz=24, trace=300774, class=jdk.internal.org.objectweb.asm.ByteVector@5000118a)
ARR 500028f7 (sz=80, trace=300775, nelems=0, elem type=byte[])
OBJ 500028f8 (sz=56, trace=300776, class=jdk.internal.org.objectweb.asm.Item@5000118d)
OBJ 500028f9 (sz=56, trace=300773, class=jdk.internal.org.objectweb.asm.AnnotationWriter@500011c5)
OBJ 500028fa (sz=24, trace=300777, class=jdk.internal.org.objectweb.asm.ByteVector@5000118a)
ARR 500028fb (sz=80, trace=300778, nelems=0, elem type=byte[])
ARR 500028fc (sz=528, trace=300779, nelems=0, elem type=byte[])
OBJ 500028fd (sz=56, trace=300780, class=jdk.internal.org.objectweb.asm.Item@5000118d)
OBJ 500028fe (sz=56, trace=300773, class=jdk.internal.org.objectweb.asm.AnnotationWriter@500011c5)
OBJ 500028ff (sz=24, trace=300795, class=java.lang.String@50000165)
ARR 50002900 (sz=64, trace=300462, nelems=0, elem type=char[])
ARR 50002901 (sz=96, trace=300796, nelems=0, elem type=char[])
OBJ 50002902 (sz=24, trace=300797, class=java.lang.String@50000165)
ARR 50002903 (sz=24, trace=300920, nelems=0, elem type=java.lang.Class[]@500000fa)
OBJ 50002904 (sz=40, trace=300860, class=java.lang.invoke.MethodType@50000121)
OBJ 50002905 (sz=32, trace=300443, class=java.lang.invoke.MethodType$ConcurrentWeakInternSet$WeakEntry@50000b5f)
ARR 50002906 (sz=56, trace=300798, nelems=0, elem type=int[])
ARR 50002907 (sz=96, trace=300811, nelems=0, elem type=char[])
OBJ 50002908 (sz=24, trace=300812, class=java.lang.String@50000165)
OBJ 50002909 (sz=56, trace=300813, class=jdk.internal.org.objectweb.asm.Item@5000118d)
OBJ 5000290a (sz=56, trace=300814, class=jdk.internal.org.objectweb.asm.Item@5000118d)
OBJ 5000290b (sz=56, trace=300815, class=jdk.internal.org.objectweb.asm.Item@5000118d)
ARR 5000290c (sz=80, trace=301072, nelems=0, elem type=jdk.internal.org.objectweb.asm.Item[]@5000118e)
OBJ 5000290d (sz=56, trace=300801, class=jdk.internal.org.objectweb.asm.Item@5000118d)
OBJ 5000290e (sz=56, trace=300802, class=jdk.internal.org.objectweb.asm.Item@5000118d)
OBJ 5000290f (sz=56, trace=300803, class=jdk.internal.org.objectweb.asm.Item@5000118d)
OBJ 50002910 (sz=56, trace=300804, class=jdk.internal.org.objectweb.asm.Item@5000118d)
OBJ 50002911 (sz=24, trace=300805, class=java.lang.String@50000165)
ARR 50002912 (sz=80, trace=300806, nelems=0, elem type=char[])
OBJ 50002913 (sz=56, trace=300807, class=jdk.internal.org.objectweb.asm.Item@5000118d)
ARR 50002914 (sz=24, trace=300931, nelems=0, elem type=java.lang.Class[]@500000fa)
OBJ 50002915 (sz=40, trace=300860, class=java.lang.invoke.MethodType@50000121)
OBJ 50002916 (sz=32, trace=300443, class=java.lang.invoke.MethodType$ConcurrentWeakInternSet$WeakEntry@50000b5f)
ARR 50002917 (sz=56, trace=300809, nelems=0, elem type=int[])
OBJ 50002918 (sz=24, trace=300795, class=java.lang.String@50000165)
ARR 50002919 (sz=40, trace=300462, nelems=0, elem type=char[])
OBJ 5000291a (sz=56, trace=300733, class=jdk.internal.org.objectweb.asm.Item@5000118d)
OBJ 5000291b (sz=56, trace=300800, class=jdk.internal.org.objectweb.asm.Item@5000118d)
OBJ 5000291c (sz=56, trace=300801, class=jdk.internal.org.objectweb.asm.Item@5000118d)
OBJ 5000291d (sz=56, trace=300802, class=jdk.internal.org.objectweb.asm.Item@5000118d)
OBJ 5000291e (sz=56, trace=300803, class=jdk.internal.org.objectweb.asm.Item@5000118d)
OBJ 5000291f (sz=56, trace=300804, class=jdk.internal.org.objectweb.asm.Item@5000118d)
OBJ 50002920 (sz=24, trace=300805, class=java.lang.String@50000165)
ARR 50002921 (sz=48, trace=300806, nelems=0, elem type=char[])
OBJ 50002922 (sz=56, trace=300807, class=jdk.internal.org.objectweb.asm.Item@5000118d)
ARR 50002923 (sz=24, trace=300931, nelems=0, elem type=java.lang.Class[]@500000fa)
OBJ 50002924 (sz=40, trace=300860, class=java.lang.invoke.MethodType@50000121)
OBJ 50002925 (sz=32, trace=300443, class=java.lang.invoke.MethodType$ConcurrentWeakInternSet$WeakEntry@50000b5f)
OBJ 50002926 (sz=64, trace=300817, class=jdk.internal.org.objectweb.asm.Label@500011bc)
OBJ 50002927 (sz=48, trace=300818, class=jdk.internal.org.objectweb.asm.Frame@500011be)
ARR 50002928 (sz=168, trace=300819, nelems=0, elem type=char[])
ARR 50002929 (sz=32, trace=300820, nelems=0, elem type=jdk.internal.org.objectweb.asm.Type[]@50001222)
OBJ 5000292a (sz=32, trace=300821, class=jdk.internal.org.objectweb.asm.Type@500011b2)
OBJ 5000292b (sz=32, trace=300821, class=jdk.internal.org.objectweb.asm.Type@500011b2)
OBJ 5000292c (sz=32, trace=300821, class=jdk.internal.org.objectweb.asm.Type@500011b2)
ARR 5000292d (sz=32, trace=300822, nelems=0, elem type=int[])
ARR 5000292e (sz=16, trace=300823, nelems=0, elem type=int[])
OBJ 5000292f (sz=24, trace=300824, class=java.lang.StringBuffer@50000119)
ARR 50002930 (sz=48, trace=300825, nelems=0, elem type=char[])
ARR 50002931 (sz=88, trace=300826, nelems=0, elem type=char[])
ARR 50002932 (sz=56, trace=300827, nelems=0, elem type=char[])
OBJ 50002933 (sz=24, trace=300828, class=java.lang.String@50000165)
OBJ 50002934 (sz=24, trace=300829, class=java.lang.String@50000165)
ARR 50002935 (sz=48, trace=300806, nelems=0, elem type=char[])
OBJ 50002936 (sz=24, trace=300824, class=java.lang.StringBuffer@50000119)
ARR 50002937 (sz=48, trace=300825, nelems=0, elem type=char[])
ARR 50002938 (sz=88, trace=300826, nelems=0, elem type=char[])
ARR 50002939 (sz=56, trace=300827, nelems=0, elem type=char[])
OBJ 5000293a (sz=24, trace=300828, class=java.lang.String@50000165)
OBJ 5000293b (sz=24, trace=300829, class=java.lang.String@50000165)
ARR 5000293c (sz=48, trace=300806, nelems=0, elem type=char[])
OBJ 5000293d (sz=24, trace=300824, class=java.lang.StringBuffer@50000119)
ARR 5000293e (sz=48, trace=300825, nelems=0, elem type=char[])
ARR 5000293f (sz=88, trace=300826, nelems=0, elem type=char[])
ARR 50002940 (sz=56, trace=300827, nelems=0, elem type=char[])
OBJ 50002941 (sz=24, trace=300828, class=java.lang.String@50000165)
OBJ 50002942 (sz=24, trace=300829, class=java.lang.String@50000165)
ARR 50002943 (sz=48, trace=300806, nelems=0, elem type=char[])
ARR 50002944 (sz=40, trace=300830, nelems=0, elem type=int[])
ARR 50002945 (sz=24, trace=300940, nelems=0, elem type=java.lang.Object[]@500000ff)
OBJ 50002946 (sz=56, trace=300832, class=jdk.internal.org.objectweb.asm.Item@5000118d)
ARR 50002947 (sz=1040, trace=300951, nelems=0, elem type=byte[])
OBJ 50002948 (sz=56, trace=300833, class=jdk.internal.org.objectweb.asm.Item@5000118d)
OBJ 50002949 (sz=56, trace=300834, class=jdk.internal.org.objectweb.asm.Item@5000118d)
OBJ 5000294a (sz=24, trace=300835, class=jdk.internal.org.objectweb.asm.ByteVector@5000118a)
ARR 5000294b (sz=656, trace=300836, nelems=0, elem type=byte[])
ARR 5000294c (sz=120, trace=300837, nelems=0, elem type=java.lang.Object[]@500000ff)
OBJ 5000294d (sz=16, trace=300839, class=java.util.HashMap$Values@5000123e)
OBJ 5000294e (sz=40, trace=300841, class=java.util.HashMap$ValueIterator@50001241)
OBJ 50002950 (sz=56, trace=300843, class=java.lang.invoke.MemberName@50000124)
ARR 50002951 (sz=16, trace=301092, nelems=0, elem type=java.lang.Class[]@500000fa)
OBJ 50002952 (sz=40, trace=301093, class=java.lang.invoke.MethodType@50000121)
OBJ 50002953 (sz=32, trace=300443, class=java.lang.invoke.MethodType$ConcurrentWeakInternSet$WeakEntry@50000b5f)
OBJ 50002954 (sz=40, trace=301094, class=java.lang.invoke.MethodType@50000121)
	rtype		500000ff
	ptypes		50006de4
	form		500010d8
OBJ 50002955 (sz=40, trace=300445, class=java.lang.invoke.MethodType@50000121)
OBJ 50002956 (sz=32, trace=300443, class=java.lang.invoke.MethodType$ConcurrentWeakInternSet$WeakEntry@50000b5f)
OBJ 50002957 (sz=32, trace=300452, class=java.lang.invoke.MethodType$ConcurrentWeakInternSet$WeakEntry@50000b5f)
	referent	50002954
	queue		50000b52
OBJ 50002958 (sz=32, trace=300521, class=java.util.concurrent.ConcurrentHashMap$Node@50000021)
	key		50002957
	val		50002957
OBJ 50002959 (sz=56, trace=301095, class=java.lang.invoke.MemberName@50000124)
OBJ 5000295a (sz=32, trace=300865, class=java.lang.invoke.DirectMethodHandle@50000125)
	type		50002954
	form		5000159b
	member		50006ffb
ARR 5000295b (sz=24, trace=301038, nelems=0, elem type=java.lang.Class[]@500000fa)
OBJ 5000295c (sz=40, trace=300519, class=java.lang.invoke.MethodType@50000121)
OBJ 5000295d (sz=32, trace=300443, class=java.lang.invoke.MethodType$ConcurrentWeakInternSet$WeakEntry@50000b5f)
ARR 5000295e (sz=40, trace=301039, nelems=0, elem type=java.lang.invoke.LambdaForm$Name[]@50000fce)
OBJ 5000295f (sz=32, trace=301040, class=java.lang.invoke.LambdaForm$Name@50000f62)
	type		50000f5a
	constraint	50002302
ARR 50002960 (sz=24, trace=301041, nelems=0, elem type=java.lang.Object[]@500000ff)
ARR 50002961 (sz=24, trace=300907, nelems=0, elem type=java.lang.Class[]@500000fa)
OBJ 50002962 (sz=40, trace=300860, class=java.lang.invoke.MethodType@50000121)
OBJ 50002963 (sz=32, trace=300443, class=java.lang.invoke.MethodType$ConcurrentWeakInternSet$WeakEntry@50000b5f)
ARR 50002964 (sz=24, trace=301042, nelems=1, elem type=java.lang.Object[]@500000ff)
	[0]		5000295f
OBJ 50002965 (sz=32, trace=301043, class=java.lang.invoke.LambdaForm$Name@50000f62)
	type		50000f5a
	function	5000230a
	arguments	50002964
ARR 50002966 (sz=32, trace=301044, nelems=0, elem type=java.lang.Object[]@500000ff)
OBJ 50002967 (sz=24, trace=301045, class=java.lang.invoke.LambdaForm$NamedFunction@50000f99)
	member		50006de5
	resolvedHandle	50002a60
OBJ 50002968 (sz=24, trace=301064, class=java.lang.invoke.Invokers@50000b5b)
	targetType	500010d7
	invokers	50002969
ARR 50002969 (sz=32, trace=301065, nelems=3, elem type=java.lang.invoke.MethodHandle[]@5000018c)
	[2]		50002a60
OBJ 5000296a (sz=56, trace=301066, class=java.lang.invoke.MemberName@50000124)
ARR 5000296b (sz=24, trace=301067, nelems=0, elem type=java.lang.Class[]@500000fa)
OBJ 5000296c (sz=40, trace=300857, class=java.lang.invoke.MethodType@50000121)
OBJ 5000296d (sz=32, trace=300443, class=java.lang.invoke.MethodType$ConcurrentWeakInternSet$WeakEntry@50000b5f)
ARR 5000296e (sz=24, trace=300859, nelems=0, elem type=java.lang.Class[]@500000fa)
OBJ 5000296f (sz=40, trace=300860, class=java.lang.invoke.MethodType@50000121)
OBJ 50002970 (sz=32, trace=300443, class=java.lang.invoke.MethodType$ConcurrentWeakInternSet$WeakEntry@50000b5f)
ARR 50002971 (sz=24, trace=300512, nelems=0, elem type=java.lang.Class[]@500000fa)
OBJ 50002972 (sz=40, trace=300514, class=java.lang.invoke.MethodType@50000121)
OBJ 50002973 (sz=32, trace=300443, class=java.lang.invoke.MethodType$ConcurrentWeakInternSet$WeakEntry@50000b5f)
OBJ 50002974 (sz=40, trace=300515, class=java.lang.invoke.MethodType@50000121)
	rtype		50000169
	ptypes		50006e97
	form		50001f33
	methodDescriptor	50002a1a
OBJ 50002975 (sz=40, trace=300445, class=java.lang.invoke.MethodType@50000121)
OBJ 50002976 (sz=32, trace=300443, class=java.lang.invoke.MethodType$ConcurrentWeakInternSet$WeakEntry@50000b5f)
OBJ 50002977 (sz=32, trace=300452, class=java.lang.invoke.MethodType$ConcurrentWeakInternSet$WeakEntry@50000b5f)
	referent	50002974
	queue		50000b52
OBJ 50002978 (sz=32, trace=300521, class=java.util.concurrent.ConcurrentHashMap$Node@50000021)
	key		50002977
	val		50002977
OBJ 50002979 (sz=56, trace=300516, class=java.lang.invoke.MemberName@50000124)
ARR 5000297a (sz=24, trace=300518, nelems=0, elem type=java.lang.Class[]@500000fa)
OBJ 5000297b (sz=40, trace=300519, class=java.lang.invoke.MethodType@50000121)
OBJ 5000297c (sz=32, trace=300443, class=java.lang.invoke.MethodType$ConcurrentWeakInternSet$WeakEntry@50000b5f)
OBJ 5000297d (sz=40, trace=300520, class=java.lang.invoke.MethodType@50000121)
	rtype		50000169
	ptypes		50006de9
	form		50001f33
OBJ 5000297e (sz=40, trace=300445, class=java.lang.invoke.MethodType@50000121)
OBJ 5000297f (sz=32, trace=300443, class=java.lang.invoke.MethodType$ConcurrentWeakInternSet$WeakEntry@50000b5f)
OBJ 50002980 (sz=32, trace=300452, class=java.lang.invoke.MethodType$ConcurrentWeakInternSet$WeakEntry@50000b5f)
	referent	5000297d
	queue		50000b52
OBJ 50002981 (sz=32, trace=300521, class=java.util.concurrent.ConcurrentHashMap$Node@50000021)
	key		50002980
	val		50002980
	next		50004172
ARR 50002982 (sz=48, trace=300623, nelems=0, elem type=java.lang.invoke.LambdaForm$Name[]@50000fce)
ARR 50002983 (sz=24, trace=300674, nelems=0, elem type=java.lang.Object[]@500000ff)
ARR 50002984 (sz=24, trace=300675, nelems=1, elem type=java.lang.Object[]@500000ff)
	[0]		50000f65
OBJ 50002985 (sz=32, trace=300676, class=java.lang.invoke.LambdaForm$Name@50000f62)
	type		50000f5a
	function	50001105
	arguments	50002984
ARR 50002986 (sz=40, trace=300677, nelems=0, elem type=java.lang.Object[]@500000ff)
OBJ 50002987 (sz=24, trace=300678, class=java.lang.invoke.LambdaForm$NamedFunction@50000f99)
	member		50006f9d
ARR 50002988 (sz=40, trace=300679, nelems=5, elem type=java.lang.Object[]@500000ff)
	[0]		50000f66
	[1]		50000f67
	[2]		50000f68
	[3]		50000f69
	[4]		50002985
OBJ 50002989 (sz=32, trace=300680, class=java.lang.invoke.LambdaForm$Name@50000f62)
	type		50000f5a
	function	50002987
	arguments	50002988
OBJ 5000298a (sz=24, trace=300681, class=java.lang.StringBuilder@50000118)
ARR 5000298b (sz=48, trace=300682, nelems=0, elem type=char[])
ARR 5000298c (sz=88, trace=300010, nelems=0, elem type=char[])
ARR 5000298d (sz=32, trace=300683, nelems=0, elem type=char[])
OBJ 5000298e (sz=24, trace=300685, class=java.util.Arrays$ArrayList@5000115f)
OBJ 5000298f (sz=24, trace=300686, class=java.util.Collections$UnmodifiableRandomAccessList@500000ca)
OBJ 50002990 (sz=24, trace=300688, class=java.util.Collections$UnmodifiableCollection$1@50001162)
OBJ 50002991 (sz=32, trace=300690, class=java.util.AbstractList$Itr@50001164)
OBJ 50002992 (sz=24, trace=300691, class=java.lang.String@50000165)
ARR 50002993 (sz=32, trace=300692, nelems=0, elem type=char[])
OBJ 50002994 (sz=24, trace=300861, class=java.lang.StringBuilder@50000118)
ARR 50002995 (sz=48, trace=300862, nelems=0, elem type=char[])
OBJ 50002996 (sz=24, trace=300863, class=java.lang.String@50000165)
ARR 50002997 (sz=24, trace=300864, nelems=0, elem type=char[])
OBJ 50002998 (sz=24, trace=300693, class=java.lang.String@50000165)
	value		50002999
ARR 50002999 (sz=44, trace=300694, nelems=22, elem type=char[])
OBJ 5000299a (sz=48, trace=300695, class=java.lang.invoke.LambdaForm@50000122)
	names		50006f9c
	debugName	50002998
	vmentry		50006f9b
OBJ 5000299b (sz=24, trace=300696, class=java.lang.StringBuilder@50000118)
ARR 5000299c (sz=32, trace=300697, nelems=0, elem type=char[])
OBJ 5000299d (sz=24, trace=300698, class=java.lang.String@50000165)
ARR 5000299e (sz=32, trace=300699, nelems=0, elem type=char[])
ARR 5000299f (sz=40, trace=300700, nelems=0, elem type=java.lang.Class[]@500000fa)
OBJ 500029a0 (sz=40, trace=300701, class=java.lang.invoke.MethodType@50000121)
OBJ 500029a1 (sz=32, trace=300443, class=java.lang.invoke.MethodType$ConcurrentWeakInternSet$WeakEntry@50000b5f)
OBJ 500029a2 (sz=64, trace=300704, class=java.lang.invoke.InvokerBytecodeGenerator@50001172)
OBJ 500029a3 (sz=48, trace=300705, class=java.util.HashMap@500000bd)
OBJ 500029a4 (sz=24, trace=300706, class=java.lang.String@50000165)
ARR 500029a5 (sz=24, trace=300707, nelems=0, elem type=char[])
OBJ 500029a6 (sz=24, trace=300708, class=java.lang.String@50000165)
	value		500029a7
ARR 500029a7 (sz=36, trace=300709, nelems=18, elem type=char[])
OBJ 500029a8 (sz=24, trace=300710, class=java.lang.StringBuilder@50000118)
ARR 500029a9 (sz=48, trace=300711, nelems=0, elem type=char[])
ARR 500029aa (sz=88, trace=300010, nelems=0, elem type=char[])
OBJ 500029ab (sz=24, trace=300712, class=java.lang.String@50000165)
ARR 500029ac (sz=80, trace=300713, nelems=0, elem type=char[])
OBJ 500029ad (sz=24, trace=300714, class=java.lang.StringBuilder@50000118)
ARR 500029ae (sz=48, trace=300715, nelems=0, elem type=char[])
OBJ 500029af (sz=24, trace=300716, class=java.lang.String@50000165)
ARR 500029b0 (sz=48, trace=300717, nelems=0, elem type=char[])
ARR 500029b1 (sz=48, trace=300718, nelems=0, elem type=int[])
ARR 500029b2 (sz=48, trace=300719, nelems=0, elem type=java.lang.invoke.LambdaForm$BasicType[]@50000f60)
ARR 500029b3 (sz=48, trace=300720, nelems=0, elem type=java.lang.Class[]@500000fa)
OBJ 500029b4 (sz=168, trace=300723, class=jdk.internal.org.objectweb.asm.ClassWriter@50001187)
OBJ 500029b5 (sz=24, trace=300725, class=jdk.internal.org.objectweb.asm.ByteVector@5000118a)
ARR 500029b6 (sz=80, trace=300726, nelems=0, elem type=byte[])
ARR 500029b7 (sz=1040, trace=300728, nelems=0, elem type=jdk.internal.org.objectweb.asm.Item[]@5000118e)
OBJ 500029b8 (sz=56, trace=300729, class=jdk.internal.org.objectweb.asm.Item@5000118d)
OBJ 500029b9 (sz=56, trace=300730, class=jdk.internal.org.objectweb.asm.Item@5000118d)
OBJ 500029ba (sz=56, trace=300731, class=jdk.internal.org.objectweb.asm.Item@5000118d)
OBJ 500029bb (sz=56, trace=300732, class=jdk.internal.org.objectweb.asm.Item@5000118d)
OBJ 500029bc (sz=56, trace=300733, class=jdk.internal.org.objectweb.asm.Item@5000118d)
OBJ 500029bd (sz=56, trace=300734, class=jdk.internal.org.objectweb.asm.Item@5000118d)
OBJ 500029be (sz=56, trace=300733, class=jdk.internal.org.objectweb.asm.Item@5000118d)
OBJ 500029bf (sz=56, trace=300735, class=jdk.internal.org.objectweb.asm.Item@5000118d)
ARR 500029c0 (sz=144, trace=300736, nelems=0, elem type=byte[])
OBJ 500029c1 (sz=56, trace=300737, class=jdk.internal.org.objectweb.asm.Item@5000118d)
OBJ 500029c2 (sz=24, trace=300685, class=java.util.Arrays$ArrayList@5000115f)
OBJ 500029c3 (sz=24, trace=300686, class=java.util.Collections$UnmodifiableRandomAccessList@500000ca)
OBJ 500029c4 (sz=24, trace=300738, class=java.lang.StringBuilder@50000118)
ARR 500029c5 (sz=48, trace=300739, nelems=0, elem type=char[])
OBJ 500029c6 (sz=24, trace=300740, class=java.util.Collections$UnmodifiableCollection$1@50001162)
OBJ 500029c7 (sz=32, trace=300690, class=java.util.AbstractList$Itr@50001164)
ARR 500029c8 (sz=48, trace=300741, nelems=0, elem type=char[])
OBJ 500029c9 (sz=24, trace=300742, class=java.lang.String@50000165)
ARR 500029ca (sz=88, trace=300010, nelems=0, elem type=char[])
ARR 500029cb (sz=48, trace=300741, nelems=0, elem type=char[])
OBJ 500029cc (sz=24, trace=300742, class=java.lang.String@50000165)
ARR 500029cd (sz=160, trace=300010, nelems=0, elem type=char[])
ARR 500029ce (sz=48, trace=300741, nelems=0, elem type=char[])
OBJ 500029cf (sz=24, trace=300742, class=java.lang.String@50000165)
ARR 500029d0 (sz=48, trace=300741, nelems=0, elem type=char[])
OBJ 500029d1 (sz=24, trace=300742, class=java.lang.String@50000165)
ARR 500029d2 (sz=304, trace=300010, nelems=0, elem type=char[])
ARR 500029d3 (sz=48, trace=300741, nelems=0, elem type=char[])
OBJ 500029d4 (sz=24, trace=300742, class=java.lang.String@50000165)
ARR 500029d5 (sz=48, trace=300743, nelems=0, elem type=char[])
OBJ 500029d6 (sz=24, trace=300744, class=java.lang.String@50000165)
OBJ 500029d7 (sz=24, trace=300745, class=java.lang.String@50000165)
	value		500029d8
ARR 500029d8 (sz=220, trace=300746, nelems=110, elem type=char[])
OBJ 500029d9 (sz=224, trace=300748, class=jdk.internal.org.objectweb.asm.MethodWriter@500011ab)
OBJ 500029da (sz=24, trace=300749, class=jdk.internal.org.objectweb.asm.ByteVector@5000118a)
ARR 500029db (sz=80, trace=300750, nelems=0, elem type=byte[])
OBJ 500029dc (sz=56, trace=300751, class=jdk.internal.org.objectweb.asm.Item@5000118d)
ARR 500029dd (sz=272, trace=300752, nelems=0, elem type=byte[])
OBJ 500029de (sz=56, trace=300753, class=jdk.internal.org.objectweb.asm.Item@5000118d)
OBJ 500029df (sz=64, trace=300765, class=jdk.internal.org.objectweb.asm.Label@500011bc)
OBJ 500029e0 (sz=48, trace=300768, class=jdk.internal.org.objectweb.asm.Frame@500011be)
OBJ 500029e1 (sz=24, trace=300769, class=jdk.internal.org.objectweb.asm.ByteVector@5000118a)
ARR 500029e2 (sz=80, trace=300770, nelems=0, elem type=byte[])
OBJ 500029e3 (sz=56, trace=300771, class=jdk.internal.org.objectweb.asm.Item@5000118d)
OBJ 500029e4 (sz=56, trace=300773, class=jdk.internal.org.objectweb.asm.AnnotationWriter@500011c5)
OBJ 500029e5 (sz=24, trace=300774, class=jdk.internal.org.objectweb.asm.ByteVector@5000118a)
ARR 500029e6 (sz=80, trace=300775, nelems=0, elem type=byte[])
ARR 500029e7 (sz=528, trace=300779, nelems=0, elem type=byte[])
OBJ 500029e8 (sz=56, trace=300776, class=jdk.internal.org.objectweb.asm.Item@5000118d)
OBJ 500029e9 (sz=56, trace=300773, class=jdk.internal.org.objectweb.asm.AnnotationWriter@500011c5)
OBJ 500029ea (sz=24, trace=300777, class=jdk.internal.org.objectweb.asm.ByteVector@5000118a)
ARR 500029eb (sz=80, trace=300778, nelems=0, elem type=byte[])
OBJ 500029ec (sz=56, trace=300780, class=jdk.internal.org.objectweb.asm.Item@5000118d)
OBJ 500029ed (sz=56, trace=300773, class=jdk.internal.org.objectweb.asm.AnnotationWriter@500011c5)
OBJ 500029ee (sz=24, trace=300795, class=java.lang.String@50000165)
ARR 500029ef (sz=56, trace=300462, nelems=0, elem type=char[])
ARR 500029f0 (sz=88, trace=300796, nelems=0, elem type=char[])
OBJ 500029f1 (sz=24, trace=300797, class=java.lang.String@50000165)
ARR 500029f2 (sz=56, trace=300798, nelems=0, elem type=int[])
OBJ 500029f3 (sz=56, trace=300733, class=jdk.internal.org.objectweb.asm.Item@5000118d)
OBJ 500029f4 (sz=56, trace=300800, class=jdk.internal.org.objectweb.asm.Item@5000118d)
OBJ 500029f5 (sz=56, trace=300801, class=jdk.internal.org.objectweb.asm.Item@5000118d)
OBJ 500029f6 (sz=56, trace=300802, class=jdk.internal.org.objectweb.asm.Item@5000118d)
OBJ 500029f7 (sz=56, trace=300803, class=jdk.internal.org.objectweb.asm.Item@5000118d)
OBJ 500029f8 (sz=56, trace=300804, class=jdk.internal.org.objectweb.asm.Item@5000118d)
OBJ 500029f9 (sz=24, trace=300805, class=java.lang.String@50000165)
ARR 500029fa (sz=48, trace=300806, nelems=0, elem type=char[])
OBJ 500029fb (sz=56, trace=300807, class=jdk.internal.org.objectweb.asm.Item@5000118d)
ARR 500029fc (sz=80, trace=300808, nelems=0, elem type=jdk.internal.org.objectweb.asm.Item[]@5000118e)
ARR 500029fd (sz=56, trace=300809, nelems=0, elem type=int[])
OBJ 500029fe (sz=24, trace=300795, class=java.lang.String@50000165)
ARR 500029ff (sz=40, trace=300462, nelems=0, elem type=char[])
ARR 50002a00 (sz=72, trace=300811, nelems=0, elem type=char[])
OBJ 50002a01 (sz=24, trace=300812, class=java.lang.String@50000165)
OBJ 50002a02 (sz=56, trace=300813, class=jdk.internal.org.objectweb.asm.Item@5000118d)
OBJ 50002a03 (sz=56, trace=300814, class=jdk.internal.org.objectweb.asm.Item@5000118d)
OBJ 50002a04 (sz=56, trace=300815, class=jdk.internal.org.objectweb.asm.Item@5000118d)
OBJ 50002a05 (sz=24, trace=300685, class=java.util.Arrays$ArrayList@5000115f)
OBJ 50002a06 (sz=24, trace=300686, class=java.util.Collections$UnmodifiableRandomAccessList@500000ca)
OBJ 50002a07 (sz=24, trace=300738, class=java.lang.StringBuilder@50000118)
ARR 50002a08 (sz=48, trace=300739, nelems=0, elem type=char[])
OBJ 50002a09 (sz=24, trace=300740, class=java.util.Collections$UnmodifiableCollection$1@50001162)
OBJ 50002a0a (sz=32, trace=300690, class=java.util.AbstractList$Itr@50001164)
ARR 50002a0b (sz=48, trace=300741, nelems=0, elem type=char[])
OBJ 50002a0c (sz=24, trace=300742, class=java.lang.String@50000165)
ARR 50002a0d (sz=88, trace=300010, nelems=0, elem type=char[])
ARR 50002a0e (sz=48, trace=300741, nelems=0, elem type=char[])
OBJ 50002a0f (sz=24, trace=300742, class=java.lang.String@50000165)
ARR 50002a10 (sz=160, trace=300010, nelems=0, elem type=char[])
ARR 50002a11 (sz=48, trace=300741, nelems=0, elem type=char[])
OBJ 50002a12 (sz=24, trace=300742, class=java.lang.String@50000165)
ARR 50002a13 (sz=48, trace=300741, nelems=0, elem type=char[])
OBJ 50002a14 (sz=24, trace=300742, class=java.lang.String@50000165)
ARR 50002a15 (sz=304, trace=300010, nelems=0, elem type=char[])
ARR 50002a16 (sz=72, trace=300741, nelems=0, elem type=char[])
OBJ 50002a17 (sz=24, trace=300742, class=java.lang.String@50000165)
ARR 50002a18 (sz=48, trace=300743, nelems=0, elem type=char[])
OBJ 50002a19 (sz=24, trace=300744, class=java.lang.String@50000165)
OBJ 50002a1a (sz=24, trace=300745, class=java.lang.String@50000165)
	value		50002a1b
ARR 50002a1b (sz=242, trace=300746, nelems=121, elem type=char[])
OBJ 50002a1c (sz=56, trace=300733, class=jdk.internal.org.objectweb.asm.Item@5000118d)
OBJ 50002a1d (sz=56, trace=300800, class=jdk.internal.org.objectweb.asm.Item@5000118d)
ARR 50002a1e (sz=1040, trace=301099, nelems=0, elem type=byte[])
OBJ 50002a1f (sz=56, trace=300801, class=jdk.internal.org.objectweb.asm.Item@5000118d)
OBJ 50002a20 (sz=56, trace=300802, class=jdk.internal.org.objectweb.asm.Item@5000118d)
OBJ 50002a21 (sz=56, trace=300803, class=jdk.internal.org.objectweb.asm.Item@5000118d)
OBJ 50002a22 (sz=56, trace=300804, class=jdk.internal.org.objectweb.asm.Item@5000118d)
OBJ 50002a23 (sz=24, trace=300805, class=java.lang.String@50000165)
ARR 50002a24 (sz=48, trace=300806, nelems=0, elem type=char[])
OBJ 50002a25 (sz=64, trace=300817, class=jdk.internal.org.objectweb.asm.Label@500011bc)
OBJ 50002a26 (sz=48, trace=300818, class=jdk.internal.org.objectweb.asm.Frame@500011be)
ARR 50002a27 (sz=240, trace=300819, nelems=0, elem type=char[])
ARR 50002a28 (sz=40, trace=300820, nelems=0, elem type=jdk.internal.org.objectweb.asm.Type[]@50001222)
OBJ 50002a29 (sz=32, trace=300821, class=jdk.internal.org.objectweb.asm.Type@500011b2)
OBJ 50002a2a (sz=32, trace=300821, class=jdk.internal.org.objectweb.asm.Type@500011b2)
OBJ 50002a2b (sz=32, trace=300821, class=jdk.internal.org.objectweb.asm.Type@500011b2)
OBJ 50002a2c (sz=32, trace=300821, class=jdk.internal.org.objectweb.asm.Type@500011b2)
OBJ 50002a2d (sz=32, trace=300821, class=jdk.internal.org.objectweb.asm.Type@500011b2)
ARR 50002a2e (sz=40, trace=300822, nelems=0, elem type=int[])
ARR 50002a2f (sz=16, trace=300823, nelems=0, elem type=int[])
OBJ 50002a30 (sz=24, trace=300824, class=java.lang.StringBuffer@50000119)
ARR 50002a31 (sz=48, trace=300825, nelems=0, elem type=char[])
ARR 50002a32 (sz=88, trace=300826, nelems=0, elem type=char[])
ARR 50002a33 (sz=56, trace=300827, nelems=0, elem type=char[])
OBJ 50002a34 (sz=24, trace=300828, class=java.lang.String@50000165)
OBJ 50002a35 (sz=24, trace=300829, class=java.lang.String@50000165)
ARR 50002a36 (sz=48, trace=300806, nelems=0, elem type=char[])
OBJ 50002a37 (sz=24, trace=300824, class=java.lang.StringBuffer@50000119)
ARR 50002a38 (sz=48, trace=300825, nelems=0, elem type=char[])
ARR 50002a39 (sz=88, trace=300826, nelems=0, elem type=char[])
ARR 50002a3a (sz=56, trace=300827, nelems=0, elem type=char[])
OBJ 50002a3b (sz=24, trace=300828, class=java.lang.String@50000165)
OBJ 50002a3c (sz=24, trace=300829, class=java.lang.String@50000165)
ARR 50002a3d (sz=48, trace=300806, nelems=0, elem type=char[])
OBJ 50002a3e (sz=24, trace=300824, class=java.lang.StringBuffer@50000119)
ARR 50002a3f (sz=48, trace=300825, nelems=0, elem type=char[])
ARR 50002a40 (sz=88, trace=300826, nelems=0, elem type=char[])
ARR 50002a41 (sz=56, trace=300827, nelems=0, elem type=char[])
OBJ 50002a42 (sz=24, trace=300828, class=java.lang.String@50000165)
OBJ 50002a43 (sz=24, trace=300829, class=java.lang.String@50000165)
ARR 50002a44 (sz=48, trace=300806, nelems=0, elem type=char[])
OBJ 50002a45 (sz=24, trace=300824, class=java.lang.StringBuffer@50000119)
ARR 50002a46 (sz=48, trace=300825, nelems=0, elem type=char[])
ARR 50002a47 (sz=88, trace=300826, nelems=0, elem type=char[])
ARR 50002a48 (sz=56, trace=300827, nelems=0, elem type=char[])
OBJ 50002a49 (sz=24, trace=300828, class=java.lang.String@50000165)
OBJ 50002a4a (sz=24, trace=300829, class=java.lang.String@50000165)
ARR 50002a4b (sz=48, trace=300806, nelems=0, elem type=char[])
OBJ 50002a4c (sz=24, trace=300824, class=java.lang.StringBuffer@50000119)
ARR 50002a4d (sz=48, trace=300825, nelems=0, elem type=char[])
ARR 50002a4e (sz=88, trace=300826, nelems=0, elem type=char[])
ARR 50002a4f (sz=56, trace=300827, nelems=0, elem type=char[])
OBJ 50002a50 (sz=24, trace=300828, class=java.lang.String@50000165)
OBJ 50002a51 (sz=24, trace=300829, class=java.lang.String@50000165)
ARR 50002a52 (sz=48, trace=300806, nelems=0, elem type=char[])
ARR 50002a53 (sz=48, trace=300830, nelems=0, elem type=int[])
ARR 50002a54 (sz=24, trace=300831, nelems=0, elem type=java.lang.Object[]@500000ff)
OBJ 50002a55 (sz=56, trace=300832, class=jdk.internal.org.objectweb.asm.Item@5000118d)
OBJ 50002a56 (sz=56, trace=300833, class=jdk.internal.org.objectweb.asm.Item@5000118d)
OBJ 50002a57 (sz=56, trace=300834, class=jdk.internal.org.objectweb.asm.Item@5000118d)
OBJ 50002a58 (sz=24, trace=300835, class=jdk.internal.org.objectweb.asm.ByteVector@5000118a)
ARR 50002a59 (sz=816, trace=300836, nelems=0, elem type=byte[])
ARR 50002a5a (sz=128, trace=300837, nelems=0, elem type=java.lang.Object[]@500000ff)
OBJ 50002a5b (sz=16, trace=300839, class=java.util.HashMap$Values@5000123e)
OBJ 50002a5c (sz=40, trace=300841, class=java.util.HashMap$ValueIterator@50001241)
OBJ 50002a5e (sz=56, trace=300843, class=java.lang.invoke.MemberName@50000124)
OBJ 50002a5f (sz=40, trace=300844, class=java.lang.ref.SoftReference@50000149)
	referent	5000299a
	queue		50006b4d
OBJ 50002a60 (sz=32, trace=300845, class=java.lang.invoke.DirectMethodHandle@50000125)
	type		500010f6
	form		5000299a
	member		50006de5
OBJ 50002a61 (sz=40, trace=301012, class=java.lang.ref.SoftReference@50000149)
	referent	50002a60
	queue		50006b4d
ARR 50002a62 (sz=32, trace=301068, nelems=4, elem type=java.lang.Object[]@500000ff)
	[0]		50002965
	[1]		50000f66
	[2]		50000f67
	[3]		50000f68
OBJ 50002a63 (sz=32, trace=301069, class=java.lang.invoke.LambdaForm$Name@50000f62)
	type		50000f5a
	function	50002967
	arguments	50002a62
OBJ 50002a64 (sz=48, trace=301070, class=java.lang.invoke.LambdaForm@50000122)
	names		50006fa1
	debugName	50006e2d
	vmentry		50006fa0
OBJ 50002a65 (sz=40, trace=300844, class=java.lang.ref.SoftReference@50000149)
	referent	50002a64
	queue		50006b4d
OBJ 50002a66 (sz=40, trace=301098, class=java.lang.invoke.MethodHandleImpl$IntrinsicMethodHandle@500026a0)
	type		50002954
	form		50002a64
	target		5000295a
	intrinsicName	500011d3
OBJ 50002a67 (sz=24, trace=300696, class=java.lang.StringBuilder@50000118)
ARR 50002a68 (sz=32, trace=300697, nelems=0, elem type=char[])
OBJ 50002a69 (sz=24, trace=300698, class=java.lang.String@50000165)
ARR 50002a6a (sz=32, trace=300699, nelems=0, elem type=char[])
ARR 50002a6b (sz=32, trace=300938, nelems=0, elem type=java.lang.Class[]@500000fa)
OBJ 50002a6c (sz=40, trace=300701, class=java.lang.invoke.MethodType@50000121)
OBJ 50002a6d (sz=32, trace=300443, class=java.lang.invoke.MethodType$ConcurrentWeakInternSet$WeakEntry@50000b5f)
OBJ 50002a6e (sz=64, trace=300704, class=java.lang.invoke.InvokerBytecodeGenerator@50001172)
OBJ 50002a6f (sz=48, trace=300705, class=java.util.HashMap@500000bd)
OBJ 50002a70 (sz=24, trace=300706, class=java.lang.String@50000165)
ARR 50002a71 (sz=24, trace=300707, nelems=0, elem type=char[])
OBJ 50002a72 (sz=24, trace=300708, class=java.lang.String@50000165)
	value		50002a73
ARR 50002a73 (sz=16, trace=300709, nelems=8, elem type=char[])
OBJ 50002a74 (sz=24, trace=300710, class=java.lang.StringBuilder@50000118)
ARR 50002a75 (sz=48, trace=300711, nelems=0, elem type=char[])
ARR 50002a76 (sz=88, trace=300010, nelems=0, elem type=char[])
OBJ 50002a77 (sz=24, trace=300712, class=java.lang.String@50000165)
ARR 50002a78 (sz=80, trace=300713, nelems=0, elem type=char[])
OBJ 50002a79 (sz=24, trace=300714, class=java.lang.StringBuilder@50000118)
ARR 50002a7a (sz=48, trace=300715, nelems=0, elem type=char[])
OBJ 50002a7b (sz=24, trace=300716, class=java.lang.String@50000165)
ARR 50002a7c (sz=48, trace=300717, nelems=0, elem type=char[])
ARR 50002a7d (sz=48, trace=300718, nelems=0, elem type=int[])
ARR 50002a7e (sz=48, trace=300719, nelems=0, elem type=java.lang.invoke.LambdaForm$BasicType[]@50000f60)
ARR 50002a7f (sz=48, trace=300720, nelems=0, elem type=java.lang.Class[]@500000fa)
OBJ 50002a80 (sz=168, trace=300723, class=jdk.internal.org.objectweb.asm.ClassWriter@50001187)
OBJ 50002a81 (sz=24, trace=300725, class=jdk.internal.org.objectweb.asm.ByteVector@5000118a)
ARR 50002a82 (sz=80, trace=300726, nelems=0, elem type=byte[])
ARR 50002a83 (sz=1040, trace=300728, nelems=0, elem type=jdk.internal.org.objectweb.asm.Item[]@5000118e)
OBJ 50002a84 (sz=56, trace=300729, class=jdk.internal.org.objectweb.asm.Item@5000118d)
OBJ 50002a85 (sz=56, trace=300730, class=jdk.internal.org.objectweb.asm.Item@5000118d)
OBJ 50002a86 (sz=56, trace=300731, class=jdk.internal.org.objectweb.asm.Item@5000118d)
OBJ 50002a87 (sz=56, trace=300732, class=jdk.internal.org.objectweb.asm.Item@5000118d)
OBJ 50002a88 (sz=56, trace=300733, class=jdk.internal.org.objectweb.asm.Item@5000118d)
OBJ 50002a89 (sz=56, trace=300734, class=jdk.internal.org.objectweb.asm.Item@5000118d)
OBJ 50002a8a (sz=56, trace=300733, class=jdk.internal.org.objectweb.asm.Item@5000118d)
OBJ 50002a8b (sz=56, trace=300735, class=jdk.internal.org.objectweb.asm.Item@5000118d)
ARR 50002a8c (sz=144, trace=300736, nelems=0, elem type=byte[])
OBJ 50002a8d (sz=56, trace=300737, class=jdk.internal.org.objectweb.asm.Item@5000118d)
OBJ 50002a8e (sz=224, trace=300748, class=jdk.internal.org.objectweb.asm.MethodWriter@500011ab)
OBJ 50002a8f (sz=24, trace=300749, class=jdk.internal.org.objectweb.asm.ByteVector@5000118a)
ARR 50002a90 (sz=80, trace=300750, nelems=0, elem type=byte[])
OBJ 50002a91 (sz=56, trace=300751, class=jdk.internal.org.objectweb.asm.Item@5000118d)
ARR 50002a92 (sz=272, trace=300752, nelems=0, elem type=byte[])
OBJ 50002a93 (sz=56, trace=300753, class=jdk.internal.org.objectweb.asm.Item@5000118d)
OBJ 50002a94 (sz=64, trace=300765, class=jdk.internal.org.objectweb.asm.Label@500011bc)
OBJ 50002a95 (sz=48, trace=300768, class=jdk.internal.org.objectweb.asm.Frame@500011be)
OBJ 50002a96 (sz=24, trace=300769, class=jdk.internal.org.objectweb.asm.ByteVector@5000118a)
ARR 50002a97 (sz=80, trace=300770, nelems=0, elem type=byte[])
OBJ 50002a98 (sz=56, trace=300771, class=jdk.internal.org.objectweb.asm.Item@5000118d)
OBJ 50002a99 (sz=56, trace=300773, class=jdk.internal.org.objectweb.asm.AnnotationWriter@500011c5)
OBJ 50002a9a (sz=24, trace=300774, class=jdk.internal.org.objectweb.asm.ByteVector@5000118a)
ARR 50002a9b (sz=80, trace=300775, nelems=0, elem type=byte[])
ARR 50002a9c (sz=528, trace=300779, nelems=0, elem type=byte[])
OBJ 50002a9d (sz=56, trace=300776, class=jdk.internal.org.objectweb.asm.Item@5000118d)
OBJ 50002a9e (sz=56, trace=300773, class=jdk.internal.org.objectweb.asm.AnnotationWriter@500011c5)
OBJ 50002a9f (sz=24, trace=300777, class=jdk.internal.org.objectweb.asm.ByteVector@5000118a)
ARR 50002aa0 (sz=80, trace=300778, nelems=0, elem type=byte[])
OBJ 50002aa1 (sz=56, trace=300780, class=jdk.internal.org.objectweb.asm.Item@5000118d)
OBJ 50002aa2 (sz=56, trace=300773, class=jdk.internal.org.objectweb.asm.AnnotationWriter@500011c5)
OBJ 50002aa3 (sz=24, trace=300795, class=java.lang.String@50000165)
ARR 50002aa4 (sz=64, trace=300462, nelems=0, elem type=char[])
ARR 50002aa5 (sz=96, trace=300796, nelems=0, elem type=char[])
OBJ 50002aa6 (sz=24, trace=300797, class=java.lang.String@50000165)
ARR 50002aa7 (sz=24, trace=300920, nelems=0, elem type=java.lang.Class[]@500000fa)
OBJ 50002aa8 (sz=40, trace=300860, class=java.lang.invoke.MethodType@50000121)
OBJ 50002aa9 (sz=32, trace=300443, class=java.lang.invoke.MethodType$ConcurrentWeakInternSet$WeakEntry@50000b5f)
ARR 50002aaa (sz=56, trace=300798, nelems=0, elem type=int[])
ARR 50002aab (sz=96, trace=300811, nelems=0, elem type=char[])
OBJ 50002aac (sz=24, trace=300812, class=java.lang.String@50000165)
OBJ 50002aad (sz=56, trace=300813, class=jdk.internal.org.objectweb.asm.Item@5000118d)
OBJ 50002aae (sz=56, trace=300814, class=jdk.internal.org.objectweb.asm.Item@5000118d)
OBJ 50002aaf (sz=56, trace=300815, class=jdk.internal.org.objectweb.asm.Item@5000118d)
ARR 50002ab0 (sz=80, trace=301072, nelems=0, elem type=jdk.internal.org.objectweb.asm.Item[]@5000118e)
OBJ 50002ab1 (sz=56, trace=300801, class=jdk.internal.org.objectweb.asm.Item@5000118d)
OBJ 50002ab2 (sz=56, trace=300802, class=jdk.internal.org.objectweb.asm.Item@5000118d)
OBJ 50002ab3 (sz=56, trace=300803, class=jdk.internal.org.objectweb.asm.Item@5000118d)
OBJ 50002ab4 (sz=56, trace=300804, class=jdk.internal.org.objectweb.asm.Item@5000118d)
OBJ 50002ab5 (sz=24, trace=300805, class=java.lang.String@50000165)
ARR 50002ab6 (sz=80, trace=300806, nelems=0, elem type=char[])
OBJ 50002ab7 (sz=56, trace=300807, class=jdk.internal.org.objectweb.asm.Item@5000118d)
ARR 50002ab8 (sz=24, trace=300931, nelems=0, elem type=java.lang.Class[]@500000fa)
OBJ 50002ab9 (sz=40, trace=300860, class=java.lang.invoke.MethodType@50000121)
OBJ 50002aba (sz=32, trace=300443, class=java.lang.invoke.MethodType$ConcurrentWeakInternSet$WeakEntry@50000b5f)
ARR 50002abb (sz=56, trace=300809, nelems=0, elem type=int[])
OBJ 50002abc (sz=24, trace=300795, class=java.lang.String@50000165)
ARR 50002abd (sz=40, trace=300462, nelems=0, elem type=char[])
OBJ 50002abe (sz=56, trace=300733, class=jdk.internal.org.objectweb.asm.Item@5000118d)
OBJ 50002abf (sz=56, trace=300800, class=jdk.internal.org.objectweb.asm.Item@5000118d)
OBJ 50002ac0 (sz=56, trace=300801, class=jdk.internal.org.objectweb.asm.Item@5000118d)
ARR 50002ac1 (sz=1040, trace=300816, nelems=0, elem type=byte[])
OBJ 50002ac2 (sz=56, trace=300802, class=jdk.internal.org.objectweb.asm.Item@5000118d)
OBJ 50002ac3 (sz=56, trace=300803, class=jdk.internal.org.objectweb.asm.Item@5000118d)
OBJ 50002ac4 (sz=56, trace=300804, class=jdk.internal.org.objectweb.asm.Item@5000118d)
OBJ 50002ac5 (sz=24, trace=300805, class=java.lang.String@50000165)
ARR 50002ac6 (sz=48, trace=300806, nelems=0, elem type=char[])
OBJ 50002ac7 (sz=56, trace=300807, class=jdk.internal.org.objectweb.asm.Item@5000118d)
ARR 50002ac8 (sz=24, trace=300931, nelems=0, elem type=java.lang.Class[]@500000fa)
OBJ 50002ac9 (sz=40, trace=300860, class=java.lang.invoke.MethodType@50000121)
OBJ 50002aca (sz=32, trace=300443, class=java.lang.invoke.MethodType$ConcurrentWeakInternSet$WeakEntry@50000b5f)
OBJ 50002acb (sz=64, trace=300817, class=jdk.internal.org.objectweb.asm.Label@500011bc)
OBJ 50002acc (sz=48, trace=300818, class=jdk.internal.org.objectweb.asm.Frame@500011be)
ARR 50002acd (sz=200, trace=300819, nelems=0, elem type=char[])
ARR 50002ace (sz=32, trace=300820, nelems=0, elem type=jdk.internal.org.objectweb.asm.Type[]@50001222)
OBJ 50002acf (sz=32, trace=300821, class=jdk.internal.org.objectweb.asm.Type@500011b2)
OBJ 50002ad0 (sz=32, trace=300821, class=jdk.internal.org.objectweb.asm.Type@500011b2)
OBJ 50002ad1 (sz=32, trace=300821, class=jdk.internal.org.objectweb.asm.Type@500011b2)
OBJ 50002ad2 (sz=32, trace=300821, class=jdk.internal.org.objectweb.asm.Type@500011b2)
ARR 50002ad3 (sz=40, trace=300822, nelems=0, elem type=int[])
ARR 50002ad4 (sz=16, trace=300823, nelems=0, elem type=int[])
OBJ 50002ad5 (sz=24, trace=300824, class=java.lang.StringBuffer@50000119)
ARR 50002ad6 (sz=48, trace=300825, nelems=0, elem type=char[])
ARR 50002ad7 (sz=88, trace=300826, nelems=0, elem type=char[])
ARR 50002ad8 (sz=56, trace=300827, nelems=0, elem type=char[])
OBJ 50002ad9 (sz=24, trace=300828, class=java.lang.String@50000165)
OBJ 50002ada (sz=24, trace=300829, class=java.lang.String@50000165)
ARR 50002adb (sz=48, trace=300806, nelems=0, elem type=char[])
OBJ 50002adc (sz=24, trace=300824, class=java.lang.StringBuffer@50000119)
ARR 50002add (sz=48, trace=300825, nelems=0, elem type=char[])
ARR 50002ade (sz=88, trace=300826, nelems=0, elem type=char[])
ARR 50002adf (sz=56, trace=300827, nelems=0, elem type=char[])
OBJ 50002ae0 (sz=24, trace=300828, class=java.lang.String@50000165)
OBJ 50002ae1 (sz=24, trace=300829, class=java.lang.String@50000165)
ARR 50002ae2 (sz=48, trace=300806, nelems=0, elem type=char[])
OBJ 50002ae3 (sz=24, trace=300824, class=java.lang.StringBuffer@50000119)
ARR 50002ae4 (sz=48, trace=300825, nelems=0, elem type=char[])
ARR 50002ae5 (sz=88, trace=300826, nelems=0, elem type=char[])
ARR 50002ae6 (sz=56, trace=300827, nelems=0, elem type=char[])
OBJ 50002ae7 (sz=24, trace=300828, class=java.lang.String@50000165)
OBJ 50002ae8 (sz=24, trace=300829, class=java.lang.String@50000165)
ARR 50002ae9 (sz=48, trace=300806, nelems=0, elem type=char[])
OBJ 50002aea (sz=24, trace=300824, class=java.lang.StringBuffer@50000119)
ARR 50002aeb (sz=48, trace=300825, nelems=0, elem type=char[])
ARR 50002aec (sz=88, trace=300826, nelems=0, elem type=char[])
ARR 50002aed (sz=56, trace=300827, nelems=0, elem type=char[])
OBJ 50002aee (sz=24, trace=300828, class=java.lang.String@50000165)
OBJ 50002aef (sz=24, trace=300829, class=java.lang.String@50000165)
ARR 50002af0 (sz=48, trace=300806, nelems=0, elem type=char[])
ARR 50002af1 (sz=48, trace=300830, nelems=0, elem type=int[])
ARR 50002af2 (sz=24, trace=300940, nelems=0, elem type=java.lang.Object[]@500000ff)
OBJ 50002af3 (sz=56, trace=300832, class=jdk.internal.org.objectweb.asm.Item@5000118d)
OBJ 50002af4 (sz=56, trace=300833, class=jdk.internal.org.objectweb.asm.Item@5000118d)
OBJ 50002af5 (sz=56, trace=300834, class=jdk.internal.org.objectweb.asm.Item@5000118d)
OBJ 50002af6 (sz=24, trace=300835, class=jdk.internal.org.objectweb.asm.ByteVector@5000118a)
ARR 50002af7 (sz=696, trace=300836, nelems=0, elem type=byte[])
ARR 50002af8 (sz=120, trace=300837, nelems=0, elem type=java.lang.Object[]@500000ff)
OBJ 50002af9 (sz=16, trace=300839, class=java.util.HashMap$Values@5000123e)
OBJ 50002afa (sz=40, trace=300841, class=java.util.HashMap$ValueIterator@50001241)
OBJ 50002afc (sz=56, trace=300843, class=java.lang.invoke.MemberName@50000124)
ARR 50002afd (sz=16, trace=301092, nelems=0, elem type=java.lang.Class[]@500000fa)
OBJ 50002afe (sz=40, trace=301093, class=java.lang.invoke.MethodType@50000121)
OBJ 50002aff (sz=32, trace=300443, class=java.lang.invoke.MethodType$ConcurrentWeakInternSet$WeakEntry@50000b5f)
OBJ 50002b00 (sz=40, trace=301094, class=java.lang.invoke.MethodType@50000121)
	rtype		500000ff
	ptypes		50006de7
	form		500010e9
OBJ 50002b01 (sz=40, trace=300445, class=java.lang.invoke.MethodType@50000121)
OBJ 50002b02 (sz=32, trace=300443, class=java.lang.invoke.MethodType$ConcurrentWeakInternSet$WeakEntry@50000b5f)
OBJ 50002b03 (sz=32, trace=300452, class=java.lang.invoke.MethodType$ConcurrentWeakInternSet$WeakEntry@50000b5f)
	referent	50002b00
	queue		50000b52
OBJ 50002b04 (sz=32, trace=300521, class=java.util.concurrent.ConcurrentHashMap$Node@50000021)
	key		50002b03
	val		50002b03
	next		50004e11
OBJ 50002b05 (sz=56, trace=301095, class=java.lang.invoke.MemberName@50000124)
ARR 50002b06 (sz=24, trace=300512, nelems=0, elem type=java.lang.Class[]@500000fa)
OBJ 50002b07 (sz=40, trace=300514, class=java.lang.invoke.MethodType@50000121)
OBJ 50002b08 (sz=32, trace=300443, class=java.lang.invoke.MethodType$ConcurrentWeakInternSet$WeakEntry@50000b5f)
OBJ 50002b09 (sz=56, trace=300516, class=java.lang.invoke.MemberName@50000124)
ARR 50002b0a (sz=24, trace=300518, nelems=0, elem type=java.lang.Class[]@500000fa)
OBJ 50002b0b (sz=40, trace=300519, class=java.lang.invoke.MethodType@50000121)
OBJ 50002b0c (sz=32, trace=300443, class=java.lang.invoke.MethodType$ConcurrentWeakInternSet$WeakEntry@50000b5f)
ARR 50002b0d (sz=48, trace=300623, nelems=0, elem type=java.lang.invoke.LambdaForm$Name[]@50000fce)
ARR 50002b0e (sz=24, trace=300674, nelems=0, elem type=java.lang.Object[]@500000ff)
ARR 50002b0f (sz=24, trace=300675, nelems=1, elem type=java.lang.Object[]@500000ff)
	[0]		50000f65
OBJ 50002b10 (sz=32, trace=300676, class=java.lang.invoke.LambdaForm$Name@50000f62)
	type		50000f5a
	function	50001105
	arguments	50002b0f
ARR 50002b11 (sz=40, trace=300677, nelems=0, elem type=java.lang.Object[]@500000ff)
OBJ 50002b12 (sz=24, trace=300678, class=java.lang.invoke.LambdaForm$NamedFunction@50000f99)
	member		50006e96
ARR 50002b13 (sz=40, trace=300679, nelems=5, elem type=java.lang.Object[]@500000ff)
	[0]		50000f66
	[1]		50000f67
	[2]		50000f68
	[3]		50000f69
	[4]		50002b10
OBJ 50002b14 (sz=32, trace=300680, class=java.lang.invoke.LambdaForm$Name@50000f62)
	type		50000f5a
	function	50002b12
	arguments	50002b13
OBJ 50002b15 (sz=24, trace=300681, class=java.lang.StringBuilder@50000118)
ARR 50002b16 (sz=48, trace=300682, nelems=0, elem type=char[])
ARR 50002b17 (sz=88, trace=300010, nelems=0, elem type=char[])
ARR 50002b18 (sz=32, trace=300683, nelems=0, elem type=char[])
OBJ 50002b19 (sz=24, trace=300685, class=java.util.Arrays$ArrayList@5000115f)
OBJ 50002b1a (sz=24, trace=300686, class=java.util.Collections$UnmodifiableRandomAccessList@500000ca)
OBJ 50002b1b (sz=24, trace=300688, class=java.util.Collections$UnmodifiableCollection$1@50001162)
OBJ 50002b1c (sz=32, trace=300690, class=java.util.AbstractList$Itr@50001164)
OBJ 50002b1d (sz=24, trace=300691, class=java.lang.String@50000165)
ARR 50002b1e (sz=32, trace=300692, nelems=0, elem type=char[])
OBJ 50002b1f (sz=24, trace=300861, class=java.lang.StringBuilder@50000118)
ARR 50002b20 (sz=48, trace=300862, nelems=0, elem type=char[])
OBJ 50002b21 (sz=24, trace=300863, class=java.lang.String@50000165)
ARR 50002b22 (sz=24, trace=300864, nelems=0, elem type=char[])
OBJ 50002b23 (sz=24, trace=300693, class=java.lang.String@50000165)
	value		50002b24
ARR 50002b24 (sz=42, trace=300694, nelems=21, elem type=char[])
OBJ 50002b25 (sz=48, trace=300695, class=java.lang.invoke.LambdaForm@50000122)
	names		50006e95
	debugName	50002b23
	vmentry		50006e94
OBJ 50002b26 (sz=24, trace=300696, class=java.lang.StringBuilder@50000118)
ARR 50002b27 (sz=32, trace=300697, nelems=0, elem type=char[])
OBJ 50002b28 (sz=24, trace=300698, class=java.lang.String@50000165)
ARR 50002b29 (sz=32, trace=300699, nelems=0, elem type=char[])
ARR 50002b2a (sz=40, trace=300700, nelems=0, elem type=java.lang.Class[]@500000fa)
OBJ 50002b2b (sz=40, trace=300701, class=java.lang.invoke.MethodType@50000121)
OBJ 50002b2c (sz=32, trace=300443, class=java.lang.invoke.MethodType$ConcurrentWeakInternSet$WeakEntry@50000b5f)
OBJ 50002b2d (sz=64, trace=300704, class=java.lang.invoke.InvokerBytecodeGenerator@50001172)
OBJ 50002b2e (sz=48, trace=300705, class=java.util.HashMap@500000bd)
OBJ 50002b2f (sz=24, trace=300706, class=java.lang.String@50000165)
ARR 50002b30 (sz=24, trace=300707, nelems=0, elem type=char[])
OBJ 50002b31 (sz=24, trace=300708, class=java.lang.String@50000165)
	value		50002b32
ARR 50002b32 (sz=34, trace=300709, nelems=17, elem type=char[])
OBJ 50002b33 (sz=24, trace=300710, class=java.lang.StringBuilder@50000118)
ARR 50002b34 (sz=48, trace=300711, nelems=0, elem type=char[])
ARR 50002b35 (sz=88, trace=300010, nelems=0, elem type=char[])
OBJ 50002b36 (sz=24, trace=300712, class=java.lang.String@50000165)
ARR 50002b37 (sz=80, trace=300713, nelems=0, elem type=char[])
OBJ 50002b38 (sz=24, trace=300714, class=java.lang.StringBuilder@50000118)
ARR 50002b39 (sz=48, trace=300715, nelems=0, elem type=char[])
OBJ 50002b3a (sz=24, trace=300716, class=java.lang.String@50000165)
ARR 50002b3b (sz=48, trace=300717, nelems=0, elem type=char[])
ARR 50002b3c (sz=48, trace=300718, nelems=0, elem type=int[])
ARR 50002b3d (sz=48, trace=300719, nelems=0, elem type=java.lang.invoke.LambdaForm$BasicType[]@50000f60)
ARR 50002b3e (sz=48, trace=300720, nelems=0, elem type=java.lang.Class[]@500000fa)
OBJ 50002b3f (sz=168, trace=300723, class=jdk.internal.org.objectweb.asm.ClassWriter@50001187)
OBJ 50002b40 (sz=24, trace=300725, class=jdk.internal.org.objectweb.asm.ByteVector@5000118a)
ARR 50002b41 (sz=80, trace=300726, nelems=0, elem type=byte[])
ARR 50002b42 (sz=1040, trace=300728, nelems=0, elem type=jdk.internal.org.objectweb.asm.Item[]@5000118e)
OBJ 50002b43 (sz=56, trace=300729, class=jdk.internal.org.objectweb.asm.Item@5000118d)
OBJ 50002b44 (sz=56, trace=300730, class=jdk.internal.org.objectweb.asm.Item@5000118d)
OBJ 50002b45 (sz=56, trace=300731, class=jdk.internal.org.objectweb.asm.Item@5000118d)
OBJ 50002b46 (sz=56, trace=300732, class=jdk.internal.org.objectweb.asm.Item@5000118d)
OBJ 50002b47 (sz=56, trace=300733, class=jdk.internal.org.objectweb.asm.Item@5000118d)
OBJ 50002b48 (sz=56, trace=300734, class=jdk.internal.org.objectweb.asm.Item@5000118d)
OBJ 50002b49 (sz=56, trace=300733, class=jdk.internal.org.objectweb.asm.Item@5000118d)
OBJ 50002b4a (sz=56, trace=300735, class=jdk.internal.org.objectweb.asm.Item@5000118d)
ARR 50002b4b (sz=144, trace=300736, nelems=0, elem type=byte[])
OBJ 50002b4c (sz=56, trace=300737, class=jdk.internal.org.objectweb.asm.Item@5000118d)
OBJ 50002b4d (sz=224, trace=300748, class=jdk.internal.org.objectweb.asm.MethodWriter@500011ab)
OBJ 50002b4e (sz=24, trace=300749, class=jdk.internal.org.objectweb.asm.ByteVector@5000118a)
ARR 50002b4f (sz=80, trace=300750, nelems=0, elem type=byte[])
OBJ 50002b50 (sz=56, trace=300751, class=jdk.internal.org.objectweb.asm.Item@5000118d)
ARR 50002b51 (sz=272, trace=300752, nelems=0, elem type=byte[])
OBJ 50002b52 (sz=56, trace=300753, class=jdk.internal.org.objectweb.asm.Item@5000118d)
OBJ 50002b53 (sz=64, trace=300765, class=jdk.internal.org.objectweb.asm.Label@500011bc)
OBJ 50002b54 (sz=48, trace=300768, class=jdk.internal.org.objectweb.asm.Frame@500011be)
OBJ 50002b55 (sz=24, trace=300769, class=jdk.internal.org.objectweb.asm.ByteVector@5000118a)
ARR 50002b56 (sz=80, trace=300770, nelems=0, elem type=byte[])
OBJ 50002b57 (sz=56, trace=300771, class=jdk.internal.org.objectweb.asm.Item@5000118d)
OBJ 50002b58 (sz=56, trace=300773, class=jdk.internal.org.objectweb.asm.AnnotationWriter@500011c5)
OBJ 50002b59 (sz=24, trace=300774, class=jdk.internal.org.objectweb.asm.ByteVector@5000118a)
ARR 50002b5a (sz=80, trace=300775, nelems=0, elem type=byte[])
ARR 50002b5b (sz=528, trace=300779, nelems=0, elem type=byte[])
OBJ 50002b5c (sz=56, trace=300776, class=jdk.internal.org.objectweb.asm.Item@5000118d)
OBJ 50002b5d (sz=56, trace=300773, class=jdk.internal.org.objectweb.asm.AnnotationWriter@500011c5)
OBJ 50002b5e (sz=24, trace=300777, class=jdk.internal.org.objectweb.asm.ByteVector@5000118a)
ARR 50002b5f (sz=80, trace=300778, nelems=0, elem type=byte[])
OBJ 50002b60 (sz=56, trace=300780, class=jdk.internal.org.objectweb.asm.Item@5000118d)
OBJ 50002b61 (sz=56, trace=300773, class=jdk.internal.org.objectweb.asm.AnnotationWriter@500011c5)
OBJ 50002b62 (sz=24, trace=300795, class=java.lang.String@50000165)
ARR 50002b63 (sz=56, trace=300462, nelems=0, elem type=char[])
ARR 50002b64 (sz=88, trace=300796, nelems=0, elem type=char[])
OBJ 50002b65 (sz=24, trace=300797, class=java.lang.String@50000165)
ARR 50002b66 (sz=56, trace=300798, nelems=0, elem type=int[])
OBJ 50002b67 (sz=56, trace=300733, class=jdk.internal.org.objectweb.asm.Item@5000118d)
OBJ 50002b68 (sz=56, trace=300800, class=jdk.internal.org.objectweb.asm.Item@5000118d)
OBJ 50002b69 (sz=56, trace=300801, class=jdk.internal.org.objectweb.asm.Item@5000118d)
OBJ 50002b6a (sz=56, trace=300802, class=jdk.internal.org.objectweb.asm.Item@5000118d)
OBJ 50002b6b (sz=56, trace=300803, class=jdk.internal.org.objectweb.asm.Item@5000118d)
OBJ 50002b6c (sz=56, trace=300804, class=jdk.internal.org.objectweb.asm.Item@5000118d)
OBJ 50002b6d (sz=24, trace=300805, class=java.lang.String@50000165)
ARR 50002b6e (sz=48, trace=300806, nelems=0, elem type=char[])
OBJ 50002b6f (sz=56, trace=300807, class=jdk.internal.org.objectweb.asm.Item@5000118d)
ARR 50002b70 (sz=80, trace=300808, nelems=0, elem type=jdk.internal.org.objectweb.asm.Item[]@5000118e)
ARR 50002b71 (sz=56, trace=300809, nelems=0, elem type=int[])
OBJ 50002b72 (sz=24, trace=300795, class=java.lang.String@50000165)
ARR 50002b73 (sz=40, trace=300462, nelems=0, elem type=char[])
ARR 50002b74 (sz=72, trace=300811, nelems=0, elem type=char[])
OBJ 50002b75 (sz=24, trace=300812, class=java.lang.String@50000165)
OBJ 50002b76 (sz=56, trace=300813, class=jdk.internal.org.objectweb.asm.Item@5000118d)
OBJ 50002b77 (sz=56, trace=300814, class=jdk.internal.org.objectweb.asm.Item@5000118d)
OBJ 50002b78 (sz=56, trace=300815, class=jdk.internal.org.objectweb.asm.Item@5000118d)
OBJ 50002b79 (sz=56, trace=300733, class=jdk.internal.org.objectweb.asm.Item@5000118d)
OBJ 50002b7a (sz=56, trace=300800, class=jdk.internal.org.objectweb.asm.Item@5000118d)
ARR 50002b7b (sz=1040, trace=301099, nelems=0, elem type=byte[])
OBJ 50002b7c (sz=56, trace=300801, class=jdk.internal.org.objectweb.asm.Item@5000118d)
OBJ 50002b7d (sz=56, trace=300802, class=jdk.internal.org.objectweb.asm.Item@5000118d)
OBJ 50002b7e (sz=56, trace=300803, class=jdk.internal.org.objectweb.asm.Item@5000118d)
OBJ 50002b7f (sz=56, trace=300804, class=jdk.internal.org.objectweb.asm.Item@5000118d)
OBJ 50002b80 (sz=24, trace=300805, class=java.lang.String@50000165)
ARR 50002b81 (sz=48, trace=300806, nelems=0, elem type=char[])
OBJ 50002b82 (sz=64, trace=300817, class=jdk.internal.org.objectweb.asm.Label@500011bc)
OBJ 50002b83 (sz=48, trace=300818, class=jdk.internal.org.objectweb.asm.Frame@500011be)
ARR 50002b84 (sz=240, trace=300819, nelems=0, elem type=char[])
ARR 50002b85 (sz=40, trace=300820, nelems=0, elem type=jdk.internal.org.objectweb.asm.Type[]@50001222)
OBJ 50002b86 (sz=32, trace=300821, class=jdk.internal.org.objectweb.asm.Type@500011b2)
OBJ 50002b87 (sz=32, trace=300821, class=jdk.internal.org.objectweb.asm.Type@500011b2)
OBJ 50002b88 (sz=32, trace=300821, class=jdk.internal.org.objectweb.asm.Type@500011b2)
OBJ 50002b89 (sz=32, trace=300821, class=jdk.internal.org.objectweb.asm.Type@500011b2)
OBJ 50002b8a (sz=32, trace=300821, class=jdk.internal.org.objectweb.asm.Type@500011b2)
ARR 50002b8b (sz=40, trace=300822, nelems=0, elem type=int[])
ARR 50002b8c (sz=16, trace=300823, nelems=0, elem type=int[])
OBJ 50002b8d (sz=24, trace=300824, class=java.lang.StringBuffer@50000119)
ARR 50002b8e (sz=48, trace=300825, nelems=0, elem type=char[])
ARR 50002b8f (sz=88, trace=300826, nelems=0, elem type=char[])
ARR 50002b90 (sz=56, trace=300827, nelems=0, elem type=char[])
OBJ 50002b91 (sz=24, trace=300828, class=java.lang.String@50000165)
OBJ 50002b92 (sz=24, trace=300829, class=java.lang.String@50000165)
ARR 50002b93 (sz=48, trace=300806, nelems=0, elem type=char[])
OBJ 50002b94 (sz=24, trace=300824, class=java.lang.StringBuffer@50000119)
ARR 50002b95 (sz=48, trace=300825, nelems=0, elem type=char[])
ARR 50002b96 (sz=88, trace=300826, nelems=0, elem type=char[])
ARR 50002b97 (sz=56, trace=300827, nelems=0, elem type=char[])
OBJ 50002b98 (sz=24, trace=300828, class=java.lang.String@50000165)
OBJ 50002b99 (sz=24, trace=300829, class=java.lang.String@50000165)
ARR 50002b9a (sz=48, trace=300806, nelems=0, elem type=char[])
OBJ 50002b9b (sz=24, trace=300824, class=java.lang.StringBuffer@50000119)
ARR 50002b9c (sz=48, trace=300825, nelems=0, elem type=char[])
ARR 50002b9d (sz=88, trace=300826, nelems=0, elem type=char[])
ARR 50002b9e (sz=56, trace=300827, nelems=0, elem type=char[])
OBJ 50002b9f (sz=24, trace=300828, class=java.lang.String@50000165)
OBJ 50002ba0 (sz=24, trace=300829, class=java.lang.String@50000165)
ARR 50002ba1 (sz=48, trace=300806, nelems=0, elem type=char[])
OBJ 50002ba2 (sz=24, trace=300824, class=java.lang.StringBuffer@50000119)
ARR 50002ba3 (sz=48, trace=300825, nelems=0, elem type=char[])
ARR 50002ba4 (sz=88, trace=300826, nelems=0, elem type=char[])
ARR 50002ba5 (sz=56, trace=300827, nelems=0, elem type=char[])
OBJ 50002ba6 (sz=24, trace=300828, class=java.lang.String@50000165)
OBJ 50002ba7 (sz=24, trace=300829, class=java.lang.String@50000165)
ARR 50002ba8 (sz=48, trace=300806, nelems=0, elem type=char[])
OBJ 50002ba9 (sz=24, trace=300824, class=java.lang.StringBuffer@50000119)
ARR 50002baa (sz=48, trace=300825, nelems=0, elem type=char[])
ARR 50002bab (sz=88, trace=300826, nelems=0, elem type=char[])
ARR 50002bac (sz=56, trace=300827, nelems=0, elem type=char[])
OBJ 50002bad (sz=24, trace=300828, class=java.lang.String@50000165)
OBJ 50002bae (sz=24, trace=300829, class=java.lang.String@50000165)
ARR 50002baf (sz=48, trace=300806, nelems=0, elem type=char[])
ARR 50002bb0 (sz=48, trace=300830, nelems=0, elem type=int[])
ARR 50002bb1 (sz=24, trace=300831, nelems=0, elem type=java.lang.Object[]@500000ff)
OBJ 50002bb2 (sz=56, trace=300832, class=jdk.internal.org.objectweb.asm.Item@5000118d)
OBJ 50002bb3 (sz=56, trace=300833, class=jdk.internal.org.objectweb.asm.Item@5000118d)
OBJ 50002bb4 (sz=56, trace=300834, class=jdk.internal.org.objectweb.asm.Item@5000118d)
OBJ 50002bb5 (sz=24, trace=300835, class=jdk.internal.org.objectweb.asm.ByteVector@5000118a)
ARR 50002bb6 (sz=816, trace=300836, nelems=0, elem type=byte[])
ARR 50002bb7 (sz=128, trace=300837, nelems=0, elem type=java.lang.Object[]@500000ff)
OBJ 50002bb8 (sz=16, trace=300839, class=java.util.HashMap$Values@5000123e)
OBJ 50002bb9 (sz=40, trace=300841, class=java.util.HashMap$ValueIterator@50001241)
OBJ 50002bbb (sz=56, trace=300843, class=java.lang.invoke.MemberName@50000124)
OBJ 50002bbc (sz=40, trace=300844, class=java.lang.ref.SoftReference@50000149)
	referent	50002b25
	queue		50006b4d
OBJ 50002bbd (sz=32, trace=300865, class=java.lang.invoke.DirectMethodHandle@50000125)
	type		50002b00
	form		50002b25
	member		50006ffa
ARR 50002bbe (sz=24, trace=301038, nelems=0, elem type=java.lang.Class[]@500000fa)
OBJ 50002bbf (sz=40, trace=300519, class=java.lang.invoke.MethodType@50000121)
OBJ 50002bc0 (sz=32, trace=300443, class=java.lang.invoke.MethodType$ConcurrentWeakInternSet$WeakEntry@50000b5f)
ARR 50002bc1 (sz=48, trace=301039, nelems=0, elem type=java.lang.invoke.LambdaForm$Name[]@50000fce)
OBJ 50002bc2 (sz=32, trace=301040, class=java.lang.invoke.LambdaForm$Name@50000f62)
	type		50000f5a
	constraint	50002302
ARR 50002bc3 (sz=24, trace=301041, nelems=0, elem type=java.lang.Object[]@500000ff)
ARR 50002bc4 (sz=24, trace=300907, nelems=0, elem type=java.lang.Class[]@500000fa)
OBJ 50002bc5 (sz=40, trace=300860, class=java.lang.invoke.MethodType@50000121)
OBJ 50002bc6 (sz=32, trace=300443, class=java.lang.invoke.MethodType$ConcurrentWeakInternSet$WeakEntry@50000b5f)
ARR 50002bc7 (sz=24, trace=301042, nelems=1, elem type=java.lang.Object[]@500000ff)
	[0]		50002bc2
OBJ 50002bc8 (sz=32, trace=301043, class=java.lang.invoke.LambdaForm$Name@50000f62)
	type		50000f5a
	function	5000230a
	arguments	50002bc7
ARR 50002bc9 (sz=40, trace=301044, nelems=0, elem type=java.lang.Object[]@500000ff)
OBJ 50002bca (sz=24, trace=301045, class=java.lang.invoke.LambdaForm$NamedFunction@50000f99)
	member		50006de8
	resolvedHandle	50002cdc
OBJ 50002bcb (sz=24, trace=301064, class=java.lang.invoke.Invokers@50000b5b)
	targetType	500010e8
	invokers	50002bcc
ARR 50002bcc (sz=32, trace=301065, nelems=3, elem type=java.lang.invoke.MethodHandle[]@5000018c)
	[2]		50002cdc
OBJ 50002bcd (sz=56, trace=301066, class=java.lang.invoke.MemberName@50000124)
ARR 50002bce (sz=24, trace=301067, nelems=0, elem type=java.lang.Class[]@500000fa)
OBJ 50002bcf (sz=40, trace=300857, class=java.lang.invoke.MethodType@50000121)
OBJ 50002bd0 (sz=32, trace=300443, class=java.lang.invoke.MethodType$ConcurrentWeakInternSet$WeakEntry@50000b5f)
ARR 50002bd1 (sz=24, trace=300859, nelems=0, elem type=java.lang.Class[]@500000fa)
OBJ 50002bd2 (sz=40, trace=300860, class=java.lang.invoke.MethodType@50000121)
OBJ 50002bd3 (sz=32, trace=300443, class=java.lang.invoke.MethodType$ConcurrentWeakInternSet$WeakEntry@50000b5f)
ARR 50002bd4 (sz=24, trace=300512, nelems=0, elem type=java.lang.Class[]@500000fa)
OBJ 50002bd5 (sz=40, trace=300514, class=java.lang.invoke.MethodType@50000121)
OBJ 50002bd6 (sz=32, trace=300443, class=java.lang.invoke.MethodType$ConcurrentWeakInternSet$WeakEntry@50000b5f)
OBJ 50002bd7 (sz=40, trace=300515, class=java.lang.invoke.MethodType@50000121)
	rtype		50000169
	ptypes		50006e7a
	form		50000b65
	methodDescriptor	50002c8e
OBJ 50002bd8 (sz=40, trace=300445, class=java.lang.invoke.MethodType@50000121)
OBJ 50002bd9 (sz=32, trace=300443, class=java.lang.invoke.MethodType$ConcurrentWeakInternSet$WeakEntry@50000b5f)
OBJ 50002bda (sz=32, trace=300452, class=java.lang.invoke.MethodType$ConcurrentWeakInternSet$WeakEntry@50000b5f)
	referent	50002bd7
	queue		50000b52
OBJ 50002bdb (sz=32, trace=300521, class=java.util.concurrent.ConcurrentHashMap$Node@50000021)
	key		50002bda
	val		50002bda
OBJ 50002bdc (sz=56, trace=300516, class=java.lang.invoke.MemberName@50000124)
ARR 50002bdd (sz=24, trace=300518, nelems=0, elem type=java.lang.Class[]@500000fa)
OBJ 50002bde (sz=40, trace=300519, class=java.lang.invoke.MethodType@50000121)
OBJ 50002bdf (sz=32, trace=300443, class=java.lang.invoke.MethodType$ConcurrentWeakInternSet$WeakEntry@50000b5f)
OBJ 50002be0 (sz=40, trace=300520, class=java.lang.invoke.MethodType@50000121)
	rtype		50000169
	ptypes		50006deb
	form		50000b65
OBJ 50002be1 (sz=40, trace=300445, class=java.lang.invoke.MethodType@50000121)
OBJ 50002be2 (sz=32, trace=300443, class=java.lang.invoke.MethodType$ConcurrentWeakInternSet$WeakEntry@50000b5f)
OBJ 50002be3 (sz=32, trace=300452, class=java.lang.invoke.MethodType$ConcurrentWeakInternSet$WeakEntry@50000b5f)
	referent	50002be0
	queue		50000b52
OBJ 50002be4 (sz=32, trace=300454, class=java.util.concurrent.ConcurrentHashMap$Node@50000021)
	key		50002be3
	val		50002be3
ARR 50002be5 (sz=1040, trace=300576, nelems=254, elem type=java.util.concurrent.ConcurrentHashMap$Node[]@50000020)
	[1]		500027e9
	[7]		500032c8
	[12]		50001409
	[14]		50001d3d
	[16]		50001ec5
	[17]		500010e0
	[18]		5000167b
	[21]		50002bf0
	[23]		50004248
	[25]		50001cc6
	[26]		50002601
	[29]		500038a6
	[32]		50001cbf
	[34]		50001152
	[35]		50003bc6
	[37]		50001019
	[40]		50001cc4
	[42]		500038a8
	[44]		5000103f
	[45]		50001d64
	[47]		50001d3f
	[48]		50002bdb
	[52]		50003f8f
	[53]		500035b3
	[54]		50002bed
	[58]		500038b1
	[59]		50000b6d
	[61]		50000fec
	[64]		50003006
	[65]		50002beb
	[68]		50003fa9
	[71]		50002bea
	[72]		50001149
	[74]		50004258
	[76]		50001cc7
	[77]		500037a0
	[81]		50002be7
	[84]		50004609
	[85]		5000224f
	[86]		5000422e
	[88]		50001af6
	[89]		500010de
	[90]		50004950
	[94]		50001253
	[95]		500034ab
	[97]		5000169d
	[100]		50001325
	[103]		50001400
	[104]		50001cc5
	[107]		50001dd4
	[109]		50001e21
	[111]		50004163
	[113]		5000432e
	[115]		5000460d
	[117]		50001927
	[120]		50002d88
	[122]		50001d21
	[123]		50003e45
	[124]		50001147
	[125]		5000584a
	[128]		50000f4c
	[129]		50003bd1
	[130]		50002340
	[131]		50002002
	[134]		50001cc8
	[136]		500043e5
	[139]		50003004
	[140]		50003ab5
	[142]		50002bf1
	[149]		500010ef
	[152]		5000300f
	[153]		500045f6
	[155]		50003e81
	[156]		5000105c
	[157]		5000133e
	[166]		500025f8
	[167]		50002349
	[169]		5000126c
	[170]		50002248
	[171]		5000461c
	[173]		50002bef
	[174]		50003e69
	[175]		50004323
	[176]		50002bee
	[178]		500035a8
	[179]		5000231a
	[181]		50001cc2
	[182]		50002bec
	[183]		50001cde
	[185]		50001e36
	[186]		50003e5d
	[189]		5000460b
	[190]		50001d99
	[191]		50001333
	[193]		50001ee1
	[195]		50001d07
	[196]		50002184
	[198]		50001835
	[199]		50001a71
	[201]		50003e51
	[202]		50001263
	[205]		5000100d
	[207]		50000fa6
	[208]		50001665
	[209]		500022ff
	[211]		50001d62
	[216]		50004157
	[219]		50001e34
	[223]		5000585c
	[226]		50003e2d
	[227]		5000218d
	[229]		500045e0
	[233]		50002fde
	[234]		5000169b
	[236]		50002be4
	[237]		500045eb
	[238]		50001e82
	[240]		50002182
	[242]		50001b63
	[244]		50000b6f
	[246]		50004267
	[247]		50004174
	[250]		50004716
	[253]		5000534b
OBJ 50002be6 (sz=32, trace=300578, class=java.util.concurrent.ConcurrentHashMap$ForwardingNode@5000100b)
OBJ 50002be7 (sz=32, trace=300579, class=java.util.concurrent.ConcurrentHashMap$Node@50000021)
	key		50001e4a
	val		50001e4a
	next		500032ca
OBJ 50002be8 (sz=32, trace=300579, class=java.util.concurrent.ConcurrentHashMap$Node@50000021)
	key		500010f0
	val		500010f0
	next		50003e39
OBJ 50002be9 (sz=32, trace=300579, class=java.util.concurrent.ConcurrentHashMap$Node@50000021)
	key		50001143
	val		50001143
	next		50002be8
OBJ 50002bea (sz=32, trace=300579, class=java.util.concurrent.ConcurrentHashMap$Node@50000021)
	key		50001a03
	val		50001a03
	next		50002be9
OBJ 50002beb (sz=32, trace=300579, class=java.util.concurrent.ConcurrentHashMap$Node@50000021)
	key		50001d84
	val		50001d84
OBJ 50002bec (sz=32, trace=300673, class=java.util.concurrent.ConcurrentHashMap$Node@50000021)
	key		50001066
	val		50001066
	next		50001e9a
OBJ 50002bed (sz=32, trace=300579, class=java.util.concurrent.ConcurrentHashMap$Node@50000021)
	key		50001d5f
	val		50001d5f
OBJ 50002bee (sz=32, trace=300673, class=java.util.concurrent.ConcurrentHashMap$Node@50000021)
	key		50001fde
	val		50001fde
OBJ 50002bef (sz=32, trace=300673, class=java.util.concurrent.ConcurrentHashMap$Node@50000021)
	key		50001d22
	val		50001d22
OBJ 50002bf0 (sz=32, trace=300579, class=java.util.concurrent.ConcurrentHashMap$Node@50000021)
	key		50000fc9
	val		50000fc9
	next		50004453
OBJ 50002bf1 (sz=32, trace=300673, class=java.util.concurrent.ConcurrentHashMap$Node@50000021)
	key		50000fdf
	val		50000fdf
ARR 50002bf2 (sz=48, trace=300623, nelems=0, elem type=java.lang.invoke.LambdaForm$Name[]@50000fce)
ARR 50002bf3 (sz=24, trace=300674, nelems=0, elem type=java.lang.Object[]@500000ff)
ARR 50002bf4 (sz=24, trace=300675, nelems=1, elem type=java.lang.Object[]@500000ff)
	[0]		50000f65
OBJ 50002bf5 (sz=32, trace=300676, class=java.lang.invoke.LambdaForm$Name@50000f62)
	type		50000f5a
	function	50001105
	arguments	50002bf4
ARR 50002bf6 (sz=40, trace=300677, nelems=0, elem type=java.lang.Object[]@500000ff)
OBJ 50002bf7 (sz=24, trace=300678, class=java.lang.invoke.LambdaForm$NamedFunction@50000f99)
	member		50006f96
ARR 50002bf8 (sz=40, trace=300679, nelems=6, elem type=java.lang.Object[]@500000ff)
	[0]		50000f66
	[1]		50000f67
	[2]		50000f68
	[3]		50000f69
	[4]		50000f6a
	[5]		50002bf5
OBJ 50002bf9 (sz=32, trace=300680, class=java.lang.invoke.LambdaForm$Name@50000f62)
	type		50000f5a
	function	50002bf7
	arguments	50002bf8
OBJ 50002bfa (sz=24, trace=300681, class=java.lang.StringBuilder@50000118)
ARR 50002bfb (sz=48, trace=300682, nelems=0, elem type=char[])
ARR 50002bfc (sz=88, trace=300010, nelems=0, elem type=char[])
ARR 50002bfd (sz=32, trace=300683, nelems=0, elem type=char[])
OBJ 50002bfe (sz=24, trace=300685, class=java.util.Arrays$ArrayList@5000115f)
OBJ 50002bff (sz=24, trace=300686, class=java.util.Collections$UnmodifiableRandomAccessList@500000ca)
OBJ 50002c00 (sz=24, trace=300688, class=java.util.Collections$UnmodifiableCollection$1@50001162)
OBJ 50002c01 (sz=32, trace=300690, class=java.util.AbstractList$Itr@50001164)
OBJ 50002c02 (sz=24, trace=300691, class=java.lang.String@50000165)
ARR 50002c03 (sz=32, trace=300692, nelems=0, elem type=char[])
OBJ 50002c04 (sz=24, trace=300861, class=java.lang.StringBuilder@50000118)
ARR 50002c05 (sz=48, trace=300862, nelems=0, elem type=char[])
OBJ 50002c06 (sz=24, trace=300863, class=java.lang.String@50000165)
ARR 50002c07 (sz=24, trace=300864, nelems=0, elem type=char[])
OBJ 50002c08 (sz=24, trace=300693, class=java.lang.String@50000165)
	value		50002c09
ARR 50002c09 (sz=44, trace=300694, nelems=22, elem type=char[])
OBJ 50002c0a (sz=48, trace=300695, class=java.lang.invoke.LambdaForm@50000122)
	names		50006f95
	debugName	50002c08
	vmentry		50006f94
OBJ 50002c0b (sz=24, trace=300696, class=java.lang.StringBuilder@50000118)
ARR 50002c0c (sz=40, trace=300697, nelems=0, elem type=char[])
OBJ 50002c0d (sz=24, trace=300698, class=java.lang.String@50000165)
ARR 50002c0e (sz=32, trace=300699, nelems=0, elem type=char[])
ARR 50002c0f (sz=40, trace=300700, nelems=0, elem type=java.lang.Class[]@500000fa)
OBJ 50002c10 (sz=40, trace=300701, class=java.lang.invoke.MethodType@50000121)
OBJ 50002c11 (sz=32, trace=300443, class=java.lang.invoke.MethodType$ConcurrentWeakInternSet$WeakEntry@50000b5f)
OBJ 50002c12 (sz=64, trace=300704, class=java.lang.invoke.InvokerBytecodeGenerator@50001172)
OBJ 50002c13 (sz=48, trace=300705, class=java.util.HashMap@500000bd)
OBJ 50002c14 (sz=24, trace=300706, class=java.lang.String@50000165)
ARR 50002c15 (sz=24, trace=300707, nelems=0, elem type=char[])
OBJ 50002c16 (sz=24, trace=300708, class=java.lang.String@50000165)
	value		50002c17
ARR 50002c17 (sz=36, trace=300709, nelems=18, elem type=char[])
OBJ 50002c18 (sz=24, trace=300710, class=java.lang.StringBuilder@50000118)
ARR 50002c19 (sz=48, trace=300711, nelems=0, elem type=char[])
ARR 50002c1a (sz=88, trace=300010, nelems=0, elem type=char[])
OBJ 50002c1b (sz=24, trace=300712, class=java.lang.String@50000165)
ARR 50002c1c (sz=80, trace=300713, nelems=0, elem type=char[])
OBJ 50002c1d (sz=24, trace=300714, class=java.lang.StringBuilder@50000118)
ARR 50002c1e (sz=48, trace=300715, nelems=0, elem type=char[])
OBJ 50002c1f (sz=24, trace=300716, class=java.lang.String@50000165)
ARR 50002c20 (sz=48, trace=300717, nelems=0, elem type=char[])
ARR 50002c21 (sz=56, trace=300718, nelems=0, elem type=int[])
ARR 50002c22 (sz=56, trace=300719, nelems=0, elem type=java.lang.invoke.LambdaForm$BasicType[]@50000f60)
ARR 50002c23 (sz=56, trace=300720, nelems=0, elem type=java.lang.Class[]@500000fa)
OBJ 50002c24 (sz=168, trace=300723, class=jdk.internal.org.objectweb.asm.ClassWriter@50001187)
OBJ 50002c25 (sz=24, trace=300725, class=jdk.internal.org.objectweb.asm.ByteVector@5000118a)
ARR 50002c26 (sz=80, trace=300726, nelems=0, elem type=byte[])
ARR 50002c27 (sz=1040, trace=300728, nelems=0, elem type=jdk.internal.org.objectweb.asm.Item[]@5000118e)
OBJ 50002c28 (sz=56, trace=300729, class=jdk.internal.org.objectweb.asm.Item@5000118d)
OBJ 50002c29 (sz=56, trace=300730, class=jdk.internal.org.objectweb.asm.Item@5000118d)
OBJ 50002c2a (sz=56, trace=300731, class=jdk.internal.org.objectweb.asm.Item@5000118d)
OBJ 50002c2b (sz=56, trace=300732, class=jdk.internal.org.objectweb.asm.Item@5000118d)
OBJ 50002c2c (sz=56, trace=300733, class=jdk.internal.org.objectweb.asm.Item@5000118d)
OBJ 50002c2d (sz=56, trace=300734, class=jdk.internal.org.objectweb.asm.Item@5000118d)
OBJ 50002c2e (sz=56, trace=300733, class=jdk.internal.org.objectweb.asm.Item@5000118d)
OBJ 50002c2f (sz=56, trace=300735, class=jdk.internal.org.objectweb.asm.Item@5000118d)
ARR 50002c30 (sz=144, trace=300736, nelems=0, elem type=byte[])
OBJ 50002c31 (sz=56, trace=300737, class=jdk.internal.org.objectweb.asm.Item@5000118d)
OBJ 50002c32 (sz=24, trace=300685, class=java.util.Arrays$ArrayList@5000115f)
OBJ 50002c33 (sz=24, trace=300686, class=java.util.Collections$UnmodifiableRandomAccessList@500000ca)
OBJ 50002c34 (sz=24, trace=300738, class=java.lang.StringBuilder@50000118)
ARR 50002c35 (sz=48, trace=300739, nelems=0, elem type=char[])
OBJ 50002c36 (sz=24, trace=300740, class=java.util.Collections$UnmodifiableCollection$1@50001162)
OBJ 50002c37 (sz=32, trace=300690, class=java.util.AbstractList$Itr@50001164)
ARR 50002c38 (sz=48, trace=300741, nelems=0, elem type=char[])
OBJ 50002c39 (sz=24, trace=300742, class=java.lang.String@50000165)
ARR 50002c3a (sz=88, trace=300010, nelems=0, elem type=char[])
ARR 50002c3b (sz=48, trace=300741, nelems=0, elem type=char[])
OBJ 50002c3c (sz=24, trace=300742, class=java.lang.String@50000165)
ARR 50002c3d (sz=160, trace=300010, nelems=0, elem type=char[])
ARR 50002c3e (sz=48, trace=300741, nelems=0, elem type=char[])
OBJ 50002c3f (sz=24, trace=300742, class=java.lang.String@50000165)
ARR 50002c40 (sz=48, trace=300741, nelems=0, elem type=char[])
OBJ 50002c41 (sz=24, trace=300742, class=java.lang.String@50000165)
ARR 50002c42 (sz=304, trace=300010, nelems=0, elem type=char[])
ARR 50002c43 (sz=48, trace=300741, nelems=0, elem type=char[])
OBJ 50002c44 (sz=24, trace=300742, class=java.lang.String@50000165)
ARR 50002c45 (sz=48, trace=300741, nelems=0, elem type=char[])
OBJ 50002c46 (sz=24, trace=300742, class=java.lang.String@50000165)
ARR 50002c47 (sz=48, trace=300743, nelems=0, elem type=char[])
OBJ 50002c48 (sz=24, trace=300744, class=java.lang.String@50000165)
OBJ 50002c49 (sz=24, trace=300745, class=java.lang.String@50000165)
	value		50002c4a
ARR 50002c4a (sz=256, trace=300746, nelems=128, elem type=char[])
OBJ 50002c4b (sz=224, trace=300748, class=jdk.internal.org.objectweb.asm.MethodWriter@500011ab)
OBJ 50002c4c (sz=24, trace=300749, class=jdk.internal.org.objectweb.asm.ByteVector@5000118a)
ARR 50002c4d (sz=80, trace=300750, nelems=0, elem type=byte[])
OBJ 50002c4e (sz=56, trace=300751, class=jdk.internal.org.objectweb.asm.Item@5000118d)
ARR 50002c4f (sz=272, trace=300752, nelems=0, elem type=byte[])
OBJ 50002c50 (sz=56, trace=300753, class=jdk.internal.org.objectweb.asm.Item@5000118d)
OBJ 50002c51 (sz=64, trace=300765, class=jdk.internal.org.objectweb.asm.Label@500011bc)
OBJ 50002c52 (sz=48, trace=300768, class=jdk.internal.org.objectweb.asm.Frame@500011be)
OBJ 50002c53 (sz=24, trace=300769, class=jdk.internal.org.objectweb.asm.ByteVector@5000118a)
ARR 50002c54 (sz=80, trace=300770, nelems=0, elem type=byte[])
ARR 50002c55 (sz=528, trace=300779, nelems=0, elem type=byte[])
OBJ 50002c56 (sz=56, trace=300771, class=jdk.internal.org.objectweb.asm.Item@5000118d)
OBJ 50002c57 (sz=56, trace=300773, class=jdk.internal.org.objectweb.asm.AnnotationWriter@500011c5)
OBJ 50002c58 (sz=24, trace=300774, class=jdk.internal.org.objectweb.asm.ByteVector@5000118a)
ARR 50002c59 (sz=80, trace=300775, nelems=0, elem type=byte[])
OBJ 50002c5a (sz=56, trace=300776, class=jdk.internal.org.objectweb.asm.Item@5000118d)
OBJ 50002c5b (sz=56, trace=300773, class=jdk.internal.org.objectweb.asm.AnnotationWriter@500011c5)
OBJ 50002c5c (sz=24, trace=300777, class=jdk.internal.org.objectweb.asm.ByteVector@5000118a)
ARR 50002c5d (sz=80, trace=300778, nelems=0, elem type=byte[])
OBJ 50002c5e (sz=56, trace=300780, class=jdk.internal.org.objectweb.asm.Item@5000118d)
OBJ 50002c5f (sz=56, trace=300773, class=jdk.internal.org.objectweb.asm.AnnotationWriter@500011c5)
OBJ 50002c60 (sz=24, trace=300795, class=java.lang.String@50000165)
ARR 50002c61 (sz=56, trace=300462, nelems=0, elem type=char[])
ARR 50002c62 (sz=88, trace=300796, nelems=0, elem type=char[])
OBJ 50002c63 (sz=24, trace=300797, class=java.lang.String@50000165)
ARR 50002c64 (sz=56, trace=300798, nelems=0, elem type=int[])
OBJ 50002c65 (sz=56, trace=300733, class=jdk.internal.org.objectweb.asm.Item@5000118d)
OBJ 50002c66 (sz=56, trace=300800, class=jdk.internal.org.objectweb.asm.Item@5000118d)
OBJ 50002c67 (sz=56, trace=300801, class=jdk.internal.org.objectweb.asm.Item@5000118d)
OBJ 50002c68 (sz=56, trace=300802, class=jdk.internal.org.objectweb.asm.Item@5000118d)
OBJ 50002c69 (sz=56, trace=300803, class=jdk.internal.org.objectweb.asm.Item@5000118d)
OBJ 50002c6a (sz=56, trace=300804, class=jdk.internal.org.objectweb.asm.Item@5000118d)
OBJ 50002c6b (sz=24, trace=300805, class=java.lang.String@50000165)
ARR 50002c6c (sz=48, trace=300806, nelems=0, elem type=char[])
OBJ 50002c6d (sz=56, trace=300807, class=jdk.internal.org.objectweb.asm.Item@5000118d)
ARR 50002c6e (sz=80, trace=300808, nelems=0, elem type=jdk.internal.org.objectweb.asm.Item[]@5000118e)
ARR 50002c6f (sz=56, trace=300809, nelems=0, elem type=int[])
OBJ 50002c70 (sz=24, trace=300795, class=java.lang.String@50000165)
ARR 50002c71 (sz=40, trace=300462, nelems=0, elem type=char[])
ARR 50002c72 (sz=72, trace=300811, nelems=0, elem type=char[])
OBJ 50002c73 (sz=24, trace=300812, class=java.lang.String@50000165)
OBJ 50002c74 (sz=56, trace=300813, class=jdk.internal.org.objectweb.asm.Item@5000118d)
OBJ 50002c75 (sz=56, trace=300814, class=jdk.internal.org.objectweb.asm.Item@5000118d)
OBJ 50002c76 (sz=56, trace=300815, class=jdk.internal.org.objectweb.asm.Item@5000118d)
OBJ 50002c77 (sz=24, trace=300685, class=java.util.Arrays$ArrayList@5000115f)
OBJ 50002c78 (sz=24, trace=300686, class=java.util.Collections$UnmodifiableRandomAccessList@500000ca)
OBJ 50002c79 (sz=24, trace=300738, class=java.lang.StringBuilder@50000118)
ARR 50002c7a (sz=48, trace=300739, nelems=0, elem type=char[])
OBJ 50002c7b (sz=24, trace=300740, class=java.util.Collections$UnmodifiableCollection$1@50001162)
OBJ 50002c7c (sz=32, trace=300690, class=java.util.AbstractList$Itr@50001164)
ARR 50002c7d (sz=48, trace=300741, nelems=0, elem type=char[])
OBJ 50002c7e (sz=24, trace=300742, class=java.lang.String@50000165)
ARR 50002c7f (sz=88, trace=300010, nelems=0, elem type=char[])
ARR 50002c80 (sz=48, trace=300741, nelems=0, elem type=char[])
OBJ 50002c81 (sz=24, trace=300742, class=java.lang.String@50000165)
ARR 50002c82 (sz=160, trace=300010, nelems=0, elem type=char[])
ARR 50002c83 (sz=48, trace=300741, nelems=0, elem type=char[])
OBJ 50002c84 (sz=24, trace=300742, class=java.lang.String@50000165)
ARR 50002c85 (sz=48, trace=300741, nelems=0, elem type=char[])
OBJ 50002c86 (sz=24, trace=300742, class=java.lang.String@50000165)
ARR 50002c87 (sz=304, trace=300010, nelems=0, elem type=char[])
ARR 50002c88 (sz=48, trace=300741, nelems=0, elem type=char[])
OBJ 50002c89 (sz=24, trace=300742, class=java.lang.String@50000165)
ARR 50002c8a (sz=72, trace=300741, nelems=0, elem type=char[])
OBJ 50002c8b (sz=24, trace=300742, class=java.lang.String@50000165)
ARR 50002c8c (sz=48, trace=300743, nelems=0, elem type=char[])
OBJ 50002c8d (sz=24, trace=300744, class=java.lang.String@50000165)
OBJ 50002c8e (sz=24, trace=300745, class=java.lang.String@50000165)
	value		50002c8f
ARR 50002c8f (sz=278, trace=300746, nelems=139, elem type=char[])
ARR 50002c90 (sz=1040, trace=300852, nelems=0, elem type=byte[])
OBJ 50002c91 (sz=56, trace=300733, class=jdk.internal.org.objectweb.asm.Item@5000118d)
OBJ 50002c92 (sz=56, trace=300800, class=jdk.internal.org.objectweb.asm.Item@5000118d)
OBJ 50002c93 (sz=56, trace=300801, class=jdk.internal.org.objectweb.asm.Item@5000118d)
OBJ 50002c94 (sz=56, trace=300802, class=jdk.internal.org.objectweb.asm.Item@5000118d)
OBJ 50002c95 (sz=56, trace=300803, class=jdk.internal.org.objectweb.asm.Item@5000118d)
OBJ 50002c96 (sz=56, trace=300804, class=jdk.internal.org.objectweb.asm.Item@5000118d)
OBJ 50002c97 (sz=24, trace=300805, class=java.lang.String@50000165)
ARR 50002c98 (sz=48, trace=300806, nelems=0, elem type=char[])
OBJ 50002c99 (sz=64, trace=300817, class=jdk.internal.org.objectweb.asm.Label@500011bc)
OBJ 50002c9a (sz=48, trace=300818, class=jdk.internal.org.objectweb.asm.Frame@500011be)
ARR 50002c9b (sz=272, trace=300819, nelems=0, elem type=char[])
ARR 50002c9c (sz=40, trace=300820, nelems=0, elem type=jdk.internal.org.objectweb.asm.Type[]@50001222)
OBJ 50002c9d (sz=32, trace=300821, class=jdk.internal.org.objectweb.asm.Type@500011b2)
OBJ 50002c9e (sz=32, trace=300821, class=jdk.internal.org.objectweb.asm.Type@500011b2)
OBJ 50002c9f (sz=32, trace=300821, class=jdk.internal.org.objectweb.asm.Type@500011b2)
OBJ 50002ca0 (sz=32, trace=300821, class=jdk.internal.org.objectweb.asm.Type@500011b2)
OBJ 50002ca1 (sz=32, trace=300821, class=jdk.internal.org.objectweb.asm.Type@500011b2)
OBJ 50002ca2 (sz=32, trace=300821, class=jdk.internal.org.objectweb.asm.Type@500011b2)
ARR 50002ca3 (sz=48, trace=300822, nelems=0, elem type=int[])
ARR 50002ca4 (sz=16, trace=300823, nelems=0, elem type=int[])
OBJ 50002ca5 (sz=24, trace=300824, class=java.lang.StringBuffer@50000119)
ARR 50002ca6 (sz=48, trace=300825, nelems=0, elem type=char[])
ARR 50002ca7 (sz=88, trace=300826, nelems=0, elem type=char[])
ARR 50002ca8 (sz=56, trace=300827, nelems=0, elem type=char[])
OBJ 50002ca9 (sz=24, trace=300828, class=java.lang.String@50000165)
OBJ 50002caa (sz=24, trace=300829, class=java.lang.String@50000165)
ARR 50002cab (sz=48, trace=300806, nelems=0, elem type=char[])
OBJ 50002cac (sz=24, trace=300824, class=java.lang.StringBuffer@50000119)
ARR 50002cad (sz=48, trace=300825, nelems=0, elem type=char[])
ARR 50002cae (sz=88, trace=300826, nelems=0, elem type=char[])
ARR 50002caf (sz=56, trace=300827, nelems=0, elem type=char[])
OBJ 50002cb0 (sz=24, trace=300828, class=java.lang.String@50000165)
OBJ 50002cb1 (sz=24, trace=300829, class=java.lang.String@50000165)
ARR 50002cb2 (sz=48, trace=300806, nelems=0, elem type=char[])
OBJ 50002cb3 (sz=24, trace=300824, class=java.lang.StringBuffer@50000119)
ARR 50002cb4 (sz=48, trace=300825, nelems=0, elem type=char[])
ARR 50002cb5 (sz=88, trace=300826, nelems=0, elem type=char[])
ARR 50002cb6 (sz=56, trace=300827, nelems=0, elem type=char[])
OBJ 50002cb7 (sz=24, trace=300828, class=java.lang.String@50000165)
OBJ 50002cb8 (sz=24, trace=300829, class=java.lang.String@50000165)
ARR 50002cb9 (sz=48, trace=300806, nelems=0, elem type=char[])
OBJ 50002cba (sz=24, trace=300824, class=java.lang.StringBuffer@50000119)
ARR 50002cbb (sz=48, trace=300825, nelems=0, elem type=char[])
ARR 50002cbc (sz=88, trace=300826, nelems=0, elem type=char[])
ARR 50002cbd (sz=56, trace=300827, nelems=0, elem type=char[])
OBJ 50002cbe (sz=24, trace=300828, class=java.lang.String@50000165)
OBJ 50002cbf (sz=24, trace=300829, class=java.lang.String@50000165)
ARR 50002cc0 (sz=48, trace=300806, nelems=0, elem type=char[])
OBJ 50002cc1 (sz=24, trace=300824, class=java.lang.StringBuffer@50000119)
ARR 50002cc2 (sz=48, trace=300825, nelems=0, elem type=char[])
ARR 50002cc3 (sz=88, trace=300826, nelems=0, elem type=char[])
ARR 50002cc4 (sz=56, trace=300827, nelems=0, elem type=char[])
OBJ 50002cc5 (sz=24, trace=300828, class=java.lang.String@50000165)
OBJ 50002cc6 (sz=24, trace=300829, class=java.lang.String@50000165)
ARR 50002cc7 (sz=48, trace=300806, nelems=0, elem type=char[])
OBJ 50002cc8 (sz=24, trace=300824, class=java.lang.StringBuffer@50000119)
ARR 50002cc9 (sz=48, trace=300825, nelems=0, elem type=char[])
ARR 50002cca (sz=88, trace=300826, nelems=0, elem type=char[])
ARR 50002ccb (sz=56, trace=300827, nelems=0, elem type=char[])
OBJ 50002ccc (sz=24, trace=300828, class=java.lang.String@50000165)
OBJ 50002ccd (sz=24, trace=300829, class=java.lang.String@50000165)
ARR 50002cce (sz=48, trace=300806, nelems=0, elem type=char[])
ARR 50002ccf (sz=56, trace=300830, nelems=0, elem type=int[])
ARR 50002cd0 (sz=24, trace=300831, nelems=0, elem type=java.lang.Object[]@500000ff)
OBJ 50002cd1 (sz=56, trace=300832, class=jdk.internal.org.objectweb.asm.Item@5000118d)
OBJ 50002cd2 (sz=56, trace=300833, class=jdk.internal.org.objectweb.asm.Item@5000118d)
OBJ 50002cd3 (sz=56, trace=300834, class=jdk.internal.org.objectweb.asm.Item@5000118d)
OBJ 50002cd4 (sz=24, trace=300835, class=jdk.internal.org.objectweb.asm.ByteVector@5000118a)
ARR 50002cd5 (sz=856, trace=300836, nelems=0, elem type=byte[])
ARR 50002cd6 (sz=128, trace=300837, nelems=0, elem type=java.lang.Object[]@500000ff)
OBJ 50002cd7 (sz=16, trace=300839, class=java.util.HashMap$Values@5000123e)
OBJ 50002cd8 (sz=40, trace=300841, class=java.util.HashMap$ValueIterator@50001241)
OBJ 50002cda (sz=56, trace=300843, class=java.lang.invoke.MemberName@50000124)
OBJ 50002cdb (sz=40, trace=300844, class=java.lang.ref.SoftReference@50000149)
	referent	50002c0a
	queue		50006b4d
OBJ 50002cdc (sz=32, trace=300845, class=java.lang.invoke.DirectMethodHandle@50000125)
	type		5000297d
	form		50002c0a
	member		50006de8
OBJ 50002cdd (sz=40, trace=301012, class=java.lang.ref.SoftReference@50000149)
	referent	50002cdc
	queue		50006b4d
ARR 50002cde (sz=40, trace=301068, nelems=5, elem type=java.lang.Object[]@500000ff)
	[0]		50002bc8
	[1]		50000f66
	[2]		50000f67
	[3]		50000f68
	[4]		50000f69
OBJ 50002cdf (sz=32, trace=301069, class=java.lang.invoke.LambdaForm$Name@50000f62)
	type		50000f5a
	function	50002bca
	arguments	50002cde
OBJ 50002ce0 (sz=48, trace=301070, class=java.lang.invoke.LambdaForm@50000122)
	names		50006f9a
	debugName	50006e2d
	vmentry		50006f99
OBJ 50002ce1 (sz=40, trace=300844, class=java.lang.ref.SoftReference@50000149)
	referent	50002ce0
	queue		50006b4d
OBJ 50002ce2 (sz=40, trace=301098, class=java.lang.invoke.MethodHandleImpl$IntrinsicMethodHandle@500026a0)
	type		50002b00
	form		50002ce0
	target		50002bbd
	intrinsicName	500011d3
OBJ 50002ce3 (sz=24, trace=300696, class=java.lang.StringBuilder@50000118)
ARR 50002ce4 (sz=32, trace=300697, nelems=0, elem type=char[])
OBJ 50002ce5 (sz=24, trace=300698, class=java.lang.String@50000165)
ARR 50002ce6 (sz=32, trace=300699, nelems=0, elem type=char[])
ARR 50002ce7 (sz=40, trace=300938, nelems=0, elem type=java.lang.Class[]@500000fa)
OBJ 50002ce8 (sz=40, trace=300701, class=java.lang.invoke.MethodType@50000121)
OBJ 50002ce9 (sz=32, trace=300443, class=java.lang.invoke.MethodType$ConcurrentWeakInternSet$WeakEntry@50000b5f)
OBJ 50002cea (sz=64, trace=300704, class=java.lang.invoke.InvokerBytecodeGenerator@50001172)
OBJ 50002ceb (sz=48, trace=300705, class=java.util.HashMap@500000bd)
OBJ 50002cec (sz=24, trace=300706, class=java.lang.String@50000165)
ARR 50002ced (sz=24, trace=300707, nelems=0, elem type=char[])
OBJ 50002cee (sz=24, trace=300708, class=java.lang.String@50000165)
	value		50002cef
ARR 50002cef (sz=16, trace=300709, nelems=8, elem type=char[])
OBJ 50002cf0 (sz=24, trace=300710, class=java.lang.StringBuilder@50000118)
ARR 50002cf1 (sz=48, trace=300711, nelems=0, elem type=char[])
ARR 50002cf2 (sz=88, trace=300010, nelems=0, elem type=char[])
OBJ 50002cf3 (sz=24, trace=300712, class=java.lang.String@50000165)
ARR 50002cf4 (sz=80, trace=300713, nelems=0, elem type=char[])
OBJ 50002cf5 (sz=24, trace=300714, class=java.lang.StringBuilder@50000118)
ARR 50002cf6 (sz=48, trace=300715, nelems=0, elem type=char[])
OBJ 50002cf7 (sz=24, trace=300716, class=java.lang.String@50000165)
ARR 50002cf8 (sz=48, trace=300717, nelems=0, elem type=char[])
ARR 50002cf9 (sz=48, trace=300718, nelems=0, elem type=int[])
ARR 50002cfa (sz=48, trace=300719, nelems=0, elem type=java.lang.invoke.LambdaForm$BasicType[]@50000f60)
ARR 50002cfb (sz=48, trace=300720, nelems=0, elem type=java.lang.Class[]@500000fa)
OBJ 50002cfc (sz=168, trace=300723, class=jdk.internal.org.objectweb.asm.ClassWriter@50001187)
OBJ 50002cfd (sz=24, trace=300725, class=jdk.internal.org.objectweb.asm.ByteVector@5000118a)
ARR 50002cfe (sz=80, trace=300726, nelems=0, elem type=byte[])
ARR 50002cff (sz=1040, trace=300728, nelems=0, elem type=jdk.internal.org.objectweb.asm.Item[]@5000118e)
OBJ 50002d00 (sz=56, trace=300729, class=jdk.internal.org.objectweb.asm.Item@5000118d)
OBJ 50002d01 (sz=56, trace=300730, class=jdk.internal.org.objectweb.asm.Item@5000118d)
OBJ 50002d02 (sz=56, trace=300731, class=jdk.internal.org.objectweb.asm.Item@5000118d)
OBJ 50002d03 (sz=56, trace=300732, class=jdk.internal.org.objectweb.asm.Item@5000118d)
OBJ 50002d04 (sz=56, trace=300733, class=jdk.internal.org.objectweb.asm.Item@5000118d)
OBJ 50002d05 (sz=56, trace=300734, class=jdk.internal.org.objectweb.asm.Item@5000118d)
OBJ 50002d06 (sz=56, trace=300733, class=jdk.internal.org.objectweb.asm.Item@5000118d)
OBJ 50002d07 (sz=56, trace=300735, class=jdk.internal.org.objectweb.asm.Item@5000118d)
ARR 50002d08 (sz=144, trace=300736, nelems=0, elem type=byte[])
OBJ 50002d09 (sz=56, trace=300737, class=jdk.internal.org.objectweb.asm.Item@5000118d)
OBJ 50002d0a (sz=224, trace=300748, class=jdk.internal.org.objectweb.asm.MethodWriter@500011ab)
OBJ 50002d0b (sz=24, trace=300749, class=jdk.internal.org.objectweb.asm.ByteVector@5000118a)
ARR 50002d0c (sz=80, trace=300750, nelems=0, elem type=byte[])
OBJ 50002d0d (sz=56, trace=300751, class=jdk.internal.org.objectweb.asm.Item@5000118d)
ARR 50002d0e (sz=272, trace=300752, nelems=0, elem type=byte[])
OBJ 50002d0f (sz=56, trace=300753, class=jdk.internal.org.objectweb.asm.Item@5000118d)
OBJ 50002d10 (sz=64, trace=300765, class=jdk.internal.org.objectweb.asm.Label@500011bc)
OBJ 50002d11 (sz=48, trace=300768, class=jdk.internal.org.objectweb.asm.Frame@500011be)
OBJ 50002d12 (sz=24, trace=300769, class=jdk.internal.org.objectweb.asm.ByteVector@5000118a)
ARR 50002d13 (sz=80, trace=300770, nelems=0, elem type=byte[])
OBJ 50002d14 (sz=56, trace=300771, class=jdk.internal.org.objectweb.asm.Item@5000118d)
OBJ 50002d15 (sz=56, trace=300773, class=jdk.internal.org.objectweb.asm.AnnotationWriter@500011c5)
OBJ 50002d16 (sz=24, trace=300774, class=jdk.internal.org.objectweb.asm.ByteVector@5000118a)
ARR 50002d17 (sz=80, trace=300775, nelems=0, elem type=byte[])
ARR 50002d18 (sz=528, trace=300779, nelems=0, elem type=byte[])
OBJ 50002d19 (sz=56, trace=300776, class=jdk.internal.org.objectweb.asm.Item@5000118d)
OBJ 50002d1a (sz=56, trace=300773, class=jdk.internal.org.objectweb.asm.AnnotationWriter@500011c5)
OBJ 50002d1b (sz=24, trace=300777, class=jdk.internal.org.objectweb.asm.ByteVector@5000118a)
ARR 50002d1c (sz=80, trace=300778, nelems=0, elem type=byte[])
OBJ 50002d1d (sz=56, trace=300780, class=jdk.internal.org.objectweb.asm.Item@5000118d)
OBJ 50002d1e (sz=56, trace=300773, class=jdk.internal.org.objectweb.asm.AnnotationWriter@500011c5)
OBJ 50002d1f (sz=24, trace=300795, class=java.lang.String@50000165)
ARR 50002d20 (sz=64, trace=300462, nelems=0, elem type=char[])
ARR 50002d21 (sz=96, trace=300796, nelems=0, elem type=char[])
OBJ 50002d22 (sz=24, trace=300797, class=java.lang.String@50000165)
ARR 50002d23 (sz=24, trace=300920, nelems=0, elem type=java.lang.Class[]@500000fa)
OBJ 50002d24 (sz=40, trace=300860, class=java.lang.invoke.MethodType@50000121)
OBJ 50002d25 (sz=32, trace=300443, class=java.lang.invoke.MethodType$ConcurrentWeakInternSet$WeakEntry@50000b5f)
ARR 50002d26 (sz=56, trace=300798, nelems=0, elem type=int[])
ARR 50002d27 (sz=96, trace=300811, nelems=0, elem type=char[])
OBJ 50002d28 (sz=24, trace=300812, class=java.lang.String@50000165)
OBJ 50002d29 (sz=56, trace=300813, class=jdk.internal.org.objectweb.asm.Item@5000118d)
OBJ 50002d2a (sz=56, trace=300814, class=jdk.internal.org.objectweb.asm.Item@5000118d)
OBJ 50002d2b (sz=56, trace=300815, class=jdk.internal.org.objectweb.asm.Item@5000118d)
ARR 50002d2c (sz=80, trace=301072, nelems=0, elem type=jdk.internal.org.objectweb.asm.Item[]@5000118e)
OBJ 50002d2d (sz=56, trace=300801, class=jdk.internal.org.objectweb.asm.Item@5000118d)
OBJ 50002d2e (sz=56, trace=300802, class=jdk.internal.org.objectweb.asm.Item@5000118d)
OBJ 50002d2f (sz=56, trace=300803, class=jdk.internal.org.objectweb.asm.Item@5000118d)
OBJ 50002d30 (sz=56, trace=300804, class=jdk.internal.org.objectweb.asm.Item@5000118d)
OBJ 50002d31 (sz=24, trace=300805, class=java.lang.String@50000165)
ARR 50002d32 (sz=80, trace=300806, nelems=0, elem type=char[])
OBJ 50002d33 (sz=56, trace=300807, class=jdk.internal.org.objectweb.asm.Item@5000118d)
ARR 50002d34 (sz=24, trace=300931, nelems=0, elem type=java.lang.Class[]@500000fa)
OBJ 50002d35 (sz=40, trace=300860, class=java.lang.invoke.MethodType@50000121)
OBJ 50002d36 (sz=32, trace=300443, class=java.lang.invoke.MethodType$ConcurrentWeakInternSet$WeakEntry@50000b5f)
ARR 50002d37 (sz=56, trace=300809, nelems=0, elem type=int[])
OBJ 50002d38 (sz=24, trace=300795, class=java.lang.String@50000165)
ARR 50002d39 (sz=40, trace=300462, nelems=0, elem type=char[])
OBJ 50002d3a (sz=56, trace=300733, class=jdk.internal.org.objectweb.asm.Item@5000118d)
OBJ 50002d3b (sz=56, trace=300800, class=jdk.internal.org.objectweb.asm.Item@5000118d)
OBJ 50002d3c (sz=56, trace=300801, class=jdk.internal.org.objectweb.asm.Item@5000118d)
ARR 50002d3d (sz=1040, trace=300816, nelems=0, elem type=byte[])
OBJ 50002d3e (sz=56, trace=300802, class=jdk.internal.org.objectweb.asm.Item@5000118d)
OBJ 50002d3f (sz=56, trace=300803, class=jdk.internal.org.objectweb.asm.Item@5000118d)
OBJ 50002d40 (sz=56, trace=300804, class=jdk.internal.org.objectweb.asm.Item@5000118d)
OBJ 50002d41 (sz=24, trace=300805, class=java.lang.String@50000165)
ARR 50002d42 (sz=48, trace=300806, nelems=0, elem type=char[])
OBJ 50002d43 (sz=56, trace=300807, class=jdk.internal.org.objectweb.asm.Item@5000118d)
ARR 50002d44 (sz=24, trace=300931, nelems=0, elem type=java.lang.Class[]@500000fa)
OBJ 50002d45 (sz=40, trace=300860, class=java.lang.invoke.MethodType@50000121)
OBJ 50002d46 (sz=32, trace=300443, class=java.lang.invoke.MethodType$ConcurrentWeakInternSet$WeakEntry@50000b5f)
OBJ 50002d47 (sz=64, trace=300817, class=jdk.internal.org.objectweb.asm.Label@500011bc)
OBJ 50002d48 (sz=48, trace=300818, class=jdk.internal.org.objectweb.asm.Frame@500011be)
ARR 50002d49 (sz=240, trace=300819, nelems=0, elem type=char[])
ARR 50002d4a (sz=40, trace=300820, nelems=0, elem type=jdk.internal.org.objectweb.asm.Type[]@50001222)
OBJ 50002d4b (sz=32, trace=300821, class=jdk.internal.org.objectweb.asm.Type@500011b2)
OBJ 50002d4c (sz=32, trace=300821, class=jdk.internal.org.objectweb.asm.Type@500011b2)
OBJ 50002d4d (sz=32, trace=300821, class=jdk.internal.org.objectweb.asm.Type@500011b2)
OBJ 50002d4e (sz=32, trace=300821, class=jdk.internal.org.objectweb.asm.Type@500011b2)
OBJ 50002d4f (sz=32, trace=300821, class=jdk.internal.org.objectweb.asm.Type@500011b2)
ARR 50002d50 (sz=40, trace=300822, nelems=0, elem type=int[])
ARR 50002d51 (sz=16, trace=300823, nelems=0, elem type=int[])
OBJ 50002d52 (sz=24, trace=300824, class=java.lang.StringBuffer@50000119)
ARR 50002d53 (sz=48, trace=300825, nelems=0, elem type=char[])
ARR 50002d54 (sz=88, trace=300826, nelems=0, elem type=char[])
ARR 50002d55 (sz=56, trace=300827, nelems=0, elem type=char[])
OBJ 50002d56 (sz=24, trace=300828, class=java.lang.String@50000165)
OBJ 50002d57 (sz=24, trace=300829, class=java.lang.String@50000165)
ARR 50002d58 (sz=48, trace=300806, nelems=0, elem type=char[])
OBJ 50002d59 (sz=24, trace=300824, class=java.lang.StringBuffer@50000119)
ARR 50002d5a (sz=48, trace=300825, nelems=0, elem type=char[])
ARR 50002d5b (sz=88, trace=300826, nelems=0, elem type=char[])
ARR 50002d5c (sz=56, trace=300827, nelems=0, elem type=char[])
OBJ 50002d5d (sz=24, trace=300828, class=java.lang.String@50000165)
OBJ 50002d5e (sz=24, trace=300829, class=java.lang.String@50000165)
ARR 50002d5f (sz=48, trace=300806, nelems=0, elem type=char[])
OBJ 50002d60 (sz=24, trace=300824, class=java.lang.StringBuffer@50000119)
ARR 50002d61 (sz=48, trace=300825, nelems=0, elem type=char[])
ARR 50002d62 (sz=88, trace=300826, nelems=0, elem type=char[])
ARR 50002d63 (sz=56, trace=300827, nelems=0, elem type=char[])
OBJ 50002d64 (sz=24, trace=300828, class=java.lang.String@50000165)
OBJ 50002d65 (sz=24, trace=300829, class=java.lang.String@50000165)
ARR 50002d66 (sz=48, trace=300806, nelems=0, elem type=char[])
OBJ 50002d67 (sz=24, trace=300824, class=java.lang.StringBuffer@50000119)
ARR 50002d68 (sz=48, trace=300825, nelems=0, elem type=char[])
ARR 50002d69 (sz=88, trace=300826, nelems=0, elem type=char[])
ARR 50002d6a (sz=56, trace=300827, nelems=0, elem type=char[])
OBJ 50002d6b (sz=24, trace=300828, class=java.lang.String@50000165)
OBJ 50002d6c (sz=24, trace=300829, class=java.lang.String@50000165)
ARR 50002d6d (sz=48, trace=300806, nelems=0, elem type=char[])
OBJ 50002d6e (sz=24, trace=300824, class=java.lang.StringBuffer@50000119)
ARR 50002d6f (sz=48, trace=300825, nelems=0, elem type=char[])
ARR 50002d70 (sz=88, trace=300826, nelems=0, elem type=char[])
ARR 50002d71 (sz=56, trace=300827, nelems=0, elem type=char[])
OBJ 50002d72 (sz=24, trace=300828, class=java.lang.String@50000165)
OBJ 50002d73 (sz=24, trace=300829, class=java.lang.String@50000165)
ARR 50002d74 (sz=48, trace=300806, nelems=0, elem type=char[])
ARR 50002d75 (sz=48, trace=300830, nelems=0, elem type=int[])
ARR 50002d76 (sz=24, trace=300940, nelems=0, elem type=java.lang.Object[]@500000ff)
OBJ 50002d77 (sz=56, trace=300832, class=jdk.internal.org.objectweb.asm.Item@5000118d)
OBJ 50002d78 (sz=56, trace=300833, class=jdk.internal.org.objectweb.asm.Item@5000118d)
OBJ 50002d79 (sz=56, trace=300834, class=jdk.internal.org.objectweb.asm.Item@5000118d)
OBJ 50002d7a (sz=24, trace=300835, class=jdk.internal.org.objectweb.asm.ByteVector@5000118a)
ARR 50002d7b (sz=736, trace=300836, nelems=0, elem type=byte[])
ARR 50002d7c (sz=120, trace=300837, nelems=0, elem type=java.lang.Object[]@500000ff)
OBJ 50002d7d (sz=16, trace=300839, class=java.util.HashMap$Values@5000123e)
OBJ 50002d7e (sz=40, trace=300841, class=java.util.HashMap$ValueIterator@50001241)
OBJ 50002d80 (sz=56, trace=300843, class=java.lang.invoke.MemberName@50000124)
ARR 50002d81 (sz=16, trace=301092, nelems=0, elem type=java.lang.Class[]@500000fa)
OBJ 50002d82 (sz=40, trace=301093, class=java.lang.invoke.MethodType@50000121)
OBJ 50002d83 (sz=32, trace=300443, class=java.lang.invoke.MethodType$ConcurrentWeakInternSet$WeakEntry@50000b5f)
OBJ 50002d84 (sz=40, trace=301094, class=java.lang.invoke.MethodType@50000121)
	rtype		500000ff
	ptypes		50001f2f
	form		50001f33
OBJ 50002d85 (sz=40, trace=300445, class=java.lang.invoke.MethodType@50000121)
OBJ 50002d86 (sz=32, trace=300443, class=java.lang.invoke.MethodType$ConcurrentWeakInternSet$WeakEntry@50000b5f)
OBJ 50002d87 (sz=32, trace=300452, class=java.lang.invoke.MethodType$ConcurrentWeakInternSet$WeakEntry@50000b5f)
	referent	50002d84
	queue		50000b52
OBJ 50002d88 (sz=32, trace=300454, class=java.util.concurrent.ConcurrentHashMap$Node@50000021)
	key		50002d87
	val		50002d87
OBJ 50002d89 (sz=56, trace=301095, class=java.lang.invoke.MemberName@50000124)
ARR 50002d8a (sz=24, trace=300512, nelems=0, elem type=java.lang.Class[]@500000fa)
OBJ 50002d8b (sz=40, trace=300514, class=java.lang.invoke.MethodType@50000121)
OBJ 50002d8c (sz=32, trace=300443, class=java.lang.invoke.MethodType$ConcurrentWeakInternSet$WeakEntry@50000b5f)
OBJ 50002d8d (sz=56, trace=300516, class=java.lang.invoke.MemberName@50000124)
ARR 50002d8e (sz=24, trace=300518, nelems=0, elem type=java.lang.Class[]@500000fa)
OBJ 50002d8f (sz=40, trace=300519, class=java.lang.invoke.MethodType@50000121)
OBJ 50002d90 (sz=32, trace=300443, class=java.lang.invoke.MethodType$ConcurrentWeakInternSet$WeakEntry@50000b5f)
ARR 50002d91 (sz=48, trace=300623, nelems=0, elem type=java.lang.invoke.LambdaForm$Name[]@50000fce)
ARR 50002d92 (sz=24, trace=300674, nelems=0, elem type=java.lang.Object[]@500000ff)
ARR 50002d93 (sz=24, trace=300675, nelems=1, elem type=java.lang.Object[]@500000ff)
	[0]		50000f65
OBJ 50002d94 (sz=32, trace=300676, class=java.lang.invoke.LambdaForm$Name@50000f62)
	type		50000f5a
	function	50001105
	arguments	50002d93
ARR 50002d95 (sz=40, trace=300677, nelems=0, elem type=java.lang.Object[]@500000ff)
OBJ 50002d96 (sz=24, trace=300678, class=java.lang.invoke.LambdaForm$NamedFunction@50000f99)
	member		50006e79
ARR 50002d97 (sz=40, trace=300679, nelems=6, elem type=java.lang.Object[]@500000ff)
	[0]		50000f66
	[1]		50000f67
	[2]		50000f68
	[3]		50000f69
	[4]		50000f6a
	[5]		50002d94
OBJ 50002d98 (sz=32, trace=300680, class=java.lang.invoke.LambdaForm$Name@50000f62)
	type		50000f5a
	function	50002d96
	arguments	50002d97
OBJ 50002d99 (sz=24, trace=300681, class=java.lang.StringBuilder@50000118)
ARR 50002d9a (sz=48, trace=300682, nelems=0, elem type=char[])
ARR 50002d9b (sz=88, trace=300010, nelems=0, elem type=char[])
ARR 50002d9c (sz=32, trace=300683, nelems=0, elem type=char[])
OBJ 50002d9d (sz=24, trace=300685, class=java.util.Arrays$ArrayList@5000115f)
OBJ 50002d9e (sz=24, trace=300686, class=java.util.Collections$UnmodifiableRandomAccessList@500000ca)
OBJ 50002d9f (sz=24, trace=300688, class=java.util.Collections$UnmodifiableCollection$1@50001162)
OBJ 50002da0 (sz=32, trace=300690, class=java.util.AbstractList$Itr@50001164)
OBJ 50002da1 (sz=24, trace=300691, class=java.lang.String@50000165)
ARR 50002da2 (sz=32, trace=300692, nelems=0, elem type=char[])
OBJ 50002da3 (sz=24, trace=300861, class=java.lang.StringBuilder@50000118)
ARR 50002da4 (sz=48, trace=300862, nelems=0, elem type=char[])
OBJ 50002da5 (sz=24, trace=300863, class=java.lang.String@50000165)
ARR 50002da6 (sz=24, trace=300864, nelems=0, elem type=char[])
OBJ 50002da7 (sz=24, trace=300693, class=java.lang.String@50000165)
	value		50002da8
ARR 50002da8 (sz=42, trace=300694, nelems=21, elem type=char[])
OBJ 50002da9 (sz=48, trace=300695, class=java.lang.invoke.LambdaForm@50000122)
	names		50006e78
	debugName	50002da7
	vmentry		50006e77
OBJ 50002daa (sz=24, trace=300696, class=java.lang.StringBuilder@50000118)
ARR 50002dab (sz=40, trace=300697, nelems=0, elem type=char[])
OBJ 50002dac (sz=24, trace=300698, class=java.lang.String@50000165)
ARR 50002dad (sz=32, trace=300699, nelems=0, elem type=char[])
ARR 50002dae (sz=40, trace=300700, nelems=0, elem type=java.lang.Class[]@500000fa)
OBJ 50002daf (sz=40, trace=300701, class=java.lang.invoke.MethodType@50000121)
OBJ 50002db0 (sz=32, trace=300443, class=java.lang.invoke.MethodType$ConcurrentWeakInternSet$WeakEntry@50000b5f)
OBJ 50002db1 (sz=64, trace=300704, class=java.lang.invoke.InvokerBytecodeGenerator@50001172)
OBJ 50002db2 (sz=48, trace=300705, class=java.util.HashMap@500000bd)
OBJ 50002db3 (sz=24, trace=300706, class=java.lang.String@50000165)
ARR 50002db4 (sz=24, trace=300707, nelems=0, elem type=char[])
OBJ 50002db5 (sz=24, trace=300708, class=java.lang.String@50000165)
	value		50002db6
ARR 50002db6 (sz=34, trace=300709, nelems=17, elem type=char[])
OBJ 50002db7 (sz=24, trace=300710, class=java.lang.StringBuilder@50000118)
ARR 50002db8 (sz=48, trace=300711, nelems=0, elem type=char[])
ARR 50002db9 (sz=88, trace=300010, nelems=0, elem type=char[])
OBJ 50002dba (sz=24, trace=300712, class=java.lang.String@50000165)
ARR 50002dbb (sz=80, trace=300713, nelems=0, elem type=char[])
OBJ 50002dbc (sz=24, trace=300714, class=java.lang.StringBuilder@50000118)
ARR 50002dbd (sz=48, trace=300715, nelems=0, elem type=char[])
OBJ 50002dbe (sz=24, trace=300716, class=java.lang.String@50000165)
ARR 50002dbf (sz=48, trace=300717, nelems=0, elem type=char[])
ARR 50002dc0 (sz=56, trace=300718, nelems=0, elem type=int[])
ARR 50002dc1 (sz=56, trace=300719, nelems=0, elem type=java.lang.invoke.LambdaForm$BasicType[]@50000f60)
ARR 50002dc2 (sz=56, trace=300720, nelems=0, elem type=java.lang.Class[]@500000fa)
OBJ 50002dc3 (sz=168, trace=300723, class=jdk.internal.org.objectweb.asm.ClassWriter@50001187)
OBJ 50002dc4 (sz=24, trace=300725, class=jdk.internal.org.objectweb.asm.ByteVector@5000118a)
ARR 50002dc5 (sz=80, trace=300726, nelems=0, elem type=byte[])
ARR 50002dc6 (sz=1040, trace=300728, nelems=0, elem type=jdk.internal.org.objectweb.asm.Item[]@5000118e)
OBJ 50002dc7 (sz=56, trace=300729, class=jdk.internal.org.objectweb.asm.Item@5000118d)
OBJ 50002dc8 (sz=56, trace=300730, class=jdk.internal.org.objectweb.asm.Item@5000118d)
OBJ 50002dc9 (sz=56, trace=300731, class=jdk.internal.org.objectweb.asm.Item@5000118d)
OBJ 50002dca (sz=56, trace=300732, class=jdk.internal.org.objectweb.asm.Item@5000118d)
OBJ 50002dcb (sz=56, trace=300733, class=jdk.internal.org.objectweb.asm.Item@5000118d)
OBJ 50002dcc (sz=56, trace=300734, class=jdk.internal.org.objectweb.asm.Item@5000118d)
OBJ 50002dcd (sz=56, trace=300733, class=jdk.internal.org.objectweb.asm.Item@5000118d)
OBJ 50002dce (sz=56, trace=300735, class=jdk.internal.org.objectweb.asm.Item@5000118d)
ARR 50002dcf (sz=144, trace=300736, nelems=0, elem type=byte[])
OBJ 50002dd0 (sz=56, trace=300737, class=jdk.internal.org.objectweb.asm.Item@5000118d)
OBJ 50002dd1 (sz=224, trace=300748, class=jdk.internal.org.objectweb.asm.MethodWriter@500011ab)
OBJ 50002dd2 (sz=24, trace=300749, class=jdk.internal.org.objectweb.asm.ByteVector@5000118a)
ARR 50002dd3 (sz=80, trace=300750, nelems=0, elem type=byte[])
OBJ 50002dd4 (sz=56, trace=300751, class=jdk.internal.org.objectweb.asm.Item@5000118d)
ARR 50002dd5 (sz=272, trace=300752, nelems=0, elem type=byte[])
OBJ 50002dd6 (sz=56, trace=300753, class=jdk.internal.org.objectweb.asm.Item@5000118d)
OBJ 50002dd7 (sz=64, trace=300765, class=jdk.internal.org.objectweb.asm.Label@500011bc)
OBJ 50002dd8 (sz=48, trace=300768, class=jdk.internal.org.objectweb.asm.Frame@500011be)
OBJ 50002dd9 (sz=24, trace=300769, class=jdk.internal.org.objectweb.asm.ByteVector@5000118a)
ARR 50002dda (sz=80, trace=300770, nelems=0, elem type=byte[])
ARR 50002ddb (sz=528, trace=300779, nelems=0, elem type=byte[])
OBJ 50002ddc (sz=56, trace=300771, class=jdk.internal.org.objectweb.asm.Item@5000118d)
OBJ 50002ddd (sz=56, trace=300773, class=jdk.internal.org.objectweb.asm.AnnotationWriter@500011c5)
OBJ 50002dde (sz=24, trace=300774, class=jdk.internal.org.objectweb.asm.ByteVector@5000118a)
ARR 50002ddf (sz=80, trace=300775, nelems=0, elem type=byte[])
OBJ 50002de0 (sz=56, trace=300776, class=jdk.internal.org.objectweb.asm.Item@5000118d)
OBJ 50002de1 (sz=56, trace=300773, class=jdk.internal.org.objectweb.asm.AnnotationWriter@500011c5)
OBJ 50002de2 (sz=24, trace=300777, class=jdk.internal.org.objectweb.asm.ByteVector@5000118a)
ARR 50002de3 (sz=80, trace=300778, nelems=0, elem type=byte[])
OBJ 50002de4 (sz=56, trace=300780, class=jdk.internal.org.objectweb.asm.Item@5000118d)
OBJ 50002de5 (sz=56, trace=300773, class=jdk.internal.org.objectweb.asm.AnnotationWriter@500011c5)
OBJ 50002de6 (sz=24, trace=300795, class=java.lang.String@50000165)
ARR 50002de7 (sz=56, trace=300462, nelems=0, elem type=char[])
ARR 50002de8 (sz=88, trace=300796, nelems=0, elem type=char[])
OBJ 50002de9 (sz=24, trace=300797, class=java.lang.String@50000165)
ARR 50002dea (sz=56, trace=300798, nelems=0, elem type=int[])
OBJ 50002deb (sz=56, trace=300733, class=jdk.internal.org.objectweb.asm.Item@5000118d)
OBJ 50002dec (sz=56, trace=300800, class=jdk.internal.org.objectweb.asm.Item@5000118d)
OBJ 50002ded (sz=56, trace=300801, class=jdk.internal.org.objectweb.asm.Item@5000118d)
OBJ 50002dee (sz=56, trace=300802, class=jdk.internal.org.objectweb.asm.Item@5000118d)
OBJ 50002def (sz=56, trace=300803, class=jdk.internal.org.objectweb.asm.Item@5000118d)
OBJ 50002df0 (sz=56, trace=300804, class=jdk.internal.org.objectweb.asm.Item@5000118d)
OBJ 50002df1 (sz=24, trace=300805, class=java.lang.String@50000165)
ARR 50002df2 (sz=48, trace=300806, nelems=0, elem type=char[])
OBJ 50002df3 (sz=56, trace=300807, class=jdk.internal.org.objectweb.asm.Item@5000118d)
ARR 50002df4 (sz=80, trace=300808, nelems=0, elem type=jdk.internal.org.objectweb.asm.Item[]@5000118e)
ARR 50002df5 (sz=56, trace=300809, nelems=0, elem type=int[])
OBJ 50002df6 (sz=24, trace=300795, class=java.lang.String@50000165)
ARR 50002df7 (sz=40, trace=300462, nelems=0, elem type=char[])
ARR 50002df8 (sz=72, trace=300811, nelems=0, elem type=char[])
OBJ 50002df9 (sz=24, trace=300812, class=java.lang.String@50000165)
OBJ 50002dfa (sz=56, trace=300813, class=jdk.internal.org.objectweb.asm.Item@5000118d)
OBJ 50002dfb (sz=56, trace=300814, class=jdk.internal.org.objectweb.asm.Item@5000118d)
OBJ 50002dfc (sz=56, trace=300815, class=jdk.internal.org.objectweb.asm.Item@5000118d)
ARR 50002dfd (sz=1040, trace=300852, nelems=0, elem type=byte[])
OBJ 50002dfe (sz=56, trace=300733, class=jdk.internal.org.objectweb.asm.Item@5000118d)
OBJ 50002dff (sz=56, trace=300800, class=jdk.internal.org.objectweb.asm.Item@5000118d)
OBJ 50002e00 (sz=56, trace=300801, class=jdk.internal.org.objectweb.asm.Item@5000118d)
OBJ 50002e01 (sz=56, trace=300802, class=jdk.internal.org.objectweb.asm.Item@5000118d)
OBJ 50002e02 (sz=56, trace=300803, class=jdk.internal.org.objectweb.asm.Item@5000118d)
OBJ 50002e03 (sz=56, trace=300804, class=jdk.internal.org.objectweb.asm.Item@5000118d)
OBJ 50002e04 (sz=24, trace=300805, class=java.lang.String@50000165)
ARR 50002e05 (sz=48, trace=300806, nelems=0, elem type=char[])
OBJ 50002e06 (sz=64, trace=300817, class=jdk.internal.org.objectweb.asm.Label@500011bc)
OBJ 50002e07 (sz=48, trace=300818, class=jdk.internal.org.objectweb.asm.Frame@500011be)
ARR 50002e08 (sz=272, trace=300819, nelems=0, elem type=char[])
ARR 50002e09 (sz=40, trace=300820, nelems=0, elem type=jdk.internal.org.objectweb.asm.Type[]@50001222)
OBJ 50002e0a (sz=32, trace=300821, class=jdk.internal.org.objectweb.asm.Type@500011b2)
OBJ 50002e0b (sz=32, trace=300821, class=jdk.internal.org.objectweb.asm.Type@500011b2)
OBJ 50002e0c (sz=32, trace=300821, class=jdk.internal.org.objectweb.asm.Type@500011b2)
OBJ 50002e0d (sz=32, trace=300821, class=jdk.internal.org.objectweb.asm.Type@500011b2)
OBJ 50002e0e (sz=32, trace=300821, class=jdk.internal.org.objectweb.asm.Type@500011b2)
OBJ 50002e0f (sz=32, trace=300821, class=jdk.internal.org.objectweb.asm.Type@500011b2)
ARR 50002e10 (sz=48, trace=300822, nelems=0, elem type=int[])
ARR 50002e11 (sz=16, trace=300823, nelems=0, elem type=int[])
OBJ 50002e12 (sz=24, trace=300824, class=java.lang.StringBuffer@50000119)
ARR 50002e13 (sz=48, trace=300825, nelems=0, elem type=char[])
ARR 50002e14 (sz=88, trace=300826, nelems=0, elem type=char[])
ARR 50002e15 (sz=56, trace=300827, nelems=0, elem type=char[])
OBJ 50002e16 (sz=24, trace=300828, class=java.lang.String@50000165)
OBJ 50002e17 (sz=24, trace=300829, class=java.lang.String@50000165)
ARR 50002e18 (sz=48, trace=300806, nelems=0, elem type=char[])
OBJ 50002e19 (sz=24, trace=300824, class=java.lang.StringBuffer@50000119)
ARR 50002e1a (sz=48, trace=300825, nelems=0, elem type=char[])
ARR 50002e1b (sz=88, trace=300826, nelems=0, elem type=char[])
ARR 50002e1c (sz=56, trace=300827, nelems=0, elem type=char[])
OBJ 50002e1d (sz=24, trace=300828, class=java.lang.String@50000165)
OBJ 50002e1e (sz=24, trace=300829, class=java.lang.String@50000165)
ARR 50002e1f (sz=48, trace=300806, nelems=0, elem type=char[])
OBJ 50002e20 (sz=24, trace=300824, class=java.lang.StringBuffer@50000119)
ARR 50002e21 (sz=48, trace=300825, nelems=0, elem type=char[])
ARR 50002e22 (sz=88, trace=300826, nelems=0, elem type=char[])
ARR 50002e23 (sz=56, trace=300827, nelems=0, elem type=char[])
OBJ 50002e24 (sz=24, trace=300828, class=java.lang.String@50000165)
OBJ 50002e25 (sz=24, trace=300829, class=java.lang.String@50000165)
ARR 50002e26 (sz=48, trace=300806, nelems=0, elem type=char[])
OBJ 50002e27 (sz=24, trace=300824, class=java.lang.StringBuffer@50000119)
ARR 50002e28 (sz=48, trace=300825, nelems=0, elem type=char[])
ARR 50002e29 (sz=88, trace=300826, nelems=0, elem type=char[])
ARR 50002e2a (sz=56, trace=300827, nelems=0, elem type=char[])
OBJ 50002e2b (sz=24, trace=300828, class=java.lang.String@50000165)
OBJ 50002e2c (sz=24, trace=300829, class=java.lang.String@50000165)
ARR 50002e2d (sz=48, trace=300806, nelems=0, elem type=char[])
OBJ 50002e2e (sz=24, trace=300824, class=java.lang.StringBuffer@50000119)
ARR 50002e2f (sz=48, trace=300825, nelems=0, elem type=char[])
ARR 50002e30 (sz=88, trace=300826, nelems=0, elem type=char[])
ARR 50002e31 (sz=56, trace=300827, nelems=0, elem type=char[])
OBJ 50002e32 (sz=24, trace=300828, class=java.lang.String@50000165)
OBJ 50002e33 (sz=24, trace=300829, class=java.lang.String@50000165)
ARR 50002e34 (sz=48, trace=300806, nelems=0, elem type=char[])
OBJ 50002e35 (sz=24, trace=300824, class=java.lang.StringBuffer@50000119)
ARR 50002e36 (sz=48, trace=300825, nelems=0, elem type=char[])
ARR 50002e37 (sz=88, trace=300826, nelems=0, elem type=char[])
ARR 50002e38 (sz=56, trace=300827, nelems=0, elem type=char[])
OBJ 50002e39 (sz=24, trace=300828, class=java.lang.String@50000165)
OBJ 50002e3a (sz=24, trace=300829, class=java.lang.String@50000165)
ARR 50002e3b (sz=48, trace=300806, nelems=0, elem type=char[])
ARR 50002e3c (sz=56, trace=300830, nelems=0, elem type=int[])
ARR 50002e3d (sz=24, trace=300831, nelems=0, elem type=java.lang.Object[]@500000ff)
OBJ 50002e3e (sz=56, trace=300832, class=jdk.internal.org.objectweb.asm.Item@5000118d)
OBJ 50002e3f (sz=56, trace=300833, class=jdk.internal.org.objectweb.asm.Item@5000118d)
OBJ 50002e40 (sz=56, trace=300834, class=jdk.internal.org.objectweb.asm.Item@5000118d)
OBJ 50002e41 (sz=24, trace=300835, class=jdk.internal.org.objectweb.asm.ByteVector@5000118a)
ARR 50002e42 (sz=856, trace=300836, nelems=0, elem type=byte[])
ARR 50002e43 (sz=128, trace=300837, nelems=0, elem type=java.lang.Object[]@500000ff)
OBJ 50002e44 (sz=16, trace=300839, class=java.util.HashMap$Values@5000123e)
OBJ 50002e45 (sz=40, trace=300841, class=java.util.HashMap$ValueIterator@50001241)
OBJ 50002e47 (sz=56, trace=300843, class=java.lang.invoke.MemberName@50000124)
OBJ 50002e48 (sz=40, trace=300844, class=java.lang.ref.SoftReference@50000149)
	referent	50002da9
	queue		50006b4d
OBJ 50002e49 (sz=32, trace=300865, class=java.lang.invoke.DirectMethodHandle@50000125)
	type		50002d84
	form		50002da9
	member		50006ff9
ARR 50002e4a (sz=24, trace=301038, nelems=0, elem type=java.lang.Class[]@500000fa)
OBJ 50002e4b (sz=40, trace=300519, class=java.lang.invoke.MethodType@50000121)
OBJ 50002e4c (sz=32, trace=300443, class=java.lang.invoke.MethodType$ConcurrentWeakInternSet$WeakEntry@50000b5f)
ARR 50002e4d (sz=48, trace=301039, nelems=0, elem type=java.lang.invoke.LambdaForm$Name[]@50000fce)
OBJ 50002e4e (sz=32, trace=301040, class=java.lang.invoke.LambdaForm$Name@50000f62)
	type		50000f5a
	constraint	50002302
ARR 50002e4f (sz=24, trace=301041, nelems=0, elem type=java.lang.Object[]@500000ff)
ARR 50002e50 (sz=24, trace=300907, nelems=0, elem type=java.lang.Class[]@500000fa)
OBJ 50002e51 (sz=40, trace=300860, class=java.lang.invoke.MethodType@50000121)
OBJ 50002e52 (sz=32, trace=300443, class=java.lang.invoke.MethodType$ConcurrentWeakInternSet$WeakEntry@50000b5f)
ARR 50002e53 (sz=24, trace=301042, nelems=1, elem type=java.lang.Object[]@500000ff)
	[0]		50002e4e
OBJ 50002e54 (sz=32, trace=301043, class=java.lang.invoke.LambdaForm$Name@50000f62)
	type		50000f5a
	function	5000230a
	arguments	50002e53
ARR 50002e55 (sz=40, trace=301044, nelems=0, elem type=java.lang.Object[]@500000ff)
OBJ 50002e56 (sz=24, trace=301045, class=java.lang.invoke.LambdaForm$NamedFunction@50000f99)
	member		50006dea
	resolvedHandle	50002f27
OBJ 50002e57 (sz=24, trace=301064, class=java.lang.invoke.Invokers@50000b5b)
	targetType	50001f32
	invokers	50002e58
ARR 50002e58 (sz=32, trace=301065, nelems=3, elem type=java.lang.invoke.MethodHandle[]@5000018c)
	[2]		50002f27
OBJ 50002e59 (sz=56, trace=301066, class=java.lang.invoke.MemberName@50000124)
ARR 50002e5a (sz=24, trace=301067, nelems=0, elem type=java.lang.Class[]@500000fa)
OBJ 50002e5b (sz=40, trace=300857, class=java.lang.invoke.MethodType@50000121)
OBJ 50002e5c (sz=32, trace=300443, class=java.lang.invoke.MethodType$ConcurrentWeakInternSet$WeakEntry@50000b5f)
ARR 50002e5d (sz=24, trace=300859, nelems=0, elem type=java.lang.Class[]@500000fa)
OBJ 50002e5e (sz=40, trace=300860, class=java.lang.invoke.MethodType@50000121)
OBJ 50002e5f (sz=32, trace=300443, class=java.lang.invoke.MethodType$ConcurrentWeakInternSet$WeakEntry@50000b5f)
ARR 50002e60 (sz=24, trace=300512, nelems=0, elem type=java.lang.Class[]@500000fa)
OBJ 50002e61 (sz=40, trace=300514, class=java.lang.invoke.MethodType@50000121)
OBJ 50002e62 (sz=32, trace=300443, class=java.lang.invoke.MethodType$ConcurrentWeakInternSet$WeakEntry@50000b5f)
OBJ 50002e63 (sz=56, trace=300516, class=java.lang.invoke.MemberName@50000124)
ARR 50002e64 (sz=24, trace=300518, nelems=0, elem type=java.lang.Class[]@500000fa)
OBJ 50002e65 (sz=40, trace=300519, class=java.lang.invoke.MethodType@50000121)
OBJ 50002e66 (sz=32, trace=300443, class=java.lang.invoke.MethodType$ConcurrentWeakInternSet$WeakEntry@50000b5f)
ARR 50002e67 (sz=56, trace=300623, nelems=0, elem type=java.lang.invoke.LambdaForm$Name[]@50000fce)
ARR 50002e68 (sz=24, trace=300674, nelems=0, elem type=java.lang.Object[]@500000ff)
ARR 50002e69 (sz=24, trace=300675, nelems=1, elem type=java.lang.Object[]@500000ff)
	[0]		50000f65
OBJ 50002e6a (sz=32, trace=300676, class=java.lang.invoke.LambdaForm$Name@50000f62)
	type		50000f5a
	function	50001105
	arguments	50002e69
ARR 50002e6b (sz=48, trace=300677, nelems=0, elem type=java.lang.Object[]@500000ff)
OBJ 50002e6c (sz=24, trace=300678, class=java.lang.invoke.LambdaForm$NamedFunction@50000f99)
	member		50006f8f
ARR 50002e6d (sz=48, trace=300679, nelems=7, elem type=java.lang.Object[]@500000ff)
	[0]		50000f66
	[1]		50000f67
	[2]		50000f68
	[3]		50000f69
	[4]		50000f6a
	[5]		50000f6b
	[6]		50002e6a
OBJ 50002e6e (sz=32, trace=300680, class=java.lang.invoke.LambdaForm$Name@50000f62)
	type		50000f5a
	function	50002e6c
	arguments	50002e6d
OBJ 50002e6f (sz=24, trace=300681, class=java.lang.StringBuilder@50000118)
ARR 50002e70 (sz=48, trace=300682, nelems=0, elem type=char[])
ARR 50002e71 (sz=88, trace=300010, nelems=0, elem type=char[])
ARR 50002e72 (sz=32, trace=300683, nelems=0, elem type=char[])
OBJ 50002e73 (sz=24, trace=300685, class=java.util.Arrays$ArrayList@5000115f)
OBJ 50002e74 (sz=24, trace=300686, class=java.util.Collections$UnmodifiableRandomAccessList@500000ca)
OBJ 50002e75 (sz=24, trace=300688, class=java.util.Collections$UnmodifiableCollection$1@50001162)
OBJ 50002e76 (sz=32, trace=300690, class=java.util.AbstractList$Itr@50001164)
OBJ 50002e77 (sz=24, trace=300691, class=java.lang.String@50000165)
ARR 50002e78 (sz=32, trace=300692, nelems=0, elem type=char[])
OBJ 50002e79 (sz=24, trace=300861, class=java.lang.StringBuilder@50000118)
ARR 50002e7a (sz=48, trace=300862, nelems=0, elem type=char[])
OBJ 50002e7b (sz=24, trace=300863, class=java.lang.String@50000165)
ARR 50002e7c (sz=24, trace=300864, nelems=0, elem type=char[])
OBJ 50002e7d (sz=24, trace=300693, class=java.lang.String@50000165)
	value		50002e7e
ARR 50002e7e (sz=44, trace=300694, nelems=22, elem type=char[])
OBJ 50002e7f (sz=48, trace=300695, class=java.lang.invoke.LambdaForm@50000122)
	names		50006f8e
	debugName	50002e7d
	vmentry		50006f8d
OBJ 50002e80 (sz=24, trace=300696, class=java.lang.StringBuilder@50000118)
ARR 50002e81 (sz=40, trace=300697, nelems=0, elem type=char[])
OBJ 50002e82 (sz=24, trace=300698, class=java.lang.String@50000165)
ARR 50002e83 (sz=40, trace=300699, nelems=0, elem type=char[])
ARR 50002e84 (sz=48, trace=300700, nelems=0, elem type=java.lang.Class[]@500000fa)
OBJ 50002e85 (sz=40, trace=300701, class=java.lang.invoke.MethodType@50000121)
OBJ 50002e86 (sz=32, trace=300443, class=java.lang.invoke.MethodType$ConcurrentWeakInternSet$WeakEntry@50000b5f)
OBJ 50002e87 (sz=64, trace=300704, class=java.lang.invoke.InvokerBytecodeGenerator@50001172)
OBJ 50002e88 (sz=48, trace=300705, class=java.util.HashMap@500000bd)
OBJ 50002e89 (sz=24, trace=300706, class=java.lang.String@50000165)
ARR 50002e8a (sz=24, trace=300707, nelems=0, elem type=char[])
OBJ 50002e8b (sz=24, trace=300708, class=java.lang.String@50000165)
	value		50002e8c
ARR 50002e8c (sz=36, trace=300709, nelems=18, elem type=char[])
OBJ 50002e8d (sz=24, trace=300710, class=java.lang.StringBuilder@50000118)
ARR 50002e8e (sz=48, trace=300711, nelems=0, elem type=char[])
ARR 50002e8f (sz=88, trace=300010, nelems=0, elem type=char[])
OBJ 50002e90 (sz=24, trace=300712, class=java.lang.String@50000165)
ARR 50002e91 (sz=80, trace=300713, nelems=0, elem type=char[])
OBJ 50002e92 (sz=24, trace=300714, class=java.lang.StringBuilder@50000118)
ARR 50002e93 (sz=48, trace=300715, nelems=0, elem type=char[])
OBJ 50002e94 (sz=24, trace=300716, class=java.lang.String@50000165)
ARR 50002e95 (sz=48, trace=300717, nelems=0, elem type=char[])
ARR 50002e96 (sz=56, trace=300718, nelems=0, elem type=int[])
ARR 50002e97 (sz=56, trace=300719, nelems=0, elem type=java.lang.invoke.LambdaForm$BasicType[]@50000f60)
ARR 50002e98 (sz=56, trace=300720, nelems=0, elem type=java.lang.Class[]@500000fa)
OBJ 50002e99 (sz=168, trace=300723, class=jdk.internal.org.objectweb.asm.ClassWriter@50001187)
OBJ 50002e9a (sz=24, trace=300725, class=jdk.internal.org.objectweb.asm.ByteVector@5000118a)
ARR 50002e9b (sz=80, trace=300726, nelems=0, elem type=byte[])
ARR 50002e9c (sz=1040, trace=300728, nelems=0, elem type=jdk.internal.org.objectweb.asm.Item[]@5000118e)
OBJ 50002e9d (sz=56, trace=300729, class=jdk.internal.org.objectweb.asm.Item@5000118d)
OBJ 50002e9e (sz=56, trace=300730, class=jdk.internal.org.objectweb.asm.Item@5000118d)
OBJ 50002e9f (sz=56, trace=300731, class=jdk.internal.org.objectweb.asm.Item@5000118d)
OBJ 50002ea0 (sz=56, trace=300732, class=jdk.internal.org.objectweb.asm.Item@5000118d)
OBJ 50002ea1 (sz=56, trace=300733, class=jdk.internal.org.objectweb.asm.Item@5000118d)
OBJ 50002ea2 (sz=56, trace=300734, class=jdk.internal.org.objectweb.asm.Item@5000118d)
OBJ 50002ea3 (sz=56, trace=300733, class=jdk.internal.org.objectweb.asm.Item@5000118d)
OBJ 50002ea4 (sz=56, trace=300735, class=jdk.internal.org.objectweb.asm.Item@5000118d)
ARR 50002ea5 (sz=144, trace=300736, nelems=0, elem type=byte[])
OBJ 50002ea6 (sz=56, trace=300737, class=jdk.internal.org.objectweb.asm.Item@5000118d)
OBJ 50002ea7 (sz=224, trace=300748, class=jdk.internal.org.objectweb.asm.MethodWriter@500011ab)
OBJ 50002ea8 (sz=24, trace=300749, class=jdk.internal.org.objectweb.asm.ByteVector@5000118a)
ARR 50002ea9 (sz=80, trace=300750, nelems=0, elem type=byte[])
OBJ 50002eaa (sz=56, trace=300751, class=jdk.internal.org.objectweb.asm.Item@5000118d)
ARR 50002eab (sz=272, trace=300752, nelems=0, elem type=byte[])
OBJ 50002eac (sz=56, trace=300753, class=jdk.internal.org.objectweb.asm.Item@5000118d)
OBJ 50002ead (sz=64, trace=300765, class=jdk.internal.org.objectweb.asm.Label@500011bc)
OBJ 50002eae (sz=48, trace=300768, class=jdk.internal.org.objectweb.asm.Frame@500011be)
OBJ 50002eaf (sz=24, trace=300769, class=jdk.internal.org.objectweb.asm.ByteVector@5000118a)
ARR 50002eb0 (sz=80, trace=300770, nelems=0, elem type=byte[])
ARR 50002eb1 (sz=528, trace=300779, nelems=0, elem type=byte[])
OBJ 50002eb2 (sz=56, trace=300771, class=jdk.internal.org.objectweb.asm.Item@5000118d)
OBJ 50002eb3 (sz=56, trace=300773, class=jdk.internal.org.objectweb.asm.AnnotationWriter@500011c5)
OBJ 50002eb4 (sz=24, trace=300774, class=jdk.internal.org.objectweb.asm.ByteVector@5000118a)
ARR 50002eb5 (sz=80, trace=300775, nelems=0, elem type=byte[])
OBJ 50002eb6 (sz=56, trace=300776, class=jdk.internal.org.objectweb.asm.Item@5000118d)
OBJ 50002eb7 (sz=56, trace=300773, class=jdk.internal.org.objectweb.asm.AnnotationWriter@500011c5)
OBJ 50002eb8 (sz=24, trace=300777, class=jdk.internal.org.objectweb.asm.ByteVector@5000118a)
ARR 50002eb9 (sz=80, trace=300778, nelems=0, elem type=byte[])
OBJ 50002eba (sz=56, trace=300780, class=jdk.internal.org.objectweb.asm.Item@5000118d)
OBJ 50002ebb (sz=56, trace=300773, class=jdk.internal.org.objectweb.asm.AnnotationWriter@500011c5)
OBJ 50002ebc (sz=24, trace=300795, class=java.lang.String@50000165)
ARR 50002ebd (sz=56, trace=300462, nelems=0, elem type=char[])
ARR 50002ebe (sz=88, trace=300796, nelems=0, elem type=char[])
OBJ 50002ebf (sz=24, trace=300797, class=java.lang.String@50000165)
ARR 50002ec0 (sz=56, trace=300798, nelems=0, elem type=int[])
OBJ 50002ec1 (sz=56, trace=300733, class=jdk.internal.org.objectweb.asm.Item@5000118d)
OBJ 50002ec2 (sz=56, trace=300800, class=jdk.internal.org.objectweb.asm.Item@5000118d)
OBJ 50002ec3 (sz=56, trace=300801, class=jdk.internal.org.objectweb.asm.Item@5000118d)
OBJ 50002ec4 (sz=56, trace=300802, class=jdk.internal.org.objectweb.asm.Item@5000118d)
OBJ 50002ec5 (sz=56, trace=300803, class=jdk.internal.org.objectweb.asm.Item@5000118d)
OBJ 50002ec6 (sz=56, trace=300804, class=jdk.internal.org.objectweb.asm.Item@5000118d)
OBJ 50002ec7 (sz=24, trace=300805, class=java.lang.String@50000165)
ARR 50002ec8 (sz=48, trace=300806, nelems=0, elem type=char[])
OBJ 50002ec9 (sz=56, trace=300807, class=jdk.internal.org.objectweb.asm.Item@5000118d)
ARR 50002eca (sz=80, trace=300808, nelems=0, elem type=jdk.internal.org.objectweb.asm.Item[]@5000118e)
ARR 50002ecb (sz=56, trace=300809, nelems=0, elem type=int[])
OBJ 50002ecc (sz=24, trace=300795, class=java.lang.String@50000165)
ARR 50002ecd (sz=40, trace=300462, nelems=0, elem type=char[])
ARR 50002ece (sz=72, trace=300811, nelems=0, elem type=char[])
OBJ 50002ecf (sz=24, trace=300812, class=java.lang.String@50000165)
OBJ 50002ed0 (sz=56, trace=300813, class=jdk.internal.org.objectweb.asm.Item@5000118d)
OBJ 50002ed1 (sz=56, trace=300814, class=jdk.internal.org.objectweb.asm.Item@5000118d)
OBJ 50002ed2 (sz=56, trace=300815, class=jdk.internal.org.objectweb.asm.Item@5000118d)
ARR 50002ed3 (sz=1040, trace=300852, nelems=0, elem type=byte[])
OBJ 50002ed4 (sz=56, trace=300733, class=jdk.internal.org.objectweb.asm.Item@5000118d)
OBJ 50002ed5 (sz=56, trace=300800, class=jdk.internal.org.objectweb.asm.Item@5000118d)
OBJ 50002ed6 (sz=56, trace=300801, class=jdk.internal.org.objectweb.asm.Item@5000118d)
OBJ 50002ed7 (sz=56, trace=300802, class=jdk.internal.org.objectweb.asm.Item@5000118d)
OBJ 50002ed8 (sz=56, trace=300803, class=jdk.internal.org.objectweb.asm.Item@5000118d)
OBJ 50002ed9 (sz=56, trace=300804, class=jdk.internal.org.objectweb.asm.Item@5000118d)
OBJ 50002eda (sz=24, trace=300805, class=java.lang.String@50000165)
ARR 50002edb (sz=48, trace=300806, nelems=0, elem type=char[])
OBJ 50002edc (sz=64, trace=300817, class=jdk.internal.org.objectweb.asm.Label@500011bc)
OBJ 50002edd (sz=48, trace=300818, class=jdk.internal.org.objectweb.asm.Frame@500011be)
ARR 50002ede (sz=312, trace=300819, nelems=0, elem type=char[])
ARR 50002edf (sz=48, trace=300820, nelems=0, elem type=jdk.internal.org.objectweb.asm.Type[]@50001222)
OBJ 50002ee0 (sz=32, trace=300821, class=jdk.internal.org.objectweb.asm.Type@500011b2)
OBJ 50002ee1 (sz=32, trace=300821, class=jdk.internal.org.objectweb.asm.Type@500011b2)
OBJ 50002ee2 (sz=32, trace=300821, class=jdk.internal.org.objectweb.asm.Type@500011b2)
OBJ 50002ee3 (sz=32, trace=300821, class=jdk.internal.org.objectweb.asm.Type@500011b2)
OBJ 50002ee4 (sz=32, trace=300821, class=jdk.internal.org.objectweb.asm.Type@500011b2)
OBJ 50002ee5 (sz=32, trace=300821, class=jdk.internal.org.objectweb.asm.Type@500011b2)
OBJ 50002ee6 (sz=32, trace=300821, class=jdk.internal.org.objectweb.asm.Type@500011b2)
ARR 50002ee7 (sz=48, trace=300822, nelems=0, elem type=int[])
ARR 50002ee8 (sz=16, trace=300823, nelems=0, elem type=int[])
OBJ 50002ee9 (sz=24, trace=300824, class=java.lang.StringBuffer@50000119)
ARR 50002eea (sz=48, trace=300825, nelems=0, elem type=char[])
ARR 50002eeb (sz=88, trace=300826, nelems=0, elem type=char[])
ARR 50002eec (sz=56, trace=300827, nelems=0, elem type=char[])
OBJ 50002eed (sz=24, trace=300828, class=java.lang.String@50000165)
OBJ 50002eee (sz=24, trace=300829, class=java.lang.String@50000165)
ARR 50002eef (sz=48, trace=300806, nelems=0, elem type=char[])
OBJ 50002ef0 (sz=24, trace=300824, class=java.lang.StringBuffer@50000119)
ARR 50002ef1 (sz=48, trace=300825, nelems=0, elem type=char[])
ARR 50002ef2 (sz=88, trace=300826, nelems=0, elem type=char[])
ARR 50002ef3 (sz=56, trace=300827, nelems=0, elem type=char[])
OBJ 50002ef4 (sz=24, trace=300828, class=java.lang.String@50000165)
OBJ 50002ef5 (sz=24, trace=300829, class=java.lang.String@50000165)
ARR 50002ef6 (sz=48, trace=300806, nelems=0, elem type=char[])
OBJ 50002ef7 (sz=24, trace=300824, class=java.lang.StringBuffer@50000119)
ARR 50002ef8 (sz=48, trace=300825, nelems=0, elem type=char[])
ARR 50002ef9 (sz=88, trace=300826, nelems=0, elem type=char[])
ARR 50002efa (sz=56, trace=300827, nelems=0, elem type=char[])
OBJ 50002efb (sz=24, trace=300828, class=java.lang.String@50000165)
OBJ 50002efc (sz=24, trace=300829, class=java.lang.String@50000165)
ARR 50002efd (sz=48, trace=300806, nelems=0, elem type=char[])
OBJ 50002efe (sz=24, trace=300824, class=java.lang.StringBuffer@50000119)
ARR 50002eff (sz=48, trace=300825, nelems=0, elem type=char[])
ARR 50002f00 (sz=88, trace=300826, nelems=0, elem type=char[])
ARR 50002f01 (sz=56, trace=300827, nelems=0, elem type=char[])
OBJ 50002f02 (sz=24, trace=300828, class=java.lang.String@50000165)
OBJ 50002f03 (sz=24, trace=300829, class=java.lang.String@50000165)
ARR 50002f04 (sz=48, trace=300806, nelems=0, elem type=char[])
OBJ 50002f05 (sz=24, trace=300824, class=java.lang.StringBuffer@50000119)
ARR 50002f06 (sz=48, trace=300825, nelems=0, elem type=char[])
ARR 50002f07 (sz=88, trace=300826, nelems=0, elem type=char[])
ARR 50002f08 (sz=56, trace=300827, nelems=0, elem type=char[])
OBJ 50002f09 (sz=24, trace=300828, class=java.lang.String@50000165)
OBJ 50002f0a (sz=24, trace=300829, class=java.lang.String@50000165)
ARR 50002f0b (sz=48, trace=300806, nelems=0, elem type=char[])
OBJ 50002f0c (sz=24, trace=300824, class=java.lang.StringBuffer@50000119)
ARR 50002f0d (sz=48, trace=300825, nelems=0, elem type=char[])
ARR 50002f0e (sz=88, trace=300826, nelems=0, elem type=char[])
ARR 50002f0f (sz=56, trace=300827, nelems=0, elem type=char[])
OBJ 50002f10 (sz=24, trace=300828, class=java.lang.String@50000165)
OBJ 50002f11 (sz=24, trace=300829, class=java.lang.String@50000165)
ARR 50002f12 (sz=48, trace=300806, nelems=0, elem type=char[])
OBJ 50002f13 (sz=24, trace=300824, class=java.lang.StringBuffer@50000119)
ARR 50002f14 (sz=48, trace=300825, nelems=0, elem type=char[])
ARR 50002f15 (sz=88, trace=300826, nelems=0, elem type=char[])
ARR 50002f16 (sz=56, trace=300827, nelems=0, elem type=char[])
OBJ 50002f17 (sz=24, trace=300828, class=java.lang.String@50000165)
OBJ 50002f18 (sz=24, trace=300829, class=java.lang.String@50000165)
ARR 50002f19 (sz=48, trace=300806, nelems=0, elem type=char[])
ARR 50002f1a (sz=56, trace=300830, nelems=0, elem type=int[])
ARR 50002f1b (sz=24, trace=300831, nelems=0, elem type=java.lang.Object[]@500000ff)
OBJ 50002f1c (sz=56, trace=300832, class=jdk.internal.org.objectweb.asm.Item@5000118d)
OBJ 50002f1d (sz=56, trace=300833, class=jdk.internal.org.objectweb.asm.Item@5000118d)
OBJ 50002f1e (sz=56, trace=300834, class=jdk.internal.org.objectweb.asm.Item@5000118d)
OBJ 50002f1f (sz=24, trace=300835, class=jdk.internal.org.objectweb.asm.ByteVector@5000118a)
ARR 50002f20 (sz=896, trace=300836, nelems=0, elem type=byte[])
ARR 50002f21 (sz=128, trace=300837, nelems=0, elem type=java.lang.Object[]@500000ff)
OBJ 50002f22 (sz=16, trace=300839, class=java.util.HashMap$Values@5000123e)
OBJ 50002f23 (sz=40, trace=300841, class=java.util.HashMap$ValueIterator@50001241)
OBJ 50002f25 (sz=56, trace=300843, class=java.lang.invoke.MemberName@50000124)
OBJ 50002f26 (sz=40, trace=300844, class=java.lang.ref.SoftReference@50000149)
	referent	50002e7f
	queue		50006b4d
OBJ 50002f27 (sz=32, trace=300845, class=java.lang.invoke.DirectMethodHandle@50000125)
	type		50002be0
	form		50002e7f
	member		50006dea
OBJ 50002f28 (sz=40, trace=301012, class=java.lang.ref.SoftReference@50000149)
	referent	50002f27
	queue		50006b4d
ARR 50002f29 (sz=40, trace=301068, nelems=6, elem type=java.lang.Object[]@500000ff)
	[0]		50002e54
	[1]		50000f66
	[2]		50000f67
	[3]		50000f68
	[4]		50000f69
	[5]		50000f6a
OBJ 50002f2a (sz=32, trace=301069, class=java.lang.invoke.LambdaForm$Name@50000f62)
	type		50000f5a
	function	50002e56
	arguments	50002f29
OBJ 50002f2b (sz=48, trace=301070, class=java.lang.invoke.LambdaForm@50000122)
	names		50006f93
	debugName	50006e2d
	vmentry		50006f92
OBJ 50002f2c (sz=40, trace=300844, class=java.lang.ref.SoftReference@50000149)
	referent	50002f2b
	queue		50006b4d
OBJ 50002f2d (sz=40, trace=301098, class=java.lang.invoke.MethodHandleImpl$IntrinsicMethodHandle@500026a0)
	type		50002d84
	form		50002f2b
	target		50002e49
	intrinsicName	500011d3
OBJ 50002f2e (sz=24, trace=300696, class=java.lang.StringBuilder@50000118)
ARR 50002f2f (sz=40, trace=300697, nelems=0, elem type=char[])
OBJ 50002f30 (sz=24, trace=300698, class=java.lang.String@50000165)
ARR 50002f31 (sz=32, trace=300699, nelems=0, elem type=char[])
ARR 50002f32 (sz=40, trace=300938, nelems=0, elem type=java.lang.Class[]@500000fa)
OBJ 50002f33 (sz=40, trace=300701, class=java.lang.invoke.MethodType@50000121)
OBJ 50002f34 (sz=32, trace=300443, class=java.lang.invoke.MethodType$ConcurrentWeakInternSet$WeakEntry@50000b5f)
OBJ 50002f35 (sz=64, trace=300704, class=java.lang.invoke.InvokerBytecodeGenerator@50001172)
OBJ 50002f36 (sz=48, trace=300705, class=java.util.HashMap@500000bd)
OBJ 50002f37 (sz=24, trace=300706, class=java.lang.String@50000165)
ARR 50002f38 (sz=24, trace=300707, nelems=0, elem type=char[])
OBJ 50002f39 (sz=24, trace=300708, class=java.lang.String@50000165)
	value		50002f3a
ARR 50002f3a (sz=16, trace=300709, nelems=8, elem type=char[])
OBJ 50002f3b (sz=24, trace=300710, class=java.lang.StringBuilder@50000118)
ARR 50002f3c (sz=48, trace=300711, nelems=0, elem type=char[])
ARR 50002f3d (sz=88, trace=300010, nelems=0, elem type=char[])
OBJ 50002f3e (sz=24, trace=300712, class=java.lang.String@50000165)
ARR 50002f3f (sz=80, trace=300713, nelems=0, elem type=char[])
OBJ 50002f40 (sz=24, trace=300714, class=java.lang.StringBuilder@50000118)
ARR 50002f41 (sz=48, trace=300715, nelems=0, elem type=char[])
OBJ 50002f42 (sz=24, trace=300716, class=java.lang.String@50000165)
ARR 50002f43 (sz=48, trace=300717, nelems=0, elem type=char[])
ARR 50002f44 (sz=56, trace=300718, nelems=0, elem type=int[])
ARR 50002f45 (sz=56, trace=300719, nelems=0, elem type=java.lang.invoke.LambdaForm$BasicType[]@50000f60)
ARR 50002f46 (sz=56, trace=300720, nelems=0, elem type=java.lang.Class[]@500000fa)
OBJ 50002f47 (sz=168, trace=300723, class=jdk.internal.org.objectweb.asm.ClassWriter@50001187)
OBJ 50002f48 (sz=24, trace=300725, class=jdk.internal.org.objectweb.asm.ByteVector@5000118a)
ARR 50002f49 (sz=80, trace=300726, nelems=0, elem type=byte[])
ARR 50002f4a (sz=1040, trace=300728, nelems=0, elem type=jdk.internal.org.objectweb.asm.Item[]@5000118e)
OBJ 50002f4b (sz=56, trace=300729, class=jdk.internal.org.objectweb.asm.Item@5000118d)
OBJ 50002f4c (sz=56, trace=300730, class=jdk.internal.org.objectweb.asm.Item@5000118d)
OBJ 50002f4d (sz=56, trace=300731, class=jdk.internal.org.objectweb.asm.Item@5000118d)
OBJ 50002f4e (sz=56, trace=300732, class=jdk.internal.org.objectweb.asm.Item@5000118d)
OBJ 50002f4f (sz=56, trace=300733, class=jdk.internal.org.objectweb.asm.Item@5000118d)
OBJ 50002f50 (sz=56, trace=300734, class=jdk.internal.org.objectweb.asm.Item@5000118d)
OBJ 50002f51 (sz=56, trace=300733, class=jdk.internal.org.objectweb.asm.Item@5000118d)
OBJ 50002f52 (sz=56, trace=300735, class=jdk.internal.org.objectweb.asm.Item@5000118d)
ARR 50002f53 (sz=144, trace=300736, nelems=0, elem type=byte[])
OBJ 50002f54 (sz=56, trace=300737, class=jdk.internal.org.objectweb.asm.Item@5000118d)
OBJ 50002f55 (sz=224, trace=300748, class=jdk.internal.org.objectweb.asm.MethodWriter@500011ab)
OBJ 50002f56 (sz=24, trace=300749, class=jdk.internal.org.objectweb.asm.ByteVector@5000118a)
ARR 50002f57 (sz=80, trace=300750, nelems=0, elem type=byte[])
OBJ 50002f58 (sz=56, trace=300751, class=jdk.internal.org.objectweb.asm.Item@5000118d)
ARR 50002f59 (sz=272, trace=300752, nelems=0, elem type=byte[])
OBJ 50002f5a (sz=56, trace=300753, class=jdk.internal.org.objectweb.asm.Item@5000118d)
OBJ 50002f5b (sz=64, trace=300765, class=jdk.internal.org.objectweb.asm.Label@500011bc)
OBJ 50002f5c (sz=48, trace=300768, class=jdk.internal.org.objectweb.asm.Frame@500011be)
OBJ 50002f5d (sz=24, trace=300769, class=jdk.internal.org.objectweb.asm.ByteVector@5000118a)
ARR 50002f5e (sz=80, trace=300770, nelems=0, elem type=byte[])
OBJ 50002f5f (sz=56, trace=300771, class=jdk.internal.org.objectweb.asm.Item@5000118d)
OBJ 50002f60 (sz=56, trace=300773, class=jdk.internal.org.objectweb.asm.AnnotationWriter@500011c5)
OBJ 50002f61 (sz=24, trace=300774, class=jdk.internal.org.objectweb.asm.ByteVector@5000118a)
ARR 50002f62 (sz=80, trace=300775, nelems=0, elem type=byte[])
ARR 50002f63 (sz=528, trace=300779, nelems=0, elem type=byte[])
OBJ 50002f64 (sz=56, trace=300776, class=jdk.internal.org.objectweb.asm.Item@5000118d)
OBJ 50002f65 (sz=56, trace=300773, class=jdk.internal.org.objectweb.asm.AnnotationWriter@500011c5)
OBJ 50002f66 (sz=24, trace=300777, class=jdk.internal.org.objectweb.asm.ByteVector@5000118a)
ARR 50002f67 (sz=80, trace=300778, nelems=0, elem type=byte[])
OBJ 50002f68 (sz=56, trace=300780, class=jdk.internal.org.objectweb.asm.Item@5000118d)
OBJ 50002f69 (sz=56, trace=300773, class=jdk.internal.org.objectweb.asm.AnnotationWriter@500011c5)
OBJ 50002f6a (sz=24, trace=300795, class=java.lang.String@50000165)
ARR 50002f6b (sz=64, trace=300462, nelems=0, elem type=char[])
ARR 50002f6c (sz=96, trace=300796, nelems=0, elem type=char[])
OBJ 50002f6d (sz=24, trace=300797, class=java.lang.String@50000165)
ARR 50002f6e (sz=24, trace=300920, nelems=0, elem type=java.lang.Class[]@500000fa)
OBJ 50002f6f (sz=40, trace=300860, class=java.lang.invoke.MethodType@50000121)
OBJ 50002f70 (sz=32, trace=300443, class=java.lang.invoke.MethodType$ConcurrentWeakInternSet$WeakEntry@50000b5f)
ARR 50002f71 (sz=56, trace=300798, nelems=0, elem type=int[])
ARR 50002f72 (sz=96, trace=300811, nelems=0, elem type=char[])
OBJ 50002f73 (sz=24, trace=300812, class=java.lang.String@50000165)
OBJ 50002f74 (sz=56, trace=300813, class=jdk.internal.org.objectweb.asm.Item@5000118d)
OBJ 50002f75 (sz=56, trace=300814, class=jdk.internal.org.objectweb.asm.Item@5000118d)
OBJ 50002f76 (sz=56, trace=300815, class=jdk.internal.org.objectweb.asm.Item@5000118d)
ARR 50002f77 (sz=80, trace=301072, nelems=0, elem type=jdk.internal.org.objectweb.asm.Item[]@5000118e)
OBJ 50002f78 (sz=56, trace=300801, class=jdk.internal.org.objectweb.asm.Item@5000118d)
OBJ 50002f79 (sz=56, trace=300802, class=jdk.internal.org.objectweb.asm.Item@5000118d)
OBJ 50002f7a (sz=56, trace=300803, class=jdk.internal.org.objectweb.asm.Item@5000118d)
OBJ 50002f7b (sz=56, trace=300804, class=jdk.internal.org.objectweb.asm.Item@5000118d)
OBJ 50002f7c (sz=24, trace=300805, class=java.lang.String@50000165)
ARR 50002f7d (sz=80, trace=300806, nelems=0, elem type=char[])
OBJ 50002f7e (sz=56, trace=300807, class=jdk.internal.org.objectweb.asm.Item@5000118d)
ARR 50002f7f (sz=24, trace=300931, nelems=0, elem type=java.lang.Class[]@500000fa)
OBJ 50002f80 (sz=40, trace=300860, class=java.lang.invoke.MethodType@50000121)
OBJ 50002f81 (sz=32, trace=300443, class=java.lang.invoke.MethodType$ConcurrentWeakInternSet$WeakEntry@50000b5f)
ARR 50002f82 (sz=56, trace=300809, nelems=0, elem type=int[])
OBJ 50002f83 (sz=24, trace=300795, class=java.lang.String@50000165)
ARR 50002f84 (sz=40, trace=300462, nelems=0, elem type=char[])
OBJ 50002f85 (sz=56, trace=300733, class=jdk.internal.org.objectweb.asm.Item@5000118d)
OBJ 50002f86 (sz=56, trace=300800, class=jdk.internal.org.objectweb.asm.Item@5000118d)
OBJ 50002f87 (sz=56, trace=300801, class=jdk.internal.org.objectweb.asm.Item@5000118d)
ARR 50002f88 (sz=1040, trace=300816, nelems=0, elem type=byte[])
OBJ 50002f89 (sz=56, trace=300802, class=jdk.internal.org.objectweb.asm.Item@5000118d)
OBJ 50002f8a (sz=56, trace=300803, class=jdk.internal.org.objectweb.asm.Item@5000118d)
OBJ 50002f8b (sz=56, trace=300804, class=jdk.internal.org.objectweb.asm.Item@5000118d)
OBJ 50002f8c (sz=24, trace=300805, class=java.lang.String@50000165)
ARR 50002f8d (sz=48, trace=300806, nelems=0, elem type=char[])
OBJ 50002f8e (sz=56, trace=300807, class=jdk.internal.org.objectweb.asm.Item@5000118d)
ARR 50002f8f (sz=24, trace=300931, nelems=0, elem type=java.lang.Class[]@500000fa)
OBJ 50002f90 (sz=40, trace=300860, class=java.lang.invoke.MethodType@50000121)
OBJ 50002f91 (sz=32, trace=300443, class=java.lang.invoke.MethodType$ConcurrentWeakInternSet$WeakEntry@50000b5f)
OBJ 50002f92 (sz=64, trace=300817, class=jdk.internal.org.objectweb.asm.Label@500011bc)
OBJ 50002f93 (sz=48, trace=300818, class=jdk.internal.org.objectweb.asm.Frame@500011be)
ARR 50002f94 (sz=272, trace=300819, nelems=0, elem type=char[])
ARR 50002f95 (sz=40, trace=300820, nelems=0, elem type=jdk.internal.org.objectweb.asm.Type[]@50001222)
OBJ 50002f96 (sz=32, trace=300821, class=jdk.internal.org.objectweb.asm.Type@500011b2)
OBJ 50002f97 (sz=32, trace=300821, class=jdk.internal.org.objectweb.asm.Type@500011b2)
OBJ 50002f98 (sz=32, trace=300821, class=jdk.internal.org.objectweb.asm.Type@500011b2)
OBJ 50002f99 (sz=32, trace=300821, class=jdk.internal.org.objectweb.asm.Type@500011b2)
OBJ 50002f9a (sz=32, trace=300821, class=jdk.internal.org.objectweb.asm.Type@500011b2)
OBJ 50002f9b (sz=32, trace=300821, class=jdk.internal.org.objectweb.asm.Type@500011b2)
ARR 50002f9c (sz=48, trace=300822, nelems=0, elem type=int[])
ARR 50002f9d (sz=16, trace=300823, nelems=0, elem type=int[])
OBJ 50002f9e (sz=24, trace=300824, class=java.lang.StringBuffer@50000119)
ARR 50002f9f (sz=48, trace=300825, nelems=0, elem type=char[])
ARR 50002fa0 (sz=88, trace=300826, nelems=0, elem type=char[])
ARR 50002fa1 (sz=56, trace=300827, nelems=0, elem type=char[])
OBJ 50002fa2 (sz=24, trace=300828, class=java.lang.String@50000165)
OBJ 50002fa3 (sz=24, trace=300829, class=java.lang.String@50000165)
ARR 50002fa4 (sz=48, trace=300806, nelems=0, elem type=char[])
OBJ 50002fa5 (sz=24, trace=300824, class=java.lang.StringBuffer@50000119)
ARR 50002fa6 (sz=48, trace=300825, nelems=0, elem type=char[])
ARR 50002fa7 (sz=88, trace=300826, nelems=0, elem type=char[])
ARR 50002fa8 (sz=56, trace=300827, nelems=0, elem type=char[])
OBJ 50002fa9 (sz=24, trace=300828, class=java.lang.String@50000165)
OBJ 50002faa (sz=24, trace=300829, class=java.lang.String@50000165)
ARR 50002fab (sz=48, trace=300806, nelems=0, elem type=char[])
OBJ 50002fac (sz=24, trace=300824, class=java.lang.StringBuffer@50000119)
ARR 50002fad (sz=48, trace=300825, nelems=0, elem type=char[])
ARR 50002fae (sz=88, trace=300826, nelems=0, elem type=char[])
ARR 50002faf (sz=56, trace=300827, nelems=0, elem type=char[])
OBJ 50002fb0 (sz=24, trace=300828, class=java.lang.String@50000165)
OBJ 50002fb1 (sz=24, trace=300829, class=java.lang.String@50000165)
ARR 50002fb2 (sz=48, trace=300806, nelems=0, elem type=char[])
OBJ 50002fb3 (sz=24, trace=300824, class=java.lang.StringBuffer@50000119)
ARR 50002fb4 (sz=48, trace=300825, nelems=0, elem type=char[])
ARR 50002fb5 (sz=88, trace=300826, nelems=0, elem type=char[])
ARR 50002fb6 (sz=56, trace=300827, nelems=0, elem type=char[])
OBJ 50002fb7 (sz=24, trace=300828, class=java.lang.String@50000165)
OBJ 50002fb8 (sz=24, trace=300829, class=java.lang.String@50000165)
ARR 50002fb9 (sz=48, trace=300806, nelems=0, elem type=char[])
OBJ 50002fba (sz=24, trace=300824, class=java.lang.StringBuffer@50000119)
ARR 50002fbb (sz=48, trace=300825, nelems=0, elem type=char[])
ARR 50002fbc (sz=88, trace=300826, nelems=0, elem type=char[])
ARR 50002fbd (sz=56, trace=300827, nelems=0, elem type=char[])
OBJ 50002fbe (sz=24, trace=300828, class=java.lang.String@50000165)
OBJ 50002fbf (sz=24, trace=300829, class=java.lang.String@50000165)
ARR 50002fc0 (sz=48, trace=300806, nelems=0, elem type=char[])
OBJ 50002fc1 (sz=24, trace=300824, class=java.lang.StringBuffer@50000119)
ARR 50002fc2 (sz=48, trace=300825, nelems=0, elem type=char[])
ARR 50002fc3 (sz=88, trace=300826, nelems=0, elem type=char[])
ARR 50002fc4 (sz=56, trace=300827, nelems=0, elem type=char[])
OBJ 50002fc5 (sz=24, trace=300828, class=java.lang.String@50000165)
OBJ 50002fc6 (sz=24, trace=300829, class=java.lang.String@50000165)
ARR 50002fc7 (sz=48, trace=300806, nelems=0, elem type=char[])
ARR 50002fc8 (sz=56, trace=300830, nelems=0, elem type=int[])
ARR 50002fc9 (sz=24, trace=300940, nelems=0, elem type=java.lang.Object[]@500000ff)
OBJ 50002fca (sz=56, trace=300832, class=jdk.internal.org.objectweb.asm.Item@5000118d)
OBJ 50002fcb (sz=56, trace=300833, class=jdk.internal.org.objectweb.asm.Item@5000118d)
OBJ 50002fcc (sz=56, trace=300834, class=jdk.internal.org.objectweb.asm.Item@5000118d)
OBJ 50002fcd (sz=24, trace=300835, class=jdk.internal.org.objectweb.asm.ByteVector@5000118a)
ARR 50002fce (sz=768, trace=300836, nelems=0, elem type=byte[])
ARR 50002fcf (sz=120, trace=300837, nelems=0, elem type=java.lang.Object[]@500000ff)
OBJ 50002fd0 (sz=16, trace=300839, class=java.util.HashMap$Values@5000123e)
OBJ 50002fd1 (sz=40, trace=300841, class=java.util.HashMap$ValueIterator@50001241)
OBJ 50002fd3 (sz=56, trace=300843, class=java.lang.invoke.MemberName@50000124)
ARR 50002fd4 (sz=16, trace=301092, nelems=0, elem type=java.lang.Class[]@500000fa)
ARR 50002fd5 (sz=40, trace=301100, nelems=0, elem type=java.lang.Class[]@500000fa)
OBJ 50002fd6 (sz=40, trace=300575, class=java.lang.invoke.MethodType@50000121)
OBJ 50002fd7 (sz=32, trace=300443, class=java.lang.invoke.MethodType$ConcurrentWeakInternSet$WeakEntry@50000b5f)
OBJ 50002fd8 (sz=40, trace=301093, class=java.lang.invoke.MethodType@50000121)
OBJ 50002fd9 (sz=32, trace=300443, class=java.lang.invoke.MethodType$ConcurrentWeakInternSet$WeakEntry@50000b5f)
OBJ 50002fda (sz=40, trace=301094, class=java.lang.invoke.MethodType@50000121)
	rtype		500000ff
	ptypes		50006dec
	form		50000b65
OBJ 50002fdb (sz=40, trace=300445, class=java.lang.invoke.MethodType@50000121)
OBJ 50002fdc (sz=32, trace=300443, class=java.lang.invoke.MethodType$ConcurrentWeakInternSet$WeakEntry@50000b5f)
OBJ 50002fdd (sz=32, trace=300452, class=java.lang.invoke.MethodType$ConcurrentWeakInternSet$WeakEntry@50000b5f)
	referent	50002fda
	queue		50000b52
OBJ 50002fde (sz=32, trace=300454, class=java.util.concurrent.ConcurrentHashMap$Node@50000021)
	key		50002fdd
	val		50002fdd
OBJ 50002fdf (sz=56, trace=301095, class=java.lang.invoke.MemberName@50000124)
OBJ 50002fe0 (sz=32, trace=300865, class=java.lang.invoke.DirectMethodHandle@50000125)
	type		50002fda
	form		50002089
	member		50006ff8
ARR 50002fe1 (sz=24, trace=301038, nelems=0, elem type=java.lang.Class[]@500000fa)
OBJ 50002fe2 (sz=40, trace=300519, class=java.lang.invoke.MethodType@50000121)
OBJ 50002fe3 (sz=32, trace=300443, class=java.lang.invoke.MethodType$ConcurrentWeakInternSet$WeakEntry@50000b5f)
ARR 50002fe4 (sz=56, trace=301039, nelems=0, elem type=java.lang.invoke.LambdaForm$Name[]@50000fce)
OBJ 50002fe5 (sz=32, trace=301040, class=java.lang.invoke.LambdaForm$Name@50000f62)
	type		50000f5a
	constraint	50002302
ARR 50002fe6 (sz=24, trace=301041, nelems=0, elem type=java.lang.Object[]@500000ff)
ARR 50002fe7 (sz=24, trace=300907, nelems=0, elem type=java.lang.Class[]@500000fa)
OBJ 50002fe8 (sz=40, trace=300860, class=java.lang.invoke.MethodType@50000121)
OBJ 50002fe9 (sz=32, trace=300443, class=java.lang.invoke.MethodType$ConcurrentWeakInternSet$WeakEntry@50000b5f)
ARR 50002fea (sz=24, trace=301042, nelems=1, elem type=java.lang.Object[]@500000ff)
	[0]		50002fe5
OBJ 50002feb (sz=32, trace=301043, class=java.lang.invoke.LambdaForm$Name@50000f62)
	type		50000f5a
	function	5000230a
	arguments	50002fea
ARR 50002fec (sz=48, trace=301044, nelems=0, elem type=java.lang.Object[]@500000ff)
OBJ 50002fed (sz=24, trace=301045, class=java.lang.invoke.LambdaForm$NamedFunction@50000f99)
	member		50006ded
	resolvedHandle	50003114
OBJ 50002fee (sz=24, trace=301064, class=java.lang.invoke.Invokers@50000b5b)
	targetType	50000b64
	invokers	50002fef
ARR 50002fef (sz=32, trace=301065, nelems=3, elem type=java.lang.invoke.MethodHandle[]@5000018c)
	[2]		50003114
OBJ 50002ff0 (sz=56, trace=301066, class=java.lang.invoke.MemberName@50000124)
ARR 50002ff1 (sz=24, trace=301067, nelems=0, elem type=java.lang.Class[]@500000fa)
OBJ 50002ff2 (sz=40, trace=300857, class=java.lang.invoke.MethodType@50000121)
OBJ 50002ff3 (sz=32, trace=300443, class=java.lang.invoke.MethodType$ConcurrentWeakInternSet$WeakEntry@50000b5f)
ARR 50002ff4 (sz=24, trace=300859, nelems=0, elem type=java.lang.Class[]@500000fa)
OBJ 50002ff5 (sz=40, trace=300860, class=java.lang.invoke.MethodType@50000121)
OBJ 50002ff6 (sz=32, trace=300443, class=java.lang.invoke.MethodType$ConcurrentWeakInternSet$WeakEntry@50000b5f)
ARR 50002ff7 (sz=24, trace=300512, nelems=0, elem type=java.lang.Class[]@500000fa)
OBJ 50002ff8 (sz=40, trace=300514, class=java.lang.invoke.MethodType@50000121)
OBJ 50002ff9 (sz=32, trace=300443, class=java.lang.invoke.MethodType$ConcurrentWeakInternSet$WeakEntry@50000b5f)
OBJ 50002ffa (sz=40, trace=300515, class=java.lang.invoke.MethodType@50000121)
	rtype		50000169
	ptypes		50006f7d
	form		50002ffe
	methodDescriptor	500030b6
OBJ 50002ffb (sz=40, trace=300445, class=java.lang.invoke.MethodType@50000121)
OBJ 50002ffc (sz=32, trace=300443, class=java.lang.invoke.MethodType$ConcurrentWeakInternSet$WeakEntry@50000b5f)
OBJ 50002ffd (sz=40, trace=300446, class=java.lang.invoke.MethodType@50000121)
	rtype		50000169
	ptypes		50006df2
	form		50002ffe
	invokers	50003592
	methodDescriptor	5000306c
OBJ 50002ffe (sz=56, trace=300447, class=java.lang.invoke.MethodTypeForm@50000b5a)
	argToSlotTable	50003000
	slotToArgTable	50002fff
	erasedType	50002ffd
	basicType	50002ffd
	methodHandles	50003002
	lambdaForms	50003001
ARR 50002fff (sz=36, trace=300448, nelems=9, elem type=int[])
ARR 50003000 (sz=36, trace=300449, nelems=9, elem type=int[])
ARR 50003001 (sz=88, trace=300450, nelems=9, elem type=java.lang.ref.SoftReference[]@50000b68)
	[1]		50003583
	[2]		500033e3
	[8]		500036d6
ARR 50003002 (sz=32, trace=300451, nelems=1, elem type=java.lang.ref.SoftReference[]@50000b68)
	[0]		500036d2
OBJ 50003003 (sz=32, trace=300452, class=java.lang.invoke.MethodType$ConcurrentWeakInternSet$WeakEntry@50000b5f)
	referent	50002ffd
	queue		50000b52
OBJ 50003004 (sz=32, trace=300454, class=java.util.concurrent.ConcurrentHashMap$Node@50000021)
	key		50003003
	val		50003003
	next		50003e75
OBJ 50003005 (sz=32, trace=300452, class=java.lang.invoke.MethodType$ConcurrentWeakInternSet$WeakEntry@50000b5f)
	referent	50002ffa
	queue		50000b52
OBJ 50003006 (sz=32, trace=300454, class=java.util.concurrent.ConcurrentHashMap$Node@50000021)
	key		50003005
	val		50003005
OBJ 50003007 (sz=56, trace=300516, class=java.lang.invoke.MemberName@50000124)
ARR 50003008 (sz=24, trace=300518, nelems=0, elem type=java.lang.Class[]@500000fa)
OBJ 50003009 (sz=40, trace=300519, class=java.lang.invoke.MethodType@50000121)
OBJ 5000300a (sz=32, trace=300443, class=java.lang.invoke.MethodType$ConcurrentWeakInternSet$WeakEntry@50000b5f)
OBJ 5000300b (sz=40, trace=300520, class=java.lang.invoke.MethodType@50000121)
	rtype		50000169
	ptypes		50006df1
	form		50002ffe
OBJ 5000300c (sz=40, trace=300445, class=java.lang.invoke.MethodType@50000121)
OBJ 5000300d (sz=32, trace=300443, class=java.lang.invoke.MethodType$ConcurrentWeakInternSet$WeakEntry@50000b5f)
OBJ 5000300e (sz=32, trace=300452, class=java.lang.invoke.MethodType$ConcurrentWeakInternSet$WeakEntry@50000b5f)
	referent	5000300b
	queue		50000b52
OBJ 5000300f (sz=32, trace=300454, class=java.util.concurrent.ConcurrentHashMap$Node@50000021)
	key		5000300e
	val		5000300e
ARR 50003010 (sz=56, trace=300623, nelems=0, elem type=java.lang.invoke.LambdaForm$Name[]@50000fce)
ARR 50003011 (sz=24, trace=300674, nelems=0, elem type=java.lang.Object[]@500000ff)
ARR 50003012 (sz=24, trace=300675, nelems=1, elem type=java.lang.Object[]@500000ff)
	[0]		50000f65
OBJ 50003013 (sz=32, trace=300676, class=java.lang.invoke.LambdaForm$Name@50000f62)
	type		50000f5a
	function	50001105
	arguments	50003012
ARR 50003014 (sz=48, trace=300677, nelems=0, elem type=java.lang.Object[]@500000ff)
OBJ 50003015 (sz=24, trace=300678, class=java.lang.invoke.LambdaForm$NamedFunction@50000f99)
	member		50006f7c
ARR 50003016 (sz=48, trace=300679, nelems=8, elem type=java.lang.Object[]@500000ff)
	[0]		50000f66
	[1]		50000f67
	[2]		50000f68
	[3]		50000f69
	[4]		50000f6a
	[5]		50000f6b
	[6]		50000f6c
	[7]		50003013
OBJ 50003017 (sz=32, trace=300680, class=java.lang.invoke.LambdaForm$Name@50000f62)
	type		50000f5a
	function	50003015
	arguments	50003016
OBJ 50003018 (sz=24, trace=300681, class=java.lang.StringBuilder@50000118)
ARR 50003019 (sz=48, trace=300682, nelems=0, elem type=char[])
ARR 5000301a (sz=88, trace=300010, nelems=0, elem type=char[])
ARR 5000301b (sz=40, trace=300683, nelems=0, elem type=char[])
OBJ 5000301c (sz=24, trace=300685, class=java.util.Arrays$ArrayList@5000115f)
OBJ 5000301d (sz=24, trace=300686, class=java.util.Collections$UnmodifiableRandomAccessList@500000ca)
OBJ 5000301e (sz=24, trace=300688, class=java.util.Collections$UnmodifiableCollection$1@50001162)
OBJ 5000301f (sz=32, trace=300690, class=java.util.AbstractList$Itr@50001164)
OBJ 50003020 (sz=24, trace=300691, class=java.lang.String@50000165)
ARR 50003021 (sz=40, trace=300692, nelems=0, elem type=char[])
OBJ 50003022 (sz=24, trace=300861, class=java.lang.StringBuilder@50000118)
ARR 50003023 (sz=48, trace=300862, nelems=0, elem type=char[])
OBJ 50003024 (sz=24, trace=300863, class=java.lang.String@50000165)
ARR 50003025 (sz=24, trace=300864, nelems=0, elem type=char[])
OBJ 50003026 (sz=24, trace=300693, class=java.lang.String@50000165)
	value		50003027
ARR 50003027 (sz=44, trace=300694, nelems=22, elem type=char[])
OBJ 50003028 (sz=48, trace=300695, class=java.lang.invoke.LambdaForm@50000122)
	names		50006f7b
	debugName	50003026
	vmentry		50006f7a
OBJ 50003029 (sz=24, trace=300696, class=java.lang.StringBuilder@50000118)
ARR 5000302a (sz=40, trace=300697, nelems=0, elem type=char[])
OBJ 5000302b (sz=24, trace=300698, class=java.lang.String@50000165)
ARR 5000302c (sz=40, trace=300699, nelems=0, elem type=char[])
ARR 5000302d (sz=48, trace=300700, nelems=0, elem type=java.lang.Class[]@500000fa)
OBJ 5000302e (sz=40, trace=300701, class=java.lang.invoke.MethodType@50000121)
OBJ 5000302f (sz=32, trace=300443, class=java.lang.invoke.MethodType$ConcurrentWeakInternSet$WeakEntry@50000b5f)
OBJ 50003030 (sz=64, trace=300704, class=java.lang.invoke.InvokerBytecodeGenerator@50001172)
OBJ 50003031 (sz=48, trace=300705, class=java.util.HashMap@500000bd)
OBJ 50003032 (sz=24, trace=300706, class=java.lang.String@50000165)
ARR 50003033 (sz=24, trace=300707, nelems=0, elem type=char[])
OBJ 50003034 (sz=24, trace=300708, class=java.lang.String@50000165)
	value		50003035
ARR 50003035 (sz=36, trace=300709, nelems=18, elem type=char[])
OBJ 50003036 (sz=24, trace=300710, class=java.lang.StringBuilder@50000118)
ARR 50003037 (sz=48, trace=300711, nelems=0, elem type=char[])
ARR 50003038 (sz=88, trace=300010, nelems=0, elem type=char[])
OBJ 50003039 (sz=24, trace=300712, class=java.lang.String@50000165)
ARR 5000303a (sz=80, trace=300713, nelems=0, elem type=char[])
OBJ 5000303b (sz=24, trace=300714, class=java.lang.StringBuilder@50000118)
ARR 5000303c (sz=48, trace=300715, nelems=0, elem type=char[])
OBJ 5000303d (sz=24, trace=300716, class=java.lang.String@50000165)
ARR 5000303e (sz=48, trace=300717, nelems=0, elem type=char[])
ARR 5000303f (sz=64, trace=300718, nelems=0, elem type=int[])
ARR 50003040 (sz=64, trace=300719, nelems=0, elem type=java.lang.invoke.LambdaForm$BasicType[]@50000f60)
ARR 50003041 (sz=64, trace=300720, nelems=0, elem type=java.lang.Class[]@500000fa)
OBJ 50003042 (sz=168, trace=300723, class=jdk.internal.org.objectweb.asm.ClassWriter@50001187)
OBJ 50003043 (sz=24, trace=300725, class=jdk.internal.org.objectweb.asm.ByteVector@5000118a)
ARR 50003044 (sz=80, trace=300726, nelems=0, elem type=byte[])
ARR 50003045 (sz=1040, trace=300728, nelems=0, elem type=jdk.internal.org.objectweb.asm.Item[]@5000118e)
OBJ 50003046 (sz=56, trace=300729, class=jdk.internal.org.objectweb.asm.Item@5000118d)
OBJ 50003047 (sz=56, trace=300730, class=jdk.internal.org.objectweb.asm.Item@5000118d)
OBJ 50003048 (sz=56, trace=300731, class=jdk.internal.org.objectweb.asm.Item@5000118d)
OBJ 50003049 (sz=56, trace=300732, class=jdk.internal.org.objectweb.asm.Item@5000118d)
OBJ 5000304a (sz=56, trace=300733, class=jdk.internal.org.objectweb.asm.Item@5000118d)
OBJ 5000304b (sz=56, trace=300734, class=jdk.internal.org.objectweb.asm.Item@5000118d)
OBJ 5000304c (sz=56, trace=300733, class=jdk.internal.org.objectweb.asm.Item@5000118d)
OBJ 5000304d (sz=56, trace=300735, class=jdk.internal.org.objectweb.asm.Item@5000118d)
ARR 5000304e (sz=144, trace=300736, nelems=0, elem type=byte[])
OBJ 5000304f (sz=56, trace=300737, class=jdk.internal.org.objectweb.asm.Item@5000118d)
OBJ 50003050 (sz=24, trace=300685, class=java.util.Arrays$ArrayList@5000115f)
OBJ 50003051 (sz=24, trace=300686, class=java.util.Collections$UnmodifiableRandomAccessList@500000ca)
OBJ 50003052 (sz=24, trace=300738, class=java.lang.StringBuilder@50000118)
ARR 50003053 (sz=48, trace=300739, nelems=0, elem type=char[])
OBJ 50003054 (sz=24, trace=300740, class=java.util.Collections$UnmodifiableCollection$1@50001162)
OBJ 50003055 (sz=32, trace=300690, class=java.util.AbstractList$Itr@50001164)
ARR 50003056 (sz=48, trace=300741, nelems=0, elem type=char[])
OBJ 50003057 (sz=24, trace=300742, class=java.lang.String@50000165)
ARR 50003058 (sz=88, trace=300010, nelems=0, elem type=char[])
ARR 50003059 (sz=48, trace=300741, nelems=0, elem type=char[])
OBJ 5000305a (sz=24, trace=300742, class=java.lang.String@50000165)
ARR 5000305b (sz=160, trace=300010, nelems=0, elem type=char[])
ARR 5000305c (sz=48, trace=300741, nelems=0, elem type=char[])
OBJ 5000305d (sz=24, trace=300742, class=java.lang.String@50000165)
ARR 5000305e (sz=48, trace=300741, nelems=0, elem type=char[])
OBJ 5000305f (sz=24, trace=300742, class=java.lang.String@50000165)
ARR 50003060 (sz=304, trace=300010, nelems=0, elem type=char[])
ARR 50003061 (sz=48, trace=300741, nelems=0, elem type=char[])
OBJ 50003062 (sz=24, trace=300742, class=java.lang.String@50000165)
ARR 50003063 (sz=48, trace=300741, nelems=0, elem type=char[])
OBJ 50003064 (sz=24, trace=300742, class=java.lang.String@50000165)
ARR 50003065 (sz=48, trace=300741, nelems=0, elem type=char[])
OBJ 50003066 (sz=24, trace=300742, class=java.lang.String@50000165)
ARR 50003067 (sz=48, trace=300741, nelems=0, elem type=char[])
OBJ 50003068 (sz=24, trace=300742, class=java.lang.String@50000165)
ARR 50003069 (sz=592, trace=300010, nelems=0, elem type=char[])
ARR 5000306a (sz=48, trace=300743, nelems=0, elem type=char[])
OBJ 5000306b (sz=24, trace=300744, class=java.lang.String@50000165)
OBJ 5000306c (sz=24, trace=300745, class=java.lang.String@50000165)
	value		5000306d
ARR 5000306d (sz=328, trace=300746, nelems=164, elem type=char[])
OBJ 5000306e (sz=224, trace=300748, class=jdk.internal.org.objectweb.asm.MethodWriter@500011ab)
OBJ 5000306f (sz=24, trace=300749, class=jdk.internal.org.objectweb.asm.ByteVector@5000118a)
ARR 50003070 (sz=80, trace=300750, nelems=0, elem type=byte[])
OBJ 50003071 (sz=56, trace=300751, class=jdk.internal.org.objectweb.asm.Item@5000118d)
ARR 50003072 (sz=280, trace=300752, nelems=0, elem type=byte[])
OBJ 50003073 (sz=56, trace=300753, class=jdk.internal.org.objectweb.asm.Item@5000118d)
OBJ 50003074 (sz=64, trace=300765, class=jdk.internal.org.objectweb.asm.Label@500011bc)
OBJ 50003075 (sz=48, trace=300768, class=jdk.internal.org.objectweb.asm.Frame@500011be)
OBJ 50003076 (sz=24, trace=300769, class=jdk.internal.org.objectweb.asm.ByteVector@5000118a)
ARR 50003077 (sz=80, trace=300770, nelems=0, elem type=byte[])
ARR 50003078 (sz=544, trace=301101, nelems=0, elem type=byte[])
OBJ 50003079 (sz=56, trace=300771, class=jdk.internal.org.objectweb.asm.Item@5000118d)
OBJ 5000307a (sz=56, trace=300773, class=jdk.internal.org.objectweb.asm.AnnotationWriter@500011c5)
OBJ 5000307b (sz=24, trace=300774, class=jdk.internal.org.objectweb.asm.ByteVector@5000118a)
ARR 5000307c (sz=80, trace=300775, nelems=0, elem type=byte[])
OBJ 5000307d (sz=56, trace=300776, class=jdk.internal.org.objectweb.asm.Item@5000118d)
OBJ 5000307e (sz=56, trace=300773, class=jdk.internal.org.objectweb.asm.AnnotationWriter@500011c5)
OBJ 5000307f (sz=24, trace=300777, class=jdk.internal.org.objectweb.asm.ByteVector@5000118a)
ARR 50003080 (sz=80, trace=300778, nelems=0, elem type=byte[])
OBJ 50003081 (sz=56, trace=300780, class=jdk.internal.org.objectweb.asm.Item@5000118d)
OBJ 50003082 (sz=56, trace=300773, class=jdk.internal.org.objectweb.asm.AnnotationWriter@500011c5)
OBJ 50003083 (sz=24, trace=300795, class=java.lang.String@50000165)
ARR 50003084 (sz=56, trace=300462, nelems=0, elem type=char[])
ARR 50003085 (sz=88, trace=300796, nelems=0, elem type=char[])
OBJ 50003086 (sz=24, trace=300797, class=java.lang.String@50000165)
ARR 50003087 (sz=56, trace=300798, nelems=0, elem type=int[])
OBJ 50003088 (sz=56, trace=300733, class=jdk.internal.org.objectweb.asm.Item@5000118d)
OBJ 50003089 (sz=56, trace=300800, class=jdk.internal.org.objectweb.asm.Item@5000118d)
OBJ 5000308a (sz=56, trace=300801, class=jdk.internal.org.objectweb.asm.Item@5000118d)
OBJ 5000308b (sz=56, trace=300802, class=jdk.internal.org.objectweb.asm.Item@5000118d)
OBJ 5000308c (sz=56, trace=300803, class=jdk.internal.org.objectweb.asm.Item@5000118d)
OBJ 5000308d (sz=56, trace=300804, class=jdk.internal.org.objectweb.asm.Item@5000118d)
OBJ 5000308e (sz=24, trace=300805, class=java.lang.String@50000165)
ARR 5000308f (sz=48, trace=300806, nelems=0, elem type=char[])
OBJ 50003090 (sz=56, trace=300807, class=jdk.internal.org.objectweb.asm.Item@5000118d)
ARR 50003091 (sz=80, trace=300808, nelems=0, elem type=jdk.internal.org.objectweb.asm.Item[]@5000118e)
ARR 50003092 (sz=56, trace=300809, nelems=0, elem type=int[])
OBJ 50003093 (sz=24, trace=300795, class=java.lang.String@50000165)
ARR 50003094 (sz=40, trace=300462, nelems=0, elem type=char[])
ARR 50003095 (sz=72, trace=300811, nelems=0, elem type=char[])
OBJ 50003096 (sz=24, trace=300812, class=java.lang.String@50000165)
OBJ 50003097 (sz=56, trace=300813, class=jdk.internal.org.objectweb.asm.Item@5000118d)
OBJ 50003098 (sz=56, trace=300814, class=jdk.internal.org.objectweb.asm.Item@5000118d)
OBJ 50003099 (sz=56, trace=300815, class=jdk.internal.org.objectweb.asm.Item@5000118d)
OBJ 5000309a (sz=24, trace=300685, class=java.util.Arrays$ArrayList@5000115f)
OBJ 5000309b (sz=24, trace=300686, class=java.util.Collections$UnmodifiableRandomAccessList@500000ca)
OBJ 5000309c (sz=24, trace=300738, class=java.lang.StringBuilder@50000118)
ARR 5000309d (sz=48, trace=300739, nelems=0, elem type=char[])
OBJ 5000309e (sz=24, trace=300740, class=java.util.Collections$UnmodifiableCollection$1@50001162)
OBJ 5000309f (sz=32, trace=300690, class=java.util.AbstractList$Itr@50001164)
ARR 500030a0 (sz=48, trace=300741, nelems=0, elem type=char[])
OBJ 500030a1 (sz=24, trace=300742, class=java.lang.String@50000165)
ARR 500030a2 (sz=88, trace=300010, nelems=0, elem type=char[])
ARR 500030a3 (sz=48, trace=300741, nelems=0, elem type=char[])
OBJ 500030a4 (sz=24, trace=300742, class=java.lang.String@50000165)
ARR 500030a5 (sz=160, trace=300010, nelems=0, elem type=char[])
ARR 500030a6 (sz=48, trace=300741, nelems=0, elem type=char[])
OBJ 500030a7 (sz=24, trace=300742, class=java.lang.String@50000165)
ARR 500030a8 (sz=48, trace=300741, nelems=0, elem type=char[])
OBJ 500030a9 (sz=24, trace=300742, class=java.lang.String@50000165)
ARR 500030aa (sz=304, trace=300010, nelems=0, elem type=char[])
ARR 500030ab (sz=48, trace=300741, nelems=0, elem type=char[])
OBJ 500030ac (sz=24, trace=300742, class=java.lang.String@50000165)
ARR 500030ad (sz=48, trace=300741, nelems=0, elem type=char[])
OBJ 500030ae (sz=24, trace=300742, class=java.lang.String@50000165)
ARR 500030af (sz=48, trace=300741, nelems=0, elem type=char[])
OBJ 500030b0 (sz=24, trace=300742, class=java.lang.String@50000165)
ARR 500030b1 (sz=72, trace=300741, nelems=0, elem type=char[])
OBJ 500030b2 (sz=24, trace=300742, class=java.lang.String@50000165)
ARR 500030b3 (sz=592, trace=300010, nelems=0, elem type=char[])
ARR 500030b4 (sz=48, trace=300743, nelems=0, elem type=char[])
OBJ 500030b5 (sz=24, trace=300744, class=java.lang.String@50000165)
OBJ 500030b6 (sz=24, trace=300745, class=java.lang.String@50000165)
	value		500030b7
ARR 500030b7 (sz=350, trace=300746, nelems=175, elem type=char[])
ARR 500030b8 (sz=1072, trace=300852, nelems=0, elem type=byte[])
OBJ 500030b9 (sz=56, trace=300733, class=jdk.internal.org.objectweb.asm.Item@5000118d)
OBJ 500030ba (sz=56, trace=300800, class=jdk.internal.org.objectweb.asm.Item@5000118d)
OBJ 500030bb (sz=56, trace=300801, class=jdk.internal.org.objectweb.asm.Item@5000118d)
OBJ 500030bc (sz=56, trace=300802, class=jdk.internal.org.objectweb.asm.Item@5000118d)
OBJ 500030bd (sz=56, trace=300803, class=jdk.internal.org.objectweb.asm.Item@5000118d)
OBJ 500030be (sz=56, trace=300804, class=jdk.internal.org.objectweb.asm.Item@5000118d)
OBJ 500030bf (sz=24, trace=300805, class=java.lang.String@50000165)
ARR 500030c0 (sz=48, trace=300806, nelems=0, elem type=char[])
OBJ 500030c1 (sz=64, trace=300817, class=jdk.internal.org.objectweb.asm.Label@500011bc)
OBJ 500030c2 (sz=48, trace=300818, class=jdk.internal.org.objectweb.asm.Frame@500011be)
ARR 500030c3 (sz=344, trace=300819, nelems=0, elem type=char[])
ARR 500030c4 (sz=48, trace=300820, nelems=0, elem type=jdk.internal.org.objectweb.asm.Type[]@50001222)
OBJ 500030c5 (sz=32, trace=300821, class=jdk.internal.org.objectweb.asm.Type@500011b2)
OBJ 500030c6 (sz=32, trace=300821, class=jdk.internal.org.objectweb.asm.Type@500011b2)
OBJ 500030c7 (sz=32, trace=300821, class=jdk.internal.org.objectweb.asm.Type@500011b2)
OBJ 500030c8 (sz=32, trace=300821, class=jdk.internal.org.objectweb.asm.Type@500011b2)
OBJ 500030c9 (sz=32, trace=300821, class=jdk.internal.org.objectweb.asm.Type@500011b2)
OBJ 500030ca (sz=32, trace=300821, class=jdk.internal.org.objectweb.asm.Type@500011b2)
OBJ 500030cb (sz=32, trace=300821, class=jdk.internal.org.objectweb.asm.Type@500011b2)
OBJ 500030cc (sz=32, trace=300821, class=jdk.internal.org.objectweb.asm.Type@500011b2)
ARR 500030cd (sz=56, trace=300822, nelems=0, elem type=int[])
ARR 500030ce (sz=16, trace=300823, nelems=0, elem type=int[])
OBJ 500030cf (sz=24, trace=300824, class=java.lang.StringBuffer@50000119)
ARR 500030d0 (sz=48, trace=300825, nelems=0, elem type=char[])
ARR 500030d1 (sz=88, trace=300826, nelems=0, elem type=char[])
ARR 500030d2 (sz=56, trace=300827, nelems=0, elem type=char[])
OBJ 500030d3 (sz=24, trace=300828, class=java.lang.String@50000165)
OBJ 500030d4 (sz=24, trace=300829, class=java.lang.String@50000165)
ARR 500030d5 (sz=48, trace=300806, nelems=0, elem type=char[])
OBJ 500030d6 (sz=24, trace=300824, class=java.lang.StringBuffer@50000119)
ARR 500030d7 (sz=48, trace=300825, nelems=0, elem type=char[])
ARR 500030d8 (sz=88, trace=300826, nelems=0, elem type=char[])
ARR 500030d9 (sz=56, trace=300827, nelems=0, elem type=char[])
OBJ 500030da (sz=24, trace=300828, class=java.lang.String@50000165)
OBJ 500030db (sz=24, trace=300829, class=java.lang.String@50000165)
ARR 500030dc (sz=48, trace=300806, nelems=0, elem type=char[])
OBJ 500030dd (sz=24, trace=300824, class=java.lang.StringBuffer@50000119)
ARR 500030de (sz=48, trace=300825, nelems=0, elem type=char[])
ARR 500030df (sz=88, trace=300826, nelems=0, elem type=char[])
ARR 500030e0 (sz=56, trace=300827, nelems=0, elem type=char[])
OBJ 500030e1 (sz=24, trace=300828, class=java.lang.String@50000165)
OBJ 500030e2 (sz=24, trace=300829, class=java.lang.String@50000165)
ARR 500030e3 (sz=48, trace=300806, nelems=0, elem type=char[])
OBJ 500030e4 (sz=24, trace=300824, class=java.lang.StringBuffer@50000119)
ARR 500030e5 (sz=48, trace=300825, nelems=0, elem type=char[])
ARR 500030e6 (sz=88, trace=300826, nelems=0, elem type=char[])
ARR 500030e7 (sz=56, trace=300827, nelems=0, elem type=char[])
OBJ 500030e8 (sz=24, trace=300828, class=java.lang.String@50000165)
OBJ 500030e9 (sz=24, trace=300829, class=java.lang.String@50000165)
ARR 500030ea (sz=48, trace=300806, nelems=0, elem type=char[])
OBJ 500030eb (sz=24, trace=300824, class=java.lang.StringBuffer@50000119)
ARR 500030ec (sz=48, trace=300825, nelems=0, elem type=char[])
ARR 500030ed (sz=88, trace=300826, nelems=0, elem type=char[])
ARR 500030ee (sz=56, trace=300827, nelems=0, elem type=char[])
OBJ 500030ef (sz=24, trace=300828, class=java.lang.String@50000165)
OBJ 500030f0 (sz=24, trace=300829, class=java.lang.String@50000165)
ARR 500030f1 (sz=48, trace=300806, nelems=0, elem type=char[])
OBJ 500030f2 (sz=24, trace=300824, class=java.lang.StringBuffer@50000119)
ARR 500030f3 (sz=48, trace=300825, nelems=0, elem type=char[])
ARR 500030f4 (sz=88, trace=300826, nelems=0, elem type=char[])
ARR 500030f5 (sz=56, trace=300827, nelems=0, elem type=char[])
OBJ 500030f6 (sz=24, trace=300828, class=java.lang.String@50000165)
OBJ 500030f7 (sz=24, trace=300829, class=java.lang.String@50000165)
ARR 500030f8 (sz=48, trace=300806, nelems=0, elem type=char[])
OBJ 500030f9 (sz=24, trace=300824, class=java.lang.StringBuffer@50000119)
ARR 500030fa (sz=48, trace=300825, nelems=0, elem type=char[])
ARR 500030fb (sz=88, trace=300826, nelems=0, elem type=char[])
ARR 500030fc (sz=56, trace=300827, nelems=0, elem type=char[])
OBJ 500030fd (sz=24, trace=300828, class=java.lang.String@50000165)
OBJ 500030fe (sz=24, trace=300829, class=java.lang.String@50000165)
ARR 500030ff (sz=48, trace=300806, nelems=0, elem type=char[])
OBJ 50003100 (sz=24, trace=300824, class=java.lang.StringBuffer@50000119)
ARR 50003101 (sz=48, trace=300825, nelems=0, elem type=char[])
ARR 50003102 (sz=88, trace=300826, nelems=0, elem type=char[])
ARR 50003103 (sz=56, trace=300827, nelems=0, elem type=char[])
OBJ 50003104 (sz=24, trace=300828, class=java.lang.String@50000165)
OBJ 50003105 (sz=24, trace=300829, class=java.lang.String@50000165)
ARR 50003106 (sz=48, trace=300806, nelems=0, elem type=char[])
ARR 50003107 (sz=64, trace=300830, nelems=0, elem type=int[])
ARR 50003108 (sz=24, trace=300831, nelems=0, elem type=java.lang.Object[]@500000ff)
OBJ 50003109 (sz=56, trace=300832, class=jdk.internal.org.objectweb.asm.Item@5000118d)
OBJ 5000310a (sz=56, trace=300833, class=jdk.internal.org.objectweb.asm.Item@5000118d)
OBJ 5000310b (sz=56, trace=300834, class=jdk.internal.org.objectweb.asm.Item@5000118d)
OBJ 5000310c (sz=24, trace=300835, class=jdk.internal.org.objectweb.asm.ByteVector@5000118a)
ARR 5000310d (sz=936, trace=300836, nelems=0, elem type=byte[])
ARR 5000310e (sz=128, trace=300837, nelems=0, elem type=java.lang.Object[]@500000ff)
OBJ 5000310f (sz=16, trace=300839, class=java.util.HashMap$Values@5000123e)
OBJ 50003110 (sz=40, trace=300841, class=java.util.HashMap$ValueIterator@50001241)
OBJ 50003112 (sz=56, trace=300843, class=java.lang.invoke.MemberName@50000124)
OBJ 50003113 (sz=40, trace=300844, class=java.lang.ref.SoftReference@50000149)
	referent	50003028
	queue		50006b4d
OBJ 50003114 (sz=32, trace=300845, class=java.lang.invoke.DirectMethodHandle@50000125)
	type		50000f54
	form		50003028
	member		50006ded
OBJ 50003115 (sz=40, trace=301012, class=java.lang.ref.SoftReference@50000149)
	referent	50003114
	queue		50006b4d
ARR 50003116 (sz=48, trace=301068, nelems=7, elem type=java.lang.Object[]@500000ff)
	[0]		50002feb
	[1]		50000f66
	[2]		50000f67
	[3]		50000f68
	[4]		50000f69
	[5]		50000f6a
	[6]		50000f6b
OBJ 50003117 (sz=32, trace=301069, class=java.lang.invoke.LambdaForm$Name@50000f62)
	type		50000f5a
	function	50002fed
	arguments	50003116
OBJ 50003118 (sz=48, trace=301070, class=java.lang.invoke.LambdaForm@50000122)
	names		50006f84
	debugName	50006e2d
	vmentry		50006f83
OBJ 50003119 (sz=40, trace=300844, class=java.lang.ref.SoftReference@50000149)
	referent	50003118
	queue		50006b4d
OBJ 5000311a (sz=40, trace=301098, class=java.lang.invoke.MethodHandleImpl$IntrinsicMethodHandle@500026a0)
	type		50002fda
	form		50003118
	target		50002fe0
	intrinsicName	500011d3
OBJ 5000311b (sz=24, trace=300696, class=java.lang.StringBuilder@50000118)
ARR 5000311c (sz=40, trace=300697, nelems=0, elem type=char[])
OBJ 5000311d (sz=24, trace=300698, class=java.lang.String@50000165)
ARR 5000311e (sz=40, trace=300699, nelems=0, elem type=char[])
ARR 5000311f (sz=48, trace=300938, nelems=0, elem type=java.lang.Class[]@500000fa)
OBJ 50003120 (sz=40, trace=300701, class=java.lang.invoke.MethodType@50000121)
OBJ 50003121 (sz=32, trace=300443, class=java.lang.invoke.MethodType$ConcurrentWeakInternSet$WeakEntry@50000b5f)
OBJ 50003122 (sz=64, trace=300704, class=java.lang.invoke.InvokerBytecodeGenerator@50001172)
OBJ 50003123 (sz=48, trace=300705, class=java.util.HashMap@500000bd)
OBJ 50003124 (sz=24, trace=300706, class=java.lang.String@50000165)
ARR 50003125 (sz=24, trace=300707, nelems=0, elem type=char[])
OBJ 50003126 (sz=24, trace=300708, class=java.lang.String@50000165)
	value		50003127
ARR 50003127 (sz=16, trace=300709, nelems=8, elem type=char[])
OBJ 50003128 (sz=24, trace=300710, class=java.lang.StringBuilder@50000118)
ARR 50003129 (sz=48, trace=300711, nelems=0, elem type=char[])
ARR 5000312a (sz=88, trace=300010, nelems=0, elem type=char[])
OBJ 5000312b (sz=24, trace=300712, class=java.lang.String@50000165)
ARR 5000312c (sz=80, trace=300713, nelems=0, elem type=char[])
OBJ 5000312d (sz=24, trace=300714, class=java.lang.StringBuilder@50000118)
ARR 5000312e (sz=48, trace=300715, nelems=0, elem type=char[])
OBJ 5000312f (sz=24, trace=300716, class=java.lang.String@50000165)
ARR 50003130 (sz=48, trace=300717, nelems=0, elem type=char[])
ARR 50003131 (sz=56, trace=300718, nelems=0, elem type=int[])
ARR 50003132 (sz=56, trace=300719, nelems=0, elem type=java.lang.invoke.LambdaForm$BasicType[]@50000f60)
ARR 50003133 (sz=56, trace=300720, nelems=0, elem type=java.lang.Class[]@500000fa)
OBJ 50003134 (sz=168, trace=300723, class=jdk.internal.org.objectweb.asm.ClassWriter@50001187)
OBJ 50003135 (sz=24, trace=300725, class=jdk.internal.org.objectweb.asm.ByteVector@5000118a)
ARR 50003136 (sz=80, trace=300726, nelems=0, elem type=byte[])
ARR 50003137 (sz=1040, trace=300728, nelems=0, elem type=jdk.internal.org.objectweb.asm.Item[]@5000118e)
OBJ 50003138 (sz=56, trace=300729, class=jdk.internal.org.objectweb.asm.Item@5000118d)
OBJ 50003139 (sz=56, trace=300730, class=jdk.internal.org.objectweb.asm.Item@5000118d)
OBJ 5000313a (sz=56, trace=300731, class=jdk.internal.org.objectweb.asm.Item@5000118d)
OBJ 5000313b (sz=56, trace=300732, class=jdk.internal.org.objectweb.asm.Item@5000118d)
OBJ 5000313c (sz=56, trace=300733, class=jdk.internal.org.objectweb.asm.Item@5000118d)
OBJ 5000313d (sz=56, trace=300734, class=jdk.internal.org.objectweb.asm.Item@5000118d)
OBJ 5000313e (sz=56, trace=300733, class=jdk.internal.org.objectweb.asm.Item@5000118d)
OBJ 5000313f (sz=56, trace=300735, class=jdk.internal.org.objectweb.asm.Item@5000118d)
ARR 50003140 (sz=144, trace=300736, nelems=0, elem type=byte[])
OBJ 50003141 (sz=56, trace=300737, class=jdk.internal.org.objectweb.asm.Item@5000118d)
OBJ 50003142 (sz=224, trace=300748, class=jdk.internal.org.objectweb.asm.MethodWriter@500011ab)
OBJ 50003143 (sz=24, trace=300749, class=jdk.internal.org.objectweb.asm.ByteVector@5000118a)
ARR 50003144 (sz=80, trace=300750, nelems=0, elem type=byte[])
OBJ 50003145 (sz=56, trace=300751, class=jdk.internal.org.objectweb.asm.Item@5000118d)
ARR 50003146 (sz=272, trace=300752, nelems=0, elem type=byte[])
OBJ 50003147 (sz=56, trace=300753, class=jdk.internal.org.objectweb.asm.Item@5000118d)
OBJ 50003148 (sz=64, trace=300765, class=jdk.internal.org.objectweb.asm.Label@500011bc)
OBJ 50003149 (sz=48, trace=300768, class=jdk.internal.org.objectweb.asm.Frame@500011be)
OBJ 5000314a (sz=24, trace=300769, class=jdk.internal.org.objectweb.asm.ByteVector@5000118a)
ARR 5000314b (sz=80, trace=300770, nelems=0, elem type=byte[])
ARR 5000314c (sz=528, trace=300779, nelems=0, elem type=byte[])
OBJ 5000314d (sz=56, trace=300771, class=jdk.internal.org.objectweb.asm.Item@5000118d)
OBJ 5000314e (sz=56, trace=300773, class=jdk.internal.org.objectweb.asm.AnnotationWriter@500011c5)
OBJ 5000314f (sz=24, trace=300774, class=jdk.internal.org.objectweb.asm.ByteVector@5000118a)
ARR 50003150 (sz=80, trace=300775, nelems=0, elem type=byte[])
OBJ 50003151 (sz=56, trace=300776, class=jdk.internal.org.objectweb.asm.Item@5000118d)
OBJ 50003152 (sz=56, trace=300773, class=jdk.internal.org.objectweb.asm.AnnotationWriter@500011c5)
OBJ 50003153 (sz=24, trace=300777, class=jdk.internal.org.objectweb.asm.ByteVector@5000118a)
ARR 50003154 (sz=80, trace=300778, nelems=0, elem type=byte[])
OBJ 50003155 (sz=56, trace=300780, class=jdk.internal.org.objectweb.asm.Item@5000118d)
OBJ 50003156 (sz=56, trace=300773, class=jdk.internal.org.objectweb.asm.AnnotationWriter@500011c5)
OBJ 50003157 (sz=24, trace=300795, class=java.lang.String@50000165)
ARR 50003158 (sz=64, trace=300462, nelems=0, elem type=char[])
ARR 50003159 (sz=96, trace=300796, nelems=0, elem type=char[])
OBJ 5000315a (sz=24, trace=300797, class=java.lang.String@50000165)
ARR 5000315b (sz=24, trace=300920, nelems=0, elem type=java.lang.Class[]@500000fa)
OBJ 5000315c (sz=40, trace=300860, class=java.lang.invoke.MethodType@50000121)
OBJ 5000315d (sz=32, trace=300443, class=java.lang.invoke.MethodType$ConcurrentWeakInternSet$WeakEntry@50000b5f)
ARR 5000315e (sz=56, trace=300798, nelems=0, elem type=int[])
ARR 5000315f (sz=96, trace=300811, nelems=0, elem type=char[])
OBJ 50003160 (sz=24, trace=300812, class=java.lang.String@50000165)
OBJ 50003161 (sz=56, trace=300813, class=jdk.internal.org.objectweb.asm.Item@5000118d)
OBJ 50003162 (sz=56, trace=300814, class=jdk.internal.org.objectweb.asm.Item@5000118d)
OBJ 50003163 (sz=56, trace=300815, class=jdk.internal.org.objectweb.asm.Item@5000118d)
ARR 50003164 (sz=80, trace=301072, nelems=0, elem type=jdk.internal.org.objectweb.asm.Item[]@5000118e)
OBJ 50003165 (sz=56, trace=300801, class=jdk.internal.org.objectweb.asm.Item@5000118d)
OBJ 50003166 (sz=56, trace=300802, class=jdk.internal.org.objectweb.asm.Item@5000118d)
OBJ 50003167 (sz=56, trace=300803, class=jdk.internal.org.objectweb.asm.Item@5000118d)
OBJ 50003168 (sz=56, trace=300804, class=jdk.internal.org.objectweb.asm.Item@5000118d)
OBJ 50003169 (sz=24, trace=300805, class=java.lang.String@50000165)
ARR 5000316a (sz=80, trace=300806, nelems=0, elem type=char[])
OBJ 5000316b (sz=56, trace=300807, class=jdk.internal.org.objectweb.asm.Item@5000118d)
ARR 5000316c (sz=24, trace=300931, nelems=0, elem type=java.lang.Class[]@500000fa)
OBJ 5000316d (sz=40, trace=300860, class=java.lang.invoke.MethodType@50000121)
OBJ 5000316e (sz=32, trace=300443, class=java.lang.invoke.MethodType$ConcurrentWeakInternSet$WeakEntry@50000b5f)
ARR 5000316f (sz=56, trace=300809, nelems=0, elem type=int[])
OBJ 50003170 (sz=24, trace=300795, class=java.lang.String@50000165)
ARR 50003171 (sz=40, trace=300462, nelems=0, elem type=char[])
OBJ 50003172 (sz=56, trace=300733, class=jdk.internal.org.objectweb.asm.Item@5000118d)
OBJ 50003173 (sz=56, trace=300800, class=jdk.internal.org.objectweb.asm.Item@5000118d)
OBJ 50003174 (sz=56, trace=300801, class=jdk.internal.org.objectweb.asm.Item@5000118d)
ARR 50003175 (sz=1040, trace=300816, nelems=0, elem type=byte[])
OBJ 50003176 (sz=56, trace=300802, class=jdk.internal.org.objectweb.asm.Item@5000118d)
OBJ 50003177 (sz=56, trace=300803, class=jdk.internal.org.objectweb.asm.Item@5000118d)
OBJ 50003178 (sz=56, trace=300804, class=jdk.internal.org.objectweb.asm.Item@5000118d)
OBJ 50003179 (sz=24, trace=300805, class=java.lang.String@50000165)
ARR 5000317a (sz=48, trace=300806, nelems=0, elem type=char[])
OBJ 5000317b (sz=56, trace=300807, class=jdk.internal.org.objectweb.asm.Item@5000118d)
ARR 5000317c (sz=24, trace=300931, nelems=0, elem type=java.lang.Class[]@500000fa)
OBJ 5000317d (sz=40, trace=300860, class=java.lang.invoke.MethodType@50000121)
OBJ 5000317e (sz=32, trace=300443, class=java.lang.invoke.MethodType$ConcurrentWeakInternSet$WeakEntry@50000b5f)
OBJ 5000317f (sz=64, trace=300817, class=jdk.internal.org.objectweb.asm.Label@500011bc)
OBJ 50003180 (sz=48, trace=300818, class=jdk.internal.org.objectweb.asm.Frame@500011be)
ARR 50003181 (sz=312, trace=300819, nelems=0, elem type=char[])
ARR 50003182 (sz=48, trace=300820, nelems=0, elem type=jdk.internal.org.objectweb.asm.Type[]@50001222)
OBJ 50003183 (sz=32, trace=300821, class=jdk.internal.org.objectweb.asm.Type@500011b2)
OBJ 50003184 (sz=32, trace=300821, class=jdk.internal.org.objectweb.asm.Type@500011b2)
OBJ 50003185 (sz=32, trace=300821, class=jdk.internal.org.objectweb.asm.Type@500011b2)
OBJ 50003186 (sz=32, trace=300821, class=jdk.internal.org.objectweb.asm.Type@500011b2)
OBJ 50003187 (sz=32, trace=300821, class=jdk.internal.org.objectweb.asm.Type@500011b2)
OBJ 50003188 (sz=32, trace=300821, class=jdk.internal.org.objectweb.asm.Type@500011b2)
OBJ 50003189 (sz=32, trace=300821, class=jdk.internal.org.objectweb.asm.Type@500011b2)
ARR 5000318a (sz=48, trace=300822, nelems=0, elem type=int[])
ARR 5000318b (sz=16, trace=300823, nelems=0, elem type=int[])
OBJ 5000318c (sz=24, trace=300824, class=java.lang.StringBuffer@50000119)
ARR 5000318d (sz=48, trace=300825, nelems=0, elem type=char[])
ARR 5000318e (sz=88, trace=300826, nelems=0, elem type=char[])
ARR 5000318f (sz=56, trace=300827, nelems=0, elem type=char[])
OBJ 50003190 (sz=24, trace=300828, class=java.lang.String@50000165)
OBJ 50003191 (sz=24, trace=300829, class=java.lang.String@50000165)
ARR 50003192 (sz=48, trace=300806, nelems=0, elem type=char[])
OBJ 50003193 (sz=24, trace=300824, class=java.lang.StringBuffer@50000119)
ARR 50003194 (sz=48, trace=300825, nelems=0, elem type=char[])
ARR 50003195 (sz=88, trace=300826, nelems=0, elem type=char[])
ARR 50003196 (sz=56, trace=300827, nelems=0, elem type=char[])
OBJ 50003197 (sz=24, trace=300828, class=java.lang.String@50000165)
OBJ 50003198 (sz=24, trace=300829, class=java.lang.String@50000165)
ARR 50003199 (sz=48, trace=300806, nelems=0, elem type=char[])
OBJ 5000319a (sz=24, trace=300824, class=java.lang.StringBuffer@50000119)
ARR 5000319b (sz=48, trace=300825, nelems=0, elem type=char[])
ARR 5000319c (sz=88, trace=300826, nelems=0, elem type=char[])
ARR 5000319d (sz=56, trace=300827, nelems=0, elem type=char[])
OBJ 5000319e (sz=24, trace=300828, class=java.lang.String@50000165)
OBJ 5000319f (sz=24, trace=300829, class=java.lang.String@50000165)
ARR 500031a0 (sz=48, trace=300806, nelems=0, elem type=char[])
OBJ 500031a1 (sz=24, trace=300824, class=java.lang.StringBuffer@50000119)
ARR 500031a2 (sz=48, trace=300825, nelems=0, elem type=char[])
ARR 500031a3 (sz=88, trace=300826, nelems=0, elem type=char[])
ARR 500031a4 (sz=56, trace=300827, nelems=0, elem type=char[])
OBJ 500031a5 (sz=24, trace=300828, class=java.lang.String@50000165)
OBJ 500031a6 (sz=24, trace=300829, class=java.lang.String@50000165)
ARR 500031a7 (sz=48, trace=300806, nelems=0, elem type=char[])
OBJ 500031a8 (sz=24, trace=300824, class=java.lang.StringBuffer@50000119)
ARR 500031a9 (sz=48, trace=300825, nelems=0, elem type=char[])
ARR 500031aa (sz=88, trace=300826, nelems=0, elem type=char[])
ARR 500031ab (sz=56, trace=300827, nelems=0, elem type=char[])
OBJ 500031ac (sz=24, trace=300828, class=java.lang.String@50000165)
OBJ 500031ad (sz=24, trace=300829, class=java.lang.String@50000165)
ARR 500031ae (sz=48, trace=300806, nelems=0, elem type=char[])
OBJ 500031af (sz=24, trace=300824, class=java.lang.StringBuffer@50000119)
ARR 500031b0 (sz=48, trace=300825, nelems=0, elem type=char[])
ARR 500031b1 (sz=88, trace=300826, nelems=0, elem type=char[])
ARR 500031b2 (sz=56, trace=300827, nelems=0, elem type=char[])
OBJ 500031b3 (sz=24, trace=300828, class=java.lang.String@50000165)
OBJ 500031b4 (sz=24, trace=300829, class=java.lang.String@50000165)
ARR 500031b5 (sz=48, trace=300806, nelems=0, elem type=char[])
OBJ 500031b6 (sz=24, trace=300824, class=java.lang.StringBuffer@50000119)
ARR 500031b7 (sz=48, trace=300825, nelems=0, elem type=char[])
ARR 500031b8 (sz=88, trace=300826, nelems=0, elem type=char[])
ARR 500031b9 (sz=56, trace=300827, nelems=0, elem type=char[])
OBJ 500031ba (sz=24, trace=300828, class=java.lang.String@50000165)
OBJ 500031bb (sz=24, trace=300829, class=java.lang.String@50000165)
ARR 500031bc (sz=48, trace=300806, nelems=0, elem type=char[])
ARR 500031bd (sz=56, trace=300830, nelems=0, elem type=int[])
ARR 500031be (sz=24, trace=300940, nelems=0, elem type=java.lang.Object[]@500000ff)
OBJ 500031bf (sz=56, trace=300832, class=jdk.internal.org.objectweb.asm.Item@5000118d)
OBJ 500031c0 (sz=56, trace=300833, class=jdk.internal.org.objectweb.asm.Item@5000118d)
OBJ 500031c1 (sz=56, trace=300834, class=jdk.internal.org.objectweb.asm.Item@5000118d)
OBJ 500031c2 (sz=24, trace=300835, class=jdk.internal.org.objectweb.asm.ByteVector@5000118a)
ARR 500031c3 (sz=808, trace=300836, nelems=0, elem type=byte[])
ARR 500031c4 (sz=120, trace=300837, nelems=0, elem type=java.lang.Object[]@500000ff)
OBJ 500031c5 (sz=16, trace=300839, class=java.util.HashMap$Values@5000123e)
OBJ 500031c6 (sz=40, trace=300841, class=java.util.HashMap$ValueIterator@50001241)
OBJ 500031c8 (sz=56, trace=300843, class=java.lang.invoke.MemberName@50000124)
ARR 500031c9 (sz=16, trace=301092, nelems=0, elem type=java.lang.Class[]@500000fa)
ARR 500031ca (sz=48, trace=301100, nelems=0, elem type=java.lang.Class[]@500000fa)
OBJ 500031cb (sz=40, trace=300575, class=java.lang.invoke.MethodType@50000121)
OBJ 500031cc (sz=32, trace=300443, class=java.lang.invoke.MethodType$ConcurrentWeakInternSet$WeakEntry@50000b5f)
OBJ 500031cd (sz=40, trace=301093, class=java.lang.invoke.MethodType@50000121)
OBJ 500031ce (sz=32, trace=300443, class=java.lang.invoke.MethodType$ConcurrentWeakInternSet$WeakEntry@50000b5f)
OBJ 500031cf (sz=40, trace=301094, class=java.lang.invoke.MethodType@50000121)
	rtype		500000ff
	ptypes		50006def
	form		50000f46
OBJ 500031d0 (sz=40, trace=300445, class=java.lang.invoke.MethodType@50000121)
OBJ 500031d1 (sz=32, trace=300443, class=java.lang.invoke.MethodType$ConcurrentWeakInternSet$WeakEntry@50000b5f)
OBJ 500031d2 (sz=32, trace=300452, class=java.lang.invoke.MethodType$ConcurrentWeakInternSet$WeakEntry@50000b5f)
	referent	500031cf
	queue		50000b52
OBJ 500031d3 (sz=32, trace=300521, class=java.util.concurrent.ConcurrentHashMap$Node@50000021)
	key		500031d2
	val		500031d2
OBJ 500031d4 (sz=56, trace=301095, class=java.lang.invoke.MemberName@50000124)
ARR 500031d5 (sz=24, trace=300512, nelems=0, elem type=java.lang.Class[]@500000fa)
OBJ 500031d6 (sz=40, trace=300514, class=java.lang.invoke.MethodType@50000121)
OBJ 500031d7 (sz=32, trace=300443, class=java.lang.invoke.MethodType$ConcurrentWeakInternSet$WeakEntry@50000b5f)
OBJ 500031d8 (sz=56, trace=300516, class=java.lang.invoke.MemberName@50000124)
ARR 500031d9 (sz=24, trace=300518, nelems=0, elem type=java.lang.Class[]@500000fa)
OBJ 500031da (sz=40, trace=300519, class=java.lang.invoke.MethodType@50000121)
OBJ 500031db (sz=32, trace=300443, class=java.lang.invoke.MethodType$ConcurrentWeakInternSet$WeakEntry@50000b5f)
ARR 500031dc (sz=56, trace=300623, nelems=0, elem type=java.lang.invoke.LambdaForm$Name[]@50000fce)
ARR 500031dd (sz=24, trace=300674, nelems=0, elem type=java.lang.Object[]@500000ff)
ARR 500031de (sz=24, trace=300675, nelems=1, elem type=java.lang.Object[]@500000ff)
	[0]		50000f65
OBJ 500031df (sz=32, trace=300676, class=java.lang.invoke.LambdaForm$Name@50000f62)
	type		50000f5a
	function	50001105
	arguments	500031de
ARR 500031e0 (sz=48, trace=300677, nelems=0, elem type=java.lang.Object[]@500000ff)
OBJ 500031e1 (sz=24, trace=300678, class=java.lang.invoke.LambdaForm$NamedFunction@50000f99)
	member		50006f80
ARR 500031e2 (sz=48, trace=300679, nelems=8, elem type=java.lang.Object[]@500000ff)
	[0]		50000f66
	[1]		50000f67
	[2]		50000f68
	[3]		50000f69
	[4]		50000f6a
	[5]		50000f6b
	[6]		50000f6c
	[7]		500031df
OBJ 500031e3 (sz=32, trace=300680, class=java.lang.invoke.LambdaForm$Name@50000f62)
	type		50000f5a
	function	500031e1
	arguments	500031e2
OBJ 500031e4 (sz=24, trace=300681, class=java.lang.StringBuilder@50000118)
ARR 500031e5 (sz=48, trace=300682, nelems=0, elem type=char[])
ARR 500031e6 (sz=88, trace=300010, nelems=0, elem type=char[])
ARR 500031e7 (sz=40, trace=300683, nelems=0, elem type=char[])
OBJ 500031e8 (sz=24, trace=300685, class=java.util.Arrays$ArrayList@5000115f)
OBJ 500031e9 (sz=24, trace=300686, class=java.util.Collections$UnmodifiableRandomAccessList@500000ca)
OBJ 500031ea (sz=24, trace=300688, class=java.util.Collections$UnmodifiableCollection$1@50001162)
OBJ 500031eb (sz=32, trace=300690, class=java.util.AbstractList$Itr@50001164)
OBJ 500031ec (sz=24, trace=300691, class=java.lang.String@50000165)
ARR 500031ed (sz=40, trace=300692, nelems=0, elem type=char[])
OBJ 500031ee (sz=24, trace=300861, class=java.lang.StringBuilder@50000118)
ARR 500031ef (sz=48, trace=300862, nelems=0, elem type=char[])
OBJ 500031f0 (sz=24, trace=300863, class=java.lang.String@50000165)
ARR 500031f1 (sz=24, trace=300864, nelems=0, elem type=char[])
OBJ 500031f2 (sz=24, trace=300693, class=java.lang.String@50000165)
	value		500031f3
ARR 500031f3 (sz=42, trace=300694, nelems=21, elem type=char[])
OBJ 500031f4 (sz=48, trace=300695, class=java.lang.invoke.LambdaForm@50000122)
	names		50006f7f
	debugName	500031f2
	vmentry		50006f7e
OBJ 500031f5 (sz=24, trace=300696, class=java.lang.StringBuilder@50000118)
ARR 500031f6 (sz=40, trace=300697, nelems=0, elem type=char[])
OBJ 500031f7 (sz=24, trace=300698, class=java.lang.String@50000165)
ARR 500031f8 (sz=40, trace=300699, nelems=0, elem type=char[])
ARR 500031f9 (sz=48, trace=300700, nelems=0, elem type=java.lang.Class[]@500000fa)
OBJ 500031fa (sz=40, trace=300701, class=java.lang.invoke.MethodType@50000121)
OBJ 500031fb (sz=32, trace=300443, class=java.lang.invoke.MethodType$ConcurrentWeakInternSet$WeakEntry@50000b5f)
OBJ 500031fc (sz=64, trace=300704, class=java.lang.invoke.InvokerBytecodeGenerator@50001172)
OBJ 500031fd (sz=48, trace=300705, class=java.util.HashMap@500000bd)
OBJ 500031fe (sz=24, trace=300706, class=java.lang.String@50000165)
ARR 500031ff (sz=24, trace=300707, nelems=0, elem type=char[])
OBJ 50003200 (sz=24, trace=300708, class=java.lang.String@50000165)
	value		50003201
ARR 50003201 (sz=34, trace=300709, nelems=17, elem type=char[])
OBJ 50003202 (sz=24, trace=300710, class=java.lang.StringBuilder@50000118)
ARR 50003203 (sz=48, trace=300711, nelems=0, elem type=char[])
ARR 50003204 (sz=88, trace=300010, nelems=0, elem type=char[])
OBJ 50003205 (sz=24, trace=300712, class=java.lang.String@50000165)
ARR 50003206 (sz=80, trace=300713, nelems=0, elem type=char[])
OBJ 50003207 (sz=24, trace=300714, class=java.lang.StringBuilder@50000118)
ARR 50003208 (sz=48, trace=300715, nelems=0, elem type=char[])
OBJ 50003209 (sz=24, trace=300716, class=java.lang.String@50000165)
ARR 5000320a (sz=48, trace=300717, nelems=0, elem type=char[])
ARR 5000320b (sz=64, trace=300718, nelems=0, elem type=int[])
ARR 5000320c (sz=64, trace=300719, nelems=0, elem type=java.lang.invoke.LambdaForm$BasicType[]@50000f60)
ARR 5000320d (sz=64, trace=300720, nelems=0, elem type=java.lang.Class[]@500000fa)
OBJ 5000320e (sz=168, trace=300723, class=jdk.internal.org.objectweb.asm.ClassWriter@50001187)
OBJ 5000320f (sz=24, trace=300725, class=jdk.internal.org.objectweb.asm.ByteVector@5000118a)
ARR 50003210 (sz=80, trace=300726, nelems=0, elem type=byte[])
ARR 50003211 (sz=1040, trace=300728, nelems=0, elem type=jdk.internal.org.objectweb.asm.Item[]@5000118e)
OBJ 50003212 (sz=56, trace=300729, class=jdk.internal.org.objectweb.asm.Item@5000118d)
OBJ 50003213 (sz=56, trace=300730, class=jdk.internal.org.objectweb.asm.Item@5000118d)
OBJ 50003214 (sz=56, trace=300731, class=jdk.internal.org.objectweb.asm.Item@5000118d)
OBJ 50003215 (sz=56, trace=300732, class=jdk.internal.org.objectweb.asm.Item@5000118d)
OBJ 50003216 (sz=56, trace=300733, class=jdk.internal.org.objectweb.asm.Item@5000118d)
OBJ 50003217 (sz=56, trace=300734, class=jdk.internal.org.objectweb.asm.Item@5000118d)
OBJ 50003218 (sz=56, trace=300733, class=jdk.internal.org.objectweb.asm.Item@5000118d)
OBJ 50003219 (sz=56, trace=300735, class=jdk.internal.org.objectweb.asm.Item@5000118d)
ARR 5000321a (sz=144, trace=300736, nelems=0, elem type=byte[])
OBJ 5000321b (sz=56, trace=300737, class=jdk.internal.org.objectweb.asm.Item@5000118d)
OBJ 5000321c (sz=224, trace=300748, class=jdk.internal.org.objectweb.asm.MethodWriter@500011ab)
OBJ 5000321d (sz=24, trace=300749, class=jdk.internal.org.objectweb.asm.ByteVector@5000118a)
ARR 5000321e (sz=80, trace=300750, nelems=0, elem type=byte[])
OBJ 5000321f (sz=56, trace=300751, class=jdk.internal.org.objectweb.asm.Item@5000118d)
ARR 50003220 (sz=280, trace=300752, nelems=0, elem type=byte[])
OBJ 50003221 (sz=56, trace=300753, class=jdk.internal.org.objectweb.asm.Item@5000118d)
OBJ 50003222 (sz=64, trace=300765, class=jdk.internal.org.objectweb.asm.Label@500011bc)
OBJ 50003223 (sz=48, trace=300768, class=jdk.internal.org.objectweb.asm.Frame@500011be)
OBJ 50003224 (sz=24, trace=300769, class=jdk.internal.org.objectweb.asm.ByteVector@5000118a)
ARR 50003225 (sz=80, trace=300770, nelems=0, elem type=byte[])
ARR 50003226 (sz=544, trace=301101, nelems=0, elem type=byte[])
OBJ 50003227 (sz=56, trace=300771, class=jdk.internal.org.objectweb.asm.Item@5000118d)
OBJ 50003228 (sz=56, trace=300773, class=jdk.internal.org.objectweb.asm.AnnotationWriter@500011c5)
OBJ 50003229 (sz=24, trace=300774, class=jdk.internal.org.objectweb.asm.ByteVector@5000118a)
ARR 5000322a (sz=80, trace=300775, nelems=0, elem type=byte[])
OBJ 5000322b (sz=56, trace=300776, class=jdk.internal.org.objectweb.asm.Item@5000118d)
OBJ 5000322c (sz=56, trace=300773, class=jdk.internal.org.objectweb.asm.AnnotationWriter@500011c5)
OBJ 5000322d (sz=24, trace=300777, class=jdk.internal.org.objectweb.asm.ByteVector@5000118a)
ARR 5000322e (sz=80, trace=300778, nelems=0, elem type=byte[])
OBJ 5000322f (sz=56, trace=300780, class=jdk.internal.org.objectweb.asm.Item@5000118d)
OBJ 50003230 (sz=56, trace=300773, class=jdk.internal.org.objectweb.asm.AnnotationWriter@500011c5)
OBJ 50003231 (sz=24, trace=300795, class=java.lang.String@50000165)
ARR 50003232 (sz=56, trace=300462, nelems=0, elem type=char[])
ARR 50003233 (sz=88, trace=300796, nelems=0, elem type=char[])
OBJ 50003234 (sz=24, trace=300797, class=java.lang.String@50000165)
ARR 50003235 (sz=56, trace=300798, nelems=0, elem type=int[])
OBJ 50003236 (sz=56, trace=300733, class=jdk.internal.org.objectweb.asm.Item@5000118d)
OBJ 50003237 (sz=56, trace=300800, class=jdk.internal.org.objectweb.asm.Item@5000118d)
OBJ 50003238 (sz=56, trace=300801, class=jdk.internal.org.objectweb.asm.Item@5000118d)
OBJ 50003239 (sz=56, trace=300802, class=jdk.internal.org.objectweb.asm.Item@5000118d)
OBJ 5000323a (sz=56, trace=300803, class=jdk.internal.org.objectweb.asm.Item@5000118d)
OBJ 5000323b (sz=56, trace=300804, class=jdk.internal.org.objectweb.asm.Item@5000118d)
OBJ 5000323c (sz=24, trace=300805, class=java.lang.String@50000165)
ARR 5000323d (sz=48, trace=300806, nelems=0, elem type=char[])
OBJ 5000323e (sz=56, trace=300807, class=jdk.internal.org.objectweb.asm.Item@5000118d)
ARR 5000323f (sz=80, trace=300808, nelems=0, elem type=jdk.internal.org.objectweb.asm.Item[]@5000118e)
ARR 50003240 (sz=56, trace=300809, nelems=0, elem type=int[])
OBJ 50003241 (sz=24, trace=300795, class=java.lang.String@50000165)
ARR 50003242 (sz=40, trace=300462, nelems=0, elem type=char[])
ARR 50003243 (sz=72, trace=300811, nelems=0, elem type=char[])
OBJ 50003244 (sz=24, trace=300812, class=java.lang.String@50000165)
OBJ 50003245 (sz=56, trace=300813, class=jdk.internal.org.objectweb.asm.Item@5000118d)
OBJ 50003246 (sz=56, trace=300814, class=jdk.internal.org.objectweb.asm.Item@5000118d)
OBJ 50003247 (sz=56, trace=300815, class=jdk.internal.org.objectweb.asm.Item@5000118d)
ARR 50003248 (sz=1072, trace=300852, nelems=0, elem type=byte[])
OBJ 50003249 (sz=56, trace=300733, class=jdk.internal.org.objectweb.asm.Item@5000118d)
OBJ 5000324a (sz=56, trace=300800, class=jdk.internal.org.objectweb.asm.Item@5000118d)
OBJ 5000324b (sz=56, trace=300801, class=jdk.internal.org.objectweb.asm.Item@5000118d)
OBJ 5000324c (sz=56, trace=300802, class=jdk.internal.org.objectweb.asm.Item@5000118d)
OBJ 5000324d (sz=56, trace=300803, class=jdk.internal.org.objectweb.asm.Item@5000118d)
OBJ 5000324e (sz=56, trace=300804, class=jdk.internal.org.objectweb.asm.Item@5000118d)
OBJ 5000324f (sz=24, trace=300805, class=java.lang.String@50000165)
ARR 50003250 (sz=48, trace=300806, nelems=0, elem type=char[])
OBJ 50003251 (sz=64, trace=300817, class=jdk.internal.org.objectweb.asm.Label@500011bc)
OBJ 50003252 (sz=48, trace=300818, class=jdk.internal.org.objectweb.asm.Frame@500011be)
ARR 50003253 (sz=344, trace=300819, nelems=0, elem type=char[])
ARR 50003254 (sz=48, trace=300820, nelems=0, elem type=jdk.internal.org.objectweb.asm.Type[]@50001222)
OBJ 50003255 (sz=32, trace=300821, class=jdk.internal.org.objectweb.asm.Type@500011b2)
OBJ 50003256 (sz=32, trace=300821, class=jdk.internal.org.objectweb.asm.Type@500011b2)
OBJ 50003257 (sz=32, trace=300821, class=jdk.internal.org.objectweb.asm.Type@500011b2)
OBJ 50003258 (sz=32, trace=300821, class=jdk.internal.org.objectweb.asm.Type@500011b2)
OBJ 50003259 (sz=32, trace=300821, class=jdk.internal.org.objectweb.asm.Type@500011b2)
OBJ 5000325a (sz=32, trace=300821, class=jdk.internal.org.objectweb.asm.Type@500011b2)
OBJ 5000325b (sz=32, trace=300821, class=jdk.internal.org.objectweb.asm.Type@500011b2)
OBJ 5000325c (sz=32, trace=300821, class=jdk.internal.org.objectweb.asm.Type@500011b2)
ARR 5000325d (sz=56, trace=300822, nelems=0, elem type=int[])
ARR 5000325e (sz=16, trace=300823, nelems=0, elem type=int[])
OBJ 5000325f (sz=24, trace=300824, class=java.lang.StringBuffer@50000119)
ARR 50003260 (sz=48, trace=300825, nelems=0, elem type=char[])
ARR 50003261 (sz=88, trace=300826, nelems=0, elem type=char[])
ARR 50003262 (sz=56, trace=300827, nelems=0, elem type=char[])
OBJ 50003263 (sz=24, trace=300828, class=java.lang.String@50000165)
OBJ 50003264 (sz=24, trace=300829, class=java.lang.String@50000165)
ARR 50003265 (sz=48, trace=300806, nelems=0, elem type=char[])
OBJ 50003266 (sz=24, trace=300824, class=java.lang.StringBuffer@50000119)
ARR 50003267 (sz=48, trace=300825, nelems=0, elem type=char[])
ARR 50003268 (sz=88, trace=300826, nelems=0, elem type=char[])
ARR 50003269 (sz=56, trace=300827, nelems=0, elem type=char[])
OBJ 5000326a (sz=24, trace=300828, class=java.lang.String@50000165)
OBJ 5000326b (sz=24, trace=300829, class=java.lang.String@50000165)
ARR 5000326c (sz=48, trace=300806, nelems=0, elem type=char[])
OBJ 5000326d (sz=24, trace=300824, class=java.lang.StringBuffer@50000119)
ARR 5000326e (sz=48, trace=300825, nelems=0, elem type=char[])
ARR 5000326f (sz=88, trace=300826, nelems=0, elem type=char[])
ARR 50003270 (sz=56, trace=300827, nelems=0, elem type=char[])
OBJ 50003271 (sz=24, trace=300828, class=java.lang.String@50000165)
OBJ 50003272 (sz=24, trace=300829, class=java.lang.String@50000165)
ARR 50003273 (sz=48, trace=300806, nelems=0, elem type=char[])
OBJ 50003274 (sz=24, trace=300824, class=java.lang.StringBuffer@50000119)
ARR 50003275 (sz=48, trace=300825, nelems=0, elem type=char[])
ARR 50003276 (sz=88, trace=300826, nelems=0, elem type=char[])
ARR 50003277 (sz=56, trace=300827, nelems=0, elem type=char[])
OBJ 50003278 (sz=24, trace=300828, class=java.lang.String@50000165)
OBJ 50003279 (sz=24, trace=300829, class=java.lang.String@50000165)
ARR 5000327a (sz=48, trace=300806, nelems=0, elem type=char[])
OBJ 5000327b (sz=24, trace=300824, class=java.lang.StringBuffer@50000119)
ARR 5000327c (sz=48, trace=300825, nelems=0, elem type=char[])
ARR 5000327d (sz=88, trace=300826, nelems=0, elem type=char[])
ARR 5000327e (sz=56, trace=300827, nelems=0, elem type=char[])
OBJ 5000327f (sz=24, trace=300828, class=java.lang.String@50000165)
OBJ 50003280 (sz=24, trace=300829, class=java.lang.String@50000165)
ARR 50003281 (sz=48, trace=300806, nelems=0, elem type=char[])
OBJ 50003282 (sz=24, trace=300824, class=java.lang.StringBuffer@50000119)
ARR 50003283 (sz=48, trace=300825, nelems=0, elem type=char[])
ARR 50003284 (sz=88, trace=300826, nelems=0, elem type=char[])
ARR 50003285 (sz=56, trace=300827, nelems=0, elem type=char[])
OBJ 50003286 (sz=24, trace=300828, class=java.lang.String@50000165)
OBJ 50003287 (sz=24, trace=300829, class=java.lang.String@50000165)
ARR 50003288 (sz=48, trace=300806, nelems=0, elem type=char[])
OBJ 50003289 (sz=24, trace=300824, class=java.lang.StringBuffer@50000119)
ARR 5000328a (sz=48, trace=300825, nelems=0, elem type=char[])
ARR 5000328b (sz=88, trace=300826, nelems=0, elem type=char[])
ARR 5000328c (sz=56, trace=300827, nelems=0, elem type=char[])
OBJ 5000328d (sz=24, trace=300828, class=java.lang.String@50000165)
OBJ 5000328e (sz=24, trace=300829, class=java.lang.String@50000165)
ARR 5000328f (sz=48, trace=300806, nelems=0, elem type=char[])
OBJ 50003290 (sz=24, trace=300824, class=java.lang.StringBuffer@50000119)
ARR 50003291 (sz=48, trace=300825, nelems=0, elem type=char[])
ARR 50003292 (sz=88, trace=300826, nelems=0, elem type=char[])
ARR 50003293 (sz=56, trace=300827, nelems=0, elem type=char[])
OBJ 50003294 (sz=24, trace=300828, class=java.lang.String@50000165)
OBJ 50003295 (sz=24, trace=300829, class=java.lang.String@50000165)
ARR 50003296 (sz=48, trace=300806, nelems=0, elem type=char[])
ARR 50003297 (sz=64, trace=300830, nelems=0, elem type=int[])
ARR 50003298 (sz=24, trace=300831, nelems=0, elem type=java.lang.Object[]@500000ff)
OBJ 50003299 (sz=56, trace=300832, class=jdk.internal.org.objectweb.asm.Item@5000118d)
OBJ 5000329a (sz=56, trace=300833, class=jdk.internal.org.objectweb.asm.Item@5000118d)
OBJ 5000329b (sz=56, trace=300834, class=jdk.internal.org.objectweb.asm.Item@5000118d)
OBJ 5000329c (sz=24, trace=300835, class=jdk.internal.org.objectweb.asm.ByteVector@5000118a)
ARR 5000329d (sz=928, trace=300836, nelems=0, elem type=byte[])
ARR 5000329e (sz=128, trace=300837, nelems=0, elem type=java.lang.Object[]@500000ff)
OBJ 5000329f (sz=16, trace=300839, class=java.util.HashMap$Values@5000123e)
OBJ 500032a0 (sz=40, trace=300841, class=java.util.HashMap$ValueIterator@50001241)
OBJ 500032a2 (sz=56, trace=300843, class=java.lang.invoke.MemberName@50000124)
OBJ 500032a3 (sz=40, trace=300844, class=java.lang.ref.SoftReference@50000149)
	referent	500031f4
	queue		50006b4d
OBJ 500032a4 (sz=32, trace=300865, class=java.lang.invoke.DirectMethodHandle@50000125)
	type		500031cf
	form		500031f4
	member		50006ff7
ARR 500032a5 (sz=24, trace=301038, nelems=0, elem type=java.lang.Class[]@500000fa)
OBJ 500032a6 (sz=40, trace=300519, class=java.lang.invoke.MethodType@50000121)
OBJ 500032a7 (sz=32, trace=300443, class=java.lang.invoke.MethodType$ConcurrentWeakInternSet$WeakEntry@50000b5f)
ARR 500032a8 (sz=56, trace=301039, nelems=0, elem type=java.lang.invoke.LambdaForm$Name[]@50000fce)
OBJ 500032a9 (sz=32, trace=301040, class=java.lang.invoke.LambdaForm$Name@50000f62)
	type		50000f5a
	constraint	50002302
ARR 500032aa (sz=24, trace=301041, nelems=0, elem type=java.lang.Object[]@500000ff)
ARR 500032ab (sz=24, trace=300907, nelems=0, elem type=java.lang.Class[]@500000fa)
OBJ 500032ac (sz=40, trace=300860, class=java.lang.invoke.MethodType@50000121)
OBJ 500032ad (sz=32, trace=300443, class=java.lang.invoke.MethodType$ConcurrentWeakInternSet$WeakEntry@50000b5f)
ARR 500032ae (sz=24, trace=301042, nelems=1, elem type=java.lang.Object[]@500000ff)
	[0]		500032a9
OBJ 500032af (sz=32, trace=301043, class=java.lang.invoke.LambdaForm$Name@50000f62)
	type		50000f5a
	function	5000230a
	arguments	500032ae
ARR 500032b0 (sz=48, trace=301044, nelems=0, elem type=java.lang.Object[]@500000ff)
OBJ 500032b1 (sz=24, trace=301045, class=java.lang.invoke.LambdaForm$NamedFunction@50000f99)
	member		50006df0
	resolvedHandle	500033e4
OBJ 500032b2 (sz=24, trace=301064, class=java.lang.invoke.Invokers@50000b5b)
	targetType	50000f45
	invokers	500032b3
ARR 500032b3 (sz=32, trace=301065, nelems=3, elem type=java.lang.invoke.MethodHandle[]@5000018c)
	[2]		500033e4
OBJ 500032b4 (sz=56, trace=301066, class=java.lang.invoke.MemberName@50000124)
ARR 500032b5 (sz=24, trace=301067, nelems=0, elem type=java.lang.Class[]@500000fa)
OBJ 500032b6 (sz=40, trace=300857, class=java.lang.invoke.MethodType@50000121)
OBJ 500032b7 (sz=32, trace=300443, class=java.lang.invoke.MethodType$ConcurrentWeakInternSet$WeakEntry@50000b5f)
ARR 500032b8 (sz=24, trace=300859, nelems=0, elem type=java.lang.Class[]@500000fa)
OBJ 500032b9 (sz=40, trace=300860, class=java.lang.invoke.MethodType@50000121)
OBJ 500032ba (sz=32, trace=300443, class=java.lang.invoke.MethodType$ConcurrentWeakInternSet$WeakEntry@50000b5f)
ARR 500032bb (sz=24, trace=300512, nelems=0, elem type=java.lang.Class[]@500000fa)
OBJ 500032bc (sz=40, trace=300514, class=java.lang.invoke.MethodType@50000121)
OBJ 500032bd (sz=32, trace=300443, class=java.lang.invoke.MethodType$ConcurrentWeakInternSet$WeakEntry@50000b5f)
OBJ 500032be (sz=40, trace=300515, class=java.lang.invoke.MethodType@50000121)
	rtype		50000169
	ptypes		50006f74
	form		500032c2
	methodDescriptor	5000337e
OBJ 500032bf (sz=40, trace=300445, class=java.lang.invoke.MethodType@50000121)
OBJ 500032c0 (sz=32, trace=300443, class=java.lang.invoke.MethodType$ConcurrentWeakInternSet$WeakEntry@50000b5f)
OBJ 500032c1 (sz=40, trace=300446, class=java.lang.invoke.MethodType@50000121)
	rtype		50000169
	ptypes		50006df5
	form		500032c2
	invokers	50003890
	methodDescriptor	50003332
OBJ 500032c2 (sz=56, trace=300447, class=java.lang.invoke.MethodTypeForm@50000b5a)
	argToSlotTable	500032c4
	slotToArgTable	500032c3
	erasedType	500032c1
	basicType	500032c1
	methodHandles	500032c6
	lambdaForms	500032c5
ARR 500032c3 (sz=40, trace=300448, nelems=10, elem type=int[])
ARR 500032c4 (sz=40, trace=300449, nelems=10, elem type=int[])
ARR 500032c5 (sz=88, trace=300450, nelems=9, elem type=java.lang.ref.SoftReference[]@50000b68)
	[1]		50003881
	[2]		500036d0
	[8]		500039e2
ARR 500032c6 (sz=32, trace=300451, nelems=1, elem type=java.lang.ref.SoftReference[]@50000b68)
	[0]		500039de
OBJ 500032c7 (sz=32, trace=300452, class=java.lang.invoke.MethodType$ConcurrentWeakInternSet$WeakEntry@50000b5f)
	referent	500032c1
	queue		50000b52
OBJ 500032c8 (sz=32, trace=300454, class=java.util.concurrent.ConcurrentHashMap$Node@50000021)
	key		500032c7
	val		500032c7
OBJ 500032c9 (sz=32, trace=300452, class=java.lang.invoke.MethodType$ConcurrentWeakInternSet$WeakEntry@50000b5f)
	referent	500032be
	queue		50000b52
OBJ 500032ca (sz=32, trace=300521, class=java.util.concurrent.ConcurrentHashMap$Node@50000021)
	key		500032c9
	val		500032c9
	next		5000535d
OBJ 500032cb (sz=56, trace=300516, class=java.lang.invoke.MemberName@50000124)
ARR 500032cc (sz=24, trace=300518, nelems=0, elem type=java.lang.Class[]@500000fa)
OBJ 500032cd (sz=40, trace=300519, class=java.lang.invoke.MethodType@50000121)
OBJ 500032ce (sz=32, trace=300443, class=java.lang.invoke.MethodType$ConcurrentWeakInternSet$WeakEntry@50000b5f)
OBJ 500032cf (sz=40, trace=300520, class=java.lang.invoke.MethodType@50000121)
	rtype		50000169
	ptypes		50006df4
	form		500032c2
OBJ 500032d0 (sz=40, trace=300445, class=java.lang.invoke.MethodType@50000121)
OBJ 500032d1 (sz=32, trace=300443, class=java.lang.invoke.MethodType$ConcurrentWeakInternSet$WeakEntry@50000b5f)
OBJ 500032d2 (sz=32, trace=300452, class=java.lang.invoke.MethodType$ConcurrentWeakInternSet$WeakEntry@50000b5f)
	referent	500032cf
	queue		50000b52
OBJ 500032d3 (sz=32, trace=300521, class=java.util.concurrent.ConcurrentHashMap$Node@50000021)
	key		500032d2
	val		500032d2
ARR 500032d4 (sz=64, trace=300623, nelems=0, elem type=java.lang.invoke.LambdaForm$Name[]@50000fce)
ARR 500032d5 (sz=24, trace=300674, nelems=0, elem type=java.lang.Object[]@500000ff)
ARR 500032d6 (sz=24, trace=300675, nelems=1, elem type=java.lang.Object[]@500000ff)
	[0]		50000f65
OBJ 500032d7 (sz=32, trace=300676, class=java.lang.invoke.LambdaForm$Name@50000f62)
	type		50000f5a
	function	50001105
	arguments	500032d6
ARR 500032d8 (sz=56, trace=300677, nelems=0, elem type=java.lang.Object[]@500000ff)
OBJ 500032d9 (sz=24, trace=300678, class=java.lang.invoke.LambdaForm$NamedFunction@50000f99)
	member		50006f73
ARR 500032da (sz=56, trace=300679, nelems=9, elem type=java.lang.Object[]@500000ff)
	[0]		50000f66
	[1]		50000f67
	[2]		50000f68
	[3]		50000f69
	[4]		50000f6a
	[5]		50000f6b
	[6]		50000f6c
	[7]		50000f6d
	[8]		500032d7
OBJ 500032db (sz=32, trace=300680, class=java.lang.invoke.LambdaForm$Name@50000f62)
	type		50000f5a
	function	500032d9
	arguments	500032da
OBJ 500032dc (sz=24, trace=300681, class=java.lang.StringBuilder@50000118)
ARR 500032dd (sz=48, trace=300682, nelems=0, elem type=char[])
ARR 500032de (sz=88, trace=300010, nelems=0, elem type=char[])
ARR 500032df (sz=40, trace=300683, nelems=0, elem type=char[])
OBJ 500032e0 (sz=24, trace=300685, class=java.util.Arrays$ArrayList@5000115f)
OBJ 500032e1 (sz=24, trace=300686, class=java.util.Collections$UnmodifiableRandomAccessList@500000ca)
OBJ 500032e2 (sz=24, trace=300688, class=java.util.Collections$UnmodifiableCollection$1@50001162)
OBJ 500032e3 (sz=32, trace=300690, class=java.util.AbstractList$Itr@50001164)
OBJ 500032e4 (sz=24, trace=300691, class=java.lang.String@50000165)
ARR 500032e5 (sz=40, trace=300692, nelems=0, elem type=char[])
OBJ 500032e6 (sz=24, trace=300861, class=java.lang.StringBuilder@50000118)
ARR 500032e7 (sz=48, trace=300862, nelems=0, elem type=char[])
OBJ 500032e8 (sz=24, trace=300863, class=java.lang.String@50000165)
ARR 500032e9 (sz=24, trace=300864, nelems=0, elem type=char[])
OBJ 500032ea (sz=24, trace=300693, class=java.lang.String@50000165)
	value		500032eb
ARR 500032eb (sz=44, trace=300694, nelems=22, elem type=char[])
OBJ 500032ec (sz=48, trace=300695, class=java.lang.invoke.LambdaForm@50000122)
	names		50006f72
	debugName	500032ea
	vmentry		50006f71
OBJ 500032ed (sz=24, trace=300696, class=java.lang.StringBuilder@50000118)
ARR 500032ee (sz=40, trace=300697, nelems=0, elem type=char[])
OBJ 500032ef (sz=24, trace=300698, class=java.lang.String@50000165)
ARR 500032f0 (sz=40, trace=300699, nelems=0, elem type=char[])
ARR 500032f1 (sz=56, trace=300700, nelems=0, elem type=java.lang.Class[]@500000fa)
OBJ 500032f2 (sz=40, trace=300701, class=java.lang.invoke.MethodType@50000121)
OBJ 500032f3 (sz=32, trace=300443, class=java.lang.invoke.MethodType$ConcurrentWeakInternSet$WeakEntry@50000b5f)
OBJ 500032f4 (sz=64, trace=300704, class=java.lang.invoke.InvokerBytecodeGenerator@50001172)
OBJ 500032f5 (sz=48, trace=300705, class=java.util.HashMap@500000bd)
OBJ 500032f6 (sz=24, trace=300706, class=java.lang.String@50000165)
ARR 500032f7 (sz=24, trace=300707, nelems=0, elem type=char[])
OBJ 500032f8 (sz=24, trace=300708, class=java.lang.String@50000165)
	value		500032f9
ARR 500032f9 (sz=36, trace=300709, nelems=18, elem type=char[])
OBJ 500032fa (sz=24, trace=300710, class=java.lang.StringBuilder@50000118)
ARR 500032fb (sz=48, trace=300711, nelems=0, elem type=char[])
ARR 500032fc (sz=88, trace=300010, nelems=0, elem type=char[])
OBJ 500032fd (sz=24, trace=300712, class=java.lang.String@50000165)
ARR 500032fe (sz=80, trace=300713, nelems=0, elem type=char[])
OBJ 500032ff (sz=24, trace=300714, class=java.lang.StringBuilder@50000118)
ARR 50003300 (sz=48, trace=300715, nelems=0, elem type=char[])
OBJ 50003301 (sz=24, trace=300716, class=java.lang.String@50000165)
ARR 50003302 (sz=48, trace=300717, nelems=0, elem type=char[])
ARR 50003303 (sz=64, trace=300718, nelems=0, elem type=int[])
ARR 50003304 (sz=64, trace=300719, nelems=0, elem type=java.lang.invoke.LambdaForm$BasicType[]@50000f60)
ARR 50003305 (sz=64, trace=300720, nelems=0, elem type=java.lang.Class[]@500000fa)
OBJ 50003306 (sz=168, trace=300723, class=jdk.internal.org.objectweb.asm.ClassWriter@50001187)
OBJ 50003307 (sz=24, trace=300725, class=jdk.internal.org.objectweb.asm.ByteVector@5000118a)
ARR 50003308 (sz=80, trace=300726, nelems=0, elem type=byte[])
ARR 50003309 (sz=1040, trace=300728, nelems=0, elem type=jdk.internal.org.objectweb.asm.Item[]@5000118e)
OBJ 5000330a (sz=56, trace=300729, class=jdk.internal.org.objectweb.asm.Item@5000118d)
OBJ 5000330b (sz=56, trace=300730, class=jdk.internal.org.objectweb.asm.Item@5000118d)
OBJ 5000330c (sz=56, trace=300731, class=jdk.internal.org.objectweb.asm.Item@5000118d)
OBJ 5000330d (sz=56, trace=300732, class=jdk.internal.org.objectweb.asm.Item@5000118d)
OBJ 5000330e (sz=56, trace=300733, class=jdk.internal.org.objectweb.asm.Item@5000118d)
OBJ 5000330f (sz=56, trace=300734, class=jdk.internal.org.objectweb.asm.Item@5000118d)
OBJ 50003310 (sz=56, trace=300733, class=jdk.internal.org.objectweb.asm.Item@5000118d)
OBJ 50003311 (sz=56, trace=300735, class=jdk.internal.org.objectweb.asm.Item@5000118d)
ARR 50003312 (sz=144, trace=300736, nelems=0, elem type=byte[])
OBJ 50003313 (sz=56, trace=300737, class=jdk.internal.org.objectweb.asm.Item@5000118d)
OBJ 50003314 (sz=24, trace=300685, class=java.util.Arrays$ArrayList@5000115f)
OBJ 50003315 (sz=24, trace=300686, class=java.util.Collections$UnmodifiableRandomAccessList@500000ca)
OBJ 50003316 (sz=24, trace=300738, class=java.lang.StringBuilder@50000118)
ARR 50003317 (sz=48, trace=300739, nelems=0, elem type=char[])
OBJ 50003318 (sz=24, trace=300740, class=java.util.Collections$UnmodifiableCollection$1@50001162)
OBJ 50003319 (sz=32, trace=300690, class=java.util.AbstractList$Itr@50001164)
ARR 5000331a (sz=48, trace=300741, nelems=0, elem type=char[])
OBJ 5000331b (sz=24, trace=300742, class=java.lang.String@50000165)
ARR 5000331c (sz=88, trace=300010, nelems=0, elem type=char[])
ARR 5000331d (sz=48, trace=300741, nelems=0, elem type=char[])
OBJ 5000331e (sz=24, trace=300742, class=java.lang.String@50000165)
ARR 5000331f (sz=160, trace=300010, nelems=0, elem type=char[])
ARR 50003320 (sz=48, trace=300741, nelems=0, elem type=char[])
OBJ 50003321 (sz=24, trace=300742, class=java.lang.String@50000165)
ARR 50003322 (sz=48, trace=300741, nelems=0, elem type=char[])
OBJ 50003323 (sz=24, trace=300742, class=java.lang.String@50000165)
ARR 50003324 (sz=304, trace=300010, nelems=0, elem type=char[])
ARR 50003325 (sz=48, trace=300741, nelems=0, elem type=char[])
OBJ 50003326 (sz=24, trace=300742, class=java.lang.String@50000165)
ARR 50003327 (sz=48, trace=300741, nelems=0, elem type=char[])
OBJ 50003328 (sz=24, trace=300742, class=java.lang.String@50000165)
ARR 50003329 (sz=48, trace=300741, nelems=0, elem type=char[])
OBJ 5000332a (sz=24, trace=300742, class=java.lang.String@50000165)
ARR 5000332b (sz=48, trace=300741, nelems=0, elem type=char[])
OBJ 5000332c (sz=24, trace=300742, class=java.lang.String@50000165)
ARR 5000332d (sz=592, trace=300010, nelems=0, elem type=char[])
ARR 5000332e (sz=48, trace=300741, nelems=0, elem type=char[])
OBJ 5000332f (sz=24, trace=300742, class=java.lang.String@50000165)
ARR 50003330 (sz=48, trace=300743, nelems=0, elem type=char[])
OBJ 50003331 (sz=24, trace=300744, class=java.lang.String@50000165)
OBJ 50003332 (sz=24, trace=300745, class=java.lang.String@50000165)
	value		50003333
ARR 50003333 (sz=364, trace=300746, nelems=182, elem type=char[])
OBJ 50003334 (sz=224, trace=300748, class=jdk.internal.org.objectweb.asm.MethodWriter@500011ab)
OBJ 50003335 (sz=24, trace=300749, class=jdk.internal.org.objectweb.asm.ByteVector@5000118a)
ARR 50003336 (sz=80, trace=300750, nelems=0, elem type=byte[])
OBJ 50003337 (sz=56, trace=300751, class=jdk.internal.org.objectweb.asm.Item@5000118d)
ARR 50003338 (sz=304, trace=300752, nelems=0, elem type=byte[])
OBJ 50003339 (sz=56, trace=300753, class=jdk.internal.org.objectweb.asm.Item@5000118d)
OBJ 5000333a (sz=64, trace=300765, class=jdk.internal.org.objectweb.asm.Label@500011bc)
OBJ 5000333b (sz=48, trace=300768, class=jdk.internal.org.objectweb.asm.Frame@500011be)
OBJ 5000333c (sz=24, trace=300769, class=jdk.internal.org.objectweb.asm.ByteVector@5000118a)
ARR 5000333d (sz=80, trace=300770, nelems=0, elem type=byte[])
ARR 5000333e (sz=584, trace=301101, nelems=0, elem type=byte[])
OBJ 5000333f (sz=56, trace=300771, class=jdk.internal.org.objectweb.asm.Item@5000118d)
OBJ 50003340 (sz=56, trace=300773, class=jdk.internal.org.objectweb.asm.AnnotationWriter@500011c5)
OBJ 50003341 (sz=24, trace=300774, class=jdk.internal.org.objectweb.asm.ByteVector@5000118a)
ARR 50003342 (sz=80, trace=300775, nelems=0, elem type=byte[])
OBJ 50003343 (sz=56, trace=300776, class=jdk.internal.org.objectweb.asm.Item@5000118d)
OBJ 50003344 (sz=56, trace=300773, class=jdk.internal.org.objectweb.asm.AnnotationWriter@500011c5)
OBJ 50003345 (sz=24, trace=300777, class=jdk.internal.org.objectweb.asm.ByteVector@5000118a)
ARR 50003346 (sz=80, trace=300778, nelems=0, elem type=byte[])
OBJ 50003347 (sz=56, trace=300780, class=jdk.internal.org.objectweb.asm.Item@5000118d)
OBJ 50003348 (sz=56, trace=300773, class=jdk.internal.org.objectweb.asm.AnnotationWriter@500011c5)
OBJ 50003349 (sz=24, trace=300795, class=java.lang.String@50000165)
ARR 5000334a (sz=56, trace=300462, nelems=0, elem type=char[])
ARR 5000334b (sz=88, trace=300796, nelems=0, elem type=char[])
OBJ 5000334c (sz=24, trace=300797, class=java.lang.String@50000165)
ARR 5000334d (sz=56, trace=300798, nelems=0, elem type=int[])
OBJ 5000334e (sz=56, trace=300733, class=jdk.internal.org.objectweb.asm.Item@5000118d)
OBJ 5000334f (sz=56, trace=300800, class=jdk.internal.org.objectweb.asm.Item@5000118d)
OBJ 50003350 (sz=56, trace=300801, class=jdk.internal.org.objectweb.asm.Item@5000118d)
OBJ 50003351 (sz=56, trace=300802, class=jdk.internal.org.objectweb.asm.Item@5000118d)
OBJ 50003352 (sz=56, trace=300803, class=jdk.internal.org.objectweb.asm.Item@5000118d)
OBJ 50003353 (sz=56, trace=300804, class=jdk.internal.org.objectweb.asm.Item@5000118d)
OBJ 50003354 (sz=24, trace=300805, class=java.lang.String@50000165)
ARR 50003355 (sz=48, trace=300806, nelems=0, elem type=char[])
OBJ 50003356 (sz=56, trace=300807, class=jdk.internal.org.objectweb.asm.Item@5000118d)
ARR 50003357 (sz=80, trace=300808, nelems=0, elem type=jdk.internal.org.objectweb.asm.Item[]@5000118e)
ARR 50003358 (sz=56, trace=300809, nelems=0, elem type=int[])
OBJ 50003359 (sz=24, trace=300795, class=java.lang.String@50000165)
ARR 5000335a (sz=40, trace=300462, nelems=0, elem type=char[])
ARR 5000335b (sz=72, trace=300811, nelems=0, elem type=char[])
OBJ 5000335c (sz=24, trace=300812, class=java.lang.String@50000165)
OBJ 5000335d (sz=56, trace=300813, class=jdk.internal.org.objectweb.asm.Item@5000118d)
OBJ 5000335e (sz=56, trace=300814, class=jdk.internal.org.objectweb.asm.Item@5000118d)
OBJ 5000335f (sz=56, trace=300815, class=jdk.internal.org.objectweb.asm.Item@5000118d)
OBJ 50003360 (sz=24, trace=300685, class=java.util.Arrays$ArrayList@5000115f)
OBJ 50003361 (sz=24, trace=300686, class=java.util.Collections$UnmodifiableRandomAccessList@500000ca)
OBJ 50003362 (sz=24, trace=300738, class=java.lang.StringBuilder@50000118)
ARR 50003363 (sz=48, trace=300739, nelems=0, elem type=char[])
OBJ 50003364 (sz=24, trace=300740, class=java.util.Collections$UnmodifiableCollection$1@50001162)
OBJ 50003365 (sz=32, trace=300690, class=java.util.AbstractList$Itr@50001164)
ARR 50003366 (sz=48, trace=300741, nelems=0, elem type=char[])
OBJ 50003367 (sz=24, trace=300742, class=java.lang.String@50000165)
ARR 50003368 (sz=88, trace=300010, nelems=0, elem type=char[])
ARR 50003369 (sz=48, trace=300741, nelems=0, elem type=char[])
OBJ 5000336a (sz=24, trace=300742, class=java.lang.String@50000165)
ARR 5000336b (sz=160, trace=300010, nelems=0, elem type=char[])
ARR 5000336c (sz=48, trace=300741, nelems=0, elem type=char[])
OBJ 5000336d (sz=24, trace=300742, class=java.lang.String@50000165)
ARR 5000336e (sz=48, trace=300741, nelems=0, elem type=char[])
OBJ 5000336f (sz=24, trace=300742, class=java.lang.String@50000165)
ARR 50003370 (sz=304, trace=300010, nelems=0, elem type=char[])
ARR 50003371 (sz=48, trace=300741, nelems=0, elem type=char[])
OBJ 50003372 (sz=24, trace=300742, class=java.lang.String@50000165)
ARR 50003373 (sz=48, trace=300741, nelems=0, elem type=char[])
OBJ 50003374 (sz=24, trace=300742, class=java.lang.String@50000165)
ARR 50003375 (sz=48, trace=300741, nelems=0, elem type=char[])
OBJ 50003376 (sz=24, trace=300742, class=java.lang.String@50000165)
ARR 50003377 (sz=48, trace=300741, nelems=0, elem type=char[])
OBJ 50003378 (sz=24, trace=300742, class=java.lang.String@50000165)
ARR 50003379 (sz=592, trace=300010, nelems=0, elem type=char[])
ARR 5000337a (sz=72, trace=300741, nelems=0, elem type=char[])
OBJ 5000337b (sz=24, trace=300742, class=java.lang.String@50000165)
ARR 5000337c (sz=48, trace=300743, nelems=0, elem type=char[])
OBJ 5000337d (sz=24, trace=300744, class=java.lang.String@50000165)
OBJ 5000337e (sz=24, trace=300745, class=java.lang.String@50000165)
	value		5000337f
ARR 5000337f (sz=386, trace=300746, nelems=193, elem type=char[])
ARR 50003380 (sz=1144, trace=300852, nelems=0, elem type=byte[])
OBJ 50003381 (sz=56, trace=300733, class=jdk.internal.org.objectweb.asm.Item@5000118d)
OBJ 50003382 (sz=56, trace=300800, class=jdk.internal.org.objectweb.asm.Item@5000118d)
OBJ 50003383 (sz=56, trace=300801, class=jdk.internal.org.objectweb.asm.Item@5000118d)
OBJ 50003384 (sz=56, trace=300802, class=jdk.internal.org.objectweb.asm.Item@5000118d)
OBJ 50003385 (sz=56, trace=300803, class=jdk.internal.org.objectweb.asm.Item@5000118d)
OBJ 50003386 (sz=56, trace=300804, class=jdk.internal.org.objectweb.asm.Item@5000118d)
OBJ 50003387 (sz=24, trace=300805, class=java.lang.String@50000165)
ARR 50003388 (sz=48, trace=300806, nelems=0, elem type=char[])
OBJ 50003389 (sz=64, trace=300817, class=jdk.internal.org.objectweb.asm.Label@500011bc)
OBJ 5000338a (sz=48, trace=300818, class=jdk.internal.org.objectweb.asm.Frame@500011be)
ARR 5000338b (sz=384, trace=300819, nelems=0, elem type=char[])
ARR 5000338c (sz=56, trace=300820, nelems=0, elem type=jdk.internal.org.objectweb.asm.Type[]@50001222)
OBJ 5000338d (sz=32, trace=300821, class=jdk.internal.org.objectweb.asm.Type@500011b2)
OBJ 5000338e (sz=32, trace=300821, class=jdk.internal.org.objectweb.asm.Type@500011b2)
OBJ 5000338f (sz=32, trace=300821, class=jdk.internal.org.objectweb.asm.Type@500011b2)
OBJ 50003390 (sz=32, trace=300821, class=jdk.internal.org.objectweb.asm.Type@500011b2)
OBJ 50003391 (sz=32, trace=300821, class=jdk.internal.org.objectweb.asm.Type@500011b2)
OBJ 50003392 (sz=32, trace=300821, class=jdk.internal.org.objectweb.asm.Type@500011b2)
OBJ 50003393 (sz=32, trace=300821, class=jdk.internal.org.objectweb.asm.Type@500011b2)
OBJ 50003394 (sz=32, trace=300821, class=jdk.internal.org.objectweb.asm.Type@500011b2)
OBJ 50003395 (sz=32, trace=300821, class=jdk.internal.org.objectweb.asm.Type@500011b2)
ARR 50003396 (sz=56, trace=300822, nelems=0, elem type=int[])
ARR 50003397 (sz=16, trace=300823, nelems=0, elem type=int[])
OBJ 50003398 (sz=24, trace=300824, class=java.lang.StringBuffer@50000119)
ARR 50003399 (sz=48, trace=300825, nelems=0, elem type=char[])
ARR 5000339a (sz=88, trace=300826, nelems=0, elem type=char[])
ARR 5000339b (sz=56, trace=300827, nelems=0, elem type=char[])
OBJ 5000339c (sz=24, trace=300828, class=java.lang.String@50000165)
OBJ 5000339d (sz=24, trace=300829, class=java.lang.String@50000165)
ARR 5000339e (sz=48, trace=300806, nelems=0, elem type=char[])
OBJ 5000339f (sz=24, trace=300824, class=java.lang.StringBuffer@50000119)
ARR 500033a0 (sz=48, trace=300825, nelems=0, elem type=char[])
ARR 500033a1 (sz=88, trace=300826, nelems=0, elem type=char[])
ARR 500033a2 (sz=56, trace=300827, nelems=0, elem type=char[])
OBJ 500033a3 (sz=24, trace=300828, class=java.lang.String@50000165)
OBJ 500033a4 (sz=24, trace=300829, class=java.lang.String@50000165)
ARR 500033a5 (sz=48, trace=300806, nelems=0, elem type=char[])
OBJ 500033a6 (sz=24, trace=300824, class=java.lang.StringBuffer@50000119)
ARR 500033a7 (sz=48, trace=300825, nelems=0, elem type=char[])
ARR 500033a8 (sz=88, trace=300826, nelems=0, elem type=char[])
ARR 500033a9 (sz=56, trace=300827, nelems=0, elem type=char[])
OBJ 500033aa (sz=24, trace=300828, class=java.lang.String@50000165)
OBJ 500033ab (sz=24, trace=300829, class=java.lang.String@50000165)
ARR 500033ac (sz=48, trace=300806, nelems=0, elem type=char[])
OBJ 500033ad (sz=24, trace=300824, class=java.lang.StringBuffer@50000119)
ARR 500033ae (sz=48, trace=300825, nelems=0, elem type=char[])
ARR 500033af (sz=88, trace=300826, nelems=0, elem type=char[])
ARR 500033b0 (sz=56, trace=300827, nelems=0, elem type=char[])
OBJ 500033b1 (sz=24, trace=300828, class=java.lang.String@50000165)
OBJ 500033b2 (sz=24, trace=300829, class=java.lang.String@50000165)
ARR 500033b3 (sz=48, trace=300806, nelems=0, elem type=char[])
OBJ 500033b4 (sz=24, trace=300824, class=java.lang.StringBuffer@50000119)
ARR 500033b5 (sz=48, trace=300825, nelems=0, elem type=char[])
ARR 500033b6 (sz=88, trace=300826, nelems=0, elem type=char[])
ARR 500033b7 (sz=56, trace=300827, nelems=0, elem type=char[])
OBJ 500033b8 (sz=24, trace=300828, class=java.lang.String@50000165)
OBJ 500033b9 (sz=24, trace=300829, class=java.lang.String@50000165)
ARR 500033ba (sz=48, trace=300806, nelems=0, elem type=char[])
OBJ 500033bb (sz=24, trace=300824, class=java.lang.StringBuffer@50000119)
ARR 500033bc (sz=48, trace=300825, nelems=0, elem type=char[])
ARR 500033bd (sz=88, trace=300826, nelems=0, elem type=char[])
ARR 500033be (sz=56, trace=300827, nelems=0, elem type=char[])
OBJ 500033bf (sz=24, trace=300828, class=java.lang.String@50000165)
OBJ 500033c0 (sz=24, trace=300829, class=java.lang.String@50000165)
ARR 500033c1 (sz=48, trace=300806, nelems=0, elem type=char[])
OBJ 500033c2 (sz=24, trace=300824, class=java.lang.StringBuffer@50000119)
ARR 500033c3 (sz=48, trace=300825, nelems=0, elem type=char[])
ARR 500033c4 (sz=88, trace=300826, nelems=0, elem type=char[])
ARR 500033c5 (sz=56, trace=300827, nelems=0, elem type=char[])
OBJ 500033c6 (sz=24, trace=300828, class=java.lang.String@50000165)
OBJ 500033c7 (sz=24, trace=300829, class=java.lang.String@50000165)
ARR 500033c8 (sz=48, trace=300806, nelems=0, elem type=char[])
OBJ 500033c9 (sz=24, trace=300824, class=java.lang.StringBuffer@50000119)
ARR 500033ca (sz=48, trace=300825, nelems=0, elem type=char[])
ARR 500033cb (sz=88, trace=300826, nelems=0, elem type=char[])
ARR 500033cc (sz=56, trace=300827, nelems=0, elem type=char[])
OBJ 500033cd (sz=24, trace=300828, class=java.lang.String@50000165)
OBJ 500033ce (sz=24, trace=300829, class=java.lang.String@50000165)
ARR 500033cf (sz=48, trace=300806, nelems=0, elem type=char[])
OBJ 500033d0 (sz=24, trace=300824, class=java.lang.StringBuffer@50000119)
ARR 500033d1 (sz=48, trace=300825, nelems=0, elem type=char[])
ARR 500033d2 (sz=88, trace=300826, nelems=0, elem type=char[])
ARR 500033d3 (sz=56, trace=300827, nelems=0, elem type=char[])
OBJ 500033d4 (sz=24, trace=300828, class=java.lang.String@50000165)
OBJ 500033d5 (sz=24, trace=300829, class=java.lang.String@50000165)
ARR 500033d6 (sz=48, trace=300806, nelems=0, elem type=char[])
ARR 500033d7 (sz=64, trace=300830, nelems=0, elem type=int[])
ARR 500033d8 (sz=24, trace=300831, nelems=0, elem type=java.lang.Object[]@500000ff)
OBJ 500033d9 (sz=56, trace=300832, class=jdk.internal.org.objectweb.asm.Item@5000118d)
OBJ 500033da (sz=56, trace=300833, class=jdk.internal.org.objectweb.asm.Item@5000118d)
OBJ 500033db (sz=56, trace=300834, class=jdk.internal.org.objectweb.asm.Item@5000118d)
OBJ 500033dc (sz=24, trace=300835, class=jdk.internal.org.objectweb.asm.ByteVector@5000118a)
ARR 500033dd (sz=968, trace=300836, nelems=0, elem type=byte[])
ARR 500033de (sz=128, trace=300837, nelems=0, elem type=java.lang.Object[]@500000ff)
OBJ 500033df (sz=16, trace=300839, class=java.util.HashMap$Values@5000123e)
OBJ 500033e0 (sz=40, trace=300841, class=java.util.HashMap$ValueIterator@50001241)
OBJ 500033e2 (sz=56, trace=300843, class=java.lang.invoke.MemberName@50000124)
OBJ 500033e3 (sz=40, trace=300844, class=java.lang.ref.SoftReference@50000149)
	referent	500032ec
	queue		50006b4d
OBJ 500033e4 (sz=32, trace=300845, class=java.lang.invoke.DirectMethodHandle@50000125)
	type		5000300b
	form		500032ec
	member		50006df0
OBJ 500033e5 (sz=40, trace=301012, class=java.lang.ref.SoftReference@50000149)
	referent	500033e4
	queue		50006b4d
ARR 500033e6 (sz=48, trace=301068, nelems=8, elem type=java.lang.Object[]@500000ff)
	[0]		500032af
	[1]		50000f66
	[2]		50000f67
	[3]		50000f68
	[4]		50000f69
	[5]		50000f6a
	[6]		50000f6b
	[7]		50000f6c
OBJ 500033e7 (sz=32, trace=301069, class=java.lang.invoke.LambdaForm$Name@50000f62)
	type		50000f5a
	function	500032b1
	arguments	500033e6
OBJ 500033e8 (sz=48, trace=301070, class=java.lang.invoke.LambdaForm@50000122)
	names		50006f79
	debugName	50006e2d
	vmentry		50006f78
OBJ 500033e9 (sz=40, trace=300844, class=java.lang.ref.SoftReference@50000149)
	referent	500033e8
	queue		50006b4d
OBJ 500033ea (sz=40, trace=301098, class=java.lang.invoke.MethodHandleImpl$IntrinsicMethodHandle@500026a0)
	type		500031cf
	form		500033e8
	target		500032a4
	intrinsicName	500011d3
OBJ 500033eb (sz=24, trace=300696, class=java.lang.StringBuilder@50000118)
ARR 500033ec (sz=40, trace=300697, nelems=0, elem type=char[])
OBJ 500033ed (sz=24, trace=300698, class=java.lang.String@50000165)
ARR 500033ee (sz=40, trace=300699, nelems=0, elem type=char[])
ARR 500033ef (sz=48, trace=300938, nelems=0, elem type=java.lang.Class[]@500000fa)
OBJ 500033f0 (sz=40, trace=300701, class=java.lang.invoke.MethodType@50000121)
OBJ 500033f1 (sz=32, trace=300443, class=java.lang.invoke.MethodType$ConcurrentWeakInternSet$WeakEntry@50000b5f)
OBJ 500033f2 (sz=64, trace=300704, class=java.lang.invoke.InvokerBytecodeGenerator@50001172)
OBJ 500033f3 (sz=48, trace=300705, class=java.util.HashMap@500000bd)
OBJ 500033f4 (sz=24, trace=300706, class=java.lang.String@50000165)
ARR 500033f5 (sz=24, trace=300707, nelems=0, elem type=char[])
OBJ 500033f6 (sz=24, trace=300708, class=java.lang.String@50000165)
	value		500033f7
ARR 500033f7 (sz=16, trace=300709, nelems=8, elem type=char[])
OBJ 500033f8 (sz=24, trace=300710, class=java.lang.StringBuilder@50000118)
ARR 500033f9 (sz=48, trace=300711, nelems=0, elem type=char[])
ARR 500033fa (sz=88, trace=300010, nelems=0, elem type=char[])
OBJ 500033fb (sz=24, trace=300712, class=java.lang.String@50000165)
ARR 500033fc (sz=80, trace=300713, nelems=0, elem type=char[])
OBJ 500033fd (sz=24, trace=300714, class=java.lang.StringBuilder@50000118)
ARR 500033fe (sz=48, trace=300715, nelems=0, elem type=char[])
OBJ 500033ff (sz=24, trace=300716, class=java.lang.String@50000165)
ARR 50003400 (sz=48, trace=300717, nelems=0, elem type=char[])
ARR 50003401 (sz=64, trace=300718, nelems=0, elem type=int[])
ARR 50003402 (sz=64, trace=300719, nelems=0, elem type=java.lang.invoke.LambdaForm$BasicType[]@50000f60)
ARR 50003403 (sz=64, trace=300720, nelems=0, elem type=java.lang.Class[]@500000fa)
OBJ 50003404 (sz=168, trace=300723, class=jdk.internal.org.objectweb.asm.ClassWriter@50001187)
OBJ 50003405 (sz=24, trace=300725, class=jdk.internal.org.objectweb.asm.ByteVector@5000118a)
ARR 50003406 (sz=80, trace=300726, nelems=0, elem type=byte[])
ARR 50003407 (sz=1040, trace=300728, nelems=0, elem type=jdk.internal.org.objectweb.asm.Item[]@5000118e)
OBJ 50003408 (sz=56, trace=300729, class=jdk.internal.org.objectweb.asm.Item@5000118d)
OBJ 50003409 (sz=56, trace=300730, class=jdk.internal.org.objectweb.asm.Item@5000118d)
OBJ 5000340a (sz=56, trace=300731, class=jdk.internal.org.objectweb.asm.Item@5000118d)
OBJ 5000340b (sz=56, trace=300732, class=jdk.internal.org.objectweb.asm.Item@5000118d)
OBJ 5000340c (sz=56, trace=300733, class=jdk.internal.org.objectweb.asm.Item@5000118d)
OBJ 5000340d (sz=56, trace=300734, class=jdk.internal.org.objectweb.asm.Item@5000118d)
OBJ 5000340e (sz=56, trace=300733, class=jdk.internal.org.objectweb.asm.Item@5000118d)
OBJ 5000340f (sz=56, trace=300735, class=jdk.internal.org.objectweb.asm.Item@5000118d)
ARR 50003410 (sz=144, trace=300736, nelems=0, elem type=byte[])
OBJ 50003411 (sz=56, trace=300737, class=jdk.internal.org.objectweb.asm.Item@5000118d)
OBJ 50003412 (sz=224, trace=300748, class=jdk.internal.org.objectweb.asm.MethodWriter@500011ab)
OBJ 50003413 (sz=24, trace=300749, class=jdk.internal.org.objectweb.asm.ByteVector@5000118a)
ARR 50003414 (sz=80, trace=300750, nelems=0, elem type=byte[])
OBJ 50003415 (sz=56, trace=300751, class=jdk.internal.org.objectweb.asm.Item@5000118d)
ARR 50003416 (sz=272, trace=300752, nelems=0, elem type=byte[])
OBJ 50003417 (sz=56, trace=300753, class=jdk.internal.org.objectweb.asm.Item@5000118d)
OBJ 50003418 (sz=64, trace=300765, class=jdk.internal.org.objectweb.asm.Label@500011bc)
OBJ 50003419 (sz=48, trace=300768, class=jdk.internal.org.objectweb.asm.Frame@500011be)
OBJ 5000341a (sz=24, trace=300769, class=jdk.internal.org.objectweb.asm.ByteVector@5000118a)
ARR 5000341b (sz=80, trace=300770, nelems=0, elem type=byte[])
ARR 5000341c (sz=528, trace=300779, nelems=0, elem type=byte[])
OBJ 5000341d (sz=56, trace=300771, class=jdk.internal.org.objectweb.asm.Item@5000118d)
OBJ 5000341e (sz=56, trace=300773, class=jdk.internal.org.objectweb.asm.AnnotationWriter@500011c5)
OBJ 5000341f (sz=24, trace=300774, class=jdk.internal.org.objectweb.asm.ByteVector@5000118a)
ARR 50003420 (sz=80, trace=300775, nelems=0, elem type=byte[])
OBJ 50003421 (sz=56, trace=300776, class=jdk.internal.org.objectweb.asm.Item@5000118d)
OBJ 50003422 (sz=56, trace=300773, class=jdk.internal.org.objectweb.asm.AnnotationWriter@500011c5)
OBJ 50003423 (sz=24, trace=300777, class=jdk.internal.org.objectweb.asm.ByteVector@5000118a)
ARR 50003424 (sz=80, trace=300778, nelems=0, elem type=byte[])
OBJ 50003425 (sz=56, trace=300780, class=jdk.internal.org.objectweb.asm.Item@5000118d)
OBJ 50003426 (sz=56, trace=300773, class=jdk.internal.org.objectweb.asm.AnnotationWriter@500011c5)
OBJ 50003427 (sz=24, trace=300795, class=java.lang.String@50000165)
ARR 50003428 (sz=64, trace=300462, nelems=0, elem type=char[])
ARR 50003429 (sz=96, trace=300796, nelems=0, elem type=char[])
OBJ 5000342a (sz=24, trace=300797, class=java.lang.String@50000165)
ARR 5000342b (sz=24, trace=300920, nelems=0, elem type=java.lang.Class[]@500000fa)
OBJ 5000342c (sz=40, trace=300860, class=java.lang.invoke.MethodType@50000121)
OBJ 5000342d (sz=32, trace=300443, class=java.lang.invoke.MethodType$ConcurrentWeakInternSet$WeakEntry@50000b5f)
ARR 5000342e (sz=56, trace=300798, nelems=0, elem type=int[])
ARR 5000342f (sz=96, trace=300811, nelems=0, elem type=char[])
OBJ 50003430 (sz=24, trace=300812, class=java.lang.String@50000165)
OBJ 50003431 (sz=56, trace=300813, class=jdk.internal.org.objectweb.asm.Item@5000118d)
OBJ 50003432 (sz=56, trace=300814, class=jdk.internal.org.objectweb.asm.Item@5000118d)
OBJ 50003433 (sz=56, trace=300815, class=jdk.internal.org.objectweb.asm.Item@5000118d)
ARR 50003434 (sz=80, trace=301072, nelems=0, elem type=jdk.internal.org.objectweb.asm.Item[]@5000118e)
OBJ 50003435 (sz=56, trace=300801, class=jdk.internal.org.objectweb.asm.Item@5000118d)
OBJ 50003436 (sz=56, trace=300802, class=jdk.internal.org.objectweb.asm.Item@5000118d)
OBJ 50003437 (sz=56, trace=300803, class=jdk.internal.org.objectweb.asm.Item@5000118d)
OBJ 50003438 (sz=56, trace=300804, class=jdk.internal.org.objectweb.asm.Item@5000118d)
OBJ 50003439 (sz=24, trace=300805, class=java.lang.String@50000165)
ARR 5000343a (sz=80, trace=300806, nelems=0, elem type=char[])
OBJ 5000343b (sz=56, trace=300807, class=jdk.internal.org.objectweb.asm.Item@5000118d)
ARR 5000343c (sz=24, trace=300931, nelems=0, elem type=java.lang.Class[]@500000fa)
OBJ 5000343d (sz=40, trace=300860, class=java.lang.invoke.MethodType@50000121)
OBJ 5000343e (sz=32, trace=300443, class=java.lang.invoke.MethodType$ConcurrentWeakInternSet$WeakEntry@50000b5f)
ARR 5000343f (sz=56, trace=300809, nelems=0, elem type=int[])
OBJ 50003440 (sz=24, trace=300795, class=java.lang.String@50000165)
ARR 50003441 (sz=40, trace=300462, nelems=0, elem type=char[])
OBJ 50003442 (sz=56, trace=300733, class=jdk.internal.org.objectweb.asm.Item@5000118d)
OBJ 50003443 (sz=56, trace=300800, class=jdk.internal.org.objectweb.asm.Item@5000118d)
ARR 50003444 (sz=1040, trace=301099, nelems=0, elem type=byte[])
OBJ 50003445 (sz=56, trace=300801, class=jdk.internal.org.objectweb.asm.Item@5000118d)
OBJ 50003446 (sz=56, trace=300802, class=jdk.internal.org.objectweb.asm.Item@5000118d)
OBJ 50003447 (sz=56, trace=300803, class=jdk.internal.org.objectweb.asm.Item@5000118d)
OBJ 50003448 (sz=56, trace=300804, class=jdk.internal.org.objectweb.asm.Item@5000118d)
OBJ 50003449 (sz=24, trace=300805, class=java.lang.String@50000165)
ARR 5000344a (sz=48, trace=300806, nelems=0, elem type=char[])
OBJ 5000344b (sz=56, trace=300807, class=jdk.internal.org.objectweb.asm.Item@5000118d)
ARR 5000344c (sz=24, trace=300931, nelems=0, elem type=java.lang.Class[]@500000fa)
OBJ 5000344d (sz=40, trace=300860, class=java.lang.invoke.MethodType@50000121)
OBJ 5000344e (sz=32, trace=300443, class=java.lang.invoke.MethodType$ConcurrentWeakInternSet$WeakEntry@50000b5f)
OBJ 5000344f (sz=64, trace=300817, class=jdk.internal.org.objectweb.asm.Label@500011bc)
OBJ 50003450 (sz=48, trace=300818, class=jdk.internal.org.objectweb.asm.Frame@500011be)
ARR 50003451 (sz=344, trace=300819, nelems=0, elem type=char[])
ARR 50003452 (sz=48, trace=300820, nelems=0, elem type=jdk.internal.org.objectweb.asm.Type[]@50001222)
OBJ 50003453 (sz=32, trace=300821, class=jdk.internal.org.objectweb.asm.Type@500011b2)
OBJ 50003454 (sz=32, trace=300821, class=jdk.internal.org.objectweb.asm.Type@500011b2)
OBJ 50003455 (sz=32, trace=300821, class=jdk.internal.org.objectweb.asm.Type@500011b2)
OBJ 50003456 (sz=32, trace=300821, class=jdk.internal.org.objectweb.asm.Type@500011b2)
OBJ 50003457 (sz=32, trace=300821, class=jdk.internal.org.objectweb.asm.Type@500011b2)
OBJ 50003458 (sz=32, trace=300821, class=jdk.internal.org.objectweb.asm.Type@500011b2)
OBJ 50003459 (sz=32, trace=300821, class=jdk.internal.org.objectweb.asm.Type@500011b2)
OBJ 5000345a (sz=32, trace=300821, class=jdk.internal.org.objectweb.asm.Type@500011b2)
ARR 5000345b (sz=56, trace=300822, nelems=0, elem type=int[])
ARR 5000345c (sz=16, trace=300823, nelems=0, elem type=int[])
OBJ 5000345d (sz=24, trace=300824, class=java.lang.StringBuffer@50000119)
ARR 5000345e (sz=48, trace=300825, nelems=0, elem type=char[])
ARR 5000345f (sz=88, trace=300826, nelems=0, elem type=char[])
ARR 50003460 (sz=56, trace=300827, nelems=0, elem type=char[])
OBJ 50003461 (sz=24, trace=300828, class=java.lang.String@50000165)
OBJ 50003462 (sz=24, trace=300829, class=java.lang.String@50000165)
ARR 50003463 (sz=48, trace=300806, nelems=0, elem type=char[])
OBJ 50003464 (sz=24, trace=300824, class=java.lang.StringBuffer@50000119)
ARR 50003465 (sz=48, trace=300825, nelems=0, elem type=char[])
ARR 50003466 (sz=88, trace=300826, nelems=0, elem type=char[])
ARR 50003467 (sz=56, trace=300827, nelems=0, elem type=char[])
OBJ 50003468 (sz=24, trace=300828, class=java.lang.String@50000165)
OBJ 50003469 (sz=24, trace=300829, class=java.lang.String@50000165)
ARR 5000346a (sz=48, trace=300806, nelems=0, elem type=char[])
OBJ 5000346b (sz=24, trace=300824, class=java.lang.StringBuffer@50000119)
ARR 5000346c (sz=48, trace=300825, nelems=0, elem type=char[])
ARR 5000346d (sz=88, trace=300826, nelems=0, elem type=char[])
ARR 5000346e (sz=56, trace=300827, nelems=0, elem type=char[])
OBJ 5000346f (sz=24, trace=300828, class=java.lang.String@50000165)
OBJ 50003470 (sz=24, trace=300829, class=java.lang.String@50000165)
ARR 50003471 (sz=48, trace=300806, nelems=0, elem type=char[])
OBJ 50003472 (sz=24, trace=300824, class=java.lang.StringBuffer@50000119)
ARR 50003473 (sz=48, trace=300825, nelems=0, elem type=char[])
ARR 50003474 (sz=88, trace=300826, nelems=0, elem type=char[])
ARR 50003475 (sz=56, trace=300827, nelems=0, elem type=char[])
OBJ 50003476 (sz=24, trace=300828, class=java.lang.String@50000165)
OBJ 50003477 (sz=24, trace=300829, class=java.lang.String@50000165)
ARR 50003478 (sz=48, trace=300806, nelems=0, elem type=char[])
OBJ 50003479 (sz=24, trace=300824, class=java.lang.StringBuffer@50000119)
ARR 5000347a (sz=48, trace=300825, nelems=0, elem type=char[])
ARR 5000347b (sz=88, trace=300826, nelems=0, elem type=char[])
ARR 5000347c (sz=56, trace=300827, nelems=0, elem type=char[])
OBJ 5000347d (sz=24, trace=300828, class=java.lang.String@50000165)
OBJ 5000347e (sz=24, trace=300829, class=java.lang.String@50000165)
ARR 5000347f (sz=48, trace=300806, nelems=0, elem type=char[])
OBJ 50003480 (sz=24, trace=300824, class=java.lang.StringBuffer@50000119)
ARR 50003481 (sz=48, trace=300825, nelems=0, elem type=char[])
ARR 50003482 (sz=88, trace=300826, nelems=0, elem type=char[])
ARR 50003483 (sz=56, trace=300827, nelems=0, elem type=char[])
OBJ 50003484 (sz=24, trace=300828, class=java.lang.String@50000165)
OBJ 50003485 (sz=24, trace=300829, class=java.lang.String@50000165)
ARR 50003486 (sz=48, trace=300806, nelems=0, elem type=char[])
OBJ 50003487 (sz=24, trace=300824, class=java.lang.StringBuffer@50000119)
ARR 50003488 (sz=48, trace=300825, nelems=0, elem type=char[])
ARR 50003489 (sz=88, trace=300826, nelems=0, elem type=char[])
ARR 5000348a (sz=56, trace=300827, nelems=0, elem type=char[])
OBJ 5000348b (sz=24, trace=300828, class=java.lang.String@50000165)
OBJ 5000348c (sz=24, trace=300829, class=java.lang.String@50000165)
ARR 5000348d (sz=48, trace=300806, nelems=0, elem type=char[])
OBJ 5000348e (sz=24, trace=300824, class=java.lang.StringBuffer@50000119)
ARR 5000348f (sz=48, trace=300825, nelems=0, elem type=char[])
ARR 50003490 (sz=88, trace=300826, nelems=0, elem type=char[])
ARR 50003491 (sz=56, trace=300827, nelems=0, elem type=char[])
OBJ 50003492 (sz=24, trace=300828, class=java.lang.String@50000165)
OBJ 50003493 (sz=24, trace=300829, class=java.lang.String@50000165)
ARR 50003494 (sz=48, trace=300806, nelems=0, elem type=char[])
ARR 50003495 (sz=64, trace=300830, nelems=0, elem type=int[])
ARR 50003496 (sz=24, trace=300940, nelems=0, elem type=java.lang.Object[]@500000ff)
OBJ 50003497 (sz=56, trace=300832, class=jdk.internal.org.objectweb.asm.Item@5000118d)
OBJ 50003498 (sz=56, trace=300833, class=jdk.internal.org.objectweb.asm.Item@5000118d)
OBJ 50003499 (sz=56, trace=300834, class=jdk.internal.org.objectweb.asm.Item@5000118d)
OBJ 5000349a (sz=24, trace=300835, class=jdk.internal.org.objectweb.asm.ByteVector@5000118a)
ARR 5000349b (sz=848, trace=300836, nelems=0, elem type=byte[])
ARR 5000349c (sz=120, trace=300837, nelems=0, elem type=java.lang.Object[]@500000ff)
OBJ 5000349d (sz=16, trace=300839, class=java.util.HashMap$Values@5000123e)
OBJ 5000349e (sz=40, trace=300841, class=java.util.HashMap$ValueIterator@50001241)
OBJ 500034a0 (sz=56, trace=300843, class=java.lang.invoke.MemberName@50000124)
ARR 500034a1 (sz=16, trace=301092, nelems=0, elem type=java.lang.Class[]@500000fa)
ARR 500034a2 (sz=48, trace=301100, nelems=0, elem type=java.lang.Class[]@500000fa)
OBJ 500034a3 (sz=40, trace=300575, class=java.lang.invoke.MethodType@50000121)
OBJ 500034a4 (sz=32, trace=300443, class=java.lang.invoke.MethodType$ConcurrentWeakInternSet$WeakEntry@50000b5f)
OBJ 500034a5 (sz=40, trace=301093, class=java.lang.invoke.MethodType@50000121)
OBJ 500034a6 (sz=32, trace=300443, class=java.lang.invoke.MethodType$ConcurrentWeakInternSet$WeakEntry@50000b5f)
OBJ 500034a7 (sz=40, trace=301094, class=java.lang.invoke.MethodType@50000121)
	rtype		500000ff
	ptypes		50006df2
	form		50002ffe
OBJ 500034a8 (sz=40, trace=300445, class=java.lang.invoke.MethodType@50000121)
OBJ 500034a9 (sz=32, trace=300443, class=java.lang.invoke.MethodType$ConcurrentWeakInternSet$WeakEntry@50000b5f)
OBJ 500034aa (sz=32, trace=300452, class=java.lang.invoke.MethodType$ConcurrentWeakInternSet$WeakEntry@50000b5f)
	referent	500034a7
	queue		50000b52
OBJ 500034ab (sz=32, trace=300454, class=java.util.concurrent.ConcurrentHashMap$Node@50000021)
	key		500034aa
	val		500034aa
OBJ 500034ac (sz=56, trace=301095, class=java.lang.invoke.MemberName@50000124)
ARR 500034ad (sz=24, trace=300512, nelems=0, elem type=java.lang.Class[]@500000fa)
OBJ 500034ae (sz=40, trace=300514, class=java.lang.invoke.MethodType@50000121)
OBJ 500034af (sz=32, trace=300443, class=java.lang.invoke.MethodType$ConcurrentWeakInternSet$WeakEntry@50000b5f)
OBJ 500034b0 (sz=56, trace=300516, class=java.lang.invoke.MemberName@50000124)
ARR 500034b1 (sz=24, trace=300518, nelems=0, elem type=java.lang.Class[]@500000fa)
OBJ 500034b2 (sz=40, trace=300519, class=java.lang.invoke.MethodType@50000121)
OBJ 500034b3 (sz=32, trace=300443, class=java.lang.invoke.MethodType$ConcurrentWeakInternSet$WeakEntry@50000b5f)
ARR 500034b4 (sz=64, trace=300623, nelems=0, elem type=java.lang.invoke.LambdaForm$Name[]@50000fce)
ARR 500034b5 (sz=24, trace=300674, nelems=0, elem type=java.lang.Object[]@500000ff)
ARR 500034b6 (sz=24, trace=300675, nelems=1, elem type=java.lang.Object[]@500000ff)
	[0]		50000f65
OBJ 500034b7 (sz=32, trace=300676, class=java.lang.invoke.LambdaForm$Name@50000f62)
	type		50000f5a
	function	50001105
	arguments	500034b6
ARR 500034b8 (sz=56, trace=300677, nelems=0, elem type=java.lang.Object[]@500000ff)
OBJ 500034b9 (sz=24, trace=300678, class=java.lang.invoke.LambdaForm$NamedFunction@50000f99)
	member		50006f77
ARR 500034ba (sz=56, trace=300679, nelems=9, elem type=java.lang.Object[]@500000ff)
	[0]		50000f66
	[1]		50000f67
	[2]		50000f68
	[3]		50000f69
	[4]		50000f6a
	[5]		50000f6b
	[6]		50000f6c
	[7]		50000f6d
	[8]		500034b7
OBJ 500034bb (sz=32, trace=300680, class=java.lang.invoke.LambdaForm$Name@50000f62)
	type		50000f5a
	function	500034b9
	arguments	500034ba
OBJ 500034bc (sz=24, trace=300681, class=java.lang.StringBuilder@50000118)
ARR 500034bd (sz=48, trace=300682, nelems=0, elem type=char[])
ARR 500034be (sz=88, trace=300010, nelems=0, elem type=char[])
ARR 500034bf (sz=40, trace=300683, nelems=0, elem type=char[])
OBJ 500034c0 (sz=24, trace=300685, class=java.util.Arrays$ArrayList@5000115f)
OBJ 500034c1 (sz=24, trace=300686, class=java.util.Collections$UnmodifiableRandomAccessList@500000ca)
OBJ 500034c2 (sz=24, trace=300688, class=java.util.Collections$UnmodifiableCollection$1@50001162)
OBJ 500034c3 (sz=32, trace=300690, class=java.util.AbstractList$Itr@50001164)
OBJ 500034c4 (sz=24, trace=300691, class=java.lang.String@50000165)
ARR 500034c5 (sz=40, trace=300692, nelems=0, elem type=char[])
OBJ 500034c6 (sz=24, trace=300861, class=java.lang.StringBuilder@50000118)
ARR 500034c7 (sz=48, trace=300862, nelems=0, elem type=char[])
OBJ 500034c8 (sz=24, trace=300863, class=java.lang.String@50000165)
ARR 500034c9 (sz=24, trace=300864, nelems=0, elem type=char[])
OBJ 500034ca (sz=24, trace=300693, class=java.lang.String@50000165)
	value		500034cb
ARR 500034cb (sz=42, trace=300694, nelems=21, elem type=char[])
OBJ 500034cc (sz=48, trace=300695, class=java.lang.invoke.LambdaForm@50000122)
	names		50006f76
	debugName	500034ca
	vmentry		50006f75
OBJ 500034cd (sz=24, trace=300696, class=java.lang.StringBuilder@50000118)
ARR 500034ce (sz=40, trace=300697, nelems=0, elem type=char[])
OBJ 500034cf (sz=24, trace=300698, class=java.lang.String@50000165)
ARR 500034d0 (sz=40, trace=300699, nelems=0, elem type=char[])
ARR 500034d1 (sz=56, trace=300700, nelems=0, elem type=java.lang.Class[]@500000fa)
OBJ 500034d2 (sz=40, trace=300701, class=java.lang.invoke.MethodType@50000121)
OBJ 500034d3 (sz=32, trace=300443, class=java.lang.invoke.MethodType$ConcurrentWeakInternSet$WeakEntry@50000b5f)
OBJ 500034d4 (sz=64, trace=300704, class=java.lang.invoke.InvokerBytecodeGenerator@50001172)
OBJ 500034d5 (sz=48, trace=300705, class=java.util.HashMap@500000bd)
OBJ 500034d6 (sz=24, trace=300706, class=java.lang.String@50000165)
ARR 500034d7 (sz=24, trace=300707, nelems=0, elem type=char[])
OBJ 500034d8 (sz=24, trace=300708, class=java.lang.String@50000165)
	value		500034d9
ARR 500034d9 (sz=34, trace=300709, nelems=17, elem type=char[])
OBJ 500034da (sz=24, trace=300710, class=java.lang.StringBuilder@50000118)
ARR 500034db (sz=48, trace=300711, nelems=0, elem type=char[])
ARR 500034dc (sz=88, trace=300010, nelems=0, elem type=char[])
OBJ 500034dd (sz=24, trace=300712, class=java.lang.String@50000165)
ARR 500034de (sz=80, trace=300713, nelems=0, elem type=char[])
OBJ 500034df (sz=24, trace=300714, class=java.lang.StringBuilder@50000118)
ARR 500034e0 (sz=48, trace=300715, nelems=0, elem type=char[])
OBJ 500034e1 (sz=24, trace=300716, class=java.lang.String@50000165)
ARR 500034e2 (sz=48, trace=300717, nelems=0, elem type=char[])
ARR 500034e3 (sz=64, trace=300718, nelems=0, elem type=int[])
ARR 500034e4 (sz=64, trace=300719, nelems=0, elem type=java.lang.invoke.LambdaForm$BasicType[]@50000f60)
ARR 500034e5 (sz=64, trace=300720, nelems=0, elem type=java.lang.Class[]@500000fa)
OBJ 500034e6 (sz=168, trace=300723, class=jdk.internal.org.objectweb.asm.ClassWriter@50001187)
OBJ 500034e7 (sz=24, trace=300725, class=jdk.internal.org.objectweb.asm.ByteVector@5000118a)
ARR 500034e8 (sz=80, trace=300726, nelems=0, elem type=byte[])
ARR 500034e9 (sz=1040, trace=300728, nelems=0, elem type=jdk.internal.org.objectweb.asm.Item[]@5000118e)
OBJ 500034ea (sz=56, trace=300729, class=jdk.internal.org.objectweb.asm.Item@5000118d)
OBJ 500034eb (sz=56, trace=300730, class=jdk.internal.org.objectweb.asm.Item@5000118d)
OBJ 500034ec (sz=56, trace=300731, class=jdk.internal.org.objectweb.asm.Item@5000118d)
OBJ 500034ed (sz=56, trace=300732, class=jdk.internal.org.objectweb.asm.Item@5000118d)
OBJ 500034ee (sz=56, trace=300733, class=jdk.internal.org.objectweb.asm.Item@5000118d)
OBJ 500034ef (sz=56, trace=300734, class=jdk.internal.org.objectweb.asm.Item@5000118d)
OBJ 500034f0 (sz=56, trace=300733, class=jdk.internal.org.objectweb.asm.Item@5000118d)
OBJ 500034f1 (sz=56, trace=300735, class=jdk.internal.org.objectweb.asm.Item@5000118d)
ARR 500034f2 (sz=144, trace=300736, nelems=0, elem type=byte[])
OBJ 500034f3 (sz=56, trace=300737, class=jdk.internal.org.objectweb.asm.Item@5000118d)
OBJ 500034f4 (sz=224, trace=300748, class=jdk.internal.org.objectweb.asm.MethodWriter@500011ab)
OBJ 500034f5 (sz=24, trace=300749, class=jdk.internal.org.objectweb.asm.ByteVector@5000118a)
ARR 500034f6 (sz=80, trace=300750, nelems=0, elem type=byte[])
OBJ 500034f7 (sz=56, trace=300751, class=jdk.internal.org.objectweb.asm.Item@5000118d)
ARR 500034f8 (sz=304, trace=300752, nelems=0, elem type=byte[])
OBJ 500034f9 (sz=56, trace=300753, class=jdk.internal.org.objectweb.asm.Item@5000118d)
OBJ 500034fa (sz=64, trace=300765, class=jdk.internal.org.objectweb.asm.Label@500011bc)
OBJ 500034fb (sz=48, trace=300768, class=jdk.internal.org.objectweb.asm.Frame@500011be)
OBJ 500034fc (sz=24, trace=300769, class=jdk.internal.org.objectweb.asm.ByteVector@5000118a)
ARR 500034fd (sz=80, trace=300770, nelems=0, elem type=byte[])
ARR 500034fe (sz=584, trace=301101, nelems=0, elem type=byte[])
OBJ 500034ff (sz=56, trace=300771, class=jdk.internal.org.objectweb.asm.Item@5000118d)
OBJ 50003500 (sz=56, trace=300773, class=jdk.internal.org.objectweb.asm.AnnotationWriter@500011c5)
OBJ 50003501 (sz=24, trace=300774, class=jdk.internal.org.objectweb.asm.ByteVector@5000118a)
ARR 50003502 (sz=80, trace=300775, nelems=0, elem type=byte[])
OBJ 50003503 (sz=56, trace=300776, class=jdk.internal.org.objectweb.asm.Item@5000118d)
OBJ 50003504 (sz=56, trace=300773, class=jdk.internal.org.objectweb.asm.AnnotationWriter@500011c5)
OBJ 50003505 (sz=24, trace=300777, class=jdk.internal.org.objectweb.asm.ByteVector@5000118a)
ARR 50003506 (sz=80, trace=300778, nelems=0, elem type=byte[])
OBJ 50003507 (sz=56, trace=300780, class=jdk.internal.org.objectweb.asm.Item@5000118d)
OBJ 50003508 (sz=56, trace=300773, class=jdk.internal.org.objectweb.asm.AnnotationWriter@500011c5)
OBJ 50003509 (sz=24, trace=300795, class=java.lang.String@50000165)
ARR 5000350a (sz=56, trace=300462, nelems=0, elem type=char[])
ARR 5000350b (sz=88, trace=300796, nelems=0, elem type=char[])
OBJ 5000350c (sz=24, trace=300797, class=java.lang.String@50000165)
ARR 5000350d (sz=56, trace=300798, nelems=0, elem type=int[])
OBJ 5000350e (sz=56, trace=300733, class=jdk.internal.org.objectweb.asm.Item@5000118d)
OBJ 5000350f (sz=56, trace=300800, class=jdk.internal.org.objectweb.asm.Item@5000118d)
OBJ 50003510 (sz=56, trace=300801, class=jdk.internal.org.objectweb.asm.Item@5000118d)
OBJ 50003511 (sz=56, trace=300802, class=jdk.internal.org.objectweb.asm.Item@5000118d)
OBJ 50003512 (sz=56, trace=300803, class=jdk.internal.org.objectweb.asm.Item@5000118d)
OBJ 50003513 (sz=56, trace=300804, class=jdk.internal.org.objectweb.asm.Item@5000118d)
OBJ 50003514 (sz=24, trace=300805, class=java.lang.String@50000165)
ARR 50003515 (sz=48, trace=300806, nelems=0, elem type=char[])
OBJ 50003516 (sz=56, trace=300807, class=jdk.internal.org.objectweb.asm.Item@5000118d)
ARR 50003517 (sz=80, trace=300808, nelems=0, elem type=jdk.internal.org.objectweb.asm.Item[]@5000118e)
ARR 50003518 (sz=56, trace=300809, nelems=0, elem type=int[])
OBJ 50003519 (sz=24, trace=300795, class=java.lang.String@50000165)
ARR 5000351a (sz=40, trace=300462, nelems=0, elem type=char[])
ARR 5000351b (sz=72, trace=300811, nelems=0, elem type=char[])
OBJ 5000351c (sz=24, trace=300812, class=java.lang.String@50000165)
OBJ 5000351d (sz=56, trace=300813, class=jdk.internal.org.objectweb.asm.Item@5000118d)
OBJ 5000351e (sz=56, trace=300814, class=jdk.internal.org.objectweb.asm.Item@5000118d)
OBJ 5000351f (sz=56, trace=300815, class=jdk.internal.org.objectweb.asm.Item@5000118d)
ARR 50003520 (sz=1144, trace=300852, nelems=0, elem type=byte[])
OBJ 50003521 (sz=56, trace=300733, class=jdk.internal.org.objectweb.asm.Item@5000118d)
OBJ 50003522 (sz=56, trace=300800, class=jdk.internal.org.objectweb.asm.Item@5000118d)
OBJ 50003523 (sz=56, trace=300801, class=jdk.internal.org.objectweb.asm.Item@5000118d)
OBJ 50003524 (sz=56, trace=300802, class=jdk.internal.org.objectweb.asm.Item@5000118d)
OBJ 50003525 (sz=56, trace=300803, class=jdk.internal.org.objectweb.asm.Item@5000118d)
OBJ 50003526 (sz=56, trace=300804, class=jdk.internal.org.objectweb.asm.Item@5000118d)
OBJ 50003527 (sz=24, trace=300805, class=java.lang.String@50000165)
ARR 50003528 (sz=48, trace=300806, nelems=0, elem type=char[])
OBJ 50003529 (sz=64, trace=300817, class=jdk.internal.org.objectweb.asm.Label@500011bc)
OBJ 5000352a (sz=48, trace=300818, class=jdk.internal.org.objectweb.asm.Frame@500011be)
ARR 5000352b (sz=384, trace=300819, nelems=0, elem type=char[])
ARR 5000352c (sz=56, trace=300820, nelems=0, elem type=jdk.internal.org.objectweb.asm.Type[]@50001222)
OBJ 5000352d (sz=32, trace=300821, class=jdk.internal.org.objectweb.asm.Type@500011b2)
OBJ 5000352e (sz=32, trace=300821, class=jdk.internal.org.objectweb.asm.Type@500011b2)
OBJ 5000352f (sz=32, trace=300821, class=jdk.internal.org.objectweb.asm.Type@500011b2)
OBJ 50003530 (sz=32, trace=300821, class=jdk.internal.org.objectweb.asm.Type@500011b2)
OBJ 50003531 (sz=32, trace=300821, class=jdk.internal.org.objectweb.asm.Type@500011b2)
OBJ 50003532 (sz=32, trace=300821, class=jdk.internal.org.objectweb.asm.Type@500011b2)
OBJ 50003533 (sz=32, trace=300821, class=jdk.internal.org.objectweb.asm.Type@500011b2)
OBJ 50003534 (sz=32, trace=300821, class=jdk.internal.org.objectweb.asm.Type@500011b2)
OBJ 50003535 (sz=32, trace=300821, class=jdk.internal.org.objectweb.asm.Type@500011b2)
ARR 50003536 (sz=56, trace=300822, nelems=0, elem type=int[])
ARR 50003537 (sz=16, trace=300823, nelems=0, elem type=int[])
OBJ 50003538 (sz=24, trace=300824, class=java.lang.StringBuffer@50000119)
ARR 50003539 (sz=48, trace=300825, nelems=0, elem type=char[])
ARR 5000353a (sz=88, trace=300826, nelems=0, elem type=char[])
ARR 5000353b (sz=56, trace=300827, nelems=0, elem type=char[])
OBJ 5000353c (sz=24, trace=300828, class=java.lang.String@50000165)
OBJ 5000353d (sz=24, trace=300829, class=java.lang.String@50000165)
ARR 5000353e (sz=48, trace=300806, nelems=0, elem type=char[])
OBJ 5000353f (sz=24, trace=300824, class=java.lang.StringBuffer@50000119)
ARR 50003540 (sz=48, trace=300825, nelems=0, elem type=char[])
ARR 50003541 (sz=88, trace=300826, nelems=0, elem type=char[])
ARR 50003542 (sz=56, trace=300827, nelems=0, elem type=char[])
OBJ 50003543 (sz=24, trace=300828, class=java.lang.String@50000165)
OBJ 50003544 (sz=24, trace=300829, class=java.lang.String@50000165)
ARR 50003545 (sz=48, trace=300806, nelems=0, elem type=char[])
OBJ 50003546 (sz=24, trace=300824, class=java.lang.StringBuffer@50000119)
ARR 50003547 (sz=48, trace=300825, nelems=0, elem type=char[])
ARR 50003548 (sz=88, trace=300826, nelems=0, elem type=char[])
ARR 50003549 (sz=56, trace=300827, nelems=0, elem type=char[])
OBJ 5000354a (sz=24, trace=300828, class=java.lang.String@50000165)
OBJ 5000354b (sz=24, trace=300829, class=java.lang.String@50000165)
ARR 5000354c (sz=48, trace=300806, nelems=0, elem type=char[])
OBJ 5000354d (sz=24, trace=300824, class=java.lang.StringBuffer@50000119)
ARR 5000354e (sz=48, trace=300825, nelems=0, elem type=char[])
ARR 5000354f (sz=88, trace=300826, nelems=0, elem type=char[])
ARR 50003550 (sz=56, trace=300827, nelems=0, elem type=char[])
OBJ 50003551 (sz=24, trace=300828, class=java.lang.String@50000165)
OBJ 50003552 (sz=24, trace=300829, class=java.lang.String@50000165)
ARR 50003553 (sz=48, trace=300806, nelems=0, elem type=char[])
OBJ 50003554 (sz=24, trace=300824, class=java.lang.StringBuffer@50000119)
ARR 50003555 (sz=48, trace=300825, nelems=0, elem type=char[])
ARR 50003556 (sz=88, trace=300826, nelems=0, elem type=char[])
ARR 50003557 (sz=56, trace=300827, nelems=0, elem type=char[])
OBJ 50003558 (sz=24, trace=300828, class=java.lang.String@50000165)
OBJ 50003559 (sz=24, trace=300829, class=java.lang.String@50000165)
ARR 5000355a (sz=48, trace=300806, nelems=0, elem type=char[])
OBJ 5000355b (sz=24, trace=300824, class=java.lang.StringBuffer@50000119)
ARR 5000355c (sz=48, trace=300825, nelems=0, elem type=char[])
ARR 5000355d (sz=88, trace=300826, nelems=0, elem type=char[])
ARR 5000355e (sz=56, trace=300827, nelems=0, elem type=char[])
OBJ 5000355f (sz=24, trace=300828, class=java.lang.String@50000165)
OBJ 50003560 (sz=24, trace=300829, class=java.lang.String@50000165)
ARR 50003561 (sz=48, trace=300806, nelems=0, elem type=char[])
OBJ 50003562 (sz=24, trace=300824, class=java.lang.StringBuffer@50000119)
ARR 50003563 (sz=48, trace=300825, nelems=0, elem type=char[])
ARR 50003564 (sz=88, trace=300826, nelems=0, elem type=char[])
ARR 50003565 (sz=56, trace=300827, nelems=0, elem type=char[])
OBJ 50003566 (sz=24, trace=300828, class=java.lang.String@50000165)
OBJ 50003567 (sz=24, trace=300829, class=java.lang.String@50000165)
ARR 50003568 (sz=48, trace=300806, nelems=0, elem type=char[])
OBJ 50003569 (sz=24, trace=300824, class=java.lang.StringBuffer@50000119)
ARR 5000356a (sz=48, trace=300825, nelems=0, elem type=char[])
ARR 5000356b (sz=88, trace=300826, nelems=0, elem type=char[])
ARR 5000356c (sz=56, trace=300827, nelems=0, elem type=char[])
OBJ 5000356d (sz=24, trace=300828, class=java.lang.String@50000165)
OBJ 5000356e (sz=24, trace=300829, class=java.lang.String@50000165)
ARR 5000356f (sz=48, trace=300806, nelems=0, elem type=char[])
OBJ 50003570 (sz=24, trace=300824, class=java.lang.StringBuffer@50000119)
ARR 50003571 (sz=48, trace=300825, nelems=0, elem type=char[])
ARR 50003572 (sz=88, trace=300826, nelems=0, elem type=char[])
ARR 50003573 (sz=56, trace=300827, nelems=0, elem type=char[])
OBJ 50003574 (sz=24, trace=300828, class=java.lang.String@50000165)
OBJ 50003575 (sz=24, trace=300829, class=java.lang.String@50000165)
ARR 50003576 (sz=48, trace=300806, nelems=0, elem type=char[])
ARR 50003577 (sz=64, trace=300830, nelems=0, elem type=int[])
ARR 50003578 (sz=24, trace=300831, nelems=0, elem type=java.lang.Object[]@500000ff)
OBJ 50003579 (sz=56, trace=300832, class=jdk.internal.org.objectweb.asm.Item@5000118d)
OBJ 5000357a (sz=56, trace=300833, class=jdk.internal.org.objectweb.asm.Item@5000118d)
OBJ 5000357b (sz=56, trace=300834, class=jdk.internal.org.objectweb.asm.Item@5000118d)
OBJ 5000357c (sz=24, trace=300835, class=jdk.internal.org.objectweb.asm.ByteVector@5000118a)
ARR 5000357d (sz=968, trace=300836, nelems=0, elem type=byte[])
ARR 5000357e (sz=128, trace=300837, nelems=0, elem type=java.lang.Object[]@500000ff)
OBJ 5000357f (sz=16, trace=300839, class=java.util.HashMap$Values@5000123e)
OBJ 50003580 (sz=40, trace=300841, class=java.util.HashMap$ValueIterator@50001241)
OBJ 50003582 (sz=56, trace=300843, class=java.lang.invoke.MemberName@50000124)
OBJ 50003583 (sz=40, trace=300844, class=java.lang.ref.SoftReference@50000149)
	referent	500034cc
	queue		50006b4d
OBJ 50003584 (sz=32, trace=300865, class=java.lang.invoke.DirectMethodHandle@50000125)
	type		500034a7
	form		500034cc
	member		50006ff6
ARR 50003585 (sz=24, trace=301038, nelems=0, elem type=java.lang.Class[]@500000fa)
OBJ 50003586 (sz=40, trace=300519, class=java.lang.invoke.MethodType@50000121)
OBJ 50003587 (sz=32, trace=300443, class=java.lang.invoke.MethodType$ConcurrentWeakInternSet$WeakEntry@50000b5f)
ARR 50003588 (sz=64, trace=301039, nelems=0, elem type=java.lang.invoke.LambdaForm$Name[]@50000fce)
OBJ 50003589 (sz=32, trace=301040, class=java.lang.invoke.LambdaForm$Name@50000f62)
	type		50000f5a
	constraint	50002302
ARR 5000358a (sz=24, trace=301041, nelems=0, elem type=java.lang.Object[]@500000ff)
ARR 5000358b (sz=24, trace=300907, nelems=0, elem type=java.lang.Class[]@500000fa)
OBJ 5000358c (sz=40, trace=300860, class=java.lang.invoke.MethodType@50000121)
OBJ 5000358d (sz=32, trace=300443, class=java.lang.invoke.MethodType$ConcurrentWeakInternSet$WeakEntry@50000b5f)
ARR 5000358e (sz=24, trace=301042, nelems=1, elem type=java.lang.Object[]@500000ff)
	[0]		50003589
OBJ 5000358f (sz=32, trace=301043, class=java.lang.invoke.LambdaForm$Name@50000f62)
	type		50000f5a
	function	5000230a
	arguments	5000358e
ARR 50003590 (sz=56, trace=301044, nelems=0, elem type=java.lang.Object[]@500000ff)
OBJ 50003591 (sz=24, trace=301045, class=java.lang.invoke.LambdaForm$NamedFunction@50000f99)
	member		50006df3
	resolvedHandle	500036d1
OBJ 50003592 (sz=24, trace=301064, class=java.lang.invoke.Invokers@50000b5b)
	targetType	50002ffd
	invokers	50003593
ARR 50003593 (sz=32, trace=301065, nelems=3, elem type=java.lang.invoke.MethodHandle[]@5000018c)
	[2]		500036d1
OBJ 50003594 (sz=56, trace=301066, class=java.lang.invoke.MemberName@50000124)
ARR 50003595 (sz=24, trace=301067, nelems=0, elem type=java.lang.Class[]@500000fa)
OBJ 50003596 (sz=40, trace=300857, class=java.lang.invoke.MethodType@50000121)
OBJ 50003597 (sz=32, trace=300443, class=java.lang.invoke.MethodType$ConcurrentWeakInternSet$WeakEntry@50000b5f)
ARR 50003598 (sz=24, trace=300859, nelems=0, elem type=java.lang.Class[]@500000fa)
OBJ 50003599 (sz=40, trace=300860, class=java.lang.invoke.MethodType@50000121)
OBJ 5000359a (sz=32, trace=300443, class=java.lang.invoke.MethodType$ConcurrentWeakInternSet$WeakEntry@50000b5f)
ARR 5000359b (sz=24, trace=300512, nelems=0, elem type=java.lang.Class[]@500000fa)
OBJ 5000359c (sz=40, trace=300514, class=java.lang.invoke.MethodType@50000121)
OBJ 5000359d (sz=32, trace=300443, class=java.lang.invoke.MethodType$ConcurrentWeakInternSet$WeakEntry@50000b5f)
OBJ 5000359e (sz=40, trace=300515, class=java.lang.invoke.MethodType@50000121)
	rtype		50000169
	ptypes		50006f6b
	form		500035a2
	methodDescriptor	50003663
OBJ 5000359f (sz=40, trace=300445, class=java.lang.invoke.MethodType@50000121)
OBJ 500035a0 (sz=32, trace=300443, class=java.lang.invoke.MethodType$ConcurrentWeakInternSet$WeakEntry@50000b5f)
OBJ 500035a1 (sz=40, trace=300446, class=java.lang.invoke.MethodType@50000121)
	rtype		50000169
	ptypes		50006df8
	form		500035a2
	invokers	50003bb0
	methodDescriptor	50003614
OBJ 500035a2 (sz=56, trace=300447, class=java.lang.invoke.MethodTypeForm@50000b5a)
	argToSlotTable	500035a4
	slotToArgTable	500035a3
	erasedType	500035a1
	basicType	500035a1
	methodHandles	500035a6
	lambdaForms	500035a5
ARR 500035a3 (sz=44, trace=300448, nelems=11, elem type=int[])
ARR 500035a4 (sz=44, trace=300449, nelems=11, elem type=int[])
ARR 500035a5 (sz=88, trace=300450, nelems=9, elem type=java.lang.ref.SoftReference[]@50000b68)
	[1]		50003ba0
	[2]		500039dc
	[8]		50003d0f
ARR 500035a6 (sz=32, trace=300451, nelems=1, elem type=java.lang.ref.SoftReference[]@50000b68)
	[0]		50003d0b
OBJ 500035a7 (sz=32, trace=300452, class=java.lang.invoke.MethodType$ConcurrentWeakInternSet$WeakEntry@50000b5f)
	referent	500035a1
	queue		50000b52
OBJ 500035a8 (sz=32, trace=300454, class=java.util.concurrent.ConcurrentHashMap$Node@50000021)
	key		500035a7
	val		500035a7
OBJ 500035a9 (sz=32, trace=300452, class=java.lang.invoke.MethodType$ConcurrentWeakInternSet$WeakEntry@50000b5f)
	referent	5000359e
	queue		50000b52
OBJ 500035aa (sz=32, trace=300521, class=java.util.concurrent.ConcurrentHashMap$Node@50000021)
	key		500035a9
	val		500035a9
OBJ 500035ab (sz=56, trace=300516, class=java.lang.invoke.MemberName@50000124)
ARR 500035ac (sz=24, trace=300518, nelems=0, elem type=java.lang.Class[]@500000fa)
OBJ 500035ad (sz=40, trace=300519, class=java.lang.invoke.MethodType@50000121)
OBJ 500035ae (sz=32, trace=300443, class=java.lang.invoke.MethodType$ConcurrentWeakInternSet$WeakEntry@50000b5f)
OBJ 500035af (sz=40, trace=300520, class=java.lang.invoke.MethodType@50000121)
	rtype		50000169
	ptypes		50006df7
	form		500035a2
OBJ 500035b0 (sz=40, trace=300445, class=java.lang.invoke.MethodType@50000121)
OBJ 500035b1 (sz=32, trace=300443, class=java.lang.invoke.MethodType$ConcurrentWeakInternSet$WeakEntry@50000b5f)
OBJ 500035b2 (sz=32, trace=300452, class=java.lang.invoke.MethodType$ConcurrentWeakInternSet$WeakEntry@50000b5f)
	referent	500035af
	queue		50000b52
OBJ 500035b3 (sz=32, trace=300454, class=java.util.concurrent.ConcurrentHashMap$Node@50000021)
	key		500035b2
	val		500035b2
ARR 500035b4 (sz=64, trace=300623, nelems=0, elem type=java.lang.invoke.LambdaForm$Name[]@50000fce)
ARR 500035b5 (sz=24, trace=300674, nelems=0, elem type=java.lang.Object[]@500000ff)
ARR 500035b6 (sz=24, trace=300675, nelems=1, elem type=java.lang.Object[]@500000ff)
	[0]		50000f65
OBJ 500035b7 (sz=32, trace=300676, class=java.lang.invoke.LambdaForm$Name@50000f62)
	type		50000f5a
	function	50001105
	arguments	500035b6
ARR 500035b8 (sz=56, trace=300677, nelems=0, elem type=java.lang.Object[]@500000ff)
OBJ 500035b9 (sz=24, trace=300678, class=java.lang.invoke.LambdaForm$NamedFunction@50000f99)
	member		50006f6a
ARR 500035ba (sz=56, trace=300679, nelems=10, elem type=java.lang.Object[]@500000ff)
	[0]		50000f66
	[1]		50000f67
	[2]		50000f68
	[3]		50000f69
	[4]		50000f6a
	[5]		50000f6b
	[6]		50000f6c
	[7]		50000f6d
	[8]		50000f6e
	[9]		500035b7
OBJ 500035bb (sz=32, trace=300680, class=java.lang.invoke.LambdaForm$Name@50000f62)
	type		50000f5a
	function	500035b9
	arguments	500035ba
OBJ 500035bc (sz=24, trace=300681, class=java.lang.StringBuilder@50000118)
ARR 500035bd (sz=48, trace=300682, nelems=0, elem type=char[])
ARR 500035be (sz=88, trace=300010, nelems=0, elem type=char[])
ARR 500035bf (sz=40, trace=300683, nelems=0, elem type=char[])
OBJ 500035c0 (sz=24, trace=300685, class=java.util.Arrays$ArrayList@5000115f)
OBJ 500035c1 (sz=24, trace=300686, class=java.util.Collections$UnmodifiableRandomAccessList@500000ca)
OBJ 500035c2 (sz=24, trace=300688, class=java.util.Collections$UnmodifiableCollection$1@50001162)
OBJ 500035c3 (sz=32, trace=300690, class=java.util.AbstractList$Itr@50001164)
OBJ 500035c4 (sz=24, trace=300691, class=java.lang.String@50000165)
ARR 500035c5 (sz=40, trace=300692, nelems=0, elem type=char[])
OBJ 500035c6 (sz=24, trace=300861, class=java.lang.StringBuilder@50000118)
ARR 500035c7 (sz=48, trace=300862, nelems=0, elem type=char[])
OBJ 500035c8 (sz=24, trace=300863, class=java.lang.String@50000165)
ARR 500035c9 (sz=24, trace=300864, nelems=0, elem type=char[])
OBJ 500035ca (sz=24, trace=300693, class=java.lang.String@50000165)
	value		500035cb
ARR 500035cb (sz=44, trace=300694, nelems=22, elem type=char[])
OBJ 500035cc (sz=48, trace=300695, class=java.lang.invoke.LambdaForm@50000122)
	names		50006f69
	debugName	500035ca
	vmentry		50006f68
OBJ 500035cd (sz=24, trace=300696, class=java.lang.StringBuilder@50000118)
ARR 500035ce (sz=48, trace=300697, nelems=0, elem type=char[])
OBJ 500035cf (sz=24, trace=300698, class=java.lang.String@50000165)
ARR 500035d0 (sz=40, trace=300699, nelems=0, elem type=char[])
ARR 500035d1 (sz=56, trace=300700, nelems=0, elem type=java.lang.Class[]@500000fa)
OBJ 500035d2 (sz=40, trace=300701, class=java.lang.invoke.MethodType@50000121)
OBJ 500035d3 (sz=32, trace=300443, class=java.lang.invoke.MethodType$ConcurrentWeakInternSet$WeakEntry@50000b5f)
OBJ 500035d4 (sz=64, trace=300704, class=java.lang.invoke.InvokerBytecodeGenerator@50001172)
OBJ 500035d5 (sz=48, trace=300705, class=java.util.HashMap@500000bd)
OBJ 500035d6 (sz=24, trace=300706, class=java.lang.String@50000165)
ARR 500035d7 (sz=24, trace=300707, nelems=0, elem type=char[])
OBJ 500035d8 (sz=24, trace=300708, class=java.lang.String@50000165)
	value		500035d9
ARR 500035d9 (sz=36, trace=300709, nelems=18, elem type=char[])
OBJ 500035da (sz=24, trace=300710, class=java.lang.StringBuilder@50000118)
ARR 500035db (sz=48, trace=300711, nelems=0, elem type=char[])
ARR 500035dc (sz=88, trace=300010, nelems=0, elem type=char[])
OBJ 500035dd (sz=24, trace=300712, class=java.lang.String@50000165)
ARR 500035de (sz=80, trace=300713, nelems=0, elem type=char[])
OBJ 500035df (sz=24, trace=300714, class=java.lang.StringBuilder@50000118)
ARR 500035e0 (sz=48, trace=300715, nelems=0, elem type=char[])
OBJ 500035e1 (sz=24, trace=300716, class=java.lang.String@50000165)
ARR 500035e2 (sz=48, trace=300717, nelems=0, elem type=char[])
ARR 500035e3 (sz=72, trace=300718, nelems=0, elem type=int[])
ARR 500035e4 (sz=72, trace=300719, nelems=0, elem type=java.lang.invoke.LambdaForm$BasicType[]@50000f60)
ARR 500035e5 (sz=72, trace=300720, nelems=0, elem type=java.lang.Class[]@500000fa)
OBJ 500035e6 (sz=168, trace=300723, class=jdk.internal.org.objectweb.asm.ClassWriter@50001187)
OBJ 500035e7 (sz=24, trace=300725, class=jdk.internal.org.objectweb.asm.ByteVector@5000118a)
ARR 500035e8 (sz=80, trace=300726, nelems=0, elem type=byte[])
ARR 500035e9 (sz=1040, trace=300728, nelems=0, elem type=jdk.internal.org.objectweb.asm.Item[]@5000118e)
OBJ 500035ea (sz=56, trace=300729, class=jdk.internal.org.objectweb.asm.Item@5000118d)
OBJ 500035eb (sz=56, trace=300730, class=jdk.internal.org.objectweb.asm.Item@5000118d)
OBJ 500035ec (sz=56, trace=300731, class=jdk.internal.org.objectweb.asm.Item@5000118d)
OBJ 500035ed (sz=56, trace=300732, class=jdk.internal.org.objectweb.asm.Item@5000118d)
OBJ 500035ee (sz=56, trace=300733, class=jdk.internal.org.objectweb.asm.Item@5000118d)
OBJ 500035ef (sz=56, trace=300734, class=jdk.internal.org.objectweb.asm.Item@5000118d)
OBJ 500035f0 (sz=56, trace=300733, class=jdk.internal.org.objectweb.asm.Item@5000118d)
OBJ 500035f1 (sz=56, trace=300735, class=jdk.internal.org.objectweb.asm.Item@5000118d)
ARR 500035f2 (sz=144, trace=300736, nelems=0, elem type=byte[])
OBJ 500035f3 (sz=56, trace=300737, class=jdk.internal.org.objectweb.asm.Item@5000118d)
OBJ 500035f4 (sz=24, trace=300685, class=java.util.Arrays$ArrayList@5000115f)
OBJ 500035f5 (sz=24, trace=300686, class=java.util.Collections$UnmodifiableRandomAccessList@500000ca)
OBJ 500035f6 (sz=24, trace=300738, class=java.lang.StringBuilder@50000118)
ARR 500035f7 (sz=48, trace=300739, nelems=0, elem type=char[])
OBJ 500035f8 (sz=24, trace=300740, class=java.util.Collections$UnmodifiableCollection$1@50001162)
OBJ 500035f9 (sz=32, trace=300690, class=java.util.AbstractList$Itr@50001164)
ARR 500035fa (sz=48, trace=300741, nelems=0, elem type=char[])
OBJ 500035fb (sz=24, trace=300742, class=java.lang.String@50000165)
ARR 500035fc (sz=88, trace=300010, nelems=0, elem type=char[])
ARR 500035fd (sz=48, trace=300741, nelems=0, elem type=char[])
OBJ 500035fe (sz=24, trace=300742, class=java.lang.String@50000165)
ARR 500035ff (sz=160, trace=300010, nelems=0, elem type=char[])
ARR 50003600 (sz=48, trace=300741, nelems=0, elem type=char[])
OBJ 50003601 (sz=24, trace=300742, class=java.lang.String@50000165)
ARR 50003602 (sz=48, trace=300741, nelems=0, elem type=char[])
OBJ 50003603 (sz=24, trace=300742, class=java.lang.String@50000165)
ARR 50003604 (sz=304, trace=300010, nelems=0, elem type=char[])
ARR 50003605 (sz=48, trace=300741, nelems=0, elem type=char[])
OBJ 50003606 (sz=24, trace=300742, class=java.lang.String@50000165)
ARR 50003607 (sz=48, trace=300741, nelems=0, elem type=char[])
OBJ 50003608 (sz=24, trace=300742, class=java.lang.String@50000165)
ARR 50003609 (sz=48, trace=300741, nelems=0, elem type=char[])
OBJ 5000360a (sz=24, trace=300742, class=java.lang.String@50000165)
ARR 5000360b (sz=48, trace=300741, nelems=0, elem type=char[])
OBJ 5000360c (sz=24, trace=300742, class=java.lang.String@50000165)
ARR 5000360d (sz=592, trace=300010, nelems=0, elem type=char[])
ARR 5000360e (sz=48, trace=300741, nelems=0, elem type=char[])
OBJ 5000360f (sz=24, trace=300742, class=java.lang.String@50000165)
ARR 50003610 (sz=48, trace=300741, nelems=0, elem type=char[])
OBJ 50003611 (sz=24, trace=300742, class=java.lang.String@50000165)
ARR 50003612 (sz=48, trace=300743, nelems=0, elem type=char[])
OBJ 50003613 (sz=24, trace=300744, class=java.lang.String@50000165)
OBJ 50003614 (sz=24, trace=300745, class=java.lang.String@50000165)
	value		50003615
ARR 50003615 (sz=400, trace=300746, nelems=200, elem type=char[])
OBJ 50003616 (sz=224, trace=300748, class=jdk.internal.org.objectweb.asm.MethodWriter@500011ab)
OBJ 50003617 (sz=24, trace=300749, class=jdk.internal.org.objectweb.asm.ByteVector@5000118a)
ARR 50003618 (sz=80, trace=300750, nelems=0, elem type=byte[])
OBJ 50003619 (sz=56, trace=300751, class=jdk.internal.org.objectweb.asm.Item@5000118d)
ARR 5000361a (sz=320, trace=300752, nelems=0, elem type=byte[])
OBJ 5000361b (sz=56, trace=300753, class=jdk.internal.org.objectweb.asm.Item@5000118d)
OBJ 5000361c (sz=64, trace=300765, class=jdk.internal.org.objectweb.asm.Label@500011bc)
OBJ 5000361d (sz=48, trace=300768, class=jdk.internal.org.objectweb.asm.Frame@500011be)
OBJ 5000361e (sz=24, trace=300769, class=jdk.internal.org.objectweb.asm.ByteVector@5000118a)
ARR 5000361f (sz=80, trace=300770, nelems=0, elem type=byte[])
ARR 50003620 (sz=616, trace=301101, nelems=0, elem type=byte[])
OBJ 50003621 (sz=56, trace=300771, class=jdk.internal.org.objectweb.asm.Item@5000118d)
OBJ 50003622 (sz=56, trace=300773, class=jdk.internal.org.objectweb.asm.AnnotationWriter@500011c5)
OBJ 50003623 (sz=24, trace=300774, class=jdk.internal.org.objectweb.asm.ByteVector@5000118a)
ARR 50003624 (sz=80, trace=300775, nelems=0, elem type=byte[])
OBJ 50003625 (sz=56, trace=300776, class=jdk.internal.org.objectweb.asm.Item@5000118d)
OBJ 50003626 (sz=56, trace=300773, class=jdk.internal.org.objectweb.asm.AnnotationWriter@500011c5)
OBJ 50003627 (sz=24, trace=300777, class=jdk.internal.org.objectweb.asm.ByteVector@5000118a)
ARR 50003628 (sz=80, trace=300778, nelems=0, elem type=byte[])
OBJ 50003629 (sz=56, trace=300780, class=jdk.internal.org.objectweb.asm.Item@5000118d)
OBJ 5000362a (sz=56, trace=300773, class=jdk.internal.org.objectweb.asm.AnnotationWriter@500011c5)
OBJ 5000362b (sz=24, trace=300795, class=java.lang.String@50000165)
ARR 5000362c (sz=56, trace=300462, nelems=0, elem type=char[])
ARR 5000362d (sz=88, trace=300796, nelems=0, elem type=char[])
OBJ 5000362e (sz=24, trace=300797, class=java.lang.String@50000165)
ARR 5000362f (sz=56, trace=300798, nelems=0, elem type=int[])
OBJ 50003630 (sz=56, trace=300733, class=jdk.internal.org.objectweb.asm.Item@5000118d)
OBJ 50003631 (sz=56, trace=300800, class=jdk.internal.org.objectweb.asm.Item@5000118d)
OBJ 50003632 (sz=56, trace=300801, class=jdk.internal.org.objectweb.asm.Item@5000118d)
OBJ 50003633 (sz=56, trace=300802, class=jdk.internal.org.objectweb.asm.Item@5000118d)
OBJ 50003634 (sz=56, trace=300803, class=jdk.internal.org.objectweb.asm.Item@5000118d)
OBJ 50003635 (sz=56, trace=300804, class=jdk.internal.org.objectweb.asm.Item@5000118d)
OBJ 50003636 (sz=24, trace=300805, class=java.lang.String@50000165)
ARR 50003637 (sz=48, trace=300806, nelems=0, elem type=char[])
OBJ 50003638 (sz=56, trace=300807, class=jdk.internal.org.objectweb.asm.Item@5000118d)
ARR 50003639 (sz=80, trace=300808, nelems=0, elem type=jdk.internal.org.objectweb.asm.Item[]@5000118e)
ARR 5000363a (sz=56, trace=300809, nelems=0, elem type=int[])
ARR 5000363b (sz=96, trace=301102, nelems=0, elem type=int[])
OBJ 5000363c (sz=24, trace=300795, class=java.lang.String@50000165)
ARR 5000363d (sz=40, trace=300462, nelems=0, elem type=char[])
ARR 5000363e (sz=72, trace=300811, nelems=0, elem type=char[])
OBJ 5000363f (sz=24, trace=300812, class=java.lang.String@50000165)
OBJ 50003640 (sz=56, trace=300813, class=jdk.internal.org.objectweb.asm.Item@5000118d)
OBJ 50003641 (sz=56, trace=300814, class=jdk.internal.org.objectweb.asm.Item@5000118d)
OBJ 50003642 (sz=56, trace=300815, class=jdk.internal.org.objectweb.asm.Item@5000118d)
OBJ 50003643 (sz=24, trace=300685, class=java.util.Arrays$ArrayList@5000115f)
OBJ 50003644 (sz=24, trace=300686, class=java.util.Collections$UnmodifiableRandomAccessList@500000ca)
OBJ 50003645 (sz=24, trace=300738, class=java.lang.StringBuilder@50000118)
ARR 50003646 (sz=48, trace=300739, nelems=0, elem type=char[])
OBJ 50003647 (sz=24, trace=300740, class=java.util.Collections$UnmodifiableCollection$1@50001162)
OBJ 50003648 (sz=32, trace=300690, class=java.util.AbstractList$Itr@50001164)
ARR 50003649 (sz=48, trace=300741, nelems=0, elem type=char[])
OBJ 5000364a (sz=24, trace=300742, class=java.lang.String@50000165)
ARR 5000364b (sz=88, trace=300010, nelems=0, elem type=char[])
ARR 5000364c (sz=48, trace=300741, nelems=0, elem type=char[])
OBJ 5000364d (sz=24, trace=300742, class=java.lang.String@50000165)
ARR 5000364e (sz=160, trace=300010, nelems=0, elem type=char[])
ARR 5000364f (sz=48, trace=300741, nelems=0, elem type=char[])
OBJ 50003650 (sz=24, trace=300742, class=java.lang.String@50000165)
ARR 50003651 (sz=48, trace=300741, nelems=0, elem type=char[])
OBJ 50003652 (sz=24, trace=300742, class=java.lang.String@50000165)
ARR 50003653 (sz=304, trace=300010, nelems=0, elem type=char[])
ARR 50003654 (sz=48, trace=300741, nelems=0, elem type=char[])
OBJ 50003655 (sz=24, trace=300742, class=java.lang.String@50000165)
ARR 50003656 (sz=48, trace=300741, nelems=0, elem type=char[])
OBJ 50003657 (sz=24, trace=300742, class=java.lang.String@50000165)
ARR 50003658 (sz=48, trace=300741, nelems=0, elem type=char[])
OBJ 50003659 (sz=24, trace=300742, class=java.lang.String@50000165)
ARR 5000365a (sz=48, trace=300741, nelems=0, elem type=char[])
OBJ 5000365b (sz=24, trace=300742, class=java.lang.String@50000165)
ARR 5000365c (sz=592, trace=300010, nelems=0, elem type=char[])
ARR 5000365d (sz=48, trace=300741, nelems=0, elem type=char[])
OBJ 5000365e (sz=24, trace=300742, class=java.lang.String@50000165)
ARR 5000365f (sz=72, trace=300741, nelems=0, elem type=char[])
OBJ 50003660 (sz=24, trace=300742, class=java.lang.String@50000165)
ARR 50003661 (sz=48, trace=300743, nelems=0, elem type=char[])
OBJ 50003662 (sz=24, trace=300744, class=java.lang.String@50000165)
OBJ 50003663 (sz=24, trace=300745, class=java.lang.String@50000165)
	value		50003664
ARR 50003664 (sz=422, trace=300746, nelems=211, elem type=char[])
OBJ 50003665 (sz=56, trace=300733, class=jdk.internal.org.objectweb.asm.Item@5000118d)
OBJ 50003666 (sz=56, trace=300800, class=jdk.internal.org.objectweb.asm.Item@5000118d)
ARR 50003667 (sz=1216, trace=301099, nelems=0, elem type=byte[])
OBJ 50003668 (sz=56, trace=300801, class=jdk.internal.org.objectweb.asm.Item@5000118d)
OBJ 50003669 (sz=56, trace=300802, class=jdk.internal.org.objectweb.asm.Item@5000118d)
OBJ 5000366a (sz=56, trace=300803, class=jdk.internal.org.objectweb.asm.Item@5000118d)
OBJ 5000366b (sz=56, trace=300804, class=jdk.internal.org.objectweb.asm.Item@5000118d)
OBJ 5000366c (sz=24, trace=300805, class=java.lang.String@50000165)
ARR 5000366d (sz=48, trace=300806, nelems=0, elem type=char[])
OBJ 5000366e (sz=64, trace=300817, class=jdk.internal.org.objectweb.asm.Label@500011bc)
OBJ 5000366f (sz=48, trace=300818, class=jdk.internal.org.objectweb.asm.Frame@500011be)
ARR 50003670 (sz=416, trace=300819, nelems=0, elem type=char[])
ARR 50003671 (sz=56, trace=300820, nelems=0, elem type=jdk.internal.org.objectweb.asm.Type[]@50001222)
OBJ 50003672 (sz=32, trace=300821, class=jdk.internal.org.objectweb.asm.Type@500011b2)
OBJ 50003673 (sz=32, trace=300821, class=jdk.internal.org.objectweb.asm.Type@500011b2)
OBJ 50003674 (sz=32, trace=300821, class=jdk.internal.org.objectweb.asm.Type@500011b2)
OBJ 50003675 (sz=32, trace=300821, class=jdk.internal.org.objectweb.asm.Type@500011b2)
OBJ 50003676 (sz=32, trace=300821, class=jdk.internal.org.objectweb.asm.Type@500011b2)
OBJ 50003677 (sz=32, trace=300821, class=jdk.internal.org.objectweb.asm.Type@500011b2)
OBJ 50003678 (sz=32, trace=300821, class=jdk.internal.org.objectweb.asm.Type@500011b2)
OBJ 50003679 (sz=32, trace=300821, class=jdk.internal.org.objectweb.asm.Type@500011b2)
OBJ 5000367a (sz=32, trace=300821, class=jdk.internal.org.objectweb.asm.Type@500011b2)
OBJ 5000367b (sz=32, trace=300821, class=jdk.internal.org.objectweb.asm.Type@500011b2)
ARR 5000367c (sz=64, trace=300822, nelems=0, elem type=int[])
ARR 5000367d (sz=16, trace=300823, nelems=0, elem type=int[])
OBJ 5000367e (sz=24, trace=300824, class=java.lang.StringBuffer@50000119)
ARR 5000367f (sz=48, trace=300825, nelems=0, elem type=char[])
ARR 50003680 (sz=88, trace=300826, nelems=0, elem type=char[])
ARR 50003681 (sz=56, trace=300827, nelems=0, elem type=char[])
OBJ 50003682 (sz=24, trace=300828, class=java.lang.String@50000165)
OBJ 50003683 (sz=24, trace=300829, class=java.lang.String@50000165)
ARR 50003684 (sz=48, trace=300806, nelems=0, elem type=char[])
OBJ 50003685 (sz=24, trace=300824, class=java.lang.StringBuffer@50000119)
ARR 50003686 (sz=48, trace=300825, nelems=0, elem type=char[])
ARR 50003687 (sz=88, trace=300826, nelems=0, elem type=char[])
ARR 50003688 (sz=56, trace=300827, nelems=0, elem type=char[])
OBJ 50003689 (sz=24, trace=300828, class=java.lang.String@50000165)
OBJ 5000368a (sz=24, trace=300829, class=java.lang.String@50000165)
ARR 5000368b (sz=48, trace=300806, nelems=0, elem type=char[])
OBJ 5000368c (sz=24, trace=300824, class=java.lang.StringBuffer@50000119)
ARR 5000368d (sz=48, trace=300825, nelems=0, elem type=char[])
ARR 5000368e (sz=88, trace=300826, nelems=0, elem type=char[])
ARR 5000368f (sz=56, trace=300827, nelems=0, elem type=char[])
OBJ 50003690 (sz=24, trace=300828, class=java.lang.String@50000165)
OBJ 50003691 (sz=24, trace=300829, class=java.lang.String@50000165)
ARR 50003692 (sz=48, trace=300806, nelems=0, elem type=char[])
OBJ 50003693 (sz=24, trace=300824, class=java.lang.StringBuffer@50000119)
ARR 50003694 (sz=48, trace=300825, nelems=0, elem type=char[])
ARR 50003695 (sz=88, trace=300826, nelems=0, elem type=char[])
ARR 50003696 (sz=56, trace=300827, nelems=0, elem type=char[])
OBJ 50003697 (sz=24, trace=300828, class=java.lang.String@50000165)
OBJ 50003698 (sz=24, trace=300829, class=java.lang.String@50000165)
ARR 50003699 (sz=48, trace=300806, nelems=0, elem type=char[])
OBJ 5000369a (sz=24, trace=300824, class=java.lang.StringBuffer@50000119)
ARR 5000369b (sz=48, trace=300825, nelems=0, elem type=char[])
ARR 5000369c (sz=88, trace=300826, nelems=0, elem type=char[])
ARR 5000369d (sz=56, trace=300827, nelems=0, elem type=char[])
OBJ 5000369e (sz=24, trace=300828, class=java.lang.String@50000165)
OBJ 5000369f (sz=24, trace=300829, class=java.lang.String@50000165)
ARR 500036a0 (sz=48, trace=300806, nelems=0, elem type=char[])
OBJ 500036a1 (sz=24, trace=300824, class=java.lang.StringBuffer@50000119)
ARR 500036a2 (sz=48, trace=300825, nelems=0, elem type=char[])
ARR 500036a3 (sz=88, trace=300826, nelems=0, elem type=char[])
ARR 500036a4 (sz=56, trace=300827, nelems=0, elem type=char[])
OBJ 500036a5 (sz=24, trace=300828, class=java.lang.String@50000165)
OBJ 500036a6 (sz=24, trace=300829, class=java.lang.String@50000165)
ARR 500036a7 (sz=48, trace=300806, nelems=0, elem type=char[])
OBJ 500036a8 (sz=24, trace=300824, class=java.lang.StringBuffer@50000119)
ARR 500036a9 (sz=48, trace=300825, nelems=0, elem type=char[])
ARR 500036aa (sz=88, trace=300826, nelems=0, elem type=char[])
ARR 500036ab (sz=56, trace=300827, nelems=0, elem type=char[])
OBJ 500036ac (sz=24, trace=300828, class=java.lang.String@50000165)
OBJ 500036ad (sz=24, trace=300829, class=java.lang.String@50000165)
ARR 500036ae (sz=48, trace=300806, nelems=0, elem type=char[])
OBJ 500036af (sz=24, trace=300824, class=java.lang.StringBuffer@50000119)
ARR 500036b0 (sz=48, trace=300825, nelems=0, elem type=char[])
ARR 500036b1 (sz=88, trace=300826, nelems=0, elem type=char[])
ARR 500036b2 (sz=56, trace=300827, nelems=0, elem type=char[])
OBJ 500036b3 (sz=24, trace=300828, class=java.lang.String@50000165)
OBJ 500036b4 (sz=24, trace=300829, class=java.lang.String@50000165)
ARR 500036b5 (sz=48, trace=300806, nelems=0, elem type=char[])
OBJ 500036b6 (sz=24, trace=300824, class=java.lang.StringBuffer@50000119)
ARR 500036b7 (sz=48, trace=300825, nelems=0, elem type=char[])
ARR 500036b8 (sz=88, trace=300826, nelems=0, elem type=char[])
ARR 500036b9 (sz=56, trace=300827, nelems=0, elem type=char[])
OBJ 500036ba (sz=24, trace=300828, class=java.lang.String@50000165)
OBJ 500036bb (sz=24, trace=300829, class=java.lang.String@50000165)
ARR 500036bc (sz=48, trace=300806, nelems=0, elem type=char[])
OBJ 500036bd (sz=24, trace=300824, class=java.lang.StringBuffer@50000119)
ARR 500036be (sz=48, trace=300825, nelems=0, elem type=char[])
ARR 500036bf (sz=88, trace=300826, nelems=0, elem type=char[])
ARR 500036c0 (sz=56, trace=300827, nelems=0, elem type=char[])
OBJ 500036c1 (sz=24, trace=300828, class=java.lang.String@50000165)
OBJ 500036c2 (sz=24, trace=300829, class=java.lang.String@50000165)
ARR 500036c3 (sz=48, trace=300806, nelems=0, elem type=char[])
ARR 500036c4 (sz=72, trace=300830, nelems=0, elem type=int[])
ARR 500036c5 (sz=24, trace=300831, nelems=0, elem type=java.lang.Object[]@500000ff)
OBJ 500036c6 (sz=56, trace=300832, class=jdk.internal.org.objectweb.asm.Item@5000118d)
OBJ 500036c7 (sz=56, trace=300833, class=jdk.internal.org.objectweb.asm.Item@5000118d)
OBJ 500036c8 (sz=56, trace=300834, class=jdk.internal.org.objectweb.asm.Item@5000118d)
OBJ 500036c9 (sz=24, trace=300835, class=jdk.internal.org.objectweb.asm.ByteVector@5000118a)
ARR 500036ca (sz=1008, trace=300836, nelems=0, elem type=byte[])
ARR 500036cb (sz=128, trace=300837, nelems=0, elem type=java.lang.Object[]@500000ff)
OBJ 500036cc (sz=16, trace=300839, class=java.util.HashMap$Values@5000123e)
OBJ 500036cd (sz=40, trace=300841, class=java.util.HashMap$ValueIterator@50001241)
OBJ 500036cf (sz=56, trace=300843, class=java.lang.invoke.MemberName@50000124)
OBJ 500036d0 (sz=40, trace=300844, class=java.lang.ref.SoftReference@50000149)
	referent	500035cc
	queue		50006b4d
OBJ 500036d1 (sz=32, trace=300845, class=java.lang.invoke.DirectMethodHandle@50000125)
	type		500032cf
	form		500035cc
	member		50006df3
OBJ 500036d2 (sz=40, trace=301012, class=java.lang.ref.SoftReference@50000149)
	referent	500036d1
	queue		50006b4d
ARR 500036d3 (sz=56, trace=301068, nelems=9, elem type=java.lang.Object[]@500000ff)
	[0]		5000358f
	[1]		50000f66
	[2]		50000f67
	[3]		50000f68
	[4]		50000f69
	[5]		50000f6a
	[6]		50000f6b
	[7]		50000f6c
	[8]		50000f6d
OBJ 500036d4 (sz=32, trace=301069, class=java.lang.invoke.LambdaForm$Name@50000f62)
	type		50000f5a
	function	50003591
	arguments	500036d3
OBJ 500036d5 (sz=48, trace=301070, class=java.lang.invoke.LambdaForm@50000122)
	names		50006f70
	debugName	50006e2d
	vmentry		50006f6f
OBJ 500036d6 (sz=40, trace=300844, class=java.lang.ref.SoftReference@50000149)
	referent	500036d5
	queue		50006b4d
OBJ 500036d7 (sz=40, trace=301098, class=java.lang.invoke.MethodHandleImpl$IntrinsicMethodHandle@500026a0)
	type		500034a7
	form		500036d5
	target		50003584
	intrinsicName	500011d3
OBJ 500036d8 (sz=24, trace=300696, class=java.lang.StringBuilder@50000118)
ARR 500036d9 (sz=40, trace=300697, nelems=0, elem type=char[])
OBJ 500036da (sz=24, trace=300698, class=java.lang.String@50000165)
ARR 500036db (sz=40, trace=300699, nelems=0, elem type=char[])
ARR 500036dc (sz=56, trace=300938, nelems=0, elem type=java.lang.Class[]@500000fa)
OBJ 500036dd (sz=40, trace=300701, class=java.lang.invoke.MethodType@50000121)
OBJ 500036de (sz=32, trace=300443, class=java.lang.invoke.MethodType$ConcurrentWeakInternSet$WeakEntry@50000b5f)
OBJ 500036df (sz=64, trace=300704, class=java.lang.invoke.InvokerBytecodeGenerator@50001172)
OBJ 500036e0 (sz=48, trace=300705, class=java.util.HashMap@500000bd)
OBJ 500036e1 (sz=24, trace=300706, class=java.lang.String@50000165)
ARR 500036e2 (sz=24, trace=300707, nelems=0, elem type=char[])
OBJ 500036e3 (sz=24, trace=300708, class=java.lang.String@50000165)
	value		500036e4
ARR 500036e4 (sz=16, trace=300709, nelems=8, elem type=char[])
OBJ 500036e5 (sz=24, trace=300710, class=java.lang.StringBuilder@50000118)
ARR 500036e6 (sz=48, trace=300711, nelems=0, elem type=char[])
ARR 500036e7 (sz=88, trace=300010, nelems=0, elem type=char[])
OBJ 500036e8 (sz=24, trace=300712, class=java.lang.String@50000165)
ARR 500036e9 (sz=80, trace=300713, nelems=0, elem type=char[])
OBJ 500036ea (sz=24, trace=300714, class=java.lang.StringBuilder@50000118)
ARR 500036eb (sz=48, trace=300715, nelems=0, elem type=char[])
OBJ 500036ec (sz=24, trace=300716, class=java.lang.String@50000165)
ARR 500036ed (sz=48, trace=300717, nelems=0, elem type=char[])
ARR 500036ee (sz=64, trace=300718, nelems=0, elem type=int[])
ARR 500036ef (sz=64, trace=300719, nelems=0, elem type=java.lang.invoke.LambdaForm$BasicType[]@50000f60)
ARR 500036f0 (sz=64, trace=300720, nelems=0, elem type=java.lang.Class[]@500000fa)
OBJ 500036f1 (sz=168, trace=300723, class=jdk.internal.org.objectweb.asm.ClassWriter@50001187)
OBJ 500036f2 (sz=24, trace=300725, class=jdk.internal.org.objectweb.asm.ByteVector@5000118a)
ARR 500036f3 (sz=80, trace=300726, nelems=0, elem type=byte[])
ARR 500036f4 (sz=1040, trace=300728, nelems=0, elem type=jdk.internal.org.objectweb.asm.Item[]@5000118e)
OBJ 500036f5 (sz=56, trace=300729, class=jdk.internal.org.objectweb.asm.Item@5000118d)
OBJ 500036f6 (sz=56, trace=300730, class=jdk.internal.org.objectweb.asm.Item@5000118d)
OBJ 500036f7 (sz=56, trace=300731, class=jdk.internal.org.objectweb.asm.Item@5000118d)
OBJ 500036f8 (sz=56, trace=300732, class=jdk.internal.org.objectweb.asm.Item@5000118d)
OBJ 500036f9 (sz=56, trace=300733, class=jdk.internal.org.objectweb.asm.Item@5000118d)
OBJ 500036fa (sz=56, trace=300734, class=jdk.internal.org.objectweb.asm.Item@5000118d)
OBJ 500036fb (sz=56, trace=300733, class=jdk.internal.org.objectweb.asm.Item@5000118d)
OBJ 500036fc (sz=56, trace=300735, class=jdk.internal.org.objectweb.asm.Item@5000118d)
ARR 500036fd (sz=144, trace=300736, nelems=0, elem type=byte[])
OBJ 500036fe (sz=56, trace=300737, class=jdk.internal.org.objectweb.asm.Item@5000118d)
OBJ 500036ff (sz=224, trace=300748, class=jdk.internal.org.objectweb.asm.MethodWriter@500011ab)
OBJ 50003700 (sz=24, trace=300749, class=jdk.internal.org.objectweb.asm.ByteVector@5000118a)
ARR 50003701 (sz=80, trace=300750, nelems=0, elem type=byte[])
OBJ 50003702 (sz=56, trace=300751, class=jdk.internal.org.objectweb.asm.Item@5000118d)
ARR 50003703 (sz=288, trace=300752, nelems=0, elem type=byte[])
OBJ 50003704 (sz=56, trace=300753, class=jdk.internal.org.objectweb.asm.Item@5000118d)
OBJ 50003705 (sz=64, trace=300765, class=jdk.internal.org.objectweb.asm.Label@500011bc)
OBJ 50003706 (sz=48, trace=300768, class=jdk.internal.org.objectweb.asm.Frame@500011be)
OBJ 50003707 (sz=24, trace=300769, class=jdk.internal.org.objectweb.asm.ByteVector@5000118a)
ARR 50003708 (sz=80, trace=300770, nelems=0, elem type=byte[])
ARR 50003709 (sz=560, trace=301101, nelems=0, elem type=byte[])
OBJ 5000370a (sz=56, trace=300771, class=jdk.internal.org.objectweb.asm.Item@5000118d)
OBJ 5000370b (sz=56, trace=300773, class=jdk.internal.org.objectweb.asm.AnnotationWriter@500011c5)
OBJ 5000370c (sz=24, trace=300774, class=jdk.internal.org.objectweb.asm.ByteVector@5000118a)
ARR 5000370d (sz=80, trace=300775, nelems=0, elem type=byte[])
OBJ 5000370e (sz=56, trace=300776, class=jdk.internal.org.objectweb.asm.Item@5000118d)
OBJ 5000370f (sz=56, trace=300773, class=jdk.internal.org.objectweb.asm.AnnotationWriter@500011c5)
OBJ 50003710 (sz=24, trace=300777, class=jdk.internal.org.objectweb.asm.ByteVector@5000118a)
ARR 50003711 (sz=80, trace=300778, nelems=0, elem type=byte[])
OBJ 50003712 (sz=56, trace=300780, class=jdk.internal.org.objectweb.asm.Item@5000118d)
OBJ 50003713 (sz=56, trace=300773, class=jdk.internal.org.objectweb.asm.AnnotationWriter@500011c5)
OBJ 50003714 (sz=24, trace=300795, class=java.lang.String@50000165)
ARR 50003715 (sz=64, trace=300462, nelems=0, elem type=char[])
ARR 50003716 (sz=96, trace=300796, nelems=0, elem type=char[])
OBJ 50003717 (sz=24, trace=300797, class=java.lang.String@50000165)
ARR 50003718 (sz=24, trace=300920, nelems=0, elem type=java.lang.Class[]@500000fa)
OBJ 50003719 (sz=40, trace=300860, class=java.lang.invoke.MethodType@50000121)
OBJ 5000371a (sz=32, trace=300443, class=java.lang.invoke.MethodType$ConcurrentWeakInternSet$WeakEntry@50000b5f)
ARR 5000371b (sz=56, trace=300798, nelems=0, elem type=int[])
ARR 5000371c (sz=96, trace=300811, nelems=0, elem type=char[])
OBJ 5000371d (sz=24, trace=300812, class=java.lang.String@50000165)
OBJ 5000371e (sz=56, trace=300813, class=jdk.internal.org.objectweb.asm.Item@5000118d)
OBJ 5000371f (sz=56, trace=300814, class=jdk.internal.org.objectweb.asm.Item@5000118d)
OBJ 50003720 (sz=56, trace=300815, class=jdk.internal.org.objectweb.asm.Item@5000118d)
ARR 50003721 (sz=80, trace=301072, nelems=0, elem type=jdk.internal.org.objectweb.asm.Item[]@5000118e)
OBJ 50003722 (sz=56, trace=300801, class=jdk.internal.org.objectweb.asm.Item@5000118d)
OBJ 50003723 (sz=56, trace=300802, class=jdk.internal.org.objectweb.asm.Item@5000118d)
OBJ 50003724 (sz=56, trace=300803, class=jdk.internal.org.objectweb.asm.Item@5000118d)
OBJ 50003725 (sz=56, trace=300804, class=jdk.internal.org.objectweb.asm.Item@5000118d)
OBJ 50003726 (sz=24, trace=300805, class=java.lang.String@50000165)
ARR 50003727 (sz=80, trace=300806, nelems=0, elem type=char[])
OBJ 50003728 (sz=56, trace=300807, class=jdk.internal.org.objectweb.asm.Item@5000118d)
ARR 50003729 (sz=24, trace=300931, nelems=0, elem type=java.lang.Class[]@500000fa)
OBJ 5000372a (sz=40, trace=300860, class=java.lang.invoke.MethodType@50000121)
OBJ 5000372b (sz=32, trace=300443, class=java.lang.invoke.MethodType$ConcurrentWeakInternSet$WeakEntry@50000b5f)
ARR 5000372c (sz=56, trace=300809, nelems=0, elem type=int[])
OBJ 5000372d (sz=24, trace=300795, class=java.lang.String@50000165)
ARR 5000372e (sz=40, trace=300462, nelems=0, elem type=char[])
OBJ 5000372f (sz=56, trace=300733, class=jdk.internal.org.objectweb.asm.Item@5000118d)
OBJ 50003730 (sz=56, trace=300800, class=jdk.internal.org.objectweb.asm.Item@5000118d)
OBJ 50003731 (sz=56, trace=300801, class=jdk.internal.org.objectweb.asm.Item@5000118d)
ARR 50003732 (sz=1096, trace=300816, nelems=0, elem type=byte[])
OBJ 50003733 (sz=56, trace=300802, class=jdk.internal.org.objectweb.asm.Item@5000118d)
OBJ 50003734 (sz=56, trace=300803, class=jdk.internal.org.objectweb.asm.Item@5000118d)
OBJ 50003735 (sz=56, trace=300804, class=jdk.internal.org.objectweb.asm.Item@5000118d)
OBJ 50003736 (sz=24, trace=300805, class=java.lang.String@50000165)
ARR 50003737 (sz=48, trace=300806, nelems=0, elem type=char[])
OBJ 50003738 (sz=56, trace=300807, class=jdk.internal.org.objectweb.asm.Item@5000118d)
ARR 50003739 (sz=24, trace=300931, nelems=0, elem type=java.lang.Class[]@500000fa)
OBJ 5000373a (sz=40, trace=300860, class=java.lang.invoke.MethodType@50000121)
OBJ 5000373b (sz=32, trace=300443, class=java.lang.invoke.MethodType$ConcurrentWeakInternSet$WeakEntry@50000b5f)
OBJ 5000373c (sz=64, trace=300817, class=jdk.internal.org.objectweb.asm.Label@500011bc)
OBJ 5000373d (sz=48, trace=300818, class=jdk.internal.org.objectweb.asm.Frame@500011be)
ARR 5000373e (sz=384, trace=300819, nelems=0, elem type=char[])
ARR 5000373f (sz=56, trace=300820, nelems=0, elem type=jdk.internal.org.objectweb.asm.Type[]@50001222)
OBJ 50003740 (sz=32, trace=300821, class=jdk.internal.org.objectweb.asm.Type@500011b2)
OBJ 50003741 (sz=32, trace=300821, class=jdk.internal.org.objectweb.asm.Type@500011b2)
OBJ 50003742 (sz=32, trace=300821, class=jdk.internal.org.objectweb.asm.Type@500011b2)
OBJ 50003743 (sz=32, trace=300821, class=jdk.internal.org.objectweb.asm.Type@500011b2)
OBJ 50003744 (sz=32, trace=300821, class=jdk.internal.org.objectweb.asm.Type@500011b2)
OBJ 50003745 (sz=32, trace=300821, class=jdk.internal.org.objectweb.asm.Type@500011b2)
OBJ 50003746 (sz=32, trace=300821, class=jdk.internal.org.objectweb.asm.Type@500011b2)
OBJ 50003747 (sz=32, trace=300821, class=jdk.internal.org.objectweb.asm.Type@500011b2)
OBJ 50003748 (sz=32, trace=300821, class=jdk.internal.org.objectweb.asm.Type@500011b2)
ARR 50003749 (sz=56, trace=300822, nelems=0, elem type=int[])
ARR 5000374a (sz=16, trace=300823, nelems=0, elem type=int[])
OBJ 5000374b (sz=24, trace=300824, class=java.lang.StringBuffer@50000119)
ARR 5000374c (sz=48, trace=300825, nelems=0, elem type=char[])
ARR 5000374d (sz=88, trace=300826, nelems=0, elem type=char[])
ARR 5000374e (sz=56, trace=300827, nelems=0, elem type=char[])
OBJ 5000374f (sz=24, trace=300828, class=java.lang.String@50000165)
OBJ 50003750 (sz=24, trace=300829, class=java.lang.String@50000165)
ARR 50003751 (sz=48, trace=300806, nelems=0, elem type=char[])
OBJ 50003752 (sz=24, trace=300824, class=java.lang.StringBuffer@50000119)
ARR 50003753 (sz=48, trace=300825, nelems=0, elem type=char[])
ARR 50003754 (sz=88, trace=300826, nelems=0, elem type=char[])
ARR 50003755 (sz=56, trace=300827, nelems=0, elem type=char[])
OBJ 50003756 (sz=24, trace=300828, class=java.lang.String@50000165)
OBJ 50003757 (sz=24, trace=300829, class=java.lang.String@50000165)
ARR 50003758 (sz=48, trace=300806, nelems=0, elem type=char[])
OBJ 50003759 (sz=24, trace=300824, class=java.lang.StringBuffer@50000119)
ARR 5000375a (sz=48, trace=300825, nelems=0, elem type=char[])
ARR 5000375b (sz=88, trace=300826, nelems=0, elem type=char[])
ARR 5000375c (sz=56, trace=300827, nelems=0, elem type=char[])
OBJ 5000375d (sz=24, trace=300828, class=java.lang.String@50000165)
OBJ 5000375e (sz=24, trace=300829, class=java.lang.String@50000165)
ARR 5000375f (sz=48, trace=300806, nelems=0, elem type=char[])
OBJ 50003760 (sz=24, trace=300824, class=java.lang.StringBuffer@50000119)
ARR 50003761 (sz=48, trace=300825, nelems=0, elem type=char[])
ARR 50003762 (sz=88, trace=300826, nelems=0, elem type=char[])
ARR 50003763 (sz=56, trace=300827, nelems=0, elem type=char[])
OBJ 50003764 (sz=24, trace=300828, class=java.lang.String@50000165)
OBJ 50003765 (sz=24, trace=300829, class=java.lang.String@50000165)
ARR 50003766 (sz=48, trace=300806, nelems=0, elem type=char[])
OBJ 50003767 (sz=24, trace=300824, class=java.lang.StringBuffer@50000119)
ARR 50003768 (sz=48, trace=300825, nelems=0, elem type=char[])
ARR 50003769 (sz=88, trace=300826, nelems=0, elem type=char[])
ARR 5000376a (sz=56, trace=300827, nelems=0, elem type=char[])
OBJ 5000376b (sz=24, trace=300828, class=java.lang.String@50000165)
OBJ 5000376c (sz=24, trace=300829, class=java.lang.String@50000165)
ARR 5000376d (sz=48, trace=300806, nelems=0, elem type=char[])
OBJ 5000376e (sz=24, trace=300824, class=java.lang.StringBuffer@50000119)
ARR 5000376f (sz=48, trace=300825, nelems=0, elem type=char[])
ARR 50003770 (sz=88, trace=300826, nelems=0, elem type=char[])
ARR 50003771 (sz=56, trace=300827, nelems=0, elem type=char[])
OBJ 50003772 (sz=24, trace=300828, class=java.lang.String@50000165)
OBJ 50003773 (sz=24, trace=300829, class=java.lang.String@50000165)
ARR 50003774 (sz=48, trace=300806, nelems=0, elem type=char[])
OBJ 50003775 (sz=24, trace=300824, class=java.lang.StringBuffer@50000119)
ARR 50003776 (sz=48, trace=300825, nelems=0, elem type=char[])
ARR 50003777 (sz=88, trace=300826, nelems=0, elem type=char[])
ARR 50003778 (sz=56, trace=300827, nelems=0, elem type=char[])
OBJ 50003779 (sz=24, trace=300828, class=java.lang.String@50000165)
OBJ 5000377a (sz=24, trace=300829, class=java.lang.String@50000165)
ARR 5000377b (sz=48, trace=300806, nelems=0, elem type=char[])
OBJ 5000377c (sz=24, trace=300824, class=java.lang.StringBuffer@50000119)
ARR 5000377d (sz=48, trace=300825, nelems=0, elem type=char[])
ARR 5000377e (sz=88, trace=300826, nelems=0, elem type=char[])
ARR 5000377f (sz=56, trace=300827, nelems=0, elem type=char[])
OBJ 50003780 (sz=24, trace=300828, class=java.lang.String@50000165)
OBJ 50003781 (sz=24, trace=300829, class=java.lang.String@50000165)
ARR 50003782 (sz=48, trace=300806, nelems=0, elem type=char[])
OBJ 50003783 (sz=24, trace=300824, class=java.lang.StringBuffer@50000119)
ARR 50003784 (sz=48, trace=300825, nelems=0, elem type=char[])
ARR 50003785 (sz=88, trace=300826, nelems=0, elem type=char[])
ARR 50003786 (sz=56, trace=300827, nelems=0, elem type=char[])
OBJ 50003787 (sz=24, trace=300828, class=java.lang.String@50000165)
OBJ 50003788 (sz=24, trace=300829, class=java.lang.String@50000165)
ARR 50003789 (sz=48, trace=300806, nelems=0, elem type=char[])
ARR 5000378a (sz=64, trace=300830, nelems=0, elem type=int[])
ARR 5000378b (sz=24, trace=300940, nelems=0, elem type=java.lang.Object[]@500000ff)
OBJ 5000378c (sz=56, trace=300832, class=jdk.internal.org.objectweb.asm.Item@5000118d)
OBJ 5000378d (sz=56, trace=300833, class=jdk.internal.org.objectweb.asm.Item@5000118d)
OBJ 5000378e (sz=56, trace=300834, class=jdk.internal.org.objectweb.asm.Item@5000118d)
OBJ 5000378f (sz=24, trace=300835, class=jdk.internal.org.objectweb.asm.ByteVector@5000118a)
ARR 50003790 (sz=888, trace=300836, nelems=0, elem type=byte[])
ARR 50003791 (sz=120, trace=300837, nelems=0, elem type=java.lang.Object[]@500000ff)
OBJ 50003792 (sz=16, trace=300839, class=java.util.HashMap$Values@5000123e)
OBJ 50003793 (sz=40, trace=300841, class=java.util.HashMap$ValueIterator@50001241)
OBJ 50003795 (sz=56, trace=300843, class=java.lang.invoke.MemberName@50000124)
ARR 50003796 (sz=16, trace=301092, nelems=0, elem type=java.lang.Class[]@500000fa)
ARR 50003797 (sz=56, trace=301100, nelems=0, elem type=java.lang.Class[]@500000fa)
OBJ 50003798 (sz=40, trace=300575, class=java.lang.invoke.MethodType@50000121)
OBJ 50003799 (sz=32, trace=300443, class=java.lang.invoke.MethodType$ConcurrentWeakInternSet$WeakEntry@50000b5f)
OBJ 5000379a (sz=40, trace=301093, class=java.lang.invoke.MethodType@50000121)
OBJ 5000379b (sz=32, trace=300443, class=java.lang.invoke.MethodType$ConcurrentWeakInternSet$WeakEntry@50000b5f)
OBJ 5000379c (sz=40, trace=301094, class=java.lang.invoke.MethodType@50000121)
	rtype		500000ff
	ptypes		50006df5
	form		500032c2
OBJ 5000379d (sz=40, trace=300445, class=java.lang.invoke.MethodType@50000121)
OBJ 5000379e (sz=32, trace=300443, class=java.lang.invoke.MethodType$ConcurrentWeakInternSet$WeakEntry@50000b5f)
OBJ 5000379f (sz=32, trace=300452, class=java.lang.invoke.MethodType$ConcurrentWeakInternSet$WeakEntry@50000b5f)
	referent	5000379c
	queue		50000b52
OBJ 500037a0 (sz=32, trace=300454, class=java.util.concurrent.ConcurrentHashMap$Node@50000021)
	key		5000379f
	val		5000379f
OBJ 500037a1 (sz=56, trace=301095, class=java.lang.invoke.MemberName@50000124)
ARR 500037a2 (sz=24, trace=300512, nelems=0, elem type=java.lang.Class[]@500000fa)
OBJ 500037a3 (sz=40, trace=300514, class=java.lang.invoke.MethodType@50000121)
OBJ 500037a4 (sz=32, trace=300443, class=java.lang.invoke.MethodType$ConcurrentWeakInternSet$WeakEntry@50000b5f)
OBJ 500037a5 (sz=56, trace=300516, class=java.lang.invoke.MemberName@50000124)
ARR 500037a6 (sz=24, trace=300518, nelems=0, elem type=java.lang.Class[]@500000fa)
OBJ 500037a7 (sz=40, trace=300519, class=java.lang.invoke.MethodType@50000121)
OBJ 500037a8 (sz=32, trace=300443, class=java.lang.invoke.MethodType$ConcurrentWeakInternSet$WeakEntry@50000b5f)
ARR 500037a9 (sz=64, trace=300623, nelems=0, elem type=java.lang.invoke.LambdaForm$Name[]@50000fce)
ARR 500037aa (sz=24, trace=300674, nelems=0, elem type=java.lang.Object[]@500000ff)
ARR 500037ab (sz=24, trace=300675, nelems=1, elem type=java.lang.Object[]@500000ff)
	[0]		50000f65
OBJ 500037ac (sz=32, trace=300676, class=java.lang.invoke.LambdaForm$Name@50000f62)
	type		50000f5a
	function	50001105
	arguments	500037ab
ARR 500037ad (sz=56, trace=300677, nelems=0, elem type=java.lang.Object[]@500000ff)
OBJ 500037ae (sz=24, trace=300678, class=java.lang.invoke.LambdaForm$NamedFunction@50000f99)
	member		50006f6e
ARR 500037af (sz=56, trace=300679, nelems=10, elem type=java.lang.Object[]@500000ff)
	[0]		50000f66
	[1]		50000f67
	[2]		50000f68
	[3]		50000f69
	[4]		50000f6a
	[5]		50000f6b
	[6]		50000f6c
	[7]		50000f6d
	[8]		50000f6e
	[9]		500037ac
OBJ 500037b0 (sz=32, trace=300680, class=java.lang.invoke.LambdaForm$Name@50000f62)
	type		50000f5a
	function	500037ae
	arguments	500037af
OBJ 500037b1 (sz=24, trace=300681, class=java.lang.StringBuilder@50000118)
ARR 500037b2 (sz=48, trace=300682, nelems=0, elem type=char[])
ARR 500037b3 (sz=88, trace=300010, nelems=0, elem type=char[])
ARR 500037b4 (sz=40, trace=300683, nelems=0, elem type=char[])
OBJ 500037b5 (sz=24, trace=300685, class=java.util.Arrays$ArrayList@5000115f)
OBJ 500037b6 (sz=24, trace=300686, class=java.util.Collections$UnmodifiableRandomAccessList@500000ca)
OBJ 500037b7 (sz=24, trace=300688, class=java.util.Collections$UnmodifiableCollection$1@50001162)
OBJ 500037b8 (sz=32, trace=300690, class=java.util.AbstractList$Itr@50001164)
OBJ 500037b9 (sz=24, trace=300691, class=java.lang.String@50000165)
ARR 500037ba (sz=40, trace=300692, nelems=0, elem type=char[])
OBJ 500037bb (sz=24, trace=300861, class=java.lang.StringBuilder@50000118)
ARR 500037bc (sz=48, trace=300862, nelems=0, elem type=char[])
OBJ 500037bd (sz=24, trace=300863, class=java.lang.String@50000165)
ARR 500037be (sz=24, trace=300864, nelems=0, elem type=char[])
OBJ 500037bf (sz=24, trace=300693, class=java.lang.String@50000165)
	value		500037c0
ARR 500037c0 (sz=42, trace=300694, nelems=21, elem type=char[])
OBJ 500037c1 (sz=48, trace=300695, class=java.lang.invoke.LambdaForm@50000122)
	names		50006f6d
	debugName	500037bf
	vmentry		50006f6c
OBJ 500037c2 (sz=24, trace=300696, class=java.lang.StringBuilder@50000118)
ARR 500037c3 (sz=48, trace=300697, nelems=0, elem type=char[])
OBJ 500037c4 (sz=24, trace=300698, class=java.lang.String@50000165)
ARR 500037c5 (sz=40, trace=300699, nelems=0, elem type=char[])
ARR 500037c6 (sz=56, trace=300700, nelems=0, elem type=java.lang.Class[]@500000fa)
OBJ 500037c7 (sz=40, trace=300701, class=java.lang.invoke.MethodType@50000121)
OBJ 500037c8 (sz=32, trace=300443, class=java.lang.invoke.MethodType$ConcurrentWeakInternSet$WeakEntry@50000b5f)
OBJ 500037c9 (sz=64, trace=300704, class=java.lang.invoke.InvokerBytecodeGenerator@50001172)
OBJ 500037ca (sz=48, trace=300705, class=java.util.HashMap@500000bd)
OBJ 500037cb (sz=24, trace=300706, class=java.lang.String@50000165)
ARR 500037cc (sz=24, trace=300707, nelems=0, elem type=char[])
OBJ 500037cd (sz=24, trace=300708, class=java.lang.String@50000165)
	value		500037ce
ARR 500037ce (sz=34, trace=300709, nelems=17, elem type=char[])
OBJ 500037cf (sz=24, trace=300710, class=java.lang.StringBuilder@50000118)
ARR 500037d0 (sz=48, trace=300711, nelems=0, elem type=char[])
ARR 500037d1 (sz=88, trace=300010, nelems=0, elem type=char[])
OBJ 500037d2 (sz=24, trace=300712, class=java.lang.String@50000165)
ARR 500037d3 (sz=80, trace=300713, nelems=0, elem type=char[])
OBJ 500037d4 (sz=24, trace=300714, class=java.lang.StringBuilder@50000118)
ARR 500037d5 (sz=48, trace=300715, nelems=0, elem type=char[])
OBJ 500037d6 (sz=24, trace=300716, class=java.lang.String@50000165)
ARR 500037d7 (sz=48, trace=300717, nelems=0, elem type=char[])
ARR 500037d8 (sz=72, trace=300718, nelems=0, elem type=int[])
ARR 500037d9 (sz=72, trace=300719, nelems=0, elem type=java.lang.invoke.LambdaForm$BasicType[]@50000f60)
ARR 500037da (sz=72, trace=300720, nelems=0, elem type=java.lang.Class[]@500000fa)
OBJ 500037db (sz=168, trace=300723, class=jdk.internal.org.objectweb.asm.ClassWriter@50001187)
OBJ 500037dc (sz=24, trace=300725, class=jdk.internal.org.objectweb.asm.ByteVector@5000118a)
ARR 500037dd (sz=80, trace=300726, nelems=0, elem type=byte[])
ARR 500037de (sz=1040, trace=300728, nelems=0, elem type=jdk.internal.org.objectweb.asm.Item[]@5000118e)
OBJ 500037df (sz=56, trace=300729, class=jdk.internal.org.objectweb.asm.Item@5000118d)
OBJ 500037e0 (sz=56, trace=300730, class=jdk.internal.org.objectweb.asm.Item@5000118d)
OBJ 500037e1 (sz=56, trace=300731, class=jdk.internal.org.objectweb.asm.Item@5000118d)
OBJ 500037e2 (sz=56, trace=300732, class=jdk.internal.org.objectweb.asm.Item@5000118d)
OBJ 500037e3 (sz=56, trace=300733, class=jdk.internal.org.objectweb.asm.Item@5000118d)
OBJ 500037e4 (sz=56, trace=300734, class=jdk.internal.org.objectweb.asm.Item@5000118d)
OBJ 500037e5 (sz=56, trace=300733, class=jdk.internal.org.objectweb.asm.Item@5000118d)
OBJ 500037e6 (sz=56, trace=300735, class=jdk.internal.org.objectweb.asm.Item@5000118d)
ARR 500037e7 (sz=144, trace=300736, nelems=0, elem type=byte[])
OBJ 500037e8 (sz=56, trace=300737, class=jdk.internal.org.objectweb.asm.Item@5000118d)
OBJ 500037e9 (sz=224, trace=300748, class=jdk.internal.org.objectweb.asm.MethodWriter@500011ab)
OBJ 500037ea (sz=24, trace=300749, class=jdk.internal.org.objectweb.asm.ByteVector@5000118a)
ARR 500037eb (sz=80, trace=300750, nelems=0, elem type=byte[])
OBJ 500037ec (sz=56, trace=300751, class=jdk.internal.org.objectweb.asm.Item@5000118d)
ARR 500037ed (sz=320, trace=300752, nelems=0, elem type=byte[])
OBJ 500037ee (sz=56, trace=300753, class=jdk.internal.org.objectweb.asm.Item@5000118d)
OBJ 500037ef (sz=64, trace=300765, class=jdk.internal.org.objectweb.asm.Label@500011bc)
OBJ 500037f0 (sz=48, trace=300768, class=jdk.internal.org.objectweb.asm.Frame@500011be)
OBJ 500037f1 (sz=24, trace=300769, class=jdk.internal.org.objectweb.asm.ByteVector@5000118a)
ARR 500037f2 (sz=80, trace=300770, nelems=0, elem type=byte[])
ARR 500037f3 (sz=616, trace=301101, nelems=0, elem type=byte[])
OBJ 500037f4 (sz=56, trace=300771, class=jdk.internal.org.objectweb.asm.Item@5000118d)
OBJ 500037f5 (sz=56, trace=300773, class=jdk.internal.org.objectweb.asm.AnnotationWriter@500011c5)
OBJ 500037f6 (sz=24, trace=300774, class=jdk.internal.org.objectweb.asm.ByteVector@5000118a)
ARR 500037f7 (sz=80, trace=300775, nelems=0, elem type=byte[])
OBJ 500037f8 (sz=56, trace=300776, class=jdk.internal.org.objectweb.asm.Item@5000118d)
OBJ 500037f9 (sz=56, trace=300773, class=jdk.internal.org.objectweb.asm.AnnotationWriter@500011c5)
OBJ 500037fa (sz=24, trace=300777, class=jdk.internal.org.objectweb.asm.ByteVector@5000118a)
ARR 500037fb (sz=80, trace=300778, nelems=0, elem type=byte[])
OBJ 500037fc (sz=56, trace=300780, class=jdk.internal.org.objectweb.asm.Item@5000118d)
OBJ 500037fd (sz=56, trace=300773, class=jdk.internal.org.objectweb.asm.AnnotationWriter@500011c5)
OBJ 500037fe (sz=24, trace=300795, class=java.lang.String@50000165)
ARR 500037ff (sz=56, trace=300462, nelems=0, elem type=char[])
ARR 50003800 (sz=88, trace=300796, nelems=0, elem type=char[])
OBJ 50003801 (sz=24, trace=300797, class=java.lang.String@50000165)
ARR 50003802 (sz=56, trace=300798, nelems=0, elem type=int[])
OBJ 50003803 (sz=56, trace=300733, class=jdk.internal.org.objectweb.asm.Item@5000118d)
OBJ 50003804 (sz=56, trace=300800, class=jdk.internal.org.objectweb.asm.Item@5000118d)
OBJ 50003805 (sz=56, trace=300801, class=jdk.internal.org.objectweb.asm.Item@5000118d)
OBJ 50003806 (sz=56, trace=300802, class=jdk.internal.org.objectweb.asm.Item@5000118d)
OBJ 50003807 (sz=56, trace=300803, class=jdk.internal.org.objectweb.asm.Item@5000118d)
OBJ 50003808 (sz=56, trace=300804, class=jdk.internal.org.objectweb.asm.Item@5000118d)
OBJ 50003809 (sz=24, trace=300805, class=java.lang.String@50000165)
ARR 5000380a (sz=48, trace=300806, nelems=0, elem type=char[])
OBJ 5000380b (sz=56, trace=300807, class=jdk.internal.org.objectweb.asm.Item@5000118d)
ARR 5000380c (sz=80, trace=300808, nelems=0, elem type=jdk.internal.org.objectweb.asm.Item[]@5000118e)
ARR 5000380d (sz=56, trace=300809, nelems=0, elem type=int[])
ARR 5000380e (sz=96, trace=301102, nelems=0, elem type=int[])
OBJ 5000380f (sz=24, trace=300795, class=java.lang.String@50000165)
ARR 50003810 (sz=40, trace=300462, nelems=0, elem type=char[])
ARR 50003811 (sz=72, trace=300811, nelems=0, elem type=char[])
OBJ 50003812 (sz=24, trace=300812, class=java.lang.String@50000165)
OBJ 50003813 (sz=56, trace=300813, class=jdk.internal.org.objectweb.asm.Item@5000118d)
OBJ 50003814 (sz=56, trace=300814, class=jdk.internal.org.objectweb.asm.Item@5000118d)
OBJ 50003815 (sz=56, trace=300815, class=jdk.internal.org.objectweb.asm.Item@5000118d)
OBJ 50003816 (sz=56, trace=300733, class=jdk.internal.org.objectweb.asm.Item@5000118d)
OBJ 50003817 (sz=56, trace=300800, class=jdk.internal.org.objectweb.asm.Item@5000118d)
ARR 50003818 (sz=1216, trace=301099, nelems=0, elem type=byte[])
OBJ 50003819 (sz=56, trace=300801, class=jdk.internal.org.objectweb.asm.Item@5000118d)
OBJ 5000381a (sz=56, trace=300802, class=jdk.internal.org.objectweb.asm.Item@5000118d)
OBJ 5000381b (sz=56, trace=300803, class=jdk.internal.org.objectweb.asm.Item@5000118d)
OBJ 5000381c (sz=56, trace=300804, class=jdk.internal.org.objectweb.asm.Item@5000118d)
OBJ 5000381d (sz=24, trace=300805, class=java.lang.String@50000165)
ARR 5000381e (sz=48, trace=300806, nelems=0, elem type=char[])
OBJ 5000381f (sz=64, trace=300817, class=jdk.internal.org.objectweb.asm.Label@500011bc)
OBJ 50003820 (sz=48, trace=300818, class=jdk.internal.org.objectweb.asm.Frame@500011be)
ARR 50003821 (sz=416, trace=300819, nelems=0, elem type=char[])
ARR 50003822 (sz=56, trace=300820, nelems=0, elem type=jdk.internal.org.objectweb.asm.Type[]@50001222)
OBJ 50003823 (sz=32, trace=300821, class=jdk.internal.org.objectweb.asm.Type@500011b2)
OBJ 50003824 (sz=32, trace=300821, class=jdk.internal.org.objectweb.asm.Type@500011b2)
OBJ 50003825 (sz=32, trace=300821, class=jdk.internal.org.objectweb.asm.Type@500011b2)
OBJ 50003826 (sz=32, trace=300821, class=jdk.internal.org.objectweb.asm.Type@500011b2)
OBJ 50003827 (sz=32, trace=300821, class=jdk.internal.org.objectweb.asm.Type@500011b2)
OBJ 50003828 (sz=32, trace=300821, class=jdk.internal.org.objectweb.asm.Type@500011b2)
OBJ 50003829 (sz=32, trace=300821, class=jdk.internal.org.objectweb.asm.Type@500011b2)
OBJ 5000382a (sz=32, trace=300821, class=jdk.internal.org.objectweb.asm.Type@500011b2)
OBJ 5000382b (sz=32, trace=300821, class=jdk.internal.org.objectweb.asm.Type@500011b2)
OBJ 5000382c (sz=32, trace=300821, class=jdk.internal.org.objectweb.asm.Type@500011b2)
ARR 5000382d (sz=64, trace=300822, nelems=0, elem type=int[])
ARR 5000382e (sz=16, trace=300823, nelems=0, elem type=int[])
OBJ 5000382f (sz=24, trace=300824, class=java.lang.StringBuffer@50000119)
ARR 50003830 (sz=48, trace=300825, nelems=0, elem type=char[])
ARR 50003831 (sz=88, trace=300826, nelems=0, elem type=char[])
ARR 50003832 (sz=56, trace=300827, nelems=0, elem type=char[])
OBJ 50003833 (sz=24, trace=300828, class=java.lang.String@50000165)
OBJ 50003834 (sz=24, trace=300829, class=java.lang.String@50000165)
ARR 50003835 (sz=48, trace=300806, nelems=0, elem type=char[])
OBJ 50003836 (sz=24, trace=300824, class=java.lang.StringBuffer@50000119)
ARR 50003837 (sz=48, trace=300825, nelems=0, elem type=char[])
ARR 50003838 (sz=88, trace=300826, nelems=0, elem type=char[])
ARR 50003839 (sz=56, trace=300827, nelems=0, elem type=char[])
OBJ 5000383a (sz=24, trace=300828, class=java.lang.String@50000165)
OBJ 5000383b (sz=24, trace=300829, class=java.lang.String@50000165)
ARR 5000383c (sz=48, trace=300806, nelems=0, elem type=char[])
OBJ 5000383d (sz=24, trace=300824, class=java.lang.StringBuffer@50000119)
ARR 5000383e (sz=48, trace=300825, nelems=0, elem type=char[])
ARR 5000383f (sz=88, trace=300826, nelems=0, elem type=char[])
ARR 50003840 (sz=56, trace=300827, nelems=0, elem type=char[])
OBJ 50003841 (sz=24, trace=300828, class=java.lang.String@50000165)
OBJ 50003842 (sz=24, trace=300829, class=java.lang.String@50000165)
ARR 50003843 (sz=48, trace=300806, nelems=0, elem type=char[])
OBJ 50003844 (sz=24, trace=300824, class=java.lang.StringBuffer@50000119)
ARR 50003845 (sz=48, trace=300825, nelems=0, elem type=char[])
ARR 50003846 (sz=88, trace=300826, nelems=0, elem type=char[])
ARR 50003847 (sz=56, trace=300827, nelems=0, elem type=char[])
OBJ 50003848 (sz=24, trace=300828, class=java.lang.String@50000165)
OBJ 50003849 (sz=24, trace=300829, class=java.lang.String@50000165)
ARR 5000384a (sz=48, trace=300806, nelems=0, elem type=char[])
OBJ 5000384b (sz=24, trace=300824, class=java.lang.StringBuffer@50000119)
ARR 5000384c (sz=48, trace=300825, nelems=0, elem type=char[])
ARR 5000384d (sz=88, trace=300826, nelems=0, elem type=char[])
ARR 5000384e (sz=56, trace=300827, nelems=0, elem type=char[])
OBJ 5000384f (sz=24, trace=300828, class=java.lang.String@50000165)
OBJ 50003850 (sz=24, trace=300829, class=java.lang.String@50000165)
ARR 50003851 (sz=48, trace=300806, nelems=0, elem type=char[])
OBJ 50003852 (sz=24, trace=300824, class=java.lang.StringBuffer@50000119)
ARR 50003853 (sz=48, trace=300825, nelems=0, elem type=char[])
ARR 50003854 (sz=88, trace=300826, nelems=0, elem type=char[])
ARR 50003855 (sz=56, trace=300827, nelems=0, elem type=char[])
OBJ 50003856 (sz=24, trace=300828, class=java.lang.String@50000165)
OBJ 50003857 (sz=24, trace=300829, class=java.lang.String@50000165)
ARR 50003858 (sz=48, trace=300806, nelems=0, elem type=char[])
OBJ 50003859 (sz=24, trace=300824, class=java.lang.StringBuffer@50000119)
ARR 5000385a (sz=48, trace=300825, nelems=0, elem type=char[])
ARR 5000385b (sz=88, trace=300826, nelems=0, elem type=char[])
ARR 5000385c (sz=56, trace=300827, nelems=0, elem type=char[])
OBJ 5000385d (sz=24, trace=300828, class=java.lang.String@50000165)
OBJ 5000385e (sz=24, trace=300829, class=java.lang.String@50000165)
ARR 5000385f (sz=48, trace=300806, nelems=0, elem type=char[])
OBJ 50003860 (sz=24, trace=300824, class=java.lang.StringBuffer@50000119)
ARR 50003861 (sz=48, trace=300825, nelems=0, elem type=char[])
ARR 50003862 (sz=88, trace=300826, nelems=0, elem type=char[])
ARR 50003863 (sz=56, trace=300827, nelems=0, elem type=char[])
OBJ 50003864 (sz=24, trace=300828, class=java.lang.String@50000165)
OBJ 50003865 (sz=24, trace=300829, class=java.lang.String@50000165)
ARR 50003866 (sz=48, trace=300806, nelems=0, elem type=char[])
OBJ 50003867 (sz=24, trace=300824, class=java.lang.StringBuffer@50000119)
ARR 50003868 (sz=48, trace=300825, nelems=0, elem type=char[])
ARR 50003869 (sz=88, trace=300826, nelems=0, elem type=char[])
ARR 5000386a (sz=56, trace=300827, nelems=0, elem type=char[])
OBJ 5000386b (sz=24, trace=300828, class=java.lang.String@50000165)
OBJ 5000386c (sz=24, trace=300829, class=java.lang.String@50000165)
ARR 5000386d (sz=48, trace=300806, nelems=0, elem type=char[])
OBJ 5000386e (sz=24, trace=300824, class=java.lang.StringBuffer@50000119)
ARR 5000386f (sz=48, trace=300825, nelems=0, elem type=char[])
ARR 50003870 (sz=88, trace=300826, nelems=0, elem type=char[])
ARR 50003871 (sz=56, trace=300827, nelems=0, elem type=char[])
OBJ 50003872 (sz=24, trace=300828, class=java.lang.String@50000165)
OBJ 50003873 (sz=24, trace=300829, class=java.lang.String@50000165)
ARR 50003874 (sz=48, trace=300806, nelems=0, elem type=char[])
ARR 50003875 (sz=72, trace=300830, nelems=0, elem type=int[])
ARR 50003876 (sz=24, trace=300831, nelems=0, elem type=java.lang.Object[]@500000ff)
OBJ 50003877 (sz=56, trace=300832, class=jdk.internal.org.objectweb.asm.Item@5000118d)
OBJ 50003878 (sz=56, trace=300833, class=jdk.internal.org.objectweb.asm.Item@5000118d)
OBJ 50003879 (sz=56, trace=300834, class=jdk.internal.org.objectweb.asm.Item@5000118d)
OBJ 5000387a (sz=24, trace=300835, class=jdk.internal.org.objectweb.asm.ByteVector@5000118a)
ARR 5000387b (sz=1008, trace=300836, nelems=0, elem type=byte[])
ARR 5000387c (sz=128, trace=300837, nelems=0, elem type=java.lang.Object[]@500000ff)
OBJ 5000387d (sz=16, trace=300839, class=java.util.HashMap$Values@5000123e)
OBJ 5000387e (sz=40, trace=300841, class=java.util.HashMap$ValueIterator@50001241)
OBJ 50003880 (sz=56, trace=300843, class=java.lang.invoke.MemberName@50000124)
OBJ 50003881 (sz=40, trace=300844, class=java.lang.ref.SoftReference@50000149)
	referent	500037c1
	queue		50006b4d
OBJ 50003882 (sz=32, trace=300865, class=java.lang.invoke.DirectMethodHandle@50000125)
	type		5000379c
	form		500037c1
	member		50006ff5
ARR 50003883 (sz=24, trace=301038, nelems=0, elem type=java.lang.Class[]@500000fa)
OBJ 50003884 (sz=40, trace=300519, class=java.lang.invoke.MethodType@50000121)
OBJ 50003885 (sz=32, trace=300443, class=java.lang.invoke.MethodType$ConcurrentWeakInternSet$WeakEntry@50000b5f)
ARR 50003886 (sz=64, trace=301039, nelems=0, elem type=java.lang.invoke.LambdaForm$Name[]@50000fce)
OBJ 50003887 (sz=32, trace=301040, class=java.lang.invoke.LambdaForm$Name@50000f62)
	type		50000f5a
	constraint	50002302
ARR 50003888 (sz=24, trace=301041, nelems=0, elem type=java.lang.Object[]@500000ff)
ARR 50003889 (sz=24, trace=300907, nelems=0, elem type=java.lang.Class[]@500000fa)
OBJ 5000388a (sz=40, trace=300860, class=java.lang.invoke.MethodType@50000121)
OBJ 5000388b (sz=32, trace=300443, class=java.lang.invoke.MethodType$ConcurrentWeakInternSet$WeakEntry@50000b5f)
ARR 5000388c (sz=24, trace=301042, nelems=1, elem type=java.lang.Object[]@500000ff)
	[0]		50003887
OBJ 5000388d (sz=32, trace=301043, class=java.lang.invoke.LambdaForm$Name@50000f62)
	type		50000f5a
	function	5000230a
	arguments	5000388c
ARR 5000388e (sz=56, trace=301044, nelems=0, elem type=java.lang.Object[]@500000ff)
OBJ 5000388f (sz=24, trace=301045, class=java.lang.invoke.LambdaForm$NamedFunction@50000f99)
	member		50006df6
	resolvedHandle	500039dd
OBJ 50003890 (sz=24, trace=301064, class=java.lang.invoke.Invokers@50000b5b)
	targetType	500032c1
	invokers	50003891
ARR 50003891 (sz=32, trace=301065, nelems=3, elem type=java.lang.invoke.MethodHandle[]@5000018c)
	[2]		500039dd
OBJ 50003892 (sz=56, trace=301066, class=java.lang.invoke.MemberName@50000124)
ARR 50003893 (sz=24, trace=301067, nelems=0, elem type=java.lang.Class[]@500000fa)
OBJ 50003894 (sz=40, trace=300857, class=java.lang.invoke.MethodType@50000121)
OBJ 50003895 (sz=32, trace=300443, class=java.lang.invoke.MethodType$ConcurrentWeakInternSet$WeakEntry@50000b5f)
ARR 50003896 (sz=24, trace=300859, nelems=0, elem type=java.lang.Class[]@500000fa)
OBJ 50003897 (sz=40, trace=300860, class=java.lang.invoke.MethodType@50000121)
OBJ 50003898 (sz=32, trace=300443, class=java.lang.invoke.MethodType$ConcurrentWeakInternSet$WeakEntry@50000b5f)
ARR 50003899 (sz=24, trace=300512, nelems=0, elem type=java.lang.Class[]@500000fa)
OBJ 5000389a (sz=40, trace=300514, class=java.lang.invoke.MethodType@50000121)
OBJ 5000389b (sz=32, trace=300443, class=java.lang.invoke.MethodType$ConcurrentWeakInternSet$WeakEntry@50000b5f)
OBJ 5000389c (sz=40, trace=300515, class=java.lang.invoke.MethodType@50000121)
	rtype		50000169
	ptypes		50006f62
	form		500038a0
	methodDescriptor	50003967
OBJ 5000389d (sz=40, trace=300445, class=java.lang.invoke.MethodType@50000121)
OBJ 5000389e (sz=32, trace=300443, class=java.lang.invoke.MethodType$ConcurrentWeakInternSet$WeakEntry@50000b5f)
OBJ 5000389f (sz=40, trace=300446, class=java.lang.invoke.MethodType@50000121)
	rtype		50000169
	ptypes		50006dfb
	form		500038a0
	methodDescriptor	50003915
OBJ 500038a0 (sz=56, trace=300447, class=java.lang.invoke.MethodTypeForm@50000b5a)
	argToSlotTable	500038a2
	slotToArgTable	500038a1
	erasedType	5000389f
	basicType	5000389f
	methodHandles	500038a4
	lambdaForms	500038a3
ARR 500038a1 (sz=48, trace=300448, nelems=12, elem type=int[])
ARR 500038a2 (sz=48, trace=300449, nelems=12, elem type=int[])
ARR 500038a3 (sz=88, trace=300450, nelems=3, elem type=java.lang.ref.SoftReference[]@50000b68)
	[1]		50003f81
	[2]		50003d09
ARR 500038a4 (sz=32, trace=300451, nelems=0, elem type=java.lang.ref.SoftReference[]@50000b68)
OBJ 500038a5 (sz=32, trace=300452, class=java.lang.invoke.MethodType$ConcurrentWeakInternSet$WeakEntry@50000b5f)
	referent	5000389f
	queue		50000b52
OBJ 500038a6 (sz=32, trace=300454, class=java.util.concurrent.ConcurrentHashMap$Node@50000021)
	key		500038a5
	val		500038a5
	next		5000462b
OBJ 500038a7 (sz=32, trace=300452, class=java.lang.invoke.MethodType$ConcurrentWeakInternSet$WeakEntry@50000b5f)
	referent	5000389c
	queue		50000b52
OBJ 500038a8 (sz=32, trace=300454, class=java.util.concurrent.ConcurrentHashMap$Node@50000021)
	key		500038a7
	val		500038a7
OBJ 500038a9 (sz=56, trace=300516, class=java.lang.invoke.MemberName@50000124)
ARR 500038aa (sz=24, trace=300518, nelems=0, elem type=java.lang.Class[]@500000fa)
OBJ 500038ab (sz=40, trace=300519, class=java.lang.invoke.MethodType@50000121)
OBJ 500038ac (sz=32, trace=300443, class=java.lang.invoke.MethodType$ConcurrentWeakInternSet$WeakEntry@50000b5f)
OBJ 500038ad (sz=40, trace=300520, class=java.lang.invoke.MethodType@50000121)
	rtype		50000169
	ptypes		50006dfa
	form		500038a0
OBJ 500038ae (sz=40, trace=300445, class=java.lang.invoke.MethodType@50000121)
OBJ 500038af (sz=32, trace=300443, class=java.lang.invoke.MethodType$ConcurrentWeakInternSet$WeakEntry@50000b5f)
OBJ 500038b0 (sz=32, trace=300452, class=java.lang.invoke.MethodType$ConcurrentWeakInternSet$WeakEntry@50000b5f)
	referent	500038ad
	queue		50000b52
OBJ 500038b1 (sz=32, trace=300454, class=java.util.concurrent.ConcurrentHashMap$Node@50000021)
	key		500038b0
	val		500038b0
ARR 500038b2 (sz=72, trace=300623, nelems=0, elem type=java.lang.invoke.LambdaForm$Name[]@50000fce)
OBJ 500038b3 (sz=32, trace=301103, class=java.lang.invoke.LambdaForm$Name@50000f62)
	type		50000f5a
ARR 500038b4 (sz=24, trace=300674, nelems=0, elem type=java.lang.Object[]@500000ff)
ARR 500038b5 (sz=24, trace=300675, nelems=1, elem type=java.lang.Object[]@500000ff)
	[0]		50000f65
OBJ 500038b6 (sz=32, trace=300676, class=java.lang.invoke.LambdaForm$Name@50000f62)
	type		50000f5a
	function	50001105
	arguments	500038b5
ARR 500038b7 (sz=64, trace=300677, nelems=0, elem type=java.lang.Object[]@500000ff)
OBJ 500038b8 (sz=24, trace=300678, class=java.lang.invoke.LambdaForm$NamedFunction@50000f99)
	member		50006f61
ARR 500038b9 (sz=64, trace=300679, nelems=11, elem type=java.lang.Object[]@500000ff)
	[0]		50000f66
	[1]		50000f67
	[2]		50000f68
	[3]		50000f69
	[4]		50000f6a
	[5]		50000f6b
	[6]		50000f6c
	[7]		50000f6d
	[8]		50000f6e
	[9]		500038b3
	[10]		500038b6
OBJ 500038ba (sz=32, trace=300680, class=java.lang.invoke.LambdaForm$Name@50000f62)
	type		50000f5a
	function	500038b8
	arguments	500038b9
OBJ 500038bb (sz=24, trace=300681, class=java.lang.StringBuilder@50000118)
ARR 500038bc (sz=48, trace=300682, nelems=0, elem type=char[])
ARR 500038bd (sz=88, trace=300010, nelems=0, elem type=char[])
ARR 500038be (sz=40, trace=300683, nelems=0, elem type=char[])
OBJ 500038bf (sz=24, trace=300685, class=java.util.Arrays$ArrayList@5000115f)
OBJ 500038c0 (sz=24, trace=300686, class=java.util.Collections$UnmodifiableRandomAccessList@500000ca)
OBJ 500038c1 (sz=24, trace=300688, class=java.util.Collections$UnmodifiableCollection$1@50001162)
OBJ 500038c2 (sz=32, trace=300690, class=java.util.AbstractList$Itr@50001164)
OBJ 500038c3 (sz=24, trace=300691, class=java.lang.String@50000165)
ARR 500038c4 (sz=40, trace=300692, nelems=0, elem type=char[])
OBJ 500038c5 (sz=24, trace=300861, class=java.lang.StringBuilder@50000118)
ARR 500038c6 (sz=48, trace=300862, nelems=0, elem type=char[])
OBJ 500038c7 (sz=24, trace=300863, class=java.lang.String@50000165)
ARR 500038c8 (sz=32, trace=300864, nelems=0, elem type=char[])
OBJ 500038c9 (sz=24, trace=300693, class=java.lang.String@50000165)
	value		500038ca
ARR 500038ca (sz=46, trace=300694, nelems=23, elem type=char[])
OBJ 500038cb (sz=48, trace=300695, class=java.lang.invoke.LambdaForm@50000122)
	names		50006f60
	debugName	500038c9
	vmentry		50006f5f
OBJ 500038cc (sz=24, trace=300696, class=java.lang.StringBuilder@50000118)
ARR 500038cd (sz=48, trace=300697, nelems=0, elem type=char[])
OBJ 500038ce (sz=24, trace=300698, class=java.lang.String@50000165)
ARR 500038cf (sz=48, trace=300699, nelems=0, elem type=char[])
ARR 500038d0 (sz=64, trace=300700, nelems=0, elem type=java.lang.Class[]@500000fa)
OBJ 500038d1 (sz=40, trace=300701, class=java.lang.invoke.MethodType@50000121)
OBJ 500038d2 (sz=32, trace=300443, class=java.lang.invoke.MethodType$ConcurrentWeakInternSet$WeakEntry@50000b5f)
OBJ 500038d3 (sz=64, trace=300704, class=java.lang.invoke.InvokerBytecodeGenerator@50001172)
OBJ 500038d4 (sz=48, trace=300705, class=java.util.HashMap@500000bd)
OBJ 500038d5 (sz=24, trace=300706, class=java.lang.String@50000165)
ARR 500038d6 (sz=24, trace=300707, nelems=0, elem type=char[])
OBJ 500038d7 (sz=24, trace=300708, class=java.lang.String@50000165)
	value		500038d8
ARR 500038d8 (sz=38, trace=300709, nelems=19, elem type=char[])
OBJ 500038d9 (sz=24, trace=300710, class=java.lang.StringBuilder@50000118)
ARR 500038da (sz=48, trace=300711, nelems=0, elem type=char[])
ARR 500038db (sz=88, trace=300010, nelems=0, elem type=char[])
OBJ 500038dc (sz=24, trace=300712, class=java.lang.String@50000165)
ARR 500038dd (sz=80, trace=300713, nelems=0, elem type=char[])
OBJ 500038de (sz=24, trace=300714, class=java.lang.StringBuilder@50000118)
ARR 500038df (sz=48, trace=300715, nelems=0, elem type=char[])
OBJ 500038e0 (sz=24, trace=300716, class=java.lang.String@50000165)
ARR 500038e1 (sz=48, trace=300717, nelems=0, elem type=char[])
ARR 500038e2 (sz=72, trace=300718, nelems=0, elem type=int[])
ARR 500038e3 (sz=72, trace=300719, nelems=0, elem type=java.lang.invoke.LambdaForm$BasicType[]@50000f60)
ARR 500038e4 (sz=72, trace=300720, nelems=0, elem type=java.lang.Class[]@500000fa)
OBJ 500038e5 (sz=168, trace=300723, class=jdk.internal.org.objectweb.asm.ClassWriter@50001187)
OBJ 500038e6 (sz=24, trace=300725, class=jdk.internal.org.objectweb.asm.ByteVector@5000118a)
ARR 500038e7 (sz=80, trace=300726, nelems=0, elem type=byte[])
ARR 500038e8 (sz=1040, trace=300728, nelems=0, elem type=jdk.internal.org.objectweb.asm.Item[]@5000118e)
OBJ 500038e9 (sz=56, trace=300729, class=jdk.internal.org.objectweb.asm.Item@5000118d)
OBJ 500038ea (sz=56, trace=300730, class=jdk.internal.org.objectweb.asm.Item@5000118d)
OBJ 500038eb (sz=56, trace=300731, class=jdk.internal.org.objectweb.asm.Item@5000118d)
OBJ 500038ec (sz=56, trace=300732, class=jdk.internal.org.objectweb.asm.Item@5000118d)
OBJ 500038ed (sz=56, trace=300733, class=jdk.internal.org.objectweb.asm.Item@5000118d)
OBJ 500038ee (sz=56, trace=300734, class=jdk.internal.org.objectweb.asm.Item@5000118d)
OBJ 500038ef (sz=56, trace=300733, class=jdk.internal.org.objectweb.asm.Item@5000118d)
OBJ 500038f0 (sz=56, trace=300735, class=jdk.internal.org.objectweb.asm.Item@5000118d)
ARR 500038f1 (sz=144, trace=300736, nelems=0, elem type=byte[])
OBJ 500038f2 (sz=56, trace=300737, class=jdk.internal.org.objectweb.asm.Item@5000118d)
OBJ 500038f3 (sz=24, trace=300685, class=java.util.Arrays$ArrayList@5000115f)
OBJ 500038f4 (sz=24, trace=300686, class=java.util.Collections$UnmodifiableRandomAccessList@500000ca)
OBJ 500038f5 (sz=24, trace=300738, class=java.lang.StringBuilder@50000118)
ARR 500038f6 (sz=48, trace=300739, nelems=0, elem type=char[])
OBJ 500038f7 (sz=24, trace=300740, class=java.util.Collections$UnmodifiableCollection$1@50001162)
OBJ 500038f8 (sz=32, trace=300690, class=java.util.AbstractList$Itr@50001164)
ARR 500038f9 (sz=48, trace=300741, nelems=0, elem type=char[])
OBJ 500038fa (sz=24, trace=300742, class=java.lang.String@50000165)
ARR 500038fb (sz=88, trace=300010, nelems=0, elem type=char[])
ARR 500038fc (sz=48, trace=300741, nelems=0, elem type=char[])
OBJ 500038fd (sz=24, trace=300742, class=java.lang.String@50000165)
ARR 500038fe (sz=160, trace=300010, nelems=0, elem type=char[])
ARR 500038ff (sz=48, trace=300741, nelems=0, elem type=char[])
OBJ 50003900 (sz=24, trace=300742, class=java.lang.String@50000165)
ARR 50003901 (sz=48, trace=300741, nelems=0, elem type=char[])
OBJ 50003902 (sz=24, trace=300742, class=java.lang.String@50000165)
ARR 50003903 (sz=304, trace=300010, nelems=0, elem type=char[])
ARR 50003904 (sz=48, trace=300741, nelems=0, elem type=char[])
OBJ 50003905 (sz=24, trace=300742, class=java.lang.String@50000165)
ARR 50003906 (sz=48, trace=300741, nelems=0, elem type=char[])
OBJ 50003907 (sz=24, trace=300742, class=java.lang.String@50000165)
ARR 50003908 (sz=48, trace=300741, nelems=0, elem type=char[])
OBJ 50003909 (sz=24, trace=300742, class=java.lang.String@50000165)
ARR 5000390a (sz=48, trace=300741, nelems=0, elem type=char[])
OBJ 5000390b (sz=24, trace=300742, class=java.lang.String@50000165)
ARR 5000390c (sz=592, trace=300010, nelems=0, elem type=char[])
ARR 5000390d (sz=48, trace=300741, nelems=0, elem type=char[])
OBJ 5000390e (sz=24, trace=300742, class=java.lang.String@50000165)
ARR 5000390f (sz=48, trace=300741, nelems=0, elem type=char[])
OBJ 50003910 (sz=24, trace=300742, class=java.lang.String@50000165)
ARR 50003911 (sz=48, trace=300741, nelems=0, elem type=char[])
OBJ 50003912 (sz=24, trace=300742, class=java.lang.String@50000165)
ARR 50003913 (sz=48, trace=300743, nelems=0, elem type=char[])
OBJ 50003914 (sz=24, trace=300744, class=java.lang.String@50000165)
OBJ 50003915 (sz=24, trace=300745, class=java.lang.String@50000165)
	value		50003916
ARR 50003916 (sz=436, trace=300746, nelems=218, elem type=char[])
OBJ 50003917 (sz=224, trace=300748, class=jdk.internal.org.objectweb.asm.MethodWriter@500011ab)
OBJ 50003918 (sz=24, trace=300749, class=jdk.internal.org.objectweb.asm.ByteVector@5000118a)
ARR 50003919 (sz=80, trace=300750, nelems=0, elem type=byte[])
OBJ 5000391a (sz=56, trace=300751, class=jdk.internal.org.objectweb.asm.Item@5000118d)
ARR 5000391b (sz=336, trace=300752, nelems=0, elem type=byte[])
OBJ 5000391c (sz=56, trace=300753, class=jdk.internal.org.objectweb.asm.Item@5000118d)
OBJ 5000391d (sz=64, trace=300765, class=jdk.internal.org.objectweb.asm.Label@500011bc)
OBJ 5000391e (sz=48, trace=300768, class=jdk.internal.org.objectweb.asm.Frame@500011be)
OBJ 5000391f (sz=24, trace=300769, class=jdk.internal.org.objectweb.asm.ByteVector@5000118a)
ARR 50003920 (sz=80, trace=300770, nelems=0, elem type=byte[])
ARR 50003921 (sz=656, trace=301101, nelems=0, elem type=byte[])
OBJ 50003922 (sz=56, trace=300771, class=jdk.internal.org.objectweb.asm.Item@5000118d)
OBJ 50003923 (sz=56, trace=300773, class=jdk.internal.org.objectweb.asm.AnnotationWriter@500011c5)
OBJ 50003924 (sz=24, trace=300774, class=jdk.internal.org.objectweb.asm.ByteVector@5000118a)
ARR 50003925 (sz=80, trace=300775, nelems=0, elem type=byte[])
OBJ 50003926 (sz=56, trace=300776, class=jdk.internal.org.objectweb.asm.Item@5000118d)
OBJ 50003927 (sz=56, trace=300773, class=jdk.internal.org.objectweb.asm.AnnotationWriter@500011c5)
OBJ 50003928 (sz=24, trace=300777, class=jdk.internal.org.objectweb.asm.ByteVector@5000118a)
ARR 50003929 (sz=80, trace=300778, nelems=0, elem type=byte[])
OBJ 5000392a (sz=56, trace=300780, class=jdk.internal.org.objectweb.asm.Item@5000118d)
OBJ 5000392b (sz=56, trace=300773, class=jdk.internal.org.objectweb.asm.AnnotationWriter@500011c5)
OBJ 5000392c (sz=24, trace=300795, class=java.lang.String@50000165)
ARR 5000392d (sz=56, trace=300462, nelems=0, elem type=char[])
ARR 5000392e (sz=88, trace=300796, nelems=0, elem type=char[])
OBJ 5000392f (sz=24, trace=300797, class=java.lang.String@50000165)
ARR 50003930 (sz=56, trace=300798, nelems=0, elem type=int[])
OBJ 50003931 (sz=56, trace=300733, class=jdk.internal.org.objectweb.asm.Item@5000118d)
OBJ 50003932 (sz=56, trace=300800, class=jdk.internal.org.objectweb.asm.Item@5000118d)
OBJ 50003933 (sz=56, trace=300801, class=jdk.internal.org.objectweb.asm.Item@5000118d)
OBJ 50003934 (sz=56, trace=300802, class=jdk.internal.org.objectweb.asm.Item@5000118d)
OBJ 50003935 (sz=56, trace=300803, class=jdk.internal.org.objectweb.asm.Item@5000118d)
OBJ 50003936 (sz=56, trace=300804, class=jdk.internal.org.objectweb.asm.Item@5000118d)
OBJ 50003937 (sz=24, trace=300805, class=java.lang.String@50000165)
ARR 50003938 (sz=48, trace=300806, nelems=0, elem type=char[])
OBJ 50003939 (sz=56, trace=300807, class=jdk.internal.org.objectweb.asm.Item@5000118d)
ARR 5000393a (sz=80, trace=300808, nelems=0, elem type=jdk.internal.org.objectweb.asm.Item[]@5000118e)
ARR 5000393b (sz=56, trace=300809, nelems=0, elem type=int[])
ARR 5000393c (sz=96, trace=301102, nelems=0, elem type=int[])
OBJ 5000393d (sz=24, trace=300795, class=java.lang.String@50000165)
ARR 5000393e (sz=40, trace=300462, nelems=0, elem type=char[])
ARR 5000393f (sz=96, trace=301104, nelems=0, elem type=int[])
ARR 50003940 (sz=72, trace=300811, nelems=0, elem type=char[])
OBJ 50003941 (sz=24, trace=300812, class=java.lang.String@50000165)
OBJ 50003942 (sz=56, trace=300813, class=jdk.internal.org.objectweb.asm.Item@5000118d)
OBJ 50003943 (sz=56, trace=300814, class=jdk.internal.org.objectweb.asm.Item@5000118d)
OBJ 50003944 (sz=56, trace=300815, class=jdk.internal.org.objectweb.asm.Item@5000118d)
OBJ 50003945 (sz=24, trace=300685, class=java.util.Arrays$ArrayList@5000115f)
OBJ 50003946 (sz=24, trace=300686, class=java.util.Collections$UnmodifiableRandomAccessList@500000ca)
OBJ 50003947 (sz=24, trace=300738, class=java.lang.StringBuilder@50000118)
ARR 50003948 (sz=48, trace=300739, nelems=0, elem type=char[])
OBJ 50003949 (sz=24, trace=300740, class=java.util.Collections$UnmodifiableCollection$1@50001162)
OBJ 5000394a (sz=32, trace=300690, class=java.util.AbstractList$Itr@50001164)
ARR 5000394b (sz=48, trace=300741, nelems=0, elem type=char[])
OBJ 5000394c (sz=24, trace=300742, class=java.lang.String@50000165)
ARR 5000394d (sz=88, trace=300010, nelems=0, elem type=char[])
ARR 5000394e (sz=48, trace=300741, nelems=0, elem type=char[])
OBJ 5000394f (sz=24, trace=300742, class=java.lang.String@50000165)
ARR 50003950 (sz=160, trace=300010, nelems=0, elem type=char[])
ARR 50003951 (sz=48, trace=300741, nelems=0, elem type=char[])
OBJ 50003952 (sz=24, trace=300742, class=java.lang.String@50000165)
ARR 50003953 (sz=48, trace=300741, nelems=0, elem type=char[])
OBJ 50003954 (sz=24, trace=300742, class=java.lang.String@50000165)
ARR 50003955 (sz=304, trace=300010, nelems=0, elem type=char[])
ARR 50003956 (sz=48, trace=300741, nelems=0, elem type=char[])
OBJ 50003957 (sz=24, trace=300742, class=java.lang.String@50000165)
ARR 50003958 (sz=48, trace=300741, nelems=0, elem type=char[])
OBJ 50003959 (sz=24, trace=300742, class=java.lang.String@50000165)
ARR 5000395a (sz=48, trace=300741, nelems=0, elem type=char[])
OBJ 5000395b (sz=24, trace=300742, class=java.lang.String@50000165)
ARR 5000395c (sz=48, trace=300741, nelems=0, elem type=char[])
OBJ 5000395d (sz=24, trace=300742, class=java.lang.String@50000165)
ARR 5000395e (sz=592, trace=300010, nelems=0, elem type=char[])
ARR 5000395f (sz=48, trace=300741, nelems=0, elem type=char[])
OBJ 50003960 (sz=24, trace=300742, class=java.lang.String@50000165)
ARR 50003961 (sz=48, trace=300741, nelems=0, elem type=char[])
OBJ 50003962 (sz=24, trace=300742, class=java.lang.String@50000165)
ARR 50003963 (sz=72, trace=300741, nelems=0, elem type=char[])
OBJ 50003964 (sz=24, trace=300742, class=java.lang.String@50000165)
ARR 50003965 (sz=48, trace=300743, nelems=0, elem type=char[])
OBJ 50003966 (sz=24, trace=300744, class=java.lang.String@50000165)
OBJ 50003967 (sz=24, trace=300745, class=java.lang.String@50000165)
	value		50003968
ARR 50003968 (sz=458, trace=300746, nelems=229, elem type=char[])
OBJ 50003969 (sz=56, trace=300733, class=jdk.internal.org.objectweb.asm.Item@5000118d)
OBJ 5000396a (sz=56, trace=300800, class=jdk.internal.org.objectweb.asm.Item@5000118d)
OBJ 5000396b (sz=56, trace=300801, class=jdk.internal.org.objectweb.asm.Item@5000118d)
ARR 5000396c (sz=1296, trace=300816, nelems=0, elem type=byte[])
OBJ 5000396d (sz=56, trace=300802, class=jdk.internal.org.objectweb.asm.Item@5000118d)
OBJ 5000396e (sz=56, trace=300803, class=jdk.internal.org.objectweb.asm.Item@5000118d)
OBJ 5000396f (sz=56, trace=300804, class=jdk.internal.org.objectweb.asm.Item@5000118d)
OBJ 50003970 (sz=24, trace=300805, class=java.lang.String@50000165)
ARR 50003971 (sz=48, trace=300806, nelems=0, elem type=char[])
OBJ 50003972 (sz=64, trace=300817, class=jdk.internal.org.objectweb.asm.Label@500011bc)
OBJ 50003973 (sz=48, trace=300818, class=jdk.internal.org.objectweb.asm.Frame@500011be)
ARR 50003974 (sz=456, trace=300819, nelems=0, elem type=char[])
ARR 50003975 (sz=64, trace=300820, nelems=0, elem type=jdk.internal.org.objectweb.asm.Type[]@50001222)
OBJ 50003976 (sz=32, trace=300821, class=jdk.internal.org.objectweb.asm.Type@500011b2)
OBJ 50003977 (sz=32, trace=300821, class=jdk.internal.org.objectweb.asm.Type@500011b2)
OBJ 50003978 (sz=32, trace=300821, class=jdk.internal.org.objectweb.asm.Type@500011b2)
OBJ 50003979 (sz=32, trace=300821, class=jdk.internal.org.objectweb.asm.Type@500011b2)
OBJ 5000397a (sz=32, trace=300821, class=jdk.internal.org.objectweb.asm.Type@500011b2)
OBJ 5000397b (sz=32, trace=300821, class=jdk.internal.org.objectweb.asm.Type@500011b2)
OBJ 5000397c (sz=32, trace=300821, class=jdk.internal.org.objectweb.asm.Type@500011b2)
OBJ 5000397d (sz=32, trace=300821, class=jdk.internal.org.objectweb.asm.Type@500011b2)
OBJ 5000397e (sz=32, trace=300821, class=jdk.internal.org.objectweb.asm.Type@500011b2)
OBJ 5000397f (sz=32, trace=300821, class=jdk.internal.org.objectweb.asm.Type@500011b2)
OBJ 50003980 (sz=32, trace=300821, class=jdk.internal.org.objectweb.asm.Type@500011b2)
ARR 50003981 (sz=64, trace=300822, nelems=0, elem type=int[])
ARR 50003982 (sz=16, trace=300823, nelems=0, elem type=int[])
OBJ 50003983 (sz=24, trace=300824, class=java.lang.StringBuffer@50000119)
ARR 50003984 (sz=48, trace=300825, nelems=0, elem type=char[])
ARR 50003985 (sz=88, trace=300826, nelems=0, elem type=char[])
ARR 50003986 (sz=56, trace=300827, nelems=0, elem type=char[])
OBJ 50003987 (sz=24, trace=300828, class=java.lang.String@50000165)
OBJ 50003988 (sz=24, trace=300829, class=java.lang.String@50000165)
ARR 50003989 (sz=48, trace=300806, nelems=0, elem type=char[])
OBJ 5000398a (sz=24, trace=300824, class=java.lang.StringBuffer@50000119)
ARR 5000398b (sz=48, trace=300825, nelems=0, elem type=char[])
ARR 5000398c (sz=88, trace=300826, nelems=0, elem type=char[])
ARR 5000398d (sz=56, trace=300827, nelems=0, elem type=char[])
OBJ 5000398e (sz=24, trace=300828, class=java.lang.String@50000165)
OBJ 5000398f (sz=24, trace=300829, class=java.lang.String@50000165)
ARR 50003990 (sz=48, trace=300806, nelems=0, elem type=char[])
OBJ 50003991 (sz=24, trace=300824, class=java.lang.StringBuffer@50000119)
ARR 50003992 (sz=48, trace=300825, nelems=0, elem type=char[])
ARR 50003993 (sz=88, trace=300826, nelems=0, elem type=char[])
ARR 50003994 (sz=56, trace=300827, nelems=0, elem type=char[])
OBJ 50003995 (sz=24, trace=300828, class=java.lang.String@50000165)
OBJ 50003996 (sz=24, trace=300829, class=java.lang.String@50000165)
ARR 50003997 (sz=48, trace=300806, nelems=0, elem type=char[])
OBJ 50003998 (sz=24, trace=300824, class=java.lang.StringBuffer@50000119)
ARR 50003999 (sz=48, trace=300825, nelems=0, elem type=char[])
ARR 5000399a (sz=88, trace=300826, nelems=0, elem type=char[])
ARR 5000399b (sz=56, trace=300827, nelems=0, elem type=char[])
OBJ 5000399c (sz=24, trace=300828, class=java.lang.String@50000165)
OBJ 5000399d (sz=24, trace=300829, class=java.lang.String@50000165)
ARR 5000399e (sz=48, trace=300806, nelems=0, elem type=char[])
OBJ 5000399f (sz=24, trace=300824, class=java.lang.StringBuffer@50000119)
ARR 500039a0 (sz=48, trace=300825, nelems=0, elem type=char[])
ARR 500039a1 (sz=88, trace=300826, nelems=0, elem type=char[])
ARR 500039a2 (sz=56, trace=300827, nelems=0, elem type=char[])
OBJ 500039a3 (sz=24, trace=300828, class=java.lang.String@50000165)
OBJ 500039a4 (sz=24, trace=300829, class=java.lang.String@50000165)
ARR 500039a5 (sz=48, trace=300806, nelems=0, elem type=char[])
OBJ 500039a6 (sz=24, trace=300824, class=java.lang.StringBuffer@50000119)
ARR 500039a7 (sz=48, trace=300825, nelems=0, elem type=char[])
ARR 500039a8 (sz=88, trace=300826, nelems=0, elem type=char[])
ARR 500039a9 (sz=56, trace=300827, nelems=0, elem type=char[])
OBJ 500039aa (sz=24, trace=300828, class=java.lang.String@50000165)
OBJ 500039ab (sz=24, trace=300829, class=java.lang.String@50000165)
ARR 500039ac (sz=48, trace=300806, nelems=0, elem type=char[])
OBJ 500039ad (sz=24, trace=300824, class=java.lang.StringBuffer@50000119)
ARR 500039ae (sz=48, trace=300825, nelems=0, elem type=char[])
ARR 500039af (sz=88, trace=300826, nelems=0, elem type=char[])
ARR 500039b0 (sz=56, trace=300827, nelems=0, elem type=char[])
OBJ 500039b1 (sz=24, trace=300828, class=java.lang.String@50000165)
OBJ 500039b2 (sz=24, trace=300829, class=java.lang.String@50000165)
ARR 500039b3 (sz=48, trace=300806, nelems=0, elem type=char[])
OBJ 500039b4 (sz=24, trace=300824, class=java.lang.StringBuffer@50000119)
ARR 500039b5 (sz=48, trace=300825, nelems=0, elem type=char[])
ARR 500039b6 (sz=88, trace=300826, nelems=0, elem type=char[])
ARR 500039b7 (sz=56, trace=300827, nelems=0, elem type=char[])
OBJ 500039b8 (sz=24, trace=300828, class=java.lang.String@50000165)
OBJ 500039b9 (sz=24, trace=300829, class=java.lang.String@50000165)
ARR 500039ba (sz=48, trace=300806, nelems=0, elem type=char[])
OBJ 500039bb (sz=24, trace=300824, class=java.lang.StringBuffer@50000119)
ARR 500039bc (sz=48, trace=300825, nelems=0, elem type=char[])
ARR 500039bd (sz=88, trace=300826, nelems=0, elem type=char[])
ARR 500039be (sz=56, trace=300827, nelems=0, elem type=char[])
OBJ 500039bf (sz=24, trace=300828, class=java.lang.String@50000165)
OBJ 500039c0 (sz=24, trace=300829, class=java.lang.String@50000165)
ARR 500039c1 (sz=48, trace=300806, nelems=0, elem type=char[])
OBJ 500039c2 (sz=24, trace=300824, class=java.lang.StringBuffer@50000119)
ARR 500039c3 (sz=48, trace=300825, nelems=0, elem type=char[])
ARR 500039c4 (sz=88, trace=300826, nelems=0, elem type=char[])
ARR 500039c5 (sz=56, trace=300827, nelems=0, elem type=char[])
OBJ 500039c6 (sz=24, trace=300828, class=java.lang.String@50000165)
OBJ 500039c7 (sz=24, trace=300829, class=java.lang.String@50000165)
ARR 500039c8 (sz=48, trace=300806, nelems=0, elem type=char[])
OBJ 500039c9 (sz=24, trace=300824, class=java.lang.StringBuffer@50000119)
ARR 500039ca (sz=48, trace=300825, nelems=0, elem type=char[])
ARR 500039cb (sz=88, trace=300826, nelems=0, elem type=char[])
ARR 500039cc (sz=56, trace=300827, nelems=0, elem type=char[])
OBJ 500039cd (sz=24, trace=300828, class=java.lang.String@50000165)
OBJ 500039ce (sz=24, trace=300829, class=java.lang.String@50000165)
ARR 500039cf (sz=48, trace=300806, nelems=0, elem type=char[])
ARR 500039d0 (sz=72, trace=300830, nelems=0, elem type=int[])
ARR 500039d1 (sz=24, trace=300831, nelems=0, elem type=java.lang.Object[]@500000ff)
OBJ 500039d2 (sz=56, trace=300832, class=jdk.internal.org.objectweb.asm.Item@5000118d)
OBJ 500039d3 (sz=56, trace=300833, class=jdk.internal.org.objectweb.asm.Item@5000118d)
OBJ 500039d4 (sz=56, trace=300834, class=jdk.internal.org.objectweb.asm.Item@5000118d)
OBJ 500039d5 (sz=24, trace=300835, class=jdk.internal.org.objectweb.asm.ByteVector@5000118a)
ARR 500039d6 (sz=1048, trace=300836, nelems=0, elem type=byte[])
ARR 500039d7 (sz=128, trace=300837, nelems=0, elem type=java.lang.Object[]@500000ff)
OBJ 500039d8 (sz=16, trace=300839, class=java.util.HashMap$Values@5000123e)
OBJ 500039d9 (sz=40, trace=300841, class=java.util.HashMap$ValueIterator@50001241)
OBJ 500039db (sz=56, trace=300843, class=java.lang.invoke.MemberName@50000124)
OBJ 500039dc (sz=40, trace=300844, class=java.lang.ref.SoftReference@50000149)
	referent	500038cb
	queue		50006b4d
OBJ 500039dd (sz=32, trace=300845, class=java.lang.invoke.DirectMethodHandle@50000125)
	type		500035af
	form		500038cb
	member		50006df6
OBJ 500039de (sz=40, trace=301012, class=java.lang.ref.SoftReference@50000149)
	referent	500039dd
	queue		50006b4d
ARR 500039df (sz=56, trace=301068, nelems=10, elem type=java.lang.Object[]@500000ff)
	[0]		5000388d
	[1]		50000f66
	[2]		50000f67
	[3]		50000f68
	[4]		50000f69
	[5]		50000f6a
	[6]		50000f6b
	[7]		50000f6c
	[8]		50000f6d
	[9]		50000f6e
OBJ 500039e0 (sz=32, trace=301069, class=java.lang.invoke.LambdaForm$Name@50000f62)
	type		50000f5a
	function	5000388f
	arguments	500039df
OBJ 500039e1 (sz=48, trace=301070, class=java.lang.invoke.LambdaForm@50000122)
	names		50006f67
	debugName	50006e2d
	vmentry		50006f66
OBJ 500039e2 (sz=40, trace=300844, class=java.lang.ref.SoftReference@50000149)
	referent	500039e1
	queue		50006b4d
OBJ 500039e3 (sz=40, trace=301098, class=java.lang.invoke.MethodHandleImpl$IntrinsicMethodHandle@500026a0)
	type		5000379c
	form		500039e1
	target		50003882
	intrinsicName	500011d3
OBJ 500039e4 (sz=24, trace=300696, class=java.lang.StringBuilder@50000118)
ARR 500039e5 (sz=48, trace=300697, nelems=0, elem type=char[])
OBJ 500039e6 (sz=24, trace=300698, class=java.lang.String@50000165)
ARR 500039e7 (sz=40, trace=300699, nelems=0, elem type=char[])
ARR 500039e8 (sz=56, trace=300938, nelems=0, elem type=java.lang.Class[]@500000fa)
OBJ 500039e9 (sz=40, trace=300701, class=java.lang.invoke.MethodType@50000121)
OBJ 500039ea (sz=32, trace=300443, class=java.lang.invoke.MethodType$ConcurrentWeakInternSet$WeakEntry@50000b5f)
OBJ 500039eb (sz=64, trace=300704, class=java.lang.invoke.InvokerBytecodeGenerator@50001172)
OBJ 500039ec (sz=48, trace=300705, class=java.util.HashMap@500000bd)
OBJ 500039ed (sz=24, trace=300706, class=java.lang.String@50000165)
ARR 500039ee (sz=24, trace=300707, nelems=0, elem type=char[])
OBJ 500039ef (sz=24, trace=300708, class=java.lang.String@50000165)
	value		500039f0
ARR 500039f0 (sz=16, trace=300709, nelems=8, elem type=char[])
OBJ 500039f1 (sz=24, trace=300710, class=java.lang.StringBuilder@50000118)
ARR 500039f2 (sz=48, trace=300711, nelems=0, elem type=char[])
ARR 500039f3 (sz=88, trace=300010, nelems=0, elem type=char[])
OBJ 500039f4 (sz=24, trace=300712, class=java.lang.String@50000165)
ARR 500039f5 (sz=80, trace=300713, nelems=0, elem type=char[])
OBJ 500039f6 (sz=24, trace=300714, class=java.lang.StringBuilder@50000118)
ARR 500039f7 (sz=48, trace=300715, nelems=0, elem type=char[])
OBJ 500039f8 (sz=24, trace=300716, class=java.lang.String@50000165)
ARR 500039f9 (sz=48, trace=300717, nelems=0, elem type=char[])
ARR 500039fa (sz=72, trace=300718, nelems=0, elem type=int[])
ARR 500039fb (sz=72, trace=300719, nelems=0, elem type=java.lang.invoke.LambdaForm$BasicType[]@50000f60)
ARR 500039fc (sz=72, trace=300720, nelems=0, elem type=java.lang.Class[]@500000fa)
OBJ 500039fd (sz=168, trace=300723, class=jdk.internal.org.objectweb.asm.ClassWriter@50001187)
OBJ 500039fe (sz=24, trace=300725, class=jdk.internal.org.objectweb.asm.ByteVector@5000118a)
ARR 500039ff (sz=80, trace=300726, nelems=0, elem type=byte[])
ARR 50003a00 (sz=1040, trace=300728, nelems=0, elem type=jdk.internal.org.objectweb.asm.Item[]@5000118e)
OBJ 50003a01 (sz=56, trace=300729, class=jdk.internal.org.objectweb.asm.Item@5000118d)
OBJ 50003a02 (sz=56, trace=300730, class=jdk.internal.org.objectweb.asm.Item@5000118d)
OBJ 50003a03 (sz=56, trace=300731, class=jdk.internal.org.objectweb.asm.Item@5000118d)
OBJ 50003a04 (sz=56, trace=300732, class=jdk.internal.org.objectweb.asm.Item@5000118d)
OBJ 50003a05 (sz=56, trace=300733, class=jdk.internal.org.objectweb.asm.Item@5000118d)
OBJ 50003a06 (sz=56, trace=300734, class=jdk.internal.org.objectweb.asm.Item@5000118d)
OBJ 50003a07 (sz=56, trace=300733, class=jdk.internal.org.objectweb.asm.Item@5000118d)
OBJ 50003a08 (sz=56, trace=300735, class=jdk.internal.org.objectweb.asm.Item@5000118d)
ARR 50003a09 (sz=144, trace=300736, nelems=0, elem type=byte[])
OBJ 50003a0a (sz=56, trace=300737, class=jdk.internal.org.objectweb.asm.Item@5000118d)
OBJ 50003a0b (sz=224, trace=300748, class=jdk.internal.org.objectweb.asm.MethodWriter@500011ab)
OBJ 50003a0c (sz=24, trace=300749, class=jdk.internal.org.objectweb.asm.ByteVector@5000118a)
ARR 50003a0d (sz=80, trace=300750, nelems=0, elem type=byte[])
OBJ 50003a0e (sz=56, trace=300751, class=jdk.internal.org.objectweb.asm.Item@5000118d)
ARR 50003a0f (sz=304, trace=300752, nelems=0, elem type=byte[])
OBJ 50003a10 (sz=56, trace=300753, class=jdk.internal.org.objectweb.asm.Item@5000118d)
OBJ 50003a11 (sz=64, trace=300765, class=jdk.internal.org.objectweb.asm.Label@500011bc)
OBJ 50003a12 (sz=48, trace=300768, class=jdk.internal.org.objectweb.asm.Frame@500011be)
OBJ 50003a13 (sz=24, trace=300769, class=jdk.internal.org.objectweb.asm.ByteVector@5000118a)
ARR 50003a14 (sz=80, trace=300770, nelems=0, elem type=byte[])
ARR 50003a15 (sz=592, trace=301101, nelems=0, elem type=byte[])
OBJ 50003a16 (sz=56, trace=300771, class=jdk.internal.org.objectweb.asm.Item@5000118d)
OBJ 50003a17 (sz=56, trace=300773, class=jdk.internal.org.objectweb.asm.AnnotationWriter@500011c5)
OBJ 50003a18 (sz=24, trace=300774, class=jdk.internal.org.objectweb.asm.ByteVector@5000118a)
ARR 50003a19 (sz=80, trace=300775, nelems=0, elem type=byte[])
OBJ 50003a1a (sz=56, trace=300776, class=jdk.internal.org.objectweb.asm.Item@5000118d)
OBJ 50003a1b (sz=56, trace=300773, class=jdk.internal.org.objectweb.asm.AnnotationWriter@500011c5)
OBJ 50003a1c (sz=24, trace=300777, class=jdk.internal.org.objectweb.asm.ByteVector@5000118a)
ARR 50003a1d (sz=80, trace=300778, nelems=0, elem type=byte[])
OBJ 50003a1e (sz=56, trace=300780, class=jdk.internal.org.objectweb.asm.Item@5000118d)
OBJ 50003a1f (sz=56, trace=300773, class=jdk.internal.org.objectweb.asm.AnnotationWriter@500011c5)
OBJ 50003a20 (sz=24, trace=300795, class=java.lang.String@50000165)
ARR 50003a21 (sz=64, trace=300462, nelems=0, elem type=char[])
ARR 50003a22 (sz=96, trace=300796, nelems=0, elem type=char[])
OBJ 50003a23 (sz=24, trace=300797, class=java.lang.String@50000165)
ARR 50003a24 (sz=24, trace=300920, nelems=0, elem type=java.lang.Class[]@500000fa)
OBJ 50003a25 (sz=40, trace=300860, class=java.lang.invoke.MethodType@50000121)
OBJ 50003a26 (sz=32, trace=300443, class=java.lang.invoke.MethodType$ConcurrentWeakInternSet$WeakEntry@50000b5f)
ARR 50003a27 (sz=56, trace=300798, nelems=0, elem type=int[])
ARR 50003a28 (sz=96, trace=300811, nelems=0, elem type=char[])
OBJ 50003a29 (sz=24, trace=300812, class=java.lang.String@50000165)
OBJ 50003a2a (sz=56, trace=300813, class=jdk.internal.org.objectweb.asm.Item@5000118d)
OBJ 50003a2b (sz=56, trace=300814, class=jdk.internal.org.objectweb.asm.Item@5000118d)
OBJ 50003a2c (sz=56, trace=300815, class=jdk.internal.org.objectweb.asm.Item@5000118d)
ARR 50003a2d (sz=80, trace=301072, nelems=0, elem type=jdk.internal.org.objectweb.asm.Item[]@5000118e)
OBJ 50003a2e (sz=56, trace=300801, class=jdk.internal.org.objectweb.asm.Item@5000118d)
OBJ 50003a2f (sz=56, trace=300802, class=jdk.internal.org.objectweb.asm.Item@5000118d)
OBJ 50003a30 (sz=56, trace=300803, class=jdk.internal.org.objectweb.asm.Item@5000118d)
OBJ 50003a31 (sz=56, trace=300804, class=jdk.internal.org.objectweb.asm.Item@5000118d)
OBJ 50003a32 (sz=24, trace=300805, class=java.lang.String@50000165)
ARR 50003a33 (sz=80, trace=300806, nelems=0, elem type=char[])
OBJ 50003a34 (sz=56, trace=300807, class=jdk.internal.org.objectweb.asm.Item@5000118d)
ARR 50003a35 (sz=24, trace=300931, nelems=0, elem type=java.lang.Class[]@500000fa)
OBJ 50003a36 (sz=40, trace=300860, class=java.lang.invoke.MethodType@50000121)
OBJ 50003a37 (sz=32, trace=300443, class=java.lang.invoke.MethodType$ConcurrentWeakInternSet$WeakEntry@50000b5f)
ARR 50003a38 (sz=56, trace=300809, nelems=0, elem type=int[])
ARR 50003a39 (sz=96, trace=301102, nelems=0, elem type=int[])
OBJ 50003a3a (sz=24, trace=300795, class=java.lang.String@50000165)
ARR 50003a3b (sz=40, trace=300462, nelems=0, elem type=char[])
OBJ 50003a3c (sz=56, trace=300733, class=jdk.internal.org.objectweb.asm.Item@5000118d)
OBJ 50003a3d (sz=56, trace=300800, class=jdk.internal.org.objectweb.asm.Item@5000118d)
OBJ 50003a3e (sz=56, trace=300801, class=jdk.internal.org.objectweb.asm.Item@5000118d)
ARR 50003a3f (sz=1168, trace=300816, nelems=0, elem type=byte[])
OBJ 50003a40 (sz=56, trace=300802, class=jdk.internal.org.objectweb.asm.Item@5000118d)
OBJ 50003a41 (sz=56, trace=300803, class=jdk.internal.org.objectweb.asm.Item@5000118d)
OBJ 50003a42 (sz=56, trace=300804, class=jdk.internal.org.objectweb.asm.Item@5000118d)
OBJ 50003a43 (sz=24, trace=300805, class=java.lang.String@50000165)
ARR 50003a44 (sz=48, trace=300806, nelems=0, elem type=char[])
OBJ 50003a45 (sz=56, trace=300807, class=jdk.internal.org.objectweb.asm.Item@5000118d)
ARR 50003a46 (sz=24, trace=300931, nelems=0, elem type=java.lang.Class[]@500000fa)
OBJ 50003a47 (sz=40, trace=300860, class=java.lang.invoke.MethodType@50000121)
OBJ 50003a48 (sz=32, trace=300443, class=java.lang.invoke.MethodType$ConcurrentWeakInternSet$WeakEntry@50000b5f)
OBJ 50003a49 (sz=64, trace=300817, class=jdk.internal.org.objectweb.asm.Label@500011bc)
OBJ 50003a4a (sz=48, trace=300818, class=jdk.internal.org.objectweb.asm.Frame@500011be)
ARR 50003a4b (sz=416, trace=300819, nelems=0, elem type=char[])
ARR 50003a4c (sz=56, trace=300820, nelems=0, elem type=jdk.internal.org.objectweb.asm.Type[]@50001222)
OBJ 50003a4d (sz=32, trace=300821, class=jdk.internal.org.objectweb.asm.Type@500011b2)
OBJ 50003a4e (sz=32, trace=300821, class=jdk.internal.org.objectweb.asm.Type@500011b2)
OBJ 50003a4f (sz=32, trace=300821, class=jdk.internal.org.objectweb.asm.Type@500011b2)
OBJ 50003a50 (sz=32, trace=300821, class=jdk.internal.org.objectweb.asm.Type@500011b2)
OBJ 50003a51 (sz=32, trace=300821, class=jdk.internal.org.objectweb.asm.Type@500011b2)
OBJ 50003a52 (sz=32, trace=300821, class=jdk.internal.org.objectweb.asm.Type@500011b2)
OBJ 50003a53 (sz=32, trace=300821, class=jdk.internal.org.objectweb.asm.Type@500011b2)
OBJ 50003a54 (sz=32, trace=300821, class=jdk.internal.org.objectweb.asm.Type@500011b2)
OBJ 50003a55 (sz=32, trace=300821, class=jdk.internal.org.objectweb.asm.Type@500011b2)
OBJ 50003a56 (sz=32, trace=300821, class=jdk.internal.org.objectweb.asm.Type@500011b2)
ARR 50003a57 (sz=64, trace=300822, nelems=0, elem type=int[])
ARR 50003a58 (sz=16, trace=300823, nelems=0, elem type=int[])
OBJ 50003a59 (sz=24, trace=300824, class=java.lang.StringBuffer@50000119)
ARR 50003a5a (sz=48, trace=300825, nelems=0, elem type=char[])
ARR 50003a5b (sz=88, trace=300826, nelems=0, elem type=char[])
ARR 50003a5c (sz=56, trace=300827, nelems=0, elem type=char[])
OBJ 50003a5d (sz=24, trace=300828, class=java.lang.String@50000165)
OBJ 50003a5e (sz=24, trace=300829, class=java.lang.String@50000165)
ARR 50003a5f (sz=48, trace=300806, nelems=0, elem type=char[])
OBJ 50003a60 (sz=24, trace=300824, class=java.lang.StringBuffer@50000119)
ARR 50003a61 (sz=48, trace=300825, nelems=0, elem type=char[])
ARR 50003a62 (sz=88, trace=300826, nelems=0, elem type=char[])
ARR 50003a63 (sz=56, trace=300827, nelems=0, elem type=char[])
OBJ 50003a64 (sz=24, trace=300828, class=java.lang.String@50000165)
OBJ 50003a65 (sz=24, trace=300829, class=java.lang.String@50000165)
ARR 50003a66 (sz=48, trace=300806, nelems=0, elem type=char[])
OBJ 50003a67 (sz=24, trace=300824, class=java.lang.StringBuffer@50000119)
ARR 50003a68 (sz=48, trace=300825, nelems=0, elem type=char[])
ARR 50003a69 (sz=88, trace=300826, nelems=0, elem type=char[])
ARR 50003a6a (sz=56, trace=300827, nelems=0, elem type=char[])
OBJ 50003a6b (sz=24, trace=300828, class=java.lang.String@50000165)
OBJ 50003a6c (sz=24, trace=300829, class=java.lang.String@50000165)
ARR 50003a6d (sz=48, trace=300806, nelems=0, elem type=char[])
OBJ 50003a6e (sz=24, trace=300824, class=java.lang.StringBuffer@50000119)
ARR 50003a6f (sz=48, trace=300825, nelems=0, elem type=char[])
ARR 50003a70 (sz=88, trace=300826, nelems=0, elem type=char[])
ARR 50003a71 (sz=56, trace=300827, nelems=0, elem type=char[])
OBJ 50003a72 (sz=24, trace=300828, class=java.lang.String@50000165)
OBJ 50003a73 (sz=24, trace=300829, class=java.lang.String@50000165)
ARR 50003a74 (sz=48, trace=300806, nelems=0, elem type=char[])
OBJ 50003a75 (sz=24, trace=300824, class=java.lang.StringBuffer@50000119)
ARR 50003a76 (sz=48, trace=300825, nelems=0, elem type=char[])
ARR 50003a77 (sz=88, trace=300826, nelems=0, elem type=char[])
ARR 50003a78 (sz=56, trace=300827, nelems=0, elem type=char[])
OBJ 50003a79 (sz=24, trace=300828, class=java.lang.String@50000165)
OBJ 50003a7a (sz=24, trace=300829, class=java.lang.String@50000165)
ARR 50003a7b (sz=48, trace=300806, nelems=0, elem type=char[])
OBJ 50003a7c (sz=24, trace=300824, class=java.lang.StringBuffer@50000119)
ARR 50003a7d (sz=48, trace=300825, nelems=0, elem type=char[])
ARR 50003a7e (sz=88, trace=300826, nelems=0, elem type=char[])
ARR 50003a7f (sz=56, trace=300827, nelems=0, elem type=char[])
OBJ 50003a80 (sz=24, trace=300828, class=java.lang.String@50000165)
OBJ 50003a81 (sz=24, trace=300829, class=java.lang.String@50000165)
ARR 50003a82 (sz=48, trace=300806, nelems=0, elem type=char[])
OBJ 50003a83 (sz=24, trace=300824, class=java.lang.StringBuffer@50000119)
ARR 50003a84 (sz=48, trace=300825, nelems=0, elem type=char[])
ARR 50003a85 (sz=88, trace=300826, nelems=0, elem type=char[])
ARR 50003a86 (sz=56, trace=300827, nelems=0, elem type=char[])
OBJ 50003a87 (sz=24, trace=300828, class=java.lang.String@50000165)
OBJ 50003a88 (sz=24, trace=300829, class=java.lang.String@50000165)
ARR 50003a89 (sz=48, trace=300806, nelems=0, elem type=char[])
OBJ 50003a8a (sz=24, trace=300824, class=java.lang.StringBuffer@50000119)
ARR 50003a8b (sz=48, trace=300825, nelems=0, elem type=char[])
ARR 50003a8c (sz=88, trace=300826, nelems=0, elem type=char[])
ARR 50003a8d (sz=56, trace=300827, nelems=0, elem type=char[])
OBJ 50003a8e (sz=24, trace=300828, class=java.lang.String@50000165)
OBJ 50003a8f (sz=24, trace=300829, class=java.lang.String@50000165)
ARR 50003a90 (sz=48, trace=300806, nelems=0, elem type=char[])
OBJ 50003a91 (sz=24, trace=300824, class=java.lang.StringBuffer@50000119)
ARR 50003a92 (sz=48, trace=300825, nelems=0, elem type=char[])
ARR 50003a93 (sz=88, trace=300826, nelems=0, elem type=char[])
ARR 50003a94 (sz=56, trace=300827, nelems=0, elem type=char[])
OBJ 50003a95 (sz=24, trace=300828, class=java.lang.String@50000165)
OBJ 50003a96 (sz=24, trace=300829, class=java.lang.String@50000165)
ARR 50003a97 (sz=48, trace=300806, nelems=0, elem type=char[])
OBJ 50003a98 (sz=24, trace=300824, class=java.lang.StringBuffer@50000119)
ARR 50003a99 (sz=48, trace=300825, nelems=0, elem type=char[])
ARR 50003a9a (sz=88, trace=300826, nelems=0, elem type=char[])
ARR 50003a9b (sz=56, trace=300827, nelems=0, elem type=char[])
OBJ 50003a9c (sz=24, trace=300828, class=java.lang.String@50000165)
OBJ 50003a9d (sz=24, trace=300829, class=java.lang.String@50000165)
ARR 50003a9e (sz=48, trace=300806, nelems=0, elem type=char[])
ARR 50003a9f (sz=72, trace=300830, nelems=0, elem type=int[])
ARR 50003aa0 (sz=24, trace=300940, nelems=0, elem type=java.lang.Object[]@500000ff)
OBJ 50003aa1 (sz=56, trace=300832, class=jdk.internal.org.objectweb.asm.Item@5000118d)
OBJ 50003aa2 (sz=56, trace=300833, class=jdk.internal.org.objectweb.asm.Item@5000118d)
OBJ 50003aa3 (sz=56, trace=300834, class=jdk.internal.org.objectweb.asm.Item@5000118d)
OBJ 50003aa4 (sz=24, trace=300835, class=jdk.internal.org.objectweb.asm.ByteVector@5000118a)
ARR 50003aa5 (sz=920, trace=300836, nelems=0, elem type=byte[])
ARR 50003aa6 (sz=120, trace=300837, nelems=0, elem type=java.lang.Object[]@500000ff)
OBJ 50003aa7 (sz=16, trace=300839, class=java.util.HashMap$Values@5000123e)
OBJ 50003aa8 (sz=40, trace=300841, class=java.util.HashMap$ValueIterator@50001241)
OBJ 50003aaa (sz=56, trace=300843, class=java.lang.invoke.MemberName@50000124)
ARR 50003aab (sz=16, trace=301092, nelems=0, elem type=java.lang.Class[]@500000fa)
ARR 50003aac (sz=56, trace=301100, nelems=0, elem type=java.lang.Class[]@500000fa)
OBJ 50003aad (sz=40, trace=300575, class=java.lang.invoke.MethodType@50000121)
OBJ 50003aae (sz=32, trace=300443, class=java.lang.invoke.MethodType$ConcurrentWeakInternSet$WeakEntry@50000b5f)
OBJ 50003aaf (sz=40, trace=301093, class=java.lang.invoke.MethodType@50000121)
OBJ 50003ab0 (sz=32, trace=300443, class=java.lang.invoke.MethodType$ConcurrentWeakInternSet$WeakEntry@50000b5f)
OBJ 50003ab1 (sz=40, trace=301094, class=java.lang.invoke.MethodType@50000121)
	rtype		500000ff
	ptypes		50006df8
	form		500035a2
OBJ 50003ab2 (sz=40, trace=300445, class=java.lang.invoke.MethodType@50000121)
OBJ 50003ab3 (sz=32, trace=300443, class=java.lang.invoke.MethodType$ConcurrentWeakInternSet$WeakEntry@50000b5f)
OBJ 50003ab4 (sz=32, trace=300452, class=java.lang.invoke.MethodType$ConcurrentWeakInternSet$WeakEntry@50000b5f)
	referent	50003ab1
	queue		50000b52
OBJ 50003ab5 (sz=32, trace=300454, class=java.util.concurrent.ConcurrentHashMap$Node@50000021)
	key		50003ab4
	val		50003ab4
OBJ 50003ab6 (sz=56, trace=301095, class=java.lang.invoke.MemberName@50000124)
ARR 50003ab7 (sz=24, trace=300512, nelems=0, elem type=java.lang.Class[]@500000fa)
OBJ 50003ab8 (sz=40, trace=300514, class=java.lang.invoke.MethodType@50000121)
OBJ 50003ab9 (sz=32, trace=300443, class=java.lang.invoke.MethodType$ConcurrentWeakInternSet$WeakEntry@50000b5f)
OBJ 50003aba (sz=56, trace=300516, class=java.lang.invoke.MemberName@50000124)
ARR 50003abb (sz=24, trace=300518, nelems=0, elem type=java.lang.Class[]@500000fa)
OBJ 50003abc (sz=40, trace=300519, class=java.lang.invoke.MethodType@50000121)
OBJ 50003abd (sz=32, trace=300443, class=java.lang.invoke.MethodType$ConcurrentWeakInternSet$WeakEntry@50000b5f)
ARR 50003abe (sz=72, trace=300623, nelems=0, elem type=java.lang.invoke.LambdaForm$Name[]@50000fce)
OBJ 50003abf (sz=32, trace=301103, class=java.lang.invoke.LambdaForm$Name@50000f62)
	type		50000f5a
ARR 50003ac0 (sz=24, trace=300674, nelems=0, elem type=java.lang.Object[]@500000ff)
ARR 50003ac1 (sz=24, trace=300675, nelems=1, elem type=java.lang.Object[]@500000ff)
	[0]		50000f65
OBJ 50003ac2 (sz=32, trace=300676, class=java.lang.invoke.LambdaForm$Name@50000f62)
	type		50000f5a
	function	50001105
	arguments	50003ac1
ARR 50003ac3 (sz=64, trace=300677, nelems=0, elem type=java.lang.Object[]@500000ff)
OBJ 50003ac4 (sz=24, trace=300678, class=java.lang.invoke.LambdaForm$NamedFunction@50000f99)
	member		50006f65
ARR 50003ac5 (sz=64, trace=300679, nelems=11, elem type=java.lang.Object[]@500000ff)
	[0]		50000f66
	[1]		50000f67
	[2]		50000f68
	[3]		50000f69
	[4]		50000f6a
	[5]		50000f6b
	[6]		50000f6c
	[7]		50000f6d
	[8]		50000f6e
	[9]		50003abf
	[10]		50003ac2
OBJ 50003ac6 (sz=32, trace=300680, class=java.lang.invoke.LambdaForm$Name@50000f62)
	type		50000f5a
	function	50003ac4
	arguments	50003ac5
OBJ 50003ac7 (sz=24, trace=300681, class=java.lang.StringBuilder@50000118)
ARR 50003ac8 (sz=48, trace=300682, nelems=0, elem type=char[])
ARR 50003ac9 (sz=88, trace=300010, nelems=0, elem type=char[])
ARR 50003aca (sz=40, trace=300683, nelems=0, elem type=char[])
OBJ 50003acb (sz=24, trace=300685, class=java.util.Arrays$ArrayList@5000115f)
OBJ 50003acc (sz=24, trace=300686, class=java.util.Collections$UnmodifiableRandomAccessList@500000ca)
OBJ 50003acd (sz=24, trace=300688, class=java.util.Collections$UnmodifiableCollection$1@50001162)
OBJ 50003ace (sz=32, trace=300690, class=java.util.AbstractList$Itr@50001164)
OBJ 50003acf (sz=24, trace=300691, class=java.lang.String@50000165)
ARR 50003ad0 (sz=40, trace=300692, nelems=0, elem type=char[])
OBJ 50003ad1 (sz=24, trace=300861, class=java.lang.StringBuilder@50000118)
ARR 50003ad2 (sz=48, trace=300862, nelems=0, elem type=char[])
OBJ 50003ad3 (sz=24, trace=300863, class=java.lang.String@50000165)
ARR 50003ad4 (sz=32, trace=300864, nelems=0, elem type=char[])
OBJ 50003ad5 (sz=24, trace=300693, class=java.lang.String@50000165)
	value		50003ad6
ARR 50003ad6 (sz=44, trace=300694, nelems=22, elem type=char[])
OBJ 50003ad7 (sz=48, trace=300695, class=java.lang.invoke.LambdaForm@50000122)
	names		50006f64
	debugName	50003ad5
	vmentry		50006f63
OBJ 50003ad8 (sz=24, trace=300696, class=java.lang.StringBuilder@50000118)
ARR 50003ad9 (sz=48, trace=300697, nelems=0, elem type=char[])
OBJ 50003ada (sz=24, trace=300698, class=java.lang.String@50000165)
ARR 50003adb (sz=48, trace=300699, nelems=0, elem type=char[])
ARR 50003adc (sz=64, trace=300700, nelems=0, elem type=java.lang.Class[]@500000fa)
OBJ 50003add (sz=40, trace=300701, class=java.lang.invoke.MethodType@50000121)
OBJ 50003ade (sz=32, trace=300443, class=java.lang.invoke.MethodType$ConcurrentWeakInternSet$WeakEntry@50000b5f)
OBJ 50003adf (sz=64, trace=300704, class=java.lang.invoke.InvokerBytecodeGenerator@50001172)
OBJ 50003ae0 (sz=48, trace=300705, class=java.util.HashMap@500000bd)
OBJ 50003ae1 (sz=24, trace=300706, class=java.lang.String@50000165)
ARR 50003ae2 (sz=24, trace=300707, nelems=0, elem type=char[])
OBJ 50003ae3 (sz=24, trace=300708, class=java.lang.String@50000165)
	value		50003ae4
ARR 50003ae4 (sz=36, trace=300709, nelems=18, elem type=char[])
OBJ 50003ae5 (sz=24, trace=300710, class=java.lang.StringBuilder@50000118)
ARR 50003ae6 (sz=48, trace=300711, nelems=0, elem type=char[])
ARR 50003ae7 (sz=88, trace=300010, nelems=0, elem type=char[])
OBJ 50003ae8 (sz=24, trace=300712, class=java.lang.String@50000165)
ARR 50003ae9 (sz=80, trace=300713, nelems=0, elem type=char[])
OBJ 50003aea (sz=24, trace=300714, class=java.lang.StringBuilder@50000118)
ARR 50003aeb (sz=48, trace=300715, nelems=0, elem type=char[])
OBJ 50003aec (sz=24, trace=300716, class=java.lang.String@50000165)
ARR 50003aed (sz=48, trace=300717, nelems=0, elem type=char[])
ARR 50003aee (sz=72, trace=300718, nelems=0, elem type=int[])
ARR 50003aef (sz=72, trace=300719, nelems=0, elem type=java.lang.invoke.LambdaForm$BasicType[]@50000f60)
ARR 50003af0 (sz=72, trace=300720, nelems=0, elem type=java.lang.Class[]@500000fa)
OBJ 50003af1 (sz=168, trace=300723, class=jdk.internal.org.objectweb.asm.ClassWriter@50001187)
OBJ 50003af2 (sz=24, trace=300725, class=jdk.internal.org.objectweb.asm.ByteVector@5000118a)
ARR 50003af3 (sz=80, trace=300726, nelems=0, elem type=byte[])
ARR 50003af4 (sz=1040, trace=300728, nelems=0, elem type=jdk.internal.org.objectweb.asm.Item[]@5000118e)
OBJ 50003af5 (sz=56, trace=300729, class=jdk.internal.org.objectweb.asm.Item@5000118d)
OBJ 50003af6 (sz=56, trace=300730, class=jdk.internal.org.objectweb.asm.Item@5000118d)
OBJ 50003af7 (sz=56, trace=300731, class=jdk.internal.org.objectweb.asm.Item@5000118d)
OBJ 50003af8 (sz=56, trace=300732, class=jdk.internal.org.objectweb.asm.Item@5000118d)
OBJ 50003af9 (sz=56, trace=300733, class=jdk.internal.org.objectweb.asm.Item@5000118d)
OBJ 50003afa (sz=56, trace=300734, class=jdk.internal.org.objectweb.asm.Item@5000118d)
OBJ 50003afb (sz=56, trace=300733, class=jdk.internal.org.objectweb.asm.Item@5000118d)
OBJ 50003afc (sz=56, trace=300735, class=jdk.internal.org.objectweb.asm.Item@5000118d)
ARR 50003afd (sz=144, trace=300736, nelems=0, elem type=byte[])
OBJ 50003afe (sz=56, trace=300737, class=jdk.internal.org.objectweb.asm.Item@5000118d)
OBJ 50003aff (sz=224, trace=300748, class=jdk.internal.org.objectweb.asm.MethodWriter@500011ab)
OBJ 50003b00 (sz=24, trace=300749, class=jdk.internal.org.objectweb.asm.ByteVector@5000118a)
ARR 50003b01 (sz=80, trace=300750, nelems=0, elem type=byte[])
OBJ 50003b02 (sz=56, trace=300751, class=jdk.internal.org.objectweb.asm.Item@5000118d)
ARR 50003b03 (sz=336, trace=300752, nelems=0, elem type=byte[])
OBJ 50003b04 (sz=56, trace=300753, class=jdk.internal.org.objectweb.asm.Item@5000118d)
OBJ 50003b05 (sz=64, trace=300765, class=jdk.internal.org.objectweb.asm.Label@500011bc)
OBJ 50003b06 (sz=48, trace=300768, class=jdk.internal.org.objectweb.asm.Frame@500011be)
OBJ 50003b07 (sz=24, trace=300769, class=jdk.internal.org.objectweb.asm.ByteVector@5000118a)
ARR 50003b08 (sz=80, trace=300770, nelems=0, elem type=byte[])
ARR 50003b09 (sz=656, trace=301101, nelems=0, elem type=byte[])
OBJ 50003b0a (sz=56, trace=300771, class=jdk.internal.org.objectweb.asm.Item@5000118d)
OBJ 50003b0b (sz=56, trace=300773, class=jdk.internal.org.objectweb.asm.AnnotationWriter@500011c5)
OBJ 50003b0c (sz=24, trace=300774, class=jdk.internal.org.objectweb.asm.ByteVector@5000118a)
ARR 50003b0d (sz=80, trace=300775, nelems=0, elem type=byte[])
OBJ 50003b0e (sz=56, trace=300776, class=jdk.internal.org.objectweb.asm.Item@5000118d)
OBJ 50003b0f (sz=56, trace=300773, class=jdk.internal.org.objectweb.asm.AnnotationWriter@500011c5)
OBJ 50003b10 (sz=24, trace=300777, class=jdk.internal.org.objectweb.asm.ByteVector@5000118a)
ARR 50003b11 (sz=80, trace=300778, nelems=0, elem type=byte[])
OBJ 50003b12 (sz=56, trace=300780, class=jdk.internal.org.objectweb.asm.Item@5000118d)
OBJ 50003b13 (sz=56, trace=300773, class=jdk.internal.org.objectweb.asm.AnnotationWriter@500011c5)
OBJ 50003b14 (sz=24, trace=300795, class=java.lang.String@50000165)
ARR 50003b15 (sz=56, trace=300462, nelems=0, elem type=char[])
ARR 50003b16 (sz=88, trace=300796, nelems=0, elem type=char[])
OBJ 50003b17 (sz=24, trace=300797, class=java.lang.String@50000165)
ARR 50003b18 (sz=56, trace=300798, nelems=0, elem type=int[])
OBJ 50003b19 (sz=56, trace=300733, class=jdk.internal.org.objectweb.asm.Item@5000118d)
OBJ 50003b1a (sz=56, trace=300800, class=jdk.internal.org.objectweb.asm.Item@5000118d)
OBJ 50003b1b (sz=56, trace=300801, class=jdk.internal.org.objectweb.asm.Item@5000118d)
OBJ 50003b1c (sz=56, trace=300802, class=jdk.internal.org.objectweb.asm.Item@5000118d)
OBJ 50003b1d (sz=56, trace=300803, class=jdk.internal.org.objectweb.asm.Item@5000118d)
OBJ 50003b1e (sz=56, trace=300804, class=jdk.internal.org.objectweb.asm.Item@5000118d)
OBJ 50003b1f (sz=24, trace=300805, class=java.lang.String@50000165)
ARR 50003b20 (sz=48, trace=300806, nelems=0, elem type=char[])
OBJ 50003b21 (sz=56, trace=300807, class=jdk.internal.org.objectweb.asm.Item@5000118d)
ARR 50003b22 (sz=80, trace=300808, nelems=0, elem type=jdk.internal.org.objectweb.asm.Item[]@5000118e)
ARR 50003b23 (sz=56, trace=300809, nelems=0, elem type=int[])
ARR 50003b24 (sz=96, trace=301102, nelems=0, elem type=int[])
OBJ 50003b25 (sz=24, trace=300795, class=java.lang.String@50000165)
ARR 50003b26 (sz=40, trace=300462, nelems=0, elem type=char[])
ARR 50003b27 (sz=96, trace=301104, nelems=0, elem type=int[])
ARR 50003b28 (sz=72, trace=300811, nelems=0, elem type=char[])
OBJ 50003b29 (sz=24, trace=300812, class=java.lang.String@50000165)
OBJ 50003b2a (sz=56, trace=300813, class=jdk.internal.org.objectweb.asm.Item@5000118d)
OBJ 50003b2b (sz=56, trace=300814, class=jdk.internal.org.objectweb.asm.Item@5000118d)
OBJ 50003b2c (sz=56, trace=300815, class=jdk.internal.org.objectweb.asm.Item@5000118d)
OBJ 50003b2d (sz=56, trace=300733, class=jdk.internal.org.objectweb.asm.Item@5000118d)
OBJ 50003b2e (sz=56, trace=300800, class=jdk.internal.org.objectweb.asm.Item@5000118d)
OBJ 50003b2f (sz=56, trace=300801, class=jdk.internal.org.objectweb.asm.Item@5000118d)
ARR 50003b30 (sz=1288, trace=300816, nelems=0, elem type=byte[])
OBJ 50003b31 (sz=56, trace=300802, class=jdk.internal.org.objectweb.asm.Item@5000118d)
OBJ 50003b32 (sz=56, trace=300803, class=jdk.internal.org.objectweb.asm.Item@5000118d)
OBJ 50003b33 (sz=56, trace=300804, class=jdk.internal.org.objectweb.asm.Item@5000118d)
OBJ 50003b34 (sz=24, trace=300805, class=java.lang.String@50000165)
ARR 50003b35 (sz=48, trace=300806, nelems=0, elem type=char[])
OBJ 50003b36 (sz=64, trace=300817, class=jdk.internal.org.objectweb.asm.Label@500011bc)
OBJ 50003b37 (sz=48, trace=300818, class=jdk.internal.org.objectweb.asm.Frame@500011be)
ARR 50003b38 (sz=456, trace=300819, nelems=0, elem type=char[])
ARR 50003b39 (sz=64, trace=300820, nelems=0, elem type=jdk.internal.org.objectweb.asm.Type[]@50001222)
OBJ 50003b3a (sz=32, trace=300821, class=jdk.internal.org.objectweb.asm.Type@500011b2)
OBJ 50003b3b (sz=32, trace=300821, class=jdk.internal.org.objectweb.asm.Type@500011b2)
OBJ 50003b3c (sz=32, trace=300821, class=jdk.internal.org.objectweb.asm.Type@500011b2)
OBJ 50003b3d (sz=32, trace=300821, class=jdk.internal.org.objectweb.asm.Type@500011b2)
OBJ 50003b3e (sz=32, trace=300821, class=jdk.internal.org.objectweb.asm.Type@500011b2)
OBJ 50003b3f (sz=32, trace=300821, class=jdk.internal.org.objectweb.asm.Type@500011b2)
OBJ 50003b40 (sz=32, trace=300821, class=jdk.internal.org.objectweb.asm.Type@500011b2)
OBJ 50003b41 (sz=32, trace=300821, class=jdk.internal.org.objectweb.asm.Type@500011b2)
OBJ 50003b42 (sz=32, trace=300821, class=jdk.internal.org.objectweb.asm.Type@500011b2)
OBJ 50003b43 (sz=32, trace=300821, class=jdk.internal.org.objectweb.asm.Type@500011b2)
OBJ 50003b44 (sz=32, trace=300821, class=jdk.internal.org.objectweb.asm.Type@500011b2)
ARR 50003b45 (sz=64, trace=300822, nelems=0, elem type=int[])
ARR 50003b46 (sz=16, trace=300823, nelems=0, elem type=int[])
OBJ 50003b47 (sz=24, trace=300824, class=java.lang.StringBuffer@50000119)
ARR 50003b48 (sz=48, trace=300825, nelems=0, elem type=char[])
ARR 50003b49 (sz=88, trace=300826, nelems=0, elem type=char[])
ARR 50003b4a (sz=56, trace=300827, nelems=0, elem type=char[])
OBJ 50003b4b (sz=24, trace=300828, class=java.lang.String@50000165)
OBJ 50003b4c (sz=24, trace=300829, class=java.lang.String@50000165)
ARR 50003b4d (sz=48, trace=300806, nelems=0, elem type=char[])
OBJ 50003b4e (sz=24, trace=300824, class=java.lang.StringBuffer@50000119)
ARR 50003b4f (sz=48, trace=300825, nelems=0, elem type=char[])
ARR 50003b50 (sz=88, trace=300826, nelems=0, elem type=char[])
ARR 50003b51 (sz=56, trace=300827, nelems=0, elem type=char[])
OBJ 50003b52 (sz=24, trace=300828, class=java.lang.String@50000165)
OBJ 50003b53 (sz=24, trace=300829, class=java.lang.String@50000165)
ARR 50003b54 (sz=48, trace=300806, nelems=0, elem type=char[])
OBJ 50003b55 (sz=24, trace=300824, class=java.lang.StringBuffer@50000119)
ARR 50003b56 (sz=48, trace=300825, nelems=0, elem type=char[])
ARR 50003b57 (sz=88, trace=300826, nelems=0, elem type=char[])
ARR 50003b58 (sz=56, trace=300827, nelems=0, elem type=char[])
OBJ 50003b59 (sz=24, trace=300828, class=java.lang.String@50000165)
OBJ 50003b5a (sz=24, trace=300829, class=java.lang.String@50000165)
ARR 50003b5b (sz=48, trace=300806, nelems=0, elem type=char[])
OBJ 50003b5c (sz=24, trace=300824, class=java.lang.StringBuffer@50000119)
ARR 50003b5d (sz=48, trace=300825, nelems=0, elem type=char[])
ARR 50003b5e (sz=88, trace=300826, nelems=0, elem type=char[])
ARR 50003b5f (sz=56, trace=300827, nelems=0, elem type=char[])
OBJ 50003b60 (sz=24, trace=300828, class=java.lang.String@50000165)
OBJ 50003b61 (sz=24, trace=300829, class=java.lang.String@50000165)
ARR 50003b62 (sz=48, trace=300806, nelems=0, elem type=char[])
OBJ 50003b63 (sz=24, trace=300824, class=java.lang.StringBuffer@50000119)
ARR 50003b64 (sz=48, trace=300825, nelems=0, elem type=char[])
ARR 50003b65 (sz=88, trace=300826, nelems=0, elem type=char[])
ARR 50003b66 (sz=56, trace=300827, nelems=0, elem type=char[])
OBJ 50003b67 (sz=24, trace=300828, class=java.lang.String@50000165)
OBJ 50003b68 (sz=24, trace=300829, class=java.lang.String@50000165)
ARR 50003b69 (sz=48, trace=300806, nelems=0, elem type=char[])
OBJ 50003b6a (sz=24, trace=300824, class=java.lang.StringBuffer@50000119)
ARR 50003b6b (sz=48, trace=300825, nelems=0, elem type=char[])
ARR 50003b6c (sz=88, trace=300826, nelems=0, elem type=char[])
ARR 50003b6d (sz=56, trace=300827, nelems=0, elem type=char[])
OBJ 50003b6e (sz=24, trace=300828, class=java.lang.String@50000165)
OBJ 50003b6f (sz=24, trace=300829, class=java.lang.String@50000165)
ARR 50003b70 (sz=48, trace=300806, nelems=0, elem type=char[])
OBJ 50003b71 (sz=24, trace=300824, class=java.lang.StringBuffer@50000119)
ARR 50003b72 (sz=48, trace=300825, nelems=0, elem type=char[])
ARR 50003b73 (sz=88, trace=300826, nelems=0, elem type=char[])
ARR 50003b74 (sz=56, trace=300827, nelems=0, elem type=char[])
OBJ 50003b75 (sz=24, trace=300828, class=java.lang.String@50000165)
OBJ 50003b76 (sz=24, trace=300829, class=java.lang.String@50000165)
ARR 50003b77 (sz=48, trace=300806, nelems=0, elem type=char[])
OBJ 50003b78 (sz=24, trace=300824, class=java.lang.StringBuffer@50000119)
ARR 50003b79 (sz=48, trace=300825, nelems=0, elem type=char[])
ARR 50003b7a (sz=88, trace=300826, nelems=0, elem type=char[])
ARR 50003b7b (sz=56, trace=300827, nelems=0, elem type=char[])
OBJ 50003b7c (sz=24, trace=300828, class=java.lang.String@50000165)
OBJ 50003b7d (sz=24, trace=300829, class=java.lang.String@50000165)
ARR 50003b7e (sz=48, trace=300806, nelems=0, elem type=char[])
OBJ 50003b7f (sz=24, trace=300824, class=java.lang.StringBuffer@50000119)
ARR 50003b80 (sz=48, trace=300825, nelems=0, elem type=char[])
ARR 50003b81 (sz=88, trace=300826, nelems=0, elem type=char[])
ARR 50003b82 (sz=56, trace=300827, nelems=0, elem type=char[])
OBJ 50003b83 (sz=24, trace=300828, class=java.lang.String@50000165)
OBJ 50003b84 (sz=24, trace=300829, class=java.lang.String@50000165)
ARR 50003b85 (sz=48, trace=300806, nelems=0, elem type=char[])
OBJ 50003b86 (sz=24, trace=300824, class=java.lang.StringBuffer@50000119)
ARR 50003b87 (sz=48, trace=300825, nelems=0, elem type=char[])
ARR 50003b88 (sz=88, trace=300826, nelems=0, elem type=char[])
ARR 50003b89 (sz=56, trace=300827, nelems=0, elem type=char[])
OBJ 50003b8a (sz=24, trace=300828, class=java.lang.String@50000165)
OBJ 50003b8b (sz=24, trace=300829, class=java.lang.String@50000165)
ARR 50003b8c (sz=48, trace=300806, nelems=0, elem type=char[])
OBJ 50003b8d (sz=24, trace=300824, class=java.lang.StringBuffer@50000119)
ARR 50003b8e (sz=48, trace=300825, nelems=0, elem type=char[])
ARR 50003b8f (sz=88, trace=300826, nelems=0, elem type=char[])
ARR 50003b90 (sz=56, trace=300827, nelems=0, elem type=char[])
OBJ 50003b91 (sz=24, trace=300828, class=java.lang.String@50000165)
OBJ 50003b92 (sz=24, trace=300829, class=java.lang.String@50000165)
ARR 50003b93 (sz=48, trace=300806, nelems=0, elem type=char[])
ARR 50003b94 (sz=72, trace=300830, nelems=0, elem type=int[])
ARR 50003b95 (sz=24, trace=300831, nelems=0, elem type=java.lang.Object[]@500000ff)
OBJ 50003b96 (sz=56, trace=300832, class=jdk.internal.org.objectweb.asm.Item@5000118d)
OBJ 50003b97 (sz=56, trace=300833, class=jdk.internal.org.objectweb.asm.Item@5000118d)
OBJ 50003b98 (sz=56, trace=300834, class=jdk.internal.org.objectweb.asm.Item@5000118d)
OBJ 50003b99 (sz=24, trace=300835, class=jdk.internal.org.objectweb.asm.ByteVector@5000118a)
ARR 50003b9a (sz=1048, trace=300836, nelems=0, elem type=byte[])
ARR 50003b9b (sz=128, trace=300837, nelems=0, elem type=java.lang.Object[]@500000ff)
OBJ 50003b9c (sz=16, trace=300839, class=java.util.HashMap$Values@5000123e)
OBJ 50003b9d (sz=40, trace=300841, class=java.util.HashMap$ValueIterator@50001241)
OBJ 50003b9f (sz=56, trace=300843, class=java.lang.invoke.MemberName@50000124)
OBJ 50003ba0 (sz=40, trace=300844, class=java.lang.ref.SoftReference@50000149)
	referent	50003ad7
	queue		50006b4d
OBJ 50003ba1 (sz=32, trace=300865, class=java.lang.invoke.DirectMethodHandle@50000125)
	type		50003ab1
	form		50003ad7
	member		50006ff4
ARR 50003ba2 (sz=24, trace=301038, nelems=0, elem type=java.lang.Class[]@500000fa)
OBJ 50003ba3 (sz=40, trace=300519, class=java.lang.invoke.MethodType@50000121)
OBJ 50003ba4 (sz=32, trace=300443, class=java.lang.invoke.MethodType$ConcurrentWeakInternSet$WeakEntry@50000b5f)
ARR 50003ba5 (sz=72, trace=301039, nelems=0, elem type=java.lang.invoke.LambdaForm$Name[]@50000fce)
OBJ 50003ba6 (sz=32, trace=301103, class=java.lang.invoke.LambdaForm$Name@50000f62)
	type		50000f5a
OBJ 50003ba7 (sz=32, trace=301040, class=java.lang.invoke.LambdaForm$Name@50000f62)
	type		50000f5a
	constraint	50002302
ARR 50003ba8 (sz=24, trace=301041, nelems=0, elem type=java.lang.Object[]@500000ff)
ARR 50003ba9 (sz=24, trace=300907, nelems=0, elem type=java.lang.Class[]@500000fa)
OBJ 50003baa (sz=40, trace=300860, class=java.lang.invoke.MethodType@50000121)
OBJ 50003bab (sz=32, trace=300443, class=java.lang.invoke.MethodType$ConcurrentWeakInternSet$WeakEntry@50000b5f)
ARR 50003bac (sz=24, trace=301042, nelems=1, elem type=java.lang.Object[]@500000ff)
	[0]		50003ba7
OBJ 50003bad (sz=32, trace=301043, class=java.lang.invoke.LambdaForm$Name@50000f62)
	type		50000f5a
	function	5000230a
	arguments	50003bac
ARR 50003bae (sz=64, trace=301044, nelems=0, elem type=java.lang.Object[]@500000ff)
OBJ 50003baf (sz=24, trace=301045, class=java.lang.invoke.LambdaForm$NamedFunction@50000f99)
	member		50006df9
	resolvedHandle	50003d0a
OBJ 50003bb0 (sz=24, trace=301064, class=java.lang.invoke.Invokers@50000b5b)
	targetType	500035a1
	invokers	50003bb1
ARR 50003bb1 (sz=32, trace=301065, nelems=3, elem type=java.lang.invoke.MethodHandle[]@5000018c)
	[2]		50003d0a
OBJ 50003bb2 (sz=56, trace=301066, class=java.lang.invoke.MemberName@50000124)
ARR 50003bb3 (sz=24, trace=301067, nelems=0, elem type=java.lang.Class[]@500000fa)
OBJ 50003bb4 (sz=40, trace=300857, class=java.lang.invoke.MethodType@50000121)
OBJ 50003bb5 (sz=32, trace=300443, class=java.lang.invoke.MethodType$ConcurrentWeakInternSet$WeakEntry@50000b5f)
ARR 50003bb6 (sz=24, trace=300859, nelems=0, elem type=java.lang.Class[]@500000fa)
OBJ 50003bb7 (sz=40, trace=300860, class=java.lang.invoke.MethodType@50000121)
OBJ 50003bb8 (sz=32, trace=300443, class=java.lang.invoke.MethodType$ConcurrentWeakInternSet$WeakEntry@50000b5f)
ARR 50003bb9 (sz=24, trace=300512, nelems=0, elem type=java.lang.Class[]@500000fa)
OBJ 50003bba (sz=40, trace=300514, class=java.lang.invoke.MethodType@50000121)
OBJ 50003bbb (sz=32, trace=300443, class=java.lang.invoke.MethodType$ConcurrentWeakInternSet$WeakEntry@50000b5f)
OBJ 50003bbc (sz=40, trace=300515, class=java.lang.invoke.MethodType@50000121)
	rtype		50000169
	ptypes		50006e01
	form		50003bc0
	methodDescriptor	50003c8c
OBJ 50003bbd (sz=40, trace=300445, class=java.lang.invoke.MethodType@50000121)
OBJ 50003bbe (sz=32, trace=300443, class=java.lang.invoke.MethodType$ConcurrentWeakInternSet$WeakEntry@50000b5f)
OBJ 50003bbf (sz=40, trace=300446, class=java.lang.invoke.MethodType@50000121)
	rtype		50000169
	ptypes		50006e02
	form		50003bc0
	methodDescriptor	50003c38
OBJ 50003bc0 (sz=56, trace=300447, class=java.lang.invoke.MethodTypeForm@50000b5a)
	argToSlotTable	50003bc2
	slotToArgTable	50003bc1
	erasedType	50003bbf
	basicType	50003bbf
	methodHandles	50003bc4
	lambdaForms	50003bc3
ARR 50003bc1 (sz=52, trace=300448, nelems=13, elem type=int[])
ARR 50003bc2 (sz=52, trace=300449, nelems=13, elem type=int[])
ARR 50003bc3 (sz=88, trace=300450, nelems=2, elem type=java.lang.ref.SoftReference[]@50000b68)
	[1]		500040ee
ARR 50003bc4 (sz=32, trace=300451, nelems=0, elem type=java.lang.ref.SoftReference[]@50000b68)
OBJ 50003bc5 (sz=32, trace=300452, class=java.lang.invoke.MethodType$ConcurrentWeakInternSet$WeakEntry@50000b5f)
	referent	50003bbf
	queue		50000b52
OBJ 50003bc6 (sz=32, trace=300454, class=java.util.concurrent.ConcurrentHashMap$Node@50000021)
	key		50003bc5
	val		50003bc5
OBJ 50003bc7 (sz=32, trace=300452, class=java.lang.invoke.MethodType$ConcurrentWeakInternSet$WeakEntry@50000b5f)
	referent	50003bbc
	queue		50000b52
OBJ 50003bc8 (sz=32, trace=300521, class=java.util.concurrent.ConcurrentHashMap$Node@50000021)
	key		50003bc7
	val		50003bc7
OBJ 50003bc9 (sz=56, trace=300516, class=java.lang.invoke.MemberName@50000124)
ARR 50003bca (sz=24, trace=300518, nelems=0, elem type=java.lang.Class[]@500000fa)
OBJ 50003bcb (sz=40, trace=300519, class=java.lang.invoke.MethodType@50000121)
OBJ 50003bcc (sz=32, trace=300443, class=java.lang.invoke.MethodType$ConcurrentWeakInternSet$WeakEntry@50000b5f)
OBJ 50003bcd (sz=40, trace=300520, class=java.lang.invoke.MethodType@50000121)
	rtype		50000169
	ptypes		5000706d
	form		50003bc0
OBJ 50003bce (sz=40, trace=300445, class=java.lang.invoke.MethodType@50000121)
OBJ 50003bcf (sz=32, trace=300443, class=java.lang.invoke.MethodType$ConcurrentWeakInternSet$WeakEntry@50000b5f)
OBJ 50003bd0 (sz=32, trace=300452, class=java.lang.invoke.MethodType$ConcurrentWeakInternSet$WeakEntry@50000b5f)
	referent	50003bcd
	queue		50000b52
OBJ 50003bd1 (sz=32, trace=300454, class=java.util.concurrent.ConcurrentHashMap$Node@50000021)
	key		50003bd0
	val		50003bd0
ARR 50003bd2 (sz=72, trace=300623, nelems=0, elem type=java.lang.invoke.LambdaForm$Name[]@50000fce)
OBJ 50003bd3 (sz=32, trace=301103, class=java.lang.invoke.LambdaForm$Name@50000f62)
	type		50000f5a
OBJ 50003bd4 (sz=32, trace=301103, class=java.lang.invoke.LambdaForm$Name@50000f62)
	type		50000f5a
ARR 50003bd5 (sz=24, trace=300674, nelems=0, elem type=java.lang.Object[]@500000ff)
ARR 50003bd6 (sz=24, trace=300675, nelems=1, elem type=java.lang.Object[]@500000ff)
	[0]		50000f65
OBJ 50003bd7 (sz=32, trace=300676, class=java.lang.invoke.LambdaForm$Name@50000f62)
	type		50000f5a
	function	50001105
	arguments	50003bd6
ARR 50003bd8 (sz=64, trace=300677, nelems=0, elem type=java.lang.Object[]@500000ff)
OBJ 50003bd9 (sz=24, trace=300678, class=java.lang.invoke.LambdaForm$NamedFunction@50000f99)
	member		50006dfe
ARR 50003bda (sz=64, trace=300679, nelems=12, elem type=java.lang.Object[]@500000ff)
	[0]		50000f66
	[1]		50000f67
	[2]		50000f68
	[3]		50000f69
	[4]		50000f6a
	[5]		50000f6b
	[6]		50000f6c
	[7]		50000f6d
	[8]		50000f6e
	[9]		50003bd3
	[10]		50003bd4
	[11]		50003bd7
OBJ 50003bdb (sz=32, trace=300680, class=java.lang.invoke.LambdaForm$Name@50000f62)
	type		50000f5a
	function	50003bd9
	arguments	50003bda
OBJ 50003bdc (sz=24, trace=300681, class=java.lang.StringBuilder@50000118)
ARR 50003bdd (sz=48, trace=300682, nelems=0, elem type=char[])
ARR 50003bde (sz=88, trace=300010, nelems=0, elem type=char[])
ARR 50003bdf (sz=48, trace=300683, nelems=0, elem type=char[])
OBJ 50003be0 (sz=24, trace=300685, class=java.util.Arrays$ArrayList@5000115f)
OBJ 50003be1 (sz=24, trace=300686, class=java.util.Collections$UnmodifiableRandomAccessList@500000ca)
OBJ 50003be2 (sz=24, trace=300688, class=java.util.Collections$UnmodifiableCollection$1@50001162)
OBJ 50003be3 (sz=32, trace=300690, class=java.util.AbstractList$Itr@50001164)
OBJ 50003be4 (sz=24, trace=300691, class=java.lang.String@50000165)
ARR 50003be5 (sz=48, trace=300692, nelems=0, elem type=char[])
OBJ 50003be6 (sz=24, trace=300861, class=java.lang.StringBuilder@50000118)
ARR 50003be7 (sz=48, trace=300862, nelems=0, elem type=char[])
OBJ 50003be8 (sz=24, trace=300863, class=java.lang.String@50000165)
ARR 50003be9 (sz=32, trace=300864, nelems=0, elem type=char[])
OBJ 50003bea (sz=24, trace=300693, class=java.lang.String@50000165)
	value		50003beb
ARR 50003beb (sz=46, trace=300694, nelems=23, elem type=char[])
OBJ 50003bec (sz=48, trace=300695, class=java.lang.invoke.LambdaForm@50000122)
	names		50006dfd
	debugName	50003bea
	vmentry		50006dfc
OBJ 50003bed (sz=24, trace=300696, class=java.lang.StringBuilder@50000118)
ARR 50003bee (sz=48, trace=300697, nelems=0, elem type=char[])
OBJ 50003bef (sz=24, trace=300698, class=java.lang.String@50000165)
ARR 50003bf0 (sz=48, trace=300699, nelems=0, elem type=char[])
ARR 50003bf1 (sz=64, trace=300700, nelems=0, elem type=java.lang.Class[]@500000fa)
OBJ 50003bf2 (sz=40, trace=300701, class=java.lang.invoke.MethodType@50000121)
OBJ 50003bf3 (sz=32, trace=300443, class=java.lang.invoke.MethodType$ConcurrentWeakInternSet$WeakEntry@50000b5f)
OBJ 50003bf4 (sz=64, trace=300704, class=java.lang.invoke.InvokerBytecodeGenerator@50001172)
OBJ 50003bf5 (sz=48, trace=300705, class=java.util.HashMap@500000bd)
OBJ 50003bf6 (sz=24, trace=300706, class=java.lang.String@50000165)
ARR 50003bf7 (sz=24, trace=300707, nelems=0, elem type=char[])
OBJ 50003bf8 (sz=24, trace=300708, class=java.lang.String@50000165)
	value		50003bf9
ARR 50003bf9 (sz=38, trace=300709, nelems=19, elem type=char[])
OBJ 50003bfa (sz=24, trace=300710, class=java.lang.StringBuilder@50000118)
ARR 50003bfb (sz=48, trace=300711, nelems=0, elem type=char[])
ARR 50003bfc (sz=88, trace=300010, nelems=0, elem type=char[])
OBJ 50003bfd (sz=24, trace=300712, class=java.lang.String@50000165)
ARR 50003bfe (sz=80, trace=300713, nelems=0, elem type=char[])
OBJ 50003bff (sz=24, trace=300714, class=java.lang.StringBuilder@50000118)
ARR 50003c00 (sz=48, trace=300715, nelems=0, elem type=char[])
OBJ 50003c01 (sz=24, trace=300716, class=java.lang.String@50000165)
ARR 50003c02 (sz=48, trace=300717, nelems=0, elem type=char[])
ARR 50003c03 (sz=80, trace=300718, nelems=0, elem type=int[])
ARR 50003c04 (sz=80, trace=300719, nelems=0, elem type=java.lang.invoke.LambdaForm$BasicType[]@50000f60)
ARR 50003c05 (sz=80, trace=300720, nelems=0, elem type=java.lang.Class[]@500000fa)
OBJ 50003c06 (sz=168, trace=300723, class=jdk.internal.org.objectweb.asm.ClassWriter@50001187)
OBJ 50003c07 (sz=24, trace=300725, class=jdk.internal.org.objectweb.asm.ByteVector@5000118a)
ARR 50003c08 (sz=80, trace=300726, nelems=0, elem type=byte[])
ARR 50003c09 (sz=1040, trace=300728, nelems=0, elem type=jdk.internal.org.objectweb.asm.Item[]@5000118e)
OBJ 50003c0a (sz=56, trace=300729, class=jdk.internal.org.objectweb.asm.Item@5000118d)
OBJ 50003c0b (sz=56, trace=300730, class=jdk.internal.org.objectweb.asm.Item@5000118d)
OBJ 50003c0c (sz=56, trace=300731, class=jdk.internal.org.objectweb.asm.Item@5000118d)
OBJ 50003c0d (sz=56, trace=300732, class=jdk.internal.org.objectweb.asm.Item@5000118d)
OBJ 50003c0e (sz=56, trace=300733, class=jdk.internal.org.objectweb.asm.Item@5000118d)
OBJ 50003c0f (sz=56, trace=300734, class=jdk.internal.org.objectweb.asm.Item@5000118d)
OBJ 50003c10 (sz=56, trace=300733, class=jdk.internal.org.objectweb.asm.Item@5000118d)
OBJ 50003c11 (sz=56, trace=300735, class=jdk.internal.org.objectweb.asm.Item@5000118d)
ARR 50003c12 (sz=144, trace=300736, nelems=0, elem type=byte[])
OBJ 50003c13 (sz=56, trace=300737, class=jdk.internal.org.objectweb.asm.Item@5000118d)
OBJ 50003c14 (sz=24, trace=300685, class=java.util.Arrays$ArrayList@5000115f)
OBJ 50003c15 (sz=24, trace=300686, class=java.util.Collections$UnmodifiableRandomAccessList@500000ca)
OBJ 50003c16 (sz=24, trace=300738, class=java.lang.StringBuilder@50000118)
ARR 50003c17 (sz=48, trace=300739, nelems=0, elem type=char[])
OBJ 50003c18 (sz=24, trace=300740, class=java.util.Collections$UnmodifiableCollection$1@50001162)
OBJ 50003c19 (sz=32, trace=300690, class=java.util.AbstractList$Itr@50001164)
ARR 50003c1a (sz=48, trace=300741, nelems=0, elem type=char[])
OBJ 50003c1b (sz=24, trace=300742, class=java.lang.String@50000165)
ARR 50003c1c (sz=88, trace=300010, nelems=0, elem type=char[])
ARR 50003c1d (sz=48, trace=300741, nelems=0, elem type=char[])
OBJ 50003c1e (sz=24, trace=300742, class=java.lang.String@50000165)
ARR 50003c1f (sz=160, trace=300010, nelems=0, elem type=char[])
ARR 50003c20 (sz=48, trace=300741, nelems=0, elem type=char[])
OBJ 50003c21 (sz=24, trace=300742, class=java.lang.String@50000165)
ARR 50003c22 (sz=48, trace=300741, nelems=0, elem type=char[])
OBJ 50003c23 (sz=24, trace=300742, class=java.lang.String@50000165)
ARR 50003c24 (sz=304, trace=300010, nelems=0, elem type=char[])
ARR 50003c25 (sz=48, trace=300741, nelems=0, elem type=char[])
OBJ 50003c26 (sz=24, trace=300742, class=java.lang.String@50000165)
ARR 50003c27 (sz=48, trace=300741, nelems=0, elem type=char[])
OBJ 50003c28 (sz=24, trace=300742, class=java.lang.String@50000165)
ARR 50003c29 (sz=48, trace=300741, nelems=0, elem type=char[])
OBJ 50003c2a (sz=24, trace=300742, class=java.lang.String@50000165)
ARR 50003c2b (sz=48, trace=300741, nelems=0, elem type=char[])
OBJ 50003c2c (sz=24, trace=300742, class=java.lang.String@50000165)
ARR 50003c2d (sz=592, trace=300010, nelems=0, elem type=char[])
ARR 50003c2e (sz=48, trace=300741, nelems=0, elem type=char[])
OBJ 50003c2f (sz=24, trace=300742, class=java.lang.String@50000165)
ARR 50003c30 (sz=48, trace=300741, nelems=0, elem type=char[])
OBJ 50003c31 (sz=24, trace=300742, class=java.lang.String@50000165)
ARR 50003c32 (sz=48, trace=300741, nelems=0, elem type=char[])
OBJ 50003c33 (sz=24, trace=300742, class=java.lang.String@50000165)
ARR 50003c34 (sz=48, trace=300741, nelems=0, elem type=char[])
OBJ 50003c35 (sz=24, trace=300742, class=java.lang.String@50000165)
ARR 50003c36 (sz=48, trace=300743, nelems=0, elem type=char[])
OBJ 50003c37 (sz=24, trace=300744, class=java.lang.String@50000165)
OBJ 50003c38 (sz=24, trace=300745, class=java.lang.String@50000165)
	value		50003c39
ARR 50003c39 (sz=472, trace=300746, nelems=236, elem type=char[])
OBJ 50003c3a (sz=224, trace=300748, class=jdk.internal.org.objectweb.asm.MethodWriter@500011ab)
OBJ 50003c3b (sz=24, trace=300749, class=jdk.internal.org.objectweb.asm.ByteVector@5000118a)
ARR 50003c3c (sz=80, trace=300750, nelems=0, elem type=byte[])
OBJ 50003c3d (sz=56, trace=300751, class=jdk.internal.org.objectweb.asm.Item@5000118d)
ARR 50003c3e (sz=360, trace=300752, nelems=0, elem type=byte[])
OBJ 50003c3f (sz=56, trace=300753, class=jdk.internal.org.objectweb.asm.Item@5000118d)
OBJ 50003c40 (sz=64, trace=300765, class=jdk.internal.org.objectweb.asm.Label@500011bc)
OBJ 50003c41 (sz=48, trace=300768, class=jdk.internal.org.objectweb.asm.Frame@500011be)
OBJ 50003c42 (sz=24, trace=300769, class=jdk.internal.org.objectweb.asm.ByteVector@5000118a)
ARR 50003c43 (sz=80, trace=300770, nelems=0, elem type=byte[])
ARR 50003c44 (sz=696, trace=301101, nelems=0, elem type=byte[])
OBJ 50003c45 (sz=56, trace=300771, class=jdk.internal.org.objectweb.asm.Item@5000118d)
OBJ 50003c46 (sz=56, trace=300773, class=jdk.internal.org.objectweb.asm.AnnotationWriter@500011c5)
OBJ 50003c47 (sz=24, trace=300774, class=jdk.internal.org.objectweb.asm.ByteVector@5000118a)
ARR 50003c48 (sz=80, trace=300775, nelems=0, elem type=byte[])
OBJ 50003c49 (sz=56, trace=300776, class=jdk.internal.org.objectweb.asm.Item@5000118d)
OBJ 50003c4a (sz=56, trace=300773, class=jdk.internal.org.objectweb.asm.AnnotationWriter@500011c5)
OBJ 50003c4b (sz=24, trace=300777, class=jdk.internal.org.objectweb.asm.ByteVector@5000118a)
ARR 50003c4c (sz=80, trace=300778, nelems=0, elem type=byte[])
OBJ 50003c4d (sz=56, trace=300780, class=jdk.internal.org.objectweb.asm.Item@5000118d)
OBJ 50003c4e (sz=56, trace=300773, class=jdk.internal.org.objectweb.asm.AnnotationWriter@500011c5)
OBJ 50003c4f (sz=24, trace=300795, class=java.lang.String@50000165)
ARR 50003c50 (sz=56, trace=300462, nelems=0, elem type=char[])
ARR 50003c51 (sz=88, trace=300796, nelems=0, elem type=char[])
OBJ 50003c52 (sz=24, trace=300797, class=java.lang.String@50000165)
ARR 50003c53 (sz=56, trace=300798, nelems=0, elem type=int[])
OBJ 50003c54 (sz=56, trace=300733, class=jdk.internal.org.objectweb.asm.Item@5000118d)
OBJ 50003c55 (sz=56, trace=300800, class=jdk.internal.org.objectweb.asm.Item@5000118d)
OBJ 50003c56 (sz=56, trace=300801, class=jdk.internal.org.objectweb.asm.Item@5000118d)
OBJ 50003c57 (sz=56, trace=300802, class=jdk.internal.org.objectweb.asm.Item@5000118d)
OBJ 50003c58 (sz=56, trace=300803, class=jdk.internal.org.objectweb.asm.Item@5000118d)
OBJ 50003c59 (sz=56, trace=300804, class=jdk.internal.org.objectweb.asm.Item@5000118d)
OBJ 50003c5a (sz=24, trace=300805, class=java.lang.String@50000165)
ARR 50003c5b (sz=48, trace=300806, nelems=0, elem type=char[])
OBJ 50003c5c (sz=56, trace=300807, class=jdk.internal.org.objectweb.asm.Item@5000118d)
ARR 50003c5d (sz=80, trace=300808, nelems=0, elem type=jdk.internal.org.objectweb.asm.Item[]@5000118e)
ARR 50003c5e (sz=56, trace=300809, nelems=0, elem type=int[])
ARR 50003c5f (sz=96, trace=301102, nelems=0, elem type=int[])
OBJ 50003c60 (sz=24, trace=300795, class=java.lang.String@50000165)
ARR 50003c61 (sz=40, trace=300462, nelems=0, elem type=char[])
ARR 50003c62 (sz=96, trace=301104, nelems=0, elem type=int[])
ARR 50003c63 (sz=72, trace=300811, nelems=0, elem type=char[])
OBJ 50003c64 (sz=24, trace=300812, class=java.lang.String@50000165)
OBJ 50003c65 (sz=56, trace=300813, class=jdk.internal.org.objectweb.asm.Item@5000118d)
OBJ 50003c66 (sz=56, trace=300814, class=jdk.internal.org.objectweb.asm.Item@5000118d)
OBJ 50003c67 (sz=56, trace=300815, class=jdk.internal.org.objectweb.asm.Item@5000118d)
OBJ 50003c68 (sz=24, trace=300685, class=java.util.Arrays$ArrayList@5000115f)
OBJ 50003c69 (sz=24, trace=300686, class=java.util.Collections$UnmodifiableRandomAccessList@500000ca)
OBJ 50003c6a (sz=24, trace=300738, class=java.lang.StringBuilder@50000118)
ARR 50003c6b (sz=48, trace=300739, nelems=0, elem type=char[])
OBJ 50003c6c (sz=24, trace=300740, class=java.util.Collections$UnmodifiableCollection$1@50001162)
OBJ 50003c6d (sz=32, trace=300690, class=java.util.AbstractList$Itr@50001164)
ARR 50003c6e (sz=48, trace=300741, nelems=0, elem type=char[])
OBJ 50003c6f (sz=24, trace=300742, class=java.lang.String@50000165)
ARR 50003c70 (sz=88, trace=300010, nelems=0, elem type=char[])
ARR 50003c71 (sz=48, trace=300741, nelems=0, elem type=char[])
OBJ 50003c72 (sz=24, trace=300742, class=java.lang.String@50000165)
ARR 50003c73 (sz=160, trace=300010, nelems=0, elem type=char[])
ARR 50003c74 (sz=48, trace=300741, nelems=0, elem type=char[])
OBJ 50003c75 (sz=24, trace=300742, class=java.lang.String@50000165)
ARR 50003c76 (sz=48, trace=300741, nelems=0, elem type=char[])
OBJ 50003c77 (sz=24, trace=300742, class=java.lang.String@50000165)
ARR 50003c78 (sz=304, trace=300010, nelems=0, elem type=char[])
ARR 50003c79 (sz=48, trace=300741, nelems=0, elem type=char[])
OBJ 50003c7a (sz=24, trace=300742, class=java.lang.String@50000165)
ARR 50003c7b (sz=48, trace=300741, nelems=0, elem type=char[])
OBJ 50003c7c (sz=24, trace=300742, class=java.lang.String@50000165)
ARR 50003c7d (sz=48, trace=300741, nelems=0, elem type=char[])
OBJ 50003c7e (sz=24, trace=300742, class=java.lang.String@50000165)
ARR 50003c7f (sz=48, trace=300741, nelems=0, elem type=char[])
OBJ 50003c80 (sz=24, trace=300742, class=java.lang.String@50000165)
ARR 50003c81 (sz=592, trace=300010, nelems=0, elem type=char[])
ARR 50003c82 (sz=48, trace=300741, nelems=0, elem type=char[])
OBJ 50003c83 (sz=24, trace=300742, class=java.lang.String@50000165)
ARR 50003c84 (sz=48, trace=300741, nelems=0, elem type=char[])
OBJ 50003c85 (sz=24, trace=300742, class=java.lang.String@50000165)
ARR 50003c86 (sz=48, trace=300741, nelems=0, elem type=char[])
OBJ 50003c87 (sz=24, trace=300742, class=java.lang.String@50000165)
ARR 50003c88 (sz=72, trace=300741, nelems=0, elem type=char[])
OBJ 50003c89 (sz=24, trace=300742, class=java.lang.String@50000165)
ARR 50003c8a (sz=48, trace=300743, nelems=0, elem type=char[])
OBJ 50003c8b (sz=24, trace=300744, class=java.lang.String@50000165)
OBJ 50003c8c (sz=24, trace=300745, class=java.lang.String@50000165)
	value		50003c8d
ARR 50003c8d (sz=494, trace=300746, nelems=247, elem type=char[])
OBJ 50003c8e (sz=56, trace=300733, class=jdk.internal.org.objectweb.asm.Item@5000118d)
OBJ 50003c8f (sz=56, trace=300800, class=jdk.internal.org.objectweb.asm.Item@5000118d)
OBJ 50003c90 (sz=56, trace=300801, class=jdk.internal.org.objectweb.asm.Item@5000118d)
ARR 50003c91 (sz=1368, trace=300816, nelems=0, elem type=byte[])
OBJ 50003c92 (sz=56, trace=300802, class=jdk.internal.org.objectweb.asm.Item@5000118d)
OBJ 50003c93 (sz=56, trace=300803, class=jdk.internal.org.objectweb.asm.Item@5000118d)
OBJ 50003c94 (sz=56, trace=300804, class=jdk.internal.org.objectweb.asm.Item@5000118d)
OBJ 50003c95 (sz=24, trace=300805, class=java.lang.String@50000165)
ARR 50003c96 (sz=48, trace=300806, nelems=0, elem type=char[])
OBJ 50003c97 (sz=64, trace=300817, class=jdk.internal.org.objectweb.asm.Label@500011bc)
OBJ 50003c98 (sz=48, trace=300818, class=jdk.internal.org.objectweb.asm.Frame@500011be)
ARR 50003c99 (sz=488, trace=300819, nelems=0, elem type=char[])
ARR 50003c9a (sz=64, trace=300820, nelems=0, elem type=jdk.internal.org.objectweb.asm.Type[]@50001222)
OBJ 50003c9b (sz=32, trace=300821, class=jdk.internal.org.objectweb.asm.Type@500011b2)
OBJ 50003c9c (sz=32, trace=300821, class=jdk.internal.org.objectweb.asm.Type@500011b2)
OBJ 50003c9d (sz=32, trace=300821, class=jdk.internal.org.objectweb.asm.Type@500011b2)
OBJ 50003c9e (sz=32, trace=300821, class=jdk.internal.org.objectweb.asm.Type@500011b2)
OBJ 50003c9f (sz=32, trace=300821, class=jdk.internal.org.objectweb.asm.Type@500011b2)
OBJ 50003ca0 (sz=32, trace=300821, class=jdk.internal.org.objectweb.asm.Type@500011b2)
OBJ 50003ca1 (sz=32, trace=300821, class=jdk.internal.org.objectweb.asm.Type@500011b2)
OBJ 50003ca2 (sz=32, trace=300821, class=jdk.internal.org.objectweb.asm.Type@500011b2)
OBJ 50003ca3 (sz=32, trace=300821, class=jdk.internal.org.objectweb.asm.Type@500011b2)
OBJ 50003ca4 (sz=32, trace=300821, class=jdk.internal.org.objectweb.asm.Type@500011b2)
OBJ 50003ca5 (sz=32, trace=300821, class=jdk.internal.org.objectweb.asm.Type@500011b2)
OBJ 50003ca6 (sz=32, trace=300821, class=jdk.internal.org.objectweb.asm.Type@500011b2)
ARR 50003ca7 (sz=72, trace=300822, nelems=0, elem type=int[])
ARR 50003ca8 (sz=16, trace=300823, nelems=0, elem type=int[])
OBJ 50003ca9 (sz=24, trace=300824, class=java.lang.StringBuffer@50000119)
ARR 50003caa (sz=48, trace=300825, nelems=0, elem type=char[])
ARR 50003cab (sz=88, trace=300826, nelems=0, elem type=char[])
ARR 50003cac (sz=56, trace=300827, nelems=0, elem type=char[])
OBJ 50003cad (sz=24, trace=300828, class=java.lang.String@50000165)
OBJ 50003cae (sz=24, trace=300829, class=java.lang.String@50000165)
ARR 50003caf (sz=48, trace=300806, nelems=0, elem type=char[])
OBJ 50003cb0 (sz=24, trace=300824, class=java.lang.StringBuffer@50000119)
ARR 50003cb1 (sz=48, trace=300825, nelems=0, elem type=char[])
ARR 50003cb2 (sz=88, trace=300826, nelems=0, elem type=char[])
ARR 50003cb3 (sz=56, trace=300827, nelems=0, elem type=char[])
OBJ 50003cb4 (sz=24, trace=300828, class=java.lang.String@50000165)
OBJ 50003cb5 (sz=24, trace=300829, class=java.lang.String@50000165)
ARR 50003cb6 (sz=48, trace=300806, nelems=0, elem type=char[])
OBJ 50003cb7 (sz=24, trace=300824, class=java.lang.StringBuffer@50000119)
ARR 50003cb8 (sz=48, trace=300825, nelems=0, elem type=char[])
ARR 50003cb9 (sz=88, trace=300826, nelems=0, elem type=char[])
ARR 50003cba (sz=56, trace=300827, nelems=0, elem type=char[])
OBJ 50003cbb (sz=24, trace=300828, class=java.lang.String@50000165)
OBJ 50003cbc (sz=24, trace=300829, class=java.lang.String@50000165)
ARR 50003cbd (sz=48, trace=300806, nelems=0, elem type=char[])
OBJ 50003cbe (sz=24, trace=300824, class=java.lang.StringBuffer@50000119)
ARR 50003cbf (sz=48, trace=300825, nelems=0, elem type=char[])
ARR 50003cc0 (sz=88, trace=300826, nelems=0, elem type=char[])
ARR 50003cc1 (sz=56, trace=300827, nelems=0, elem type=char[])
OBJ 50003cc2 (sz=24, trace=300828, class=java.lang.String@50000165)
OBJ 50003cc3 (sz=24, trace=300829, class=java.lang.String@50000165)
ARR 50003cc4 (sz=48, trace=300806, nelems=0, elem type=char[])
OBJ 50003cc5 (sz=24, trace=300824, class=java.lang.StringBuffer@50000119)
ARR 50003cc6 (sz=48, trace=300825, nelems=0, elem type=char[])
ARR 50003cc7 (sz=88, trace=300826, nelems=0, elem type=char[])
ARR 50003cc8 (sz=56, trace=300827, nelems=0, elem type=char[])
OBJ 50003cc9 (sz=24, trace=300828, class=java.lang.String@50000165)
OBJ 50003cca (sz=24, trace=300829, class=java.lang.String@50000165)
ARR 50003ccb (sz=48, trace=300806, nelems=0, elem type=char[])
OBJ 50003ccc (sz=24, trace=300824, class=java.lang.StringBuffer@50000119)
ARR 50003ccd (sz=48, trace=300825, nelems=0, elem type=char[])
ARR 50003cce (sz=88, trace=300826, nelems=0, elem type=char[])
ARR 50003ccf (sz=56, trace=300827, nelems=0, elem type=char[])
OBJ 50003cd0 (sz=24, trace=300828, class=java.lang.String@50000165)
OBJ 50003cd1 (sz=24, trace=300829, class=java.lang.String@50000165)
ARR 50003cd2 (sz=48, trace=300806, nelems=0, elem type=char[])
OBJ 50003cd3 (sz=24, trace=300824, class=java.lang.StringBuffer@50000119)
ARR 50003cd4 (sz=48, trace=300825, nelems=0, elem type=char[])
ARR 50003cd5 (sz=88, trace=300826, nelems=0, elem type=char[])
ARR 50003cd6 (sz=56, trace=300827, nelems=0, elem type=char[])
OBJ 50003cd7 (sz=24, trace=300828, class=java.lang.String@50000165)
OBJ 50003cd8 (sz=24, trace=300829, class=java.lang.String@50000165)
ARR 50003cd9 (sz=48, trace=300806, nelems=0, elem type=char[])
OBJ 50003cda (sz=24, trace=300824, class=java.lang.StringBuffer@50000119)
ARR 50003cdb (sz=48, trace=300825, nelems=0, elem type=char[])
ARR 50003cdc (sz=88, trace=300826, nelems=0, elem type=char[])
ARR 50003cdd (sz=56, trace=300827, nelems=0, elem type=char[])
OBJ 50003cde (sz=24, trace=300828, class=java.lang.String@50000165)
OBJ 50003cdf (sz=24, trace=300829, class=java.lang.String@50000165)
ARR 50003ce0 (sz=48, trace=300806, nelems=0, elem type=char[])
OBJ 50003ce1 (sz=24, trace=300824, class=java.lang.StringBuffer@50000119)
ARR 50003ce2 (sz=48, trace=300825, nelems=0, elem type=char[])
ARR 50003ce3 (sz=88, trace=300826, nelems=0, elem type=char[])
ARR 50003ce4 (sz=56, trace=300827, nelems=0, elem type=char[])
OBJ 50003ce5 (sz=24, trace=300828, class=java.lang.String@50000165)
OBJ 50003ce6 (sz=24, trace=300829, class=java.lang.String@50000165)
ARR 50003ce7 (sz=48, trace=300806, nelems=0, elem type=char[])
OBJ 50003ce8 (sz=24, trace=300824, class=java.lang.StringBuffer@50000119)
ARR 50003ce9 (sz=48, trace=300825, nelems=0, elem type=char[])
ARR 50003cea (sz=88, trace=300826, nelems=0, elem type=char[])
ARR 50003ceb (sz=56, trace=300827, nelems=0, elem type=char[])
OBJ 50003cec (sz=24, trace=300828, class=java.lang.String@50000165)
OBJ 50003ced (sz=24, trace=300829, class=java.lang.String@50000165)
ARR 50003cee (sz=48, trace=300806, nelems=0, elem type=char[])
OBJ 50003cef (sz=24, trace=300824, class=java.lang.StringBuffer@50000119)
ARR 50003cf0 (sz=48, trace=300825, nelems=0, elem type=char[])
ARR 50003cf1 (sz=88, trace=300826, nelems=0, elem type=char[])
ARR 50003cf2 (sz=56, trace=300827, nelems=0, elem type=char[])
OBJ 50003cf3 (sz=24, trace=300828, class=java.lang.String@50000165)
OBJ 50003cf4 (sz=24, trace=300829, class=java.lang.String@50000165)
ARR 50003cf5 (sz=48, trace=300806, nelems=0, elem type=char[])
OBJ 50003cf6 (sz=24, trace=300824, class=java.lang.StringBuffer@50000119)
ARR 50003cf7 (sz=48, trace=300825, nelems=0, elem type=char[])
ARR 50003cf8 (sz=88, trace=300826, nelems=0, elem type=char[])
ARR 50003cf9 (sz=56, trace=300827, nelems=0, elem type=char[])
OBJ 50003cfa (sz=24, trace=300828, class=java.lang.String@50000165)
OBJ 50003cfb (sz=24, trace=300829, class=java.lang.String@50000165)
ARR 50003cfc (sz=48, trace=300806, nelems=0, elem type=char[])
ARR 50003cfd (sz=80, trace=300830, nelems=0, elem type=int[])
ARR 50003cfe (sz=24, trace=300831, nelems=0, elem type=java.lang.Object[]@500000ff)
OBJ 50003cff (sz=56, trace=300832, class=jdk.internal.org.objectweb.asm.Item@5000118d)
OBJ 50003d00 (sz=56, trace=300833, class=jdk.internal.org.objectweb.asm.Item@5000118d)
OBJ 50003d01 (sz=56, trace=300834, class=jdk.internal.org.objectweb.asm.Item@5000118d)
OBJ 50003d02 (sz=24, trace=300835, class=jdk.internal.org.objectweb.asm.ByteVector@5000118a)
ARR 50003d03 (sz=1088, trace=300836, nelems=0, elem type=byte[])
ARR 50003d04 (sz=128, trace=300837, nelems=0, elem type=java.lang.Object[]@500000ff)
OBJ 50003d05 (sz=16, trace=300839, class=java.util.HashMap$Values@5000123e)
OBJ 50003d06 (sz=40, trace=300841, class=java.util.HashMap$ValueIterator@50001241)
OBJ 50003d08 (sz=56, trace=300843, class=java.lang.invoke.MemberName@50000124)
OBJ 50003d09 (sz=40, trace=300844, class=java.lang.ref.SoftReference@50000149)
	referent	50003bec
	queue		50006b4d
OBJ 50003d0a (sz=32, trace=300845, class=java.lang.invoke.DirectMethodHandle@50000125)
	type		500038ad
	form		50003bec
	member		50006df9
OBJ 50003d0b (sz=40, trace=301012, class=java.lang.ref.SoftReference@50000149)
	referent	50003d0a
	queue		50006b4d
ARR 50003d0c (sz=64, trace=301068, nelems=11, elem type=java.lang.Object[]@500000ff)
	[0]		50003bad
	[1]		50000f66
	[2]		50000f67
	[3]		50000f68
	[4]		50000f69
	[5]		50000f6a
	[6]		50000f6b
	[7]		50000f6c
	[8]		50000f6d
	[9]		50000f6e
	[10]		50003ba6
OBJ 50003d0d (sz=32, trace=301069, class=java.lang.invoke.LambdaForm$Name@50000f62)
	type		50000f5a
	function	50003baf
	arguments	50003d0c
OBJ 50003d0e (sz=48, trace=301070, class=java.lang.invoke.LambdaForm@50000122)
	names		50006f5e
	debugName	50006e2d
	vmentry		50006f5d
OBJ 50003d0f (sz=40, trace=300844, class=java.lang.ref.SoftReference@50000149)
	referent	50003d0e
	queue		50006b4d
OBJ 50003d10 (sz=40, trace=301098, class=java.lang.invoke.MethodHandleImpl$IntrinsicMethodHandle@500026a0)
	type		50003ab1
	form		50003d0e
	target		50003ba1
	intrinsicName	500011d3
OBJ 50003d11 (sz=24, trace=300696, class=java.lang.StringBuilder@50000118)
ARR 50003d12 (sz=48, trace=300697, nelems=0, elem type=char[])
OBJ 50003d13 (sz=24, trace=300698, class=java.lang.String@50000165)
ARR 50003d14 (sz=48, trace=300699, nelems=0, elem type=char[])
ARR 50003d15 (sz=64, trace=300938, nelems=0, elem type=java.lang.Class[]@500000fa)
OBJ 50003d16 (sz=40, trace=300701, class=java.lang.invoke.MethodType@50000121)
OBJ 50003d17 (sz=32, trace=300443, class=java.lang.invoke.MethodType$ConcurrentWeakInternSet$WeakEntry@50000b5f)
OBJ 50003d18 (sz=64, trace=300704, class=java.lang.invoke.InvokerBytecodeGenerator@50001172)
OBJ 50003d19 (sz=48, trace=300705, class=java.util.HashMap@500000bd)
OBJ 50003d1a (sz=24, trace=300706, class=java.lang.String@50000165)
ARR 50003d1b (sz=24, trace=300707, nelems=0, elem type=char[])
OBJ 50003d1c (sz=24, trace=300708, class=java.lang.String@50000165)
	value		50003d1d
ARR 50003d1d (sz=16, trace=300709, nelems=8, elem type=char[])
OBJ 50003d1e (sz=24, trace=300710, class=java.lang.StringBuilder@50000118)
ARR 50003d1f (sz=48, trace=300711, nelems=0, elem type=char[])
ARR 50003d20 (sz=88, trace=300010, nelems=0, elem type=char[])
OBJ 50003d21 (sz=24, trace=300712, class=java.lang.String@50000165)
ARR 50003d22 (sz=80, trace=300713, nelems=0, elem type=char[])
OBJ 50003d23 (sz=24, trace=300714, class=java.lang.StringBuilder@50000118)
ARR 50003d24 (sz=48, trace=300715, nelems=0, elem type=char[])
OBJ 50003d25 (sz=24, trace=300716, class=java.lang.String@50000165)
ARR 50003d26 (sz=48, trace=300717, nelems=0, elem type=char[])
ARR 50003d27 (sz=72, trace=300718, nelems=0, elem type=int[])
ARR 50003d28 (sz=72, trace=300719, nelems=0, elem type=java.lang.invoke.LambdaForm$BasicType[]@50000f60)
ARR 50003d29 (sz=72, trace=300720, nelems=0, elem type=java.lang.Class[]@500000fa)
OBJ 50003d2a (sz=168, trace=300723, class=jdk.internal.org.objectweb.asm.ClassWriter@50001187)
OBJ 50003d2b (sz=24, trace=300725, class=jdk.internal.org.objectweb.asm.ByteVector@5000118a)
ARR 50003d2c (sz=80, trace=300726, nelems=0, elem type=byte[])
ARR 50003d2d (sz=1040, trace=300728, nelems=0, elem type=jdk.internal.org.objectweb.asm.Item[]@5000118e)
OBJ 50003d2e (sz=56, trace=300729, class=jdk.internal.org.objectweb.asm.Item@5000118d)
OBJ 50003d2f (sz=56, trace=300730, class=jdk.internal.org.objectweb.asm.Item@5000118d)
OBJ 50003d30 (sz=56, trace=300731, class=jdk.internal.org.objectweb.asm.Item@5000118d)
OBJ 50003d31 (sz=56, trace=300732, class=jdk.internal.org.objectweb.asm.Item@5000118d)
OBJ 50003d32 (sz=56, trace=300733, class=jdk.internal.org.objectweb.asm.Item@5000118d)
OBJ 50003d33 (sz=56, trace=300734, class=jdk.internal.org.objectweb.asm.Item@5000118d)
OBJ 50003d34 (sz=56, trace=300733, class=jdk.internal.org.objectweb.asm.Item@5000118d)
OBJ 50003d35 (sz=56, trace=300735, class=jdk.internal.org.objectweb.asm.Item@5000118d)
ARR 50003d36 (sz=144, trace=300736, nelems=0, elem type=byte[])
OBJ 50003d37 (sz=56, trace=300737, class=jdk.internal.org.objectweb.asm.Item@5000118d)
OBJ 50003d38 (sz=224, trace=300748, class=jdk.internal.org.objectweb.asm.MethodWriter@500011ab)
OBJ 50003d39 (sz=24, trace=300749, class=jdk.internal.org.objectweb.asm.ByteVector@5000118a)
ARR 50003d3a (sz=80, trace=300750, nelems=0, elem type=byte[])
OBJ 50003d3b (sz=56, trace=300751, class=jdk.internal.org.objectweb.asm.Item@5000118d)
ARR 50003d3c (sz=328, trace=300752, nelems=0, elem type=byte[])
OBJ 50003d3d (sz=56, trace=300753, class=jdk.internal.org.objectweb.asm.Item@5000118d)
OBJ 50003d3e (sz=64, trace=300765, class=jdk.internal.org.objectweb.asm.Label@500011bc)
OBJ 50003d3f (sz=48, trace=300768, class=jdk.internal.org.objectweb.asm.Frame@500011be)
OBJ 50003d40 (sz=24, trace=300769, class=jdk.internal.org.objectweb.asm.ByteVector@5000118a)
ARR 50003d41 (sz=80, trace=300770, nelems=0, elem type=byte[])
ARR 50003d42 (sz=632, trace=301101, nelems=0, elem type=byte[])
OBJ 50003d43 (sz=56, trace=300771, class=jdk.internal.org.objectweb.asm.Item@5000118d)
OBJ 50003d44 (sz=56, trace=300773, class=jdk.internal.org.objectweb.asm.AnnotationWriter@500011c5)
OBJ 50003d45 (sz=24, trace=300774, class=jdk.internal.org.objectweb.asm.ByteVector@5000118a)
ARR 50003d46 (sz=80, trace=300775, nelems=0, elem type=byte[])
OBJ 50003d47 (sz=56, trace=300776, class=jdk.internal.org.objectweb.asm.Item@5000118d)
OBJ 50003d48 (sz=56, trace=300773, class=jdk.internal.org.objectweb.asm.AnnotationWriter@500011c5)
OBJ 50003d49 (sz=24, trace=300777, class=jdk.internal.org.objectweb.asm.ByteVector@5000118a)
ARR 50003d4a (sz=80, trace=300778, nelems=0, elem type=byte[])
OBJ 50003d4b (sz=56, trace=300780, class=jdk.internal.org.objectweb.asm.Item@5000118d)
OBJ 50003d4c (sz=56, trace=300773, class=jdk.internal.org.objectweb.asm.AnnotationWriter@500011c5)
OBJ 50003d4d (sz=24, trace=300795, class=java.lang.String@50000165)
ARR 50003d4e (sz=64, trace=300462, nelems=0, elem type=char[])
ARR 50003d4f (sz=96, trace=300796, nelems=0, elem type=char[])
OBJ 50003d50 (sz=24, trace=300797, class=java.lang.String@50000165)
ARR 50003d51 (sz=24, trace=300920, nelems=0, elem type=java.lang.Class[]@500000fa)
OBJ 50003d52 (sz=40, trace=300860, class=java.lang.invoke.MethodType@50000121)
OBJ 50003d53 (sz=32, trace=300443, class=java.lang.invoke.MethodType$ConcurrentWeakInternSet$WeakEntry@50000b5f)
ARR 50003d54 (sz=56, trace=300798, nelems=0, elem type=int[])
ARR 50003d55 (sz=96, trace=300811, nelems=0, elem type=char[])
OBJ 50003d56 (sz=24, trace=300812, class=java.lang.String@50000165)
OBJ 50003d57 (sz=56, trace=300813, class=jdk.internal.org.objectweb.asm.Item@5000118d)
OBJ 50003d58 (sz=56, trace=300814, class=jdk.internal.org.objectweb.asm.Item@5000118d)
OBJ 50003d59 (sz=56, trace=300815, class=jdk.internal.org.objectweb.asm.Item@5000118d)
ARR 50003d5a (sz=80, trace=301072, nelems=0, elem type=jdk.internal.org.objectweb.asm.Item[]@5000118e)
OBJ 50003d5b (sz=56, trace=300801, class=jdk.internal.org.objectweb.asm.Item@5000118d)
OBJ 50003d5c (sz=56, trace=300802, class=jdk.internal.org.objectweb.asm.Item@5000118d)
OBJ 50003d5d (sz=56, trace=300803, class=jdk.internal.org.objectweb.asm.Item@5000118d)
OBJ 50003d5e (sz=56, trace=300804, class=jdk.internal.org.objectweb.asm.Item@5000118d)
OBJ 50003d5f (sz=24, trace=300805, class=java.lang.String@50000165)
ARR 50003d60 (sz=80, trace=300806, nelems=0, elem type=char[])
OBJ 50003d61 (sz=56, trace=300807, class=jdk.internal.org.objectweb.asm.Item@5000118d)
ARR 50003d62 (sz=24, trace=300931, nelems=0, elem type=java.lang.Class[]@500000fa)
OBJ 50003d63 (sz=40, trace=300860, class=java.lang.invoke.MethodType@50000121)
OBJ 50003d64 (sz=32, trace=300443, class=java.lang.invoke.MethodType$ConcurrentWeakInternSet$WeakEntry@50000b5f)
ARR 50003d65 (sz=56, trace=300809, nelems=0, elem type=int[])
ARR 50003d66 (sz=96, trace=301102, nelems=0, elem type=int[])
OBJ 50003d67 (sz=24, trace=300795, class=java.lang.String@50000165)
ARR 50003d68 (sz=40, trace=300462, nelems=0, elem type=char[])
ARR 50003d69 (sz=96, trace=301104, nelems=0, elem type=int[])
OBJ 50003d6a (sz=56, trace=300733, class=jdk.internal.org.objectweb.asm.Item@5000118d)
OBJ 50003d6b (sz=56, trace=300800, class=jdk.internal.org.objectweb.asm.Item@5000118d)
OBJ 50003d6c (sz=56, trace=300801, class=jdk.internal.org.objectweb.asm.Item@5000118d)
ARR 50003d6d (sz=1240, trace=300816, nelems=0, elem type=byte[])
OBJ 50003d6e (sz=56, trace=300802, class=jdk.internal.org.objectweb.asm.Item@5000118d)
OBJ 50003d6f (sz=56, trace=300803, class=jdk.internal.org.objectweb.asm.Item@5000118d)
OBJ 50003d70 (sz=56, trace=300804, class=jdk.internal.org.objectweb.asm.Item@5000118d)
OBJ 50003d71 (sz=24, trace=300805, class=java.lang.String@50000165)
ARR 50003d72 (sz=48, trace=300806, nelems=0, elem type=char[])
OBJ 50003d73 (sz=56, trace=300807, class=jdk.internal.org.objectweb.asm.Item@5000118d)
ARR 50003d74 (sz=24, trace=300931, nelems=0, elem type=java.lang.Class[]@500000fa)
OBJ 50003d75 (sz=40, trace=300860, class=java.lang.invoke.MethodType@50000121)
OBJ 50003d76 (sz=32, trace=300443, class=java.lang.invoke.MethodType$ConcurrentWeakInternSet$WeakEntry@50000b5f)
OBJ 50003d77 (sz=64, trace=300817, class=jdk.internal.org.objectweb.asm.Label@500011bc)
OBJ 50003d78 (sz=48, trace=300818, class=jdk.internal.org.objectweb.asm.Frame@500011be)
ARR 50003d79 (sz=456, trace=300819, nelems=0, elem type=char[])
ARR 50003d7a (sz=64, trace=300820, nelems=0, elem type=jdk.internal.org.objectweb.asm.Type[]@50001222)
OBJ 50003d7b (sz=32, trace=300821, class=jdk.internal.org.objectweb.asm.Type@500011b2)
OBJ 50003d7c (sz=32, trace=300821, class=jdk.internal.org.objectweb.asm.Type@500011b2)
OBJ 50003d7d (sz=32, trace=300821, class=jdk.internal.org.objectweb.asm.Type@500011b2)
OBJ 50003d7e (sz=32, trace=300821, class=jdk.internal.org.objectweb.asm.Type@500011b2)
OBJ 50003d7f (sz=32, trace=300821, class=jdk.internal.org.objectweb.asm.Type@500011b2)
OBJ 50003d80 (sz=32, trace=300821, class=jdk.internal.org.objectweb.asm.Type@500011b2)
OBJ 50003d81 (sz=32, trace=300821, class=jdk.internal.org.objectweb.asm.Type@500011b2)
OBJ 50003d82 (sz=32, trace=300821, class=jdk.internal.org.objectweb.asm.Type@500011b2)
OBJ 50003d83 (sz=32, trace=300821, class=jdk.internal.org.objectweb.asm.Type@500011b2)
OBJ 50003d84 (sz=32, trace=300821, class=jdk.internal.org.objectweb.asm.Type@500011b2)
OBJ 50003d85 (sz=32, trace=300821, class=jdk.internal.org.objectweb.asm.Type@500011b2)
ARR 50003d86 (sz=64, trace=300822, nelems=0, elem type=int[])
ARR 50003d87 (sz=16, trace=300823, nelems=0, elem type=int[])
OBJ 50003d88 (sz=24, trace=300824, class=java.lang.StringBuffer@50000119)
ARR 50003d89 (sz=48, trace=300825, nelems=0, elem type=char[])
ARR 50003d8a (sz=88, trace=300826, nelems=0, elem type=char[])
ARR 50003d8b (sz=56, trace=300827, nelems=0, elem type=char[])
OBJ 50003d8c (sz=24, trace=300828, class=java.lang.String@50000165)
OBJ 50003d8d (sz=24, trace=300829, class=java.lang.String@50000165)
ARR 50003d8e (sz=48, trace=300806, nelems=0, elem type=char[])
OBJ 50003d8f (sz=24, trace=300824, class=java.lang.StringBuffer@50000119)
ARR 50003d90 (sz=48, trace=300825, nelems=0, elem type=char[])
ARR 50003d91 (sz=88, trace=300826, nelems=0, elem type=char[])
ARR 50003d92 (sz=56, trace=300827, nelems=0, elem type=char[])
OBJ 50003d93 (sz=24, trace=300828, class=java.lang.String@50000165)
OBJ 50003d94 (sz=24, trace=300829, class=java.lang.String@50000165)
ARR 50003d95 (sz=48, trace=300806, nelems=0, elem type=char[])
OBJ 50003d96 (sz=24, trace=300824, class=java.lang.StringBuffer@50000119)
ARR 50003d97 (sz=48, trace=300825, nelems=0, elem type=char[])
ARR 50003d98 (sz=88, trace=300826, nelems=0, elem type=char[])
ARR 50003d99 (sz=56, trace=300827, nelems=0, elem type=char[])
OBJ 50003d9a (sz=24, trace=300828, class=java.lang.String@50000165)
OBJ 50003d9b (sz=24, trace=300829, class=java.lang.String@50000165)
ARR 50003d9c (sz=48, trace=300806, nelems=0, elem type=char[])
OBJ 50003d9d (sz=24, trace=300824, class=java.lang.StringBuffer@50000119)
ARR 50003d9e (sz=48, trace=300825, nelems=0, elem type=char[])
ARR 50003d9f (sz=88, trace=300826, nelems=0, elem type=char[])
ARR 50003da0 (sz=56, trace=300827, nelems=0, elem type=char[])
OBJ 50003da1 (sz=24, trace=300828, class=java.lang.String@50000165)
OBJ 50003da2 (sz=24, trace=300829, class=java.lang.String@50000165)
ARR 50003da3 (sz=48, trace=300806, nelems=0, elem type=char[])
OBJ 50003da4 (sz=24, trace=300824, class=java.lang.StringBuffer@50000119)
ARR 50003da5 (sz=48, trace=300825, nelems=0, elem type=char[])
ARR 50003da6 (sz=88, trace=300826, nelems=0, elem type=char[])
ARR 50003da7 (sz=56, trace=300827, nelems=0, elem type=char[])
OBJ 50003da8 (sz=24, trace=300828, class=java.lang.String@50000165)
OBJ 50003da9 (sz=24, trace=300829, class=java.lang.String@50000165)
ARR 50003daa (sz=48, trace=300806, nelems=0, elem type=char[])
OBJ 50003dab (sz=24, trace=300824, class=java.lang.StringBuffer@50000119)
ARR 50003dac (sz=48, trace=300825, nelems=0, elem type=char[])
ARR 50003dad (sz=88, trace=300826, nelems=0, elem type=char[])
ARR 50003dae (sz=56, trace=300827, nelems=0, elem type=char[])
OBJ 50003daf (sz=24, trace=300828, class=java.lang.String@50000165)
OBJ 50003db0 (sz=24, trace=300829, class=java.lang.String@50000165)
ARR 50003db1 (sz=48, trace=300806, nelems=0, elem type=char[])
OBJ 50003db2 (sz=24, trace=300824, class=java.lang.StringBuffer@50000119)
ARR 50003db3 (sz=48, trace=300825, nelems=0, elem type=char[])
ARR 50003db4 (sz=88, trace=300826, nelems=0, elem type=char[])
ARR 50003db5 (sz=56, trace=300827, nelems=0, elem type=char[])
OBJ 50003db6 (sz=24, trace=300828, class=java.lang.String@50000165)
OBJ 50003db7 (sz=24, trace=300829, class=java.lang.String@50000165)
ARR 50003db8 (sz=48, trace=300806, nelems=0, elem type=char[])
OBJ 50003db9 (sz=24, trace=300824, class=java.lang.StringBuffer@50000119)
ARR 50003dba (sz=48, trace=300825, nelems=0, elem type=char[])
ARR 50003dbb (sz=88, trace=300826, nelems=0, elem type=char[])
ARR 50003dbc (sz=56, trace=300827, nelems=0, elem type=char[])
OBJ 50003dbd (sz=24, trace=300828, class=java.lang.String@50000165)
OBJ 50003dbe (sz=24, trace=300829, class=java.lang.String@50000165)
ARR 50003dbf (sz=48, trace=300806, nelems=0, elem type=char[])
OBJ 50003dc0 (sz=24, trace=300824, class=java.lang.StringBuffer@50000119)
ARR 50003dc1 (sz=48, trace=300825, nelems=0, elem type=char[])
ARR 50003dc2 (sz=88, trace=300826, nelems=0, elem type=char[])
ARR 50003dc3 (sz=56, trace=300827, nelems=0, elem type=char[])
OBJ 50003dc4 (sz=24, trace=300828, class=java.lang.String@50000165)
OBJ 50003dc5 (sz=24, trace=300829, class=java.lang.String@50000165)
ARR 50003dc6 (sz=48, trace=300806, nelems=0, elem type=char[])
OBJ 50003dc7 (sz=24, trace=300824, class=java.lang.StringBuffer@50000119)
ARR 50003dc8 (sz=48, trace=300825, nelems=0, elem type=char[])
ARR 50003dc9 (sz=88, trace=300826, nelems=0, elem type=char[])
ARR 50003dca (sz=56, trace=300827, nelems=0, elem type=char[])
OBJ 50003dcb (sz=24, trace=300828, class=java.lang.String@50000165)
OBJ 50003dcc (sz=24, trace=300829, class=java.lang.String@50000165)
ARR 50003dcd (sz=48, trace=300806, nelems=0, elem type=char[])
OBJ 50003dce (sz=24, trace=300824, class=java.lang.StringBuffer@50000119)
ARR 50003dcf (sz=48, trace=300825, nelems=0, elem type=char[])
ARR 50003dd0 (sz=88, trace=300826, nelems=0, elem type=char[])
ARR 50003dd1 (sz=56, trace=300827, nelems=0, elem type=char[])
OBJ 50003dd2 (sz=24, trace=300828, class=java.lang.String@50000165)
OBJ 50003dd3 (sz=24, trace=300829, class=java.lang.String@50000165)
ARR 50003dd4 (sz=48, trace=300806, nelems=0, elem type=char[])
ARR 50003dd5 (sz=72, trace=300830, nelems=0, elem type=int[])
ARR 50003dd6 (sz=24, trace=300940, nelems=0, elem type=java.lang.Object[]@500000ff)
OBJ 50003dd7 (sz=56, trace=300832, class=jdk.internal.org.objectweb.asm.Item@5000118d)
OBJ 50003dd8 (sz=56, trace=300833, class=jdk.internal.org.objectweb.asm.Item@5000118d)
OBJ 50003dd9 (sz=56, trace=300834, class=jdk.internal.org.objectweb.asm.Item@5000118d)
OBJ 50003dda (sz=24, trace=300835, class=jdk.internal.org.objectweb.asm.ByteVector@5000118a)
ARR 50003ddb (sz=960, trace=300836, nelems=0, elem type=byte[])
ARR 50003ddc (sz=120, trace=300837, nelems=0, elem type=java.lang.Object[]@500000ff)
OBJ 50003ddd (sz=16, trace=300839, class=java.util.HashMap$Values@5000123e)
OBJ 50003dde (sz=40, trace=300841, class=java.util.HashMap$ValueIterator@50001241)
OBJ 50003de0 (sz=56, trace=300843, class=java.lang.invoke.MemberName@50000124)
ARR 50003de1 (sz=80, trace=300237, nelems=0, elem type=java.lang.Object[]@500000ff)
ARR 50003de2 (sz=16, trace=301092, nelems=0, elem type=java.lang.Class[]@500000fa)
ARR 50003de3 (sz=64, trace=301100, nelems=0, elem type=java.lang.Class[]@500000fa)
OBJ 50003de4 (sz=40, trace=300575, class=java.lang.invoke.MethodType@50000121)
OBJ 50003de5 (sz=32, trace=300443, class=java.lang.invoke.MethodType$ConcurrentWeakInternSet$WeakEntry@50000b5f)
OBJ 50003de6 (sz=40, trace=301093, class=java.lang.invoke.MethodType@50000121)
OBJ 50003de7 (sz=32, trace=300443, class=java.lang.invoke.MethodType$ConcurrentWeakInternSet$WeakEntry@50000b5f)
OBJ 50003de8 (sz=40, trace=301094, class=java.lang.invoke.MethodType@50000121)
	rtype		500000ff
	ptypes		50006dfb
	form		500038a0
OBJ 50003de9 (sz=40, trace=300445, class=java.lang.invoke.MethodType@50000121)
OBJ 50003dea (sz=32, trace=300443, class=java.lang.invoke.MethodType$ConcurrentWeakInternSet$WeakEntry@50000b5f)
OBJ 50003deb (sz=32, trace=300452, class=java.lang.invoke.MethodType$ConcurrentWeakInternSet$WeakEntry@50000b5f)
	referent	50003de8
	queue		50000b52
OBJ 50003dec (sz=32, trace=300521, class=java.util.concurrent.ConcurrentHashMap$Node@50000021)
	key		50003deb
	val		50003deb
OBJ 50003ded (sz=56, trace=301095, class=java.lang.invoke.MemberName@50000124)
OBJ 50003def (sz=32, trace=301106, class=java.lang.NoSuchFieldError@50003dee)
OBJ 50003df0 (sz=24, trace=301107, class=java.lang.StringBuilder@50000118)
ARR 50003df1 (sz=48, trace=301108, nelems=0, elem type=char[])
OBJ 50003df2 (sz=24, trace=301109, class=java.lang.StringBuilder@50000118)
ARR 50003df3 (sz=48, trace=301110, nelems=0, elem type=char[])
ARR 50003df4 (sz=88, trace=300010, nelems=0, elem type=char[])
ARR 50003df5 (sz=160, trace=300010, nelems=0, elem type=char[])
OBJ 50003df6 (sz=24, trace=301111, class=java.lang.StringBuilder@50000118)
ARR 50003df7 (sz=48, trace=301112, nelems=0, elem type=char[])
OBJ 50003df8 (sz=24, trace=301113, class=java.lang.String@50000165)
ARR 50003df9 (sz=32, trace=300462, nelems=0, elem type=char[])
OBJ 50003dfa (sz=24, trace=301113, class=java.lang.String@50000165)
ARR 50003dfb (sz=32, trace=300462, nelems=0, elem type=char[])
OBJ 50003dfc (sz=24, trace=301113, class=java.lang.String@50000165)
ARR 50003dfd (sz=32, trace=300462, nelems=0, elem type=char[])
ARR 50003dfe (sz=88, trace=300010, nelems=0, elem type=char[])
OBJ 50003dff (sz=24, trace=301113, class=java.lang.String@50000165)
ARR 50003e00 (sz=32, trace=300462, nelems=0, elem type=char[])
OBJ 50003e01 (sz=24, trace=301113, class=java.lang.String@50000165)
ARR 50003e02 (sz=32, trace=300462, nelems=0, elem type=char[])
ARR 50003e03 (sz=160, trace=300010, nelems=0, elem type=char[])
OBJ 50003e04 (sz=24, trace=301113, class=java.lang.String@50000165)
ARR 50003e05 (sz=32, trace=300462, nelems=0, elem type=char[])
OBJ 50003e06 (sz=24, trace=301113, class=java.lang.String@50000165)
ARR 50003e07 (sz=32, trace=300462, nelems=0, elem type=char[])
OBJ 50003e08 (sz=24, trace=301113, class=java.lang.String@50000165)
ARR 50003e09 (sz=32, trace=300462, nelems=0, elem type=char[])
OBJ 50003e0a (sz=24, trace=301113, class=java.lang.String@50000165)
ARR 50003e0b (sz=32, trace=300462, nelems=0, elem type=char[])
OBJ 50003e0c (sz=24, trace=301113, class=java.lang.String@50000165)
ARR 50003e0d (sz=32, trace=300462, nelems=0, elem type=char[])
ARR 50003e0e (sz=304, trace=300010, nelems=0, elem type=char[])
OBJ 50003e0f (sz=24, trace=301113, class=java.lang.String@50000165)
ARR 50003e10 (sz=32, trace=300462, nelems=0, elem type=char[])
OBJ 50003e11 (sz=24, trace=301114, class=java.lang.StringBuilder@50000118)
ARR 50003e12 (sz=48, trace=301115, nelems=0, elem type=char[])
OBJ 50003e13 (sz=24, trace=301116, class=java.lang.String@50000165)
ARR 50003e14 (sz=32, trace=300462, nelems=0, elem type=char[])
OBJ 50003e15 (sz=24, trace=301117, class=java.lang.String@50000165)
ARR 50003e16 (sz=32, trace=301118, nelems=0, elem type=char[])
OBJ 50003e17 (sz=24, trace=301119, class=java.lang.String@50000165)
ARR 50003e18 (sz=192, trace=301120, nelems=0, elem type=char[])
ARR 50003e19 (sz=304, trace=300010, nelems=0, elem type=char[])
OBJ 50003e1a (sz=24, trace=301121, class=java.lang.String@50000165)
ARR 50003e1b (sz=296, trace=301122, nelems=0, elem type=char[])
ARR 50003e1c (sz=328, trace=300010, nelems=0, elem type=char[])
OBJ 50003e1d (sz=24, trace=301123, class=java.lang.String@50000165)
ARR 50003e1e (sz=328, trace=301124, nelems=0, elem type=char[])
OBJ 50003e1f (sz=32, trace=301125, class=java.lang.NoSuchMethodException@50000f50)
ARR 50003e21 (sz=1040, trace=301127, nelems=11, elem type=java.lang.invoke.MethodHandle[]@5000018c)
	[0]		50002758
	[1]		500027ec
	[2]		500028c2
	[3]		50002a66
	[4]		50002ce2
	[5]		50002f2d
	[6]		5000311a
	[7]		500033ea
	[8]		500036d7
	[9]		500039e3
	[10]		50003d10
OBJ 50003e22 (sz=24, trace=301128, class=java.util.ArrayList@500000d4)
ARR 50003e23 (sz=56, trace=300237, nelems=0, elem type=java.lang.Object[]@500000ff)
ARR 50003e24 (sz=24, trace=301129, nelems=0, elem type=java.lang.Class[]@500000fa)
OBJ 50003e25 (sz=40, trace=301093, class=java.lang.invoke.MethodType@50000121)
OBJ 50003e26 (sz=32, trace=300443, class=java.lang.invoke.MethodType$ConcurrentWeakInternSet$WeakEntry@50000b5f)
OBJ 50003e27 (sz=40, trace=301130, class=java.lang.invoke.MethodType@50000121)
OBJ 50003e28 (sz=32, trace=300443, class=java.lang.invoke.MethodType$ConcurrentWeakInternSet$WeakEntry@50000b5f)
OBJ 50003e29 (sz=40, trace=301131, class=java.lang.invoke.MethodType@50000121)
	rtype		500000ff
	ptypes		50007012
	form		500010d8
OBJ 50003e2a (sz=40, trace=300445, class=java.lang.invoke.MethodType@50000121)
OBJ 50003e2b (sz=32, trace=300443, class=java.lang.invoke.MethodType$ConcurrentWeakInternSet$WeakEntry@50000b5f)
OBJ 50003e2c (sz=32, trace=300452, class=java.lang.invoke.MethodType$ConcurrentWeakInternSet$WeakEntry@50000b5f)
	referent	50003e29
	queue		50000b52
OBJ 50003e2d (sz=32, trace=300454, class=java.util.concurrent.ConcurrentHashMap$Node@50000021)
	key		50003e2c
	val		50003e2c
OBJ 50003e2e (sz=56, trace=301095, class=java.lang.invoke.MemberName@50000124)
OBJ 50003e2f (sz=32, trace=300865, class=java.lang.invoke.DirectMethodHandle@50000125)
	type		50003e29
	form		5000159b
	member		50007011
ARR 50003e30 (sz=24, trace=301129, nelems=0, elem type=java.lang.Class[]@500000fa)
OBJ 50003e31 (sz=40, trace=301093, class=java.lang.invoke.MethodType@50000121)
OBJ 50003e32 (sz=32, trace=300443, class=java.lang.invoke.MethodType$ConcurrentWeakInternSet$WeakEntry@50000b5f)
OBJ 50003e33 (sz=40, trace=301130, class=java.lang.invoke.MethodType@50000121)
OBJ 50003e34 (sz=32, trace=300443, class=java.lang.invoke.MethodType$ConcurrentWeakInternSet$WeakEntry@50000b5f)
OBJ 50003e35 (sz=40, trace=301131, class=java.lang.invoke.MethodType@50000121)
	rtype		500000ff
	ptypes		50007010
	form		500010e9
OBJ 50003e36 (sz=40, trace=300445, class=java.lang.invoke.MethodType@50000121)
OBJ 50003e37 (sz=32, trace=300443, class=java.lang.invoke.MethodType$ConcurrentWeakInternSet$WeakEntry@50000b5f)
OBJ 50003e38 (sz=32, trace=300452, class=java.lang.invoke.MethodType$ConcurrentWeakInternSet$WeakEntry@50000b5f)
	referent	50003e35
	queue		50000b52
OBJ 50003e39 (sz=32, trace=300521, class=java.util.concurrent.ConcurrentHashMap$Node@50000021)
	key		50003e38
	val		50003e38
OBJ 50003e3a (sz=56, trace=301095, class=java.lang.invoke.MemberName@50000124)
OBJ 50003e3b (sz=32, trace=300865, class=java.lang.invoke.DirectMethodHandle@50000125)
	type		50003e35
	form		50002b25
	member		5000700f
ARR 50003e3c (sz=24, trace=301129, nelems=0, elem type=java.lang.Class[]@500000fa)
OBJ 50003e3d (sz=40, trace=301093, class=java.lang.invoke.MethodType@50000121)
OBJ 50003e3e (sz=32, trace=300443, class=java.lang.invoke.MethodType$ConcurrentWeakInternSet$WeakEntry@50000b5f)
OBJ 50003e3f (sz=40, trace=301130, class=java.lang.invoke.MethodType@50000121)
OBJ 50003e40 (sz=32, trace=300443, class=java.lang.invoke.MethodType$ConcurrentWeakInternSet$WeakEntry@50000b5f)
OBJ 50003e41 (sz=40, trace=301131, class=java.lang.invoke.MethodType@50000121)
	rtype		500000ff
	ptypes		5000700e
	form		50001f33
OBJ 50003e42 (sz=40, trace=300445, class=java.lang.invoke.MethodType@50000121)
OBJ 50003e43 (sz=32, trace=300443, class=java.lang.invoke.MethodType$ConcurrentWeakInternSet$WeakEntry@50000b5f)
OBJ 50003e44 (sz=32, trace=300452, class=java.lang.invoke.MethodType$ConcurrentWeakInternSet$WeakEntry@50000b5f)
	referent	50003e41
	queue		50000b52
OBJ 50003e45 (sz=32, trace=300454, class=java.util.concurrent.ConcurrentHashMap$Node@50000021)
	key		50003e44
	val		50003e44
OBJ 50003e46 (sz=56, trace=301095, class=java.lang.invoke.MemberName@50000124)
OBJ 50003e47 (sz=32, trace=300865, class=java.lang.invoke.DirectMethodHandle@50000125)
	type		50003e41
	form		50002da9
	member		5000700d
ARR 50003e48 (sz=24, trace=301129, nelems=0, elem type=java.lang.Class[]@500000fa)
OBJ 50003e49 (sz=40, trace=301093, class=java.lang.invoke.MethodType@50000121)
OBJ 50003e4a (sz=32, trace=300443, class=java.lang.invoke.MethodType$ConcurrentWeakInternSet$WeakEntry@50000b5f)
OBJ 50003e4b (sz=40, trace=301130, class=java.lang.invoke.MethodType@50000121)
OBJ 50003e4c (sz=32, trace=300443, class=java.lang.invoke.MethodType$ConcurrentWeakInternSet$WeakEntry@50000b5f)
OBJ 50003e4d (sz=40, trace=301131, class=java.lang.invoke.MethodType@50000121)
	rtype		500000ff
	ptypes		5000700c
	form		50000b65
OBJ 50003e4e (sz=40, trace=300445, class=java.lang.invoke.MethodType@50000121)
OBJ 50003e4f (sz=32, trace=300443, class=java.lang.invoke.MethodType$ConcurrentWeakInternSet$WeakEntry@50000b5f)
OBJ 50003e50 (sz=32, trace=300452, class=java.lang.invoke.MethodType$ConcurrentWeakInternSet$WeakEntry@50000b5f)
	referent	50003e4d
	queue		50000b52
OBJ 50003e51 (sz=32, trace=300454, class=java.util.concurrent.ConcurrentHashMap$Node@50000021)
	key		50003e50
	val		50003e50
OBJ 50003e52 (sz=56, trace=301095, class=java.lang.invoke.MemberName@50000124)
OBJ 50003e53 (sz=32, trace=300865, class=java.lang.invoke.DirectMethodHandle@50000125)
	type		50003e4d
	form		50002089
	member		5000700b
ARR 50003e54 (sz=24, trace=301129, nelems=0, elem type=java.lang.Class[]@500000fa)
OBJ 50003e55 (sz=40, trace=301093, class=java.lang.invoke.MethodType@50000121)
OBJ 50003e56 (sz=32, trace=300443, class=java.lang.invoke.MethodType$ConcurrentWeakInternSet$WeakEntry@50000b5f)
OBJ 50003e57 (sz=40, trace=301130, class=java.lang.invoke.MethodType@50000121)
OBJ 50003e58 (sz=32, trace=300443, class=java.lang.invoke.MethodType$ConcurrentWeakInternSet$WeakEntry@50000b5f)
OBJ 50003e59 (sz=40, trace=301131, class=java.lang.invoke.MethodType@50000121)
	rtype		500000ff
	ptypes		5000700a
	form		50000f46
OBJ 50003e5a (sz=40, trace=300445, class=java.lang.invoke.MethodType@50000121)
OBJ 50003e5b (sz=32, trace=300443, class=java.lang.invoke.MethodType$ConcurrentWeakInternSet$WeakEntry@50000b5f)
OBJ 50003e5c (sz=32, trace=300452, class=java.lang.invoke.MethodType$ConcurrentWeakInternSet$WeakEntry@50000b5f)
	referent	50003e59
	queue		50000b52
OBJ 50003e5d (sz=32, trace=300454, class=java.util.concurrent.ConcurrentHashMap$Node@50000021)
	key		50003e5c
	val		50003e5c
OBJ 50003e5e (sz=56, trace=301095, class=java.lang.invoke.MemberName@50000124)
OBJ 50003e5f (sz=32, trace=300865, class=java.lang.invoke.DirectMethodHandle@50000125)
	type		50003e59
	form		500031f4
	member		50007009
ARR 50003e60 (sz=24, trace=301129, nelems=0, elem type=java.lang.Class[]@500000fa)
OBJ 50003e61 (sz=40, trace=301093, class=java.lang.invoke.MethodType@50000121)
OBJ 50003e62 (sz=32, trace=300443, class=java.lang.invoke.MethodType$ConcurrentWeakInternSet$WeakEntry@50000b5f)
OBJ 50003e63 (sz=40, trace=301130, class=java.lang.invoke.MethodType@50000121)
OBJ 50003e64 (sz=32, trace=300443, class=java.lang.invoke.MethodType$ConcurrentWeakInternSet$WeakEntry@50000b5f)
OBJ 50003e65 (sz=40, trace=301131, class=java.lang.invoke.MethodType@50000121)
	rtype		500000ff
	ptypes		50007008
	form		50002ffe
OBJ 50003e66 (sz=40, trace=300445, class=java.lang.invoke.MethodType@50000121)
OBJ 50003e67 (sz=32, trace=300443, class=java.lang.invoke.MethodType$ConcurrentWeakInternSet$WeakEntry@50000b5f)
OBJ 50003e68 (sz=32, trace=300452, class=java.lang.invoke.MethodType$ConcurrentWeakInternSet$WeakEntry@50000b5f)
	referent	50003e65
	queue		50000b52
OBJ 50003e69 (sz=32, trace=300454, class=java.util.concurrent.ConcurrentHashMap$Node@50000021)
	key		50003e68
	val		50003e68
OBJ 50003e6a (sz=56, trace=301095, class=java.lang.invoke.MemberName@50000124)
OBJ 50003e6b (sz=32, trace=300865, class=java.lang.invoke.DirectMethodHandle@50000125)
	type		50003e65
	form		500034cc
	member		50007007
ARR 50003e6c (sz=24, trace=301129, nelems=0, elem type=java.lang.Class[]@500000fa)
OBJ 50003e6d (sz=40, trace=301093, class=java.lang.invoke.MethodType@50000121)
OBJ 50003e6e (sz=32, trace=300443, class=java.lang.invoke.MethodType$ConcurrentWeakInternSet$WeakEntry@50000b5f)
OBJ 50003e6f (sz=40, trace=301130, class=java.lang.invoke.MethodType@50000121)
OBJ 50003e70 (sz=32, trace=300443, class=java.lang.invoke.MethodType$ConcurrentWeakInternSet$WeakEntry@50000b5f)
OBJ 50003e71 (sz=40, trace=301131, class=java.lang.invoke.MethodType@50000121)
	rtype		500000ff
	ptypes		50007006
	form		500032c2
OBJ 50003e72 (sz=40, trace=300445, class=java.lang.invoke.MethodType@50000121)
OBJ 50003e73 (sz=32, trace=300443, class=java.lang.invoke.MethodType$ConcurrentWeakInternSet$WeakEntry@50000b5f)
OBJ 50003e74 (sz=32, trace=300452, class=java.lang.invoke.MethodType$ConcurrentWeakInternSet$WeakEntry@50000b5f)
	referent	50003e71
	queue		50000b52
OBJ 50003e75 (sz=32, trace=300521, class=java.util.concurrent.ConcurrentHashMap$Node@50000021)
	key		50003e74
	val		50003e74
	next		500059dc
OBJ 50003e76 (sz=56, trace=301095, class=java.lang.invoke.MemberName@50000124)
OBJ 50003e77 (sz=32, trace=300865, class=java.lang.invoke.DirectMethodHandle@50000125)
	type		50003e71
	form		500037c1
	member		50007005
ARR 50003e78 (sz=24, trace=301129, nelems=0, elem type=java.lang.Class[]@500000fa)
OBJ 50003e79 (sz=40, trace=301093, class=java.lang.invoke.MethodType@50000121)
OBJ 50003e7a (sz=32, trace=300443, class=java.lang.invoke.MethodType$ConcurrentWeakInternSet$WeakEntry@50000b5f)
OBJ 50003e7b (sz=40, trace=301130, class=java.lang.invoke.MethodType@50000121)
OBJ 50003e7c (sz=32, trace=300443, class=java.lang.invoke.MethodType$ConcurrentWeakInternSet$WeakEntry@50000b5f)
OBJ 50003e7d (sz=40, trace=301131, class=java.lang.invoke.MethodType@50000121)
	rtype		500000ff
	ptypes		50007004
	form		500035a2
OBJ 50003e7e (sz=40, trace=300445, class=java.lang.invoke.MethodType@50000121)
OBJ 50003e7f (sz=32, trace=300443, class=java.lang.invoke.MethodType$ConcurrentWeakInternSet$WeakEntry@50000b5f)
OBJ 50003e80 (sz=32, trace=300452, class=java.lang.invoke.MethodType$ConcurrentWeakInternSet$WeakEntry@50000b5f)
	referent	50003e7d
	queue		50000b52
OBJ 50003e81 (sz=32, trace=300454, class=java.util.concurrent.ConcurrentHashMap$Node@50000021)
	key		50003e80
	val		50003e80
OBJ 50003e82 (sz=56, trace=301095, class=java.lang.invoke.MemberName@50000124)
OBJ 50003e83 (sz=32, trace=300865, class=java.lang.invoke.DirectMethodHandle@50000125)
	type		50003e7d
	form		50003ad7
	member		50007003
ARR 50003e84 (sz=24, trace=301129, nelems=0, elem type=java.lang.Class[]@500000fa)
OBJ 50003e85 (sz=40, trace=301093, class=java.lang.invoke.MethodType@50000121)
OBJ 50003e86 (sz=32, trace=300443, class=java.lang.invoke.MethodType$ConcurrentWeakInternSet$WeakEntry@50000b5f)
OBJ 50003e87 (sz=40, trace=301130, class=java.lang.invoke.MethodType@50000121)
OBJ 50003e88 (sz=32, trace=300443, class=java.lang.invoke.MethodType$ConcurrentWeakInternSet$WeakEntry@50000b5f)
OBJ 50003e89 (sz=40, trace=301131, class=java.lang.invoke.MethodType@50000121)
	rtype		500000ff
	ptypes		50007002
	form		500038a0
OBJ 50003e8a (sz=40, trace=300445, class=java.lang.invoke.MethodType@50000121)
OBJ 50003e8b (sz=32, trace=300443, class=java.lang.invoke.MethodType$ConcurrentWeakInternSet$WeakEntry@50000b5f)
OBJ 50003e8c (sz=32, trace=300452, class=java.lang.invoke.MethodType$ConcurrentWeakInternSet$WeakEntry@50000b5f)
	referent	50003e89
	queue		50000b52
OBJ 50003e8d (sz=32, trace=300521, class=java.util.concurrent.ConcurrentHashMap$Node@50000021)
	key		50003e8c
	val		50003e8c
OBJ 50003e8e (sz=56, trace=301095, class=java.lang.invoke.MemberName@50000124)
ARR 50003e8f (sz=24, trace=300512, nelems=0, elem type=java.lang.Class[]@500000fa)
OBJ 50003e90 (sz=40, trace=300514, class=java.lang.invoke.MethodType@50000121)
OBJ 50003e91 (sz=32, trace=300443, class=java.lang.invoke.MethodType$ConcurrentWeakInternSet$WeakEntry@50000b5f)
OBJ 50003e92 (sz=56, trace=300516, class=java.lang.invoke.MemberName@50000124)
ARR 50003e93 (sz=24, trace=300518, nelems=0, elem type=java.lang.Class[]@500000fa)
OBJ 50003e94 (sz=40, trace=300519, class=java.lang.invoke.MethodType@50000121)
OBJ 50003e95 (sz=32, trace=300443, class=java.lang.invoke.MethodType$ConcurrentWeakInternSet$WeakEntry@50000b5f)
ARR 50003e96 (sz=72, trace=300623, nelems=0, elem type=java.lang.invoke.LambdaForm$Name[]@50000fce)
OBJ 50003e97 (sz=32, trace=301103, class=java.lang.invoke.LambdaForm$Name@50000f62)
	type		50000f5a
OBJ 50003e98 (sz=32, trace=301103, class=java.lang.invoke.LambdaForm$Name@50000f62)
	type		50000f5a
ARR 50003e99 (sz=24, trace=300674, nelems=0, elem type=java.lang.Object[]@500000ff)
ARR 50003e9a (sz=24, trace=300675, nelems=1, elem type=java.lang.Object[]@500000ff)
	[0]		50000f65
OBJ 50003e9b (sz=32, trace=300676, class=java.lang.invoke.LambdaForm$Name@50000f62)
	type		50000f5a
	function	50001105
	arguments	50003e9a
ARR 50003e9c (sz=64, trace=300677, nelems=0, elem type=java.lang.Object[]@500000ff)
OBJ 50003e9d (sz=24, trace=300678, class=java.lang.invoke.LambdaForm$NamedFunction@50000f99)
	member		50006f5c
ARR 50003e9e (sz=64, trace=300679, nelems=12, elem type=java.lang.Object[]@500000ff)
	[0]		50000f66
	[1]		50000f67
	[2]		50000f68
	[3]		50000f69
	[4]		50000f6a
	[5]		50000f6b
	[6]		50000f6c
	[7]		50000f6d
	[8]		50000f6e
	[9]		50003e97
	[10]		50003e98
	[11]		50003e9b
OBJ 50003e9f (sz=32, trace=300680, class=java.lang.invoke.LambdaForm$Name@50000f62)
	type		50000f5a
	function	50003e9d
	arguments	50003e9e
OBJ 50003ea0 (sz=24, trace=300681, class=java.lang.StringBuilder@50000118)
ARR 50003ea1 (sz=48, trace=300682, nelems=0, elem type=char[])
ARR 50003ea2 (sz=88, trace=300010, nelems=0, elem type=char[])
ARR 50003ea3 (sz=48, trace=300683, nelems=0, elem type=char[])
OBJ 50003ea4 (sz=24, trace=300685, class=java.util.Arrays$ArrayList@5000115f)
OBJ 50003ea5 (sz=24, trace=300686, class=java.util.Collections$UnmodifiableRandomAccessList@500000ca)
OBJ 50003ea6 (sz=24, trace=300688, class=java.util.Collections$UnmodifiableCollection$1@50001162)
OBJ 50003ea7 (sz=32, trace=300690, class=java.util.AbstractList$Itr@50001164)
OBJ 50003ea8 (sz=24, trace=300691, class=java.lang.String@50000165)
ARR 50003ea9 (sz=48, trace=300692, nelems=0, elem type=char[])
OBJ 50003eaa (sz=24, trace=300861, class=java.lang.StringBuilder@50000118)
ARR 50003eab (sz=48, trace=300862, nelems=0, elem type=char[])
OBJ 50003eac (sz=24, trace=300863, class=java.lang.String@50000165)
ARR 50003ead (sz=32, trace=300864, nelems=0, elem type=char[])
OBJ 50003eae (sz=24, trace=300693, class=java.lang.String@50000165)
	value		50003eaf
ARR 50003eaf (sz=44, trace=300694, nelems=22, elem type=char[])
OBJ 50003eb0 (sz=48, trace=300695, class=java.lang.invoke.LambdaForm@50000122)
	names		50006f5b
	debugName	50003eae
	vmentry		50006f5a
OBJ 50003eb1 (sz=24, trace=300696, class=java.lang.StringBuilder@50000118)
ARR 50003eb2 (sz=48, trace=300697, nelems=0, elem type=char[])
OBJ 50003eb3 (sz=24, trace=300698, class=java.lang.String@50000165)
ARR 50003eb4 (sz=48, trace=300699, nelems=0, elem type=char[])
ARR 50003eb5 (sz=64, trace=300700, nelems=0, elem type=java.lang.Class[]@500000fa)
OBJ 50003eb6 (sz=40, trace=300701, class=java.lang.invoke.MethodType@50000121)
OBJ 50003eb7 (sz=32, trace=300443, class=java.lang.invoke.MethodType$ConcurrentWeakInternSet$WeakEntry@50000b5f)
OBJ 50003eb8 (sz=64, trace=300704, class=java.lang.invoke.InvokerBytecodeGenerator@50001172)
OBJ 50003eb9 (sz=48, trace=300705, class=java.util.HashMap@500000bd)
OBJ 50003eba (sz=24, trace=300706, class=java.lang.String@50000165)
ARR 50003ebb (sz=24, trace=300707, nelems=0, elem type=char[])
OBJ 50003ebc (sz=24, trace=300708, class=java.lang.String@50000165)
	value		50003ebd
ARR 50003ebd (sz=36, trace=300709, nelems=18, elem type=char[])
OBJ 50003ebe (sz=24, trace=300710, class=java.lang.StringBuilder@50000118)
ARR 50003ebf (sz=48, trace=300711, nelems=0, elem type=char[])
ARR 50003ec0 (sz=88, trace=300010, nelems=0, elem type=char[])
OBJ 50003ec1 (sz=24, trace=300712, class=java.lang.String@50000165)
ARR 50003ec2 (sz=80, trace=300713, nelems=0, elem type=char[])
OBJ 50003ec3 (sz=24, trace=300714, class=java.lang.StringBuilder@50000118)
ARR 50003ec4 (sz=48, trace=300715, nelems=0, elem type=char[])
OBJ 50003ec5 (sz=24, trace=300716, class=java.lang.String@50000165)
ARR 50003ec6 (sz=48, trace=300717, nelems=0, elem type=char[])
ARR 50003ec7 (sz=80, trace=300718, nelems=0, elem type=int[])
ARR 50003ec8 (sz=80, trace=300719, nelems=0, elem type=java.lang.invoke.LambdaForm$BasicType[]@50000f60)
ARR 50003ec9 (sz=80, trace=300720, nelems=0, elem type=java.lang.Class[]@500000fa)
OBJ 50003eca (sz=168, trace=300723, class=jdk.internal.org.objectweb.asm.ClassWriter@50001187)
OBJ 50003ecb (sz=24, trace=300725, class=jdk.internal.org.objectweb.asm.ByteVector@5000118a)
ARR 50003ecc (sz=80, trace=300726, nelems=0, elem type=byte[])
ARR 50003ecd (sz=1040, trace=300728, nelems=0, elem type=jdk.internal.org.objectweb.asm.Item[]@5000118e)
OBJ 50003ece (sz=56, trace=300729, class=jdk.internal.org.objectweb.asm.Item@5000118d)
OBJ 50003ecf (sz=56, trace=300730, class=jdk.internal.org.objectweb.asm.Item@5000118d)
OBJ 50003ed0 (sz=56, trace=300731, class=jdk.internal.org.objectweb.asm.Item@5000118d)
OBJ 50003ed1 (sz=56, trace=300732, class=jdk.internal.org.objectweb.asm.Item@5000118d)
OBJ 50003ed2 (sz=56, trace=300733, class=jdk.internal.org.objectweb.asm.Item@5000118d)
OBJ 50003ed3 (sz=56, trace=300734, class=jdk.internal.org.objectweb.asm.Item@5000118d)
OBJ 50003ed4 (sz=56, trace=300733, class=jdk.internal.org.objectweb.asm.Item@5000118d)
OBJ 50003ed5 (sz=56, trace=300735, class=jdk.internal.org.objectweb.asm.Item@5000118d)
ARR 50003ed6 (sz=144, trace=300736, nelems=0, elem type=byte[])
OBJ 50003ed7 (sz=56, trace=300737, class=jdk.internal.org.objectweb.asm.Item@5000118d)
OBJ 50003ed8 (sz=224, trace=300748, class=jdk.internal.org.objectweb.asm.MethodWriter@500011ab)
OBJ 50003ed9 (sz=24, trace=300749, class=jdk.internal.org.objectweb.asm.ByteVector@5000118a)
ARR 50003eda (sz=80, trace=300750, nelems=0, elem type=byte[])
OBJ 50003edb (sz=56, trace=300751, class=jdk.internal.org.objectweb.asm.Item@5000118d)
ARR 50003edc (sz=352, trace=300752, nelems=0, elem type=byte[])
OBJ 50003edd (sz=56, trace=300753, class=jdk.internal.org.objectweb.asm.Item@5000118d)
OBJ 50003ede (sz=64, trace=300765, class=jdk.internal.org.objectweb.asm.Label@500011bc)
OBJ 50003edf (sz=48, trace=300768, class=jdk.internal.org.objectweb.asm.Frame@500011be)
OBJ 50003ee0 (sz=24, trace=300769, class=jdk.internal.org.objectweb.asm.ByteVector@5000118a)
ARR 50003ee1 (sz=80, trace=300770, nelems=0, elem type=byte[])
ARR 50003ee2 (sz=688, trace=301101, nelems=0, elem type=byte[])
OBJ 50003ee3 (sz=56, trace=300771, class=jdk.internal.org.objectweb.asm.Item@5000118d)
OBJ 50003ee4 (sz=56, trace=300773, class=jdk.internal.org.objectweb.asm.AnnotationWriter@500011c5)
OBJ 50003ee5 (sz=24, trace=300774, class=jdk.internal.org.objectweb.asm.ByteVector@5000118a)
ARR 50003ee6 (sz=80, trace=300775, nelems=0, elem type=byte[])
OBJ 50003ee7 (sz=56, trace=300776, class=jdk.internal.org.objectweb.asm.Item@5000118d)
OBJ 50003ee8 (sz=56, trace=300773, class=jdk.internal.org.objectweb.asm.AnnotationWriter@500011c5)
OBJ 50003ee9 (sz=24, trace=300777, class=jdk.internal.org.objectweb.asm.ByteVector@5000118a)
ARR 50003eea (sz=80, trace=300778, nelems=0, elem type=byte[])
OBJ 50003eeb (sz=56, trace=300780, class=jdk.internal.org.objectweb.asm.Item@5000118d)
OBJ 50003eec (sz=56, trace=300773, class=jdk.internal.org.objectweb.asm.AnnotationWriter@500011c5)
OBJ 50003eed (sz=24, trace=300795, class=java.lang.String@50000165)
ARR 50003eee (sz=56, trace=300462, nelems=0, elem type=char[])
ARR 50003eef (sz=88, trace=300796, nelems=0, elem type=char[])
OBJ 50003ef0 (sz=24, trace=300797, class=java.lang.String@50000165)
ARR 50003ef1 (sz=56, trace=300798, nelems=0, elem type=int[])
OBJ 50003ef2 (sz=56, trace=300733, class=jdk.internal.org.objectweb.asm.Item@5000118d)
OBJ 50003ef3 (sz=56, trace=300800, class=jdk.internal.org.objectweb.asm.Item@5000118d)
OBJ 50003ef4 (sz=56, trace=300801, class=jdk.internal.org.objectweb.asm.Item@5000118d)
OBJ 50003ef5 (sz=56, trace=300802, class=jdk.internal.org.objectweb.asm.Item@5000118d)
OBJ 50003ef6 (sz=56, trace=300803, class=jdk.internal.org.objectweb.asm.Item@5000118d)
OBJ 50003ef7 (sz=56, trace=300804, class=jdk.internal.org.objectweb.asm.Item@5000118d)
OBJ 50003ef8 (sz=24, trace=300805, class=java.lang.String@50000165)
ARR 50003ef9 (sz=48, trace=300806, nelems=0, elem type=char[])
OBJ 50003efa (sz=56, trace=300807, class=jdk.internal.org.objectweb.asm.Item@5000118d)
ARR 50003efb (sz=80, trace=300808, nelems=0, elem type=jdk.internal.org.objectweb.asm.Item[]@5000118e)
ARR 50003efc (sz=56, trace=300809, nelems=0, elem type=int[])
ARR 50003efd (sz=96, trace=301102, nelems=0, elem type=int[])
OBJ 50003efe (sz=24, trace=300795, class=java.lang.String@50000165)
ARR 50003eff (sz=40, trace=300462, nelems=0, elem type=char[])
ARR 50003f00 (sz=96, trace=301104, nelems=0, elem type=int[])
ARR 50003f01 (sz=72, trace=300811, nelems=0, elem type=char[])
OBJ 50003f02 (sz=24, trace=300812, class=java.lang.String@50000165)
OBJ 50003f03 (sz=56, trace=300813, class=jdk.internal.org.objectweb.asm.Item@5000118d)
OBJ 50003f04 (sz=56, trace=300814, class=jdk.internal.org.objectweb.asm.Item@5000118d)
OBJ 50003f05 (sz=56, trace=300815, class=jdk.internal.org.objectweb.asm.Item@5000118d)
OBJ 50003f06 (sz=56, trace=300733, class=jdk.internal.org.objectweb.asm.Item@5000118d)
OBJ 50003f07 (sz=56, trace=300800, class=jdk.internal.org.objectweb.asm.Item@5000118d)
OBJ 50003f08 (sz=56, trace=300801, class=jdk.internal.org.objectweb.asm.Item@5000118d)
ARR 50003f09 (sz=1360, trace=300816, nelems=0, elem type=byte[])
OBJ 50003f0a (sz=56, trace=300802, class=jdk.internal.org.objectweb.asm.Item@5000118d)
OBJ 50003f0b (sz=56, trace=300803, class=jdk.internal.org.objectweb.asm.Item@5000118d)
OBJ 50003f0c (sz=56, trace=300804, class=jdk.internal.org.objectweb.asm.Item@5000118d)
OBJ 50003f0d (sz=24, trace=300805, class=java.lang.String@50000165)
ARR 50003f0e (sz=48, trace=300806, nelems=0, elem type=char[])
OBJ 50003f0f (sz=64, trace=300817, class=jdk.internal.org.objectweb.asm.Label@500011bc)
OBJ 50003f10 (sz=48, trace=300818, class=jdk.internal.org.objectweb.asm.Frame@500011be)
ARR 50003f11 (sz=488, trace=300819, nelems=0, elem type=char[])
ARR 50003f12 (sz=64, trace=300820, nelems=0, elem type=jdk.internal.org.objectweb.asm.Type[]@50001222)
OBJ 50003f13 (sz=32, trace=300821, class=jdk.internal.org.objectweb.asm.Type@500011b2)
OBJ 50003f14 (sz=32, trace=300821, class=jdk.internal.org.objectweb.asm.Type@500011b2)
OBJ 50003f15 (sz=32, trace=300821, class=jdk.internal.org.objectweb.asm.Type@500011b2)
OBJ 50003f16 (sz=32, trace=300821, class=jdk.internal.org.objectweb.asm.Type@500011b2)
OBJ 50003f17 (sz=32, trace=300821, class=jdk.internal.org.objectweb.asm.Type@500011b2)
OBJ 50003f18 (sz=32, trace=300821, class=jdk.internal.org.objectweb.asm.Type@500011b2)
OBJ 50003f19 (sz=32, trace=300821, class=jdk.internal.org.objectweb.asm.Type@500011b2)
OBJ 50003f1a (sz=32, trace=300821, class=jdk.internal.org.objectweb.asm.Type@500011b2)
OBJ 50003f1b (sz=32, trace=300821, class=jdk.internal.org.objectweb.asm.Type@500011b2)
OBJ 50003f1c (sz=32, trace=300821, class=jdk.internal.org.objectweb.asm.Type@500011b2)
OBJ 50003f1d (sz=32, trace=300821, class=jdk.internal.org.objectweb.asm.Type@500011b2)
OBJ 50003f1e (sz=32, trace=300821, class=jdk.internal.org.objectweb.asm.Type@500011b2)
ARR 50003f1f (sz=72, trace=300822, nelems=0, elem type=int[])
ARR 50003f20 (sz=16, trace=300823, nelems=0, elem type=int[])
OBJ 50003f21 (sz=24, trace=300824, class=java.lang.StringBuffer@50000119)
ARR 50003f22 (sz=48, trace=300825, nelems=0, elem type=char[])
ARR 50003f23 (sz=88, trace=300826, nelems=0, elem type=char[])
ARR 50003f24 (sz=56, trace=300827, nelems=0, elem type=char[])
OBJ 50003f25 (sz=24, trace=300828, class=java.lang.String@50000165)
OBJ 50003f26 (sz=24, trace=300829, class=java.lang.String@50000165)
ARR 50003f27 (sz=48, trace=300806, nelems=0, elem type=char[])
OBJ 50003f28 (sz=24, trace=300824, class=java.lang.StringBuffer@50000119)
ARR 50003f29 (sz=48, trace=300825, nelems=0, elem type=char[])
ARR 50003f2a (sz=88, trace=300826, nelems=0, elem type=char[])
ARR 50003f2b (sz=56, trace=300827, nelems=0, elem type=char[])
OBJ 50003f2c (sz=24, trace=300828, class=java.lang.String@50000165)
OBJ 50003f2d (sz=24, trace=300829, class=java.lang.String@50000165)
ARR 50003f2e (sz=48, trace=300806, nelems=0, elem type=char[])
OBJ 50003f2f (sz=24, trace=300824, class=java.lang.StringBuffer@50000119)
ARR 50003f30 (sz=48, trace=300825, nelems=0, elem type=char[])
ARR 50003f31 (sz=88, trace=300826, nelems=0, elem type=char[])
ARR 50003f32 (sz=56, trace=300827, nelems=0, elem type=char[])
OBJ 50003f33 (sz=24, trace=300828, class=java.lang.String@50000165)
OBJ 50003f34 (sz=24, trace=300829, class=java.lang.String@50000165)
ARR 50003f35 (sz=48, trace=300806, nelems=0, elem type=char[])
OBJ 50003f36 (sz=24, trace=300824, class=java.lang.StringBuffer@50000119)
ARR 50003f37 (sz=48, trace=300825, nelems=0, elem type=char[])
ARR 50003f38 (sz=88, trace=300826, nelems=0, elem type=char[])
ARR 50003f39 (sz=56, trace=300827, nelems=0, elem type=char[])
OBJ 50003f3a (sz=24, trace=300828, class=java.lang.String@50000165)
OBJ 50003f3b (sz=24, trace=300829, class=java.lang.String@50000165)
ARR 50003f3c (sz=48, trace=300806, nelems=0, elem type=char[])
OBJ 50003f3d (sz=24, trace=300824, class=java.lang.StringBuffer@50000119)
ARR 50003f3e (sz=48, trace=300825, nelems=0, elem type=char[])
ARR 50003f3f (sz=88, trace=300826, nelems=0, elem type=char[])
ARR 50003f40 (sz=56, trace=300827, nelems=0, elem type=char[])
OBJ 50003f41 (sz=24, trace=300828, class=java.lang.String@50000165)
OBJ 50003f42 (sz=24, trace=300829, class=java.lang.String@50000165)
ARR 50003f43 (sz=48, trace=300806, nelems=0, elem type=char[])
OBJ 50003f44 (sz=24, trace=300824, class=java.lang.StringBuffer@50000119)
ARR 50003f45 (sz=48, trace=300825, nelems=0, elem type=char[])
ARR 50003f46 (sz=88, trace=300826, nelems=0, elem type=char[])
ARR 50003f47 (sz=56, trace=300827, nelems=0, elem type=char[])
OBJ 50003f48 (sz=24, trace=300828, class=java.lang.String@50000165)
OBJ 50003f49 (sz=24, trace=300829, class=java.lang.String@50000165)
ARR 50003f4a (sz=48, trace=300806, nelems=0, elem type=char[])
OBJ 50003f4b (sz=24, trace=300824, class=java.lang.StringBuffer@50000119)
ARR 50003f4c (sz=48, trace=300825, nelems=0, elem type=char[])
ARR 50003f4d (sz=88, trace=300826, nelems=0, elem type=char[])
ARR 50003f4e (sz=56, trace=300827, nelems=0, elem type=char[])
OBJ 50003f4f (sz=24, trace=300828, class=java.lang.String@50000165)
OBJ 50003f50 (sz=24, trace=300829, class=java.lang.String@50000165)
ARR 50003f51 (sz=48, trace=300806, nelems=0, elem type=char[])
OBJ 50003f52 (sz=24, trace=300824, class=java.lang.StringBuffer@50000119)
ARR 50003f53 (sz=48, trace=300825, nelems=0, elem type=char[])
ARR 50003f54 (sz=88, trace=300826, nelems=0, elem type=char[])
ARR 50003f55 (sz=56, trace=300827, nelems=0, elem type=char[])
OBJ 50003f56 (sz=24, trace=300828, class=java.lang.String@50000165)
OBJ 50003f57 (sz=24, trace=300829, class=java.lang.String@50000165)
ARR 50003f58 (sz=48, trace=300806, nelems=0, elem type=char[])
OBJ 50003f59 (sz=24, trace=300824, class=java.lang.StringBuffer@50000119)
ARR 50003f5a (sz=48, trace=300825, nelems=0, elem type=char[])
ARR 50003f5b (sz=88, trace=300826, nelems=0, elem type=char[])
ARR 50003f5c (sz=56, trace=300827, nelems=0, elem type=char[])
OBJ 50003f5d (sz=24, trace=300828, class=java.lang.String@50000165)
OBJ 50003f5e (sz=24, trace=300829, class=java.lang.String@50000165)
ARR 50003f5f (sz=48, trace=300806, nelems=0, elem type=char[])
OBJ 50003f60 (sz=24, trace=300824, class=java.lang.StringBuffer@50000119)
ARR 50003f61 (sz=48, trace=300825, nelems=0, elem type=char[])
ARR 50003f62 (sz=88, trace=300826, nelems=0, elem type=char[])
ARR 50003f63 (sz=56, trace=300827, nelems=0, elem type=char[])
OBJ 50003f64 (sz=24, trace=300828, class=java.lang.String@50000165)
OBJ 50003f65 (sz=24, trace=300829, class=java.lang.String@50000165)
ARR 50003f66 (sz=48, trace=300806, nelems=0, elem type=char[])
OBJ 50003f67 (sz=24, trace=300824, class=java.lang.StringBuffer@50000119)
ARR 50003f68 (sz=48, trace=300825, nelems=0, elem type=char[])
ARR 50003f69 (sz=88, trace=300826, nelems=0, elem type=char[])
ARR 50003f6a (sz=56, trace=300827, nelems=0, elem type=char[])
OBJ 50003f6b (sz=24, trace=300828, class=java.lang.String@50000165)
OBJ 50003f6c (sz=24, trace=300829, class=java.lang.String@50000165)
ARR 50003f6d (sz=48, trace=300806, nelems=0, elem type=char[])
OBJ 50003f6e (sz=24, trace=300824, class=java.lang.StringBuffer@50000119)
ARR 50003f6f (sz=48, trace=300825, nelems=0, elem type=char[])
ARR 50003f70 (sz=88, trace=300826, nelems=0, elem type=char[])
ARR 50003f71 (sz=56, trace=300827, nelems=0, elem type=char[])
OBJ 50003f72 (sz=24, trace=300828, class=java.lang.String@50000165)
OBJ 50003f73 (sz=24, trace=300829, class=java.lang.String@50000165)
ARR 50003f74 (sz=48, trace=300806, nelems=0, elem type=char[])
ARR 50003f75 (sz=80, trace=300830, nelems=0, elem type=int[])
ARR 50003f76 (sz=24, trace=300831, nelems=0, elem type=java.lang.Object[]@500000ff)
OBJ 50003f77 (sz=56, trace=300832, class=jdk.internal.org.objectweb.asm.Item@5000118d)
OBJ 50003f78 (sz=56, trace=300833, class=jdk.internal.org.objectweb.asm.Item@5000118d)
OBJ 50003f79 (sz=56, trace=300834, class=jdk.internal.org.objectweb.asm.Item@5000118d)
OBJ 50003f7a (sz=24, trace=300835, class=jdk.internal.org.objectweb.asm.ByteVector@5000118a)
ARR 50003f7b (sz=1088, trace=300836, nelems=0, elem type=byte[])
ARR 50003f7c (sz=128, trace=300837, nelems=0, elem type=java.lang.Object[]@500000ff)
OBJ 50003f7d (sz=16, trace=300839, class=java.util.HashMap$Values@5000123e)
OBJ 50003f7e (sz=40, trace=300841, class=java.util.HashMap$ValueIterator@50001241)
OBJ 50003f80 (sz=56, trace=300843, class=java.lang.invoke.MemberName@50000124)
OBJ 50003f81 (sz=40, trace=300844, class=java.lang.ref.SoftReference@50000149)
	referent	50003eb0
	queue		50006b4d
OBJ 50003f82 (sz=32, trace=300865, class=java.lang.invoke.DirectMethodHandle@50000125)
	type		50003e89
	form		50003eb0
	member		50007001
ARR 50003f83 (sz=24, trace=301129, nelems=0, elem type=java.lang.Class[]@500000fa)
ARR 50003f84 (sz=56, trace=301132, nelems=0, elem type=java.lang.Class[]@500000fa)
OBJ 50003f85 (sz=40, trace=300575, class=java.lang.invoke.MethodType@50000121)
OBJ 50003f86 (sz=32, trace=300443, class=java.lang.invoke.MethodType$ConcurrentWeakInternSet$WeakEntry@50000b5f)
OBJ 50003f87 (sz=40, trace=301093, class=java.lang.invoke.MethodType@50000121)
OBJ 50003f88 (sz=32, trace=300443, class=java.lang.invoke.MethodType$ConcurrentWeakInternSet$WeakEntry@50000b5f)
OBJ 50003f89 (sz=40, trace=301130, class=java.lang.invoke.MethodType@50000121)
OBJ 50003f8a (sz=32, trace=300443, class=java.lang.invoke.MethodType$ConcurrentWeakInternSet$WeakEntry@50000b5f)
OBJ 50003f8b (sz=40, trace=301131, class=java.lang.invoke.MethodType@50000121)
	rtype		500000ff
	ptypes		50006fff
	form		50003bc0
OBJ 50003f8c (sz=40, trace=300445, class=java.lang.invoke.MethodType@50000121)
OBJ 50003f8d (sz=32, trace=300443, class=java.lang.invoke.MethodType$ConcurrentWeakInternSet$WeakEntry@50000b5f)
OBJ 50003f8e (sz=32, trace=300452, class=java.lang.invoke.MethodType$ConcurrentWeakInternSet$WeakEntry@50000b5f)
	referent	50003f8b
	queue		50000b52
OBJ 50003f8f (sz=32, trace=300454, class=java.util.concurrent.ConcurrentHashMap$Node@50000021)
	key		50003f8e
	val		50003f8e
OBJ 50003f90 (sz=56, trace=301095, class=java.lang.invoke.MemberName@50000124)
ARR 50003f91 (sz=24, trace=300512, nelems=0, elem type=java.lang.Class[]@500000fa)
OBJ 50003f92 (sz=40, trace=300514, class=java.lang.invoke.MethodType@50000121)
OBJ 50003f93 (sz=32, trace=300443, class=java.lang.invoke.MethodType$ConcurrentWeakInternSet$WeakEntry@50000b5f)
OBJ 50003f94 (sz=40, trace=300515, class=java.lang.invoke.MethodType@50000121)
	rtype		50000169
	ptypes		50006e08
	form		50003f98
	methodDescriptor	50004069
OBJ 50003f95 (sz=40, trace=300445, class=java.lang.invoke.MethodType@50000121)
OBJ 50003f96 (sz=32, trace=300443, class=java.lang.invoke.MethodType$ConcurrentWeakInternSet$WeakEntry@50000b5f)
OBJ 50003f97 (sz=40, trace=300446, class=java.lang.invoke.MethodType@50000121)
	rtype		50000169
	ptypes		50006e09
	form		50003f98
	methodDescriptor	50004013
OBJ 50003f98 (sz=56, trace=300447, class=java.lang.invoke.MethodTypeForm@50000b5a)
	argToSlotTable	50003f9a
	slotToArgTable	50003f99
	erasedType	50003f97
	basicType	50003f97
	methodHandles	50003f9c
	lambdaForms	50003f9b
ARR 50003f99 (sz=56, trace=300448, nelems=14, elem type=int[])
ARR 50003f9a (sz=56, trace=300449, nelems=14, elem type=int[])
ARR 50003f9b (sz=88, trace=300450, nelems=0, elem type=java.lang.ref.SoftReference[]@50000b68)
ARR 50003f9c (sz=32, trace=300451, nelems=0, elem type=java.lang.ref.SoftReference[]@50000b68)
OBJ 50003f9d (sz=32, trace=300452, class=java.lang.invoke.MethodType$ConcurrentWeakInternSet$WeakEntry@50000b5f)
	referent	50003f97
	queue		50000b52
OBJ 50003f9e (sz=32, trace=300521, class=java.util.concurrent.ConcurrentHashMap$Node@50000021)
	key		50003f9d
	val		50003f9d
OBJ 50003f9f (sz=32, trace=300452, class=java.lang.invoke.MethodType$ConcurrentWeakInternSet$WeakEntry@50000b5f)
	referent	50003f94
	queue		50000b52
OBJ 50003fa0 (sz=32, trace=300521, class=java.util.concurrent.ConcurrentHashMap$Node@50000021)
	key		50003f9f
	val		50003f9f
OBJ 50003fa1 (sz=56, trace=300516, class=java.lang.invoke.MemberName@50000124)
ARR 50003fa2 (sz=24, trace=300518, nelems=0, elem type=java.lang.Class[]@500000fa)
OBJ 50003fa3 (sz=40, trace=300519, class=java.lang.invoke.MethodType@50000121)
OBJ 50003fa4 (sz=32, trace=300443, class=java.lang.invoke.MethodType$ConcurrentWeakInternSet$WeakEntry@50000b5f)
OBJ 50003fa5 (sz=40, trace=300520, class=java.lang.invoke.MethodType@50000121)
	rtype		50000169
	ptypes		50007073
	form		50003f98
OBJ 50003fa6 (sz=40, trace=300445, class=java.lang.invoke.MethodType@50000121)
OBJ 50003fa7 (sz=32, trace=300443, class=java.lang.invoke.MethodType$ConcurrentWeakInternSet$WeakEntry@50000b5f)
OBJ 50003fa8 (sz=32, trace=300452, class=java.lang.invoke.MethodType$ConcurrentWeakInternSet$WeakEntry@50000b5f)
	referent	50003fa5
	queue		50000b52
OBJ 50003fa9 (sz=32, trace=300454, class=java.util.concurrent.ConcurrentHashMap$Node@50000021)
	key		50003fa8
	val		50003fa8
ARR 50003faa (sz=80, trace=300623, nelems=0, elem type=java.lang.invoke.LambdaForm$Name[]@50000fce)
OBJ 50003fab (sz=32, trace=301103, class=java.lang.invoke.LambdaForm$Name@50000f62)
	type		50000f5a
OBJ 50003fac (sz=32, trace=301103, class=java.lang.invoke.LambdaForm$Name@50000f62)
	type		50000f5a
OBJ 50003fad (sz=32, trace=301103, class=java.lang.invoke.LambdaForm$Name@50000f62)
	type		50000f5a
ARR 50003fae (sz=24, trace=300674, nelems=0, elem type=java.lang.Object[]@500000ff)
ARR 50003faf (sz=24, trace=300675, nelems=1, elem type=java.lang.Object[]@500000ff)
	[0]		50000f65
OBJ 50003fb0 (sz=32, trace=300676, class=java.lang.invoke.LambdaForm$Name@50000f62)
	type		50000f5a
	function	50001105
	arguments	50003faf
ARR 50003fb1 (sz=72, trace=300677, nelems=0, elem type=java.lang.Object[]@500000ff)
OBJ 50003fb2 (sz=24, trace=300678, class=java.lang.invoke.LambdaForm$NamedFunction@50000f99)
	member		50006e05
ARR 50003fb3 (sz=72, trace=300679, nelems=13, elem type=java.lang.Object[]@500000ff)
	[0]		50000f66
	[1]		50000f67
	[2]		50000f68
	[3]		50000f69
	[4]		50000f6a
	[5]		50000f6b
	[6]		50000f6c
	[7]		50000f6d
	[8]		50000f6e
	[9]		50003fab
	[10]		50003fac
	[11]		50003fad
	[12]		50003fb0
OBJ 50003fb4 (sz=32, trace=300680, class=java.lang.invoke.LambdaForm$Name@50000f62)
	type		50000f5a
	function	50003fb2
	arguments	50003fb3
OBJ 50003fb5 (sz=24, trace=300681, class=java.lang.StringBuilder@50000118)
ARR 50003fb6 (sz=48, trace=300682, nelems=0, elem type=char[])
ARR 50003fb7 (sz=88, trace=300010, nelems=0, elem type=char[])
ARR 50003fb8 (sz=48, trace=300683, nelems=0, elem type=char[])
OBJ 50003fb9 (sz=24, trace=300685, class=java.util.Arrays$ArrayList@5000115f)
OBJ 50003fba (sz=24, trace=300686, class=java.util.Collections$UnmodifiableRandomAccessList@500000ca)
OBJ 50003fbb (sz=24, trace=300688, class=java.util.Collections$UnmodifiableCollection$1@50001162)
OBJ 50003fbc (sz=32, trace=300690, class=java.util.AbstractList$Itr@50001164)
OBJ 50003fbd (sz=24, trace=300691, class=java.lang.String@50000165)
ARR 50003fbe (sz=48, trace=300692, nelems=0, elem type=char[])
OBJ 50003fbf (sz=24, trace=300861, class=java.lang.StringBuilder@50000118)
ARR 50003fc0 (sz=48, trace=300862, nelems=0, elem type=char[])
OBJ 50003fc1 (sz=24, trace=300863, class=java.lang.String@50000165)
ARR 50003fc2 (sz=32, trace=300864, nelems=0, elem type=char[])
OBJ 50003fc3 (sz=24, trace=300693, class=java.lang.String@50000165)
	value		50003fc4
ARR 50003fc4 (sz=44, trace=300694, nelems=22, elem type=char[])
OBJ 50003fc5 (sz=48, trace=300695, class=java.lang.invoke.LambdaForm@50000122)
	names		50006e04
	debugName	50003fc3
	vmentry		50006e03
OBJ 50003fc6 (sz=24, trace=300696, class=java.lang.StringBuilder@50000118)
ARR 50003fc7 (sz=48, trace=300697, nelems=0, elem type=char[])
OBJ 50003fc8 (sz=24, trace=300698, class=java.lang.String@50000165)
ARR 50003fc9 (sz=48, trace=300699, nelems=0, elem type=char[])
ARR 50003fca (sz=72, trace=300700, nelems=0, elem type=java.lang.Class[]@500000fa)
OBJ 50003fcb (sz=40, trace=300701, class=java.lang.invoke.MethodType@50000121)
OBJ 50003fcc (sz=32, trace=300443, class=java.lang.invoke.MethodType$ConcurrentWeakInternSet$WeakEntry@50000b5f)
OBJ 50003fcd (sz=64, trace=300704, class=java.lang.invoke.InvokerBytecodeGenerator@50001172)
OBJ 50003fce (sz=48, trace=300705, class=java.util.HashMap@500000bd)
OBJ 50003fcf (sz=24, trace=300706, class=java.lang.String@50000165)
ARR 50003fd0 (sz=24, trace=300707, nelems=0, elem type=char[])
OBJ 50003fd1 (sz=24, trace=300708, class=java.lang.String@50000165)
	value		50003fd2
ARR 50003fd2 (sz=36, trace=300709, nelems=18, elem type=char[])
OBJ 50003fd3 (sz=24, trace=300710, class=java.lang.StringBuilder@50000118)
ARR 50003fd4 (sz=48, trace=300711, nelems=0, elem type=char[])
ARR 50003fd5 (sz=88, trace=300010, nelems=0, elem type=char[])
OBJ 50003fd6 (sz=24, trace=300712, class=java.lang.String@50000165)
ARR 50003fd7 (sz=80, trace=300713, nelems=0, elem type=char[])
OBJ 50003fd8 (sz=24, trace=300714, class=java.lang.StringBuilder@50000118)
ARR 50003fd9 (sz=48, trace=300715, nelems=0, elem type=char[])
OBJ 50003fda (sz=24, trace=300716, class=java.lang.String@50000165)
ARR 50003fdb (sz=48, trace=300717, nelems=0, elem type=char[])
ARR 50003fdc (sz=80, trace=300718, nelems=0, elem type=int[])
ARR 50003fdd (sz=80, trace=300719, nelems=0, elem type=java.lang.invoke.LambdaForm$BasicType[]@50000f60)
ARR 50003fde (sz=80, trace=300720, nelems=0, elem type=java.lang.Class[]@500000fa)
OBJ 50003fdf (sz=168, trace=300723, class=jdk.internal.org.objectweb.asm.ClassWriter@50001187)
OBJ 50003fe0 (sz=24, trace=300725, class=jdk.internal.org.objectweb.asm.ByteVector@5000118a)
ARR 50003fe1 (sz=80, trace=300726, nelems=0, elem type=byte[])
ARR 50003fe2 (sz=1040, trace=300728, nelems=0, elem type=jdk.internal.org.objectweb.asm.Item[]@5000118e)
OBJ 50003fe3 (sz=56, trace=300729, class=jdk.internal.org.objectweb.asm.Item@5000118d)
OBJ 50003fe4 (sz=56, trace=300730, class=jdk.internal.org.objectweb.asm.Item@5000118d)
OBJ 50003fe5 (sz=56, trace=300731, class=jdk.internal.org.objectweb.asm.Item@5000118d)
OBJ 50003fe6 (sz=56, trace=300732, class=jdk.internal.org.objectweb.asm.Item@5000118d)
OBJ 50003fe7 (sz=56, trace=300733, class=jdk.internal.org.objectweb.asm.Item@5000118d)
OBJ 50003fe8 (sz=56, trace=300734, class=jdk.internal.org.objectweb.asm.Item@5000118d)
OBJ 50003fe9 (sz=56, trace=300733, class=jdk.internal.org.objectweb.asm.Item@5000118d)
OBJ 50003fea (sz=56, trace=300735, class=jdk.internal.org.objectweb.asm.Item@5000118d)
ARR 50003feb (sz=144, trace=300736, nelems=0, elem type=byte[])
OBJ 50003fec (sz=56, trace=300737, class=jdk.internal.org.objectweb.asm.Item@5000118d)
OBJ 50003fed (sz=24, trace=300685, class=java.util.Arrays$ArrayList@5000115f)
OBJ 50003fee (sz=24, trace=300686, class=java.util.Collections$UnmodifiableRandomAccessList@500000ca)
OBJ 50003fef (sz=24, trace=300738, class=java.lang.StringBuilder@50000118)
ARR 50003ff0 (sz=48, trace=300739, nelems=0, elem type=char[])
OBJ 50003ff1 (sz=24, trace=300740, class=java.util.Collections$UnmodifiableCollection$1@50001162)
OBJ 50003ff2 (sz=32, trace=300690, class=java.util.AbstractList$Itr@50001164)
ARR 50003ff3 (sz=48, trace=300741, nelems=0, elem type=char[])
OBJ 50003ff4 (sz=24, trace=300742, class=java.lang.String@50000165)
ARR 50003ff5 (sz=88, trace=300010, nelems=0, elem type=char[])
ARR 50003ff6 (sz=48, trace=300741, nelems=0, elem type=char[])
OBJ 50003ff7 (sz=24, trace=300742, class=java.lang.String@50000165)
ARR 50003ff8 (sz=160, trace=300010, nelems=0, elem type=char[])
ARR 50003ff9 (sz=48, trace=300741, nelems=0, elem type=char[])
OBJ 50003ffa (sz=24, trace=300742, class=java.lang.String@50000165)
ARR 50003ffb (sz=48, trace=300741, nelems=0, elem type=char[])
OBJ 50003ffc (sz=24, trace=300742, class=java.lang.String@50000165)
ARR 50003ffd (sz=304, trace=300010, nelems=0, elem type=char[])
ARR 50003ffe (sz=48, trace=300741, nelems=0, elem type=char[])
OBJ 50003fff (sz=24, trace=300742, class=java.lang.String@50000165)
ARR 50004000 (sz=48, trace=300741, nelems=0, elem type=char[])
OBJ 50004001 (sz=24, trace=300742, class=java.lang.String@50000165)
ARR 50004002 (sz=48, trace=300741, nelems=0, elem type=char[])
OBJ 50004003 (sz=24, trace=300742, class=java.lang.String@50000165)
ARR 50004004 (sz=48, trace=300741, nelems=0, elem type=char[])
OBJ 50004005 (sz=24, trace=300742, class=java.lang.String@50000165)
ARR 50004006 (sz=592, trace=300010, nelems=0, elem type=char[])
ARR 50004007 (sz=48, trace=300741, nelems=0, elem type=char[])
OBJ 50004008 (sz=24, trace=300742, class=java.lang.String@50000165)
ARR 50004009 (sz=48, trace=300741, nelems=0, elem type=char[])
OBJ 5000400a (sz=24, trace=300742, class=java.lang.String@50000165)
ARR 5000400b (sz=48, trace=300741, nelems=0, elem type=char[])
OBJ 5000400c (sz=24, trace=300742, class=java.lang.String@50000165)
ARR 5000400d (sz=48, trace=300741, nelems=0, elem type=char[])
OBJ 5000400e (sz=24, trace=300742, class=java.lang.String@50000165)
ARR 5000400f (sz=48, trace=300741, nelems=0, elem type=char[])
OBJ 50004010 (sz=24, trace=300742, class=java.lang.String@50000165)
ARR 50004011 (sz=48, trace=300743, nelems=0, elem type=char[])
OBJ 50004012 (sz=24, trace=300744, class=java.lang.String@50000165)
OBJ 50004013 (sz=24, trace=300745, class=java.lang.String@50000165)
	value		50004014
ARR 50004014 (sz=508, trace=300746, nelems=254, elem type=char[])
OBJ 50004015 (sz=224, trace=300748, class=jdk.internal.org.objectweb.asm.MethodWriter@500011ab)
OBJ 50004016 (sz=24, trace=300749, class=jdk.internal.org.objectweb.asm.ByteVector@5000118a)
ARR 50004017 (sz=80, trace=300750, nelems=0, elem type=byte[])
OBJ 50004018 (sz=56, trace=300751, class=jdk.internal.org.objectweb.asm.Item@5000118d)
ARR 50004019 (sz=376, trace=300752, nelems=0, elem type=byte[])
OBJ 5000401a (sz=56, trace=300753, class=jdk.internal.org.objectweb.asm.Item@5000118d)
OBJ 5000401b (sz=64, trace=300765, class=jdk.internal.org.objectweb.asm.Label@500011bc)
OBJ 5000401c (sz=48, trace=300768, class=jdk.internal.org.objectweb.asm.Frame@500011be)
OBJ 5000401d (sz=24, trace=300769, class=jdk.internal.org.objectweb.asm.ByteVector@5000118a)
ARR 5000401e (sz=80, trace=300770, nelems=0, elem type=byte[])
ARR 5000401f (sz=728, trace=301101, nelems=0, elem type=byte[])
OBJ 50004020 (sz=56, trace=300771, class=jdk.internal.org.objectweb.asm.Item@5000118d)
OBJ 50004021 (sz=56, trace=300773, class=jdk.internal.org.objectweb.asm.AnnotationWriter@500011c5)
OBJ 50004022 (sz=24, trace=300774, class=jdk.internal.org.objectweb.asm.ByteVector@5000118a)
ARR 50004023 (sz=80, trace=300775, nelems=0, elem type=byte[])
OBJ 50004024 (sz=56, trace=300776, class=jdk.internal.org.objectweb.asm.Item@5000118d)
OBJ 50004025 (sz=56, trace=300773, class=jdk.internal.org.objectweb.asm.AnnotationWriter@500011c5)
OBJ 50004026 (sz=24, trace=300777, class=jdk.internal.org.objectweb.asm.ByteVector@5000118a)
ARR 50004027 (sz=80, trace=300778, nelems=0, elem type=byte[])
OBJ 50004028 (sz=56, trace=300780, class=jdk.internal.org.objectweb.asm.Item@5000118d)
OBJ 50004029 (sz=56, trace=300773, class=jdk.internal.org.objectweb.asm.AnnotationWriter@500011c5)
OBJ 5000402a (sz=24, trace=300795, class=java.lang.String@50000165)
ARR 5000402b (sz=56, trace=300462, nelems=0, elem type=char[])
ARR 5000402c (sz=88, trace=300796, nelems=0, elem type=char[])
OBJ 5000402d (sz=24, trace=300797, class=java.lang.String@50000165)
ARR 5000402e (sz=56, trace=300798, nelems=0, elem type=int[])
OBJ 5000402f (sz=56, trace=300733, class=jdk.internal.org.objectweb.asm.Item@5000118d)
OBJ 50004030 (sz=56, trace=300800, class=jdk.internal.org.objectweb.asm.Item@5000118d)
OBJ 50004031 (sz=56, trace=300801, class=jdk.internal.org.objectweb.asm.Item@5000118d)
OBJ 50004032 (sz=56, trace=300802, class=jdk.internal.org.objectweb.asm.Item@5000118d)
OBJ 50004033 (sz=56, trace=300803, class=jdk.internal.org.objectweb.asm.Item@5000118d)
OBJ 50004034 (sz=56, trace=300804, class=jdk.internal.org.objectweb.asm.Item@5000118d)
OBJ 50004035 (sz=24, trace=300805, class=java.lang.String@50000165)
ARR 50004036 (sz=48, trace=300806, nelems=0, elem type=char[])
OBJ 50004037 (sz=56, trace=300807, class=jdk.internal.org.objectweb.asm.Item@5000118d)
ARR 50004038 (sz=80, trace=300808, nelems=0, elem type=jdk.internal.org.objectweb.asm.Item[]@5000118e)
ARR 50004039 (sz=56, trace=300809, nelems=0, elem type=int[])
ARR 5000403a (sz=96, trace=301102, nelems=0, elem type=int[])
OBJ 5000403b (sz=24, trace=300795, class=java.lang.String@50000165)
ARR 5000403c (sz=40, trace=300462, nelems=0, elem type=char[])
ARR 5000403d (sz=96, trace=301104, nelems=0, elem type=int[])
ARR 5000403e (sz=72, trace=300811, nelems=0, elem type=char[])
OBJ 5000403f (sz=24, trace=300812, class=java.lang.String@50000165)
OBJ 50004040 (sz=56, trace=300813, class=jdk.internal.org.objectweb.asm.Item@5000118d)
OBJ 50004041 (sz=56, trace=300814, class=jdk.internal.org.objectweb.asm.Item@5000118d)
OBJ 50004042 (sz=56, trace=300815, class=jdk.internal.org.objectweb.asm.Item@5000118d)
OBJ 50004043 (sz=24, trace=300685, class=java.util.Arrays$ArrayList@5000115f)
OBJ 50004044 (sz=24, trace=300686, class=java.util.Collections$UnmodifiableRandomAccessList@500000ca)
OBJ 50004045 (sz=24, trace=300738, class=java.lang.StringBuilder@50000118)
ARR 50004046 (sz=48, trace=300739, nelems=0, elem type=char[])
OBJ 50004047 (sz=24, trace=300740, class=java.util.Collections$UnmodifiableCollection$1@50001162)
OBJ 50004048 (sz=32, trace=300690, class=java.util.AbstractList$Itr@50001164)
ARR 50004049 (sz=48, trace=300741, nelems=0, elem type=char[])
OBJ 5000404a (sz=24, trace=300742, class=java.lang.String@50000165)
ARR 5000404b (sz=88, trace=300010, nelems=0, elem type=char[])
ARR 5000404c (sz=48, trace=300741, nelems=0, elem type=char[])
OBJ 5000404d (sz=24, trace=300742, class=java.lang.String@50000165)
ARR 5000404e (sz=160, trace=300010, nelems=0, elem type=char[])
ARR 5000404f (sz=48, trace=300741, nelems=0, elem type=char[])
OBJ 50004050 (sz=24, trace=300742, class=java.lang.String@50000165)
ARR 50004051 (sz=48, trace=300741, nelems=0, elem type=char[])
OBJ 50004052 (sz=24, trace=300742, class=java.lang.String@50000165)
ARR 50004053 (sz=304, trace=300010, nelems=0, elem type=char[])
ARR 50004054 (sz=48, trace=300741, nelems=0, elem type=char[])
OBJ 50004055 (sz=24, trace=300742, class=java.lang.String@50000165)
ARR 50004056 (sz=48, trace=300741, nelems=0, elem type=char[])
OBJ 50004057 (sz=24, trace=300742, class=java.lang.String@50000165)
ARR 50004058 (sz=48, trace=300741, nelems=0, elem type=char[])
OBJ 50004059 (sz=24, trace=300742, class=java.lang.String@50000165)
ARR 5000405a (sz=48, trace=300741, nelems=0, elem type=char[])
OBJ 5000405b (sz=24, trace=300742, class=java.lang.String@50000165)
ARR 5000405c (sz=592, trace=300010, nelems=0, elem type=char[])
ARR 5000405d (sz=48, trace=300741, nelems=0, elem type=char[])
OBJ 5000405e (sz=24, trace=300742, class=java.lang.String@50000165)
ARR 5000405f (sz=48, trace=300741, nelems=0, elem type=char[])
OBJ 50004060 (sz=24, trace=300742, class=java.lang.String@50000165)
ARR 50004061 (sz=48, trace=300741, nelems=0, elem type=char[])
OBJ 50004062 (sz=24, trace=300742, class=java.lang.String@50000165)
ARR 50004063 (sz=48, trace=300741, nelems=0, elem type=char[])
OBJ 50004064 (sz=24, trace=300742, class=java.lang.String@50000165)
ARR 50004065 (sz=72, trace=300741, nelems=0, elem type=char[])
OBJ 50004066 (sz=24, trace=300742, class=java.lang.String@50000165)
ARR 50004067 (sz=48, trace=300743, nelems=0, elem type=char[])
OBJ 50004068 (sz=24, trace=300744, class=java.lang.String@50000165)
OBJ 50004069 (sz=24, trace=300745, class=java.lang.String@50000165)
	value		5000406a
ARR 5000406a (sz=530, trace=300746, nelems=265, elem type=char[])
OBJ 5000406b (sz=56, trace=300733, class=jdk.internal.org.objectweb.asm.Item@5000118d)
OBJ 5000406c (sz=56, trace=300800, class=jdk.internal.org.objectweb.asm.Item@5000118d)
OBJ 5000406d (sz=56, trace=300801, class=jdk.internal.org.objectweb.asm.Item@5000118d)
ARR 5000406e (sz=1432, trace=300816, nelems=0, elem type=byte[])
OBJ 5000406f (sz=56, trace=300802, class=jdk.internal.org.objectweb.asm.Item@5000118d)
OBJ 50004070 (sz=56, trace=300803, class=jdk.internal.org.objectweb.asm.Item@5000118d)
OBJ 50004071 (sz=56, trace=300804, class=jdk.internal.org.objectweb.asm.Item@5000118d)
OBJ 50004072 (sz=24, trace=300805, class=java.lang.String@50000165)
ARR 50004073 (sz=48, trace=300806, nelems=0, elem type=char[])
OBJ 50004074 (sz=64, trace=300817, class=jdk.internal.org.objectweb.asm.Label@500011bc)
OBJ 50004075 (sz=48, trace=300818, class=jdk.internal.org.objectweb.asm.Frame@500011be)
ARR 50004076 (sz=528, trace=300819, nelems=0, elem type=char[])
ARR 50004077 (sz=72, trace=300820, nelems=0, elem type=jdk.internal.org.objectweb.asm.Type[]@50001222)
OBJ 50004078 (sz=32, trace=300821, class=jdk.internal.org.objectweb.asm.Type@500011b2)
OBJ 50004079 (sz=32, trace=300821, class=jdk.internal.org.objectweb.asm.Type@500011b2)
OBJ 5000407a (sz=32, trace=300821, class=jdk.internal.org.objectweb.asm.Type@500011b2)
OBJ 5000407b (sz=32, trace=300821, class=jdk.internal.org.objectweb.asm.Type@500011b2)
OBJ 5000407c (sz=32, trace=300821, class=jdk.internal.org.objectweb.asm.Type@500011b2)
OBJ 5000407d (sz=32, trace=300821, class=jdk.internal.org.objectweb.asm.Type@500011b2)
OBJ 5000407e (sz=32, trace=300821, class=jdk.internal.org.objectweb.asm.Type@500011b2)
OBJ 5000407f (sz=32, trace=300821, class=jdk.internal.org.objectweb.asm.Type@500011b2)
OBJ 50004080 (sz=32, trace=300821, class=jdk.internal.org.objectweb.asm.Type@500011b2)
OBJ 50004081 (sz=32, trace=300821, class=jdk.internal.org.objectweb.asm.Type@500011b2)
OBJ 50004082 (sz=32, trace=300821, class=jdk.internal.org.objectweb.asm.Type@500011b2)
OBJ 50004083 (sz=32, trace=300821, class=jdk.internal.org.objectweb.asm.Type@500011b2)
OBJ 50004084 (sz=32, trace=300821, class=jdk.internal.org.objectweb.asm.Type@500011b2)
ARR 50004085 (sz=72, trace=300822, nelems=0, elem type=int[])
ARR 50004086 (sz=16, trace=300823, nelems=0, elem type=int[])
OBJ 50004087 (sz=24, trace=300824, class=java.lang.StringBuffer@50000119)
ARR 50004088 (sz=48, trace=300825, nelems=0, elem type=char[])
ARR 50004089 (sz=88, trace=300826, nelems=0, elem type=char[])
ARR 5000408a (sz=56, trace=300827, nelems=0, elem type=char[])
OBJ 5000408b (sz=24, trace=300828, class=java.lang.String@50000165)
OBJ 5000408c (sz=24, trace=300829, class=java.lang.String@50000165)
ARR 5000408d (sz=48, trace=300806, nelems=0, elem type=char[])
OBJ 5000408e (sz=24, trace=300824, class=java.lang.StringBuffer@50000119)
ARR 5000408f (sz=48, trace=300825, nelems=0, elem type=char[])
ARR 50004090 (sz=88, trace=300826, nelems=0, elem type=char[])
ARR 50004091 (sz=56, trace=300827, nelems=0, elem type=char[])
OBJ 50004092 (sz=24, trace=300828, class=java.lang.String@50000165)
OBJ 50004093 (sz=24, trace=300829, class=java.lang.String@50000165)
ARR 50004094 (sz=48, trace=300806, nelems=0, elem type=char[])
OBJ 50004095 (sz=24, trace=300824, class=java.lang.StringBuffer@50000119)
ARR 50004096 (sz=48, trace=300825, nelems=0, elem type=char[])
ARR 50004097 (sz=88, trace=300826, nelems=0, elem type=char[])
ARR 50004098 (sz=56, trace=300827, nelems=0, elem type=char[])
OBJ 50004099 (sz=24, trace=300828, class=java.lang.String@50000165)
OBJ 5000409a (sz=24, trace=300829, class=java.lang.String@50000165)
ARR 5000409b (sz=48, trace=300806, nelems=0, elem type=char[])
OBJ 5000409c (sz=24, trace=300824, class=java.lang.StringBuffer@50000119)
ARR 5000409d (sz=48, trace=300825, nelems=0, elem type=char[])
ARR 5000409e (sz=88, trace=300826, nelems=0, elem type=char[])
ARR 5000409f (sz=56, trace=300827, nelems=0, elem type=char[])
OBJ 500040a0 (sz=24, trace=300828, class=java.lang.String@50000165)
OBJ 500040a1 (sz=24, trace=300829, class=java.lang.String@50000165)
ARR 500040a2 (sz=48, trace=300806, nelems=0, elem type=char[])
OBJ 500040a3 (sz=24, trace=300824, class=java.lang.StringBuffer@50000119)
ARR 500040a4 (sz=48, trace=300825, nelems=0, elem type=char[])
ARR 500040a5 (sz=88, trace=300826, nelems=0, elem type=char[])
ARR 500040a6 (sz=56, trace=300827, nelems=0, elem type=char[])
OBJ 500040a7 (sz=24, trace=300828, class=java.lang.String@50000165)
OBJ 500040a8 (sz=24, trace=300829, class=java.lang.String@50000165)
ARR 500040a9 (sz=48, trace=300806, nelems=0, elem type=char[])
OBJ 500040aa (sz=24, trace=300824, class=java.lang.StringBuffer@50000119)
ARR 500040ab (sz=48, trace=300825, nelems=0, elem type=char[])
ARR 500040ac (sz=88, trace=300826, nelems=0, elem type=char[])
ARR 500040ad (sz=56, trace=300827, nelems=0, elem type=char[])
OBJ 500040ae (sz=24, trace=300828, class=java.lang.String@50000165)
OBJ 500040af (sz=24, trace=300829, class=java.lang.String@50000165)
ARR 500040b0 (sz=48, trace=300806, nelems=0, elem type=char[])
OBJ 500040b1 (sz=24, trace=300824, class=java.lang.StringBuffer@50000119)
ARR 500040b2 (sz=48, trace=300825, nelems=0, elem type=char[])
ARR 500040b3 (sz=88, trace=300826, nelems=0, elem type=char[])
ARR 500040b4 (sz=56, trace=300827, nelems=0, elem type=char[])
OBJ 500040b5 (sz=24, trace=300828, class=java.lang.String@50000165)
OBJ 500040b6 (sz=24, trace=300829, class=java.lang.String@50000165)
ARR 500040b7 (sz=48, trace=300806, nelems=0, elem type=char[])
OBJ 500040b8 (sz=24, trace=300824, class=java.lang.StringBuffer@50000119)
ARR 500040b9 (sz=48, trace=300825, nelems=0, elem type=char[])
ARR 500040ba (sz=88, trace=300826, nelems=0, elem type=char[])
ARR 500040bb (sz=56, trace=300827, nelems=0, elem type=char[])
OBJ 500040bc (sz=24, trace=300828, class=java.lang.String@50000165)
OBJ 500040bd (sz=24, trace=300829, class=java.lang.String@50000165)
ARR 500040be (sz=48, trace=300806, nelems=0, elem type=char[])
OBJ 500040bf (sz=24, trace=300824, class=java.lang.StringBuffer@50000119)
ARR 500040c0 (sz=48, trace=300825, nelems=0, elem type=char[])
ARR 500040c1 (sz=88, trace=300826, nelems=0, elem type=char[])
ARR 500040c2 (sz=56, trace=300827, nelems=0, elem type=char[])
OBJ 500040c3 (sz=24, trace=300828, class=java.lang.String@50000165)
OBJ 500040c4 (sz=24, trace=300829, class=java.lang.String@50000165)
ARR 500040c5 (sz=48, trace=300806, nelems=0, elem type=char[])
OBJ 500040c6 (sz=24, trace=300824, class=java.lang.StringBuffer@50000119)
ARR 500040c7 (sz=48, trace=300825, nelems=0, elem type=char[])
ARR 500040c8 (sz=88, trace=300826, nelems=0, elem type=char[])
ARR 500040c9 (sz=56, trace=300827, nelems=0, elem type=char[])
OBJ 500040ca (sz=24, trace=300828, class=java.lang.String@50000165)
OBJ 500040cb (sz=24, trace=300829, class=java.lang.String@50000165)
ARR 500040cc (sz=48, trace=300806, nelems=0, elem type=char[])
OBJ 500040cd (sz=24, trace=300824, class=java.lang.StringBuffer@50000119)
ARR 500040ce (sz=48, trace=300825, nelems=0, elem type=char[])
ARR 500040cf (sz=88, trace=300826, nelems=0, elem type=char[])
ARR 500040d0 (sz=56, trace=300827, nelems=0, elem type=char[])
OBJ 500040d1 (sz=24, trace=300828, class=java.lang.String@50000165)
OBJ 500040d2 (sz=24, trace=300829, class=java.lang.String@50000165)
ARR 500040d3 (sz=48, trace=300806, nelems=0, elem type=char[])
OBJ 500040d4 (sz=24, trace=300824, class=java.lang.StringBuffer@50000119)
ARR 500040d5 (sz=48, trace=300825, nelems=0, elem type=char[])
ARR 500040d6 (sz=88, trace=300826, nelems=0, elem type=char[])
ARR 500040d7 (sz=56, trace=300827, nelems=0, elem type=char[])
OBJ 500040d8 (sz=24, trace=300828, class=java.lang.String@50000165)
OBJ 500040d9 (sz=24, trace=300829, class=java.lang.String@50000165)
ARR 500040da (sz=48, trace=300806, nelems=0, elem type=char[])
OBJ 500040db (sz=24, trace=300824, class=java.lang.StringBuffer@50000119)
ARR 500040dc (sz=48, trace=300825, nelems=0, elem type=char[])
ARR 500040dd (sz=88, trace=300826, nelems=0, elem type=char[])
ARR 500040de (sz=56, trace=300827, nelems=0, elem type=char[])
OBJ 500040df (sz=24, trace=300828, class=java.lang.String@50000165)
OBJ 500040e0 (sz=24, trace=300829, class=java.lang.String@50000165)
ARR 500040e1 (sz=48, trace=300806, nelems=0, elem type=char[])
ARR 500040e2 (sz=80, trace=300830, nelems=0, elem type=int[])
ARR 500040e3 (sz=24, trace=300831, nelems=0, elem type=java.lang.Object[]@500000ff)
OBJ 500040e4 (sz=56, trace=300832, class=jdk.internal.org.objectweb.asm.Item@5000118d)
OBJ 500040e5 (sz=56, trace=300833, class=jdk.internal.org.objectweb.asm.Item@5000118d)
OBJ 500040e6 (sz=56, trace=300834, class=jdk.internal.org.objectweb.asm.Item@5000118d)
OBJ 500040e7 (sz=24, trace=300835, class=jdk.internal.org.objectweb.asm.ByteVector@5000118a)
ARR 500040e8 (sz=1120, trace=300836, nelems=0, elem type=byte[])
ARR 500040e9 (sz=128, trace=300837, nelems=0, elem type=java.lang.Object[]@500000ff)
OBJ 500040ea (sz=16, trace=300839, class=java.util.HashMap$Values@5000123e)
OBJ 500040eb (sz=40, trace=300841, class=java.util.HashMap$ValueIterator@50001241)
OBJ 500040ed (sz=56, trace=300843, class=java.lang.invoke.MemberName@50000124)
OBJ 500040ee (sz=40, trace=300844, class=java.lang.ref.SoftReference@50000149)
	referent	50003fc5
	queue		50006b4d
OBJ 500040ef (sz=32, trace=300865, class=java.lang.invoke.DirectMethodHandle@50000125)
	type		50003f8b
	form		50003fc5
	member		50006ffe
ARR 500040f0 (sz=80, trace=300237, nelems=0, elem type=java.lang.Object[]@500000ff)
ARR 500040f1 (sz=24, trace=301129, nelems=0, elem type=java.lang.Class[]@500000fa)
ARR 500040f2 (sz=64, trace=301132, nelems=0, elem type=java.lang.Class[]@500000fa)
OBJ 500040f3 (sz=40, trace=300575, class=java.lang.invoke.MethodType@50000121)
OBJ 500040f4 (sz=32, trace=300443, class=java.lang.invoke.MethodType$ConcurrentWeakInternSet$WeakEntry@50000b5f)
OBJ 500040f5 (sz=40, trace=301093, class=java.lang.invoke.MethodType@50000121)
OBJ 500040f6 (sz=32, trace=300443, class=java.lang.invoke.MethodType$ConcurrentWeakInternSet$WeakEntry@50000b5f)
OBJ 500040f7 (sz=40, trace=301130, class=java.lang.invoke.MethodType@50000121)
OBJ 500040f8 (sz=32, trace=300443, class=java.lang.invoke.MethodType$ConcurrentWeakInternSet$WeakEntry@50000b5f)
OBJ 500040f9 (sz=40, trace=301131, class=java.lang.invoke.MethodType@50000121)
	rtype		500000ff
	ptypes		5000705c
	form		50003f98
OBJ 500040fa (sz=40, trace=300445, class=java.lang.invoke.MethodType@50000121)
OBJ 500040fb (sz=32, trace=300443, class=java.lang.invoke.MethodType$ConcurrentWeakInternSet$WeakEntry@50000b5f)
OBJ 500040fc (sz=32, trace=300452, class=java.lang.invoke.MethodType$ConcurrentWeakInternSet$WeakEntry@50000b5f)
	referent	500040f9
	queue		50000b52
OBJ 500040fd (sz=32, trace=300521, class=java.util.concurrent.ConcurrentHashMap$Node@50000021)
	key		500040fc
	val		500040fc
OBJ 500040fe (sz=56, trace=301095, class=java.lang.invoke.MemberName@50000124)
OBJ 500040ff (sz=32, trace=301106, class=java.lang.NoSuchFieldError@50003dee)
OBJ 50004100 (sz=24, trace=301107, class=java.lang.StringBuilder@50000118)
ARR 50004101 (sz=48, trace=301108, nelems=0, elem type=char[])
OBJ 50004102 (sz=24, trace=301109, class=java.lang.StringBuilder@50000118)
ARR 50004103 (sz=48, trace=301110, nelems=0, elem type=char[])
ARR 50004104 (sz=88, trace=300010, nelems=0, elem type=char[])
ARR 50004105 (sz=160, trace=300010, nelems=0, elem type=char[])
OBJ 50004106 (sz=24, trace=301111, class=java.lang.StringBuilder@50000118)
ARR 50004107 (sz=48, trace=301112, nelems=0, elem type=char[])
OBJ 50004108 (sz=24, trace=301113, class=java.lang.String@50000165)
ARR 50004109 (sz=32, trace=300462, nelems=0, elem type=char[])
OBJ 5000410a (sz=24, trace=301133, class=java.lang.StringBuilder@50000118)
ARR 5000410b (sz=48, trace=301134, nelems=0, elem type=char[])
OBJ 5000410c (sz=24, trace=301116, class=java.lang.String@50000165)
ARR 5000410d (sz=32, trace=300462, nelems=0, elem type=char[])
OBJ 5000410e (sz=24, trace=301135, class=java.lang.String@50000165)
ARR 5000410f (sz=32, trace=301118, nelems=0, elem type=char[])
ARR 50004110 (sz=88, trace=300010, nelems=0, elem type=char[])
OBJ 50004111 (sz=24, trace=301113, class=java.lang.String@50000165)
ARR 50004112 (sz=32, trace=300462, nelems=0, elem type=char[])
OBJ 50004113 (sz=24, trace=301113, class=java.lang.String@50000165)
ARR 50004114 (sz=32, trace=300462, nelems=0, elem type=char[])
OBJ 50004115 (sz=24, trace=301113, class=java.lang.String@50000165)
ARR 50004116 (sz=32, trace=300462, nelems=0, elem type=char[])
ARR 50004117 (sz=160, trace=300010, nelems=0, elem type=char[])
OBJ 50004118 (sz=24, trace=301113, class=java.lang.String@50000165)
ARR 50004119 (sz=32, trace=300462, nelems=0, elem type=char[])
OBJ 5000411a (sz=24, trace=301113, class=java.lang.String@50000165)
ARR 5000411b (sz=32, trace=300462, nelems=0, elem type=char[])
OBJ 5000411c (sz=24, trace=301113, class=java.lang.String@50000165)
ARR 5000411d (sz=32, trace=300462, nelems=0, elem type=char[])
OBJ 5000411e (sz=24, trace=301113, class=java.lang.String@50000165)
ARR 5000411f (sz=32, trace=300462, nelems=0, elem type=char[])
OBJ 50004120 (sz=24, trace=301113, class=java.lang.String@50000165)
ARR 50004121 (sz=32, trace=300462, nelems=0, elem type=char[])
ARR 50004122 (sz=304, trace=300010, nelems=0, elem type=char[])
OBJ 50004123 (sz=24, trace=301113, class=java.lang.String@50000165)
ARR 50004124 (sz=32, trace=300462, nelems=0, elem type=char[])
OBJ 50004125 (sz=24, trace=301113, class=java.lang.String@50000165)
ARR 50004126 (sz=32, trace=300462, nelems=0, elem type=char[])
OBJ 50004127 (sz=24, trace=301113, class=java.lang.String@50000165)
ARR 50004128 (sz=32, trace=300462, nelems=0, elem type=char[])
OBJ 50004129 (sz=24, trace=301114, class=java.lang.StringBuilder@50000118)
ARR 5000412a (sz=48, trace=301115, nelems=0, elem type=char[])
OBJ 5000412b (sz=24, trace=301116, class=java.lang.String@50000165)
ARR 5000412c (sz=32, trace=300462, nelems=0, elem type=char[])
OBJ 5000412d (sz=24, trace=301117, class=java.lang.String@50000165)
ARR 5000412e (sz=32, trace=301118, nelems=0, elem type=char[])
OBJ 5000412f (sz=24, trace=301119, class=java.lang.String@50000165)
ARR 50004130 (sz=224, trace=301120, nelems=0, elem type=char[])
ARR 50004131 (sz=312, trace=300010, nelems=0, elem type=char[])
ARR 50004132 (sz=608, trace=300366, nelems=0, elem type=char[])
OBJ 50004133 (sz=24, trace=301121, class=java.lang.String@50000165)
ARR 50004134 (sz=336, trace=301122, nelems=0, elem type=char[])
ARR 50004135 (sz=368, trace=300010, nelems=0, elem type=char[])
OBJ 50004136 (sz=24, trace=301123, class=java.lang.String@50000165)
ARR 50004137 (sz=368, trace=301124, nelems=0, elem type=char[])
OBJ 50004138 (sz=32, trace=301125, class=java.lang.NoSuchMethodException@50000f50)
ARR 50004139 (sz=16, trace=301136, nelems=0, elem type=java.lang.invoke.MethodHandle[]@5000018c)
ARR 5000413a (sz=24, trace=301137, nelems=0, elem type=java.lang.Class[]@500000fa)
OBJ 5000413b (sz=56, trace=300425, class=java.lang.Class$ReflectionData@500000a8)
OBJ 5000413c (sz=40, trace=300040, class=java.lang.ref.SoftReference@50000149)
OBJ 5000413d (sz=88, trace=300426, class=java.lang.reflect.Method@50000135)
OBJ 5000413e (sz=56, trace=301138, class=java.lang.invoke.MemberName@50000124)
	clazz		5000017b
	name		50006fe9
	type		50004152
ARR 5000413f (sz=24, trace=301139, nelems=0, elem type=java.lang.Object[]@500000ff)
OBJ 50004140 (sz=24, trace=301140, class=java.lang.invoke.LambdaForm$NamedFunction@50000f99)
	member		5000413e
	resolvedHandle	50004227
ARR 50004141 (sz=32, trace=301141, nelems=0, elem type=java.lang.Class[]@500000fa)
OBJ 50004142 (sz=88, trace=300426, class=java.lang.reflect.Method@50000135)
OBJ 50004143 (sz=56, trace=301142, class=java.lang.invoke.MemberName@50000124)
	clazz		5000017b
	name		50006fea
	type		5000422a
ARR 50004144 (sz=24, trace=301143, nelems=0, elem type=java.lang.Object[]@500000ff)
OBJ 50004145 (sz=24, trace=301144, class=java.lang.invoke.LambdaForm$NamedFunction@50000f99)
	member		50004143
	resolvedHandle	5000422f
ARR 50004146 (sz=24, trace=301145, nelems=0, elem type=java.lang.Class[]@500000fa)
OBJ 50004147 (sz=88, trace=300426, class=java.lang.reflect.Method@50000135)
OBJ 50004148 (sz=56, trace=301146, class=java.lang.invoke.MemberName@50000124)
	clazz		5000017b
	name		50006feb
	type		50004232
ARR 50004149 (sz=24, trace=301147, nelems=0, elem type=java.lang.Object[]@500000ff)
OBJ 5000414a (sz=24, trace=301148, class=java.lang.invoke.LambdaForm$NamedFunction@50000f99)
	member		50004148
	resolvedHandle	50004237
ARR 5000414b (sz=24, trace=301149, nelems=0, elem type=java.lang.Class[]@500000fa)
OBJ 5000414c (sz=88, trace=300426, class=java.lang.reflect.Method@50000135)
OBJ 5000414d (sz=56, trace=301150, class=java.lang.invoke.MemberName@50000124)
	clazz		5000017b
	name		50006fec
	type		5000423a
ARR 5000414e (sz=24, trace=301151, nelems=0, elem type=java.lang.Object[]@500000ff)
OBJ 5000414f (sz=24, trace=301152, class=java.lang.invoke.LambdaForm$NamedFunction@50000f99)
	member		5000414d
	resolvedHandle	5000431a
OBJ 50004150 (sz=40, trace=300672, class=java.lang.invoke.MethodType@50000121)
OBJ 50004151 (sz=32, trace=300443, class=java.lang.invoke.MethodType$ConcurrentWeakInternSet$WeakEntry@50000b5f)
OBJ 50004152 (sz=40, trace=300846, class=java.lang.invoke.MethodType@50000121)
	rtype		500062a1
	ptypes		50007014
	form		50004153
OBJ 50004153 (sz=56, trace=300847, class=java.lang.invoke.MethodTypeForm@50000b5a)
	argToSlotTable	50000fc6
	slotToArgTable	50000fc5
	erasedType	50004152
	basicType	50004152
	methodHandles	50004155
	lambdaForms	50004154
ARR 50004154 (sz=88, trace=300850, nelems=2, elem type=java.lang.ref.SoftReference[]@50000b68)
	[1]		50004226
ARR 50004155 (sz=32, trace=300851, nelems=0, elem type=java.lang.ref.SoftReference[]@50000b68)
OBJ 50004156 (sz=32, trace=300452, class=java.lang.invoke.MethodType$ConcurrentWeakInternSet$WeakEntry@50000b5f)
	referent	50004152
	queue		50000b52
OBJ 50004157 (sz=32, trace=300454, class=java.util.concurrent.ConcurrentHashMap$Node@50000021)
	key		50004156
	val		50004156
ARR 50004158 (sz=24, trace=300512, nelems=0, elem type=java.lang.Class[]@500000fa)
OBJ 50004159 (sz=40, trace=300514, class=java.lang.invoke.MethodType@50000121)
OBJ 5000415a (sz=32, trace=300443, class=java.lang.invoke.MethodType$ConcurrentWeakInternSet$WeakEntry@50000b5f)
OBJ 5000415b (sz=40, trace=300515, class=java.lang.invoke.MethodType@50000121)
	rtype		500062a1
	ptypes		50007018
	form		5000415f
	methodDescriptor	500041f7
OBJ 5000415c (sz=40, trace=300445, class=java.lang.invoke.MethodType@50000121)
OBJ 5000415d (sz=32, trace=300443, class=java.lang.invoke.MethodType$ConcurrentWeakInternSet$WeakEntry@50000b5f)
OBJ 5000415e (sz=40, trace=300446, class=java.lang.invoke.MethodType@50000121)
	rtype		500062a1
	ptypes		50007019
	form		5000415f
OBJ 5000415f (sz=56, trace=300447, class=java.lang.invoke.MethodTypeForm@50000b5a)
	argToSlotTable	500010da
	slotToArgTable	500010d9
	erasedType	5000415e
	basicType	5000415e
	methodHandles	50004161
	lambdaForms	50004160
ARR 50004160 (sz=88, trace=300450, nelems=0, elem type=java.lang.ref.SoftReference[]@50000b68)
ARR 50004161 (sz=32, trace=300451, nelems=0, elem type=java.lang.ref.SoftReference[]@50000b68)
OBJ 50004162 (sz=32, trace=300452, class=java.lang.invoke.MethodType$ConcurrentWeakInternSet$WeakEntry@50000b5f)
	referent	5000415e
	queue		50000b52
OBJ 50004163 (sz=32, trace=300454, class=java.util.concurrent.ConcurrentHashMap$Node@50000021)
	key		50004162
	val		50004162
OBJ 50004164 (sz=32, trace=300452, class=java.lang.invoke.MethodType$ConcurrentWeakInternSet$WeakEntry@50000b5f)
	referent	5000415b
	queue		50000b52
OBJ 50004165 (sz=32, trace=300521, class=java.util.concurrent.ConcurrentHashMap$Node@50000021)
	key		50004164
	val		50004164
OBJ 50004166 (sz=56, trace=300516, class=java.lang.invoke.MemberName@50000124)
ARR 50004167 (sz=24, trace=300518, nelems=0, elem type=java.lang.Class[]@500000fa)
OBJ 50004168 (sz=40, trace=300519, class=java.lang.invoke.MethodType@50000121)
OBJ 50004169 (sz=32, trace=300443, class=java.lang.invoke.MethodType$ConcurrentWeakInternSet$WeakEntry@50000b5f)
OBJ 5000416a (sz=40, trace=300520, class=java.lang.invoke.MethodType@50000121)
	rtype		500062a1
	ptypes		50007054
	form		5000416e
OBJ 5000416b (sz=40, trace=300445, class=java.lang.invoke.MethodType@50000121)
OBJ 5000416c (sz=32, trace=300443, class=java.lang.invoke.MethodType$ConcurrentWeakInternSet$WeakEntry@50000b5f)
OBJ 5000416d (sz=40, trace=300446, class=java.lang.invoke.MethodType@50000121)
	rtype		500062a1
	ptypes		5000701a
	form		5000416e
	methodDescriptor	500041bd
OBJ 5000416e (sz=56, trace=300447, class=java.lang.invoke.MethodTypeForm@50000b5a)
	argToSlotTable	500010da
	slotToArgTable	500010d9
	erasedType	5000416d
	basicType	5000416d
	methodHandles	50004170
	lambdaForms	5000416f
ARR 5000416f (sz=88, trace=300450, nelems=0, elem type=java.lang.ref.SoftReference[]@50000b68)
ARR 50004170 (sz=32, trace=300451, nelems=0, elem type=java.lang.ref.SoftReference[]@50000b68)
OBJ 50004171 (sz=32, trace=300452, class=java.lang.invoke.MethodType$ConcurrentWeakInternSet$WeakEntry@50000b5f)
	referent	5000416d
	queue		50000b52
OBJ 50004172 (sz=32, trace=300521, class=java.util.concurrent.ConcurrentHashMap$Node@50000021)
	key		50004171
	val		50004171
OBJ 50004173 (sz=32, trace=300452, class=java.lang.invoke.MethodType$ConcurrentWeakInternSet$WeakEntry@50000b5f)
	referent	5000416a
	queue		50000b52
OBJ 50004174 (sz=32, trace=300454, class=java.util.concurrent.ConcurrentHashMap$Node@50000021)
	key		50004173
	val		50004173
ARR 50004175 (sz=40, trace=300623, nelems=0, elem type=java.lang.invoke.LambdaForm$Name[]@50000fce)
ARR 50004176 (sz=24, trace=300674, nelems=0, elem type=java.lang.Object[]@500000ff)
ARR 50004177 (sz=24, trace=300675, nelems=1, elem type=java.lang.Object[]@500000ff)
	[0]		50000f65
OBJ 50004178 (sz=32, trace=300676, class=java.lang.invoke.LambdaForm$Name@50000f62)
	type		50000f5a
	function	50001105
	arguments	50004177
ARR 50004179 (sz=32, trace=300677, nelems=0, elem type=java.lang.Object[]@500000ff)
OBJ 5000417a (sz=24, trace=300678, class=java.lang.invoke.LambdaForm$NamedFunction@50000f99)
	member		50007017
ARR 5000417b (sz=32, trace=300679, nelems=3, elem type=java.lang.Object[]@500000ff)
	[0]		50000f66
	[1]		50000f71
	[2]		50004178
OBJ 5000417c (sz=32, trace=300680, class=java.lang.invoke.LambdaForm$Name@50000f62)
	type		50000f5f
	function	5000417a
	arguments	5000417b
OBJ 5000417d (sz=24, trace=300681, class=java.lang.StringBuilder@50000118)
ARR 5000417e (sz=48, trace=300682, nelems=0, elem type=char[])
ARR 5000417f (sz=88, trace=300010, nelems=0, elem type=char[])
ARR 50004180 (sz=24, trace=300683, nelems=0, elem type=char[])
OBJ 50004181 (sz=24, trace=300685, class=java.util.Arrays$ArrayList@5000115f)
OBJ 50004182 (sz=24, trace=300686, class=java.util.Collections$UnmodifiableRandomAccessList@500000ca)
OBJ 50004183 (sz=24, trace=300688, class=java.util.Collections$UnmodifiableCollection$1@50001162)
OBJ 50004184 (sz=32, trace=300690, class=java.util.AbstractList$Itr@50001164)
OBJ 50004185 (sz=24, trace=300691, class=java.lang.String@50000165)
ARR 50004186 (sz=24, trace=300692, nelems=0, elem type=char[])
OBJ 50004187 (sz=24, trace=300693, class=java.lang.String@50000165)
	value		50004188
ARR 50004188 (sz=42, trace=300694, nelems=21, elem type=char[])
OBJ 50004189 (sz=48, trace=300695, class=java.lang.invoke.LambdaForm@50000122)
	names		50007016
	debugName	50004187
	vmentry		50007015
OBJ 5000418a (sz=24, trace=300696, class=java.lang.StringBuilder@50000118)
ARR 5000418b (sz=32, trace=300697, nelems=0, elem type=char[])
OBJ 5000418c (sz=24, trace=300698, class=java.lang.String@50000165)
ARR 5000418d (sz=32, trace=300699, nelems=0, elem type=char[])
ARR 5000418e (sz=32, trace=300700, nelems=0, elem type=java.lang.Class[]@500000fa)
OBJ 5000418f (sz=40, trace=300701, class=java.lang.invoke.MethodType@50000121)
OBJ 50004190 (sz=32, trace=300443, class=java.lang.invoke.MethodType$ConcurrentWeakInternSet$WeakEntry@50000b5f)
OBJ 50004191 (sz=64, trace=300704, class=java.lang.invoke.InvokerBytecodeGenerator@50001172)
OBJ 50004192 (sz=48, trace=300705, class=java.util.HashMap@500000bd)
OBJ 50004193 (sz=24, trace=300706, class=java.lang.String@50000165)
ARR 50004194 (sz=24, trace=300707, nelems=0, elem type=char[])
OBJ 50004195 (sz=24, trace=300708, class=java.lang.String@50000165)
	value		50004196
ARR 50004196 (sz=34, trace=300709, nelems=17, elem type=char[])
OBJ 50004197 (sz=24, trace=300710, class=java.lang.StringBuilder@50000118)
ARR 50004198 (sz=48, trace=300711, nelems=0, elem type=char[])
ARR 50004199 (sz=88, trace=300010, nelems=0, elem type=char[])
OBJ 5000419a (sz=24, trace=300712, class=java.lang.String@50000165)
ARR 5000419b (sz=80, trace=300713, nelems=0, elem type=char[])
OBJ 5000419c (sz=24, trace=300714, class=java.lang.StringBuilder@50000118)
ARR 5000419d (sz=48, trace=300715, nelems=0, elem type=char[])
OBJ 5000419e (sz=24, trace=300716, class=java.lang.String@50000165)
ARR 5000419f (sz=48, trace=300717, nelems=0, elem type=char[])
ARR 500041a0 (sz=40, trace=300718, nelems=0, elem type=int[])
ARR 500041a1 (sz=40, trace=300719, nelems=0, elem type=java.lang.invoke.LambdaForm$BasicType[]@50000f60)
ARR 500041a2 (sz=40, trace=300720, nelems=0, elem type=java.lang.Class[]@500000fa)
OBJ 500041a3 (sz=168, trace=300723, class=jdk.internal.org.objectweb.asm.ClassWriter@50001187)
OBJ 500041a4 (sz=24, trace=300725, class=jdk.internal.org.objectweb.asm.ByteVector@5000118a)
ARR 500041a5 (sz=80, trace=300726, nelems=0, elem type=byte[])
ARR 500041a6 (sz=1040, trace=300728, nelems=0, elem type=jdk.internal.org.objectweb.asm.Item[]@5000118e)
OBJ 500041a7 (sz=56, trace=300729, class=jdk.internal.org.objectweb.asm.Item@5000118d)
OBJ 500041a8 (sz=56, trace=300730, class=jdk.internal.org.objectweb.asm.Item@5000118d)
OBJ 500041a9 (sz=56, trace=300731, class=jdk.internal.org.objectweb.asm.Item@5000118d)
OBJ 500041aa (sz=56, trace=300732, class=jdk.internal.org.objectweb.asm.Item@5000118d)
OBJ 500041ab (sz=56, trace=300733, class=jdk.internal.org.objectweb.asm.Item@5000118d)
OBJ 500041ac (sz=56, trace=300734, class=jdk.internal.org.objectweb.asm.Item@5000118d)
OBJ 500041ad (sz=56, trace=300733, class=jdk.internal.org.objectweb.asm.Item@5000118d)
OBJ 500041ae (sz=56, trace=300735, class=jdk.internal.org.objectweb.asm.Item@5000118d)
ARR 500041af (sz=144, trace=300736, nelems=0, elem type=byte[])
OBJ 500041b0 (sz=56, trace=300737, class=jdk.internal.org.objectweb.asm.Item@5000118d)
OBJ 500041b1 (sz=24, trace=300685, class=java.util.Arrays$ArrayList@5000115f)
OBJ 500041b2 (sz=24, trace=300686, class=java.util.Collections$UnmodifiableRandomAccessList@500000ca)
OBJ 500041b3 (sz=24, trace=300738, class=java.lang.StringBuilder@50000118)
ARR 500041b4 (sz=48, trace=300739, nelems=0, elem type=char[])
OBJ 500041b5 (sz=24, trace=300740, class=java.util.Collections$UnmodifiableCollection$1@50001162)
OBJ 500041b6 (sz=32, trace=300690, class=java.util.AbstractList$Itr@50001164)
ARR 500041b7 (sz=48, trace=300741, nelems=0, elem type=char[])
OBJ 500041b8 (sz=24, trace=300742, class=java.lang.String@50000165)
ARR 500041b9 (sz=88, trace=300010, nelems=0, elem type=char[])
ARR 500041ba (sz=48, trace=300741, nelems=0, elem type=char[])
OBJ 500041bb (sz=24, trace=300742, class=java.lang.String@50000165)
ARR 500041bc (sz=160, trace=300010, nelems=0, elem type=char[])
OBJ 500041bd (sz=24, trace=300745, class=java.lang.String@50000165)
	value		500041be
ARR 500041be (sz=80, trace=300746, nelems=40, elem type=char[])
OBJ 500041bf (sz=224, trace=300748, class=jdk.internal.org.objectweb.asm.MethodWriter@500011ab)
OBJ 500041c0 (sz=24, trace=300749, class=jdk.internal.org.objectweb.asm.ByteVector@5000118a)
ARR 500041c1 (sz=80, trace=300750, nelems=0, elem type=byte[])
OBJ 500041c2 (sz=56, trace=300751, class=jdk.internal.org.objectweb.asm.Item@5000118d)
ARR 500041c3 (sz=272, trace=300752, nelems=0, elem type=byte[])
OBJ 500041c4 (sz=56, trace=300753, class=jdk.internal.org.objectweb.asm.Item@5000118d)
OBJ 500041c5 (sz=64, trace=300765, class=jdk.internal.org.objectweb.asm.Label@500011bc)
OBJ 500041c6 (sz=48, trace=300768, class=jdk.internal.org.objectweb.asm.Frame@500011be)
OBJ 500041c7 (sz=24, trace=300769, class=jdk.internal.org.objectweb.asm.ByteVector@5000118a)
ARR 500041c8 (sz=80, trace=300770, nelems=0, elem type=byte[])
OBJ 500041c9 (sz=56, trace=300771, class=jdk.internal.org.objectweb.asm.Item@5000118d)
OBJ 500041ca (sz=56, trace=300773, class=jdk.internal.org.objectweb.asm.AnnotationWriter@500011c5)
OBJ 500041cb (sz=24, trace=300774, class=jdk.internal.org.objectweb.asm.ByteVector@5000118a)
ARR 500041cc (sz=80, trace=300775, nelems=0, elem type=byte[])
OBJ 500041cd (sz=56, trace=300776, class=jdk.internal.org.objectweb.asm.Item@5000118d)
OBJ 500041ce (sz=56, trace=300773, class=jdk.internal.org.objectweb.asm.AnnotationWriter@500011c5)
OBJ 500041cf (sz=24, trace=300777, class=jdk.internal.org.objectweb.asm.ByteVector@5000118a)
ARR 500041d0 (sz=80, trace=300778, nelems=0, elem type=byte[])
OBJ 500041d1 (sz=56, trace=300780, class=jdk.internal.org.objectweb.asm.Item@5000118d)
OBJ 500041d2 (sz=56, trace=300773, class=jdk.internal.org.objectweb.asm.AnnotationWriter@500011c5)
OBJ 500041d3 (sz=24, trace=300795, class=java.lang.String@50000165)
ARR 500041d4 (sz=56, trace=300462, nelems=0, elem type=char[])
ARR 500041d5 (sz=88, trace=300796, nelems=0, elem type=char[])
OBJ 500041d6 (sz=24, trace=300797, class=java.lang.String@50000165)
ARR 500041d7 (sz=56, trace=300798, nelems=0, elem type=int[])
ARR 500041d8 (sz=528, trace=300852, nelems=0, elem type=byte[])
OBJ 500041d9 (sz=56, trace=300733, class=jdk.internal.org.objectweb.asm.Item@5000118d)
OBJ 500041da (sz=56, trace=300800, class=jdk.internal.org.objectweb.asm.Item@5000118d)
OBJ 500041db (sz=56, trace=300801, class=jdk.internal.org.objectweb.asm.Item@5000118d)
OBJ 500041dc (sz=56, trace=300802, class=jdk.internal.org.objectweb.asm.Item@5000118d)
OBJ 500041dd (sz=56, trace=300803, class=jdk.internal.org.objectweb.asm.Item@5000118d)
OBJ 500041de (sz=56, trace=300804, class=jdk.internal.org.objectweb.asm.Item@5000118d)
OBJ 500041df (sz=24, trace=300805, class=java.lang.String@50000165)
ARR 500041e0 (sz=48, trace=300806, nelems=0, elem type=char[])
OBJ 500041e1 (sz=56, trace=300807, class=jdk.internal.org.objectweb.asm.Item@5000118d)
ARR 500041e2 (sz=80, trace=300808, nelems=0, elem type=jdk.internal.org.objectweb.asm.Item[]@5000118e)
ARR 500041e3 (sz=56, trace=300809, nelems=0, elem type=int[])
OBJ 500041e4 (sz=24, trace=300795, class=java.lang.String@50000165)
ARR 500041e5 (sz=40, trace=300462, nelems=0, elem type=char[])
ARR 500041e6 (sz=72, trace=300811, nelems=0, elem type=char[])
OBJ 500041e7 (sz=24, trace=300812, class=java.lang.String@50000165)
OBJ 500041e8 (sz=56, trace=300813, class=jdk.internal.org.objectweb.asm.Item@5000118d)
OBJ 500041e9 (sz=56, trace=300814, class=jdk.internal.org.objectweb.asm.Item@5000118d)
OBJ 500041ea (sz=56, trace=300815, class=jdk.internal.org.objectweb.asm.Item@5000118d)
OBJ 500041eb (sz=24, trace=300685, class=java.util.Arrays$ArrayList@5000115f)
OBJ 500041ec (sz=24, trace=300686, class=java.util.Collections$UnmodifiableRandomAccessList@500000ca)
OBJ 500041ed (sz=24, trace=300738, class=java.lang.StringBuilder@50000118)
ARR 500041ee (sz=48, trace=300739, nelems=0, elem type=char[])
OBJ 500041ef (sz=24, trace=300740, class=java.util.Collections$UnmodifiableCollection$1@50001162)
OBJ 500041f0 (sz=32, trace=300690, class=java.util.AbstractList$Itr@50001164)
ARR 500041f1 (sz=48, trace=300741, nelems=0, elem type=char[])
OBJ 500041f2 (sz=24, trace=300742, class=java.lang.String@50000165)
ARR 500041f3 (sz=88, trace=300010, nelems=0, elem type=char[])
ARR 500041f4 (sz=72, trace=300741, nelems=0, elem type=char[])
OBJ 500041f5 (sz=24, trace=300742, class=java.lang.String@50000165)
ARR 500041f6 (sz=160, trace=300010, nelems=0, elem type=char[])
OBJ 500041f7 (sz=24, trace=300745, class=java.lang.String@50000165)
	value		500041f8
ARR 500041f8 (sz=102, trace=300746, nelems=51, elem type=char[])
OBJ 500041f9 (sz=56, trace=300733, class=jdk.internal.org.objectweb.asm.Item@5000118d)
OBJ 500041fa (sz=56, trace=300800, class=jdk.internal.org.objectweb.asm.Item@5000118d)
OBJ 500041fb (sz=56, trace=300801, class=jdk.internal.org.objectweb.asm.Item@5000118d)
OBJ 500041fc (sz=56, trace=300802, class=jdk.internal.org.objectweb.asm.Item@5000118d)
OBJ 500041fd (sz=56, trace=300803, class=jdk.internal.org.objectweb.asm.Item@5000118d)
OBJ 500041fe (sz=56, trace=300804, class=jdk.internal.org.objectweb.asm.Item@5000118d)
OBJ 500041ff (sz=64, trace=300853, class=jdk.internal.org.objectweb.asm.Label@500011bc)
OBJ 50004200 (sz=48, trace=300854, class=jdk.internal.org.objectweb.asm.Frame@500011be)
ARR 50004201 (sz=96, trace=300819, nelems=0, elem type=char[])
ARR 50004202 (sz=32, trace=300820, nelems=0, elem type=jdk.internal.org.objectweb.asm.Type[]@50001222)
OBJ 50004203 (sz=32, trace=300821, class=jdk.internal.org.objectweb.asm.Type@500011b2)
OBJ 50004204 (sz=32, trace=300821, class=jdk.internal.org.objectweb.asm.Type@500011b2)
ARR 50004205 (sz=32, trace=300822, nelems=0, elem type=int[])
ARR 50004206 (sz=16, trace=300823, nelems=0, elem type=int[])
OBJ 50004207 (sz=24, trace=300824, class=java.lang.StringBuffer@50000119)
ARR 50004208 (sz=48, trace=300825, nelems=0, elem type=char[])
ARR 50004209 (sz=88, trace=300826, nelems=0, elem type=char[])
ARR 5000420a (sz=56, trace=300827, nelems=0, elem type=char[])
OBJ 5000420b (sz=24, trace=300828, class=java.lang.String@50000165)
OBJ 5000420c (sz=24, trace=300829, class=java.lang.String@50000165)
ARR 5000420d (sz=48, trace=300806, nelems=0, elem type=char[])
OBJ 5000420e (sz=24, trace=300824, class=java.lang.StringBuffer@50000119)
ARR 5000420f (sz=48, trace=300825, nelems=0, elem type=char[])
ARR 50004210 (sz=88, trace=300826, nelems=0, elem type=char[])
ARR 50004211 (sz=56, trace=300827, nelems=0, elem type=char[])
OBJ 50004212 (sz=24, trace=300828, class=java.lang.String@50000165)
OBJ 50004213 (sz=24, trace=300829, class=java.lang.String@50000165)
ARR 50004214 (sz=48, trace=300806, nelems=0, elem type=char[])
OBJ 50004215 (sz=24, trace=300824, class=java.lang.StringBuffer@50000119)
ARR 50004216 (sz=48, trace=300825, nelems=0, elem type=char[])
ARR 50004217 (sz=24, trace=300827, nelems=0, elem type=char[])
OBJ 50004218 (sz=24, trace=300828, class=java.lang.String@50000165)
ARR 50004219 (sz=40, trace=300830, nelems=0, elem type=int[])
ARR 5000421a (sz=24, trace=300831, nelems=0, elem type=java.lang.Object[]@500000ff)
ARR 5000421b (sz=1040, trace=301153, nelems=0, elem type=byte[])
OBJ 5000421c (sz=56, trace=300832, class=jdk.internal.org.objectweb.asm.Item@5000118d)
OBJ 5000421d (sz=56, trace=300833, class=jdk.internal.org.objectweb.asm.Item@5000118d)
OBJ 5000421e (sz=56, trace=300834, class=jdk.internal.org.objectweb.asm.Item@5000118d)
OBJ 5000421f (sz=24, trace=300835, class=jdk.internal.org.objectweb.asm.ByteVector@5000118a)
ARR 50004220 (sz=672, trace=300836, nelems=0, elem type=byte[])
ARR 50004221 (sz=128, trace=300837, nelems=0, elem type=java.lang.Object[]@500000ff)
OBJ 50004222 (sz=16, trace=300839, class=java.util.HashMap$Values@5000123e)
OBJ 50004223 (sz=40, trace=300841, class=java.util.HashMap$ValueIterator@50001241)
OBJ 50004225 (sz=56, trace=300843, class=java.lang.invoke.MemberName@50000124)
OBJ 50004226 (sz=40, trace=300844, class=java.lang.ref.SoftReference@50000149)
	referent	50004189
	queue		50006b4d
OBJ 50004227 (sz=32, trace=300845, class=java.lang.invoke.DirectMethodHandle@50000125)
	type		50004152
	form		50004189
	member		5000413e
OBJ 50004228 (sz=40, trace=300672, class=java.lang.invoke.MethodType@50000121)
OBJ 50004229 (sz=32, trace=300443, class=java.lang.invoke.MethodType$ConcurrentWeakInternSet$WeakEntry@50000b5f)
OBJ 5000422a (sz=40, trace=300846, class=java.lang.invoke.MethodType@50000121)
	rtype		50000169
	ptypes		5000701c
	form		500010e9
OBJ 5000422b (sz=40, trace=300445, class=java.lang.invoke.MethodType@50000121)
OBJ 5000422c (sz=32, trace=300443, class=java.lang.invoke.MethodType$ConcurrentWeakInternSet$WeakEntry@50000b5f)
OBJ 5000422d (sz=32, trace=300452, class=java.lang.invoke.MethodType$ConcurrentWeakInternSet$WeakEntry@50000b5f)
	referent	5000422a
	queue		50000b52
OBJ 5000422e (sz=32, trace=300454, class=java.util.concurrent.ConcurrentHashMap$Node@50000021)
	key		5000422d
	val		5000422d
OBJ 5000422f (sz=32, trace=300845, class=java.lang.invoke.DirectMethodHandle@50000125)
	type		5000422a
	form		50002b25
	member		50004143
OBJ 50004230 (sz=40, trace=300672, class=java.lang.invoke.MethodType@50000121)
OBJ 50004231 (sz=32, trace=300443, class=java.lang.invoke.MethodType$ConcurrentWeakInternSet$WeakEntry@50000b5f)
OBJ 50004232 (sz=40, trace=300846, class=java.lang.invoke.MethodType@50000121)
	rtype		50001200
	ptypes		5000701e
	form		50000fab
OBJ 50004233 (sz=40, trace=300445, class=java.lang.invoke.MethodType@50000121)
OBJ 50004234 (sz=32, trace=300443, class=java.lang.invoke.MethodType$ConcurrentWeakInternSet$WeakEntry@50000b5f)
OBJ 50004235 (sz=32, trace=300452, class=java.lang.invoke.MethodType$ConcurrentWeakInternSet$WeakEntry@50000b5f)
	referent	50004232
	queue		50000b52
OBJ 50004236 (sz=32, trace=300521, class=java.util.concurrent.ConcurrentHashMap$Node@50000021)
	key		50004235
	val		50004235
OBJ 50004237 (sz=32, trace=300845, class=java.lang.invoke.DirectMethodHandle@50000125)
	type		50004232
	form		5000116a
	member		50004148
OBJ 50004238 (sz=40, trace=300672, class=java.lang.invoke.MethodType@50000121)
OBJ 50004239 (sz=32, trace=300443, class=java.lang.invoke.MethodType$ConcurrentWeakInternSet$WeakEntry@50000b5f)
OBJ 5000423a (sz=40, trace=300846, class=java.lang.invoke.MethodType@50000121)
	rtype		500062a0
	ptypes		50007020
	form		5000423e
OBJ 5000423b (sz=40, trace=300445, class=java.lang.invoke.MethodType@50000121)
OBJ 5000423c (sz=32, trace=300443, class=java.lang.invoke.MethodType$ConcurrentWeakInternSet$WeakEntry@50000b5f)
OBJ 5000423d (sz=40, trace=300446, class=java.lang.invoke.MethodType@50000121)
	rtype		500062a0
	ptypes		50007021
	form		5000423e
OBJ 5000423e (sz=56, trace=300447, class=java.lang.invoke.MethodTypeForm@50000b5a)
	argToSlotTable	50000fc6
	slotToArgTable	50000fc5
	erasedType	5000423d
	basicType	50004241
OBJ 5000423f (sz=40, trace=300978, class=java.lang.invoke.MethodType@50000121)
OBJ 50004240 (sz=32, trace=300443, class=java.lang.invoke.MethodType$ConcurrentWeakInternSet$WeakEntry@50000b5f)
OBJ 50004241 (sz=40, trace=300979, class=java.lang.invoke.MethodType@50000121)
	rtype		5000629a
	ptypes		50007022
	form		50004242
OBJ 50004242 (sz=56, trace=300980, class=java.lang.invoke.MethodTypeForm@50000b5a)
	argToSlotTable	50000fc6
	slotToArgTable	50000fc5
	erasedType	50004241
	basicType	50004241
	methodHandles	50004244
	lambdaForms	50004243
ARR 50004243 (sz=88, trace=300981, nelems=2, elem type=java.lang.ref.SoftReference[]@50000b68)
	[1]		50004319
ARR 50004244 (sz=32, trace=300982, nelems=0, elem type=java.lang.ref.SoftReference[]@50000b68)
OBJ 50004245 (sz=32, trace=300452, class=java.lang.invoke.MethodType$ConcurrentWeakInternSet$WeakEntry@50000b5f)
	referent	50004241
	queue		50000b52
OBJ 50004246 (sz=32, trace=300521, class=java.util.concurrent.ConcurrentHashMap$Node@50000021)
	key		50004245
	val		50004245
OBJ 50004247 (sz=32, trace=300452, class=java.lang.invoke.MethodType$ConcurrentWeakInternSet$WeakEntry@50000b5f)
	referent	5000423d
	queue		50000b52
OBJ 50004248 (sz=32, trace=300454, class=java.util.concurrent.ConcurrentHashMap$Node@50000021)
	key		50004247
	val		50004247
OBJ 50004249 (sz=32, trace=300452, class=java.lang.invoke.MethodType$ConcurrentWeakInternSet$WeakEntry@50000b5f)
	referent	5000423a
	queue		50000b52
OBJ 5000424a (sz=32, trace=300521, class=java.util.concurrent.ConcurrentHashMap$Node@50000021)
	key		50004249
	val		50004249
ARR 5000424b (sz=24, trace=300512, nelems=0, elem type=java.lang.Class[]@500000fa)
OBJ 5000424c (sz=40, trace=300514, class=java.lang.invoke.MethodType@50000121)
OBJ 5000424d (sz=32, trace=300443, class=java.lang.invoke.MethodType$ConcurrentWeakInternSet$WeakEntry@50000b5f)
OBJ 5000424e (sz=40, trace=300515, class=java.lang.invoke.MethodType@50000121)
	rtype		5000629a
	ptypes		50007026
	form		50004252
	methodDescriptor	500042ea
OBJ 5000424f (sz=40, trace=300445, class=java.lang.invoke.MethodType@50000121)
OBJ 50004250 (sz=32, trace=300443, class=java.lang.invoke.MethodType$ConcurrentWeakInternSet$WeakEntry@50000b5f)
OBJ 50004251 (sz=40, trace=300446, class=java.lang.invoke.MethodType@50000121)
	rtype		5000629a
	ptypes		50007027
	form		50004252
OBJ 50004252 (sz=56, trace=300447, class=java.lang.invoke.MethodTypeForm@50000b5a)
	argToSlotTable	500010da
	slotToArgTable	500010d9
	erasedType	50004251
	basicType	50004251
	methodHandles	50004254
	lambdaForms	50004253
ARR 50004253 (sz=88, trace=300450, nelems=0, elem type=java.lang.ref.SoftReference[]@50000b68)
ARR 50004254 (sz=32, trace=300451, nelems=0, elem type=java.lang.ref.SoftReference[]@50000b68)
OBJ 50004255 (sz=32, trace=300452, class=java.lang.invoke.MethodType$ConcurrentWeakInternSet$WeakEntry@50000b5f)
	referent	50004251
	queue		50000b52
OBJ 50004256 (sz=32, trace=300521, class=java.util.concurrent.ConcurrentHashMap$Node@50000021)
	key		50004255
	val		50004255
OBJ 50004257 (sz=32, trace=300452, class=java.lang.invoke.MethodType$ConcurrentWeakInternSet$WeakEntry@50000b5f)
	referent	5000424e
	queue		50000b52
OBJ 50004258 (sz=32, trace=300454, class=java.util.concurrent.ConcurrentHashMap$Node@50000021)
	key		50004257
	val		50004257
OBJ 50004259 (sz=56, trace=300516, class=java.lang.invoke.MemberName@50000124)
ARR 5000425a (sz=24, trace=300518, nelems=0, elem type=java.lang.Class[]@500000fa)
OBJ 5000425b (sz=40, trace=300519, class=java.lang.invoke.MethodType@50000121)
OBJ 5000425c (sz=32, trace=300443, class=java.lang.invoke.MethodType$ConcurrentWeakInternSet$WeakEntry@50000b5f)
OBJ 5000425d (sz=40, trace=300520, class=java.lang.invoke.MethodType@50000121)
	rtype		5000629a
	ptypes		50007055
	form		50004261
OBJ 5000425e (sz=40, trace=300445, class=java.lang.invoke.MethodType@50000121)
OBJ 5000425f (sz=32, trace=300443, class=java.lang.invoke.MethodType$ConcurrentWeakInternSet$WeakEntry@50000b5f)
OBJ 50004260 (sz=40, trace=300446, class=java.lang.invoke.MethodType@50000121)
	rtype		5000629a
	ptypes		50007028
	form		50004261
	methodDescriptor	500042b0
OBJ 50004261 (sz=56, trace=300447, class=java.lang.invoke.MethodTypeForm@50000b5a)
	argToSlotTable	500010da
	slotToArgTable	500010d9
	erasedType	50004260
	basicType	50004260
	methodHandles	50004263
	lambdaForms	50004262
ARR 50004262 (sz=88, trace=300450, nelems=0, elem type=java.lang.ref.SoftReference[]@50000b68)
ARR 50004263 (sz=32, trace=300451, nelems=0, elem type=java.lang.ref.SoftReference[]@50000b68)
OBJ 50004264 (sz=32, trace=300452, class=java.lang.invoke.MethodType$ConcurrentWeakInternSet$WeakEntry@50000b5f)
	referent	50004260
	queue		50000b52
OBJ 50004265 (sz=32, trace=300521, class=java.util.concurrent.ConcurrentHashMap$Node@50000021)
	key		50004264
	val		50004264
OBJ 50004266 (sz=32, trace=300452, class=java.lang.invoke.MethodType$ConcurrentWeakInternSet$WeakEntry@50000b5f)
	referent	5000425d
	queue		50000b52
OBJ 50004267 (sz=32, trace=300454, class=java.util.concurrent.ConcurrentHashMap$Node@50000021)
	key		50004266
	val		50004266
ARR 50004268 (sz=40, trace=300623, nelems=0, elem type=java.lang.invoke.LambdaForm$Name[]@50000fce)
ARR 50004269 (sz=24, trace=300674, nelems=0, elem type=java.lang.Object[]@500000ff)
ARR 5000426a (sz=24, trace=300675, nelems=1, elem type=java.lang.Object[]@500000ff)
	[0]		50000f65
OBJ 5000426b (sz=32, trace=300676, class=java.lang.invoke.LambdaForm$Name@50000f62)
	type		50000f5a
	function	50001105
	arguments	5000426a
ARR 5000426c (sz=32, trace=300677, nelems=0, elem type=java.lang.Object[]@500000ff)
OBJ 5000426d (sz=24, trace=300678, class=java.lang.invoke.LambdaForm$NamedFunction@50000f99)
	member		50007025
ARR 5000426e (sz=32, trace=300679, nelems=3, elem type=java.lang.Object[]@500000ff)
	[0]		50000f70
	[1]		50000f67
	[2]		5000426b
OBJ 5000426f (sz=32, trace=300680, class=java.lang.invoke.LambdaForm$Name@50000f62)
	type		50000f5b
	function	5000426d
	arguments	5000426e
OBJ 50004270 (sz=24, trace=300681, class=java.lang.StringBuilder@50000118)
ARR 50004271 (sz=48, trace=300682, nelems=0, elem type=char[])
ARR 50004272 (sz=88, trace=300010, nelems=0, elem type=char[])
ARR 50004273 (sz=24, trace=300683, nelems=0, elem type=char[])
OBJ 50004274 (sz=24, trace=300685, class=java.util.Arrays$ArrayList@5000115f)
OBJ 50004275 (sz=24, trace=300686, class=java.util.Collections$UnmodifiableRandomAccessList@500000ca)
OBJ 50004276 (sz=24, trace=300688, class=java.util.Collections$UnmodifiableCollection$1@50001162)
OBJ 50004277 (sz=32, trace=300690, class=java.util.AbstractList$Itr@50001164)
OBJ 50004278 (sz=24, trace=300691, class=java.lang.String@50000165)
ARR 50004279 (sz=24, trace=300692, nelems=0, elem type=char[])
OBJ 5000427a (sz=24, trace=300693, class=java.lang.String@50000165)
	value		5000427b
ARR 5000427b (sz=42, trace=300694, nelems=21, elem type=char[])
OBJ 5000427c (sz=48, trace=300695, class=java.lang.invoke.LambdaForm@50000122)
	names		50007024
	debugName	5000427a
	vmentry		50007023
OBJ 5000427d (sz=24, trace=300696, class=java.lang.StringBuilder@50000118)
ARR 5000427e (sz=32, trace=300697, nelems=0, elem type=char[])
OBJ 5000427f (sz=24, trace=300698, class=java.lang.String@50000165)
ARR 50004280 (sz=32, trace=300699, nelems=0, elem type=char[])
ARR 50004281 (sz=32, trace=300700, nelems=0, elem type=java.lang.Class[]@500000fa)
OBJ 50004282 (sz=40, trace=300701, class=java.lang.invoke.MethodType@50000121)
OBJ 50004283 (sz=32, trace=300443, class=java.lang.invoke.MethodType$ConcurrentWeakInternSet$WeakEntry@50000b5f)
OBJ 50004284 (sz=64, trace=300704, class=java.lang.invoke.InvokerBytecodeGenerator@50001172)
OBJ 50004285 (sz=48, trace=300705, class=java.util.HashMap@500000bd)
OBJ 50004286 (sz=24, trace=300706, class=java.lang.String@50000165)
ARR 50004287 (sz=24, trace=300707, nelems=0, elem type=char[])
OBJ 50004288 (sz=24, trace=300708, class=java.lang.String@50000165)
	value		50004289
ARR 50004289 (sz=34, trace=300709, nelems=17, elem type=char[])
OBJ 5000428a (sz=24, trace=300710, class=java.lang.StringBuilder@50000118)
ARR 5000428b (sz=48, trace=300711, nelems=0, elem type=char[])
ARR 5000428c (sz=88, trace=300010, nelems=0, elem type=char[])
OBJ 5000428d (sz=24, trace=300712, class=java.lang.String@50000165)
ARR 5000428e (sz=80, trace=300713, nelems=0, elem type=char[])
OBJ 5000428f (sz=24, trace=300714, class=java.lang.StringBuilder@50000118)
ARR 50004290 (sz=48, trace=300715, nelems=0, elem type=char[])
OBJ 50004291 (sz=24, trace=300716, class=java.lang.String@50000165)
ARR 50004292 (sz=48, trace=300717, nelems=0, elem type=char[])
ARR 50004293 (sz=40, trace=300718, nelems=0, elem type=int[])
ARR 50004294 (sz=40, trace=300719, nelems=0, elem type=java.lang.invoke.LambdaForm$BasicType[]@50000f60)
ARR 50004295 (sz=40, trace=300720, nelems=0, elem type=java.lang.Class[]@500000fa)
OBJ 50004296 (sz=168, trace=300723, class=jdk.internal.org.objectweb.asm.ClassWriter@50001187)
OBJ 50004297 (sz=24, trace=300725, class=jdk.internal.org.objectweb.asm.ByteVector@5000118a)
ARR 50004298 (sz=80, trace=300726, nelems=0, elem type=byte[])
ARR 50004299 (sz=1040, trace=300728, nelems=0, elem type=jdk.internal.org.objectweb.asm.Item[]@5000118e)
OBJ 5000429a (sz=56, trace=300729, class=jdk.internal.org.objectweb.asm.Item@5000118d)
OBJ 5000429b (sz=56, trace=300730, class=jdk.internal.org.objectweb.asm.Item@5000118d)
OBJ 5000429c (sz=56, trace=300731, class=jdk.internal.org.objectweb.asm.Item@5000118d)
OBJ 5000429d (sz=56, trace=300732, class=jdk.internal.org.objectweb.asm.Item@5000118d)
OBJ 5000429e (sz=56, trace=300733, class=jdk.internal.org.objectweb.asm.Item@5000118d)
OBJ 5000429f (sz=56, trace=300734, class=jdk.internal.org.objectweb.asm.Item@5000118d)
OBJ 500042a0 (sz=56, trace=300733, class=jdk.internal.org.objectweb.asm.Item@5000118d)
OBJ 500042a1 (sz=56, trace=300735, class=jdk.internal.org.objectweb.asm.Item@5000118d)
ARR 500042a2 (sz=144, trace=300736, nelems=0, elem type=byte[])
OBJ 500042a3 (sz=56, trace=300737, class=jdk.internal.org.objectweb.asm.Item@5000118d)
OBJ 500042a4 (sz=24, trace=300685, class=java.util.Arrays$ArrayList@5000115f)
OBJ 500042a5 (sz=24, trace=300686, class=java.util.Collections$UnmodifiableRandomAccessList@500000ca)
OBJ 500042a6 (sz=24, trace=300738, class=java.lang.StringBuilder@50000118)
ARR 500042a7 (sz=48, trace=300739, nelems=0, elem type=char[])
OBJ 500042a8 (sz=24, trace=300740, class=java.util.Collections$UnmodifiableCollection$1@50001162)
OBJ 500042a9 (sz=32, trace=300690, class=java.util.AbstractList$Itr@50001164)
ARR 500042aa (sz=48, trace=300741, nelems=0, elem type=char[])
OBJ 500042ab (sz=24, trace=300742, class=java.lang.String@50000165)
ARR 500042ac (sz=88, trace=300010, nelems=0, elem type=char[])
ARR 500042ad (sz=48, trace=300741, nelems=0, elem type=char[])
OBJ 500042ae (sz=24, trace=300742, class=java.lang.String@50000165)
ARR 500042af (sz=160, trace=300010, nelems=0, elem type=char[])
OBJ 500042b0 (sz=24, trace=300745, class=java.lang.String@50000165)
	value		500042b1
ARR 500042b1 (sz=80, trace=300746, nelems=40, elem type=char[])
OBJ 500042b2 (sz=224, trace=300748, class=jdk.internal.org.objectweb.asm.MethodWriter@500011ab)
OBJ 500042b3 (sz=24, trace=300749, class=jdk.internal.org.objectweb.asm.ByteVector@5000118a)
ARR 500042b4 (sz=80, trace=300750, nelems=0, elem type=byte[])
OBJ 500042b5 (sz=56, trace=300751, class=jdk.internal.org.objectweb.asm.Item@5000118d)
ARR 500042b6 (sz=272, trace=300752, nelems=0, elem type=byte[])
OBJ 500042b7 (sz=56, trace=300753, class=jdk.internal.org.objectweb.asm.Item@5000118d)
OBJ 500042b8 (sz=64, trace=300765, class=jdk.internal.org.objectweb.asm.Label@500011bc)
OBJ 500042b9 (sz=48, trace=300768, class=jdk.internal.org.objectweb.asm.Frame@500011be)
OBJ 500042ba (sz=24, trace=300769, class=jdk.internal.org.objectweb.asm.ByteVector@5000118a)
ARR 500042bb (sz=80, trace=300770, nelems=0, elem type=byte[])
OBJ 500042bc (sz=56, trace=300771, class=jdk.internal.org.objectweb.asm.Item@5000118d)
OBJ 500042bd (sz=56, trace=300773, class=jdk.internal.org.objectweb.asm.AnnotationWriter@500011c5)
OBJ 500042be (sz=24, trace=300774, class=jdk.internal.org.objectweb.asm.ByteVector@5000118a)
ARR 500042bf (sz=80, trace=300775, nelems=0, elem type=byte[])
OBJ 500042c0 (sz=56, trace=300776, class=jdk.internal.org.objectweb.asm.Item@5000118d)
OBJ 500042c1 (sz=56, trace=300773, class=jdk.internal.org.objectweb.asm.AnnotationWriter@500011c5)
OBJ 500042c2 (sz=24, trace=300777, class=jdk.internal.org.objectweb.asm.ByteVector@5000118a)
ARR 500042c3 (sz=80, trace=300778, nelems=0, elem type=byte[])
OBJ 500042c4 (sz=56, trace=300780, class=jdk.internal.org.objectweb.asm.Item@5000118d)
OBJ 500042c5 (sz=56, trace=300773, class=jdk.internal.org.objectweb.asm.AnnotationWriter@500011c5)
OBJ 500042c6 (sz=24, trace=300795, class=java.lang.String@50000165)
ARR 500042c7 (sz=56, trace=300462, nelems=0, elem type=char[])
ARR 500042c8 (sz=88, trace=300796, nelems=0, elem type=char[])
OBJ 500042c9 (sz=24, trace=300797, class=java.lang.String@50000165)
ARR 500042ca (sz=56, trace=300798, nelems=0, elem type=int[])
ARR 500042cb (sz=528, trace=300852, nelems=0, elem type=byte[])
OBJ 500042cc (sz=56, trace=300733, class=jdk.internal.org.objectweb.asm.Item@5000118d)
OBJ 500042cd (sz=56, trace=300800, class=jdk.internal.org.objectweb.asm.Item@5000118d)
OBJ 500042ce (sz=56, trace=300801, class=jdk.internal.org.objectweb.asm.Item@5000118d)
OBJ 500042cf (sz=56, trace=300802, class=jdk.internal.org.objectweb.asm.Item@5000118d)
OBJ 500042d0 (sz=56, trace=300803, class=jdk.internal.org.objectweb.asm.Item@5000118d)
OBJ 500042d1 (sz=56, trace=300804, class=jdk.internal.org.objectweb.asm.Item@5000118d)
OBJ 500042d2 (sz=24, trace=300805, class=java.lang.String@50000165)
ARR 500042d3 (sz=48, trace=300806, nelems=0, elem type=char[])
OBJ 500042d4 (sz=56, trace=300807, class=jdk.internal.org.objectweb.asm.Item@5000118d)
ARR 500042d5 (sz=80, trace=300808, nelems=0, elem type=jdk.internal.org.objectweb.asm.Item[]@5000118e)
ARR 500042d6 (sz=56, trace=300809, nelems=0, elem type=int[])
OBJ 500042d7 (sz=24, trace=300795, class=java.lang.String@50000165)
ARR 500042d8 (sz=40, trace=300462, nelems=0, elem type=char[])
ARR 500042d9 (sz=72, trace=300811, nelems=0, elem type=char[])
OBJ 500042da (sz=24, trace=300812, class=java.lang.String@50000165)
OBJ 500042db (sz=56, trace=300813, class=jdk.internal.org.objectweb.asm.Item@5000118d)
OBJ 500042dc (sz=56, trace=300814, class=jdk.internal.org.objectweb.asm.Item@5000118d)
OBJ 500042dd (sz=56, trace=300815, class=jdk.internal.org.objectweb.asm.Item@5000118d)
OBJ 500042de (sz=24, trace=300685, class=java.util.Arrays$ArrayList@5000115f)
OBJ 500042df (sz=24, trace=300686, class=java.util.Collections$UnmodifiableRandomAccessList@500000ca)
OBJ 500042e0 (sz=24, trace=300738, class=java.lang.StringBuilder@50000118)
ARR 500042e1 (sz=48, trace=300739, nelems=0, elem type=char[])
OBJ 500042e2 (sz=24, trace=300740, class=java.util.Collections$UnmodifiableCollection$1@50001162)
OBJ 500042e3 (sz=32, trace=300690, class=java.util.AbstractList$Itr@50001164)
ARR 500042e4 (sz=48, trace=300741, nelems=0, elem type=char[])
OBJ 500042e5 (sz=24, trace=300742, class=java.lang.String@50000165)
ARR 500042e6 (sz=88, trace=300010, nelems=0, elem type=char[])
ARR 500042e7 (sz=72, trace=300741, nelems=0, elem type=char[])
OBJ 500042e8 (sz=24, trace=300742, class=java.lang.String@50000165)
ARR 500042e9 (sz=160, trace=300010, nelems=0, elem type=char[])
OBJ 500042ea (sz=24, trace=300745, class=java.lang.String@50000165)
	value		500042eb
ARR 500042eb (sz=102, trace=300746, nelems=51, elem type=char[])
OBJ 500042ec (sz=56, trace=300733, class=jdk.internal.org.objectweb.asm.Item@5000118d)
OBJ 500042ed (sz=56, trace=300800, class=jdk.internal.org.objectweb.asm.Item@5000118d)
OBJ 500042ee (sz=56, trace=300801, class=jdk.internal.org.objectweb.asm.Item@5000118d)
OBJ 500042ef (sz=56, trace=300802, class=jdk.internal.org.objectweb.asm.Item@5000118d)
OBJ 500042f0 (sz=56, trace=300803, class=jdk.internal.org.objectweb.asm.Item@5000118d)
OBJ 500042f1 (sz=56, trace=300804, class=jdk.internal.org.objectweb.asm.Item@5000118d)
OBJ 500042f2 (sz=64, trace=300817, class=jdk.internal.org.objectweb.asm.Label@500011bc)
OBJ 500042f3 (sz=48, trace=300818, class=jdk.internal.org.objectweb.asm.Frame@500011be)
ARR 500042f4 (sz=96, trace=300819, nelems=0, elem type=char[])
ARR 500042f5 (sz=32, trace=300820, nelems=0, elem type=jdk.internal.org.objectweb.asm.Type[]@50001222)
OBJ 500042f6 (sz=32, trace=300821, class=jdk.internal.org.objectweb.asm.Type@500011b2)
OBJ 500042f7 (sz=32, trace=300821, class=jdk.internal.org.objectweb.asm.Type@500011b2)
ARR 500042f8 (sz=32, trace=300822, nelems=0, elem type=int[])
ARR 500042f9 (sz=16, trace=300823, nelems=0, elem type=int[])
OBJ 500042fa (sz=24, trace=300824, class=java.lang.StringBuffer@50000119)
ARR 500042fb (sz=48, trace=300825, nelems=0, elem type=char[])
ARR 500042fc (sz=88, trace=300826, nelems=0, elem type=char[])
ARR 500042fd (sz=56, trace=300827, nelems=0, elem type=char[])
OBJ 500042fe (sz=24, trace=300828, class=java.lang.String@50000165)
OBJ 500042ff (sz=24, trace=300829, class=java.lang.String@50000165)
ARR 50004300 (sz=48, trace=300806, nelems=0, elem type=char[])
OBJ 50004301 (sz=24, trace=300824, class=java.lang.StringBuffer@50000119)
ARR 50004302 (sz=48, trace=300825, nelems=0, elem type=char[])
ARR 50004303 (sz=24, trace=300827, nelems=0, elem type=char[])
OBJ 50004304 (sz=24, trace=300828, class=java.lang.String@50000165)
OBJ 50004305 (sz=24, trace=300824, class=java.lang.StringBuffer@50000119)
ARR 50004306 (sz=48, trace=300825, nelems=0, elem type=char[])
ARR 50004307 (sz=88, trace=300826, nelems=0, elem type=char[])
ARR 50004308 (sz=56, trace=300827, nelems=0, elem type=char[])
OBJ 50004309 (sz=24, trace=300828, class=java.lang.String@50000165)
OBJ 5000430a (sz=24, trace=300829, class=java.lang.String@50000165)
ARR 5000430b (sz=48, trace=300806, nelems=0, elem type=char[])
ARR 5000430c (sz=40, trace=300830, nelems=0, elem type=int[])
ARR 5000430d (sz=24, trace=300831, nelems=0, elem type=java.lang.Object[]@500000ff)
ARR 5000430e (sz=1040, trace=301153, nelems=0, elem type=byte[])
OBJ 5000430f (sz=56, trace=300832, class=jdk.internal.org.objectweb.asm.Item@5000118d)
OBJ 50004310 (sz=56, trace=300833, class=jdk.internal.org.objectweb.asm.Item@5000118d)
OBJ 50004311 (sz=56, trace=300834, class=jdk.internal.org.objectweb.asm.Item@5000118d)
OBJ 50004312 (sz=24, trace=300835, class=jdk.internal.org.objectweb.asm.ByteVector@5000118a)
ARR 50004313 (sz=672, trace=300836, nelems=0, elem type=byte[])
ARR 50004314 (sz=128, trace=300837, nelems=0, elem type=java.lang.Object[]@500000ff)
OBJ 50004315 (sz=16, trace=300839, class=java.util.HashMap$Values@5000123e)
OBJ 50004316 (sz=40, trace=300841, class=java.util.HashMap$ValueIterator@50001241)
OBJ 50004318 (sz=56, trace=300843, class=java.lang.invoke.MemberName@50000124)
OBJ 50004319 (sz=40, trace=300844, class=java.lang.ref.SoftReference@50000149)
	referent	5000427c
	queue		50006b4d
OBJ 5000431a (sz=32, trace=300845, class=java.lang.invoke.DirectMethodHandle@50000125)
	type		5000423a
	form		5000427c
	member		5000414d
ARR 5000431b (sz=24, trace=301154, nelems=0, elem type=java.lang.Class[]@500000fa)
ARR 5000431c (sz=24, trace=301155, nelems=2, elem type=java.lang.Class[]@500000fa)
	[0]		50000161
	[1]		50000169
OBJ 5000431d (sz=40, trace=301156, class=java.lang.invoke.MethodType@50000121)
OBJ 5000431e (sz=32, trace=300443, class=java.lang.invoke.MethodType$ConcurrentWeakInternSet$WeakEntry@50000b5f)
OBJ 5000431f (sz=40, trace=301157, class=java.lang.invoke.MethodType@50000121)
	rtype		50000169
	ptypes		5000431c
	form		50000fc4
OBJ 50004320 (sz=40, trace=300445, class=java.lang.invoke.MethodType@50000121)
OBJ 50004321 (sz=32, trace=300443, class=java.lang.invoke.MethodType$ConcurrentWeakInternSet$WeakEntry@50000b5f)
OBJ 50004322 (sz=32, trace=300452, class=java.lang.invoke.MethodType$ConcurrentWeakInternSet$WeakEntry@50000b5f)
	referent	5000431f
	queue		50000b52
OBJ 50004323 (sz=32, trace=300454, class=java.util.concurrent.ConcurrentHashMap$Node@50000021)
	key		50004322
	val		50004322
OBJ 50004324 (sz=56, trace=301158, class=java.lang.invoke.MemberName@50000124)
OBJ 50004325 (sz=32, trace=300865, class=java.lang.invoke.DirectMethodHandle@50000125)
	type		5000431f
	form		5000141e
	member		50007029
ARR 50004326 (sz=24, trace=301159, nelems=0, elem type=java.lang.Class[]@500000fa)
ARR 50004327 (sz=24, trace=301160, nelems=2, elem type=java.lang.Class[]@500000fa)
	[0]		50000b72
	[1]		500000ff
OBJ 50004328 (sz=40, trace=301161, class=java.lang.invoke.MethodType@50000121)
OBJ 50004329 (sz=32, trace=300443, class=java.lang.invoke.MethodType$ConcurrentWeakInternSet$WeakEntry@50000b5f)
OBJ 5000432a (sz=40, trace=301162, class=java.lang.invoke.MethodType@50000121)
	rtype		50000169
	ptypes		50004327
	form		50000fc4
OBJ 5000432b (sz=40, trace=300445, class=java.lang.invoke.MethodType@50000121)
OBJ 5000432c (sz=32, trace=300443, class=java.lang.invoke.MethodType$ConcurrentWeakInternSet$WeakEntry@50000b5f)
OBJ 5000432d (sz=32, trace=300452, class=java.lang.invoke.MethodType$ConcurrentWeakInternSet$WeakEntry@50000b5f)
	referent	5000432a
	queue		50000b52
OBJ 5000432e (sz=32, trace=300454, class=java.util.concurrent.ConcurrentHashMap$Node@50000021)
	key		5000432d
	val		5000432d
OBJ 5000432f (sz=56, trace=301163, class=java.lang.invoke.MemberName@50000124)
OBJ 50004330 (sz=32, trace=300865, class=java.lang.invoke.DirectMethodHandle@50000125)
	type		5000432a
	form		5000141e
	member		5000703f
OBJ 50004331 (sz=40, trace=301071, class=java.lang.invoke.MethodHandleImpl$AsVarargsCollector@50002303)
	type		5000432a
	form		500028c0
	target		50004330
	arrayType	500000ff
	asCollectorCache	5000440a
ARR 50004332 (sz=24, trace=301073, nelems=0, elem type=java.lang.Class[]@500000fa)
OBJ 50004333 (sz=40, trace=300519, class=java.lang.invoke.MethodType@50000121)
OBJ 50004334 (sz=32, trace=300443, class=java.lang.invoke.MethodType$ConcurrentWeakInternSet$WeakEntry@50000b5f)
ARR 50004335 (sz=40, trace=301074, nelems=0, elem type=java.lang.invoke.LambdaForm$Name[]@50000fce)
OBJ 50004336 (sz=32, trace=301040, class=java.lang.invoke.LambdaForm$Name@50000f62)
	type		50000f5a
	constraint	500010a4
ARR 50004337 (sz=24, trace=301075, nelems=0, elem type=java.lang.Object[]@500000ff)
ARR 50004338 (sz=24, trace=301042, nelems=1, elem type=java.lang.Object[]@500000ff)
	[0]		50004336
OBJ 50004339 (sz=32, trace=301043, class=java.lang.invoke.LambdaForm$Name@50000f62)
	type		50000f5a
	function	5000175a
	arguments	50004338
ARR 5000433a (sz=32, trace=301076, nelems=0, elem type=java.lang.Object[]@500000ff)
OBJ 5000433b (sz=24, trace=301045, class=java.lang.invoke.LambdaForm$NamedFunction@50000f99)
	member		50006de2
	resolvedHandle	500028bc
ARR 5000433c (sz=32, trace=301068, nelems=3, elem type=java.lang.Object[]@500000ff)
	[0]		50004339
	[1]		50000f66
	[2]		50000f67
OBJ 5000433d (sz=32, trace=301069, class=java.lang.invoke.LambdaForm$Name@50000f62)
	type		50000f5a
	function	5000433b
	arguments	5000433c
OBJ 5000433e (sz=48, trace=301070, class=java.lang.invoke.LambdaForm@50000122)
	names		50006fae
	debugName	50006e2f
	vmentry		50006fad
	transformCache	50004e46
OBJ 5000433f (sz=40, trace=300844, class=java.lang.ref.SoftReference@50000149)
	referent	5000433e
	queue		50006b4d
OBJ 50004340 (sz=32, trace=301077, class=java.lang.invoke.BoundMethodHandle$Species_L@500010a3)
OBJ 50004341 (sz=24, trace=300696, class=java.lang.StringBuilder@50000118)
ARR 50004342 (sz=32, trace=300697, nelems=0, elem type=char[])
OBJ 50004343 (sz=24, trace=300698, class=java.lang.String@50000165)
ARR 50004344 (sz=32, trace=300699, nelems=0, elem type=char[])
ARR 50004345 (sz=32, trace=300938, nelems=0, elem type=java.lang.Class[]@500000fa)
OBJ 50004346 (sz=40, trace=300701, class=java.lang.invoke.MethodType@50000121)
OBJ 50004347 (sz=32, trace=300443, class=java.lang.invoke.MethodType$ConcurrentWeakInternSet$WeakEntry@50000b5f)
OBJ 50004348 (sz=64, trace=300704, class=java.lang.invoke.InvokerBytecodeGenerator@50001172)
OBJ 50004349 (sz=48, trace=300705, class=java.util.HashMap@500000bd)
OBJ 5000434a (sz=24, trace=300706, class=java.lang.String@50000165)
ARR 5000434b (sz=24, trace=300707, nelems=0, elem type=char[])
OBJ 5000434c (sz=24, trace=300708, class=java.lang.String@50000165)
	value		5000434d
ARR 5000434d (sz=16, trace=300709, nelems=8, elem type=char[])
OBJ 5000434e (sz=24, trace=300710, class=java.lang.StringBuilder@50000118)
ARR 5000434f (sz=48, trace=300711, nelems=0, elem type=char[])
ARR 50004350 (sz=88, trace=300010, nelems=0, elem type=char[])
OBJ 50004351 (sz=24, trace=300712, class=java.lang.String@50000165)
ARR 50004352 (sz=80, trace=300713, nelems=0, elem type=char[])
OBJ 50004353 (sz=24, trace=300714, class=java.lang.StringBuilder@50000118)
ARR 50004354 (sz=48, trace=300715, nelems=0, elem type=char[])
OBJ 50004355 (sz=24, trace=300716, class=java.lang.String@50000165)
ARR 50004356 (sz=48, trace=300717, nelems=0, elem type=char[])
ARR 50004357 (sz=40, trace=300718, nelems=0, elem type=int[])
ARR 50004358 (sz=40, trace=300719, nelems=0, elem type=java.lang.invoke.LambdaForm$BasicType[]@50000f60)
ARR 50004359 (sz=40, trace=300720, nelems=0, elem type=java.lang.Class[]@500000fa)
OBJ 5000435a (sz=168, trace=300723, class=jdk.internal.org.objectweb.asm.ClassWriter@50001187)
OBJ 5000435b (sz=24, trace=300725, class=jdk.internal.org.objectweb.asm.ByteVector@5000118a)
ARR 5000435c (sz=80, trace=300726, nelems=0, elem type=byte[])
ARR 5000435d (sz=1040, trace=300728, nelems=0, elem type=jdk.internal.org.objectweb.asm.Item[]@5000118e)
OBJ 5000435e (sz=56, trace=300729, class=jdk.internal.org.objectweb.asm.Item@5000118d)
OBJ 5000435f (sz=56, trace=300730, class=jdk.internal.org.objectweb.asm.Item@5000118d)
OBJ 50004360 (sz=56, trace=300731, class=jdk.internal.org.objectweb.asm.Item@5000118d)
OBJ 50004361 (sz=56, trace=300732, class=jdk.internal.org.objectweb.asm.Item@5000118d)
OBJ 50004362 (sz=56, trace=300733, class=jdk.internal.org.objectweb.asm.Item@5000118d)
OBJ 50004363 (sz=56, trace=300734, class=jdk.internal.org.objectweb.asm.Item@5000118d)
OBJ 50004364 (sz=56, trace=300733, class=jdk.internal.org.objectweb.asm.Item@5000118d)
OBJ 50004365 (sz=56, trace=300735, class=jdk.internal.org.objectweb.asm.Item@5000118d)
ARR 50004366 (sz=144, trace=300736, nelems=0, elem type=byte[])
OBJ 50004367 (sz=56, trace=300737, class=jdk.internal.org.objectweb.asm.Item@5000118d)
OBJ 50004368 (sz=224, trace=300748, class=jdk.internal.org.objectweb.asm.MethodWriter@500011ab)
OBJ 50004369 (sz=24, trace=300749, class=jdk.internal.org.objectweb.asm.ByteVector@5000118a)
ARR 5000436a (sz=80, trace=300750, nelems=0, elem type=byte[])
OBJ 5000436b (sz=56, trace=300751, class=jdk.internal.org.objectweb.asm.Item@5000118d)
ARR 5000436c (sz=272, trace=300752, nelems=0, elem type=byte[])
OBJ 5000436d (sz=56, trace=300753, class=jdk.internal.org.objectweb.asm.Item@5000118d)
OBJ 5000436e (sz=64, trace=300765, class=jdk.internal.org.objectweb.asm.Label@500011bc)
OBJ 5000436f (sz=48, trace=300768, class=jdk.internal.org.objectweb.asm.Frame@500011be)
OBJ 50004370 (sz=24, trace=300769, class=jdk.internal.org.objectweb.asm.ByteVector@5000118a)
ARR 50004371 (sz=80, trace=300770, nelems=0, elem type=byte[])
OBJ 50004372 (sz=56, trace=300771, class=jdk.internal.org.objectweb.asm.Item@5000118d)
OBJ 50004373 (sz=56, trace=300773, class=jdk.internal.org.objectweb.asm.AnnotationWriter@500011c5)
OBJ 50004374 (sz=24, trace=300774, class=jdk.internal.org.objectweb.asm.ByteVector@5000118a)
ARR 50004375 (sz=80, trace=300775, nelems=0, elem type=byte[])
OBJ 50004376 (sz=56, trace=300776, class=jdk.internal.org.objectweb.asm.Item@5000118d)
OBJ 50004377 (sz=56, trace=300773, class=jdk.internal.org.objectweb.asm.AnnotationWriter@500011c5)
OBJ 50004378 (sz=24, trace=300777, class=jdk.internal.org.objectweb.asm.ByteVector@5000118a)
ARR 50004379 (sz=80, trace=300778, nelems=0, elem type=byte[])
ARR 5000437a (sz=528, trace=300779, nelems=0, elem type=byte[])
OBJ 5000437b (sz=56, trace=300780, class=jdk.internal.org.objectweb.asm.Item@5000118d)
OBJ 5000437c (sz=56, trace=300773, class=jdk.internal.org.objectweb.asm.AnnotationWriter@500011c5)
OBJ 5000437d (sz=24, trace=301078, class=java.lang.String@50000165)
ARR 5000437e (sz=40, trace=301079, nelems=0, elem type=char[])
OBJ 5000437f (sz=24, trace=301080, class=java.lang.String@50000165)
ARR 50004380 (sz=40, trace=301081, nelems=0, elem type=char[])
OBJ 50004381 (sz=40, trace=300872, class=java.lang.invoke.MethodType@50000121)
OBJ 50004382 (sz=32, trace=300443, class=java.lang.invoke.MethodType$ConcurrentWeakInternSet$WeakEntry@50000b5f)
ARR 50004383 (sz=104, trace=300796, nelems=0, elem type=char[])
OBJ 50004384 (sz=24, trace=300797, class=java.lang.String@50000165)
ARR 50004385 (sz=56, trace=300798, nelems=0, elem type=int[])
ARR 50004386 (sz=104, trace=300811, nelems=0, elem type=char[])
OBJ 50004387 (sz=24, trace=300812, class=java.lang.String@50000165)
OBJ 50004388 (sz=56, trace=300813, class=jdk.internal.org.objectweb.asm.Item@5000118d)
OBJ 50004389 (sz=56, trace=300814, class=jdk.internal.org.objectweb.asm.Item@5000118d)
OBJ 5000438a (sz=56, trace=300815, class=jdk.internal.org.objectweb.asm.Item@5000118d)
ARR 5000438b (sz=80, trace=301072, nelems=0, elem type=jdk.internal.org.objectweb.asm.Item[]@5000118e)
OBJ 5000438c (sz=24, trace=301082, class=java.lang.StringBuilder@50000118)
ARR 5000438d (sz=48, trace=301083, nelems=0, elem type=char[])
ARR 5000438e (sz=48, trace=301084, nelems=0, elem type=char[])
OBJ 5000438f (sz=24, trace=301085, class=java.lang.String@50000165)
ARR 50004390 (sz=88, trace=300010, nelems=0, elem type=char[])
OBJ 50004391 (sz=24, trace=301086, class=java.lang.String@50000165)
ARR 50004392 (sz=56, trace=301087, nelems=0, elem type=char[])
OBJ 50004393 (sz=56, trace=300801, class=jdk.internal.org.objectweb.asm.Item@5000118d)
OBJ 50004394 (sz=56, trace=300802, class=jdk.internal.org.objectweb.asm.Item@5000118d)
OBJ 50004395 (sz=56, trace=301088, class=jdk.internal.org.objectweb.asm.Item@5000118d)
OBJ 50004396 (sz=56, trace=301089, class=jdk.internal.org.objectweb.asm.Item@5000118d)
OBJ 50004397 (sz=24, trace=300805, class=java.lang.String@50000165)
ARR 50004398 (sz=48, trace=300806, nelems=0, elem type=char[])
OBJ 50004399 (sz=56, trace=300807, class=jdk.internal.org.objectweb.asm.Item@5000118d)
OBJ 5000439a (sz=40, trace=300872, class=java.lang.invoke.MethodType@50000121)
OBJ 5000439b (sz=32, trace=300443, class=java.lang.invoke.MethodType$ConcurrentWeakInternSet$WeakEntry@50000b5f)
ARR 5000439c (sz=24, trace=300931, nelems=0, elem type=java.lang.Class[]@500000fa)
OBJ 5000439d (sz=40, trace=300860, class=java.lang.invoke.MethodType@50000121)
OBJ 5000439e (sz=32, trace=300443, class=java.lang.invoke.MethodType$ConcurrentWeakInternSet$WeakEntry@50000b5f)
ARR 5000439f (sz=56, trace=300809, nelems=0, elem type=int[])
OBJ 500043a0 (sz=24, trace=300795, class=java.lang.String@50000165)
ARR 500043a1 (sz=40, trace=300462, nelems=0, elem type=char[])
OBJ 500043a2 (sz=56, trace=300813, class=jdk.internal.org.objectweb.asm.Item@5000118d)
OBJ 500043a3 (sz=56, trace=300814, class=jdk.internal.org.objectweb.asm.Item@5000118d)
OBJ 500043a4 (sz=56, trace=300815, class=jdk.internal.org.objectweb.asm.Item@5000118d)
OBJ 500043a5 (sz=56, trace=300801, class=jdk.internal.org.objectweb.asm.Item@5000118d)
OBJ 500043a6 (sz=56, trace=300802, class=jdk.internal.org.objectweb.asm.Item@5000118d)
OBJ 500043a7 (sz=56, trace=300803, class=jdk.internal.org.objectweb.asm.Item@5000118d)
OBJ 500043a8 (sz=56, trace=300804, class=jdk.internal.org.objectweb.asm.Item@5000118d)
OBJ 500043a9 (sz=24, trace=300805, class=java.lang.String@50000165)
ARR 500043aa (sz=48, trace=300806, nelems=0, elem type=char[])
ARR 500043ab (sz=24, trace=300931, nelems=0, elem type=java.lang.Class[]@500000fa)
OBJ 500043ac (sz=40, trace=300860, class=java.lang.invoke.MethodType@50000121)
OBJ 500043ad (sz=32, trace=300443, class=java.lang.invoke.MethodType$ConcurrentWeakInternSet$WeakEntry@50000b5f)
OBJ 500043ae (sz=64, trace=300817, class=jdk.internal.org.objectweb.asm.Label@500011bc)
OBJ 500043af (sz=48, trace=300818, class=jdk.internal.org.objectweb.asm.Frame@500011be)
ARR 500043b0 (sz=168, trace=300819, nelems=0, elem type=char[])
ARR 500043b1 (sz=32, trace=300820, nelems=0, elem type=jdk.internal.org.objectweb.asm.Type[]@50001222)
OBJ 500043b2 (sz=32, trace=300821, class=jdk.internal.org.objectweb.asm.Type@500011b2)
OBJ 500043b3 (sz=32, trace=300821, class=jdk.internal.org.objectweb.asm.Type@500011b2)
OBJ 500043b4 (sz=32, trace=300821, class=jdk.internal.org.objectweb.asm.Type@500011b2)
ARR 500043b5 (sz=32, trace=300822, nelems=0, elem type=int[])
ARR 500043b6 (sz=16, trace=300823, nelems=0, elem type=int[])
OBJ 500043b7 (sz=24, trace=300824, class=java.lang.StringBuffer@50000119)
ARR 500043b8 (sz=48, trace=300825, nelems=0, elem type=char[])
ARR 500043b9 (sz=88, trace=300826, nelems=0, elem type=char[])
ARR 500043ba (sz=56, trace=300827, nelems=0, elem type=char[])
OBJ 500043bb (sz=24, trace=300828, class=java.lang.String@50000165)
OBJ 500043bc (sz=24, trace=300829, class=java.lang.String@50000165)
ARR 500043bd (sz=48, trace=300806, nelems=0, elem type=char[])
OBJ 500043be (sz=24, trace=300824, class=java.lang.StringBuffer@50000119)
ARR 500043bf (sz=48, trace=300825, nelems=0, elem type=char[])
ARR 500043c0 (sz=88, trace=300826, nelems=0, elem type=char[])
ARR 500043c1 (sz=56, trace=300827, nelems=0, elem type=char[])
OBJ 500043c2 (sz=24, trace=300828, class=java.lang.String@50000165)
OBJ 500043c3 (sz=24, trace=300829, class=java.lang.String@50000165)
ARR 500043c4 (sz=48, trace=300806, nelems=0, elem type=char[])
OBJ 500043c5 (sz=24, trace=300824, class=java.lang.StringBuffer@50000119)
ARR 500043c6 (sz=48, trace=300825, nelems=0, elem type=char[])
ARR 500043c7 (sz=88, trace=300826, nelems=0, elem type=char[])
ARR 500043c8 (sz=56, trace=300827, nelems=0, elem type=char[])
OBJ 500043c9 (sz=24, trace=300828, class=java.lang.String@50000165)
OBJ 500043ca (sz=24, trace=300829, class=java.lang.String@50000165)
ARR 500043cb (sz=48, trace=300806, nelems=0, elem type=char[])
ARR 500043cc (sz=40, trace=300830, nelems=0, elem type=int[])
ARR 500043cd (sz=24, trace=300940, nelems=0, elem type=java.lang.Object[]@500000ff)
OBJ 500043ce (sz=56, trace=300832, class=jdk.internal.org.objectweb.asm.Item@5000118d)
ARR 500043cf (sz=1040, trace=300951, nelems=0, elem type=byte[])
OBJ 500043d0 (sz=56, trace=300833, class=jdk.internal.org.objectweb.asm.Item@5000118d)
OBJ 500043d1 (sz=56, trace=300834, class=jdk.internal.org.objectweb.asm.Item@5000118d)
OBJ 500043d2 (sz=24, trace=300835, class=jdk.internal.org.objectweb.asm.ByteVector@5000118a)
ARR 500043d3 (sz=648, trace=300836, nelems=0, elem type=byte[])
ARR 500043d4 (sz=120, trace=300837, nelems=0, elem type=java.lang.Object[]@500000ff)
OBJ 500043d5 (sz=16, trace=300839, class=java.util.HashMap$Values@5000123e)
OBJ 500043d6 (sz=40, trace=300841, class=java.util.HashMap$ValueIterator@50001241)
OBJ 500043d8 (sz=56, trace=300843, class=java.lang.invoke.MemberName@50000124)
OBJ 500043d9 (sz=24, trace=300685, class=java.util.Arrays$ArrayList@5000115f)
OBJ 500043da (sz=24, trace=300686, class=java.util.Collections$UnmodifiableRandomAccessList@500000ca)
OBJ 500043db (sz=32, trace=300968, class=java.util.RandomAccessSubList@50001c97)
OBJ 500043dc (sz=24, trace=301164, class=java.util.Collections$UnmodifiableRandomAccessList@500000ca)
OBJ 500043dd (sz=24, trace=300971, class=java.util.SubList$1@50001c9b)
OBJ 500043de (sz=32, trace=300973, class=java.util.AbstractList$ListItr@50001c9d)
OBJ 500043df (sz=40, trace=301165, class=java.lang.invoke.MethodType@50000121)
OBJ 500043e0 (sz=32, trace=300443, class=java.lang.invoke.MethodType$ConcurrentWeakInternSet$WeakEntry@50000b5f)
OBJ 500043e1 (sz=40, trace=301166, class=java.lang.invoke.MethodType@50000121)
	rtype		50000169
	ptypes		50007041
	form		50000fab
OBJ 500043e2 (sz=40, trace=300445, class=java.lang.invoke.MethodType@50000121)
OBJ 500043e3 (sz=32, trace=300443, class=java.lang.invoke.MethodType$ConcurrentWeakInternSet$WeakEntry@50000b5f)
OBJ 500043e4 (sz=32, trace=300452, class=java.lang.invoke.MethodType$ConcurrentWeakInternSet$WeakEntry@50000b5f)
	referent	500043e1
	queue		50000b52
OBJ 500043e5 (sz=32, trace=300454, class=java.util.concurrent.ConcurrentHashMap$Node@50000021)
	key		500043e4
	val		500043e4
OBJ 500043e7 (sz=16, trace=301168, class=java.lang.invoke.LambdaFormEditor@500043e6)
OBJ 500043e9 (sz=24, trace=301170, class=java.lang.invoke.LambdaFormEditor$Transform$Kind@500043e8)
	name		50006f15
OBJ 500043ea (sz=24, trace=301171, class=java.lang.invoke.LambdaFormEditor$Transform$Kind@500043e8)
	name		50006f16
OBJ 500043eb (sz=24, trace=301172, class=java.lang.invoke.LambdaFormEditor$Transform$Kind@500043e8)
	name		50006f17
OBJ 500043ec (sz=24, trace=301173, class=java.lang.invoke.LambdaFormEditor$Transform$Kind@500043e8)
	name		50006f18
OBJ 500043ed (sz=24, trace=301174, class=java.lang.invoke.LambdaFormEditor$Transform$Kind@500043e8)
	name		50006f19
OBJ 500043ee (sz=24, trace=301175, class=java.lang.invoke.LambdaFormEditor$Transform$Kind@500043e8)
	name		50006f1a
OBJ 500043ef (sz=24, trace=301176, class=java.lang.invoke.LambdaFormEditor$Transform$Kind@500043e8)
	name		50006f1b
OBJ 500043f0 (sz=24, trace=301177, class=java.lang.invoke.LambdaFormEditor$Transform$Kind@500043e8)
	name		50006f1c
OBJ 500043f1 (sz=24, trace=301178, class=java.lang.invoke.LambdaFormEditor$Transform$Kind@500043e8)
	name		50006f1d
OBJ 500043f2 (sz=24, trace=301179, class=java.lang.invoke.LambdaFormEditor$Transform$Kind@500043e8)
	name		50006f1e
OBJ 500043f3 (sz=24, trace=301180, class=java.lang.invoke.LambdaFormEditor$Transform$Kind@500043e8)
	name		50006f1f
OBJ 500043f4 (sz=24, trace=301181, class=java.lang.invoke.LambdaFormEditor$Transform$Kind@500043e8)
	name		50006f20
OBJ 500043f5 (sz=24, trace=301182, class=java.lang.invoke.LambdaFormEditor$Transform$Kind@500043e8)
	name		50006f21
OBJ 500043f6 (sz=24, trace=301183, class=java.lang.invoke.LambdaFormEditor$Transform$Kind@500043e8)
	name		50006f22
ARR 500043f8 (sz=72, trace=301184, nelems=14, elem type=java.lang.invoke.LambdaFormEditor$Transform$Kind[]@500043f7)
	[0]		500043e9
	[1]		500043ea
	[2]		500043eb
	[3]		500043ec
	[4]		500043ed
	[5]		500043ee
	[6]		500043ef
	[7]		500043f0
	[8]		500043f1
	[9]		500043f2
	[10]		500043f3
	[11]		500043f4
	[12]		500043f5
	[13]		500043f6
ARR 500043fa (sz=0, trace=301186, nelems=0, elem type=byte[])
OBJ 500043fb (sz=56, trace=301187, class=java.lang.invoke.LambdaFormEditor$Transform@500043f9)
OBJ 500043fd (sz=48, trace=301189, class=java.lang.invoke.LambdaFormBuffer@500043fc)
ARR 500043fe (sz=16, trace=301190, nelems=0, elem type=java.lang.invoke.LambdaForm$Name[]@50000fce)
OBJ 500043ff (sz=24, trace=301191, class=java.lang.invoke.LambdaForm$NamedFunction@50000f99)
	member		50006f13
	resolvedHandle	50002758
ARR 50004400 (sz=16, trace=301192, nelems=0, elem type=java.lang.Object[]@500000ff)
OBJ 50004401 (sz=32, trace=301193, class=java.lang.invoke.LambdaForm$Name@50000f62)
	type		50000f5a
	function	500043ff
	arguments	50004400
OBJ 50004402 (sz=24, trace=301194, class=java.util.ArrayList@500000d4)
ARR 50004403 (sz=56, trace=300237, nelems=0, elem type=java.lang.Object[]@500000ff)
ARR 50004404 (sz=32, trace=301195, nelems=3, elem type=java.lang.Object[]@500000ff)
	[0]		50004339
	[1]		50000f66
	[2]		50004401
OBJ 50004405 (sz=32, trace=301196, class=java.lang.invoke.LambdaForm$Name@50000f62)
	type		50000f5a
	function	5000433b
	arguments	50004404
OBJ 50004406 (sz=32, trace=301197, class=java.util.ArrayList$Itr@50001c93)
ARR 50004407 (sz=24, trace=301198, nelems=0, elem type=java.lang.invoke.LambdaForm$Name[]@50000fce)
OBJ 50004408 (sz=48, trace=301199, class=java.lang.invoke.LambdaForm@50000122)
	names		50006fb2
	debugName	50006e2f
	vmentry		50006fb1
OBJ 50004409 (sz=56, trace=301187, class=java.lang.invoke.LambdaFormEditor$Transform@500043f9)
	referent	50004408
	queue		50006b4d
OBJ 5000440a (sz=32, trace=301200, class=java.lang.invoke.BoundMethodHandle$Species_L@500010a3)
	type		500043e1
	form		50004408
	argL0		50004330
OBJ 5000440b (sz=24, trace=300696, class=java.lang.StringBuilder@50000118)
ARR 5000440c (sz=32, trace=300697, nelems=0, elem type=char[])
OBJ 5000440d (sz=24, trace=300698, class=java.lang.String@50000165)
ARR 5000440e (sz=24, trace=300699, nelems=0, elem type=char[])
ARR 5000440f (sz=24, trace=300938, nelems=0, elem type=java.lang.Class[]@500000fa)
OBJ 50004410 (sz=40, trace=300701, class=java.lang.invoke.MethodType@50000121)
OBJ 50004411 (sz=32, trace=300443, class=java.lang.invoke.MethodType$ConcurrentWeakInternSet$WeakEntry@50000b5f)
OBJ 50004412 (sz=64, trace=300704, class=java.lang.invoke.InvokerBytecodeGenerator@50001172)
OBJ 50004413 (sz=48, trace=300705, class=java.util.HashMap@500000bd)
OBJ 50004414 (sz=24, trace=300706, class=java.lang.String@50000165)
ARR 50004415 (sz=24, trace=300707, nelems=0, elem type=char[])
OBJ 50004416 (sz=24, trace=300708, class=java.lang.String@50000165)
	value		50004417
ARR 50004417 (sz=16, trace=300709, nelems=8, elem type=char[])
OBJ 50004418 (sz=24, trace=300710, class=java.lang.StringBuilder@50000118)
ARR 50004419 (sz=48, trace=300711, nelems=0, elem type=char[])
ARR 5000441a (sz=88, trace=300010, nelems=0, elem type=char[])
OBJ 5000441b (sz=24, trace=300712, class=java.lang.String@50000165)
ARR 5000441c (sz=80, trace=300713, nelems=0, elem type=char[])
OBJ 5000441d (sz=24, trace=300714, class=java.lang.StringBuilder@50000118)
ARR 5000441e (sz=48, trace=300715, nelems=0, elem type=char[])
OBJ 5000441f (sz=24, trace=300716, class=java.lang.String@50000165)
ARR 50004420 (sz=48, trace=300717, nelems=0, elem type=char[])
ARR 50004421 (sz=40, trace=300718, nelems=0, elem type=int[])
ARR 50004422 (sz=40, trace=300719, nelems=0, elem type=java.lang.invoke.LambdaForm$BasicType[]@50000f60)
ARR 50004423 (sz=40, trace=300720, nelems=0, elem type=java.lang.Class[]@500000fa)
OBJ 50004424 (sz=168, trace=300723, class=jdk.internal.org.objectweb.asm.ClassWriter@50001187)
OBJ 50004425 (sz=24, trace=300725, class=jdk.internal.org.objectweb.asm.ByteVector@5000118a)
ARR 50004426 (sz=80, trace=300726, nelems=0, elem type=byte[])
ARR 50004427 (sz=1040, trace=300728, nelems=0, elem type=jdk.internal.org.objectweb.asm.Item[]@5000118e)
OBJ 50004428 (sz=56, trace=300729, class=jdk.internal.org.objectweb.asm.Item@5000118d)
OBJ 50004429 (sz=56, trace=300730, class=jdk.internal.org.objectweb.asm.Item@5000118d)
OBJ 5000442a (sz=56, trace=300731, class=jdk.internal.org.objectweb.asm.Item@5000118d)
OBJ 5000442b (sz=56, trace=300732, class=jdk.internal.org.objectweb.asm.Item@5000118d)
OBJ 5000442c (sz=56, trace=300733, class=jdk.internal.org.objectweb.asm.Item@5000118d)
OBJ 5000442d (sz=56, trace=300734, class=jdk.internal.org.objectweb.asm.Item@5000118d)
OBJ 5000442e (sz=56, trace=300733, class=jdk.internal.org.objectweb.asm.Item@5000118d)
OBJ 5000442f (sz=56, trace=300735, class=jdk.internal.org.objectweb.asm.Item@5000118d)
ARR 50004430 (sz=144, trace=300736, nelems=0, elem type=byte[])
OBJ 50004431 (sz=56, trace=300737, class=jdk.internal.org.objectweb.asm.Item@5000118d)
OBJ 50004432 (sz=224, trace=300748, class=jdk.internal.org.objectweb.asm.MethodWriter@500011ab)
OBJ 50004433 (sz=24, trace=300749, class=jdk.internal.org.objectweb.asm.ByteVector@5000118a)
ARR 50004434 (sz=80, trace=300750, nelems=0, elem type=byte[])
OBJ 50004435 (sz=56, trace=300751, class=jdk.internal.org.objectweb.asm.Item@5000118d)
ARR 50004436 (sz=272, trace=300752, nelems=0, elem type=byte[])
OBJ 50004437 (sz=56, trace=300753, class=jdk.internal.org.objectweb.asm.Item@5000118d)
OBJ 50004438 (sz=64, trace=300765, class=jdk.internal.org.objectweb.asm.Label@500011bc)
OBJ 50004439 (sz=48, trace=300768, class=jdk.internal.org.objectweb.asm.Frame@500011be)
OBJ 5000443a (sz=24, trace=300769, class=jdk.internal.org.objectweb.asm.ByteVector@5000118a)
ARR 5000443b (sz=80, trace=300770, nelems=0, elem type=byte[])
OBJ 5000443c (sz=56, trace=300771, class=jdk.internal.org.objectweb.asm.Item@5000118d)
OBJ 5000443d (sz=56, trace=300773, class=jdk.internal.org.objectweb.asm.AnnotationWriter@500011c5)
OBJ 5000443e (sz=24, trace=300774, class=jdk.internal.org.objectweb.asm.ByteVector@5000118a)
ARR 5000443f (sz=80, trace=300775, nelems=0, elem type=byte[])
OBJ 50004440 (sz=56, trace=300776, class=jdk.internal.org.objectweb.asm.Item@5000118d)
OBJ 50004441 (sz=56, trace=300773, class=jdk.internal.org.objectweb.asm.AnnotationWriter@500011c5)
OBJ 50004442 (sz=24, trace=300777, class=jdk.internal.org.objectweb.asm.ByteVector@5000118a)
ARR 50004443 (sz=80, trace=300778, nelems=0, elem type=byte[])
ARR 50004444 (sz=528, trace=300779, nelems=0, elem type=byte[])
OBJ 50004445 (sz=56, trace=300780, class=jdk.internal.org.objectweb.asm.Item@5000118d)
OBJ 50004446 (sz=56, trace=300773, class=jdk.internal.org.objectweb.asm.AnnotationWriter@500011c5)
OBJ 50004447 (sz=40, trace=301201, class=java.lang.invoke.MethodType@50000121)
OBJ 50004448 (sz=32, trace=300443, class=java.lang.invoke.MethodType$ConcurrentWeakInternSet$WeakEntry@50000b5f)
ARR 50004449 (sz=24, trace=301202, nelems=0, elem type=java.lang.Class[]@500000fa)
OBJ 5000444a (sz=40, trace=300519, class=java.lang.invoke.MethodType@50000121)
OBJ 5000444b (sz=32, trace=300443, class=java.lang.invoke.MethodType$ConcurrentWeakInternSet$WeakEntry@50000b5f)
ARR 5000444c (sz=24, trace=301203, nelems=0, elem type=java.lang.Class[]@500000fa)
OBJ 5000444d (sz=40, trace=300514, class=java.lang.invoke.MethodType@50000121)
OBJ 5000444e (sz=32, trace=300443, class=java.lang.invoke.MethodType$ConcurrentWeakInternSet$WeakEntry@50000b5f)
OBJ 5000444f (sz=40, trace=300515, class=java.lang.invoke.MethodType@50000121)
	rtype		50000169
	ptypes		5000707b
	form		50000fc4
OBJ 50004450 (sz=40, trace=300445, class=java.lang.invoke.MethodType@50000121)
OBJ 50004451 (sz=32, trace=300443, class=java.lang.invoke.MethodType$ConcurrentWeakInternSet$WeakEntry@50000b5f)
OBJ 50004452 (sz=32, trace=300452, class=java.lang.invoke.MethodType$ConcurrentWeakInternSet$WeakEntry@50000b5f)
	referent	5000444f
	queue		50000b52
OBJ 50004453 (sz=32, trace=300521, class=java.util.concurrent.ConcurrentHashMap$Node@50000021)
	key		50004452
	val		50004452
ARR 50004454 (sz=40, trace=301204, nelems=0, elem type=java.lang.invoke.LambdaForm$Name[]@50000fce)
ARR 50004455 (sz=24, trace=301205, nelems=0, elem type=java.lang.Object[]@500000ff)
ARR 50004456 (sz=24, trace=301206, nelems=0, elem type=java.lang.Object[]@500000ff)
ARR 50004457 (sz=24, trace=301207, nelems=2, elem type=java.lang.Object[]@500000ff)
	[0]		50000f65
	[1]		50000f66
OBJ 50004458 (sz=32, trace=301208, class=java.lang.invoke.LambdaForm$Name@50000f62)
	type		50000f5a
	function	5000232c
	arguments	50004457
ARR 50004459 (sz=24, trace=301209, nelems=0, elem type=java.lang.Object[]@500000ff)
ARR 5000445a (sz=24, trace=301210, nelems=1, elem type=java.lang.Object[]@500000ff)
	[0]		50004458
OBJ 5000445b (sz=32, trace=301211, class=java.lang.invoke.LambdaForm$Name@50000f62)
	type		50000f5f
	function	50002336
	arguments	5000445a
OBJ 5000445c (sz=24, trace=301212, class=java.lang.invoke.LambdaForm$NamedFunction@50000f99)
	member		50006e33
	resolvedHandle	50002752
ARR 5000445d (sz=24, trace=301213, nelems=1, elem type=java.lang.Object[]@500000ff)
	[0]		50004458
OBJ 5000445e (sz=32, trace=301214, class=java.lang.invoke.LambdaForm$Name@50000f62)
	type		50000f5a
	function	5000445c
	arguments	5000445d
OBJ 5000445f (sz=48, trace=301215, class=java.lang.invoke.LambdaForm@50000122)
	names		50006e70
	debugName	50006e39
	vmentry		50006e6f
OBJ 50004460 (sz=24, trace=300696, class=java.lang.StringBuilder@50000118)
ARR 50004461 (sz=32, trace=300697, nelems=0, elem type=char[])
OBJ 50004462 (sz=24, trace=300698, class=java.lang.String@50000165)
ARR 50004463 (sz=24, trace=300699, nelems=0, elem type=char[])
ARR 50004464 (sz=24, trace=301216, nelems=0, elem type=java.lang.Class[]@500000fa)
OBJ 50004465 (sz=40, trace=300701, class=java.lang.invoke.MethodType@50000121)
OBJ 50004466 (sz=32, trace=300443, class=java.lang.invoke.MethodType$ConcurrentWeakInternSet$WeakEntry@50000b5f)
OBJ 50004467 (sz=64, trace=300704, class=java.lang.invoke.InvokerBytecodeGenerator@50001172)
OBJ 50004468 (sz=48, trace=300705, class=java.util.HashMap@500000bd)
OBJ 50004469 (sz=24, trace=300710, class=java.lang.StringBuilder@50000118)
ARR 5000446a (sz=48, trace=300711, nelems=0, elem type=char[])
ARR 5000446b (sz=88, trace=300010, nelems=0, elem type=char[])
OBJ 5000446c (sz=24, trace=300712, class=java.lang.String@50000165)
ARR 5000446d (sz=80, trace=300713, nelems=0, elem type=char[])
OBJ 5000446e (sz=24, trace=300714, class=java.lang.StringBuilder@50000118)
ARR 5000446f (sz=48, trace=300715, nelems=0, elem type=char[])
OBJ 50004470 (sz=24, trace=300716, class=java.lang.String@50000165)
ARR 50004471 (sz=48, trace=300717, nelems=0, elem type=char[])
ARR 50004472 (sz=40, trace=300718, nelems=0, elem type=int[])
ARR 50004473 (sz=40, trace=300719, nelems=0, elem type=java.lang.invoke.LambdaForm$BasicType[]@50000f60)
ARR 50004474 (sz=40, trace=300720, nelems=0, elem type=java.lang.Class[]@500000fa)
OBJ 50004475 (sz=168, trace=300723, class=jdk.internal.org.objectweb.asm.ClassWriter@50001187)
OBJ 50004476 (sz=24, trace=300725, class=jdk.internal.org.objectweb.asm.ByteVector@5000118a)
ARR 50004477 (sz=80, trace=300726, nelems=0, elem type=byte[])
ARR 50004478 (sz=1040, trace=300728, nelems=0, elem type=jdk.internal.org.objectweb.asm.Item[]@5000118e)
OBJ 50004479 (sz=56, trace=300729, class=jdk.internal.org.objectweb.asm.Item@5000118d)
OBJ 5000447a (sz=56, trace=300730, class=jdk.internal.org.objectweb.asm.Item@5000118d)
OBJ 5000447b (sz=56, trace=300731, class=jdk.internal.org.objectweb.asm.Item@5000118d)
OBJ 5000447c (sz=56, trace=300732, class=jdk.internal.org.objectweb.asm.Item@5000118d)
OBJ 5000447d (sz=56, trace=300733, class=jdk.internal.org.objectweb.asm.Item@5000118d)
OBJ 5000447e (sz=56, trace=300734, class=jdk.internal.org.objectweb.asm.Item@5000118d)
OBJ 5000447f (sz=56, trace=300733, class=jdk.internal.org.objectweb.asm.Item@5000118d)
OBJ 50004480 (sz=56, trace=300735, class=jdk.internal.org.objectweb.asm.Item@5000118d)
ARR 50004481 (sz=144, trace=300736, nelems=0, elem type=byte[])
OBJ 50004482 (sz=56, trace=300737, class=jdk.internal.org.objectweb.asm.Item@5000118d)
OBJ 50004483 (sz=224, trace=300748, class=jdk.internal.org.objectweb.asm.MethodWriter@500011ab)
OBJ 50004484 (sz=24, trace=300749, class=jdk.internal.org.objectweb.asm.ByteVector@5000118a)
ARR 50004485 (sz=80, trace=300750, nelems=0, elem type=byte[])
OBJ 50004486 (sz=56, trace=300751, class=jdk.internal.org.objectweb.asm.Item@5000118d)
ARR 50004487 (sz=272, trace=300752, nelems=0, elem type=byte[])
OBJ 50004488 (sz=56, trace=300753, class=jdk.internal.org.objectweb.asm.Item@5000118d)
OBJ 50004489 (sz=64, trace=300765, class=jdk.internal.org.objectweb.asm.Label@500011bc)
OBJ 5000448a (sz=48, trace=300768, class=jdk.internal.org.objectweb.asm.Frame@500011be)
OBJ 5000448b (sz=24, trace=300769, class=jdk.internal.org.objectweb.asm.ByteVector@5000118a)
ARR 5000448c (sz=80, trace=300770, nelems=0, elem type=byte[])
OBJ 5000448d (sz=56, trace=300771, class=jdk.internal.org.objectweb.asm.Item@5000118d)
OBJ 5000448e (sz=56, trace=300773, class=jdk.internal.org.objectweb.asm.AnnotationWriter@500011c5)
OBJ 5000448f (sz=24, trace=300774, class=jdk.internal.org.objectweb.asm.ByteVector@5000118a)
ARR 50004490 (sz=80, trace=300775, nelems=0, elem type=byte[])
OBJ 50004491 (sz=56, trace=300776, class=jdk.internal.org.objectweb.asm.Item@5000118d)
OBJ 50004492 (sz=56, trace=300773, class=jdk.internal.org.objectweb.asm.AnnotationWriter@500011c5)
OBJ 50004493 (sz=24, trace=300777, class=jdk.internal.org.objectweb.asm.ByteVector@5000118a)
ARR 50004494 (sz=80, trace=300778, nelems=0, elem type=byte[])
ARR 50004495 (sz=528, trace=300779, nelems=0, elem type=byte[])
OBJ 50004496 (sz=56, trace=300780, class=jdk.internal.org.objectweb.asm.Item@5000118d)
OBJ 50004497 (sz=56, trace=300773, class=jdk.internal.org.objectweb.asm.AnnotationWriter@500011c5)
OBJ 50004498 (sz=24, trace=300795, class=java.lang.String@50000165)
ARR 50004499 (sz=32, trace=300462, nelems=0, elem type=char[])
ARR 5000449a (sz=72, trace=300796, nelems=0, elem type=char[])
OBJ 5000449b (sz=24, trace=300797, class=java.lang.String@50000165)
ARR 5000449c (sz=56, trace=300798, nelems=0, elem type=int[])
OBJ 5000449d (sz=56, trace=300733, class=jdk.internal.org.objectweb.asm.Item@5000118d)
OBJ 5000449e (sz=56, trace=300800, class=jdk.internal.org.objectweb.asm.Item@5000118d)
OBJ 5000449f (sz=56, trace=300801, class=jdk.internal.org.objectweb.asm.Item@5000118d)
OBJ 500044a0 (sz=56, trace=300803, class=jdk.internal.org.objectweb.asm.Item@5000118d)
OBJ 500044a1 (sz=56, trace=300804, class=jdk.internal.org.objectweb.asm.Item@5000118d)
OBJ 500044a2 (sz=24, trace=300805, class=java.lang.String@50000165)
ARR 500044a3 (sz=48, trace=300806, nelems=0, elem type=char[])
OBJ 500044a4 (sz=56, trace=300807, class=jdk.internal.org.objectweb.asm.Item@5000118d)
ARR 500044a5 (sz=80, trace=300808, nelems=0, elem type=jdk.internal.org.objectweb.asm.Item[]@5000118e)
ARR 500044a6 (sz=56, trace=300809, nelems=0, elem type=int[])
OBJ 500044a7 (sz=24, trace=300795, class=java.lang.String@50000165)
ARR 500044a8 (sz=32, trace=300462, nelems=0, elem type=char[])
ARR 500044a9 (sz=72, trace=300796, nelems=0, elem type=char[])
OBJ 500044aa (sz=24, trace=300797, class=java.lang.String@50000165)
OBJ 500044ab (sz=56, trace=300801, class=jdk.internal.org.objectweb.asm.Item@5000118d)
OBJ 500044ac (sz=56, trace=300802, class=jdk.internal.org.objectweb.asm.Item@5000118d)
OBJ 500044ad (sz=56, trace=300803, class=jdk.internal.org.objectweb.asm.Item@5000118d)
OBJ 500044ae (sz=56, trace=300804, class=jdk.internal.org.objectweb.asm.Item@5000118d)
OBJ 500044af (sz=24, trace=300795, class=java.lang.String@50000165)
ARR 500044b0 (sz=40, trace=300462, nelems=0, elem type=char[])
OBJ 500044b1 (sz=56, trace=300813, class=jdk.internal.org.objectweb.asm.Item@5000118d)
OBJ 500044b2 (sz=56, trace=300814, class=jdk.internal.org.objectweb.asm.Item@5000118d)
OBJ 500044b3 (sz=56, trace=300815, class=jdk.internal.org.objectweb.asm.Item@5000118d)
OBJ 500044b4 (sz=56, trace=300801, class=jdk.internal.org.objectweb.asm.Item@5000118d)
OBJ 500044b5 (sz=56, trace=300802, class=jdk.internal.org.objectweb.asm.Item@5000118d)
OBJ 500044b6 (sz=56, trace=300803, class=jdk.internal.org.objectweb.asm.Item@5000118d)
OBJ 500044b7 (sz=56, trace=300804, class=jdk.internal.org.objectweb.asm.Item@5000118d)
OBJ 500044b8 (sz=24, trace=300805, class=java.lang.String@50000165)
ARR 500044b9 (sz=48, trace=300806, nelems=0, elem type=char[])
ARR 500044ba (sz=24, trace=300931, nelems=0, elem type=java.lang.Class[]@500000fa)
OBJ 500044bb (sz=40, trace=300860, class=java.lang.invoke.MethodType@50000121)
OBJ 500044bc (sz=32, trace=300443, class=java.lang.invoke.MethodType$ConcurrentWeakInternSet$WeakEntry@50000b5f)
OBJ 500044bd (sz=64, trace=300817, class=jdk.internal.org.objectweb.asm.Label@500011bc)
OBJ 500044be (sz=48, trace=300818, class=jdk.internal.org.objectweb.asm.Frame@500011be)
ARR 500044bf (sz=128, trace=300819, nelems=0, elem type=char[])
ARR 500044c0 (sz=24, trace=300820, nelems=0, elem type=jdk.internal.org.objectweb.asm.Type[]@50001222)
OBJ 500044c1 (sz=32, trace=300821, class=jdk.internal.org.objectweb.asm.Type@500011b2)
OBJ 500044c2 (sz=32, trace=300821, class=jdk.internal.org.objectweb.asm.Type@500011b2)
ARR 500044c3 (sz=32, trace=300822, nelems=0, elem type=int[])
ARR 500044c4 (sz=16, trace=300823, nelems=0, elem type=int[])
OBJ 500044c5 (sz=24, trace=300824, class=java.lang.StringBuffer@50000119)
ARR 500044c6 (sz=48, trace=300825, nelems=0, elem type=char[])
ARR 500044c7 (sz=88, trace=300826, nelems=0, elem type=char[])
ARR 500044c8 (sz=56, trace=300827, nelems=0, elem type=char[])
OBJ 500044c9 (sz=24, trace=300828, class=java.lang.String@50000165)
OBJ 500044ca (sz=24, trace=300829, class=java.lang.String@50000165)
ARR 500044cb (sz=48, trace=300806, nelems=0, elem type=char[])
OBJ 500044cc (sz=24, trace=300824, class=java.lang.StringBuffer@50000119)
ARR 500044cd (sz=48, trace=300825, nelems=0, elem type=char[])
ARR 500044ce (sz=88, trace=300826, nelems=0, elem type=char[])
ARR 500044cf (sz=56, trace=300827, nelems=0, elem type=char[])
OBJ 500044d0 (sz=24, trace=300828, class=java.lang.String@50000165)
OBJ 500044d1 (sz=24, trace=300829, class=java.lang.String@50000165)
ARR 500044d2 (sz=48, trace=300806, nelems=0, elem type=char[])
ARR 500044d3 (sz=40, trace=300830, nelems=0, elem type=int[])
ARR 500044d4 (sz=24, trace=301217, nelems=0, elem type=java.lang.Object[]@500000ff)
OBJ 500044d5 (sz=56, trace=300832, class=jdk.internal.org.objectweb.asm.Item@5000118d)
OBJ 500044d6 (sz=56, trace=300833, class=jdk.internal.org.objectweb.asm.Item@5000118d)
OBJ 500044d7 (sz=56, trace=300834, class=jdk.internal.org.objectweb.asm.Item@5000118d)
OBJ 500044d8 (sz=24, trace=300835, class=jdk.internal.org.objectweb.asm.ByteVector@5000118a)
ARR 500044d9 (sz=616, trace=300836, nelems=0, elem type=byte[])
ARR 500044da (sz=136, trace=300837, nelems=0, elem type=java.lang.Object[]@500000ff)
OBJ 500044db (sz=16, trace=300839, class=java.util.HashMap$Values@5000123e)
OBJ 500044dc (sz=40, trace=300841, class=java.util.HashMap$ValueIterator@50001241)
OBJ 500044de (sz=56, trace=300843, class=java.lang.invoke.MemberName@50000124)
OBJ 500044df (sz=40, trace=300844, class=java.lang.ref.SoftReference@50000149)
	referent	5000445f
	queue		50006b4d
ARR 500044e0 (sz=24, trace=301218, nelems=0, elem type=java.lang.Object[]@500000ff)
ARR 500044e1 (sz=24, trace=301073, nelems=0, elem type=java.lang.Class[]@500000fa)
OBJ 500044e2 (sz=40, trace=300519, class=java.lang.invoke.MethodType@50000121)
OBJ 500044e3 (sz=32, trace=300443, class=java.lang.invoke.MethodType$ConcurrentWeakInternSet$WeakEntry@50000b5f)
ARR 500044e4 (sz=32, trace=301074, nelems=0, elem type=java.lang.invoke.LambdaForm$Name[]@50000fce)
OBJ 500044e5 (sz=32, trace=301040, class=java.lang.invoke.LambdaForm$Name@50000f62)
	type		50000f5a
	constraint	500010a4
ARR 500044e6 (sz=24, trace=301075, nelems=0, elem type=java.lang.Object[]@500000ff)
ARR 500044e7 (sz=24, trace=301042, nelems=1, elem type=java.lang.Object[]@500000ff)
	[0]		500044e5
OBJ 500044e8 (sz=32, trace=301043, class=java.lang.invoke.LambdaForm$Name@50000f62)
	type		50000f5a
	function	5000175a
	arguments	500044e7
ARR 500044e9 (sz=24, trace=301076, nelems=0, elem type=java.lang.Object[]@500000ff)
OBJ 500044ea (sz=24, trace=301045, class=java.lang.invoke.LambdaForm$NamedFunction@50000f99)
	member		50006e33
	resolvedHandle	50002752
ARR 500044eb (sz=24, trace=301068, nelems=1, elem type=java.lang.Object[]@500000ff)
	[0]		500044e8
OBJ 500044ec (sz=32, trace=301069, class=java.lang.invoke.LambdaForm$Name@50000f62)
	type		50000f5a
	function	500044ea
	arguments	500044eb
OBJ 500044ed (sz=48, trace=301070, class=java.lang.invoke.LambdaForm@50000122)
	names		50006e74
	debugName	50006e2f
	vmentry		50006e73
OBJ 500044ee (sz=40, trace=300844, class=java.lang.ref.SoftReference@50000149)
	referent	500044ed
	queue		50006b4d
OBJ 500044ef (sz=32, trace=301077, class=java.lang.invoke.BoundMethodHandle$Species_L@500010a3)
OBJ 500044f0 (sz=24, trace=300696, class=java.lang.StringBuilder@50000118)
ARR 500044f1 (sz=24, trace=300697, nelems=0, elem type=char[])
OBJ 500044f2 (sz=24, trace=300698, class=java.lang.String@50000165)
ARR 500044f3 (sz=24, trace=300699, nelems=0, elem type=char[])
ARR 500044f4 (sz=24, trace=300938, nelems=0, elem type=java.lang.Class[]@500000fa)
OBJ 500044f5 (sz=40, trace=300701, class=java.lang.invoke.MethodType@50000121)
OBJ 500044f6 (sz=32, trace=300443, class=java.lang.invoke.MethodType$ConcurrentWeakInternSet$WeakEntry@50000b5f)
OBJ 500044f7 (sz=64, trace=300704, class=java.lang.invoke.InvokerBytecodeGenerator@50001172)
OBJ 500044f8 (sz=48, trace=300705, class=java.util.HashMap@500000bd)
OBJ 500044f9 (sz=24, trace=300706, class=java.lang.String@50000165)
ARR 500044fa (sz=24, trace=300707, nelems=0, elem type=char[])
OBJ 500044fb (sz=24, trace=300708, class=java.lang.String@50000165)
	value		500044fc
ARR 500044fc (sz=16, trace=300709, nelems=8, elem type=char[])
OBJ 500044fd (sz=24, trace=300710, class=java.lang.StringBuilder@50000118)
ARR 500044fe (sz=48, trace=300711, nelems=0, elem type=char[])
ARR 500044ff (sz=88, trace=300010, nelems=0, elem type=char[])
OBJ 50004500 (sz=24, trace=300712, class=java.lang.String@50000165)
ARR 50004501 (sz=80, trace=300713, nelems=0, elem type=char[])
OBJ 50004502 (sz=24, trace=300714, class=java.lang.StringBuilder@50000118)
ARR 50004503 (sz=48, trace=300715, nelems=0, elem type=char[])
OBJ 50004504 (sz=24, trace=300716, class=java.lang.String@50000165)
ARR 50004505 (sz=48, trace=300717, nelems=0, elem type=char[])
ARR 50004506 (sz=32, trace=300718, nelems=0, elem type=int[])
ARR 50004507 (sz=32, trace=300719, nelems=0, elem type=java.lang.invoke.LambdaForm$BasicType[]@50000f60)
ARR 50004508 (sz=32, trace=300720, nelems=0, elem type=java.lang.Class[]@500000fa)
OBJ 50004509 (sz=168, trace=300723, class=jdk.internal.org.objectweb.asm.ClassWriter@50001187)
OBJ 5000450a (sz=24, trace=300725, class=jdk.internal.org.objectweb.asm.ByteVector@5000118a)
ARR 5000450b (sz=80, trace=300726, nelems=0, elem type=byte[])
ARR 5000450c (sz=1040, trace=300728, nelems=0, elem type=jdk.internal.org.objectweb.asm.Item[]@5000118e)
OBJ 5000450d (sz=56, trace=300729, class=jdk.internal.org.objectweb.asm.Item@5000118d)
OBJ 5000450e (sz=56, trace=300730, class=jdk.internal.org.objectweb.asm.Item@5000118d)
OBJ 5000450f (sz=56, trace=300731, class=jdk.internal.org.objectweb.asm.Item@5000118d)
OBJ 50004510 (sz=56, trace=300732, class=jdk.internal.org.objectweb.asm.Item@5000118d)
OBJ 50004511 (sz=56, trace=300733, class=jdk.internal.org.objectweb.asm.Item@5000118d)
OBJ 50004512 (sz=56, trace=300734, class=jdk.internal.org.objectweb.asm.Item@5000118d)
OBJ 50004513 (sz=56, trace=300733, class=jdk.internal.org.objectweb.asm.Item@5000118d)
OBJ 50004514 (sz=56, trace=300735, class=jdk.internal.org.objectweb.asm.Item@5000118d)
ARR 50004515 (sz=144, trace=300736, nelems=0, elem type=byte[])
OBJ 50004516 (sz=56, trace=300737, class=jdk.internal.org.objectweb.asm.Item@5000118d)
OBJ 50004517 (sz=224, trace=300748, class=jdk.internal.org.objectweb.asm.MethodWriter@500011ab)
OBJ 50004518 (sz=24, trace=300749, class=jdk.internal.org.objectweb.asm.ByteVector@5000118a)
ARR 50004519 (sz=80, trace=300750, nelems=0, elem type=byte[])
OBJ 5000451a (sz=56, trace=300751, class=jdk.internal.org.objectweb.asm.Item@5000118d)
OBJ 5000451b (sz=56, trace=300753, class=jdk.internal.org.objectweb.asm.Item@5000118d)
OBJ 5000451c (sz=64, trace=300765, class=jdk.internal.org.objectweb.asm.Label@500011bc)
OBJ 5000451d (sz=48, trace=300768, class=jdk.internal.org.objectweb.asm.Frame@500011be)
OBJ 5000451e (sz=24, trace=300769, class=jdk.internal.org.objectweb.asm.ByteVector@5000118a)
ARR 5000451f (sz=80, trace=300770, nelems=0, elem type=byte[])
ARR 50004520 (sz=272, trace=301101, nelems=0, elem type=byte[])
OBJ 50004521 (sz=56, trace=300771, class=jdk.internal.org.objectweb.asm.Item@5000118d)
OBJ 50004522 (sz=56, trace=300773, class=jdk.internal.org.objectweb.asm.AnnotationWriter@500011c5)
OBJ 50004523 (sz=24, trace=300774, class=jdk.internal.org.objectweb.asm.ByteVector@5000118a)
ARR 50004524 (sz=80, trace=300775, nelems=0, elem type=byte[])
OBJ 50004525 (sz=56, trace=300776, class=jdk.internal.org.objectweb.asm.Item@5000118d)
OBJ 50004526 (sz=56, trace=300773, class=jdk.internal.org.objectweb.asm.AnnotationWriter@500011c5)
OBJ 50004527 (sz=24, trace=300777, class=jdk.internal.org.objectweb.asm.ByteVector@5000118a)
ARR 50004528 (sz=80, trace=300778, nelems=0, elem type=byte[])
OBJ 50004529 (sz=56, trace=300780, class=jdk.internal.org.objectweb.asm.Item@5000118d)
OBJ 5000452a (sz=56, trace=300773, class=jdk.internal.org.objectweb.asm.AnnotationWriter@500011c5)
OBJ 5000452b (sz=24, trace=301078, class=java.lang.String@50000165)
ARR 5000452c (sz=40, trace=301079, nelems=0, elem type=char[])
OBJ 5000452d (sz=24, trace=301080, class=java.lang.String@50000165)
ARR 5000452e (sz=40, trace=301081, nelems=0, elem type=char[])
OBJ 5000452f (sz=40, trace=300872, class=java.lang.invoke.MethodType@50000121)
OBJ 50004530 (sz=32, trace=300443, class=java.lang.invoke.MethodType$ConcurrentWeakInternSet$WeakEntry@50000b5f)
ARR 50004531 (sz=104, trace=300796, nelems=0, elem type=char[])
OBJ 50004532 (sz=24, trace=300797, class=java.lang.String@50000165)
ARR 50004533 (sz=56, trace=300798, nelems=0, elem type=int[])
ARR 50004534 (sz=104, trace=300811, nelems=0, elem type=char[])
OBJ 50004535 (sz=24, trace=300812, class=java.lang.String@50000165)
ARR 50004536 (sz=528, trace=300852, nelems=0, elem type=byte[])
OBJ 50004537 (sz=56, trace=300813, class=jdk.internal.org.objectweb.asm.Item@5000118d)
OBJ 50004538 (sz=56, trace=300814, class=jdk.internal.org.objectweb.asm.Item@5000118d)
OBJ 50004539 (sz=56, trace=300815, class=jdk.internal.org.objectweb.asm.Item@5000118d)
ARR 5000453a (sz=80, trace=301072, nelems=0, elem type=jdk.internal.org.objectweb.asm.Item[]@5000118e)
OBJ 5000453b (sz=24, trace=301082, class=java.lang.StringBuilder@50000118)
ARR 5000453c (sz=48, trace=301083, nelems=0, elem type=char[])
ARR 5000453d (sz=48, trace=301084, nelems=0, elem type=char[])
OBJ 5000453e (sz=24, trace=301085, class=java.lang.String@50000165)
ARR 5000453f (sz=88, trace=300010, nelems=0, elem type=char[])
OBJ 50004540 (sz=24, trace=301086, class=java.lang.String@50000165)
ARR 50004541 (sz=56, trace=301087, nelems=0, elem type=char[])
OBJ 50004542 (sz=56, trace=300801, class=jdk.internal.org.objectweb.asm.Item@5000118d)
OBJ 50004543 (sz=56, trace=300802, class=jdk.internal.org.objectweb.asm.Item@5000118d)
OBJ 50004544 (sz=56, trace=301088, class=jdk.internal.org.objectweb.asm.Item@5000118d)
OBJ 50004545 (sz=56, trace=301089, class=jdk.internal.org.objectweb.asm.Item@5000118d)
OBJ 50004546 (sz=24, trace=300805, class=java.lang.String@50000165)
ARR 50004547 (sz=48, trace=300806, nelems=0, elem type=char[])
OBJ 50004548 (sz=56, trace=300807, class=jdk.internal.org.objectweb.asm.Item@5000118d)
OBJ 50004549 (sz=40, trace=300872, class=java.lang.invoke.MethodType@50000121)
OBJ 5000454a (sz=32, trace=300443, class=java.lang.invoke.MethodType$ConcurrentWeakInternSet$WeakEntry@50000b5f)
ARR 5000454b (sz=24, trace=300931, nelems=0, elem type=java.lang.Class[]@500000fa)
OBJ 5000454c (sz=40, trace=300860, class=java.lang.invoke.MethodType@50000121)
OBJ 5000454d (sz=32, trace=300443, class=java.lang.invoke.MethodType$ConcurrentWeakInternSet$WeakEntry@50000b5f)
ARR 5000454e (sz=56, trace=300809, nelems=0, elem type=int[])
OBJ 5000454f (sz=24, trace=300795, class=java.lang.String@50000165)
ARR 50004550 (sz=40, trace=300462, nelems=0, elem type=char[])
OBJ 50004551 (sz=56, trace=300813, class=jdk.internal.org.objectweb.asm.Item@5000118d)
OBJ 50004552 (sz=56, trace=300814, class=jdk.internal.org.objectweb.asm.Item@5000118d)
OBJ 50004553 (sz=56, trace=300815, class=jdk.internal.org.objectweb.asm.Item@5000118d)
OBJ 50004554 (sz=56, trace=300801, class=jdk.internal.org.objectweb.asm.Item@5000118d)
OBJ 50004555 (sz=56, trace=300802, class=jdk.internal.org.objectweb.asm.Item@5000118d)
OBJ 50004556 (sz=56, trace=300803, class=jdk.internal.org.objectweb.asm.Item@5000118d)
OBJ 50004557 (sz=56, trace=300804, class=jdk.internal.org.objectweb.asm.Item@5000118d)
OBJ 50004558 (sz=24, trace=300805, class=java.lang.String@50000165)
ARR 50004559 (sz=48, trace=300806, nelems=0, elem type=char[])
ARR 5000455a (sz=24, trace=300931, nelems=0, elem type=java.lang.Class[]@500000fa)
OBJ 5000455b (sz=40, trace=300860, class=java.lang.invoke.MethodType@50000121)
OBJ 5000455c (sz=32, trace=300443, class=java.lang.invoke.MethodType$ConcurrentWeakInternSet$WeakEntry@50000b5f)
OBJ 5000455d (sz=64, trace=300817, class=jdk.internal.org.objectweb.asm.Label@500011bc)
OBJ 5000455e (sz=48, trace=300818, class=jdk.internal.org.objectweb.asm.Frame@500011be)
ARR 5000455f (sz=96, trace=300819, nelems=0, elem type=char[])
ARR 50004560 (sz=24, trace=300820, nelems=0, elem type=jdk.internal.org.objectweb.asm.Type[]@50001222)
OBJ 50004561 (sz=32, trace=300821, class=jdk.internal.org.objectweb.asm.Type@500011b2)
ARR 50004562 (sz=24, trace=300822, nelems=0, elem type=int[])
ARR 50004563 (sz=16, trace=300823, nelems=0, elem type=int[])
OBJ 50004564 (sz=24, trace=300824, class=java.lang.StringBuffer@50000119)
ARR 50004565 (sz=48, trace=300825, nelems=0, elem type=char[])
ARR 50004566 (sz=88, trace=300826, nelems=0, elem type=char[])
ARR 50004567 (sz=56, trace=300827, nelems=0, elem type=char[])
OBJ 50004568 (sz=24, trace=300828, class=java.lang.String@50000165)
OBJ 50004569 (sz=24, trace=300829, class=java.lang.String@50000165)
ARR 5000456a (sz=48, trace=300806, nelems=0, elem type=char[])
ARR 5000456b (sz=32, trace=300830, nelems=0, elem type=int[])
ARR 5000456c (sz=24, trace=300940, nelems=0, elem type=java.lang.Object[]@500000ff)
OBJ 5000456d (sz=56, trace=300832, class=jdk.internal.org.objectweb.asm.Item@5000118d)
OBJ 5000456e (sz=56, trace=300833, class=jdk.internal.org.objectweb.asm.Item@5000118d)
OBJ 5000456f (sz=56, trace=300834, class=jdk.internal.org.objectweb.asm.Item@5000118d)
OBJ 50004570 (sz=24, trace=300835, class=jdk.internal.org.objectweb.asm.ByteVector@5000118a)
ARR 50004571 (sz=576, trace=300836, nelems=0, elem type=byte[])
ARR 50004572 (sz=120, trace=300837, nelems=0, elem type=java.lang.Object[]@500000ff)
OBJ 50004573 (sz=16, trace=300839, class=java.util.HashMap$Values@5000123e)
OBJ 50004574 (sz=40, trace=300841, class=java.util.HashMap$ValueIterator@50001241)
OBJ 50004576 (sz=56, trace=300843, class=java.lang.invoke.MemberName@50000124)
OBJ 50004577 (sz=32, trace=301200, class=java.lang.invoke.BoundMethodHandle$Species_L@500010a3)
	type		50000f9f
	form		500044ed
	argL0		5000269f
OBJ 50004578 (sz=24, trace=301219, class=java.lang.StringBuilder@50000118)
ARR 50004579 (sz=48, trace=301220, nelems=0, elem type=char[])
ARR 5000457a (sz=88, trace=300010, nelems=0, elem type=char[])
OBJ 5000457b (sz=24, trace=301221, class=java.lang.String@50000165)
ARR 5000457c (sz=64, trace=300924, nelems=0, elem type=char[])
OBJ 5000457d (sz=56, trace=300925, class=jdk.internal.org.objectweb.asm.Item@5000118d)
OBJ 5000457e (sz=56, trace=300926, class=jdk.internal.org.objectweb.asm.Item@5000118d)
OBJ 5000457f (sz=32, trace=301222, class=java.lang.invoke.InvokerBytecodeGenerator$CpPatch@5000170e)
ARR 50004580 (sz=80, trace=300929, nelems=0, elem type=java.util.HashMap$Node[]@500000b9)
OBJ 50004581 (sz=32, trace=300239, class=java.util.HashMap$Node@500000bb)
OBJ 50004582 (sz=56, trace=300930, class=jdk.internal.org.objectweb.asm.Item@5000118d)
ARR 50004583 (sz=80, trace=300946, nelems=0, elem type=jdk.internal.org.objectweb.asm.Item[]@5000118e)
ARR 50004584 (sz=56, trace=301223, nelems=0, elem type=int[])
OBJ 50004585 (sz=56, trace=300813, class=jdk.internal.org.objectweb.asm.Item@5000118d)
OBJ 50004586 (sz=56, trace=300814, class=jdk.internal.org.objectweb.asm.Item@5000118d)
OBJ 50004587 (sz=24, trace=301224, class=java.lang.String@50000165)
ARR 50004588 (sz=48, trace=301225, nelems=0, elem type=char[])
OBJ 50004589 (sz=56, trace=301226, class=jdk.internal.org.objectweb.asm.Item@5000118d)
ARR 5000458a (sz=56, trace=300809, nelems=0, elem type=int[])
OBJ 5000458b (sz=24, trace=301078, class=java.lang.String@50000165)
ARR 5000458c (sz=40, trace=301079, nelems=0, elem type=char[])
OBJ 5000458d (sz=24, trace=301080, class=java.lang.String@50000165)
ARR 5000458e (sz=40, trace=301081, nelems=0, elem type=char[])
OBJ 5000458f (sz=40, trace=300872, class=java.lang.invoke.MethodType@50000121)
OBJ 50004590 (sz=32, trace=300443, class=java.lang.invoke.MethodType$ConcurrentWeakInternSet$WeakEntry@50000b5f)
ARR 50004591 (sz=104, trace=300796, nelems=0, elem type=char[])
OBJ 50004592 (sz=24, trace=300797, class=java.lang.String@50000165)
ARR 50004593 (sz=104, trace=300811, nelems=0, elem type=char[])
OBJ 50004594 (sz=24, trace=300812, class=java.lang.String@50000165)
OBJ 50004595 (sz=56, trace=300813, class=jdk.internal.org.objectweb.asm.Item@5000118d)
OBJ 50004596 (sz=56, trace=300814, class=jdk.internal.org.objectweb.asm.Item@5000118d)
OBJ 50004597 (sz=56, trace=300815, class=jdk.internal.org.objectweb.asm.Item@5000118d)
OBJ 50004598 (sz=24, trace=301082, class=java.lang.StringBuilder@50000118)
ARR 50004599 (sz=48, trace=301083, nelems=0, elem type=char[])
ARR 5000459a (sz=48, trace=301084, nelems=0, elem type=char[])
OBJ 5000459b (sz=24, trace=301085, class=java.lang.String@50000165)
ARR 5000459c (sz=88, trace=300010, nelems=0, elem type=char[])
OBJ 5000459d (sz=24, trace=301086, class=java.lang.String@50000165)
ARR 5000459e (sz=56, trace=301087, nelems=0, elem type=char[])
OBJ 5000459f (sz=56, trace=300801, class=jdk.internal.org.objectweb.asm.Item@5000118d)
OBJ 500045a0 (sz=56, trace=300802, class=jdk.internal.org.objectweb.asm.Item@5000118d)
OBJ 500045a1 (sz=56, trace=301088, class=jdk.internal.org.objectweb.asm.Item@5000118d)
OBJ 500045a2 (sz=56, trace=301089, class=jdk.internal.org.objectweb.asm.Item@5000118d)
OBJ 500045a3 (sz=24, trace=300805, class=java.lang.String@50000165)
ARR 500045a4 (sz=48, trace=300806, nelems=0, elem type=char[])
OBJ 500045a5 (sz=40, trace=300872, class=java.lang.invoke.MethodType@50000121)
OBJ 500045a6 (sz=32, trace=300443, class=java.lang.invoke.MethodType$ConcurrentWeakInternSet$WeakEntry@50000b5f)
ARR 500045a7 (sz=24, trace=300931, nelems=0, elem type=java.lang.Class[]@500000fa)
OBJ 500045a8 (sz=40, trace=300860, class=java.lang.invoke.MethodType@50000121)
OBJ 500045a9 (sz=32, trace=300443, class=java.lang.invoke.MethodType$ConcurrentWeakInternSet$WeakEntry@50000b5f)
OBJ 500045aa (sz=24, trace=300795, class=java.lang.String@50000165)
ARR 500045ab (sz=40, trace=300462, nelems=0, elem type=char[])
OBJ 500045ac (sz=56, trace=300813, class=jdk.internal.org.objectweb.asm.Item@5000118d)
OBJ 500045ad (sz=56, trace=300814, class=jdk.internal.org.objectweb.asm.Item@5000118d)
OBJ 500045ae (sz=56, trace=300815, class=jdk.internal.org.objectweb.asm.Item@5000118d)
OBJ 500045af (sz=56, trace=300801, class=jdk.internal.org.objectweb.asm.Item@5000118d)
OBJ 500045b0 (sz=56, trace=300803, class=jdk.internal.org.objectweb.asm.Item@5000118d)
OBJ 500045b1 (sz=56, trace=300804, class=jdk.internal.org.objectweb.asm.Item@5000118d)
OBJ 500045b2 (sz=24, trace=300805, class=java.lang.String@50000165)
ARR 500045b3 (sz=48, trace=300806, nelems=0, elem type=char[])
ARR 500045b4 (sz=24, trace=300931, nelems=0, elem type=java.lang.Class[]@500000fa)
OBJ 500045b5 (sz=40, trace=300860, class=java.lang.invoke.MethodType@50000121)
OBJ 500045b6 (sz=32, trace=300443, class=java.lang.invoke.MethodType$ConcurrentWeakInternSet$WeakEntry@50000b5f)
OBJ 500045b7 (sz=64, trace=300817, class=jdk.internal.org.objectweb.asm.Label@500011bc)
OBJ 500045b8 (sz=48, trace=300818, class=jdk.internal.org.objectweb.asm.Frame@500011be)
ARR 500045b9 (sz=128, trace=300819, nelems=0, elem type=char[])
ARR 500045ba (sz=24, trace=300820, nelems=0, elem type=jdk.internal.org.objectweb.asm.Type[]@50001222)
OBJ 500045bb (sz=32, trace=300821, class=jdk.internal.org.objectweb.asm.Type@500011b2)
OBJ 500045bc (sz=32, trace=300821, class=jdk.internal.org.objectweb.asm.Type@500011b2)
ARR 500045bd (sz=32, trace=300822, nelems=0, elem type=int[])
ARR 500045be (sz=16, trace=300823, nelems=0, elem type=int[])
OBJ 500045bf (sz=24, trace=300824, class=java.lang.StringBuffer@50000119)
ARR 500045c0 (sz=48, trace=300825, nelems=0, elem type=char[])
ARR 500045c1 (sz=88, trace=300826, nelems=0, elem type=char[])
ARR 500045c2 (sz=56, trace=300827, nelems=0, elem type=char[])
OBJ 500045c3 (sz=24, trace=300828, class=java.lang.String@50000165)
OBJ 500045c4 (sz=24, trace=300829, class=java.lang.String@50000165)
ARR 500045c5 (sz=48, trace=300806, nelems=0, elem type=char[])
OBJ 500045c6 (sz=24, trace=300824, class=java.lang.StringBuffer@50000119)
ARR 500045c7 (sz=48, trace=300825, nelems=0, elem type=char[])
ARR 500045c8 (sz=88, trace=300826, nelems=0, elem type=char[])
ARR 500045c9 (sz=56, trace=300827, nelems=0, elem type=char[])
OBJ 500045ca (sz=24, trace=300828, class=java.lang.String@50000165)
OBJ 500045cb (sz=24, trace=300829, class=java.lang.String@50000165)
ARR 500045cc (sz=48, trace=300806, nelems=0, elem type=char[])
ARR 500045cd (sz=40, trace=300830, nelems=0, elem type=int[])
ARR 500045ce (sz=24, trace=300940, nelems=0, elem type=java.lang.Object[]@500000ff)
OBJ 500045cf (sz=56, trace=300832, class=jdk.internal.org.objectweb.asm.Item@5000118d)
OBJ 500045d0 (sz=56, trace=300833, class=jdk.internal.org.objectweb.asm.Item@5000118d)
OBJ 500045d1 (sz=56, trace=300834, class=jdk.internal.org.objectweb.asm.Item@5000118d)
OBJ 500045d2 (sz=24, trace=300835, class=jdk.internal.org.objectweb.asm.ByteVector@5000118a)
ARR 500045d3 (sz=632, trace=300836, nelems=0, elem type=byte[])
ARR 500045d4 (sz=136, trace=300837, nelems=0, elem type=java.lang.Object[]@500000ff)
OBJ 500045d5 (sz=16, trace=300839, class=java.util.HashMap$Values@5000123e)
OBJ 500045d6 (sz=40, trace=300841, class=java.util.HashMap$ValueIterator@50001241)
OBJ 500045d8 (sz=56, trace=300843, class=java.lang.invoke.MemberName@50000124)
ARR 500045d9 (sz=24, trace=301227, nelems=1, elem type=java.lang.Class[]@500000fa)
	[0]		500000ff
OBJ 500045da (sz=40, trace=301228, class=java.lang.invoke.MethodType@50000121)
OBJ 500045db (sz=32, trace=300443, class=java.lang.invoke.MethodType$ConcurrentWeakInternSet$WeakEntry@50000b5f)
OBJ 500045dc (sz=40, trace=301229, class=java.lang.invoke.MethodType@50000121)
	rtype		500000ff
	ptypes		500045d9
	form		50000fab
OBJ 500045dd (sz=40, trace=300445, class=java.lang.invoke.MethodType@50000121)
OBJ 500045de (sz=32, trace=300443, class=java.lang.invoke.MethodType$ConcurrentWeakInternSet$WeakEntry@50000b5f)
OBJ 500045df (sz=32, trace=300452, class=java.lang.invoke.MethodType$ConcurrentWeakInternSet$WeakEntry@50000b5f)
	referent	500045dc
	queue		50000b52
OBJ 500045e0 (sz=32, trace=300454, class=java.util.concurrent.ConcurrentHashMap$Node@50000021)
	key		500045df
	val		500045df
OBJ 500045e1 (sz=56, trace=301230, class=java.lang.invoke.MemberName@50000124)
OBJ 500045e2 (sz=32, trace=300865, class=java.lang.invoke.DirectMethodHandle@50000125)
	type		500045dc
	form		5000116a
	member		50007046
ARR 500045e3 (sz=24, trace=301231, nelems=0, elem type=java.lang.Class[]@500000fa)
ARR 500045e4 (sz=24, trace=301232, nelems=2, elem type=java.lang.Class[]@500000fa)
	[0]		50000101
	[1]		500000ff
OBJ 500045e5 (sz=40, trace=301233, class=java.lang.invoke.MethodType@50000121)
OBJ 500045e6 (sz=32, trace=300443, class=java.lang.invoke.MethodType$ConcurrentWeakInternSet$WeakEntry@50000b5f)
OBJ 500045e7 (sz=40, trace=301234, class=java.lang.invoke.MethodType@50000121)
	rtype		500000ff
	ptypes		500045e4
	form		50000fc4
OBJ 500045e8 (sz=40, trace=300445, class=java.lang.invoke.MethodType@50000121)
OBJ 500045e9 (sz=32, trace=300443, class=java.lang.invoke.MethodType$ConcurrentWeakInternSet$WeakEntry@50000b5f)
OBJ 500045ea (sz=32, trace=300452, class=java.lang.invoke.MethodType$ConcurrentWeakInternSet$WeakEntry@50000b5f)
	referent	500045e7
	queue		50000b52
OBJ 500045eb (sz=32, trace=300454, class=java.util.concurrent.ConcurrentHashMap$Node@50000021)
	key		500045ea
	val		500045ea
OBJ 500045ec (sz=56, trace=301235, class=java.lang.invoke.MemberName@50000124)
OBJ 500045ed (sz=32, trace=300865, class=java.lang.invoke.DirectMethodHandle@50000125)
	type		500045e7
	form		5000141e
	member		50007044
ARR 500045ee (sz=24, trace=301236, nelems=0, elem type=java.lang.Class[]@500000fa)
ARR 500045ef (sz=32, trace=301237, nelems=3, elem type=java.lang.Class[]@500000fa)
	[0]		500000ff
	[1]		50000101
	[2]		500000ff
OBJ 500045f0 (sz=40, trace=301238, class=java.lang.invoke.MethodType@50000121)
OBJ 500045f1 (sz=32, trace=300443, class=java.lang.invoke.MethodType$ConcurrentWeakInternSet$WeakEntry@50000b5f)
OBJ 500045f2 (sz=40, trace=301239, class=java.lang.invoke.MethodType@50000121)
	rtype		500000ff
	ptypes		500045ef
	form		500010d8
OBJ 500045f3 (sz=40, trace=300445, class=java.lang.invoke.MethodType@50000121)
OBJ 500045f4 (sz=32, trace=300443, class=java.lang.invoke.MethodType$ConcurrentWeakInternSet$WeakEntry@50000b5f)
OBJ 500045f5 (sz=32, trace=300452, class=java.lang.invoke.MethodType$ConcurrentWeakInternSet$WeakEntry@50000b5f)
	referent	500045f2
	queue		50000b52
OBJ 500045f6 (sz=32, trace=300454, class=java.util.concurrent.ConcurrentHashMap$Node@50000021)
	key		500045f5
	val		500045f5
OBJ 500045f7 (sz=56, trace=301240, class=java.lang.invoke.MemberName@50000124)
OBJ 500045f8 (sz=32, trace=300865, class=java.lang.invoke.DirectMethodHandle@50000125)
	type		500045f2
	form		5000159b
	member		50007042
ARR 500045f9 (sz=24, trace=301241, nelems=0, elem type=java.lang.Class[]@500000fa)
ARR 500045fa (sz=32, trace=301242, nelems=3, elem type=java.lang.Class[]@500000fa)
	[0]		500062a0
	[1]		50000126
	[2]		50000126
OBJ 500045fb (sz=40, trace=301243, class=java.lang.invoke.MethodType@50000121)
OBJ 500045fc (sz=32, trace=300443, class=java.lang.invoke.MethodType$ConcurrentWeakInternSet$WeakEntry@50000b5f)
OBJ 500045fd (sz=40, trace=301244, class=java.lang.invoke.MethodType@50000121)
	rtype		50000126
	ptypes		500045fa
	form		50004601
OBJ 500045fe (sz=40, trace=300445, class=java.lang.invoke.MethodType@50000121)
OBJ 500045ff (sz=32, trace=300443, class=java.lang.invoke.MethodType$ConcurrentWeakInternSet$WeakEntry@50000b5f)
OBJ 50004600 (sz=40, trace=300446, class=java.lang.invoke.MethodType@50000121)
	rtype		50000169
	ptypes		5000702b
	form		50004601
OBJ 50004601 (sz=56, trace=300447, class=java.lang.invoke.MethodTypeForm@50000b5a)
	argToSlotTable	500010da
	slotToArgTable	500010d9
	erasedType	50004600
	basicType	50004604
OBJ 50004602 (sz=40, trace=300978, class=java.lang.invoke.MethodType@50000121)
OBJ 50004603 (sz=32, trace=300443, class=java.lang.invoke.MethodType$ConcurrentWeakInternSet$WeakEntry@50000b5f)
OBJ 50004604 (sz=40, trace=300979, class=java.lang.invoke.MethodType@50000121)
	rtype		50000169
	ptypes		5000702c
	form		50004605
	invokers	50004700
	methodDescriptor	50004864
OBJ 50004605 (sz=56, trace=300980, class=java.lang.invoke.MethodTypeForm@50000b5a)
	argToSlotTable	500010da
	slotToArgTable	500010d9
	erasedType	50004604
	basicType	50004604
	methodHandles	50004607
	lambdaForms	50004606
ARR 50004606 (sz=88, trace=300981, nelems=9, elem type=java.lang.ref.SoftReference[]@50000b68)
	[1]		500046f1
	[8]		500047fd
ARR 50004607 (sz=32, trace=300982, nelems=1, elem type=java.lang.ref.SoftReference[]@50000b68)
	[0]		500047f9
OBJ 50004608 (sz=32, trace=300452, class=java.lang.invoke.MethodType$ConcurrentWeakInternSet$WeakEntry@50000b5f)
	referent	50004604
	queue		50000b52
OBJ 50004609 (sz=32, trace=300454, class=java.util.concurrent.ConcurrentHashMap$Node@50000021)
	key		50004608
	val		50004608
OBJ 5000460a (sz=32, trace=300452, class=java.lang.invoke.MethodType$ConcurrentWeakInternSet$WeakEntry@50000b5f)
	referent	50004600
	queue		50000b52
OBJ 5000460b (sz=32, trace=300454, class=java.util.concurrent.ConcurrentHashMap$Node@50000021)
	key		5000460a
	val		5000460a
OBJ 5000460c (sz=32, trace=300452, class=java.lang.invoke.MethodType$ConcurrentWeakInternSet$WeakEntry@50000b5f)
	referent	500045fd
	queue		50000b52
OBJ 5000460d (sz=32, trace=300454, class=java.util.concurrent.ConcurrentHashMap$Node@50000021)
	key		5000460c
	val		5000460c
OBJ 5000460e (sz=56, trace=301245, class=java.lang.invoke.MemberName@50000124)
ARR 5000460f (sz=24, trace=300512, nelems=0, elem type=java.lang.Class[]@500000fa)
OBJ 50004610 (sz=40, trace=300514, class=java.lang.invoke.MethodType@50000121)
OBJ 50004611 (sz=32, trace=300443, class=java.lang.invoke.MethodType$ConcurrentWeakInternSet$WeakEntry@50000b5f)
OBJ 50004612 (sz=40, trace=300515, class=java.lang.invoke.MethodType@50000121)
	rtype		50000169
	ptypes		5000703b
	form		50004616
	methodDescriptor	500046b8
OBJ 50004613 (sz=40, trace=300445, class=java.lang.invoke.MethodType@50000121)
OBJ 50004614 (sz=32, trace=300443, class=java.lang.invoke.MethodType$ConcurrentWeakInternSet$WeakEntry@50000b5f)
OBJ 50004615 (sz=40, trace=300446, class=java.lang.invoke.MethodType@50000121)
	rtype		50000169
	ptypes		5000703c
	form		50004616
OBJ 50004616 (sz=56, trace=300447, class=java.lang.invoke.MethodTypeForm@50000b5a)
	argToSlotTable	500010eb
	slotToArgTable	500010ea
	erasedType	50004615
	basicType	50004615
	methodHandles	50004618
	lambdaForms	50004617
ARR 50004617 (sz=88, trace=300450, nelems=0, elem type=java.lang.ref.SoftReference[]@50000b68)
ARR 50004618 (sz=32, trace=300451, nelems=0, elem type=java.lang.ref.SoftReference[]@50000b68)
OBJ 50004619 (sz=32, trace=300452, class=java.lang.invoke.MethodType$ConcurrentWeakInternSet$WeakEntry@50000b5f)
	referent	50004615
	queue		50000b52
OBJ 5000461a (sz=32, trace=300521, class=java.util.concurrent.ConcurrentHashMap$Node@50000021)
	key		50004619
	val		50004619
OBJ 5000461b (sz=32, trace=300452, class=java.lang.invoke.MethodType$ConcurrentWeakInternSet$WeakEntry@50000b5f)
	referent	50004612
	queue		50000b52
OBJ 5000461c (sz=32, trace=300454, class=java.util.concurrent.ConcurrentHashMap$Node@50000021)
	key		5000461b
	val		5000461b
OBJ 5000461d (sz=56, trace=300516, class=java.lang.invoke.MemberName@50000124)
ARR 5000461e (sz=24, trace=300518, nelems=0, elem type=java.lang.Class[]@500000fa)
OBJ 5000461f (sz=40, trace=300519, class=java.lang.invoke.MethodType@50000121)
OBJ 50004620 (sz=32, trace=300443, class=java.lang.invoke.MethodType$ConcurrentWeakInternSet$WeakEntry@50000b5f)
OBJ 50004621 (sz=40, trace=300520, class=java.lang.invoke.MethodType@50000121)
	rtype		50000169
	ptypes		5000702e
	form		50004625
OBJ 50004622 (sz=40, trace=300445, class=java.lang.invoke.MethodType@50000121)
OBJ 50004623 (sz=32, trace=300443, class=java.lang.invoke.MethodType$ConcurrentWeakInternSet$WeakEntry@50000b5f)
OBJ 50004624 (sz=40, trace=300446, class=java.lang.invoke.MethodType@50000121)
	rtype		50000169
	ptypes		5000702f
	form		50004625
	methodDescriptor	50004679
OBJ 50004625 (sz=56, trace=300447, class=java.lang.invoke.MethodTypeForm@50000b5a)
	argToSlotTable	500010eb
	slotToArgTable	500010ea
	erasedType	50004624
	basicType	50004624
	methodHandles	50004627
	lambdaForms	50004626
ARR 50004626 (sz=88, trace=300450, nelems=3, elem type=java.lang.ref.SoftReference[]@50000b68)
	[2]		500047f7
ARR 50004627 (sz=32, trace=300451, nelems=0, elem type=java.lang.ref.SoftReference[]@50000b68)
OBJ 50004628 (sz=32, trace=300452, class=java.lang.invoke.MethodType$ConcurrentWeakInternSet$WeakEntry@50000b5f)
	referent	50004624
	queue		50000b52
OBJ 50004629 (sz=32, trace=300521, class=java.util.concurrent.ConcurrentHashMap$Node@50000021)
	key		50004628
	val		50004628
OBJ 5000462a (sz=32, trace=300452, class=java.lang.invoke.MethodType$ConcurrentWeakInternSet$WeakEntry@50000b5f)
	referent	50004621
	queue		50000b52
OBJ 5000462b (sz=32, trace=300521, class=java.util.concurrent.ConcurrentHashMap$Node@50000021)
	key		5000462a
	val		5000462a
	next		50004725
ARR 5000462c (sz=40, trace=300623, nelems=0, elem type=java.lang.invoke.LambdaForm$Name[]@50000fce)
ARR 5000462d (sz=24, trace=300674, nelems=0, elem type=java.lang.Object[]@500000ff)
ARR 5000462e (sz=24, trace=300675, nelems=1, elem type=java.lang.Object[]@500000ff)
	[0]		50000f65
OBJ 5000462f (sz=32, trace=300676, class=java.lang.invoke.LambdaForm$Name@50000f62)
	type		50000f5a
	function	50001105
	arguments	5000462e
ARR 50004630 (sz=32, trace=300677, nelems=0, elem type=java.lang.Object[]@500000ff)
OBJ 50004631 (sz=24, trace=300678, class=java.lang.invoke.LambdaForm$NamedFunction@50000f99)
	member		5000703a
ARR 50004632 (sz=32, trace=300679, nelems=4, elem type=java.lang.Object[]@500000ff)
	[0]		50000f70
	[1]		50000f67
	[2]		50000f68
	[3]		5000462f
OBJ 50004633 (sz=32, trace=300680, class=java.lang.invoke.LambdaForm$Name@50000f62)
	type		50000f5a
	function	50004631
	arguments	50004632
OBJ 50004634 (sz=24, trace=300681, class=java.lang.StringBuilder@50000118)
ARR 50004635 (sz=48, trace=300682, nelems=0, elem type=char[])
ARR 50004636 (sz=88, trace=300010, nelems=0, elem type=char[])
ARR 50004637 (sz=32, trace=300683, nelems=0, elem type=char[])
OBJ 50004638 (sz=24, trace=300685, class=java.util.Arrays$ArrayList@5000115f)
OBJ 50004639 (sz=24, trace=300686, class=java.util.Collections$UnmodifiableRandomAccessList@500000ca)
OBJ 5000463a (sz=24, trace=300688, class=java.util.Collections$UnmodifiableCollection$1@50001162)
OBJ 5000463b (sz=32, trace=300690, class=java.util.AbstractList$Itr@50001164)
OBJ 5000463c (sz=24, trace=300691, class=java.lang.String@50000165)
ARR 5000463d (sz=32, trace=300692, nelems=0, elem type=char[])
OBJ 5000463e (sz=24, trace=300693, class=java.lang.String@50000165)
	value		5000463f
ARR 5000463f (sz=44, trace=300694, nelems=22, elem type=char[])
OBJ 50004640 (sz=48, trace=300695, class=java.lang.invoke.LambdaForm@50000122)
	names		50007039
	debugName	5000463e
	vmentry		50007038
OBJ 50004641 (sz=24, trace=300696, class=java.lang.StringBuilder@50000118)
ARR 50004642 (sz=32, trace=300697, nelems=0, elem type=char[])
OBJ 50004643 (sz=24, trace=300698, class=java.lang.String@50000165)
ARR 50004644 (sz=32, trace=300699, nelems=0, elem type=char[])
ARR 50004645 (sz=32, trace=300700, nelems=0, elem type=java.lang.Class[]@500000fa)
OBJ 50004646 (sz=40, trace=300701, class=java.lang.invoke.MethodType@50000121)
OBJ 50004647 (sz=32, trace=300443, class=java.lang.invoke.MethodType$ConcurrentWeakInternSet$WeakEntry@50000b5f)
OBJ 50004648 (sz=64, trace=300704, class=java.lang.invoke.InvokerBytecodeGenerator@50001172)
OBJ 50004649 (sz=48, trace=300705, class=java.util.HashMap@500000bd)
OBJ 5000464a (sz=24, trace=300706, class=java.lang.String@50000165)
ARR 5000464b (sz=24, trace=300707, nelems=0, elem type=char[])
OBJ 5000464c (sz=24, trace=300708, class=java.lang.String@50000165)
	value		5000464d
ARR 5000464d (sz=36, trace=300709, nelems=18, elem type=char[])
OBJ 5000464e (sz=24, trace=300710, class=java.lang.StringBuilder@50000118)
ARR 5000464f (sz=48, trace=300711, nelems=0, elem type=char[])
ARR 50004650 (sz=88, trace=300010, nelems=0, elem type=char[])
OBJ 50004651 (sz=24, trace=300712, class=java.lang.String@50000165)
ARR 50004652 (sz=80, trace=300713, nelems=0, elem type=char[])
OBJ 50004653 (sz=24, trace=300714, class=java.lang.StringBuilder@50000118)
ARR 50004654 (sz=48, trace=300715, nelems=0, elem type=char[])
OBJ 50004655 (sz=24, trace=300716, class=java.lang.String@50000165)
ARR 50004656 (sz=48, trace=300717, nelems=0, elem type=char[])
ARR 50004657 (sz=48, trace=300718, nelems=0, elem type=int[])
ARR 50004658 (sz=48, trace=300719, nelems=0, elem type=java.lang.invoke.LambdaForm$BasicType[]@50000f60)
ARR 50004659 (sz=48, trace=300720, nelems=0, elem type=java.lang.Class[]@500000fa)
OBJ 5000465a (sz=168, trace=300723, class=jdk.internal.org.objectweb.asm.ClassWriter@50001187)
OBJ 5000465b (sz=24, trace=300725, class=jdk.internal.org.objectweb.asm.ByteVector@5000118a)
ARR 5000465c (sz=80, trace=300726, nelems=0, elem type=byte[])
ARR 5000465d (sz=1040, trace=300728, nelems=0, elem type=jdk.internal.org.objectweb.asm.Item[]@5000118e)
OBJ 5000465e (sz=56, trace=300729, class=jdk.internal.org.objectweb.asm.Item@5000118d)
OBJ 5000465f (sz=56, trace=300730, class=jdk.internal.org.objectweb.asm.Item@5000118d)
OBJ 50004660 (sz=56, trace=300731, class=jdk.internal.org.objectweb.asm.Item@5000118d)
OBJ 50004661 (sz=56, trace=300732, class=jdk.internal.org.objectweb.asm.Item@5000118d)
OBJ 50004662 (sz=56, trace=300733, class=jdk.internal.org.objectweb.asm.Item@5000118d)
OBJ 50004663 (sz=56, trace=300734, class=jdk.internal.org.objectweb.asm.Item@5000118d)
OBJ 50004664 (sz=56, trace=300733, class=jdk.internal.org.objectweb.asm.Item@5000118d)
OBJ 50004665 (sz=56, trace=300735, class=jdk.internal.org.objectweb.asm.Item@5000118d)
ARR 50004666 (sz=144, trace=300736, nelems=0, elem type=byte[])
OBJ 50004667 (sz=56, trace=300737, class=jdk.internal.org.objectweb.asm.Item@5000118d)
OBJ 50004668 (sz=24, trace=300685, class=java.util.Arrays$ArrayList@5000115f)
OBJ 50004669 (sz=24, trace=300686, class=java.util.Collections$UnmodifiableRandomAccessList@500000ca)
OBJ 5000466a (sz=24, trace=300738, class=java.lang.StringBuilder@50000118)
ARR 5000466b (sz=48, trace=300739, nelems=0, elem type=char[])
OBJ 5000466c (sz=24, trace=300740, class=java.util.Collections$UnmodifiableCollection$1@50001162)
OBJ 5000466d (sz=32, trace=300690, class=java.util.AbstractList$Itr@50001164)
ARR 5000466e (sz=48, trace=300741, nelems=0, elem type=char[])
OBJ 5000466f (sz=24, trace=300742, class=java.lang.String@50000165)
ARR 50004670 (sz=88, trace=300010, nelems=0, elem type=char[])
ARR 50004671 (sz=48, trace=300741, nelems=0, elem type=char[])
OBJ 50004672 (sz=24, trace=300742, class=java.lang.String@50000165)
ARR 50004673 (sz=160, trace=300010, nelems=0, elem type=char[])
ARR 50004674 (sz=48, trace=300741, nelems=0, elem type=char[])
OBJ 50004675 (sz=24, trace=300742, class=java.lang.String@50000165)
ARR 50004676 (sz=48, trace=300743, nelems=0, elem type=char[])
OBJ 50004677 (sz=24, trace=300744, class=java.lang.String@50000165)
ARR 50004678 (sz=304, trace=300010, nelems=0, elem type=char[])
OBJ 50004679 (sz=24, trace=300745, class=java.lang.String@50000165)
	value		5000467a
ARR 5000467a (sz=150, trace=300746, nelems=75, elem type=char[])
OBJ 5000467b (sz=224, trace=300748, class=jdk.internal.org.objectweb.asm.MethodWriter@500011ab)
OBJ 5000467c (sz=24, trace=300749, class=jdk.internal.org.objectweb.asm.ByteVector@5000118a)
ARR 5000467d (sz=80, trace=300750, nelems=0, elem type=byte[])
OBJ 5000467e (sz=56, trace=300751, class=jdk.internal.org.objectweb.asm.Item@5000118d)
ARR 5000467f (sz=272, trace=300752, nelems=0, elem type=byte[])
OBJ 50004680 (sz=56, trace=300753, class=jdk.internal.org.objectweb.asm.Item@5000118d)
OBJ 50004681 (sz=64, trace=300765, class=jdk.internal.org.objectweb.asm.Label@500011bc)
OBJ 50004682 (sz=48, trace=300768, class=jdk.internal.org.objectweb.asm.Frame@500011be)
OBJ 50004683 (sz=24, trace=300769, class=jdk.internal.org.objectweb.asm.ByteVector@5000118a)
ARR 50004684 (sz=80, trace=300770, nelems=0, elem type=byte[])
OBJ 50004685 (sz=56, trace=300771, class=jdk.internal.org.objectweb.asm.Item@5000118d)
OBJ 50004686 (sz=56, trace=300773, class=jdk.internal.org.objectweb.asm.AnnotationWriter@500011c5)
OBJ 50004687 (sz=24, trace=300774, class=jdk.internal.org.objectweb.asm.ByteVector@5000118a)
ARR 50004688 (sz=80, trace=300775, nelems=0, elem type=byte[])
OBJ 50004689 (sz=56, trace=300776, class=jdk.internal.org.objectweb.asm.Item@5000118d)
OBJ 5000468a (sz=56, trace=300773, class=jdk.internal.org.objectweb.asm.AnnotationWriter@500011c5)
OBJ 5000468b (sz=24, trace=300777, class=jdk.internal.org.objectweb.asm.ByteVector@5000118a)
ARR 5000468c (sz=80, trace=300778, nelems=0, elem type=byte[])
ARR 5000468d (sz=528, trace=300779, nelems=0, elem type=byte[])
OBJ 5000468e (sz=56, trace=300780, class=jdk.internal.org.objectweb.asm.Item@5000118d)
OBJ 5000468f (sz=56, trace=300773, class=jdk.internal.org.objectweb.asm.AnnotationWriter@500011c5)
OBJ 50004690 (sz=24, trace=300795, class=java.lang.String@50000165)
ARR 50004691 (sz=56, trace=300462, nelems=0, elem type=char[])
ARR 50004692 (sz=88, trace=300796, nelems=0, elem type=char[])
OBJ 50004693 (sz=24, trace=300797, class=java.lang.String@50000165)
ARR 50004694 (sz=56, trace=300798, nelems=0, elem type=int[])
OBJ 50004695 (sz=56, trace=300733, class=jdk.internal.org.objectweb.asm.Item@5000118d)
OBJ 50004696 (sz=56, trace=300800, class=jdk.internal.org.objectweb.asm.Item@5000118d)
OBJ 50004697 (sz=56, trace=300801, class=jdk.internal.org.objectweb.asm.Item@5000118d)
OBJ 50004698 (sz=56, trace=300802, class=jdk.internal.org.objectweb.asm.Item@5000118d)
OBJ 50004699 (sz=56, trace=300803, class=jdk.internal.org.objectweb.asm.Item@5000118d)
OBJ 5000469a (sz=56, trace=300804, class=jdk.internal.org.objectweb.asm.Item@5000118d)
OBJ 5000469b (sz=24, trace=300805, class=java.lang.String@50000165)
ARR 5000469c (sz=48, trace=300806, nelems=0, elem type=char[])
OBJ 5000469d (sz=56, trace=300807, class=jdk.internal.org.objectweb.asm.Item@5000118d)
ARR 5000469e (sz=80, trace=300808, nelems=0, elem type=jdk.internal.org.objectweb.asm.Item[]@5000118e)
ARR 5000469f (sz=56, trace=300809, nelems=0, elem type=int[])
OBJ 500046a0 (sz=24, trace=300795, class=java.lang.String@50000165)
ARR 500046a1 (sz=40, trace=300462, nelems=0, elem type=char[])
ARR 500046a2 (sz=72, trace=300811, nelems=0, elem type=char[])
OBJ 500046a3 (sz=24, trace=300812, class=java.lang.String@50000165)
OBJ 500046a4 (sz=56, trace=300813, class=jdk.internal.org.objectweb.asm.Item@5000118d)
OBJ 500046a5 (sz=56, trace=300814, class=jdk.internal.org.objectweb.asm.Item@5000118d)
OBJ 500046a6 (sz=56, trace=300815, class=jdk.internal.org.objectweb.asm.Item@5000118d)
OBJ 500046a7 (sz=24, trace=300685, class=java.util.Arrays$ArrayList@5000115f)
OBJ 500046a8 (sz=24, trace=300686, class=java.util.Collections$UnmodifiableRandomAccessList@500000ca)
OBJ 500046a9 (sz=24, trace=300738, class=java.lang.StringBuilder@50000118)
ARR 500046aa (sz=48, trace=300739, nelems=0, elem type=char[])
OBJ 500046ab (sz=24, trace=300740, class=java.util.Collections$UnmodifiableCollection$1@50001162)
OBJ 500046ac (sz=32, trace=300690, class=java.util.AbstractList$Itr@50001164)
ARR 500046ad (sz=48, trace=300741, nelems=0, elem type=char[])
OBJ 500046ae (sz=24, trace=300742, class=java.lang.String@50000165)
ARR 500046af (sz=88, trace=300010, nelems=0, elem type=char[])
ARR 500046b0 (sz=48, trace=300741, nelems=0, elem type=char[])
OBJ 500046b1 (sz=24, trace=300742, class=java.lang.String@50000165)
ARR 500046b2 (sz=160, trace=300010, nelems=0, elem type=char[])
ARR 500046b3 (sz=72, trace=300741, nelems=0, elem type=char[])
OBJ 500046b4 (sz=24, trace=300742, class=java.lang.String@50000165)
ARR 500046b5 (sz=48, trace=300743, nelems=0, elem type=char[])
OBJ 500046b6 (sz=24, trace=300744, class=java.lang.String@50000165)
ARR 500046b7 (sz=304, trace=300010, nelems=0, elem type=char[])
OBJ 500046b8 (sz=24, trace=300745, class=java.lang.String@50000165)
	value		500046b9
ARR 500046b9 (sz=172, trace=300746, nelems=86, elem type=char[])
OBJ 500046ba (sz=56, trace=300733, class=jdk.internal.org.objectweb.asm.Item@5000118d)
OBJ 500046bb (sz=56, trace=300800, class=jdk.internal.org.objectweb.asm.Item@5000118d)
OBJ 500046bc (sz=56, trace=300801, class=jdk.internal.org.objectweb.asm.Item@5000118d)
ARR 500046bd (sz=1040, trace=300816, nelems=0, elem type=byte[])
OBJ 500046be (sz=56, trace=300802, class=jdk.internal.org.objectweb.asm.Item@5000118d)
OBJ 500046bf (sz=56, trace=300803, class=jdk.internal.org.objectweb.asm.Item@5000118d)
OBJ 500046c0 (sz=56, trace=300804, class=jdk.internal.org.objectweb.asm.Item@5000118d)
OBJ 500046c1 (sz=24, trace=300805, class=java.lang.String@50000165)
ARR 500046c2 (sz=48, trace=300806, nelems=0, elem type=char[])
OBJ 500046c3 (sz=64, trace=300817, class=jdk.internal.org.objectweb.asm.Label@500011bc)
OBJ 500046c4 (sz=48, trace=300818, class=jdk.internal.org.objectweb.asm.Frame@500011be)
ARR 500046c5 (sz=168, trace=300819, nelems=0, elem type=char[])
ARR 500046c6 (sz=32, trace=300820, nelems=0, elem type=jdk.internal.org.objectweb.asm.Type[]@50001222)
OBJ 500046c7 (sz=32, trace=300821, class=jdk.internal.org.objectweb.asm.Type@500011b2)
OBJ 500046c8 (sz=32, trace=300821, class=jdk.internal.org.objectweb.asm.Type@500011b2)
OBJ 500046c9 (sz=32, trace=300821, class=jdk.internal.org.objectweb.asm.Type@500011b2)
ARR 500046ca (sz=40, trace=300822, nelems=0, elem type=int[])
ARR 500046cb (sz=16, trace=300823, nelems=0, elem type=int[])
OBJ 500046cc (sz=24, trace=300824, class=java.lang.StringBuffer@50000119)
ARR 500046cd (sz=48, trace=300825, nelems=0, elem type=char[])
ARR 500046ce (sz=88, trace=300826, nelems=0, elem type=char[])
ARR 500046cf (sz=56, trace=300827, nelems=0, elem type=char[])
OBJ 500046d0 (sz=24, trace=300828, class=java.lang.String@50000165)
OBJ 500046d1 (sz=24, trace=300829, class=java.lang.String@50000165)
ARR 500046d2 (sz=48, trace=300806, nelems=0, elem type=char[])
OBJ 500046d3 (sz=24, trace=300824, class=java.lang.StringBuffer@50000119)
ARR 500046d4 (sz=48, trace=300825, nelems=0, elem type=char[])
ARR 500046d5 (sz=24, trace=300827, nelems=0, elem type=char[])
OBJ 500046d6 (sz=24, trace=300828, class=java.lang.String@50000165)
OBJ 500046d7 (sz=24, trace=300824, class=java.lang.StringBuffer@50000119)
ARR 500046d8 (sz=48, trace=300825, nelems=0, elem type=char[])
ARR 500046d9 (sz=88, trace=300826, nelems=0, elem type=char[])
ARR 500046da (sz=56, trace=300827, nelems=0, elem type=char[])
OBJ 500046db (sz=24, trace=300828, class=java.lang.String@50000165)
OBJ 500046dc (sz=24, trace=300829, class=java.lang.String@50000165)
ARR 500046dd (sz=48, trace=300806, nelems=0, elem type=char[])
OBJ 500046de (sz=24, trace=300824, class=java.lang.StringBuffer@50000119)
ARR 500046df (sz=48, trace=300825, nelems=0, elem type=char[])
ARR 500046e0 (sz=88, trace=300826, nelems=0, elem type=char[])
ARR 500046e1 (sz=56, trace=300827, nelems=0, elem type=char[])
OBJ 500046e2 (sz=24, trace=300828, class=java.lang.String@50000165)
OBJ 500046e3 (sz=24, trace=300829, class=java.lang.String@50000165)
ARR 500046e4 (sz=48, trace=300806, nelems=0, elem type=char[])
ARR 500046e5 (sz=48, trace=300830, nelems=0, elem type=int[])
ARR 500046e6 (sz=24, trace=300831, nelems=0, elem type=java.lang.Object[]@500000ff)
OBJ 500046e7 (sz=56, trace=300832, class=jdk.internal.org.objectweb.asm.Item@5000118d)
OBJ 500046e8 (sz=56, trace=300833, class=jdk.internal.org.objectweb.asm.Item@5000118d)
OBJ 500046e9 (sz=56, trace=300834, class=jdk.internal.org.objectweb.asm.Item@5000118d)
OBJ 500046ea (sz=24, trace=300835, class=jdk.internal.org.objectweb.asm.ByteVector@5000118a)
ARR 500046eb (sz=744, trace=300836, nelems=0, elem type=byte[])
ARR 500046ec (sz=128, trace=300837, nelems=0, elem type=java.lang.Object[]@500000ff)
OBJ 500046ed (sz=16, trace=300839, class=java.util.HashMap$Values@5000123e)
OBJ 500046ee (sz=40, trace=300841, class=java.util.HashMap$ValueIterator@50001241)
OBJ 500046f0 (sz=56, trace=300843, class=java.lang.invoke.MemberName@50000124)
OBJ 500046f1 (sz=40, trace=300844, class=java.lang.ref.SoftReference@50000149)
	referent	50004640
	queue		50006b4d
OBJ 500046f2 (sz=32, trace=300865, class=java.lang.invoke.DirectMethodHandle@50000125)
	type		500045fd
	form		50004640
	member		5000703d
ARR 500046f3 (sz=24, trace=301038, nelems=0, elem type=java.lang.Class[]@500000fa)
OBJ 500046f4 (sz=40, trace=300519, class=java.lang.invoke.MethodType@50000121)
OBJ 500046f5 (sz=32, trace=300443, class=java.lang.invoke.MethodType$ConcurrentWeakInternSet$WeakEntry@50000b5f)
ARR 500046f6 (sz=40, trace=301039, nelems=0, elem type=java.lang.invoke.LambdaForm$Name[]@50000fce)
OBJ 500046f7 (sz=32, trace=301040, class=java.lang.invoke.LambdaForm$Name@50000f62)
	type		50000f5a
	constraint	50002302
ARR 500046f8 (sz=24, trace=301041, nelems=0, elem type=java.lang.Object[]@500000ff)
ARR 500046f9 (sz=24, trace=300907, nelems=0, elem type=java.lang.Class[]@500000fa)
OBJ 500046fa (sz=40, trace=300860, class=java.lang.invoke.MethodType@50000121)
OBJ 500046fb (sz=32, trace=300443, class=java.lang.invoke.MethodType$ConcurrentWeakInternSet$WeakEntry@50000b5f)
ARR 500046fc (sz=24, trace=301042, nelems=1, elem type=java.lang.Object[]@500000ff)
	[0]		500046f7
OBJ 500046fd (sz=32, trace=301043, class=java.lang.invoke.LambdaForm$Name@50000f62)
	type		50000f5a
	function	5000230a
	arguments	500046fc
ARR 500046fe (sz=32, trace=301044, nelems=0, elem type=java.lang.Object[]@500000ff)
OBJ 500046ff (sz=24, trace=301045, class=java.lang.invoke.LambdaForm$NamedFunction@50000f99)
	member		5000702d
	resolvedHandle	500047f8
OBJ 50004700 (sz=24, trace=301064, class=java.lang.invoke.Invokers@50000b5b)
	targetType	50004604
	invokers	50004701
ARR 50004701 (sz=32, trace=301065, nelems=3, elem type=java.lang.invoke.MethodHandle[]@5000018c)
	[2]		500047f8
OBJ 50004702 (sz=56, trace=301066, class=java.lang.invoke.MemberName@50000124)
ARR 50004703 (sz=24, trace=301067, nelems=0, elem type=java.lang.Class[]@500000fa)
OBJ 50004704 (sz=40, trace=300857, class=java.lang.invoke.MethodType@50000121)
OBJ 50004705 (sz=32, trace=300443, class=java.lang.invoke.MethodType$ConcurrentWeakInternSet$WeakEntry@50000b5f)
ARR 50004706 (sz=24, trace=300859, nelems=0, elem type=java.lang.Class[]@500000fa)
OBJ 50004707 (sz=40, trace=300860, class=java.lang.invoke.MethodType@50000121)
OBJ 50004708 (sz=32, trace=300443, class=java.lang.invoke.MethodType$ConcurrentWeakInternSet$WeakEntry@50000b5f)
ARR 50004709 (sz=24, trace=300512, nelems=0, elem type=java.lang.Class[]@500000fa)
OBJ 5000470a (sz=40, trace=300514, class=java.lang.invoke.MethodType@50000121)
OBJ 5000470b (sz=32, trace=300443, class=java.lang.invoke.MethodType$ConcurrentWeakInternSet$WeakEntry@50000b5f)
OBJ 5000470c (sz=40, trace=300515, class=java.lang.invoke.MethodType@50000121)
	rtype		50000169
	ptypes		50007033
	form		50004710
	methodDescriptor	500047b6
OBJ 5000470d (sz=40, trace=300445, class=java.lang.invoke.MethodType@50000121)
OBJ 5000470e (sz=32, trace=300443, class=java.lang.invoke.MethodType$ConcurrentWeakInternSet$WeakEntry@50000b5f)
OBJ 5000470f (sz=40, trace=300446, class=java.lang.invoke.MethodType@50000121)
	rtype		50000169
	ptypes		50007034
	form		50004710
OBJ 50004710 (sz=56, trace=300447, class=java.lang.invoke.MethodTypeForm@50000b5a)
	argToSlotTable	50001f35
	slotToArgTable	50001f34
	erasedType	5000470f
	basicType	5000470f
	methodHandles	50004712
	lambdaForms	50004711
ARR 50004711 (sz=88, trace=300450, nelems=0, elem type=java.lang.ref.SoftReference[]@50000b68)
ARR 50004712 (sz=32, trace=300451, nelems=0, elem type=java.lang.ref.SoftReference[]@50000b68)
OBJ 50004713 (sz=32, trace=300452, class=java.lang.invoke.MethodType$ConcurrentWeakInternSet$WeakEntry@50000b5f)
	referent	5000470f
	queue		50000b52
OBJ 50004714 (sz=32, trace=300521, class=java.util.concurrent.ConcurrentHashMap$Node@50000021)
	key		50004713
	val		50004713
OBJ 50004715 (sz=32, trace=300452, class=java.lang.invoke.MethodType$ConcurrentWeakInternSet$WeakEntry@50000b5f)
	referent	5000470c
	queue		50000b52
OBJ 50004716 (sz=32, trace=300454, class=java.util.concurrent.ConcurrentHashMap$Node@50000021)
	key		50004715
	val		50004715
OBJ 50004717 (sz=56, trace=300516, class=java.lang.invoke.MemberName@50000124)
ARR 50004718 (sz=24, trace=300518, nelems=0, elem type=java.lang.Class[]@500000fa)
OBJ 50004719 (sz=40, trace=300519, class=java.lang.invoke.MethodType@50000121)
OBJ 5000471a (sz=32, trace=300443, class=java.lang.invoke.MethodType$ConcurrentWeakInternSet$WeakEntry@50000b5f)
OBJ 5000471b (sz=40, trace=300520, class=java.lang.invoke.MethodType@50000121)
	rtype		50000169
	ptypes		5000707a
	form		5000471f
OBJ 5000471c (sz=40, trace=300445, class=java.lang.invoke.MethodType@50000121)
OBJ 5000471d (sz=32, trace=300443, class=java.lang.invoke.MethodType$ConcurrentWeakInternSet$WeakEntry@50000b5f)
OBJ 5000471e (sz=40, trace=300446, class=java.lang.invoke.MethodType@50000121)
	rtype		50000169
	ptypes		50007035
	form		5000471f
	methodDescriptor	50004775
OBJ 5000471f (sz=56, trace=300447, class=java.lang.invoke.MethodTypeForm@50000b5a)
	argToSlotTable	50001f35
	slotToArgTable	50001f34
	erasedType	5000471e
	basicType	5000471e
	methodHandles	50004721
	lambdaForms	50004720
ARR 50004720 (sz=88, trace=300450, nelems=0, elem type=java.lang.ref.SoftReference[]@50000b68)
ARR 50004721 (sz=32, trace=300451, nelems=0, elem type=java.lang.ref.SoftReference[]@50000b68)
OBJ 50004722 (sz=32, trace=300452, class=java.lang.invoke.MethodType$ConcurrentWeakInternSet$WeakEntry@50000b5f)
	referent	5000471e
	queue		50000b52
OBJ 50004723 (sz=32, trace=300521, class=java.util.concurrent.ConcurrentHashMap$Node@50000021)
	key		50004722
	val		50004722
OBJ 50004724 (sz=32, trace=300452, class=java.lang.invoke.MethodType$ConcurrentWeakInternSet$WeakEntry@50000b5f)
	referent	5000471b
	queue		50000b52
OBJ 50004725 (sz=32, trace=300521, class=java.util.concurrent.ConcurrentHashMap$Node@50000021)
	key		50004724
	val		50004724
ARR 50004726 (sz=48, trace=300623, nelems=0, elem type=java.lang.invoke.LambdaForm$Name[]@50000fce)
ARR 50004727 (sz=24, trace=300674, nelems=0, elem type=java.lang.Object[]@500000ff)
ARR 50004728 (sz=24, trace=300675, nelems=1, elem type=java.lang.Object[]@500000ff)
	[0]		50000f65
OBJ 50004729 (sz=32, trace=300676, class=java.lang.invoke.LambdaForm$Name@50000f62)
	type		50000f5a
	function	50001105
	arguments	50004728
ARR 5000472a (sz=40, trace=300677, nelems=0, elem type=java.lang.Object[]@500000ff)
OBJ 5000472b (sz=24, trace=300678, class=java.lang.invoke.LambdaForm$NamedFunction@50000f99)
	member		50007032
ARR 5000472c (sz=40, trace=300679, nelems=5, elem type=java.lang.Object[]@500000ff)
	[0]		50000f66
	[1]		50000f71
	[2]		50000f68
	[3]		50000f69
	[4]		50004729
OBJ 5000472d (sz=32, trace=300680, class=java.lang.invoke.LambdaForm$Name@50000f62)
	type		50000f5a
	function	5000472b
	arguments	5000472c
OBJ 5000472e (sz=24, trace=300681, class=java.lang.StringBuilder@50000118)
ARR 5000472f (sz=48, trace=300682, nelems=0, elem type=char[])
ARR 50004730 (sz=88, trace=300010, nelems=0, elem type=char[])
ARR 50004731 (sz=32, trace=300683, nelems=0, elem type=char[])
OBJ 50004732 (sz=24, trace=300685, class=java.util.Arrays$ArrayList@5000115f)
OBJ 50004733 (sz=24, trace=300686, class=java.util.Collections$UnmodifiableRandomAccessList@500000ca)
OBJ 50004734 (sz=24, trace=300688, class=java.util.Collections$UnmodifiableCollection$1@50001162)
OBJ 50004735 (sz=32, trace=300690, class=java.util.AbstractList$Itr@50001164)
OBJ 50004736 (sz=24, trace=300691, class=java.lang.String@50000165)
ARR 50004737 (sz=32, trace=300692, nelems=0, elem type=char[])
OBJ 50004738 (sz=24, trace=300693, class=java.lang.String@50000165)
	value		50004739
ARR 50004739 (sz=48, trace=300694, nelems=24, elem type=char[])
OBJ 5000473a (sz=48, trace=300695, class=java.lang.invoke.LambdaForm@50000122)
	names		50007031
	debugName	50004738
	vmentry		50007030
OBJ 5000473b (sz=24, trace=300696, class=java.lang.StringBuilder@50000118)
ARR 5000473c (sz=32, trace=300697, nelems=0, elem type=char[])
OBJ 5000473d (sz=24, trace=300698, class=java.lang.String@50000165)
ARR 5000473e (sz=32, trace=300699, nelems=0, elem type=char[])
ARR 5000473f (sz=40, trace=300700, nelems=0, elem type=java.lang.Class[]@500000fa)
OBJ 50004740 (sz=40, trace=300701, class=java.lang.invoke.MethodType@50000121)
OBJ 50004741 (sz=32, trace=300443, class=java.lang.invoke.MethodType$ConcurrentWeakInternSet$WeakEntry@50000b5f)
OBJ 50004742 (sz=64, trace=300704, class=java.lang.invoke.InvokerBytecodeGenerator@50001172)
OBJ 50004743 (sz=48, trace=300705, class=java.util.HashMap@500000bd)
OBJ 50004744 (sz=24, trace=300706, class=java.lang.String@50000165)
ARR 50004745 (sz=24, trace=300707, nelems=0, elem type=char[])
OBJ 50004746 (sz=24, trace=300708, class=java.lang.String@50000165)
	value		50004747
ARR 50004747 (sz=40, trace=300709, nelems=20, elem type=char[])
OBJ 50004748 (sz=24, trace=300710, class=java.lang.StringBuilder@50000118)
ARR 50004749 (sz=48, trace=300711, nelems=0, elem type=char[])
ARR 5000474a (sz=88, trace=300010, nelems=0, elem type=char[])
OBJ 5000474b (sz=24, trace=300712, class=java.lang.String@50000165)
ARR 5000474c (sz=80, trace=300713, nelems=0, elem type=char[])
OBJ 5000474d (sz=24, trace=300714, class=java.lang.StringBuilder@50000118)
ARR 5000474e (sz=48, trace=300715, nelems=0, elem type=char[])
OBJ 5000474f (sz=24, trace=300716, class=java.lang.String@50000165)
ARR 50004750 (sz=48, trace=300717, nelems=0, elem type=char[])
ARR 50004751 (sz=48, trace=300718, nelems=0, elem type=int[])
ARR 50004752 (sz=48, trace=300719, nelems=0, elem type=java.lang.invoke.LambdaForm$BasicType[]@50000f60)
ARR 50004753 (sz=48, trace=300720, nelems=0, elem type=java.lang.Class[]@500000fa)
OBJ 50004754 (sz=168, trace=300723, class=jdk.internal.org.objectweb.asm.ClassWriter@50001187)
OBJ 50004755 (sz=24, trace=300725, class=jdk.internal.org.objectweb.asm.ByteVector@5000118a)
ARR 50004756 (sz=80, trace=300726, nelems=0, elem type=byte[])
ARR 50004757 (sz=1040, trace=300728, nelems=0, elem type=jdk.internal.org.objectweb.asm.Item[]@5000118e)
OBJ 50004758 (sz=56, trace=300729, class=jdk.internal.org.objectweb.asm.Item@5000118d)
OBJ 50004759 (sz=56, trace=300730, class=jdk.internal.org.objectweb.asm.Item@5000118d)
OBJ 5000475a (sz=56, trace=300731, class=jdk.internal.org.objectweb.asm.Item@5000118d)
OBJ 5000475b (sz=56, trace=300732, class=jdk.internal.org.objectweb.asm.Item@5000118d)
OBJ 5000475c (sz=56, trace=300733, class=jdk.internal.org.objectweb.asm.Item@5000118d)
OBJ 5000475d (sz=56, trace=300734, class=jdk.internal.org.objectweb.asm.Item@5000118d)
OBJ 5000475e (sz=56, trace=300733, class=jdk.internal.org.objectweb.asm.Item@5000118d)
OBJ 5000475f (sz=56, trace=300735, class=jdk.internal.org.objectweb.asm.Item@5000118d)
ARR 50004760 (sz=144, trace=300736, nelems=0, elem type=byte[])
OBJ 50004761 (sz=56, trace=300737, class=jdk.internal.org.objectweb.asm.Item@5000118d)
OBJ 50004762 (sz=24, trace=300685, class=java.util.Arrays$ArrayList@5000115f)
OBJ 50004763 (sz=24, trace=300686, class=java.util.Collections$UnmodifiableRandomAccessList@500000ca)
OBJ 50004764 (sz=24, trace=300738, class=java.lang.StringBuilder@50000118)
ARR 50004765 (sz=48, trace=300739, nelems=0, elem type=char[])
OBJ 50004766 (sz=24, trace=300740, class=java.util.Collections$UnmodifiableCollection$1@50001162)
OBJ 50004767 (sz=32, trace=300690, class=java.util.AbstractList$Itr@50001164)
ARR 50004768 (sz=48, trace=300741, nelems=0, elem type=char[])
OBJ 50004769 (sz=24, trace=300742, class=java.lang.String@50000165)
ARR 5000476a (sz=88, trace=300010, nelems=0, elem type=char[])
ARR 5000476b (sz=48, trace=300741, nelems=0, elem type=char[])
OBJ 5000476c (sz=24, trace=300742, class=java.lang.String@50000165)
ARR 5000476d (sz=160, trace=300010, nelems=0, elem type=char[])
ARR 5000476e (sz=48, trace=300741, nelems=0, elem type=char[])
OBJ 5000476f (sz=24, trace=300742, class=java.lang.String@50000165)
ARR 50004770 (sz=48, trace=300741, nelems=0, elem type=char[])
OBJ 50004771 (sz=24, trace=300742, class=java.lang.String@50000165)
ARR 50004772 (sz=304, trace=300010, nelems=0, elem type=char[])
ARR 50004773 (sz=48, trace=300743, nelems=0, elem type=char[])
OBJ 50004774 (sz=24, trace=300744, class=java.lang.String@50000165)
OBJ 50004775 (sz=24, trace=300745, class=java.lang.String@50000165)
	value		50004776
ARR 50004776 (sz=186, trace=300746, nelems=93, elem type=char[])
OBJ 50004777 (sz=224, trace=300748, class=jdk.internal.org.objectweb.asm.MethodWriter@500011ab)
OBJ 50004778 (sz=24, trace=300749, class=jdk.internal.org.objectweb.asm.ByteVector@5000118a)
ARR 50004779 (sz=80, trace=300750, nelems=0, elem type=byte[])
OBJ 5000477a (sz=56, trace=300751, class=jdk.internal.org.objectweb.asm.Item@5000118d)
ARR 5000477b (sz=272, trace=300752, nelems=0, elem type=byte[])
OBJ 5000477c (sz=56, trace=300753, class=jdk.internal.org.objectweb.asm.Item@5000118d)
OBJ 5000477d (sz=64, trace=300765, class=jdk.internal.org.objectweb.asm.Label@500011bc)
OBJ 5000477e (sz=48, trace=300768, class=jdk.internal.org.objectweb.asm.Frame@500011be)
OBJ 5000477f (sz=24, trace=300769, class=jdk.internal.org.objectweb.asm.ByteVector@5000118a)
ARR 50004780 (sz=80, trace=300770, nelems=0, elem type=byte[])
OBJ 50004781 (sz=56, trace=300771, class=jdk.internal.org.objectweb.asm.Item@5000118d)
OBJ 50004782 (sz=56, trace=300773, class=jdk.internal.org.objectweb.asm.AnnotationWriter@500011c5)
OBJ 50004783 (sz=24, trace=300774, class=jdk.internal.org.objectweb.asm.ByteVector@5000118a)
ARR 50004784 (sz=80, trace=300775, nelems=0, elem type=byte[])
ARR 50004785 (sz=528, trace=300779, nelems=0, elem type=byte[])
OBJ 50004786 (sz=56, trace=300776, class=jdk.internal.org.objectweb.asm.Item@5000118d)
OBJ 50004787 (sz=56, trace=300773, class=jdk.internal.org.objectweb.asm.AnnotationWriter@500011c5)
OBJ 50004788 (sz=24, trace=300777, class=jdk.internal.org.objectweb.asm.ByteVector@5000118a)
ARR 50004789 (sz=80, trace=300778, nelems=0, elem type=byte[])
OBJ 5000478a (sz=56, trace=300780, class=jdk.internal.org.objectweb.asm.Item@5000118d)
OBJ 5000478b (sz=56, trace=300773, class=jdk.internal.org.objectweb.asm.AnnotationWriter@500011c5)
OBJ 5000478c (sz=24, trace=300795, class=java.lang.String@50000165)
ARR 5000478d (sz=56, trace=300462, nelems=0, elem type=char[])
ARR 5000478e (sz=88, trace=300796, nelems=0, elem type=char[])
OBJ 5000478f (sz=24, trace=300797, class=java.lang.String@50000165)
ARR 50004790 (sz=56, trace=300798, nelems=0, elem type=int[])
OBJ 50004791 (sz=56, trace=300733, class=jdk.internal.org.objectweb.asm.Item@5000118d)
OBJ 50004792 (sz=56, trace=300800, class=jdk.internal.org.objectweb.asm.Item@5000118d)
OBJ 50004793 (sz=56, trace=300801, class=jdk.internal.org.objectweb.asm.Item@5000118d)
OBJ 50004794 (sz=56, trace=300802, class=jdk.internal.org.objectweb.asm.Item@5000118d)
OBJ 50004795 (sz=56, trace=300803, class=jdk.internal.org.objectweb.asm.Item@5000118d)
OBJ 50004796 (sz=56, trace=300804, class=jdk.internal.org.objectweb.asm.Item@5000118d)
OBJ 50004797 (sz=24, trace=300805, class=java.lang.String@50000165)
ARR 50004798 (sz=48, trace=300806, nelems=0, elem type=char[])
OBJ 50004799 (sz=56, trace=300807, class=jdk.internal.org.objectweb.asm.Item@5000118d)
ARR 5000479a (sz=80, trace=300808, nelems=0, elem type=jdk.internal.org.objectweb.asm.Item[]@5000118e)
ARR 5000479b (sz=56, trace=300809, nelems=0, elem type=int[])
OBJ 5000479c (sz=24, trace=300795, class=java.lang.String@50000165)
ARR 5000479d (sz=40, trace=300462, nelems=0, elem type=char[])
ARR 5000479e (sz=72, trace=300811, nelems=0, elem type=char[])
OBJ 5000479f (sz=24, trace=300812, class=java.lang.String@50000165)
OBJ 500047a0 (sz=56, trace=300813, class=jdk.internal.org.objectweb.asm.Item@5000118d)
OBJ 500047a1 (sz=56, trace=300814, class=jdk.internal.org.objectweb.asm.Item@5000118d)
OBJ 500047a2 (sz=56, trace=300815, class=jdk.internal.org.objectweb.asm.Item@5000118d)
OBJ 500047a3 (sz=24, trace=300685, class=java.util.Arrays$ArrayList@5000115f)
OBJ 500047a4 (sz=24, trace=300686, class=java.util.Collections$UnmodifiableRandomAccessList@500000ca)
OBJ 500047a5 (sz=24, trace=300738, class=java.lang.StringBuilder@50000118)
ARR 500047a6 (sz=48, trace=300739, nelems=0, elem type=char[])
OBJ 500047a7 (sz=24, trace=300740, class=java.util.Collections$UnmodifiableCollection$1@50001162)
OBJ 500047a8 (sz=32, trace=300690, class=java.util.AbstractList$Itr@50001164)
ARR 500047a9 (sz=48, trace=300741, nelems=0, elem type=char[])
OBJ 500047aa (sz=24, trace=300742, class=java.lang.String@50000165)
ARR 500047ab (sz=88, trace=300010, nelems=0, elem type=char[])
ARR 500047ac (sz=48, trace=300741, nelems=0, elem type=char[])
OBJ 500047ad (sz=24, trace=300742, class=java.lang.String@50000165)
ARR 500047ae (sz=160, trace=300010, nelems=0, elem type=char[])
ARR 500047af (sz=48, trace=300741, nelems=0, elem type=char[])
OBJ 500047b0 (sz=24, trace=300742, class=java.lang.String@50000165)
ARR 500047b1 (sz=72, trace=300741, nelems=0, elem type=char[])
OBJ 500047b2 (sz=24, trace=300742, class=java.lang.String@50000165)
ARR 500047b3 (sz=304, trace=300010, nelems=0, elem type=char[])
ARR 500047b4 (sz=48, trace=300743, nelems=0, elem type=char[])
OBJ 500047b5 (sz=24, trace=300744, class=java.lang.String@50000165)
OBJ 500047b6 (sz=24, trace=300745, class=java.lang.String@50000165)
	value		500047b7
ARR 500047b7 (sz=208, trace=300746, nelems=104, elem type=char[])
OBJ 500047b8 (sz=56, trace=300733, class=jdk.internal.org.objectweb.asm.Item@5000118d)
OBJ 500047b9 (sz=56, trace=300800, class=jdk.internal.org.objectweb.asm.Item@5000118d)
OBJ 500047ba (sz=56, trace=300801, class=jdk.internal.org.objectweb.asm.Item@5000118d)
ARR 500047bb (sz=1040, trace=300816, nelems=0, elem type=byte[])
OBJ 500047bc (sz=56, trace=300802, class=jdk.internal.org.objectweb.asm.Item@5000118d)
OBJ 500047bd (sz=56, trace=300803, class=jdk.internal.org.objectweb.asm.Item@5000118d)
OBJ 500047be (sz=56, trace=300804, class=jdk.internal.org.objectweb.asm.Item@5000118d)
OBJ 500047bf (sz=24, trace=300805, class=java.lang.String@50000165)
ARR 500047c0 (sz=48, trace=300806, nelems=0, elem type=char[])
OBJ 500047c1 (sz=64, trace=300817, class=jdk.internal.org.objectweb.asm.Label@500011bc)
OBJ 500047c2 (sz=48, trace=300818, class=jdk.internal.org.objectweb.asm.Frame@500011be)
ARR 500047c3 (sz=208, trace=300819, nelems=0, elem type=char[])
ARR 500047c4 (sz=40, trace=300820, nelems=0, elem type=jdk.internal.org.objectweb.asm.Type[]@50001222)
OBJ 500047c5 (sz=32, trace=300821, class=jdk.internal.org.objectweb.asm.Type@500011b2)
OBJ 500047c6 (sz=32, trace=300821, class=jdk.internal.org.objectweb.asm.Type@500011b2)
OBJ 500047c7 (sz=32, trace=300821, class=jdk.internal.org.objectweb.asm.Type@500011b2)
OBJ 500047c8 (sz=32, trace=300821, class=jdk.internal.org.objectweb.asm.Type@500011b2)
ARR 500047c9 (sz=40, trace=300822, nelems=0, elem type=int[])
ARR 500047ca (sz=16, trace=300823, nelems=0, elem type=int[])
OBJ 500047cb (sz=24, trace=300824, class=java.lang.StringBuffer@50000119)
ARR 500047cc (sz=48, trace=300825, nelems=0, elem type=char[])
ARR 500047cd (sz=88, trace=300826, nelems=0, elem type=char[])
ARR 500047ce (sz=56, trace=300827, nelems=0, elem type=char[])
OBJ 500047cf (sz=24, trace=300828, class=java.lang.String@50000165)
OBJ 500047d0 (sz=24, trace=300829, class=java.lang.String@50000165)
ARR 500047d1 (sz=48, trace=300806, nelems=0, elem type=char[])
OBJ 500047d2 (sz=24, trace=300824, class=java.lang.StringBuffer@50000119)
ARR 500047d3 (sz=48, trace=300825, nelems=0, elem type=char[])
ARR 500047d4 (sz=88, trace=300826, nelems=0, elem type=char[])
ARR 500047d5 (sz=56, trace=300827, nelems=0, elem type=char[])
OBJ 500047d6 (sz=24, trace=300828, class=java.lang.String@50000165)
OBJ 500047d7 (sz=24, trace=300829, class=java.lang.String@50000165)
ARR 500047d8 (sz=48, trace=300806, nelems=0, elem type=char[])
OBJ 500047d9 (sz=24, trace=300824, class=java.lang.StringBuffer@50000119)
ARR 500047da (sz=48, trace=300825, nelems=0, elem type=char[])
ARR 500047db (sz=24, trace=300827, nelems=0, elem type=char[])
OBJ 500047dc (sz=24, trace=300828, class=java.lang.String@50000165)
OBJ 500047dd (sz=24, trace=300824, class=java.lang.StringBuffer@50000119)
ARR 500047de (sz=48, trace=300825, nelems=0, elem type=char[])
ARR 500047df (sz=88, trace=300826, nelems=0, elem type=char[])
ARR 500047e0 (sz=56, trace=300827, nelems=0, elem type=char[])
OBJ 500047e1 (sz=24, trace=300828, class=java.lang.String@50000165)
OBJ 500047e2 (sz=24, trace=300829, class=java.lang.String@50000165)
ARR 500047e3 (sz=48, trace=300806, nelems=0, elem type=char[])
OBJ 500047e4 (sz=24, trace=300824, class=java.lang.StringBuffer@50000119)
ARR 500047e5 (sz=48, trace=300825, nelems=0, elem type=char[])
ARR 500047e6 (sz=88, trace=300826, nelems=0, elem type=char[])
ARR 500047e7 (sz=56, trace=300827, nelems=0, elem type=char[])
OBJ 500047e8 (sz=24, trace=300828, class=java.lang.String@50000165)
OBJ 500047e9 (sz=24, trace=300829, class=java.lang.String@50000165)
ARR 500047ea (sz=48, trace=300806, nelems=0, elem type=char[])
ARR 500047eb (sz=48, trace=300830, nelems=0, elem type=int[])
ARR 500047ec (sz=24, trace=300831, nelems=0, elem type=java.lang.Object[]@500000ff)
OBJ 500047ed (sz=56, trace=300832, class=jdk.internal.org.objectweb.asm.Item@5000118d)
OBJ 500047ee (sz=56, trace=300833, class=jdk.internal.org.objectweb.asm.Item@5000118d)
OBJ 500047ef (sz=56, trace=300834, class=jdk.internal.org.objectweb.asm.Item@5000118d)
OBJ 500047f0 (sz=24, trace=300835, class=jdk.internal.org.objectweb.asm.ByteVector@5000118a)
ARR 500047f1 (sz=784, trace=300836, nelems=0, elem type=byte[])
ARR 500047f2 (sz=128, trace=300837, nelems=0, elem type=java.lang.Object[]@500000ff)
OBJ 500047f3 (sz=16, trace=300839, class=java.util.HashMap$Values@5000123e)
OBJ 500047f4 (sz=40, trace=300841, class=java.util.HashMap$ValueIterator@50001241)
OBJ 500047f6 (sz=56, trace=300843, class=java.lang.invoke.MemberName@50000124)
OBJ 500047f7 (sz=40, trace=300844, class=java.lang.ref.SoftReference@50000149)
	referent	5000473a
	queue		50006b4d
OBJ 500047f8 (sz=32, trace=300845, class=java.lang.invoke.DirectMethodHandle@50000125)
	type		50004621
	form		5000473a
	member		5000702d
OBJ 500047f9 (sz=40, trace=301012, class=java.lang.ref.SoftReference@50000149)
	referent	500047f8
	queue		50006b4d
ARR 500047fa (sz=32, trace=301068, nelems=4, elem type=java.lang.Object[]@500000ff)
	[0]		500046fd
	[1]		50000f70
	[2]		50000f67
	[3]		50000f68
OBJ 500047fb (sz=32, trace=301069, class=java.lang.invoke.LambdaForm$Name@50000f62)
	type		50000f5a
	function	500046ff
	arguments	500047fa
OBJ 500047fc (sz=48, trace=301070, class=java.lang.invoke.LambdaForm@50000122)
	names		50007037
	debugName	50006e2d
	vmentry		50007036
OBJ 500047fd (sz=40, trace=300844, class=java.lang.ref.SoftReference@50000149)
	referent	500047fc
	queue		50006b4d
OBJ 500047fe (sz=40, trace=301098, class=java.lang.invoke.MethodHandleImpl$IntrinsicMethodHandle@500026a0)
	type		500045fd
	form		500047fc
	target		500046f2
	intrinsicName	500011d1
OBJ 500047ff (sz=24, trace=300696, class=java.lang.StringBuilder@50000118)
ARR 50004800 (sz=32, trace=300697, nelems=0, elem type=char[])
OBJ 50004801 (sz=24, trace=300698, class=java.lang.String@50000165)
ARR 50004802 (sz=32, trace=300699, nelems=0, elem type=char[])
ARR 50004803 (sz=32, trace=300938, nelems=0, elem type=java.lang.Class[]@500000fa)
OBJ 50004804 (sz=40, trace=300701, class=java.lang.invoke.MethodType@50000121)
OBJ 50004805 (sz=32, trace=300443, class=java.lang.invoke.MethodType$ConcurrentWeakInternSet$WeakEntry@50000b5f)
OBJ 50004806 (sz=64, trace=300704, class=java.lang.invoke.InvokerBytecodeGenerator@50001172)
OBJ 50004807 (sz=48, trace=300705, class=java.util.HashMap@500000bd)
OBJ 50004808 (sz=24, trace=300706, class=java.lang.String@50000165)
ARR 50004809 (sz=24, trace=300707, nelems=0, elem type=char[])
OBJ 5000480a (sz=24, trace=300708, class=java.lang.String@50000165)
	value		5000480b
ARR 5000480b (sz=16, trace=300709, nelems=8, elem type=char[])
OBJ 5000480c (sz=24, trace=300710, class=java.lang.StringBuilder@50000118)
ARR 5000480d (sz=48, trace=300711, nelems=0, elem type=char[])
ARR 5000480e (sz=88, trace=300010, nelems=0, elem type=char[])
OBJ 5000480f (sz=24, trace=300712, class=java.lang.String@50000165)
ARR 50004810 (sz=80, trace=300713, nelems=0, elem type=char[])
OBJ 50004811 (sz=24, trace=300714, class=java.lang.StringBuilder@50000118)
ARR 50004812 (sz=48, trace=300715, nelems=0, elem type=char[])
OBJ 50004813 (sz=24, trace=300716, class=java.lang.String@50000165)
ARR 50004814 (sz=48, trace=300717, nelems=0, elem type=char[])
ARR 50004815 (sz=48, trace=300718, nelems=0, elem type=int[])
ARR 50004816 (sz=48, trace=300719, nelems=0, elem type=java.lang.invoke.LambdaForm$BasicType[]@50000f60)
ARR 50004817 (sz=48, trace=300720, nelems=0, elem type=java.lang.Class[]@500000fa)
OBJ 50004818 (sz=168, trace=300723, class=jdk.internal.org.objectweb.asm.ClassWriter@50001187)
OBJ 50004819 (sz=24, trace=300725, class=jdk.internal.org.objectweb.asm.ByteVector@5000118a)
ARR 5000481a (sz=80, trace=300726, nelems=0, elem type=byte[])
ARR 5000481b (sz=1040, trace=300728, nelems=0, elem type=jdk.internal.org.objectweb.asm.Item[]@5000118e)
OBJ 5000481c (sz=56, trace=300729, class=jdk.internal.org.objectweb.asm.Item@5000118d)
OBJ 5000481d (sz=56, trace=300730, class=jdk.internal.org.objectweb.asm.Item@5000118d)
OBJ 5000481e (sz=56, trace=300731, class=jdk.internal.org.objectweb.asm.Item@5000118d)
OBJ 5000481f (sz=56, trace=300732, class=jdk.internal.org.objectweb.asm.Item@5000118d)
OBJ 50004820 (sz=56, trace=300733, class=jdk.internal.org.objectweb.asm.Item@5000118d)
OBJ 50004821 (sz=56, trace=300734, class=jdk.internal.org.objectweb.asm.Item@5000118d)
OBJ 50004822 (sz=56, trace=300733, class=jdk.internal.org.objectweb.asm.Item@5000118d)
OBJ 50004823 (sz=56, trace=300735, class=jdk.internal.org.objectweb.asm.Item@5000118d)
ARR 50004824 (sz=144, trace=300736, nelems=0, elem type=byte[])
OBJ 50004825 (sz=56, trace=300737, class=jdk.internal.org.objectweb.asm.Item@5000118d)
OBJ 50004826 (sz=224, trace=300748, class=jdk.internal.org.objectweb.asm.MethodWriter@500011ab)
OBJ 50004827 (sz=24, trace=300749, class=jdk.internal.org.objectweb.asm.ByteVector@5000118a)
ARR 50004828 (sz=80, trace=300750, nelems=0, elem type=byte[])
OBJ 50004829 (sz=56, trace=300751, class=jdk.internal.org.objectweb.asm.Item@5000118d)
ARR 5000482a (sz=272, trace=300752, nelems=0, elem type=byte[])
OBJ 5000482b (sz=56, trace=300753, class=jdk.internal.org.objectweb.asm.Item@5000118d)
OBJ 5000482c (sz=64, trace=300765, class=jdk.internal.org.objectweb.asm.Label@500011bc)
OBJ 5000482d (sz=48, trace=300768, class=jdk.internal.org.objectweb.asm.Frame@500011be)
OBJ 5000482e (sz=24, trace=300769, class=jdk.internal.org.objectweb.asm.ByteVector@5000118a)
ARR 5000482f (sz=80, trace=300770, nelems=0, elem type=byte[])
OBJ 50004830 (sz=56, trace=300771, class=jdk.internal.org.objectweb.asm.Item@5000118d)
OBJ 50004831 (sz=56, trace=300773, class=jdk.internal.org.objectweb.asm.AnnotationWriter@500011c5)
OBJ 50004832 (sz=24, trace=300774, class=jdk.internal.org.objectweb.asm.ByteVector@5000118a)
ARR 50004833 (sz=80, trace=300775, nelems=0, elem type=byte[])
OBJ 50004834 (sz=56, trace=300776, class=jdk.internal.org.objectweb.asm.Item@5000118d)
OBJ 50004835 (sz=56, trace=300773, class=jdk.internal.org.objectweb.asm.AnnotationWriter@500011c5)
OBJ 50004836 (sz=24, trace=300777, class=jdk.internal.org.objectweb.asm.ByteVector@5000118a)
ARR 50004837 (sz=80, trace=300778, nelems=0, elem type=byte[])
ARR 50004838 (sz=528, trace=300779, nelems=0, elem type=byte[])
OBJ 50004839 (sz=56, trace=300780, class=jdk.internal.org.objectweb.asm.Item@5000118d)
OBJ 5000483a (sz=56, trace=300773, class=jdk.internal.org.objectweb.asm.AnnotationWriter@500011c5)
OBJ 5000483b (sz=24, trace=300795, class=java.lang.String@50000165)
ARR 5000483c (sz=64, trace=300462, nelems=0, elem type=char[])
ARR 5000483d (sz=96, trace=300796, nelems=0, elem type=char[])
OBJ 5000483e (sz=24, trace=300797, class=java.lang.String@50000165)
ARR 5000483f (sz=24, trace=300920, nelems=0, elem type=java.lang.Class[]@500000fa)
OBJ 50004840 (sz=40, trace=300860, class=java.lang.invoke.MethodType@50000121)
OBJ 50004841 (sz=32, trace=300443, class=java.lang.invoke.MethodType$ConcurrentWeakInternSet$WeakEntry@50000b5f)
ARR 50004842 (sz=56, trace=300798, nelems=0, elem type=int[])
ARR 50004843 (sz=96, trace=300811, nelems=0, elem type=char[])
OBJ 50004844 (sz=24, trace=300812, class=java.lang.String@50000165)
OBJ 50004845 (sz=56, trace=300813, class=jdk.internal.org.objectweb.asm.Item@5000118d)
OBJ 50004846 (sz=56, trace=300814, class=jdk.internal.org.objectweb.asm.Item@5000118d)
OBJ 50004847 (sz=56, trace=300815, class=jdk.internal.org.objectweb.asm.Item@5000118d)
ARR 50004848 (sz=80, trace=301072, nelems=0, elem type=jdk.internal.org.objectweb.asm.Item[]@5000118e)
OBJ 50004849 (sz=56, trace=300801, class=jdk.internal.org.objectweb.asm.Item@5000118d)
OBJ 5000484a (sz=56, trace=300802, class=jdk.internal.org.objectweb.asm.Item@5000118d)
OBJ 5000484b (sz=56, trace=300803, class=jdk.internal.org.objectweb.asm.Item@5000118d)
OBJ 5000484c (sz=56, trace=300804, class=jdk.internal.org.objectweb.asm.Item@5000118d)
OBJ 5000484d (sz=24, trace=300805, class=java.lang.String@50000165)
ARR 5000484e (sz=80, trace=300806, nelems=0, elem type=char[])
OBJ 5000484f (sz=56, trace=300807, class=jdk.internal.org.objectweb.asm.Item@5000118d)
ARR 50004850 (sz=24, trace=300931, nelems=0, elem type=java.lang.Class[]@500000fa)
OBJ 50004851 (sz=40, trace=300860, class=java.lang.invoke.MethodType@50000121)
OBJ 50004852 (sz=32, trace=300443, class=java.lang.invoke.MethodType$ConcurrentWeakInternSet$WeakEntry@50000b5f)
ARR 50004853 (sz=56, trace=300809, nelems=0, elem type=int[])
OBJ 50004854 (sz=24, trace=300795, class=java.lang.String@50000165)
ARR 50004855 (sz=40, trace=300462, nelems=0, elem type=char[])
OBJ 50004856 (sz=24, trace=300685, class=java.util.Arrays$ArrayList@5000115f)
OBJ 50004857 (sz=24, trace=300686, class=java.util.Collections$UnmodifiableRandomAccessList@500000ca)
OBJ 50004858 (sz=24, trace=300738, class=java.lang.StringBuilder@50000118)
ARR 50004859 (sz=48, trace=300739, nelems=0, elem type=char[])
OBJ 5000485a (sz=24, trace=300740, class=java.util.Collections$UnmodifiableCollection$1@50001162)
OBJ 5000485b (sz=32, trace=300690, class=java.util.AbstractList$Itr@50001164)
ARR 5000485c (sz=48, trace=300741, nelems=0, elem type=char[])
OBJ 5000485d (sz=24, trace=300742, class=java.lang.String@50000165)
ARR 5000485e (sz=88, trace=300010, nelems=0, elem type=char[])
ARR 5000485f (sz=48, trace=300741, nelems=0, elem type=char[])
OBJ 50004860 (sz=24, trace=300742, class=java.lang.String@50000165)
ARR 50004861 (sz=160, trace=300010, nelems=0, elem type=char[])
ARR 50004862 (sz=48, trace=300743, nelems=0, elem type=char[])
OBJ 50004863 (sz=24, trace=300744, class=java.lang.String@50000165)
OBJ 50004864 (sz=24, trace=300745, class=java.lang.String@50000165)
	value		50004865
ARR 50004865 (sz=114, trace=300746, nelems=57, elem type=char[])
OBJ 50004866 (sz=56, trace=300733, class=jdk.internal.org.objectweb.asm.Item@5000118d)
OBJ 50004867 (sz=56, trace=300800, class=jdk.internal.org.objectweb.asm.Item@5000118d)
OBJ 50004868 (sz=56, trace=300801, class=jdk.internal.org.objectweb.asm.Item@5000118d)
OBJ 50004869 (sz=56, trace=300802, class=jdk.internal.org.objectweb.asm.Item@5000118d)
OBJ 5000486a (sz=56, trace=300803, class=jdk.internal.org.objectweb.asm.Item@5000118d)
OBJ 5000486b (sz=56, trace=300804, class=jdk.internal.org.objectweb.asm.Item@5000118d)
OBJ 5000486c (sz=24, trace=300805, class=java.lang.String@50000165)
ARR 5000486d (sz=48, trace=300806, nelems=0, elem type=char[])
OBJ 5000486e (sz=56, trace=300807, class=jdk.internal.org.objectweb.asm.Item@5000118d)
ARR 5000486f (sz=24, trace=300931, nelems=0, elem type=java.lang.Class[]@500000fa)
OBJ 50004870 (sz=40, trace=300860, class=java.lang.invoke.MethodType@50000121)
OBJ 50004871 (sz=32, trace=300443, class=java.lang.invoke.MethodType$ConcurrentWeakInternSet$WeakEntry@50000b5f)
OBJ 50004872 (sz=64, trace=300817, class=jdk.internal.org.objectweb.asm.Label@500011bc)
OBJ 50004873 (sz=48, trace=300818, class=jdk.internal.org.objectweb.asm.Frame@500011be)
ARR 50004874 (sz=168, trace=300819, nelems=0, elem type=char[])
ARR 50004875 (sz=32, trace=300820, nelems=0, elem type=jdk.internal.org.objectweb.asm.Type[]@50001222)
OBJ 50004876 (sz=32, trace=300821, class=jdk.internal.org.objectweb.asm.Type@500011b2)
OBJ 50004877 (sz=32, trace=300821, class=jdk.internal.org.objectweb.asm.Type@500011b2)
OBJ 50004878 (sz=32, trace=300821, class=jdk.internal.org.objectweb.asm.Type@500011b2)
ARR 50004879 (sz=40, trace=300822, nelems=0, elem type=int[])
ARR 5000487a (sz=16, trace=300823, nelems=0, elem type=int[])
OBJ 5000487b (sz=24, trace=300824, class=java.lang.StringBuffer@50000119)
ARR 5000487c (sz=48, trace=300825, nelems=0, elem type=char[])
ARR 5000487d (sz=88, trace=300826, nelems=0, elem type=char[])
ARR 5000487e (sz=56, trace=300827, nelems=0, elem type=char[])
OBJ 5000487f (sz=24, trace=300828, class=java.lang.String@50000165)
OBJ 50004880 (sz=24, trace=300829, class=java.lang.String@50000165)
ARR 50004881 (sz=48, trace=300806, nelems=0, elem type=char[])
OBJ 50004882 (sz=24, trace=300824, class=java.lang.StringBuffer@50000119)
ARR 50004883 (sz=48, trace=300825, nelems=0, elem type=char[])
ARR 50004884 (sz=24, trace=300827, nelems=0, elem type=char[])
OBJ 50004885 (sz=24, trace=300828, class=java.lang.String@50000165)
OBJ 50004886 (sz=24, trace=300824, class=java.lang.StringBuffer@50000119)
ARR 50004887 (sz=48, trace=300825, nelems=0, elem type=char[])
ARR 50004888 (sz=88, trace=300826, nelems=0, elem type=char[])
ARR 50004889 (sz=56, trace=300827, nelems=0, elem type=char[])
OBJ 5000488a (sz=24, trace=300828, class=java.lang.String@50000165)
OBJ 5000488b (sz=24, trace=300829, class=java.lang.String@50000165)
ARR 5000488c (sz=48, trace=300806, nelems=0, elem type=char[])
OBJ 5000488d (sz=24, trace=300824, class=java.lang.StringBuffer@50000119)
ARR 5000488e (sz=48, trace=300825, nelems=0, elem type=char[])
ARR 5000488f (sz=88, trace=300826, nelems=0, elem type=char[])
ARR 50004890 (sz=56, trace=300827, nelems=0, elem type=char[])
OBJ 50004891 (sz=24, trace=300828, class=java.lang.String@50000165)
OBJ 50004892 (sz=24, trace=300829, class=java.lang.String@50000165)
ARR 50004893 (sz=48, trace=300806, nelems=0, elem type=char[])
ARR 50004894 (sz=48, trace=300830, nelems=0, elem type=int[])
ARR 50004895 (sz=24, trace=300940, nelems=0, elem type=java.lang.Object[]@500000ff)
OBJ 50004896 (sz=56, trace=300832, class=jdk.internal.org.objectweb.asm.Item@5000118d)
ARR 50004897 (sz=1040, trace=300951, nelems=0, elem type=byte[])
OBJ 50004898 (sz=56, trace=300833, class=jdk.internal.org.objectweb.asm.Item@5000118d)
OBJ 50004899 (sz=56, trace=300834, class=jdk.internal.org.objectweb.asm.Item@5000118d)
OBJ 5000489a (sz=24, trace=300835, class=jdk.internal.org.objectweb.asm.ByteVector@5000118a)
ARR 5000489b (sz=664, trace=300836, nelems=0, elem type=byte[])
ARR 5000489c (sz=120, trace=300837, nelems=0, elem type=java.lang.Object[]@500000ff)
OBJ 5000489d (sz=16, trace=300839, class=java.util.HashMap$Values@5000123e)
OBJ 5000489e (sz=40, trace=300841, class=java.util.HashMap$ValueIterator@50001241)
OBJ 500048a0 (sz=56, trace=300843, class=java.lang.invoke.MemberName@50000124)
OBJ 500048a1 (sz=16, trace=301168, class=java.lang.invoke.LambdaFormEditor@500043e6)
OBJ 500048a2 (sz=56, trace=301187, class=java.lang.invoke.LambdaFormEditor$Transform@500043f9)
OBJ 500048a3 (sz=48, trace=301189, class=java.lang.invoke.LambdaFormBuffer@500043fc)
ARR 500048a4 (sz=16, trace=301190, nelems=0, elem type=java.lang.invoke.LambdaForm$Name[]@50000fce)
OBJ 500048a5 (sz=24, trace=301191, class=java.lang.invoke.LambdaForm$NamedFunction@50000f99)
	member		50006f13
	resolvedHandle	50002758
ARR 500048a6 (sz=16, trace=301192, nelems=0, elem type=java.lang.Object[]@500000ff)
OBJ 500048a7 (sz=32, trace=301193, class=java.lang.invoke.LambdaForm$Name@50000f62)
	type		50000f5a
	function	500048a5
	arguments	500048a6
OBJ 500048a8 (sz=24, trace=301194, class=java.util.ArrayList@500000d4)
ARR 500048a9 (sz=56, trace=300237, nelems=0, elem type=java.lang.Object[]@500000ff)
ARR 500048aa (sz=24, trace=301195, nelems=2, elem type=java.lang.Object[]@500000ff)
	[0]		50002558
	[1]		500048a7
OBJ 500048ab (sz=32, trace=301196, class=java.lang.invoke.LambdaForm$Name@50000f62)
	type		50000f5a
	function	5000255a
	arguments	500048aa
OBJ 500048ac (sz=32, trace=301197, class=java.util.ArrayList$Itr@50001c93)
ARR 500048ad (sz=24, trace=301198, nelems=0, elem type=java.lang.invoke.LambdaForm$Name[]@50000fce)
OBJ 500048ae (sz=48, trace=301199, class=java.lang.invoke.LambdaForm@50000122)
	names		50006f12
	debugName	50006e2f
	vmentry		50006f11
OBJ 500048af (sz=56, trace=301187, class=java.lang.invoke.LambdaFormEditor$Transform@500043f9)
	referent	500048ae
	queue		50006b4d
OBJ 500048b0 (sz=32, trace=301200, class=java.lang.invoke.BoundMethodHandle$Species_L@500010a3)
	type		50000f9f
	form		500048ae
	argL0		50002301
OBJ 500048b1 (sz=24, trace=300696, class=java.lang.StringBuilder@50000118)
ARR 500048b2 (sz=24, trace=300697, nelems=0, elem type=char[])
OBJ 500048b3 (sz=24, trace=300698, class=java.lang.String@50000165)
ARR 500048b4 (sz=24, trace=300699, nelems=0, elem type=char[])
ARR 500048b5 (sz=24, trace=300938, nelems=0, elem type=java.lang.Class[]@500000fa)
OBJ 500048b6 (sz=40, trace=300701, class=java.lang.invoke.MethodType@50000121)
OBJ 500048b7 (sz=32, trace=300443, class=java.lang.invoke.MethodType$ConcurrentWeakInternSet$WeakEntry@50000b5f)
OBJ 500048b8 (sz=64, trace=300704, class=java.lang.invoke.InvokerBytecodeGenerator@50001172)
OBJ 500048b9 (sz=48, trace=300705, class=java.util.HashMap@500000bd)
OBJ 500048ba (sz=24, trace=300706, class=java.lang.String@50000165)
ARR 500048bb (sz=24, trace=300707, nelems=0, elem type=char[])
OBJ 500048bc (sz=24, trace=300708, class=java.lang.String@50000165)
	value		500048bd
ARR 500048bd (sz=16, trace=300709, nelems=8, elem type=char[])
OBJ 500048be (sz=24, trace=300710, class=java.lang.StringBuilder@50000118)
ARR 500048bf (sz=48, trace=300711, nelems=0, elem type=char[])
ARR 500048c0 (sz=88, trace=300010, nelems=0, elem type=char[])
OBJ 500048c1 (sz=24, trace=300712, class=java.lang.String@50000165)
ARR 500048c2 (sz=80, trace=300713, nelems=0, elem type=char[])
OBJ 500048c3 (sz=24, trace=300714, class=java.lang.StringBuilder@50000118)
ARR 500048c4 (sz=48, trace=300715, nelems=0, elem type=char[])
OBJ 500048c5 (sz=24, trace=300716, class=java.lang.String@50000165)
ARR 500048c6 (sz=48, trace=300717, nelems=0, elem type=char[])
ARR 500048c7 (sz=40, trace=300718, nelems=0, elem type=int[])
ARR 500048c8 (sz=40, trace=300719, nelems=0, elem type=java.lang.invoke.LambdaForm$BasicType[]@50000f60)
ARR 500048c9 (sz=40, trace=300720, nelems=0, elem type=java.lang.Class[]@500000fa)
OBJ 500048ca (sz=168, trace=300723, class=jdk.internal.org.objectweb.asm.ClassWriter@50001187)
OBJ 500048cb (sz=24, trace=300725, class=jdk.internal.org.objectweb.asm.ByteVector@5000118a)
ARR 500048cc (sz=80, trace=300726, nelems=0, elem type=byte[])
ARR 500048cd (sz=1040, trace=300728, nelems=0, elem type=jdk.internal.org.objectweb.asm.Item[]@5000118e)
OBJ 500048ce (sz=56, trace=300729, class=jdk.internal.org.objectweb.asm.Item@5000118d)
OBJ 500048cf (sz=56, trace=300730, class=jdk.internal.org.objectweb.asm.Item@5000118d)
OBJ 500048d0 (sz=56, trace=300731, class=jdk.internal.org.objectweb.asm.Item@5000118d)
OBJ 500048d1 (sz=56, trace=300732, class=jdk.internal.org.objectweb.asm.Item@5000118d)
OBJ 500048d2 (sz=56, trace=300733, class=jdk.internal.org.objectweb.asm.Item@5000118d)
OBJ 500048d3 (sz=56, trace=300734, class=jdk.internal.org.objectweb.asm.Item@5000118d)
OBJ 500048d4 (sz=56, trace=300733, class=jdk.internal.org.objectweb.asm.Item@5000118d)
OBJ 500048d5 (sz=56, trace=300735, class=jdk.internal.org.objectweb.asm.Item@5000118d)
ARR 500048d6 (sz=144, trace=300736, nelems=0, elem type=byte[])
OBJ 500048d7 (sz=56, trace=300737, class=jdk.internal.org.objectweb.asm.Item@5000118d)
OBJ 500048d8 (sz=224, trace=300748, class=jdk.internal.org.objectweb.asm.MethodWriter@500011ab)
OBJ 500048d9 (sz=24, trace=300749, class=jdk.internal.org.objectweb.asm.ByteVector@5000118a)
ARR 500048da (sz=80, trace=300750, nelems=0, elem type=byte[])
OBJ 500048db (sz=56, trace=300751, class=jdk.internal.org.objectweb.asm.Item@5000118d)
OBJ 500048dc (sz=56, trace=300753, class=jdk.internal.org.objectweb.asm.Item@5000118d)
OBJ 500048dd (sz=64, trace=300765, class=jdk.internal.org.objectweb.asm.Label@500011bc)
OBJ 500048de (sz=48, trace=300768, class=jdk.internal.org.objectweb.asm.Frame@500011be)
OBJ 500048df (sz=24, trace=300769, class=jdk.internal.org.objectweb.asm.ByteVector@5000118a)
ARR 500048e0 (sz=80, trace=300770, nelems=0, elem type=byte[])
ARR 500048e1 (sz=272, trace=301101, nelems=0, elem type=byte[])
OBJ 500048e2 (sz=56, trace=300771, class=jdk.internal.org.objectweb.asm.Item@5000118d)
OBJ 500048e3 (sz=56, trace=300773, class=jdk.internal.org.objectweb.asm.AnnotationWriter@500011c5)
OBJ 500048e4 (sz=24, trace=300774, class=jdk.internal.org.objectweb.asm.ByteVector@5000118a)
ARR 500048e5 (sz=80, trace=300775, nelems=0, elem type=byte[])
OBJ 500048e6 (sz=56, trace=300776, class=jdk.internal.org.objectweb.asm.Item@5000118d)
OBJ 500048e7 (sz=56, trace=300773, class=jdk.internal.org.objectweb.asm.AnnotationWriter@500011c5)
OBJ 500048e8 (sz=24, trace=300777, class=jdk.internal.org.objectweb.asm.ByteVector@5000118a)
ARR 500048e9 (sz=80, trace=300778, nelems=0, elem type=byte[])
OBJ 500048ea (sz=56, trace=300780, class=jdk.internal.org.objectweb.asm.Item@5000118d)
OBJ 500048eb (sz=56, trace=300773, class=jdk.internal.org.objectweb.asm.AnnotationWriter@500011c5)
OBJ 500048ec (sz=24, trace=301219, class=java.lang.StringBuilder@50000118)
ARR 500048ed (sz=48, trace=301220, nelems=0, elem type=char[])
ARR 500048ee (sz=88, trace=300010, nelems=0, elem type=char[])
OBJ 500048ef (sz=24, trace=301221, class=java.lang.String@50000165)
ARR 500048f0 (sz=64, trace=300924, nelems=0, elem type=char[])
ARR 500048f1 (sz=528, trace=300944, nelems=0, elem type=byte[])
OBJ 500048f2 (sz=56, trace=300925, class=jdk.internal.org.objectweb.asm.Item@5000118d)
OBJ 500048f3 (sz=56, trace=300926, class=jdk.internal.org.objectweb.asm.Item@5000118d)
OBJ 500048f4 (sz=32, trace=301222, class=java.lang.invoke.InvokerBytecodeGenerator$CpPatch@5000170e)
ARR 500048f5 (sz=80, trace=300929, nelems=0, elem type=java.util.HashMap$Node[]@500000b9)
OBJ 500048f6 (sz=32, trace=300239, class=java.util.HashMap$Node@500000bb)
OBJ 500048f7 (sz=56, trace=300930, class=jdk.internal.org.objectweb.asm.Item@5000118d)
ARR 500048f8 (sz=80, trace=300946, nelems=0, elem type=jdk.internal.org.objectweb.asm.Item[]@5000118e)
ARR 500048f9 (sz=56, trace=301223, nelems=0, elem type=int[])
OBJ 500048fa (sz=56, trace=300813, class=jdk.internal.org.objectweb.asm.Item@5000118d)
OBJ 500048fb (sz=56, trace=300814, class=jdk.internal.org.objectweb.asm.Item@5000118d)
OBJ 500048fc (sz=24, trace=301224, class=java.lang.String@50000165)
ARR 500048fd (sz=48, trace=301225, nelems=0, elem type=char[])
OBJ 500048fe (sz=56, trace=301226, class=jdk.internal.org.objectweb.asm.Item@5000118d)
ARR 500048ff (sz=56, trace=300809, nelems=0, elem type=int[])
OBJ 50004900 (sz=24, trace=301078, class=java.lang.String@50000165)
ARR 50004901 (sz=40, trace=301079, nelems=0, elem type=char[])
OBJ 50004902 (sz=24, trace=301080, class=java.lang.String@50000165)
ARR 50004903 (sz=40, trace=301081, nelems=0, elem type=char[])
OBJ 50004904 (sz=40, trace=300872, class=java.lang.invoke.MethodType@50000121)
OBJ 50004905 (sz=32, trace=300443, class=java.lang.invoke.MethodType$ConcurrentWeakInternSet$WeakEntry@50000b5f)
ARR 50004906 (sz=104, trace=300796, nelems=0, elem type=char[])
OBJ 50004907 (sz=24, trace=300797, class=java.lang.String@50000165)
ARR 50004908 (sz=104, trace=300811, nelems=0, elem type=char[])
OBJ 50004909 (sz=24, trace=300812, class=java.lang.String@50000165)
OBJ 5000490a (sz=56, trace=300813, class=jdk.internal.org.objectweb.asm.Item@5000118d)
OBJ 5000490b (sz=56, trace=300814, class=jdk.internal.org.objectweb.asm.Item@5000118d)
OBJ 5000490c (sz=56, trace=300815, class=jdk.internal.org.objectweb.asm.Item@5000118d)
OBJ 5000490d (sz=24, trace=301082, class=java.lang.StringBuilder@50000118)
ARR 5000490e (sz=48, trace=301083, nelems=0, elem type=char[])
ARR 5000490f (sz=48, trace=301084, nelems=0, elem type=char[])
OBJ 50004910 (sz=24, trace=301085, class=java.lang.String@50000165)
ARR 50004911 (sz=88, trace=300010, nelems=0, elem type=char[])
OBJ 50004912 (sz=24, trace=301086, class=java.lang.String@50000165)
ARR 50004913 (sz=56, trace=301087, nelems=0, elem type=char[])
OBJ 50004914 (sz=56, trace=300801, class=jdk.internal.org.objectweb.asm.Item@5000118d)
OBJ 50004915 (sz=56, trace=300802, class=jdk.internal.org.objectweb.asm.Item@5000118d)
OBJ 50004916 (sz=56, trace=301088, class=jdk.internal.org.objectweb.asm.Item@5000118d)
OBJ 50004917 (sz=56, trace=301089, class=jdk.internal.org.objectweb.asm.Item@5000118d)
OBJ 50004918 (sz=24, trace=300805, class=java.lang.String@50000165)
ARR 50004919 (sz=48, trace=300806, nelems=0, elem type=char[])
OBJ 5000491a (sz=40, trace=300872, class=java.lang.invoke.MethodType@50000121)
OBJ 5000491b (sz=32, trace=300443, class=java.lang.invoke.MethodType$ConcurrentWeakInternSet$WeakEntry@50000b5f)
ARR 5000491c (sz=24, trace=300931, nelems=0, elem type=java.lang.Class[]@500000fa)
OBJ 5000491d (sz=40, trace=300860, class=java.lang.invoke.MethodType@50000121)
OBJ 5000491e (sz=32, trace=300443, class=java.lang.invoke.MethodType$ConcurrentWeakInternSet$WeakEntry@50000b5f)
OBJ 5000491f (sz=24, trace=300795, class=java.lang.String@50000165)
ARR 50004920 (sz=40, trace=300462, nelems=0, elem type=char[])
OBJ 50004921 (sz=56, trace=300813, class=jdk.internal.org.objectweb.asm.Item@5000118d)
OBJ 50004922 (sz=56, trace=300814, class=jdk.internal.org.objectweb.asm.Item@5000118d)
OBJ 50004923 (sz=56, trace=300815, class=jdk.internal.org.objectweb.asm.Item@5000118d)
OBJ 50004924 (sz=56, trace=300801, class=jdk.internal.org.objectweb.asm.Item@5000118d)
OBJ 50004925 (sz=56, trace=300803, class=jdk.internal.org.objectweb.asm.Item@5000118d)
OBJ 50004926 (sz=56, trace=300804, class=jdk.internal.org.objectweb.asm.Item@5000118d)
OBJ 50004927 (sz=24, trace=300805, class=java.lang.String@50000165)
ARR 50004928 (sz=48, trace=300806, nelems=0, elem type=char[])
ARR 50004929 (sz=24, trace=300931, nelems=0, elem type=java.lang.Class[]@500000fa)
OBJ 5000492a (sz=40, trace=300860, class=java.lang.invoke.MethodType@50000121)
OBJ 5000492b (sz=32, trace=300443, class=java.lang.invoke.MethodType$ConcurrentWeakInternSet$WeakEntry@50000b5f)
OBJ 5000492c (sz=64, trace=300817, class=jdk.internal.org.objectweb.asm.Label@500011bc)
OBJ 5000492d (sz=48, trace=300818, class=jdk.internal.org.objectweb.asm.Frame@500011be)
ARR 5000492e (sz=96, trace=300819, nelems=0, elem type=char[])
ARR 5000492f (sz=24, trace=300820, nelems=0, elem type=jdk.internal.org.objectweb.asm.Type[]@50001222)
OBJ 50004930 (sz=32, trace=300821, class=jdk.internal.org.objectweb.asm.Type@500011b2)
ARR 50004931 (sz=32, trace=300822, nelems=0, elem type=int[])
ARR 50004932 (sz=16, trace=300823, nelems=0, elem type=int[])
OBJ 50004933 (sz=24, trace=300824, class=java.lang.StringBuffer@50000119)
ARR 50004934 (sz=48, trace=300825, nelems=0, elem type=char[])
ARR 50004935 (sz=88, trace=300826, nelems=0, elem type=char[])
ARR 50004936 (sz=56, trace=300827, nelems=0, elem type=char[])
OBJ 50004937 (sz=24, trace=300828, class=java.lang.String@50000165)
OBJ 50004938 (sz=24, trace=300829, class=java.lang.String@50000165)
ARR 50004939 (sz=48, trace=300806, nelems=0, elem type=char[])
ARR 5000493a (sz=32, trace=300830, nelems=0, elem type=int[])
ARR 5000493b (sz=24, trace=300940, nelems=0, elem type=java.lang.Object[]@500000ff)
OBJ 5000493c (sz=56, trace=300832, class=jdk.internal.org.objectweb.asm.Item@5000118d)
OBJ 5000493d (sz=56, trace=300833, class=jdk.internal.org.objectweb.asm.Item@5000118d)
OBJ 5000493e (sz=56, trace=300834, class=jdk.internal.org.objectweb.asm.Item@5000118d)
OBJ 5000493f (sz=24, trace=300835, class=jdk.internal.org.objectweb.asm.ByteVector@5000118a)
ARR 50004940 (sz=608, trace=300836, nelems=0, elem type=byte[])
ARR 50004941 (sz=136, trace=300837, nelems=0, elem type=java.lang.Object[]@500000ff)
OBJ 50004942 (sz=16, trace=300839, class=java.util.HashMap$Values@5000123e)
OBJ 50004943 (sz=40, trace=300841, class=java.util.HashMap$ValueIterator@50001241)
OBJ 50004945 (sz=56, trace=300843, class=java.lang.invoke.MemberName@50000124)
OBJ 50004946 (sz=56, trace=300039, class=java.lang.Class$ReflectionData@500000a8)
OBJ 50004947 (sz=40, trace=300040, class=java.lang.ref.SoftReference@50000149)
OBJ 50004948 (sz=72, trace=300041, class=java.lang.reflect.Field@50000138)
OBJ 50004949 (sz=24, trace=301246, class=java.lang.invoke.MethodHandles$Lookup@50000b4e)
OBJ 5000494a (sz=40, trace=301247, class=java.lang.invoke.MethodType@50000121)
OBJ 5000494b (sz=32, trace=300443, class=java.lang.invoke.MethodType$ConcurrentWeakInternSet$WeakEntry@50000b5f)
OBJ 5000494c (sz=40, trace=301248, class=java.lang.invoke.MethodType@50000121)
	rtype		50000169
	ptypes		50007052
	form		50000b65
OBJ 5000494d (sz=40, trace=300445, class=java.lang.invoke.MethodType@50000121)
OBJ 5000494e (sz=32, trace=300443, class=java.lang.invoke.MethodType$ConcurrentWeakInternSet$WeakEntry@50000b5f)
OBJ 5000494f (sz=32, trace=300452, class=java.lang.invoke.MethodType$ConcurrentWeakInternSet$WeakEntry@50000b5f)
	referent	5000494c
	queue		50000b52
OBJ 50004950 (sz=32, trace=300454, class=java.util.concurrent.ConcurrentHashMap$Node@50000021)
	key		5000494f
	val		5000494f
ARR 50004951 (sz=24, trace=301202, nelems=0, elem type=java.lang.Class[]@500000fa)
OBJ 50004952 (sz=40, trace=300519, class=java.lang.invoke.MethodType@50000121)
OBJ 50004953 (sz=32, trace=300443, class=java.lang.invoke.MethodType$ConcurrentWeakInternSet$WeakEntry@50000b5f)
ARR 50004954 (sz=24, trace=301203, nelems=0, elem type=java.lang.Class[]@500000fa)
OBJ 50004955 (sz=40, trace=300514, class=java.lang.invoke.MethodType@50000121)
OBJ 50004956 (sz=32, trace=300443, class=java.lang.invoke.MethodType$ConcurrentWeakInternSet$WeakEntry@50000b5f)
OBJ 50004957 (sz=40, trace=300515, class=java.lang.invoke.MethodType@50000121)
	rtype		50000169
	ptypes		50007072
	form		50002ffe
OBJ 50004958 (sz=40, trace=300445, class=java.lang.invoke.MethodType@50000121)
OBJ 50004959 (sz=32, trace=300443, class=java.lang.invoke.MethodType$ConcurrentWeakInternSet$WeakEntry@50000b5f)
OBJ 5000495a (sz=32, trace=300452, class=java.lang.invoke.MethodType$ConcurrentWeakInternSet$WeakEntry@50000b5f)
	referent	50004957
	queue		50000b52
OBJ 5000495b (sz=32, trace=300521, class=java.util.concurrent.ConcurrentHashMap$Node@50000021)
	key		5000495a
	val		5000495a
ARR 5000495c (sz=64, trace=301204, nelems=0, elem type=java.lang.invoke.LambdaForm$Name[]@50000fce)
ARR 5000495d (sz=48, trace=301205, nelems=0, elem type=java.lang.Object[]@500000ff)
ARR 5000495e (sz=24, trace=301206, nelems=0, elem type=java.lang.Object[]@500000ff)
ARR 5000495f (sz=24, trace=301207, nelems=2, elem type=java.lang.Object[]@500000ff)
	[0]		50000f65
	[1]		50000f6c
OBJ 50004960 (sz=32, trace=301208, class=java.lang.invoke.LambdaForm$Name@50000f62)
	type		50000f5a
	function	5000232c
	arguments	5000495f
ARR 50004961 (sz=24, trace=301209, nelems=0, elem type=java.lang.Object[]@500000ff)
ARR 50004962 (sz=24, trace=301210, nelems=1, elem type=java.lang.Object[]@500000ff)
	[0]		50004960
OBJ 50004963 (sz=32, trace=301211, class=java.lang.invoke.LambdaForm$Name@50000f62)
	type		50000f5f
	function	50002336
	arguments	50004962
OBJ 50004964 (sz=24, trace=301212, class=java.lang.invoke.LambdaForm$NamedFunction@50000f99)
	member		50006ded
	resolvedHandle	50003114
ARR 50004965 (sz=48, trace=301213, nelems=7, elem type=java.lang.Object[]@500000ff)
	[0]		50004960
	[1]		50000f66
	[2]		50000f67
	[3]		50000f68
	[4]		50000f69
	[5]		50000f6a
	[6]		50000f6b
OBJ 50004966 (sz=32, trace=301214, class=java.lang.invoke.LambdaForm$Name@50000f62)
	type		50000f5a
	function	50004964
	arguments	50004965
OBJ 50004967 (sz=48, trace=301215, class=java.lang.invoke.LambdaForm@50000122)
	names		50006f82
	debugName	50006e39
	vmentry		50006f81
OBJ 50004968 (sz=24, trace=300696, class=java.lang.StringBuilder@50000118)
ARR 50004969 (sz=40, trace=300697, nelems=0, elem type=char[])
OBJ 5000496a (sz=24, trace=300698, class=java.lang.String@50000165)
ARR 5000496b (sz=40, trace=300699, nelems=0, elem type=char[])
ARR 5000496c (sz=48, trace=301216, nelems=0, elem type=java.lang.Class[]@500000fa)
OBJ 5000496d (sz=40, trace=300701, class=java.lang.invoke.MethodType@50000121)
OBJ 5000496e (sz=32, trace=300443, class=java.lang.invoke.MethodType$ConcurrentWeakInternSet$WeakEntry@50000b5f)
OBJ 5000496f (sz=64, trace=300704, class=java.lang.invoke.InvokerBytecodeGenerator@50001172)
OBJ 50004970 (sz=48, trace=300705, class=java.util.HashMap@500000bd)
OBJ 50004971 (sz=24, trace=300710, class=java.lang.StringBuilder@50000118)
ARR 50004972 (sz=48, trace=300711, nelems=0, elem type=char[])
ARR 50004973 (sz=88, trace=300010, nelems=0, elem type=char[])
OBJ 50004974 (sz=24, trace=300712, class=java.lang.String@50000165)
ARR 50004975 (sz=80, trace=300713, nelems=0, elem type=char[])
OBJ 50004976 (sz=24, trace=300714, class=java.lang.StringBuilder@50000118)
ARR 50004977 (sz=48, trace=300715, nelems=0, elem type=char[])
OBJ 50004978 (sz=24, trace=300716, class=java.lang.String@50000165)
ARR 50004979 (sz=48, trace=300717, nelems=0, elem type=char[])
ARR 5000497a (sz=64, trace=300718, nelems=0, elem type=int[])
ARR 5000497b (sz=64, trace=300719, nelems=0, elem type=java.lang.invoke.LambdaForm$BasicType[]@50000f60)
ARR 5000497c (sz=64, trace=300720, nelems=0, elem type=java.lang.Class[]@500000fa)
OBJ 5000497d (sz=168, trace=300723, class=jdk.internal.org.objectweb.asm.ClassWriter@50001187)
OBJ 5000497e (sz=24, trace=300725, class=jdk.internal.org.objectweb.asm.ByteVector@5000118a)
ARR 5000497f (sz=80, trace=300726, nelems=0, elem type=byte[])
ARR 50004980 (sz=1040, trace=300728, nelems=0, elem type=jdk.internal.org.objectweb.asm.Item[]@5000118e)
OBJ 50004981 (sz=56, trace=300729, class=jdk.internal.org.objectweb.asm.Item@5000118d)
OBJ 50004982 (sz=56, trace=300730, class=jdk.internal.org.objectweb.asm.Item@5000118d)
OBJ 50004983 (sz=56, trace=300731, class=jdk.internal.org.objectweb.asm.Item@5000118d)
OBJ 50004984 (sz=56, trace=300732, class=jdk.internal.org.objectweb.asm.Item@5000118d)
OBJ 50004985 (sz=56, trace=300733, class=jdk.internal.org.objectweb.asm.Item@5000118d)
OBJ 50004986 (sz=56, trace=300734, class=jdk.internal.org.objectweb.asm.Item@5000118d)
OBJ 50004987 (sz=56, trace=300733, class=jdk.internal.org.objectweb.asm.Item@5000118d)
OBJ 50004988 (sz=56, trace=300735, class=jdk.internal.org.objectweb.asm.Item@5000118d)
ARR 50004989 (sz=144, trace=300736, nelems=0, elem type=byte[])
OBJ 5000498a (sz=56, trace=300737, class=jdk.internal.org.objectweb.asm.Item@5000118d)
OBJ 5000498b (sz=224, trace=300748, class=jdk.internal.org.objectweb.asm.MethodWriter@500011ab)
OBJ 5000498c (sz=24, trace=300749, class=jdk.internal.org.objectweb.asm.ByteVector@5000118a)
ARR 5000498d (sz=80, trace=300750, nelems=0, elem type=byte[])
OBJ 5000498e (sz=56, trace=300751, class=jdk.internal.org.objectweb.asm.Item@5000118d)
ARR 5000498f (sz=272, trace=300752, nelems=0, elem type=byte[])
OBJ 50004990 (sz=56, trace=300753, class=jdk.internal.org.objectweb.asm.Item@5000118d)
OBJ 50004991 (sz=64, trace=300765, class=jdk.internal.org.objectweb.asm.Label@500011bc)
OBJ 50004992 (sz=48, trace=300768, class=jdk.internal.org.objectweb.asm.Frame@500011be)
OBJ 50004993 (sz=24, trace=300769, class=jdk.internal.org.objectweb.asm.ByteVector@5000118a)
ARR 50004994 (sz=80, trace=300770, nelems=0, elem type=byte[])
ARR 50004995 (sz=528, trace=300779, nelems=0, elem type=byte[])
OBJ 50004996 (sz=56, trace=300771, class=jdk.internal.org.objectweb.asm.Item@5000118d)
OBJ 50004997 (sz=56, trace=300773, class=jdk.internal.org.objectweb.asm.AnnotationWriter@500011c5)
OBJ 50004998 (sz=24, trace=300774, class=jdk.internal.org.objectweb.asm.ByteVector@5000118a)
ARR 50004999 (sz=80, trace=300775, nelems=0, elem type=byte[])
OBJ 5000499a (sz=56, trace=300776, class=jdk.internal.org.objectweb.asm.Item@5000118d)
OBJ 5000499b (sz=56, trace=300773, class=jdk.internal.org.objectweb.asm.AnnotationWriter@500011c5)
OBJ 5000499c (sz=24, trace=300777, class=jdk.internal.org.objectweb.asm.ByteVector@5000118a)
ARR 5000499d (sz=80, trace=300778, nelems=0, elem type=byte[])
OBJ 5000499e (sz=56, trace=300780, class=jdk.internal.org.objectweb.asm.Item@5000118d)
OBJ 5000499f (sz=56, trace=300773, class=jdk.internal.org.objectweb.asm.AnnotationWriter@500011c5)
OBJ 500049a0 (sz=24, trace=300795, class=java.lang.String@50000165)
ARR 500049a1 (sz=32, trace=300462, nelems=0, elem type=char[])
ARR 500049a2 (sz=72, trace=300796, nelems=0, elem type=char[])
OBJ 500049a3 (sz=24, trace=300797, class=java.lang.String@50000165)
ARR 500049a4 (sz=56, trace=300798, nelems=0, elem type=int[])
OBJ 500049a5 (sz=56, trace=300733, class=jdk.internal.org.objectweb.asm.Item@5000118d)
OBJ 500049a6 (sz=56, trace=300800, class=jdk.internal.org.objectweb.asm.Item@5000118d)
OBJ 500049a7 (sz=56, trace=300801, class=jdk.internal.org.objectweb.asm.Item@5000118d)
OBJ 500049a8 (sz=56, trace=300802, class=jdk.internal.org.objectweb.asm.Item@5000118d)
OBJ 500049a9 (sz=56, trace=300803, class=jdk.internal.org.objectweb.asm.Item@5000118d)
OBJ 500049aa (sz=56, trace=300804, class=jdk.internal.org.objectweb.asm.Item@5000118d)
OBJ 500049ab (sz=24, trace=300805, class=java.lang.String@50000165)
ARR 500049ac (sz=48, trace=300806, nelems=0, elem type=char[])
OBJ 500049ad (sz=56, trace=300807, class=jdk.internal.org.objectweb.asm.Item@5000118d)
ARR 500049ae (sz=80, trace=300808, nelems=0, elem type=jdk.internal.org.objectweb.asm.Item[]@5000118e)
ARR 500049af (sz=56, trace=300809, nelems=0, elem type=int[])
OBJ 500049b0 (sz=24, trace=300795, class=java.lang.String@50000165)
ARR 500049b1 (sz=32, trace=300462, nelems=0, elem type=char[])
ARR 500049b2 (sz=72, trace=300796, nelems=0, elem type=char[])
OBJ 500049b3 (sz=24, trace=300797, class=java.lang.String@50000165)
OBJ 500049b4 (sz=56, trace=300801, class=jdk.internal.org.objectweb.asm.Item@5000118d)
ARR 500049b5 (sz=1040, trace=300816, nelems=0, elem type=byte[])
OBJ 500049b6 (sz=56, trace=300802, class=jdk.internal.org.objectweb.asm.Item@5000118d)
OBJ 500049b7 (sz=56, trace=300803, class=jdk.internal.org.objectweb.asm.Item@5000118d)
OBJ 500049b8 (sz=56, trace=300804, class=jdk.internal.org.objectweb.asm.Item@5000118d)
OBJ 500049b9 (sz=24, trace=300795, class=java.lang.String@50000165)
ARR 500049ba (sz=40, trace=300462, nelems=0, elem type=char[])
OBJ 500049bb (sz=56, trace=300813, class=jdk.internal.org.objectweb.asm.Item@5000118d)
OBJ 500049bc (sz=56, trace=300814, class=jdk.internal.org.objectweb.asm.Item@5000118d)
OBJ 500049bd (sz=56, trace=300815, class=jdk.internal.org.objectweb.asm.Item@5000118d)
OBJ 500049be (sz=56, trace=300801, class=jdk.internal.org.objectweb.asm.Item@5000118d)
OBJ 500049bf (sz=56, trace=300802, class=jdk.internal.org.objectweb.asm.Item@5000118d)
OBJ 500049c0 (sz=56, trace=300803, class=jdk.internal.org.objectweb.asm.Item@5000118d)
OBJ 500049c1 (sz=56, trace=300804, class=jdk.internal.org.objectweb.asm.Item@5000118d)
OBJ 500049c2 (sz=24, trace=300805, class=java.lang.String@50000165)
ARR 500049c3 (sz=48, trace=300806, nelems=0, elem type=char[])
ARR 500049c4 (sz=24, trace=300931, nelems=0, elem type=java.lang.Class[]@500000fa)
OBJ 500049c5 (sz=40, trace=300860, class=java.lang.invoke.MethodType@50000121)
OBJ 500049c6 (sz=32, trace=300443, class=java.lang.invoke.MethodType$ConcurrentWeakInternSet$WeakEntry@50000b5f)
OBJ 500049c7 (sz=64, trace=300817, class=jdk.internal.org.objectweb.asm.Label@500011bc)
OBJ 500049c8 (sz=48, trace=300818, class=jdk.internal.org.objectweb.asm.Frame@500011be)
ARR 500049c9 (sz=344, trace=300819, nelems=0, elem type=char[])
ARR 500049ca (sz=48, trace=300820, nelems=0, elem type=jdk.internal.org.objectweb.asm.Type[]@50001222)
OBJ 500049cb (sz=32, trace=300821, class=jdk.internal.org.objectweb.asm.Type@500011b2)
OBJ 500049cc (sz=32, trace=300821, class=jdk.internal.org.objectweb.asm.Type@500011b2)
OBJ 500049cd (sz=32, trace=300821, class=jdk.internal.org.objectweb.asm.Type@500011b2)
OBJ 500049ce (sz=32, trace=300821, class=jdk.internal.org.objectweb.asm.Type@500011b2)
OBJ 500049cf (sz=32, trace=300821, class=jdk.internal.org.objectweb.asm.Type@500011b2)
OBJ 500049d0 (sz=32, trace=300821, class=jdk.internal.org.objectweb.asm.Type@500011b2)
OBJ 500049d1 (sz=32, trace=300821, class=jdk.internal.org.objectweb.asm.Type@500011b2)
OBJ 500049d2 (sz=32, trace=300821, class=jdk.internal.org.objectweb.asm.Type@500011b2)
ARR 500049d3 (sz=56, trace=300822, nelems=0, elem type=int[])
ARR 500049d4 (sz=16, trace=300823, nelems=0, elem type=int[])
OBJ 500049d5 (sz=24, trace=300824, class=java.lang.StringBuffer@50000119)
ARR 500049d6 (sz=48, trace=300825, nelems=0, elem type=char[])
ARR 500049d7 (sz=88, trace=300826, nelems=0, elem type=char[])
ARR 500049d8 (sz=56, trace=300827, nelems=0, elem type=char[])
OBJ 500049d9 (sz=24, trace=300828, class=java.lang.String@50000165)
OBJ 500049da (sz=24, trace=300829, class=java.lang.String@50000165)
ARR 500049db (sz=48, trace=300806, nelems=0, elem type=char[])
OBJ 500049dc (sz=24, trace=300824, class=java.lang.StringBuffer@50000119)
ARR 500049dd (sz=48, trace=300825, nelems=0, elem type=char[])
ARR 500049de (sz=88, trace=300826, nelems=0, elem type=char[])
ARR 500049df (sz=56, trace=300827, nelems=0, elem type=char[])
OBJ 500049e0 (sz=24, trace=300828, class=java.lang.String@50000165)
OBJ 500049e1 (sz=24, trace=300829, class=java.lang.String@50000165)
ARR 500049e2 (sz=48, trace=300806, nelems=0, elem type=char[])
OBJ 500049e3 (sz=24, trace=300824, class=java.lang.StringBuffer@50000119)
ARR 500049e4 (sz=48, trace=300825, nelems=0, elem type=char[])
ARR 500049e5 (sz=88, trace=300826, nelems=0, elem type=char[])
ARR 500049e6 (sz=56, trace=300827, nelems=0, elem type=char[])
OBJ 500049e7 (sz=24, trace=300828, class=java.lang.String@50000165)
OBJ 500049e8 (sz=24, trace=300829, class=java.lang.String@50000165)
ARR 500049e9 (sz=48, trace=300806, nelems=0, elem type=char[])
OBJ 500049ea (sz=24, trace=300824, class=java.lang.StringBuffer@50000119)
ARR 500049eb (sz=48, trace=300825, nelems=0, elem type=char[])
ARR 500049ec (sz=88, trace=300826, nelems=0, elem type=char[])
ARR 500049ed (sz=56, trace=300827, nelems=0, elem type=char[])
OBJ 500049ee (sz=24, trace=300828, class=java.lang.String@50000165)
OBJ 500049ef (sz=24, trace=300829, class=java.lang.String@50000165)
ARR 500049f0 (sz=48, trace=300806, nelems=0, elem type=char[])
OBJ 500049f1 (sz=24, trace=300824, class=java.lang.StringBuffer@50000119)
ARR 500049f2 (sz=48, trace=300825, nelems=0, elem type=char[])
ARR 500049f3 (sz=88, trace=300826, nelems=0, elem type=char[])
ARR 500049f4 (sz=56, trace=300827, nelems=0, elem type=char[])
OBJ 500049f5 (sz=24, trace=300828, class=java.lang.String@50000165)
OBJ 500049f6 (sz=24, trace=300829, class=java.lang.String@50000165)
ARR 500049f7 (sz=48, trace=300806, nelems=0, elem type=char[])
OBJ 500049f8 (sz=24, trace=300824, class=java.lang.StringBuffer@50000119)
ARR 500049f9 (sz=48, trace=300825, nelems=0, elem type=char[])
ARR 500049fa (sz=88, trace=300826, nelems=0, elem type=char[])
ARR 500049fb (sz=56, trace=300827, nelems=0, elem type=char[])
OBJ 500049fc (sz=24, trace=300828, class=java.lang.String@50000165)
OBJ 500049fd (sz=24, trace=300829, class=java.lang.String@50000165)
ARR 500049fe (sz=48, trace=300806, nelems=0, elem type=char[])
OBJ 500049ff (sz=24, trace=300824, class=java.lang.StringBuffer@50000119)
ARR 50004a00 (sz=48, trace=300825, nelems=0, elem type=char[])
ARR 50004a01 (sz=88, trace=300826, nelems=0, elem type=char[])
ARR 50004a02 (sz=56, trace=300827, nelems=0, elem type=char[])
OBJ 50004a03 (sz=24, trace=300828, class=java.lang.String@50000165)
OBJ 50004a04 (sz=24, trace=300829, class=java.lang.String@50000165)
ARR 50004a05 (sz=48, trace=300806, nelems=0, elem type=char[])
OBJ 50004a06 (sz=24, trace=300824, class=java.lang.StringBuffer@50000119)
ARR 50004a07 (sz=48, trace=300825, nelems=0, elem type=char[])
ARR 50004a08 (sz=88, trace=300826, nelems=0, elem type=char[])
ARR 50004a09 (sz=56, trace=300827, nelems=0, elem type=char[])
OBJ 50004a0a (sz=24, trace=300828, class=java.lang.String@50000165)
OBJ 50004a0b (sz=24, trace=300829, class=java.lang.String@50000165)
ARR 50004a0c (sz=48, trace=300806, nelems=0, elem type=char[])
ARR 50004a0d (sz=64, trace=300830, nelems=0, elem type=int[])
ARR 50004a0e (sz=24, trace=301217, nelems=0, elem type=java.lang.Object[]@500000ff)
OBJ 50004a0f (sz=56, trace=300832, class=jdk.internal.org.objectweb.asm.Item@5000118d)
OBJ 50004a10 (sz=56, trace=300833, class=jdk.internal.org.objectweb.asm.Item@5000118d)
OBJ 50004a11 (sz=56, trace=300834, class=jdk.internal.org.objectweb.asm.Item@5000118d)
OBJ 50004a12 (sz=24, trace=300835, class=jdk.internal.org.objectweb.asm.ByteVector@5000118a)
ARR 50004a13 (sz=904, trace=300836, nelems=0, elem type=byte[])
ARR 50004a14 (sz=136, trace=300837, nelems=0, elem type=java.lang.Object[]@500000ff)
OBJ 50004a15 (sz=16, trace=300839, class=java.util.HashMap$Values@5000123e)
OBJ 50004a16 (sz=40, trace=300841, class=java.util.HashMap$ValueIterator@50001241)
OBJ 50004a18 (sz=56, trace=300843, class=java.lang.invoke.MemberName@50000124)
OBJ 50004a19 (sz=40, trace=300844, class=java.lang.ref.SoftReference@50000149)
	referent	50004967
	queue		50006b4d
ARR 50004a1a (sz=48, trace=301218, nelems=0, elem type=java.lang.Object[]@500000ff)
ARR 50004a1b (sz=24, trace=301073, nelems=0, elem type=java.lang.Class[]@500000fa)
OBJ 50004a1c (sz=40, trace=300519, class=java.lang.invoke.MethodType@50000121)
OBJ 50004a1d (sz=32, trace=300443, class=java.lang.invoke.MethodType$ConcurrentWeakInternSet$WeakEntry@50000b5f)
ARR 50004a1e (sz=56, trace=301074, nelems=0, elem type=java.lang.invoke.LambdaForm$Name[]@50000fce)
OBJ 50004a1f (sz=32, trace=301040, class=java.lang.invoke.LambdaForm$Name@50000f62)
	type		50000f5a
	constraint	500010a4
ARR 50004a20 (sz=24, trace=301075, nelems=0, elem type=java.lang.Object[]@500000ff)
ARR 50004a21 (sz=24, trace=301042, nelems=1, elem type=java.lang.Object[]@500000ff)
	[0]		50004a1f
OBJ 50004a22 (sz=32, trace=301043, class=java.lang.invoke.LambdaForm$Name@50000f62)
	type		50000f5a
	function	5000175a
	arguments	50004a21
ARR 50004a23 (sz=48, trace=301076, nelems=0, elem type=java.lang.Object[]@500000ff)
OBJ 50004a24 (sz=24, trace=301045, class=java.lang.invoke.LambdaForm$NamedFunction@50000f99)
	member		50006ded
	resolvedHandle	50003114
ARR 50004a25 (sz=48, trace=301068, nelems=7, elem type=java.lang.Object[]@500000ff)
	[0]		50004a22
	[1]		50000f66
	[2]		50000f67
	[3]		50000f68
	[4]		50000f69
	[5]		50000f6a
	[6]		50000f6b
OBJ 50004a26 (sz=32, trace=301069, class=java.lang.invoke.LambdaForm$Name@50000f62)
	type		50000f5a
	function	50004a24
	arguments	50004a25
OBJ 50004a27 (sz=48, trace=301070, class=java.lang.invoke.LambdaForm@50000122)
	names		50006f86
	debugName	50006e2f
	vmentry		50006f85
	transformCache	50004f0a
OBJ 50004a28 (sz=40, trace=300844, class=java.lang.ref.SoftReference@50000149)
	referent	50004a27
	queue		50006b4d
OBJ 50004a29 (sz=32, trace=301077, class=java.lang.invoke.BoundMethodHandle$Species_L@500010a3)
OBJ 50004a2a (sz=24, trace=300696, class=java.lang.StringBuilder@50000118)
ARR 50004a2b (sz=40, trace=300697, nelems=0, elem type=char[])
OBJ 50004a2c (sz=24, trace=300698, class=java.lang.String@50000165)
ARR 50004a2d (sz=40, trace=300699, nelems=0, elem type=char[])
ARR 50004a2e (sz=48, trace=300938, nelems=0, elem type=java.lang.Class[]@500000fa)
OBJ 50004a2f (sz=40, trace=300701, class=java.lang.invoke.MethodType@50000121)
OBJ 50004a30 (sz=32, trace=300443, class=java.lang.invoke.MethodType$ConcurrentWeakInternSet$WeakEntry@50000b5f)
OBJ 50004a31 (sz=64, trace=300704, class=java.lang.invoke.InvokerBytecodeGenerator@50001172)
OBJ 50004a32 (sz=48, trace=300705, class=java.util.HashMap@500000bd)
OBJ 50004a33 (sz=24, trace=300706, class=java.lang.String@50000165)
ARR 50004a34 (sz=24, trace=300707, nelems=0, elem type=char[])
OBJ 50004a35 (sz=24, trace=300708, class=java.lang.String@50000165)
	value		50004a36
ARR 50004a36 (sz=16, trace=300709, nelems=8, elem type=char[])
OBJ 50004a37 (sz=24, trace=300710, class=java.lang.StringBuilder@50000118)
ARR 50004a38 (sz=48, trace=300711, nelems=0, elem type=char[])
ARR 50004a39 (sz=88, trace=300010, nelems=0, elem type=char[])
OBJ 50004a3a (sz=24, trace=300712, class=java.lang.String@50000165)
ARR 50004a3b (sz=80, trace=300713, nelems=0, elem type=char[])
OBJ 50004a3c (sz=24, trace=300714, class=java.lang.StringBuilder@50000118)
ARR 50004a3d (sz=48, trace=300715, nelems=0, elem type=char[])
OBJ 50004a3e (sz=24, trace=300716, class=java.lang.String@50000165)
ARR 50004a3f (sz=48, trace=300717, nelems=0, elem type=char[])
ARR 50004a40 (sz=56, trace=300718, nelems=0, elem type=int[])
ARR 50004a41 (sz=56, trace=300719, nelems=0, elem type=java.lang.invoke.LambdaForm$BasicType[]@50000f60)
ARR 50004a42 (sz=56, trace=300720, nelems=0, elem type=java.lang.Class[]@500000fa)
OBJ 50004a43 (sz=168, trace=300723, class=jdk.internal.org.objectweb.asm.ClassWriter@50001187)
OBJ 50004a44 (sz=24, trace=300725, class=jdk.internal.org.objectweb.asm.ByteVector@5000118a)
ARR 50004a45 (sz=80, trace=300726, nelems=0, elem type=byte[])
ARR 50004a46 (sz=1040, trace=300728, nelems=0, elem type=jdk.internal.org.objectweb.asm.Item[]@5000118e)
OBJ 50004a47 (sz=56, trace=300729, class=jdk.internal.org.objectweb.asm.Item@5000118d)
OBJ 50004a48 (sz=56, trace=300730, class=jdk.internal.org.objectweb.asm.Item@5000118d)
OBJ 50004a49 (sz=56, trace=300731, class=jdk.internal.org.objectweb.asm.Item@5000118d)
OBJ 50004a4a (sz=56, trace=300732, class=jdk.internal.org.objectweb.asm.Item@5000118d)
OBJ 50004a4b (sz=56, trace=300733, class=jdk.internal.org.objectweb.asm.Item@5000118d)
OBJ 50004a4c (sz=56, trace=300734, class=jdk.internal.org.objectweb.asm.Item@5000118d)
OBJ 50004a4d (sz=56, trace=300733, class=jdk.internal.org.objectweb.asm.Item@5000118d)
OBJ 50004a4e (sz=56, trace=300735, class=jdk.internal.org.objectweb.asm.Item@5000118d)
ARR 50004a4f (sz=144, trace=300736, nelems=0, elem type=byte[])
OBJ 50004a50 (sz=56, trace=300737, class=jdk.internal.org.objectweb.asm.Item@5000118d)
OBJ 50004a51 (sz=224, trace=300748, class=jdk.internal.org.objectweb.asm.MethodWriter@500011ab)
OBJ 50004a52 (sz=24, trace=300749, class=jdk.internal.org.objectweb.asm.ByteVector@5000118a)
ARR 50004a53 (sz=80, trace=300750, nelems=0, elem type=byte[])
OBJ 50004a54 (sz=56, trace=300751, class=jdk.internal.org.objectweb.asm.Item@5000118d)
ARR 50004a55 (sz=272, trace=300752, nelems=0, elem type=byte[])
OBJ 50004a56 (sz=56, trace=300753, class=jdk.internal.org.objectweb.asm.Item@5000118d)
OBJ 50004a57 (sz=64, trace=300765, class=jdk.internal.org.objectweb.asm.Label@500011bc)
OBJ 50004a58 (sz=48, trace=300768, class=jdk.internal.org.objectweb.asm.Frame@500011be)
OBJ 50004a59 (sz=24, trace=300769, class=jdk.internal.org.objectweb.asm.ByteVector@5000118a)
ARR 50004a5a (sz=80, trace=300770, nelems=0, elem type=byte[])
ARR 50004a5b (sz=528, trace=300779, nelems=0, elem type=byte[])
OBJ 50004a5c (sz=56, trace=300771, class=jdk.internal.org.objectweb.asm.Item@5000118d)
OBJ 50004a5d (sz=56, trace=300773, class=jdk.internal.org.objectweb.asm.AnnotationWriter@500011c5)
OBJ 50004a5e (sz=24, trace=300774, class=jdk.internal.org.objectweb.asm.ByteVector@5000118a)
ARR 50004a5f (sz=80, trace=300775, nelems=0, elem type=byte[])
OBJ 50004a60 (sz=56, trace=300776, class=jdk.internal.org.objectweb.asm.Item@5000118d)
OBJ 50004a61 (sz=56, trace=300773, class=jdk.internal.org.objectweb.asm.AnnotationWriter@500011c5)
OBJ 50004a62 (sz=24, trace=300777, class=jdk.internal.org.objectweb.asm.ByteVector@5000118a)
ARR 50004a63 (sz=80, trace=300778, nelems=0, elem type=byte[])
OBJ 50004a64 (sz=56, trace=300780, class=jdk.internal.org.objectweb.asm.Item@5000118d)
OBJ 50004a65 (sz=56, trace=300773, class=jdk.internal.org.objectweb.asm.AnnotationWriter@500011c5)
OBJ 50004a66 (sz=24, trace=301078, class=java.lang.String@50000165)
ARR 50004a67 (sz=40, trace=301079, nelems=0, elem type=char[])
OBJ 50004a68 (sz=24, trace=301080, class=java.lang.String@50000165)
ARR 50004a69 (sz=40, trace=301081, nelems=0, elem type=char[])
OBJ 50004a6a (sz=40, trace=300872, class=java.lang.invoke.MethodType@50000121)
OBJ 50004a6b (sz=32, trace=300443, class=java.lang.invoke.MethodType$ConcurrentWeakInternSet$WeakEntry@50000b5f)
ARR 50004a6c (sz=104, trace=300796, nelems=0, elem type=char[])
OBJ 50004a6d (sz=24, trace=300797, class=java.lang.String@50000165)
ARR 50004a6e (sz=56, trace=300798, nelems=0, elem type=int[])
ARR 50004a6f (sz=104, trace=300811, nelems=0, elem type=char[])
OBJ 50004a70 (sz=24, trace=300812, class=java.lang.String@50000165)
OBJ 50004a71 (sz=56, trace=300813, class=jdk.internal.org.objectweb.asm.Item@5000118d)
OBJ 50004a72 (sz=56, trace=300814, class=jdk.internal.org.objectweb.asm.Item@5000118d)
OBJ 50004a73 (sz=56, trace=300815, class=jdk.internal.org.objectweb.asm.Item@5000118d)
ARR 50004a74 (sz=80, trace=301072, nelems=0, elem type=jdk.internal.org.objectweb.asm.Item[]@5000118e)
OBJ 50004a75 (sz=24, trace=301082, class=java.lang.StringBuilder@50000118)
ARR 50004a76 (sz=48, trace=301083, nelems=0, elem type=char[])
ARR 50004a77 (sz=48, trace=301084, nelems=0, elem type=char[])
OBJ 50004a78 (sz=24, trace=301085, class=java.lang.String@50000165)
ARR 50004a79 (sz=88, trace=300010, nelems=0, elem type=char[])
OBJ 50004a7a (sz=24, trace=301086, class=java.lang.String@50000165)
ARR 50004a7b (sz=56, trace=301087, nelems=0, elem type=char[])
OBJ 50004a7c (sz=56, trace=300801, class=jdk.internal.org.objectweb.asm.Item@5000118d)
OBJ 50004a7d (sz=56, trace=300802, class=jdk.internal.org.objectweb.asm.Item@5000118d)
OBJ 50004a7e (sz=56, trace=301088, class=jdk.internal.org.objectweb.asm.Item@5000118d)
OBJ 50004a7f (sz=56, trace=301089, class=jdk.internal.org.objectweb.asm.Item@5000118d)
OBJ 50004a80 (sz=24, trace=300805, class=java.lang.String@50000165)
ARR 50004a81 (sz=48, trace=300806, nelems=0, elem type=char[])
OBJ 50004a82 (sz=56, trace=300807, class=jdk.internal.org.objectweb.asm.Item@5000118d)
OBJ 50004a83 (sz=40, trace=300872, class=java.lang.invoke.MethodType@50000121)
OBJ 50004a84 (sz=32, trace=300443, class=java.lang.invoke.MethodType$ConcurrentWeakInternSet$WeakEntry@50000b5f)
ARR 50004a85 (sz=24, trace=300931, nelems=0, elem type=java.lang.Class[]@500000fa)
OBJ 50004a86 (sz=40, trace=300860, class=java.lang.invoke.MethodType@50000121)
OBJ 50004a87 (sz=32, trace=300443, class=java.lang.invoke.MethodType$ConcurrentWeakInternSet$WeakEntry@50000b5f)
ARR 50004a88 (sz=56, trace=300809, nelems=0, elem type=int[])
OBJ 50004a89 (sz=24, trace=300795, class=java.lang.String@50000165)
ARR 50004a8a (sz=40, trace=300462, nelems=0, elem type=char[])
OBJ 50004a8b (sz=56, trace=300813, class=jdk.internal.org.objectweb.asm.Item@5000118d)
OBJ 50004a8c (sz=56, trace=300814, class=jdk.internal.org.objectweb.asm.Item@5000118d)
OBJ 50004a8d (sz=56, trace=300815, class=jdk.internal.org.objectweb.asm.Item@5000118d)
OBJ 50004a8e (sz=56, trace=300801, class=jdk.internal.org.objectweb.asm.Item@5000118d)
ARR 50004a8f (sz=1040, trace=300816, nelems=0, elem type=byte[])
OBJ 50004a90 (sz=56, trace=300802, class=jdk.internal.org.objectweb.asm.Item@5000118d)
OBJ 50004a91 (sz=56, trace=300803, class=jdk.internal.org.objectweb.asm.Item@5000118d)
OBJ 50004a92 (sz=56, trace=300804, class=jdk.internal.org.objectweb.asm.Item@5000118d)
OBJ 50004a93 (sz=24, trace=300805, class=java.lang.String@50000165)
ARR 50004a94 (sz=48, trace=300806, nelems=0, elem type=char[])
ARR 50004a95 (sz=24, trace=300931, nelems=0, elem type=java.lang.Class[]@500000fa)
OBJ 50004a96 (sz=40, trace=300860, class=java.lang.invoke.MethodType@50000121)
OBJ 50004a97 (sz=32, trace=300443, class=java.lang.invoke.MethodType$ConcurrentWeakInternSet$WeakEntry@50000b5f)
OBJ 50004a98 (sz=64, trace=300817, class=jdk.internal.org.objectweb.asm.Label@500011bc)
OBJ 50004a99 (sz=48, trace=300818, class=jdk.internal.org.objectweb.asm.Frame@500011be)
ARR 50004a9a (sz=312, trace=300819, nelems=0, elem type=char[])
ARR 50004a9b (sz=48, trace=300820, nelems=0, elem type=jdk.internal.org.objectweb.asm.Type[]@50001222)
OBJ 50004a9c (sz=32, trace=300821, class=jdk.internal.org.objectweb.asm.Type@500011b2)
OBJ 50004a9d (sz=32, trace=300821, class=jdk.internal.org.objectweb.asm.Type@500011b2)
OBJ 50004a9e (sz=32, trace=300821, class=jdk.internal.org.objectweb.asm.Type@500011b2)
OBJ 50004a9f (sz=32, trace=300821, class=jdk.internal.org.objectweb.asm.Type@500011b2)
OBJ 50004aa0 (sz=32, trace=300821, class=jdk.internal.org.objectweb.asm.Type@500011b2)
OBJ 50004aa1 (sz=32, trace=300821, class=jdk.internal.org.objectweb.asm.Type@500011b2)
OBJ 50004aa2 (sz=32, trace=300821, class=jdk.internal.org.objectweb.asm.Type@500011b2)
ARR 50004aa3 (sz=48, trace=300822, nelems=0, elem type=int[])
ARR 50004aa4 (sz=16, trace=300823, nelems=0, elem type=int[])
OBJ 50004aa5 (sz=24, trace=300824, class=java.lang.StringBuffer@50000119)
ARR 50004aa6 (sz=48, trace=300825, nelems=0, elem type=char[])
ARR 50004aa7 (sz=88, trace=300826, nelems=0, elem type=char[])
ARR 50004aa8 (sz=56, trace=300827, nelems=0, elem type=char[])
OBJ 50004aa9 (sz=24, trace=300828, class=java.lang.String@50000165)
OBJ 50004aaa (sz=24, trace=300829, class=java.lang.String@50000165)
ARR 50004aab (sz=48, trace=300806, nelems=0, elem type=char[])
OBJ 50004aac (sz=24, trace=300824, class=java.lang.StringBuffer@50000119)
ARR 50004aad (sz=48, trace=300825, nelems=0, elem type=char[])
ARR 50004aae (sz=88, trace=300826, nelems=0, elem type=char[])
ARR 50004aaf (sz=56, trace=300827, nelems=0, elem type=char[])
OBJ 50004ab0 (sz=24, trace=300828, class=java.lang.String@50000165)
OBJ 50004ab1 (sz=24, trace=300829, class=java.lang.String@50000165)
ARR 50004ab2 (sz=48, trace=300806, nelems=0, elem type=char[])
OBJ 50004ab3 (sz=24, trace=300824, class=java.lang.StringBuffer@50000119)
ARR 50004ab4 (sz=48, trace=300825, nelems=0, elem type=char[])
ARR 50004ab5 (sz=88, trace=300826, nelems=0, elem type=char[])
ARR 50004ab6 (sz=56, trace=300827, nelems=0, elem type=char[])
OBJ 50004ab7 (sz=24, trace=300828, class=java.lang.String@50000165)
OBJ 50004ab8 (sz=24, trace=300829, class=java.lang.String@50000165)
ARR 50004ab9 (sz=48, trace=300806, nelems=0, elem type=char[])
OBJ 50004aba (sz=24, trace=300824, class=java.lang.StringBuffer@50000119)
ARR 50004abb (sz=48, trace=300825, nelems=0, elem type=char[])
ARR 50004abc (sz=88, trace=300826, nelems=0, elem type=char[])
ARR 50004abd (sz=56, trace=300827, nelems=0, elem type=char[])
OBJ 50004abe (sz=24, trace=300828, class=java.lang.String@50000165)
OBJ 50004abf (sz=24, trace=300829, class=java.lang.String@50000165)
ARR 50004ac0 (sz=48, trace=300806, nelems=0, elem type=char[])
OBJ 50004ac1 (sz=24, trace=300824, class=java.lang.StringBuffer@50000119)
ARR 50004ac2 (sz=48, trace=300825, nelems=0, elem type=char[])
ARR 50004ac3 (sz=88, trace=300826, nelems=0, elem type=char[])
ARR 50004ac4 (sz=56, trace=300827, nelems=0, elem type=char[])
OBJ 50004ac5 (sz=24, trace=300828, class=java.lang.String@50000165)
OBJ 50004ac6 (sz=24, trace=300829, class=java.lang.String@50000165)
ARR 50004ac7 (sz=48, trace=300806, nelems=0, elem type=char[])
OBJ 50004ac8 (sz=24, trace=300824, class=java.lang.StringBuffer@50000119)
ARR 50004ac9 (sz=48, trace=300825, nelems=0, elem type=char[])
ARR 50004aca (sz=88, trace=300826, nelems=0, elem type=char[])
ARR 50004acb (sz=56, trace=300827, nelems=0, elem type=char[])
OBJ 50004acc (sz=24, trace=300828, class=java.lang.String@50000165)
OBJ 50004acd (sz=24, trace=300829, class=java.lang.String@50000165)
ARR 50004ace (sz=48, trace=300806, nelems=0, elem type=char[])
OBJ 50004acf (sz=24, trace=300824, class=java.lang.StringBuffer@50000119)
ARR 50004ad0 (sz=48, trace=300825, nelems=0, elem type=char[])
ARR 50004ad1 (sz=88, trace=300826, nelems=0, elem type=char[])
ARR 50004ad2 (sz=56, trace=300827, nelems=0, elem type=char[])
OBJ 50004ad3 (sz=24, trace=300828, class=java.lang.String@50000165)
OBJ 50004ad4 (sz=24, trace=300829, class=java.lang.String@50000165)
ARR 50004ad5 (sz=48, trace=300806, nelems=0, elem type=char[])
ARR 50004ad6 (sz=56, trace=300830, nelems=0, elem type=int[])
ARR 50004ad7 (sz=24, trace=300940, nelems=0, elem type=java.lang.Object[]@500000ff)
OBJ 50004ad8 (sz=56, trace=300832, class=jdk.internal.org.objectweb.asm.Item@5000118d)
OBJ 50004ad9 (sz=56, trace=300833, class=jdk.internal.org.objectweb.asm.Item@5000118d)
OBJ 50004ada (sz=56, trace=300834, class=jdk.internal.org.objectweb.asm.Item@5000118d)
OBJ 50004adb (sz=24, trace=300835, class=jdk.internal.org.objectweb.asm.ByteVector@5000118a)
ARR 50004adc (sz=800, trace=300836, nelems=0, elem type=byte[])
ARR 50004add (sz=120, trace=300837, nelems=0, elem type=java.lang.Object[]@500000ff)
OBJ 50004ade (sz=16, trace=300839, class=java.util.HashMap$Values@5000123e)
OBJ 50004adf (sz=40, trace=300841, class=java.util.HashMap$ValueIterator@50001241)
OBJ 50004ae1 (sz=56, trace=300843, class=java.lang.invoke.MemberName@50000124)
OBJ 50004ae2 (sz=32, trace=301077, class=java.lang.invoke.BoundMethodHandle$Species_L@500010a3)
OBJ 50004ae3 (sz=16, trace=301168, class=java.lang.invoke.LambdaFormEditor@500043e6)
OBJ 50004ae4 (sz=40, trace=301249, class=java.lang.invoke.MethodType@50000121)
OBJ 50004ae5 (sz=32, trace=300443, class=java.lang.invoke.MethodType$ConcurrentWeakInternSet$WeakEntry@50000b5f)
OBJ 50004ae6 (sz=56, trace=301187, class=java.lang.invoke.LambdaFormEditor$Transform@500043f9)
OBJ 50004ae7 (sz=48, trace=301250, class=java.lang.invoke.LambdaFormBuffer@500043fc)
OBJ 50004ae8 (sz=24, trace=301251, class=java.lang.StringBuilder@50000118)
ARR 50004ae9 (sz=48, trace=301252, nelems=0, elem type=char[])
OBJ 50004aea (sz=24, trace=301253, class=java.lang.String@50000165)
	value		50004aeb
ARR 50004aeb (sz=4, trace=301254, nelems=2, elem type=char[])
OBJ 50004aed (sz=16, trace=301256, class=java.lang.invoke.BoundMethodHandle$SpeciesData$1@50004aec)
OBJ 50004aef (sz=16, trace=301258, class=java.lang.invoke.BoundMethodHandle$Factory$1@50004aee)
ARR 50004af0 (sz=80, trace=301259, nelems=14, elem type=java.util.concurrent.ConcurrentHashMap$Node[]@50000020)
	[0]		50004dd0
	[3]		50005810
	[13]		50005317
OBJ 50004af2 (sz=32, trace=301261, class=java.util.concurrent.ConcurrentHashMap$ReservationNode@50004af1)
OBJ 50004af3 (sz=168, trace=301262, class=jdk.internal.org.objectweb.asm.ClassWriter@50001187)
OBJ 50004af4 (sz=24, trace=301263, class=jdk.internal.org.objectweb.asm.ByteVector@5000118a)
ARR 50004af5 (sz=80, trace=301264, nelems=0, elem type=byte[])
ARR 50004af6 (sz=1040, trace=301265, nelems=0, elem type=jdk.internal.org.objectweb.asm.Item[]@5000118e)
OBJ 50004af7 (sz=56, trace=301266, class=jdk.internal.org.objectweb.asm.Item@5000118d)
OBJ 50004af8 (sz=56, trace=301267, class=jdk.internal.org.objectweb.asm.Item@5000118d)
OBJ 50004af9 (sz=56, trace=301268, class=jdk.internal.org.objectweb.asm.Item@5000118d)
OBJ 50004afa (sz=56, trace=301269, class=jdk.internal.org.objectweb.asm.Item@5000118d)
OBJ 50004afb (sz=24, trace=301270, class=java.lang.StringBuilder@50000118)
ARR 50004afc (sz=48, trace=301271, nelems=0, elem type=char[])
ARR 50004afd (sz=104, trace=300010, nelems=0, elem type=char[])
ARR 50004afe (sz=192, trace=300010, nelems=0, elem type=char[])
OBJ 50004aff (sz=24, trace=301272, class=java.lang.String@50000165)
ARR 50004b00 (sz=112, trace=301273, nelems=0, elem type=char[])
OBJ 50004b01 (sz=24, trace=301274, class=java.lang.StringBuilder@50000118)
ARR 50004b02 (sz=48, trace=301275, nelems=0, elem type=char[])
OBJ 50004b03 (sz=24, trace=301276, class=java.lang.String@50000165)
ARR 50004b04 (sz=40, trace=301277, nelems=0, elem type=char[])
OBJ 50004b05 (sz=56, trace=300733, class=jdk.internal.org.objectweb.asm.Item@5000118d)
OBJ 50004b06 (sz=56, trace=300734, class=jdk.internal.org.objectweb.asm.Item@5000118d)
ARR 50004b07 (sz=144, trace=300852, nelems=0, elem type=byte[])
OBJ 50004b08 (sz=56, trace=300733, class=jdk.internal.org.objectweb.asm.Item@5000118d)
OBJ 50004b09 (sz=56, trace=300735, class=jdk.internal.org.objectweb.asm.Item@5000118d)
OBJ 50004b0a (sz=56, trace=301278, class=jdk.internal.org.objectweb.asm.Item@5000118d)
OBJ 50004b0d (sz=64, trace=301280, class=jdk.internal.org.objectweb.asm.FieldWriter@50004b0c)
OBJ 50004b0e (sz=56, trace=301281, class=jdk.internal.org.objectweb.asm.Item@5000118d)
ARR 50004b0f (sz=272, trace=301282, nelems=0, elem type=byte[])
OBJ 50004b10 (sz=56, trace=301283, class=jdk.internal.org.objectweb.asm.Item@5000118d)
OBJ 50004b11 (sz=24, trace=301284, class=jdk.internal.org.objectweb.asm.ByteVector@5000118a)
ARR 50004b12 (sz=80, trace=301285, nelems=0, elem type=byte[])
OBJ 50004b13 (sz=56, trace=301286, class=jdk.internal.org.objectweb.asm.Item@5000118d)
OBJ 50004b14 (sz=56, trace=301287, class=jdk.internal.org.objectweb.asm.AnnotationWriter@500011c5)
OBJ 50004b15 (sz=24, trace=301288, class=java.lang.StringBuilder@50000118)
ARR 50004b16 (sz=48, trace=301289, nelems=0, elem type=char[])
OBJ 50004b17 (sz=24, trace=301290, class=java.lang.String@50000165)
ARR 50004b18 (sz=32, trace=300869, nelems=0, elem type=char[])
OBJ 50004b19 (sz=64, trace=301280, class=jdk.internal.org.objectweb.asm.FieldWriter@50004b0c)
OBJ 50004b1a (sz=56, trace=301281, class=jdk.internal.org.objectweb.asm.Item@5000118d)
OBJ 50004b1b (sz=56, trace=301283, class=jdk.internal.org.objectweb.asm.Item@5000118d)
OBJ 50004b1c (sz=24, trace=301288, class=java.lang.StringBuilder@50000118)
ARR 50004b1d (sz=48, trace=301289, nelems=0, elem type=char[])
OBJ 50004b1e (sz=24, trace=301290, class=java.lang.String@50000165)
ARR 50004b1f (sz=32, trace=300869, nelems=0, elem type=char[])
OBJ 50004b20 (sz=64, trace=301280, class=jdk.internal.org.objectweb.asm.FieldWriter@50004b0c)
OBJ 50004b21 (sz=56, trace=301281, class=jdk.internal.org.objectweb.asm.Item@5000118d)
OBJ 50004b22 (sz=24, trace=301291, class=java.lang.StringBuilder@50000118)
ARR 50004b23 (sz=168, trace=301292, nelems=0, elem type=char[])
ARR 50004b24 (sz=24, trace=301293, nelems=0, elem type=char[])
ARR 50004b25 (sz=320, trace=300010, nelems=0, elem type=char[])
OBJ 50004b26 (sz=24, trace=301294, class=java.lang.String@50000165)
ARR 50004b27 (sz=216, trace=300609, nelems=0, elem type=char[])
OBJ 50004b28 (sz=224, trace=300748, class=jdk.internal.org.objectweb.asm.MethodWriter@500011ab)
OBJ 50004b29 (sz=24, trace=301295, class=jdk.internal.org.objectweb.asm.ByteVector@5000118a)
ARR 50004b2a (sz=80, trace=301296, nelems=0, elem type=byte[])
OBJ 50004b2b (sz=56, trace=300751, class=jdk.internal.org.objectweb.asm.Item@5000118d)
ARR 50004b2c (sz=528, trace=300752, nelems=0, elem type=byte[])
OBJ 50004b2d (sz=56, trace=300753, class=jdk.internal.org.objectweb.asm.Item@5000118d)
OBJ 50004b2e (sz=64, trace=301297, class=jdk.internal.org.objectweb.asm.Label@500011bc)
OBJ 50004b2f (sz=48, trace=300768, class=jdk.internal.org.objectweb.asm.Frame@500011be)
ARR 50004b30 (sz=56, trace=301298, nelems=0, elem type=int[])
OBJ 50004b31 (sz=24, trace=301299, class=java.lang.StringBuilder@50000118)
ARR 50004b32 (sz=168, trace=301300, nelems=0, elem type=char[])
ARR 50004b33 (sz=16, trace=301301, nelems=0, elem type=char[])
OBJ 50004b34 (sz=24, trace=301302, class=java.lang.String@50000165)
ARR 50004b35 (sz=144, trace=300609, nelems=0, elem type=char[])
OBJ 50004b36 (sz=56, trace=300802, class=jdk.internal.org.objectweb.asm.Item@5000118d)
OBJ 50004b37 (sz=56, trace=300803, class=jdk.internal.org.objectweb.asm.Item@5000118d)
OBJ 50004b38 (sz=56, trace=301303, class=jdk.internal.org.objectweb.asm.Item@5000118d)
ARR 50004b39 (sz=24, trace=301304, nelems=0, elem type=int[])
OBJ 50004b3a (sz=24, trace=301305, class=java.lang.StringBuilder@50000118)
ARR 50004b3b (sz=48, trace=301306, nelems=0, elem type=char[])
OBJ 50004b3c (sz=24, trace=301307, class=java.lang.String@50000165)
ARR 50004b3d (sz=32, trace=300869, nelems=0, elem type=char[])
OBJ 50004b3e (sz=56, trace=301088, class=jdk.internal.org.objectweb.asm.Item@5000118d)
OBJ 50004b3f (sz=56, trace=301308, class=jdk.internal.org.objectweb.asm.Item@5000118d)
OBJ 50004b40 (sz=24, trace=301305, class=java.lang.StringBuilder@50000118)
ARR 50004b41 (sz=48, trace=301306, nelems=0, elem type=char[])
OBJ 50004b42 (sz=24, trace=301307, class=java.lang.String@50000165)
ARR 50004b43 (sz=32, trace=300869, nelems=0, elem type=char[])
OBJ 50004b44 (sz=56, trace=301088, class=jdk.internal.org.objectweb.asm.Item@5000118d)
OBJ 50004b45 (sz=56, trace=301308, class=jdk.internal.org.objectweb.asm.Item@5000118d)
OBJ 50004b46 (sz=64, trace=301309, class=jdk.internal.org.objectweb.asm.Label@500011bc)
OBJ 50004b47 (sz=48, trace=301310, class=jdk.internal.org.objectweb.asm.Frame@500011be)
ARR 50004b48 (sz=216, trace=301311, nelems=0, elem type=char[])
ARR 50004b49 (sz=32, trace=301312, nelems=0, elem type=jdk.internal.org.objectweb.asm.Type[]@50001222)
OBJ 50004b4a (sz=32, trace=300821, class=jdk.internal.org.objectweb.asm.Type@500011b2)
OBJ 50004b4b (sz=32, trace=300821, class=jdk.internal.org.objectweb.asm.Type@500011b2)
OBJ 50004b4c (sz=32, trace=300821, class=jdk.internal.org.objectweb.asm.Type@500011b2)
OBJ 50004b4d (sz=32, trace=300821, class=jdk.internal.org.objectweb.asm.Type@500011b2)
ARR 50004b4e (sz=40, trace=301313, nelems=0, elem type=int[])
ARR 50004b4f (sz=16, trace=301314, nelems=0, elem type=int[])
OBJ 50004b50 (sz=24, trace=300824, class=java.lang.StringBuffer@50000119)
ARR 50004b51 (sz=48, trace=300825, nelems=0, elem type=char[])
ARR 50004b52 (sz=88, trace=300826, nelems=0, elem type=char[])
ARR 50004b53 (sz=80, trace=300827, nelems=0, elem type=char[])
OBJ 50004b54 (sz=24, trace=300828, class=java.lang.String@50000165)
OBJ 50004b55 (sz=24, trace=300829, class=java.lang.String@50000165)
ARR 50004b56 (sz=72, trace=300806, nelems=0, elem type=char[])
OBJ 50004b57 (sz=56, trace=300807, class=jdk.internal.org.objectweb.asm.Item@5000118d)
ARR 50004b58 (sz=80, trace=300939, nelems=0, elem type=jdk.internal.org.objectweb.asm.Item[]@5000118e)
OBJ 50004b59 (sz=24, trace=300824, class=java.lang.StringBuffer@50000119)
ARR 50004b5a (sz=48, trace=300825, nelems=0, elem type=char[])
ARR 50004b5b (sz=88, trace=300826, nelems=0, elem type=char[])
ARR 50004b5c (sz=80, trace=300827, nelems=0, elem type=char[])
OBJ 50004b5d (sz=24, trace=300828, class=java.lang.String@50000165)
OBJ 50004b5e (sz=24, trace=300829, class=java.lang.String@50000165)
ARR 50004b5f (sz=72, trace=300806, nelems=0, elem type=char[])
OBJ 50004b60 (sz=56, trace=300807, class=jdk.internal.org.objectweb.asm.Item@5000118d)
OBJ 50004b61 (sz=24, trace=300824, class=java.lang.StringBuffer@50000119)
ARR 50004b62 (sz=48, trace=300825, nelems=0, elem type=char[])
ARR 50004b63 (sz=88, trace=300826, nelems=0, elem type=char[])
ARR 50004b64 (sz=56, trace=300827, nelems=0, elem type=char[])
OBJ 50004b65 (sz=24, trace=300828, class=java.lang.String@50000165)
OBJ 50004b66 (sz=24, trace=300829, class=java.lang.String@50000165)
ARR 50004b67 (sz=48, trace=300806, nelems=0, elem type=char[])
OBJ 50004b68 (sz=56, trace=300807, class=jdk.internal.org.objectweb.asm.Item@5000118d)
OBJ 50004b69 (sz=24, trace=300824, class=java.lang.StringBuffer@50000119)
ARR 50004b6a (sz=48, trace=300825, nelems=0, elem type=char[])
ARR 50004b6b (sz=88, trace=300826, nelems=0, elem type=char[])
ARR 50004b6c (sz=56, trace=300827, nelems=0, elem type=char[])
OBJ 50004b6d (sz=24, trace=300828, class=java.lang.String@50000165)
OBJ 50004b6e (sz=24, trace=300829, class=java.lang.String@50000165)
ARR 50004b6f (sz=48, trace=300806, nelems=0, elem type=char[])
ARR 50004b70 (sz=48, trace=301315, nelems=0, elem type=int[])
OBJ 50004b71 (sz=224, trace=300748, class=jdk.internal.org.objectweb.asm.MethodWriter@500011ab)
OBJ 50004b72 (sz=24, trace=301316, class=jdk.internal.org.objectweb.asm.ByteVector@5000118a)
ARR 50004b73 (sz=80, trace=301317, nelems=0, elem type=byte[])
OBJ 50004b74 (sz=56, trace=300751, class=jdk.internal.org.objectweb.asm.Item@5000118d)
OBJ 50004b75 (sz=56, trace=300753, class=jdk.internal.org.objectweb.asm.Item@5000118d)
OBJ 50004b76 (sz=64, trace=301318, class=jdk.internal.org.objectweb.asm.Label@500011bc)
OBJ 50004b77 (sz=48, trace=300768, class=jdk.internal.org.objectweb.asm.Frame@500011be)
OBJ 50004b78 (sz=56, trace=301088, class=jdk.internal.org.objectweb.asm.Item@5000118d)
ARR 50004b79 (sz=1040, trace=301319, nelems=0, elem type=byte[])
OBJ 50004b7a (sz=56, trace=301320, class=jdk.internal.org.objectweb.asm.Item@5000118d)
OBJ 50004b7b (sz=24, trace=300805, class=java.lang.String@50000165)
ARR 50004b7c (sz=112, trace=300806, nelems=0, elem type=char[])
OBJ 50004b7d (sz=56, trace=300807, class=jdk.internal.org.objectweb.asm.Item@5000118d)
ARR 50004b7e (sz=56, trace=301321, nelems=0, elem type=int[])
OBJ 50004b7f (sz=64, trace=301322, class=jdk.internal.org.objectweb.asm.Label@500011bc)
OBJ 50004b80 (sz=48, trace=301323, class=jdk.internal.org.objectweb.asm.Frame@500011be)
ARR 50004b81 (sz=120, trace=301324, nelems=0, elem type=char[])
ARR 50004b82 (sz=16, trace=301325, nelems=0, elem type=jdk.internal.org.objectweb.asm.Type[]@50001222)
ARR 50004b83 (sz=24, trace=301326, nelems=0, elem type=int[])
ARR 50004b84 (sz=16, trace=301327, nelems=0, elem type=int[])
OBJ 50004b85 (sz=56, trace=301328, class=jdk.internal.org.objectweb.asm.Item@5000118d)
ARR 50004b86 (sz=32, trace=301329, nelems=0, elem type=int[])
OBJ 50004b87 (sz=224, trace=300748, class=jdk.internal.org.objectweb.asm.MethodWriter@500011ab)
OBJ 50004b88 (sz=24, trace=301330, class=jdk.internal.org.objectweb.asm.ByteVector@5000118a)
ARR 50004b89 (sz=80, trace=301331, nelems=0, elem type=byte[])
OBJ 50004b8a (sz=56, trace=300751, class=jdk.internal.org.objectweb.asm.Item@5000118d)
OBJ 50004b8b (sz=56, trace=300753, class=jdk.internal.org.objectweb.asm.Item@5000118d)
OBJ 50004b8c (sz=64, trace=301332, class=jdk.internal.org.objectweb.asm.Label@500011bc)
OBJ 50004b8d (sz=48, trace=300768, class=jdk.internal.org.objectweb.asm.Frame@500011be)
ARR 50004b8e (sz=56, trace=301333, nelems=0, elem type=int[])
OBJ 50004b8f (sz=64, trace=301334, class=jdk.internal.org.objectweb.asm.Label@500011bc)
OBJ 50004b90 (sz=48, trace=301335, class=jdk.internal.org.objectweb.asm.Frame@500011be)
ARR 50004b91 (sz=24, trace=301336, nelems=0, elem type=char[])
ARR 50004b92 (sz=16, trace=301337, nelems=0, elem type=jdk.internal.org.objectweb.asm.Type[]@50001222)
ARR 50004b93 (sz=24, trace=301338, nelems=0, elem type=int[])
ARR 50004b94 (sz=16, trace=301339, nelems=0, elem type=int[])
ARR 50004b95 (sz=32, trace=301340, nelems=0, elem type=int[])
OBJ 50004b96 (sz=24, trace=301341, class=java.lang.StringBuilder@50000118)
ARR 50004b97 (sz=168, trace=301342, nelems=0, elem type=char[])
ARR 50004b98 (sz=24, trace=301343, nelems=0, elem type=char[])
ARR 50004b99 (sz=320, trace=300010, nelems=0, elem type=char[])
OBJ 50004b9a (sz=24, trace=301344, class=java.lang.String@50000165)
ARR 50004b9b (sz=280, trace=300609, nelems=0, elem type=char[])
OBJ 50004b9c (sz=224, trace=300748, class=jdk.internal.org.objectweb.asm.MethodWriter@500011ab)
OBJ 50004b9d (sz=24, trace=301345, class=jdk.internal.org.objectweb.asm.ByteVector@5000118a)
ARR 50004b9e (sz=80, trace=301346, nelems=0, elem type=byte[])
OBJ 50004b9f (sz=56, trace=300751, class=jdk.internal.org.objectweb.asm.Item@5000118d)
OBJ 50004ba0 (sz=56, trace=300753, class=jdk.internal.org.objectweb.asm.Item@5000118d)
OBJ 50004ba1 (sz=64, trace=301347, class=jdk.internal.org.objectweb.asm.Label@500011bc)
OBJ 50004ba2 (sz=48, trace=300768, class=jdk.internal.org.objectweb.asm.Frame@500011be)
OBJ 50004ba3 (sz=56, trace=301348, class=jdk.internal.org.objectweb.asm.Item@5000118d)
ARR 50004ba4 (sz=56, trace=301349, nelems=0, elem type=int[])
OBJ 50004ba5 (sz=24, trace=301350, class=java.lang.StringBuilder@50000118)
ARR 50004ba6 (sz=168, trace=301351, nelems=0, elem type=char[])
ARR 50004ba7 (sz=24, trace=301352, nelems=0, elem type=char[])
ARR 50004ba8 (sz=320, trace=300010, nelems=0, elem type=char[])
OBJ 50004ba9 (sz=24, trace=301353, class=java.lang.String@50000165)
ARR 50004baa (sz=216, trace=300609, nelems=0, elem type=char[])
OBJ 50004bab (sz=56, trace=300803, class=jdk.internal.org.objectweb.asm.Item@5000118d)
OBJ 50004bac (sz=56, trace=301354, class=jdk.internal.org.objectweb.asm.Item@5000118d)
ARR 50004bad (sz=24, trace=301355, nelems=0, elem type=int[])
OBJ 50004bae (sz=64, trace=301356, class=jdk.internal.org.objectweb.asm.Label@500011bc)
OBJ 50004baf (sz=48, trace=301357, class=jdk.internal.org.objectweb.asm.Frame@500011be)
ARR 50004bb0 (sz=280, trace=301358, nelems=0, elem type=char[])
ARR 50004bb1 (sz=32, trace=301359, nelems=0, elem type=jdk.internal.org.objectweb.asm.Type[]@50001222)
OBJ 50004bb2 (sz=32, trace=300821, class=jdk.internal.org.objectweb.asm.Type@500011b2)
OBJ 50004bb3 (sz=32, trace=300821, class=jdk.internal.org.objectweb.asm.Type@500011b2)
OBJ 50004bb4 (sz=32, trace=300821, class=jdk.internal.org.objectweb.asm.Type@500011b2)
OBJ 50004bb5 (sz=32, trace=300821, class=jdk.internal.org.objectweb.asm.Type@500011b2)
ARR 50004bb6 (sz=32, trace=301360, nelems=0, elem type=int[])
ARR 50004bb7 (sz=16, trace=301361, nelems=0, elem type=int[])
OBJ 50004bb8 (sz=24, trace=300824, class=java.lang.StringBuffer@50000119)
ARR 50004bb9 (sz=48, trace=300825, nelems=0, elem type=char[])
ARR 50004bba (sz=88, trace=300826, nelems=0, elem type=char[])
ARR 50004bbb (sz=80, trace=300827, nelems=0, elem type=char[])
OBJ 50004bbc (sz=24, trace=300828, class=java.lang.String@50000165)
OBJ 50004bbd (sz=24, trace=300829, class=java.lang.String@50000165)
ARR 50004bbe (sz=72, trace=300806, nelems=0, elem type=char[])
OBJ 50004bbf (sz=24, trace=300824, class=java.lang.StringBuffer@50000119)
ARR 50004bc0 (sz=48, trace=300825, nelems=0, elem type=char[])
ARR 50004bc1 (sz=88, trace=300826, nelems=0, elem type=char[])
ARR 50004bc2 (sz=80, trace=300827, nelems=0, elem type=char[])
OBJ 50004bc3 (sz=24, trace=300828, class=java.lang.String@50000165)
OBJ 50004bc4 (sz=24, trace=300829, class=java.lang.String@50000165)
ARR 50004bc5 (sz=72, trace=300806, nelems=0, elem type=char[])
OBJ 50004bc6 (sz=24, trace=300824, class=java.lang.StringBuffer@50000119)
ARR 50004bc7 (sz=48, trace=300825, nelems=0, elem type=char[])
ARR 50004bc8 (sz=88, trace=300826, nelems=0, elem type=char[])
ARR 50004bc9 (sz=56, trace=300827, nelems=0, elem type=char[])
OBJ 50004bca (sz=24, trace=300828, class=java.lang.String@50000165)
OBJ 50004bcb (sz=24, trace=300829, class=java.lang.String@50000165)
ARR 50004bcc (sz=48, trace=300806, nelems=0, elem type=char[])
OBJ 50004bcd (sz=24, trace=300824, class=java.lang.StringBuffer@50000119)
ARR 50004bce (sz=48, trace=300825, nelems=0, elem type=char[])
ARR 50004bcf (sz=88, trace=300826, nelems=0, elem type=char[])
ARR 50004bd0 (sz=56, trace=300827, nelems=0, elem type=char[])
OBJ 50004bd1 (sz=24, trace=300828, class=java.lang.String@50000165)
OBJ 50004bd2 (sz=24, trace=300829, class=java.lang.String@50000165)
ARR 50004bd3 (sz=48, trace=300806, nelems=0, elem type=char[])
ARR 50004bd4 (sz=48, trace=301362, nelems=0, elem type=int[])
OBJ 50004bd5 (sz=24, trace=301363, class=java.lang.StringBuilder@50000118)
ARR 50004bd6 (sz=168, trace=301364, nelems=0, elem type=char[])
ARR 50004bd7 (sz=16, trace=301365, nelems=0, elem type=char[])
ARR 50004bd8 (sz=320, trace=300010, nelems=0, elem type=char[])
OBJ 50004bd9 (sz=24, trace=301366, class=java.lang.String@50000165)
ARR 50004bda (sz=208, trace=300609, nelems=0, elem type=char[])
OBJ 50004bdb (sz=224, trace=300748, class=jdk.internal.org.objectweb.asm.MethodWriter@500011ab)
OBJ 50004bdc (sz=24, trace=301367, class=jdk.internal.org.objectweb.asm.ByteVector@5000118a)
ARR 50004bdd (sz=80, trace=301368, nelems=0, elem type=byte[])
OBJ 50004bde (sz=56, trace=300751, class=jdk.internal.org.objectweb.asm.Item@5000118d)
OBJ 50004bdf (sz=56, trace=300753, class=jdk.internal.org.objectweb.asm.Item@5000118d)
OBJ 50004be0 (sz=64, trace=301369, class=jdk.internal.org.objectweb.asm.Label@500011bc)
OBJ 50004be1 (sz=48, trace=300768, class=jdk.internal.org.objectweb.asm.Frame@500011be)
ARR 50004be2 (sz=56, trace=301370, nelems=0, elem type=int[])
OBJ 50004be3 (sz=24, trace=301371, class=java.lang.StringBuilder@50000118)
ARR 50004be4 (sz=48, trace=301372, nelems=0, elem type=char[])
OBJ 50004be5 (sz=24, trace=301373, class=java.lang.String@50000165)
ARR 50004be6 (sz=32, trace=300869, nelems=0, elem type=char[])
OBJ 50004be7 (sz=24, trace=300805, class=java.lang.String@50000165)
ARR 50004be8 (sz=48, trace=300806, nelems=0, elem type=char[])
OBJ 50004be9 (sz=24, trace=301371, class=java.lang.StringBuilder@50000118)
ARR 50004bea (sz=48, trace=301372, nelems=0, elem type=char[])
OBJ 50004beb (sz=24, trace=301373, class=java.lang.String@50000165)
ARR 50004bec (sz=32, trace=300869, nelems=0, elem type=char[])
OBJ 50004bed (sz=24, trace=300805, class=java.lang.String@50000165)
ARR 50004bee (sz=48, trace=300806, nelems=0, elem type=char[])
OBJ 50004bef (sz=24, trace=301374, class=java.lang.StringBuilder@50000118)
ARR 50004bf0 (sz=168, trace=301375, nelems=0, elem type=char[])
ARR 50004bf1 (sz=24, trace=301376, nelems=0, elem type=char[])
ARR 50004bf2 (sz=320, trace=300010, nelems=0, elem type=char[])
OBJ 50004bf3 (sz=24, trace=301377, class=java.lang.String@50000165)
ARR 50004bf4 (sz=216, trace=300609, nelems=0, elem type=char[])
ARR 50004bf5 (sz=24, trace=301378, nelems=0, elem type=int[])
OBJ 50004bf6 (sz=64, trace=301379, class=jdk.internal.org.objectweb.asm.Label@500011bc)
OBJ 50004bf7 (sz=48, trace=301380, class=jdk.internal.org.objectweb.asm.Frame@500011be)
ARR 50004bf8 (sz=208, trace=301381, nelems=0, elem type=char[])
ARR 50004bf9 (sz=24, trace=301382, nelems=0, elem type=jdk.internal.org.objectweb.asm.Type[]@50001222)
OBJ 50004bfa (sz=32, trace=300821, class=jdk.internal.org.objectweb.asm.Type@500011b2)
OBJ 50004bfb (sz=32, trace=300821, class=jdk.internal.org.objectweb.asm.Type@500011b2)
ARR 50004bfc (sz=32, trace=301383, nelems=0, elem type=int[])
ARR 50004bfd (sz=16, trace=301384, nelems=0, elem type=int[])
OBJ 50004bfe (sz=24, trace=300824, class=java.lang.StringBuffer@50000119)
ARR 50004bff (sz=48, trace=300825, nelems=0, elem type=char[])
ARR 50004c00 (sz=88, trace=300826, nelems=0, elem type=char[])
ARR 50004c01 (sz=80, trace=300827, nelems=0, elem type=char[])
OBJ 50004c02 (sz=24, trace=300828, class=java.lang.String@50000165)
OBJ 50004c03 (sz=24, trace=300829, class=java.lang.String@50000165)
ARR 50004c04 (sz=72, trace=300806, nelems=0, elem type=char[])
OBJ 50004c05 (sz=24, trace=300824, class=java.lang.StringBuffer@50000119)
ARR 50004c06 (sz=48, trace=300825, nelems=0, elem type=char[])
ARR 50004c07 (sz=88, trace=300826, nelems=0, elem type=char[])
ARR 50004c08 (sz=80, trace=300827, nelems=0, elem type=char[])
OBJ 50004c09 (sz=24, trace=300828, class=java.lang.String@50000165)
OBJ 50004c0a (sz=24, trace=300829, class=java.lang.String@50000165)
ARR 50004c0b (sz=72, trace=300806, nelems=0, elem type=char[])
ARR 50004c0c (sz=40, trace=301385, nelems=0, elem type=int[])
OBJ 50004c0d (sz=24, trace=301386, class=java.lang.StringBuilder@50000118)
ARR 50004c0e (sz=48, trace=301387, nelems=0, elem type=char[])
OBJ 50004c0f (sz=24, trace=301388, class=java.lang.String@50000165)
ARR 50004c10 (sz=48, trace=301389, nelems=0, elem type=char[])
ARR 50004c11 (sz=24, trace=301390, nelems=0, elem type=char[])
OBJ 50004c12 (sz=24, trace=301391, class=java.lang.String@50000165)
OBJ 50004c13 (sz=24, trace=301392, class=java.lang.StringBuilder@50000118)
ARR 50004c14 (sz=168, trace=301393, nelems=0, elem type=char[])
ARR 50004c15 (sz=24, trace=301394, nelems=0, elem type=char[])
ARR 50004c16 (sz=320, trace=300010, nelems=0, elem type=char[])
OBJ 50004c17 (sz=24, trace=301395, class=java.lang.String@50000165)
ARR 50004c18 (sz=248, trace=300609, nelems=0, elem type=char[])
OBJ 50004c19 (sz=224, trace=300748, class=jdk.internal.org.objectweb.asm.MethodWriter@500011ab)
OBJ 50004c1a (sz=24, trace=301396, class=jdk.internal.org.objectweb.asm.ByteVector@5000118a)
ARR 50004c1b (sz=80, trace=301397, nelems=0, elem type=byte[])
OBJ 50004c1c (sz=56, trace=300751, class=jdk.internal.org.objectweb.asm.Item@5000118d)
OBJ 50004c1d (sz=56, trace=300753, class=jdk.internal.org.objectweb.asm.Item@5000118d)
ARR 50004c1e (sz=24, trace=301398, nelems=0, elem type=int[])
OBJ 50004c1f (sz=56, trace=300733, class=jdk.internal.org.objectweb.asm.Item@5000118d)
OBJ 50004c20 (sz=56, trace=301399, class=jdk.internal.org.objectweb.asm.Item@5000118d)
OBJ 50004c21 (sz=64, trace=301400, class=jdk.internal.org.objectweb.asm.Label@500011bc)
OBJ 50004c22 (sz=48, trace=300768, class=jdk.internal.org.objectweb.asm.Frame@500011be)
OBJ 50004c23 (sz=24, trace=300805, class=java.lang.String@50000165)
ARR 50004c24 (sz=112, trace=300806, nelems=0, elem type=char[])
ARR 50004c25 (sz=56, trace=301321, nelems=0, elem type=int[])
OBJ 50004c26 (sz=56, trace=300733, class=jdk.internal.org.objectweb.asm.Item@5000118d)
OBJ 50004c27 (sz=56, trace=300800, class=jdk.internal.org.objectweb.asm.Item@5000118d)
OBJ 50004c28 (sz=56, trace=300801, class=jdk.internal.org.objectweb.asm.Item@5000118d)
ARR 50004c29 (sz=2064, trace=300816, nelems=0, elem type=byte[])
OBJ 50004c2a (sz=56, trace=300802, class=jdk.internal.org.objectweb.asm.Item@5000118d)
OBJ 50004c2b (sz=56, trace=300803, class=jdk.internal.org.objectweb.asm.Item@5000118d)
OBJ 50004c2c (sz=56, trace=301401, class=jdk.internal.org.objectweb.asm.Item@5000118d)
OBJ 50004c2d (sz=24, trace=300805, class=java.lang.String@50000165)
ARR 50004c2e (sz=112, trace=300806, nelems=0, elem type=char[])
OBJ 50004c2f (sz=56, trace=300801, class=jdk.internal.org.objectweb.asm.Item@5000118d)
OBJ 50004c30 (sz=56, trace=300802, class=jdk.internal.org.objectweb.asm.Item@5000118d)
OBJ 50004c31 (sz=56, trace=300803, class=jdk.internal.org.objectweb.asm.Item@5000118d)
OBJ 50004c32 (sz=56, trace=301402, class=jdk.internal.org.objectweb.asm.Item@5000118d)
OBJ 50004c33 (sz=24, trace=300805, class=java.lang.String@50000165)
ARR 50004c34 (sz=80, trace=300806, nelems=0, elem type=char[])
OBJ 50004c35 (sz=56, trace=300807, class=jdk.internal.org.objectweb.asm.Item@5000118d)
OBJ 50004c36 (sz=24, trace=301371, class=java.lang.StringBuilder@50000118)
ARR 50004c37 (sz=48, trace=301372, nelems=0, elem type=char[])
OBJ 50004c38 (sz=24, trace=301373, class=java.lang.String@50000165)
ARR 50004c39 (sz=32, trace=300869, nelems=0, elem type=char[])
OBJ 50004c3a (sz=24, trace=300805, class=java.lang.String@50000165)
ARR 50004c3b (sz=48, trace=300806, nelems=0, elem type=char[])
OBJ 50004c3c (sz=24, trace=301371, class=java.lang.StringBuilder@50000118)
ARR 50004c3d (sz=48, trace=301372, nelems=0, elem type=char[])
OBJ 50004c3e (sz=24, trace=301373, class=java.lang.String@50000165)
ARR 50004c3f (sz=32, trace=300869, nelems=0, elem type=char[])
OBJ 50004c40 (sz=24, trace=300805, class=java.lang.String@50000165)
ARR 50004c41 (sz=48, trace=300806, nelems=0, elem type=char[])
OBJ 50004c42 (sz=24, trace=301403, class=java.lang.StringBuilder@50000118)
ARR 50004c43 (sz=48, trace=301404, nelems=0, elem type=char[])
OBJ 50004c44 (sz=24, trace=301405, class=java.lang.String@50000165)
ARR 50004c45 (sz=24, trace=301406, nelems=0, elem type=char[])
OBJ 50004c46 (sz=24, trace=301407, class=java.lang.StringBuilder@50000118)
ARR 50004c47 (sz=168, trace=301408, nelems=0, elem type=char[])
ARR 50004c48 (sz=24, trace=301409, nelems=0, elem type=char[])
ARR 50004c49 (sz=320, trace=300010, nelems=0, elem type=char[])
OBJ 50004c4a (sz=24, trace=301410, class=java.lang.String@50000165)
ARR 50004c4b (sz=320, trace=300609, nelems=0, elem type=char[])
OBJ 50004c4c (sz=56, trace=300733, class=jdk.internal.org.objectweb.asm.Item@5000118d)
OBJ 50004c4d (sz=56, trace=300800, class=jdk.internal.org.objectweb.asm.Item@5000118d)
OBJ 50004c4e (sz=56, trace=300801, class=jdk.internal.org.objectweb.asm.Item@5000118d)
OBJ 50004c4f (sz=56, trace=300802, class=jdk.internal.org.objectweb.asm.Item@5000118d)
OBJ 50004c50 (sz=56, trace=300803, class=jdk.internal.org.objectweb.asm.Item@5000118d)
OBJ 50004c51 (sz=56, trace=301411, class=jdk.internal.org.objectweb.asm.Item@5000118d)
OBJ 50004c52 (sz=24, trace=300805, class=java.lang.String@50000165)
ARR 50004c53 (sz=88, trace=300806, nelems=0, elem type=char[])
OBJ 50004c54 (sz=56, trace=300807, class=jdk.internal.org.objectweb.asm.Item@5000118d)
OBJ 50004c55 (sz=64, trace=301412, class=jdk.internal.org.objectweb.asm.Label@500011bc)
OBJ 50004c56 (sz=48, trace=301413, class=jdk.internal.org.objectweb.asm.Frame@500011be)
ARR 50004c57 (sz=248, trace=301414, nelems=0, elem type=char[])
ARR 50004c58 (sz=32, trace=301415, nelems=0, elem type=jdk.internal.org.objectweb.asm.Type[]@50001222)
OBJ 50004c59 (sz=32, trace=300821, class=jdk.internal.org.objectweb.asm.Type@500011b2)
OBJ 50004c5a (sz=32, trace=300821, class=jdk.internal.org.objectweb.asm.Type@500011b2)
OBJ 50004c5b (sz=32, trace=300821, class=jdk.internal.org.objectweb.asm.Type@500011b2)
ARR 50004c5c (sz=32, trace=301416, nelems=0, elem type=int[])
ARR 50004c5d (sz=16, trace=301417, nelems=0, elem type=int[])
OBJ 50004c5e (sz=24, trace=300824, class=java.lang.StringBuffer@50000119)
ARR 50004c5f (sz=48, trace=300825, nelems=0, elem type=char[])
ARR 50004c60 (sz=88, trace=300826, nelems=0, elem type=char[])
ARR 50004c61 (sz=80, trace=300827, nelems=0, elem type=char[])
OBJ 50004c62 (sz=24, trace=300828, class=java.lang.String@50000165)
OBJ 50004c63 (sz=24, trace=300829, class=java.lang.String@50000165)
ARR 50004c64 (sz=72, trace=300806, nelems=0, elem type=char[])
OBJ 50004c65 (sz=24, trace=300824, class=java.lang.StringBuffer@50000119)
ARR 50004c66 (sz=48, trace=300825, nelems=0, elem type=char[])
ARR 50004c67 (sz=88, trace=300826, nelems=0, elem type=char[])
ARR 50004c68 (sz=80, trace=300827, nelems=0, elem type=char[])
OBJ 50004c69 (sz=24, trace=300828, class=java.lang.String@50000165)
OBJ 50004c6a (sz=24, trace=300829, class=java.lang.String@50000165)
ARR 50004c6b (sz=72, trace=300806, nelems=0, elem type=char[])
OBJ 50004c6c (sz=24, trace=300824, class=java.lang.StringBuffer@50000119)
ARR 50004c6d (sz=48, trace=300825, nelems=0, elem type=char[])
ARR 50004c6e (sz=88, trace=300826, nelems=0, elem type=char[])
ARR 50004c6f (sz=56, trace=300827, nelems=0, elem type=char[])
OBJ 50004c70 (sz=24, trace=300828, class=java.lang.String@50000165)
OBJ 50004c71 (sz=24, trace=300829, class=java.lang.String@50000165)
ARR 50004c72 (sz=48, trace=300806, nelems=0, elem type=char[])
ARR 50004c73 (sz=48, trace=301418, nelems=0, elem type=int[])
OBJ 50004c74 (sz=24, trace=301386, class=java.lang.StringBuilder@50000118)
ARR 50004c75 (sz=48, trace=301387, nelems=0, elem type=char[])
OBJ 50004c76 (sz=24, trace=301388, class=java.lang.String@50000165)
ARR 50004c77 (sz=48, trace=301389, nelems=0, elem type=char[])
ARR 50004c78 (sz=24, trace=301390, nelems=0, elem type=char[])
OBJ 50004c79 (sz=24, trace=301391, class=java.lang.String@50000165)
OBJ 50004c7a (sz=24, trace=301392, class=java.lang.StringBuilder@50000118)
ARR 50004c7b (sz=168, trace=301393, nelems=0, elem type=char[])
ARR 50004c7c (sz=24, trace=301394, nelems=0, elem type=char[])
ARR 50004c7d (sz=24, trace=301419, nelems=0, elem type=char[])
OBJ 50004c7e (sz=24, trace=301420, class=java.lang.String@50000165)
ARR 50004c7f (sz=320, trace=300010, nelems=0, elem type=char[])
OBJ 50004c80 (sz=24, trace=301395, class=java.lang.String@50000165)
ARR 50004c81 (sz=216, trace=300609, nelems=0, elem type=char[])
OBJ 50004c82 (sz=224, trace=300748, class=jdk.internal.org.objectweb.asm.MethodWriter@500011ab)
OBJ 50004c83 (sz=24, trace=301396, class=jdk.internal.org.objectweb.asm.ByteVector@5000118a)
ARR 50004c84 (sz=80, trace=301397, nelems=0, elem type=byte[])
OBJ 50004c85 (sz=56, trace=300751, class=jdk.internal.org.objectweb.asm.Item@5000118d)
OBJ 50004c86 (sz=56, trace=300753, class=jdk.internal.org.objectweb.asm.Item@5000118d)
ARR 50004c87 (sz=24, trace=301398, nelems=0, elem type=int[])
OBJ 50004c88 (sz=64, trace=301400, class=jdk.internal.org.objectweb.asm.Label@500011bc)
OBJ 50004c89 (sz=48, trace=300768, class=jdk.internal.org.objectweb.asm.Frame@500011be)
OBJ 50004c8a (sz=24, trace=300805, class=java.lang.String@50000165)
ARR 50004c8b (sz=112, trace=300806, nelems=0, elem type=char[])
ARR 50004c8c (sz=56, trace=301321, nelems=0, elem type=int[])
OBJ 50004c8d (sz=24, trace=300805, class=java.lang.String@50000165)
ARR 50004c8e (sz=112, trace=300806, nelems=0, elem type=char[])
OBJ 50004c8f (sz=24, trace=300805, class=java.lang.String@50000165)
ARR 50004c90 (sz=80, trace=300806, nelems=0, elem type=char[])
OBJ 50004c91 (sz=24, trace=301371, class=java.lang.StringBuilder@50000118)
ARR 50004c92 (sz=48, trace=301372, nelems=0, elem type=char[])
OBJ 50004c93 (sz=24, trace=301373, class=java.lang.String@50000165)
ARR 50004c94 (sz=32, trace=300869, nelems=0, elem type=char[])
OBJ 50004c95 (sz=24, trace=300805, class=java.lang.String@50000165)
ARR 50004c96 (sz=48, trace=300806, nelems=0, elem type=char[])
OBJ 50004c97 (sz=24, trace=301371, class=java.lang.StringBuilder@50000118)
ARR 50004c98 (sz=48, trace=301372, nelems=0, elem type=char[])
OBJ 50004c99 (sz=24, trace=301373, class=java.lang.String@50000165)
ARR 50004c9a (sz=32, trace=300869, nelems=0, elem type=char[])
OBJ 50004c9b (sz=24, trace=300805, class=java.lang.String@50000165)
ARR 50004c9c (sz=48, trace=300806, nelems=0, elem type=char[])
OBJ 50004c9d (sz=24, trace=301403, class=java.lang.StringBuilder@50000118)
ARR 50004c9e (sz=48, trace=301404, nelems=0, elem type=char[])
OBJ 50004c9f (sz=24, trace=301405, class=java.lang.String@50000165)
ARR 50004ca0 (sz=24, trace=301406, nelems=0, elem type=char[])
OBJ 50004ca1 (sz=24, trace=301407, class=java.lang.StringBuilder@50000118)
ARR 50004ca2 (sz=168, trace=301408, nelems=0, elem type=char[])
ARR 50004ca3 (sz=24, trace=301409, nelems=0, elem type=char[])
ARR 50004ca4 (sz=320, trace=300010, nelems=0, elem type=char[])
ARR 50004ca5 (sz=24, trace=301421, nelems=0, elem type=char[])
OBJ 50004ca6 (sz=24, trace=301420, class=java.lang.String@50000165)
OBJ 50004ca7 (sz=24, trace=301410, class=java.lang.String@50000165)
ARR 50004ca8 (sz=288, trace=300609, nelems=0, elem type=char[])
OBJ 50004ca9 (sz=56, trace=300802, class=jdk.internal.org.objectweb.asm.Item@5000118d)
OBJ 50004caa (sz=56, trace=300803, class=jdk.internal.org.objectweb.asm.Item@5000118d)
OBJ 50004cab (sz=56, trace=301411, class=jdk.internal.org.objectweb.asm.Item@5000118d)
OBJ 50004cac (sz=24, trace=300805, class=java.lang.String@50000165)
ARR 50004cad (sz=88, trace=300806, nelems=0, elem type=char[])
OBJ 50004cae (sz=64, trace=301412, class=jdk.internal.org.objectweb.asm.Label@500011bc)
OBJ 50004caf (sz=48, trace=301413, class=jdk.internal.org.objectweb.asm.Frame@500011be)
ARR 50004cb0 (sz=216, trace=301414, nelems=0, elem type=char[])
ARR 50004cb1 (sz=32, trace=301415, nelems=0, elem type=jdk.internal.org.objectweb.asm.Type[]@50001222)
OBJ 50004cb2 (sz=32, trace=300821, class=jdk.internal.org.objectweb.asm.Type@500011b2)
OBJ 50004cb3 (sz=32, trace=300821, class=jdk.internal.org.objectweb.asm.Type@500011b2)
ARR 50004cb4 (sz=32, trace=301416, nelems=0, elem type=int[])
ARR 50004cb5 (sz=16, trace=301417, nelems=0, elem type=int[])
OBJ 50004cb6 (sz=24, trace=300824, class=java.lang.StringBuffer@50000119)
ARR 50004cb7 (sz=48, trace=300825, nelems=0, elem type=char[])
ARR 50004cb8 (sz=88, trace=300826, nelems=0, elem type=char[])
ARR 50004cb9 (sz=80, trace=300827, nelems=0, elem type=char[])
OBJ 50004cba (sz=24, trace=300828, class=java.lang.String@50000165)
OBJ 50004cbb (sz=24, trace=300829, class=java.lang.String@50000165)
ARR 50004cbc (sz=72, trace=300806, nelems=0, elem type=char[])
OBJ 50004cbd (sz=24, trace=300824, class=java.lang.StringBuffer@50000119)
ARR 50004cbe (sz=48, trace=300825, nelems=0, elem type=char[])
ARR 50004cbf (sz=88, trace=300826, nelems=0, elem type=char[])
ARR 50004cc0 (sz=80, trace=300827, nelems=0, elem type=char[])
OBJ 50004cc1 (sz=24, trace=300828, class=java.lang.String@50000165)
OBJ 50004cc2 (sz=24, trace=300829, class=java.lang.String@50000165)
ARR 50004cc3 (sz=72, trace=300806, nelems=0, elem type=char[])
OBJ 50004cc4 (sz=24, trace=300824, class=java.lang.StringBuffer@50000119)
ARR 50004cc5 (sz=48, trace=300825, nelems=0, elem type=char[])
ARR 50004cc6 (sz=24, trace=300827, nelems=0, elem type=char[])
OBJ 50004cc7 (sz=24, trace=300828, class=java.lang.String@50000165)
ARR 50004cc8 (sz=48, trace=301418, nelems=0, elem type=int[])
OBJ 50004cc9 (sz=24, trace=301386, class=java.lang.StringBuilder@50000118)
ARR 50004cca (sz=48, trace=301387, nelems=0, elem type=char[])
OBJ 50004ccb (sz=24, trace=301388, class=java.lang.String@50000165)
ARR 50004ccc (sz=48, trace=301389, nelems=0, elem type=char[])
ARR 50004ccd (sz=24, trace=301390, nelems=0, elem type=char[])
OBJ 50004cce (sz=24, trace=301391, class=java.lang.String@50000165)
OBJ 50004ccf (sz=24, trace=301392, class=java.lang.StringBuilder@50000118)
ARR 50004cd0 (sz=168, trace=301393, nelems=0, elem type=char[])
ARR 50004cd1 (sz=24, trace=301394, nelems=0, elem type=char[])
ARR 50004cd2 (sz=24, trace=301419, nelems=0, elem type=char[])
OBJ 50004cd3 (sz=24, trace=301420, class=java.lang.String@50000165)
ARR 50004cd4 (sz=320, trace=300010, nelems=0, elem type=char[])
OBJ 50004cd5 (sz=24, trace=301395, class=java.lang.String@50000165)
ARR 50004cd6 (sz=216, trace=300609, nelems=0, elem type=char[])
OBJ 50004cd7 (sz=224, trace=300748, class=jdk.internal.org.objectweb.asm.MethodWriter@500011ab)
OBJ 50004cd8 (sz=24, trace=301396, class=jdk.internal.org.objectweb.asm.ByteVector@5000118a)
ARR 50004cd9 (sz=80, trace=301397, nelems=0, elem type=byte[])
OBJ 50004cda (sz=56, trace=300751, class=jdk.internal.org.objectweb.asm.Item@5000118d)
OBJ 50004cdb (sz=56, trace=300753, class=jdk.internal.org.objectweb.asm.Item@5000118d)
ARR 50004cdc (sz=24, trace=301398, nelems=0, elem type=int[])
OBJ 50004cdd (sz=64, trace=301400, class=jdk.internal.org.objectweb.asm.Label@500011bc)
OBJ 50004cde (sz=48, trace=300768, class=jdk.internal.org.objectweb.asm.Frame@500011be)
OBJ 50004cdf (sz=24, trace=300805, class=java.lang.String@50000165)
ARR 50004ce0 (sz=112, trace=300806, nelems=0, elem type=char[])
ARR 50004ce1 (sz=56, trace=301321, nelems=0, elem type=int[])
OBJ 50004ce2 (sz=24, trace=300805, class=java.lang.String@50000165)
ARR 50004ce3 (sz=112, trace=300806, nelems=0, elem type=char[])
OBJ 50004ce4 (sz=24, trace=300805, class=java.lang.String@50000165)
ARR 50004ce5 (sz=80, trace=300806, nelems=0, elem type=char[])
OBJ 50004ce6 (sz=24, trace=301371, class=java.lang.StringBuilder@50000118)
ARR 50004ce7 (sz=48, trace=301372, nelems=0, elem type=char[])
OBJ 50004ce8 (sz=24, trace=301373, class=java.lang.String@50000165)
ARR 50004ce9 (sz=32, trace=300869, nelems=0, elem type=char[])
OBJ 50004cea (sz=24, trace=300805, class=java.lang.String@50000165)
ARR 50004ceb (sz=48, trace=300806, nelems=0, elem type=char[])
OBJ 50004cec (sz=24, trace=301371, class=java.lang.StringBuilder@50000118)
ARR 50004ced (sz=48, trace=301372, nelems=0, elem type=char[])
OBJ 50004cee (sz=24, trace=301373, class=java.lang.String@50000165)
ARR 50004cef (sz=32, trace=300869, nelems=0, elem type=char[])
OBJ 50004cf0 (sz=24, trace=300805, class=java.lang.String@50000165)
ARR 50004cf1 (sz=48, trace=300806, nelems=0, elem type=char[])
OBJ 50004cf2 (sz=24, trace=301403, class=java.lang.StringBuilder@50000118)
ARR 50004cf3 (sz=48, trace=301404, nelems=0, elem type=char[])
OBJ 50004cf4 (sz=24, trace=301405, class=java.lang.String@50000165)
ARR 50004cf5 (sz=24, trace=301406, nelems=0, elem type=char[])
OBJ 50004cf6 (sz=24, trace=301407, class=java.lang.StringBuilder@50000118)
ARR 50004cf7 (sz=168, trace=301408, nelems=0, elem type=char[])
ARR 50004cf8 (sz=24, trace=301409, nelems=0, elem type=char[])
ARR 50004cf9 (sz=320, trace=300010, nelems=0, elem type=char[])
ARR 50004cfa (sz=24, trace=301421, nelems=0, elem type=char[])
OBJ 50004cfb (sz=24, trace=301420, class=java.lang.String@50000165)
OBJ 50004cfc (sz=24, trace=301410, class=java.lang.String@50000165)
ARR 50004cfd (sz=288, trace=300609, nelems=0, elem type=char[])
OBJ 50004cfe (sz=56, trace=300802, class=jdk.internal.org.objectweb.asm.Item@5000118d)
OBJ 50004cff (sz=56, trace=300803, class=jdk.internal.org.objectweb.asm.Item@5000118d)
OBJ 50004d00 (sz=56, trace=301411, class=jdk.internal.org.objectweb.asm.Item@5000118d)
OBJ 50004d01 (sz=24, trace=300805, class=java.lang.String@50000165)
ARR 50004d02 (sz=88, trace=300806, nelems=0, elem type=char[])
OBJ 50004d03 (sz=64, trace=301412, class=jdk.internal.org.objectweb.asm.Label@500011bc)
OBJ 50004d04 (sz=48, trace=301413, class=jdk.internal.org.objectweb.asm.Frame@500011be)
ARR 50004d05 (sz=216, trace=301414, nelems=0, elem type=char[])
ARR 50004d06 (sz=32, trace=301415, nelems=0, elem type=jdk.internal.org.objectweb.asm.Type[]@50001222)
OBJ 50004d07 (sz=32, trace=300821, class=jdk.internal.org.objectweb.asm.Type@500011b2)
OBJ 50004d08 (sz=32, trace=300821, class=jdk.internal.org.objectweb.asm.Type@500011b2)
ARR 50004d09 (sz=40, trace=301416, nelems=0, elem type=int[])
ARR 50004d0a (sz=16, trace=301417, nelems=0, elem type=int[])
OBJ 50004d0b (sz=24, trace=300824, class=java.lang.StringBuffer@50000119)
ARR 50004d0c (sz=48, trace=300825, nelems=0, elem type=char[])
ARR 50004d0d (sz=88, trace=300826, nelems=0, elem type=char[])
ARR 50004d0e (sz=80, trace=300827, nelems=0, elem type=char[])
OBJ 50004d0f (sz=24, trace=300828, class=java.lang.String@50000165)
OBJ 50004d10 (sz=24, trace=300829, class=java.lang.String@50000165)
ARR 50004d11 (sz=72, trace=300806, nelems=0, elem type=char[])
OBJ 50004d12 (sz=24, trace=300824, class=java.lang.StringBuffer@50000119)
ARR 50004d13 (sz=48, trace=300825, nelems=0, elem type=char[])
ARR 50004d14 (sz=88, trace=300826, nelems=0, elem type=char[])
ARR 50004d15 (sz=80, trace=300827, nelems=0, elem type=char[])
OBJ 50004d16 (sz=24, trace=300828, class=java.lang.String@50000165)
OBJ 50004d17 (sz=24, trace=300829, class=java.lang.String@50000165)
ARR 50004d18 (sz=72, trace=300806, nelems=0, elem type=char[])
OBJ 50004d19 (sz=24, trace=300824, class=java.lang.StringBuffer@50000119)
ARR 50004d1a (sz=48, trace=300825, nelems=0, elem type=char[])
ARR 50004d1b (sz=24, trace=300827, nelems=0, elem type=char[])
OBJ 50004d1c (sz=24, trace=300828, class=java.lang.String@50000165)
ARR 50004d1d (sz=48, trace=301418, nelems=0, elem type=int[])
OBJ 50004d1e (sz=24, trace=301386, class=java.lang.StringBuilder@50000118)
ARR 50004d1f (sz=48, trace=301387, nelems=0, elem type=char[])
OBJ 50004d20 (sz=24, trace=301388, class=java.lang.String@50000165)
ARR 50004d21 (sz=48, trace=301389, nelems=0, elem type=char[])
ARR 50004d22 (sz=24, trace=301390, nelems=0, elem type=char[])
OBJ 50004d23 (sz=24, trace=301391, class=java.lang.String@50000165)
OBJ 50004d24 (sz=24, trace=301392, class=java.lang.StringBuilder@50000118)
ARR 50004d25 (sz=168, trace=301393, nelems=0, elem type=char[])
ARR 50004d26 (sz=24, trace=301394, nelems=0, elem type=char[])
ARR 50004d27 (sz=24, trace=301419, nelems=0, elem type=char[])
OBJ 50004d28 (sz=24, trace=301420, class=java.lang.String@50000165)
ARR 50004d29 (sz=320, trace=300010, nelems=0, elem type=char[])
OBJ 50004d2a (sz=24, trace=301395, class=java.lang.String@50000165)
ARR 50004d2b (sz=216, trace=300609, nelems=0, elem type=char[])
OBJ 50004d2c (sz=224, trace=300748, class=jdk.internal.org.objectweb.asm.MethodWriter@500011ab)
OBJ 50004d2d (sz=24, trace=301396, class=jdk.internal.org.objectweb.asm.ByteVector@5000118a)
ARR 50004d2e (sz=80, trace=301397, nelems=0, elem type=byte[])
OBJ 50004d2f (sz=56, trace=300751, class=jdk.internal.org.objectweb.asm.Item@5000118d)
OBJ 50004d30 (sz=56, trace=300753, class=jdk.internal.org.objectweb.asm.Item@5000118d)
ARR 50004d31 (sz=24, trace=301398, nelems=0, elem type=int[])
OBJ 50004d32 (sz=64, trace=301400, class=jdk.internal.org.objectweb.asm.Label@500011bc)
OBJ 50004d33 (sz=48, trace=300768, class=jdk.internal.org.objectweb.asm.Frame@500011be)
OBJ 50004d34 (sz=24, trace=300805, class=java.lang.String@50000165)
ARR 50004d35 (sz=112, trace=300806, nelems=0, elem type=char[])
ARR 50004d36 (sz=56, trace=301321, nelems=0, elem type=int[])
OBJ 50004d37 (sz=24, trace=300805, class=java.lang.String@50000165)
ARR 50004d38 (sz=112, trace=300806, nelems=0, elem type=char[])
OBJ 50004d39 (sz=24, trace=300805, class=java.lang.String@50000165)
ARR 50004d3a (sz=80, trace=300806, nelems=0, elem type=char[])
OBJ 50004d3b (sz=24, trace=301371, class=java.lang.StringBuilder@50000118)
ARR 50004d3c (sz=48, trace=301372, nelems=0, elem type=char[])
OBJ 50004d3d (sz=24, trace=301373, class=java.lang.String@50000165)
ARR 50004d3e (sz=32, trace=300869, nelems=0, elem type=char[])
OBJ 50004d3f (sz=24, trace=300805, class=java.lang.String@50000165)
ARR 50004d40 (sz=48, trace=300806, nelems=0, elem type=char[])
OBJ 50004d41 (sz=24, trace=301371, class=java.lang.StringBuilder@50000118)
ARR 50004d42 (sz=48, trace=301372, nelems=0, elem type=char[])
OBJ 50004d43 (sz=24, trace=301373, class=java.lang.String@50000165)
ARR 50004d44 (sz=32, trace=300869, nelems=0, elem type=char[])
OBJ 50004d45 (sz=24, trace=300805, class=java.lang.String@50000165)
ARR 50004d46 (sz=48, trace=300806, nelems=0, elem type=char[])
OBJ 50004d47 (sz=24, trace=301403, class=java.lang.StringBuilder@50000118)
ARR 50004d48 (sz=48, trace=301404, nelems=0, elem type=char[])
OBJ 50004d49 (sz=24, trace=301405, class=java.lang.String@50000165)
ARR 50004d4a (sz=24, trace=301406, nelems=0, elem type=char[])
OBJ 50004d4b (sz=24, trace=301407, class=java.lang.StringBuilder@50000118)
ARR 50004d4c (sz=168, trace=301408, nelems=0, elem type=char[])
ARR 50004d4d (sz=24, trace=301409, nelems=0, elem type=char[])
ARR 50004d4e (sz=320, trace=300010, nelems=0, elem type=char[])
ARR 50004d4f (sz=24, trace=301421, nelems=0, elem type=char[])
OBJ 50004d50 (sz=24, trace=301420, class=java.lang.String@50000165)
OBJ 50004d51 (sz=24, trace=301410, class=java.lang.String@50000165)
ARR 50004d52 (sz=288, trace=300609, nelems=0, elem type=char[])
ARR 50004d53 (sz=4112, trace=300816, nelems=0, elem type=byte[])
OBJ 50004d54 (sz=56, trace=300802, class=jdk.internal.org.objectweb.asm.Item@5000118d)
OBJ 50004d55 (sz=56, trace=300803, class=jdk.internal.org.objectweb.asm.Item@5000118d)
OBJ 50004d56 (sz=56, trace=301411, class=jdk.internal.org.objectweb.asm.Item@5000118d)
OBJ 50004d57 (sz=24, trace=300805, class=java.lang.String@50000165)
ARR 50004d58 (sz=88, trace=300806, nelems=0, elem type=char[])
OBJ 50004d59 (sz=64, trace=301412, class=jdk.internal.org.objectweb.asm.Label@500011bc)
OBJ 50004d5a (sz=48, trace=301413, class=jdk.internal.org.objectweb.asm.Frame@500011be)
ARR 50004d5b (sz=216, trace=301414, nelems=0, elem type=char[])
ARR 50004d5c (sz=32, trace=301415, nelems=0, elem type=jdk.internal.org.objectweb.asm.Type[]@50001222)
OBJ 50004d5d (sz=32, trace=300821, class=jdk.internal.org.objectweb.asm.Type@500011b2)
OBJ 50004d5e (sz=32, trace=300821, class=jdk.internal.org.objectweb.asm.Type@500011b2)
ARR 50004d5f (sz=32, trace=301416, nelems=0, elem type=int[])
ARR 50004d60 (sz=16, trace=301417, nelems=0, elem type=int[])
OBJ 50004d61 (sz=24, trace=300824, class=java.lang.StringBuffer@50000119)
ARR 50004d62 (sz=48, trace=300825, nelems=0, elem type=char[])
ARR 50004d63 (sz=88, trace=300826, nelems=0, elem type=char[])
ARR 50004d64 (sz=80, trace=300827, nelems=0, elem type=char[])
OBJ 50004d65 (sz=24, trace=300828, class=java.lang.String@50000165)
OBJ 50004d66 (sz=24, trace=300829, class=java.lang.String@50000165)
ARR 50004d67 (sz=72, trace=300806, nelems=0, elem type=char[])
OBJ 50004d68 (sz=24, trace=300824, class=java.lang.StringBuffer@50000119)
ARR 50004d69 (sz=48, trace=300825, nelems=0, elem type=char[])
ARR 50004d6a (sz=88, trace=300826, nelems=0, elem type=char[])
ARR 50004d6b (sz=80, trace=300827, nelems=0, elem type=char[])
OBJ 50004d6c (sz=24, trace=300828, class=java.lang.String@50000165)
OBJ 50004d6d (sz=24, trace=300829, class=java.lang.String@50000165)
ARR 50004d6e (sz=72, trace=300806, nelems=0, elem type=char[])
OBJ 50004d6f (sz=24, trace=300824, class=java.lang.StringBuffer@50000119)
ARR 50004d70 (sz=48, trace=300825, nelems=0, elem type=char[])
ARR 50004d71 (sz=24, trace=300827, nelems=0, elem type=char[])
OBJ 50004d72 (sz=24, trace=300828, class=java.lang.String@50000165)
ARR 50004d73 (sz=48, trace=301418, nelems=0, elem type=int[])
OBJ 50004d74 (sz=24, trace=301386, class=java.lang.StringBuilder@50000118)
ARR 50004d75 (sz=48, trace=301387, nelems=0, elem type=char[])
OBJ 50004d76 (sz=24, trace=301388, class=java.lang.String@50000165)
ARR 50004d77 (sz=48, trace=301389, nelems=0, elem type=char[])
ARR 50004d78 (sz=24, trace=301390, nelems=0, elem type=char[])
OBJ 50004d79 (sz=24, trace=301391, class=java.lang.String@50000165)
OBJ 50004d7a (sz=24, trace=301392, class=java.lang.StringBuilder@50000118)
ARR 50004d7b (sz=168, trace=301393, nelems=0, elem type=char[])
ARR 50004d7c (sz=24, trace=301394, nelems=0, elem type=char[])
ARR 50004d7d (sz=24, trace=301419, nelems=0, elem type=char[])
OBJ 50004d7e (sz=24, trace=301420, class=java.lang.String@50000165)
ARR 50004d7f (sz=320, trace=300010, nelems=0, elem type=char[])
OBJ 50004d80 (sz=24, trace=301395, class=java.lang.String@50000165)
ARR 50004d81 (sz=216, trace=300609, nelems=0, elem type=char[])
OBJ 50004d82 (sz=224, trace=300748, class=jdk.internal.org.objectweb.asm.MethodWriter@500011ab)
OBJ 50004d83 (sz=24, trace=301396, class=jdk.internal.org.objectweb.asm.ByteVector@5000118a)
ARR 50004d84 (sz=80, trace=301397, nelems=0, elem type=byte[])
OBJ 50004d85 (sz=56, trace=300751, class=jdk.internal.org.objectweb.asm.Item@5000118d)
OBJ 50004d86 (sz=56, trace=300753, class=jdk.internal.org.objectweb.asm.Item@5000118d)
ARR 50004d87 (sz=24, trace=301398, nelems=0, elem type=int[])
OBJ 50004d88 (sz=64, trace=301400, class=jdk.internal.org.objectweb.asm.Label@500011bc)
OBJ 50004d89 (sz=48, trace=300768, class=jdk.internal.org.objectweb.asm.Frame@500011be)
OBJ 50004d8a (sz=24, trace=300805, class=java.lang.String@50000165)
ARR 50004d8b (sz=112, trace=300806, nelems=0, elem type=char[])
ARR 50004d8c (sz=56, trace=301321, nelems=0, elem type=int[])
OBJ 50004d8d (sz=24, trace=300805, class=java.lang.String@50000165)
ARR 50004d8e (sz=112, trace=300806, nelems=0, elem type=char[])
OBJ 50004d8f (sz=24, trace=300805, class=java.lang.String@50000165)
ARR 50004d90 (sz=80, trace=300806, nelems=0, elem type=char[])
OBJ 50004d91 (sz=24, trace=301371, class=java.lang.StringBuilder@50000118)
ARR 50004d92 (sz=48, trace=301372, nelems=0, elem type=char[])
OBJ 50004d93 (sz=24, trace=301373, class=java.lang.String@50000165)
ARR 50004d94 (sz=32, trace=300869, nelems=0, elem type=char[])
OBJ 50004d95 (sz=24, trace=300805, class=java.lang.String@50000165)
ARR 50004d96 (sz=48, trace=300806, nelems=0, elem type=char[])
OBJ 50004d97 (sz=24, trace=301371, class=java.lang.StringBuilder@50000118)
ARR 50004d98 (sz=48, trace=301372, nelems=0, elem type=char[])
OBJ 50004d99 (sz=24, trace=301373, class=java.lang.String@50000165)
ARR 50004d9a (sz=32, trace=300869, nelems=0, elem type=char[])
OBJ 50004d9b (sz=24, trace=300805, class=java.lang.String@50000165)
ARR 50004d9c (sz=48, trace=300806, nelems=0, elem type=char[])
OBJ 50004d9d (sz=24, trace=301403, class=java.lang.StringBuilder@50000118)
ARR 50004d9e (sz=48, trace=301404, nelems=0, elem type=char[])
OBJ 50004d9f (sz=24, trace=301405, class=java.lang.String@50000165)
ARR 50004da0 (sz=24, trace=301406, nelems=0, elem type=char[])
OBJ 50004da1 (sz=24, trace=301407, class=java.lang.StringBuilder@50000118)
ARR 50004da2 (sz=168, trace=301408, nelems=0, elem type=char[])
ARR 50004da3 (sz=24, trace=301409, nelems=0, elem type=char[])
ARR 50004da4 (sz=320, trace=300010, nelems=0, elem type=char[])
ARR 50004da5 (sz=24, trace=301421, nelems=0, elem type=char[])
OBJ 50004da6 (sz=24, trace=301420, class=java.lang.String@50000165)
OBJ 50004da7 (sz=24, trace=301410, class=java.lang.String@50000165)
ARR 50004da8 (sz=288, trace=300609, nelems=0, elem type=char[])
OBJ 50004da9 (sz=56, trace=300802, class=jdk.internal.org.objectweb.asm.Item@5000118d)
OBJ 50004daa (sz=56, trace=300803, class=jdk.internal.org.objectweb.asm.Item@5000118d)
OBJ 50004dab (sz=56, trace=301411, class=jdk.internal.org.objectweb.asm.Item@5000118d)
OBJ 50004dac (sz=24, trace=300805, class=java.lang.String@50000165)
ARR 50004dad (sz=88, trace=300806, nelems=0, elem type=char[])
OBJ 50004dae (sz=64, trace=301412, class=jdk.internal.org.objectweb.asm.Label@500011bc)
OBJ 50004daf (sz=48, trace=301413, class=jdk.internal.org.objectweb.asm.Frame@500011be)
ARR 50004db0 (sz=216, trace=301414, nelems=0, elem type=char[])
ARR 50004db1 (sz=32, trace=301415, nelems=0, elem type=jdk.internal.org.objectweb.asm.Type[]@50001222)
OBJ 50004db2 (sz=32, trace=300821, class=jdk.internal.org.objectweb.asm.Type@500011b2)
OBJ 50004db3 (sz=32, trace=300821, class=jdk.internal.org.objectweb.asm.Type@500011b2)
ARR 50004db4 (sz=40, trace=301416, nelems=0, elem type=int[])
ARR 50004db5 (sz=16, trace=301417, nelems=0, elem type=int[])
OBJ 50004db6 (sz=24, trace=300824, class=java.lang.StringBuffer@50000119)
ARR 50004db7 (sz=48, trace=300825, nelems=0, elem type=char[])
ARR 50004db8 (sz=88, trace=300826, nelems=0, elem type=char[])
ARR 50004db9 (sz=80, trace=300827, nelems=0, elem type=char[])
OBJ 50004dba (sz=24, trace=300828, class=java.lang.String@50000165)
OBJ 50004dbb (sz=24, trace=300829, class=java.lang.String@50000165)
ARR 50004dbc (sz=72, trace=300806, nelems=0, elem type=char[])
OBJ 50004dbd (sz=24, trace=300824, class=java.lang.StringBuffer@50000119)
ARR 50004dbe (sz=48, trace=300825, nelems=0, elem type=char[])
ARR 50004dbf (sz=88, trace=300826, nelems=0, elem type=char[])
ARR 50004dc0 (sz=80, trace=300827, nelems=0, elem type=char[])
OBJ 50004dc1 (sz=24, trace=300828, class=java.lang.String@50000165)
OBJ 50004dc2 (sz=24, trace=300829, class=java.lang.String@50000165)
ARR 50004dc3 (sz=72, trace=300806, nelems=0, elem type=char[])
OBJ 50004dc4 (sz=24, trace=300824, class=java.lang.StringBuffer@50000119)
ARR 50004dc5 (sz=48, trace=300825, nelems=0, elem type=char[])
ARR 50004dc6 (sz=24, trace=300827, nelems=0, elem type=char[])
OBJ 50004dc7 (sz=24, trace=300828, class=java.lang.String@50000165)
ARR 50004dc8 (sz=48, trace=301418, nelems=0, elem type=int[])
OBJ 50004dc9 (sz=56, trace=301422, class=jdk.internal.org.objectweb.asm.Item@5000118d)
OBJ 50004dca (sz=56, trace=300832, class=jdk.internal.org.objectweb.asm.Item@5000118d)
OBJ 50004dcb (sz=56, trace=301423, class=jdk.internal.org.objectweb.asm.Item@5000118d)
OBJ 50004dcc (sz=56, trace=301424, class=jdk.internal.org.objectweb.asm.Item@5000118d)
OBJ 50004dcd (sz=24, trace=301425, class=jdk.internal.org.objectweb.asm.ByteVector@5000118a)
ARR 50004dce (sz=3048, trace=301426, nelems=0, elem type=byte[])
OBJ 50004dd0 (sz=32, trace=301428, class=java.util.concurrent.ConcurrentHashMap$Node@50000021)
	key		50004aea
	val		50004dcf
OBJ 50004dd1 (sz=40, trace=301429, class=java.lang.invoke.BoundMethodHandle$SpeciesData@50001095)
	typeChars	50004aea
	typeCodes	50004dd2
	clazz		50004dcf
	constructor	50004dd3
	getters		50004e02
	nominalGetters	50004e1e
	extensions	50004e21
ARR 50004dd2 (sz=24, trace=301430, nelems=2, elem type=java.lang.invoke.LambdaForm$BasicType[]@50000f60)
	[0]		50000f5a
	[1]		50000f5a
ARR 50004dd3 (sz=24, trace=301431, nelems=1, elem type=java.lang.invoke.MethodHandle[]@5000018c)
	[0]		50004e01
OBJ 50004dd4 (sz=24, trace=300605, class=java.lang.StringBuilder@50000118)
ARR 50004dd5 (sz=168, trace=300606, nelems=0, elem type=char[])
ARR 50004dd6 (sz=24, trace=300607, nelems=0, elem type=char[])
ARR 50004dd7 (sz=320, trace=300010, nelems=0, elem type=char[])
OBJ 50004dd8 (sz=24, trace=300608, class=java.lang.String@50000165)
ARR 50004dd9 (sz=280, trace=300609, nelems=0, elem type=char[])
ARR 50004dda (sz=24, trace=300611, nelems=0, elem type=int[])
OBJ 50004ddb (sz=24, trace=300612, class=java.util.ArrayList@500000d4)
OBJ 50004ddc (sz=24, trace=300613, class=java.lang.String@50000165)
ARR 50004ddd (sz=72, trace=300614, nelems=0, elem type=char[])
ARR 50004dde (sz=72, trace=300615, nelems=0, elem type=char[])
OBJ 50004ddf (sz=24, trace=300616, class=java.lang.String@50000165)
OBJ 50004de0 (sz=16, trace=300048, class=java.lang.Object@50000169)
OBJ 50004de1 (sz=16, trace=300051, class=java.lang.Object@50000169)
ARR 50004de2 (sz=56, trace=300237, nelems=0, elem type=java.lang.Object[]@500000ff)
OBJ 50004de3 (sz=24, trace=300613, class=java.lang.String@50000165)
ARR 50004de4 (sz=72, trace=300614, nelems=0, elem type=char[])
ARR 50004de5 (sz=72, trace=300615, nelems=0, elem type=char[])
OBJ 50004de6 (sz=24, trace=300616, class=java.lang.String@50000165)
OBJ 50004de7 (sz=16, trace=300048, class=java.lang.Object@50000169)
OBJ 50004de8 (sz=16, trace=300051, class=java.lang.Object@50000169)
OBJ 50004de9 (sz=24, trace=300613, class=java.lang.String@50000165)
ARR 50004dea (sz=48, trace=300614, nelems=0, elem type=char[])
ARR 50004deb (sz=48, trace=300615, nelems=0, elem type=char[])
OBJ 50004dec (sz=24, trace=300616, class=java.lang.String@50000165)
OBJ 50004ded (sz=16, trace=300048, class=java.lang.Object@50000169)
OBJ 50004dee (sz=24, trace=300613, class=java.lang.String@50000165)
ARR 50004def (sz=48, trace=300614, nelems=0, elem type=char[])
ARR 50004df0 (sz=48, trace=300615, nelems=0, elem type=char[])
OBJ 50004df1 (sz=24, trace=300616, class=java.lang.String@50000165)
OBJ 50004df2 (sz=16, trace=300048, class=java.lang.Object@50000169)
OBJ 50004df3 (sz=24, trace=300617, class=java.lang.String@50000165)
ARR 50004df4 (sz=88, trace=300614, nelems=0, elem type=char[])
ARR 50004df5 (sz=88, trace=300618, nelems=0, elem type=char[])
OBJ 50004df6 (sz=24, trace=300619, class=java.lang.String@50000165)
OBJ 50004df7 (sz=16, trace=300048, class=java.lang.Object@50000169)
OBJ 50004df8 (sz=16, trace=300051, class=java.lang.Object@50000169)
OBJ 50004df9 (sz=40, trace=300620, class=java.lang.invoke.MethodType@50000121)
OBJ 50004dfa (sz=32, trace=300443, class=java.lang.invoke.MethodType$ConcurrentWeakInternSet$WeakEntry@50000b5f)
OBJ 50004dfb (sz=40, trace=300621, class=java.lang.invoke.MethodType@50000121)
	rtype		50001093
	ptypes		50006e93
	form		500010e9
OBJ 50004dfc (sz=40, trace=300445, class=java.lang.invoke.MethodType@50000121)
OBJ 50004dfd (sz=32, trace=300443, class=java.lang.invoke.MethodType$ConcurrentWeakInternSet$WeakEntry@50000b5f)
OBJ 50004dfe (sz=32, trace=300452, class=java.lang.invoke.MethodType$ConcurrentWeakInternSet$WeakEntry@50000b5f)
	referent	50004dfb
	queue		50000b52
OBJ 50004dff (sz=32, trace=300521, class=java.util.concurrent.ConcurrentHashMap$Node@50000021)
	key		50004dfe
	val		50004dfe
OBJ 50004e00 (sz=56, trace=300622, class=java.lang.invoke.MemberName@50000124)
OBJ 50004e01 (sz=32, trace=300865, class=java.lang.invoke.DirectMethodHandle@50000125)
	type		50004dfb
	form		50002b25
	member		50006e92
ARR 50004e02 (sz=24, trace=301432, nelems=2, elem type=java.lang.invoke.MethodHandle[]@5000018c)
	[0]		50004e12
	[1]		50004e1d
OBJ 50004e03 (sz=24, trace=300866, class=java.lang.StringBuilder@50000118)
ARR 50004e04 (sz=48, trace=300867, nelems=0, elem type=char[])
OBJ 50004e05 (sz=24, trace=300868, class=java.lang.String@50000165)
	value		50004e06
ARR 50004e06 (sz=10, trace=300869, nelems=5, elem type=char[])
OBJ 50004e07 (sz=56, trace=300870, class=java.lang.invoke.MemberName@50000124)
OBJ 50004e08 (sz=40, trace=300872, class=java.lang.invoke.MethodType@50000121)
OBJ 50004e09 (sz=32, trace=300443, class=java.lang.invoke.MethodType$ConcurrentWeakInternSet$WeakEntry@50000b5f)
ARR 50004e0a (sz=24, trace=300873, nelems=0, elem type=java.lang.Class[]@500000fa)
OBJ 50004e0b (sz=40, trace=300857, class=java.lang.invoke.MethodType@50000121)
OBJ 50004e0c (sz=32, trace=300443, class=java.lang.invoke.MethodType$ConcurrentWeakInternSet$WeakEntry@50000b5f)
OBJ 50004e0d (sz=40, trace=300858, class=java.lang.invoke.MethodType@50000121)
	rtype		50000169
	ptypes		50006e99
	form		50000fab
OBJ 50004e0e (sz=40, trace=300445, class=java.lang.invoke.MethodType@50000121)
OBJ 50004e0f (sz=32, trace=300443, class=java.lang.invoke.MethodType$ConcurrentWeakInternSet$WeakEntry@50000b5f)
OBJ 50004e10 (sz=32, trace=300452, class=java.lang.invoke.MethodType$ConcurrentWeakInternSet$WeakEntry@50000b5f)
	referent	50004e0d
	queue		50000b52
OBJ 50004e11 (sz=32, trace=300521, class=java.util.concurrent.ConcurrentHashMap$Node@50000021)
	key		50004e10
	val		50004e10
OBJ 50004e12 (sz=40, trace=300934, class=java.lang.invoke.DirectMethodHandle$Accessor@50001758)
	type		50004e0d
	form		500016a4
	member		50006e9a
	fieldType	50000169
OBJ 50004e13 (sz=24, trace=300866, class=java.lang.StringBuilder@50000118)
ARR 50004e14 (sz=48, trace=300867, nelems=0, elem type=char[])
OBJ 50004e15 (sz=24, trace=300868, class=java.lang.String@50000165)
	value		50004e16
ARR 50004e16 (sz=10, trace=300869, nelems=5, elem type=char[])
OBJ 50004e17 (sz=56, trace=300870, class=java.lang.invoke.MemberName@50000124)
OBJ 50004e18 (sz=40, trace=300872, class=java.lang.invoke.MethodType@50000121)
OBJ 50004e19 (sz=32, trace=300443, class=java.lang.invoke.MethodType$ConcurrentWeakInternSet$WeakEntry@50000b5f)
ARR 50004e1a (sz=24, trace=300873, nelems=0, elem type=java.lang.Class[]@500000fa)
OBJ 50004e1b (sz=40, trace=300857, class=java.lang.invoke.MethodType@50000121)
OBJ 50004e1c (sz=32, trace=300443, class=java.lang.invoke.MethodType$ConcurrentWeakInternSet$WeakEntry@50000b5f)
OBJ 50004e1d (sz=40, trace=300934, class=java.lang.invoke.DirectMethodHandle$Accessor@50001758)
	type		50004e0d
	form		500016a4
	member		50006e98
	fieldType	50000169
ARR 50004e1e (sz=24, trace=301433, nelems=2, elem type=java.lang.invoke.LambdaForm$NamedFunction[]@50000f9a)
	[0]		50004e1f
	[1]		50004e20
OBJ 50004e1f (sz=24, trace=301434, class=java.lang.invoke.LambdaForm$NamedFunction@50000f99)
	member		50006e9a
	resolvedHandle	50004e12
OBJ 50004e20 (sz=24, trace=301434, class=java.lang.invoke.LambdaForm$NamedFunction@50000f99)
	member		50006e98
	resolvedHandle	50004e1d
ARR 50004e21 (sz=40, trace=301435, nelems=1, elem type=java.lang.invoke.BoundMethodHandle$SpeciesData[]@5000109b)
	[0]		50005318
OBJ 50004e22 (sz=56, trace=300039, class=java.lang.Class$ReflectionData@500000a8)
OBJ 50004e23 (sz=40, trace=300040, class=java.lang.ref.SoftReference@50000149)
OBJ 50004e24 (sz=72, trace=300041, class=java.lang.reflect.Field@50000138)
ARR 50004e27 (sz=24, trace=301438, nelems=1, elem type=java.lang.String[]@500000bf)
	[0]		50006550
OBJ 50004e28 (sz=48, trace=301439, class=java.util.HashMap@500000bd)
	table		50004e2d
OBJ 50004e2a (sz=16, trace=301441, class=java.util.HashMap$EntrySet@50004e29)
OBJ 50004e2c (sz=40, trace=301443, class=java.util.HashMap$EntryIterator@50004e2b)
ARR 50004e2d (sz=48, trace=301444, nelems=6, elem type=java.util.HashMap$Node[]@500000b9)
	[2]		50004e2e
	[5]		50004e2f
OBJ 50004e2e (sz=32, trace=301445, class=java.util.HashMap$Node@500000bb)
	key		500000be
	value		5000654b
	next		50004e30
OBJ 50004e2f (sz=32, trace=301445, class=java.util.HashMap$Node@500000bb)
	key		5000015e
	value		50006549
OBJ 50004e30 (sz=32, trace=301446, class=java.util.HashMap$Node@500000bb)
	key		50000161
	value		5000654e
	next		50004e31
OBJ 50004e31 (sz=32, trace=300240, class=java.util.HashMap$Node@500000bb)
	key		50000129
	value		50004e27
OBJ 50004e32 (sz=32, trace=301447, class=sun.reflect.UnsafeStaticObjectFieldAccessorImpl@50004e26)
OBJ 50004e33 (sz=32, trace=301448, class=java.util.concurrent.ConcurrentHashMap$Node@50000021)
	key		50004aea
	val		50004dd1
ARR 50004e34 (sz=24, trace=301449, nelems=0, elem type=java.lang.Object[]@500000ff)
ARR 50004e35 (sz=24, trace=301450, nelems=0, elem type=java.lang.Object[]@500000ff)
OBJ 50004e36 (sz=32, trace=301451, class=java.lang.invoke.LambdaForm$Name@50000f62)
OBJ 50004e37 (sz=32, trace=301452, class=java.lang.invoke.LambdaForm$Name@50000f62)
	type		50000f5a
	constraint	50004dd1
ARR 50004e38 (sz=24, trace=301453, nelems=0, elem type=java.lang.Object[]@500000ff)
ARR 50004e39 (sz=24, trace=301454, nelems=1, elem type=java.lang.Object[]@500000ff)
	[0]		50004e37
OBJ 50004e3a (sz=32, trace=301455, class=java.lang.invoke.LambdaForm$Name@50000f62)
	type		50000f5a
	function	50004e20
	arguments	50004e39
ARR 50004e3b (sz=24, trace=301195, nelems=1, elem type=java.lang.Object[]@500000ff)
	[0]		50004e37
OBJ 50004e3c (sz=32, trace=301196, class=java.lang.invoke.LambdaForm$Name@50000f62)
	type		50000f5a
	function	50004e1f
	arguments	50004e3b
ARR 50004e3d (sz=32, trace=301195, nelems=0, elem type=java.lang.Object[]@500000ff)
OBJ 50004e3e (sz=32, trace=301196, class=java.lang.invoke.LambdaForm$Name@50000f62)
ARR 50004e3f (sz=32, trace=301456, nelems=0, elem type=java.lang.invoke.LambdaForm$Name[]@50000fce)
OBJ 50004e40 (sz=48, trace=301199, class=java.lang.invoke.LambdaForm@50000122)
	names		50006fb0
	debugName	50006e2f
	vmentry		50006faf
OBJ 50004e41 (sz=32, trace=301457, class=java.lang.invoke.LambdaForm$Name@50000f62)
ARR 50004e42 (sz=32, trace=301458, nelems=3, elem type=java.lang.Object[]@500000ff)
	[0]		50004e3c
	[1]		50004e3a
	[2]		50000f66
OBJ 50004e43 (sz=32, trace=301459, class=java.lang.invoke.LambdaForm$Name@50000f62)
	type		50000f5a
	function	5000433b
	arguments	50004e42
OBJ 50004e44 (sz=56, trace=301187, class=java.lang.invoke.LambdaFormEditor$Transform@500043f9)
	referent	50004e40
	queue		50006b4d
ARR 50004e46 (sz=32, trace=301460, nelems=2, elem type=java.lang.invoke.LambdaFormEditor$Transform[]@50004e45)
	[0]		50004409
	[1]		50004e44
OBJ 50004e47 (sz=40, trace=301461, class=java.lang.invoke.BoundMethodHandle$Species_LL@50004dcf)
	type		50000faa
	form		50004e40
	argL0		50004325
	argL1		50000121
OBJ 50004e48 (sz=24, trace=300696, class=java.lang.StringBuilder@50000118)
ARR 50004e49 (sz=32, trace=300697, nelems=0, elem type=char[])
OBJ 50004e4a (sz=24, trace=300698, class=java.lang.String@50000165)
ARR 50004e4b (sz=24, trace=300699, nelems=0, elem type=char[])
ARR 50004e4c (sz=24, trace=300938, nelems=0, elem type=java.lang.Class[]@500000fa)
OBJ 50004e4d (sz=40, trace=300701, class=java.lang.invoke.MethodType@50000121)
OBJ 50004e4e (sz=32, trace=300443, class=java.lang.invoke.MethodType$ConcurrentWeakInternSet$WeakEntry@50000b5f)
OBJ 50004e4f (sz=64, trace=300704, class=java.lang.invoke.InvokerBytecodeGenerator@50001172)
OBJ 50004e50 (sz=48, trace=300705, class=java.util.HashMap@500000bd)
OBJ 50004e51 (sz=24, trace=300706, class=java.lang.String@50000165)
ARR 50004e52 (sz=24, trace=300707, nelems=0, elem type=char[])
OBJ 50004e53 (sz=24, trace=300708, class=java.lang.String@50000165)
	value		50004e54
ARR 50004e54 (sz=16, trace=300709, nelems=8, elem type=char[])
OBJ 50004e55 (sz=24, trace=300710, class=java.lang.StringBuilder@50000118)
ARR 50004e56 (sz=48, trace=300711, nelems=0, elem type=char[])
ARR 50004e57 (sz=88, trace=300010, nelems=0, elem type=char[])
OBJ 50004e58 (sz=24, trace=300712, class=java.lang.String@50000165)
ARR 50004e59 (sz=80, trace=300713, nelems=0, elem type=char[])
OBJ 50004e5a (sz=24, trace=300714, class=java.lang.StringBuilder@50000118)
ARR 50004e5b (sz=48, trace=300715, nelems=0, elem type=char[])
OBJ 50004e5c (sz=24, trace=300716, class=java.lang.String@50000165)
ARR 50004e5d (sz=48, trace=300717, nelems=0, elem type=char[])
ARR 50004e5e (sz=40, trace=300718, nelems=0, elem type=int[])
ARR 50004e5f (sz=40, trace=300719, nelems=0, elem type=java.lang.invoke.LambdaForm$BasicType[]@50000f60)
ARR 50004e60 (sz=40, trace=300720, nelems=0, elem type=java.lang.Class[]@500000fa)
OBJ 50004e61 (sz=168, trace=300723, class=jdk.internal.org.objectweb.asm.ClassWriter@50001187)
OBJ 50004e62 (sz=24, trace=300725, class=jdk.internal.org.objectweb.asm.ByteVector@5000118a)
ARR 50004e63 (sz=80, trace=300726, nelems=0, elem type=byte[])
ARR 50004e64 (sz=1040, trace=300728, nelems=0, elem type=jdk.internal.org.objectweb.asm.Item[]@5000118e)
OBJ 50004e65 (sz=56, trace=300729, class=jdk.internal.org.objectweb.asm.Item@5000118d)
OBJ 50004e66 (sz=56, trace=300730, class=jdk.internal.org.objectweb.asm.Item@5000118d)
OBJ 50004e67 (sz=56, trace=300731, class=jdk.internal.org.objectweb.asm.Item@5000118d)
OBJ 50004e68 (sz=56, trace=300732, class=jdk.internal.org.objectweb.asm.Item@5000118d)
OBJ 50004e69 (sz=56, trace=300733, class=jdk.internal.org.objectweb.asm.Item@5000118d)
OBJ 50004e6a (sz=56, trace=300734, class=jdk.internal.org.objectweb.asm.Item@5000118d)
OBJ 50004e6b (sz=56, trace=300733, class=jdk.internal.org.objectweb.asm.Item@5000118d)
OBJ 50004e6c (sz=56, trace=300735, class=jdk.internal.org.objectweb.asm.Item@5000118d)
ARR 50004e6d (sz=144, trace=300736, nelems=0, elem type=byte[])
OBJ 50004e6e (sz=56, trace=300737, class=jdk.internal.org.objectweb.asm.Item@5000118d)
OBJ 50004e6f (sz=224, trace=300748, class=jdk.internal.org.objectweb.asm.MethodWriter@500011ab)
OBJ 50004e70 (sz=24, trace=300749, class=jdk.internal.org.objectweb.asm.ByteVector@5000118a)
ARR 50004e71 (sz=80, trace=300750, nelems=0, elem type=byte[])
OBJ 50004e72 (sz=56, trace=300751, class=jdk.internal.org.objectweb.asm.Item@5000118d)
ARR 50004e73 (sz=272, trace=300752, nelems=0, elem type=byte[])
OBJ 50004e74 (sz=56, trace=300753, class=jdk.internal.org.objectweb.asm.Item@5000118d)
OBJ 50004e75 (sz=64, trace=300765, class=jdk.internal.org.objectweb.asm.Label@500011bc)
OBJ 50004e76 (sz=48, trace=300768, class=jdk.internal.org.objectweb.asm.Frame@500011be)
OBJ 50004e77 (sz=24, trace=300769, class=jdk.internal.org.objectweb.asm.ByteVector@5000118a)
ARR 50004e78 (sz=80, trace=300770, nelems=0, elem type=byte[])
OBJ 50004e79 (sz=56, trace=300771, class=jdk.internal.org.objectweb.asm.Item@5000118d)
OBJ 50004e7a (sz=56, trace=300773, class=jdk.internal.org.objectweb.asm.AnnotationWriter@500011c5)
OBJ 50004e7b (sz=24, trace=300774, class=jdk.internal.org.objectweb.asm.ByteVector@5000118a)
ARR 50004e7c (sz=80, trace=300775, nelems=0, elem type=byte[])
OBJ 50004e7d (sz=56, trace=300776, class=jdk.internal.org.objectweb.asm.Item@5000118d)
OBJ 50004e7e (sz=56, trace=300773, class=jdk.internal.org.objectweb.asm.AnnotationWriter@500011c5)
OBJ 50004e7f (sz=24, trace=300777, class=jdk.internal.org.objectweb.asm.ByteVector@5000118a)
ARR 50004e80 (sz=80, trace=300778, nelems=0, elem type=byte[])
ARR 50004e81 (sz=528, trace=300779, nelems=0, elem type=byte[])
OBJ 50004e82 (sz=56, trace=300780, class=jdk.internal.org.objectweb.asm.Item@5000118d)
OBJ 50004e83 (sz=56, trace=300773, class=jdk.internal.org.objectweb.asm.AnnotationWriter@500011c5)
OBJ 50004e84 (sz=24, trace=300795, class=java.lang.String@50000165)
ARR 50004e85 (sz=72, trace=300462, nelems=0, elem type=char[])
OBJ 50004e86 (sz=40, trace=300872, class=java.lang.invoke.MethodType@50000121)
OBJ 50004e87 (sz=32, trace=300443, class=java.lang.invoke.MethodType$ConcurrentWeakInternSet$WeakEntry@50000b5f)
ARR 50004e88 (sz=112, trace=300796, nelems=0, elem type=char[])
OBJ 50004e89 (sz=24, trace=300797, class=java.lang.String@50000165)
ARR 50004e8a (sz=56, trace=300798, nelems=0, elem type=int[])
ARR 50004e8b (sz=112, trace=300811, nelems=0, elem type=char[])
OBJ 50004e8c (sz=24, trace=300812, class=java.lang.String@50000165)
OBJ 50004e8d (sz=56, trace=300813, class=jdk.internal.org.objectweb.asm.Item@5000118d)
OBJ 50004e8e (sz=56, trace=300814, class=jdk.internal.org.objectweb.asm.Item@5000118d)
OBJ 50004e8f (sz=56, trace=300815, class=jdk.internal.org.objectweb.asm.Item@5000118d)
ARR 50004e90 (sz=80, trace=301072, nelems=0, elem type=jdk.internal.org.objectweb.asm.Item[]@5000118e)
ARR 50004e91 (sz=56, trace=300809, nelems=0, elem type=int[])
OBJ 50004e92 (sz=24, trace=301082, class=java.lang.StringBuilder@50000118)
ARR 50004e93 (sz=48, trace=301083, nelems=0, elem type=char[])
ARR 50004e94 (sz=48, trace=301084, nelems=0, elem type=char[])
OBJ 50004e95 (sz=24, trace=301085, class=java.lang.String@50000165)
ARR 50004e96 (sz=88, trace=300010, nelems=0, elem type=char[])
OBJ 50004e97 (sz=24, trace=301086, class=java.lang.String@50000165)
ARR 50004e98 (sz=56, trace=301087, nelems=0, elem type=char[])
OBJ 50004e99 (sz=56, trace=300801, class=jdk.internal.org.objectweb.asm.Item@5000118d)
OBJ 50004e9a (sz=56, trace=300802, class=jdk.internal.org.objectweb.asm.Item@5000118d)
OBJ 50004e9b (sz=56, trace=301088, class=jdk.internal.org.objectweb.asm.Item@5000118d)
OBJ 50004e9c (sz=56, trace=301089, class=jdk.internal.org.objectweb.asm.Item@5000118d)
OBJ 50004e9d (sz=24, trace=300805, class=java.lang.String@50000165)
ARR 50004e9e (sz=48, trace=300806, nelems=0, elem type=char[])
OBJ 50004e9f (sz=56, trace=300807, class=jdk.internal.org.objectweb.asm.Item@5000118d)
OBJ 50004ea0 (sz=40, trace=300872, class=java.lang.invoke.MethodType@50000121)
OBJ 50004ea1 (sz=32, trace=300443, class=java.lang.invoke.MethodType$ConcurrentWeakInternSet$WeakEntry@50000b5f)
ARR 50004ea2 (sz=24, trace=300931, nelems=0, elem type=java.lang.Class[]@500000fa)
OBJ 50004ea3 (sz=40, trace=300860, class=java.lang.invoke.MethodType@50000121)
OBJ 50004ea4 (sz=32, trace=300443, class=java.lang.invoke.MethodType$ConcurrentWeakInternSet$WeakEntry@50000b5f)
OBJ 50004ea5 (sz=24, trace=300795, class=java.lang.String@50000165)
ARR 50004ea6 (sz=72, trace=300462, nelems=0, elem type=char[])
OBJ 50004ea7 (sz=40, trace=300872, class=java.lang.invoke.MethodType@50000121)
OBJ 50004ea8 (sz=32, trace=300443, class=java.lang.invoke.MethodType$ConcurrentWeakInternSet$WeakEntry@50000b5f)
ARR 50004ea9 (sz=112, trace=300796, nelems=0, elem type=char[])
OBJ 50004eaa (sz=24, trace=300797, class=java.lang.String@50000165)
OBJ 50004eab (sz=24, trace=301082, class=java.lang.StringBuilder@50000118)
ARR 50004eac (sz=48, trace=301083, nelems=0, elem type=char[])
ARR 50004ead (sz=48, trace=301084, nelems=0, elem type=char[])
OBJ 50004eae (sz=24, trace=301085, class=java.lang.String@50000165)
ARR 50004eaf (sz=88, trace=300010, nelems=0, elem type=char[])
OBJ 50004eb0 (sz=24, trace=301086, class=java.lang.String@50000165)
ARR 50004eb1 (sz=56, trace=301087, nelems=0, elem type=char[])
OBJ 50004eb2 (sz=56, trace=300801, class=jdk.internal.org.objectweb.asm.Item@5000118d)
OBJ 50004eb3 (sz=56, trace=301088, class=jdk.internal.org.objectweb.asm.Item@5000118d)
OBJ 50004eb4 (sz=56, trace=301089, class=jdk.internal.org.objectweb.asm.Item@5000118d)
OBJ 50004eb5 (sz=24, trace=300805, class=java.lang.String@50000165)
ARR 50004eb6 (sz=48, trace=300806, nelems=0, elem type=char[])
OBJ 50004eb7 (sz=40, trace=300872, class=java.lang.invoke.MethodType@50000121)
OBJ 50004eb8 (sz=32, trace=300443, class=java.lang.invoke.MethodType$ConcurrentWeakInternSet$WeakEntry@50000b5f)
ARR 50004eb9 (sz=24, trace=300931, nelems=0, elem type=java.lang.Class[]@500000fa)
OBJ 50004eba (sz=40, trace=300860, class=java.lang.invoke.MethodType@50000121)
OBJ 50004ebb (sz=32, trace=300443, class=java.lang.invoke.MethodType$ConcurrentWeakInternSet$WeakEntry@50000b5f)
OBJ 50004ebc (sz=24, trace=300795, class=java.lang.String@50000165)
ARR 50004ebd (sz=40, trace=300462, nelems=0, elem type=char[])
OBJ 50004ebe (sz=56, trace=300813, class=jdk.internal.org.objectweb.asm.Item@5000118d)
OBJ 50004ebf (sz=56, trace=300814, class=jdk.internal.org.objectweb.asm.Item@5000118d)
OBJ 50004ec0 (sz=56, trace=300815, class=jdk.internal.org.objectweb.asm.Item@5000118d)
OBJ 50004ec1 (sz=56, trace=300801, class=jdk.internal.org.objectweb.asm.Item@5000118d)
OBJ 50004ec2 (sz=56, trace=300803, class=jdk.internal.org.objectweb.asm.Item@5000118d)
OBJ 50004ec3 (sz=56, trace=300804, class=jdk.internal.org.objectweb.asm.Item@5000118d)
OBJ 50004ec4 (sz=24, trace=300805, class=java.lang.String@50000165)
ARR 50004ec5 (sz=48, trace=300806, nelems=0, elem type=char[])
ARR 50004ec6 (sz=24, trace=300931, nelems=0, elem type=java.lang.Class[]@500000fa)
OBJ 50004ec7 (sz=40, trace=300860, class=java.lang.invoke.MethodType@50000121)
OBJ 50004ec8 (sz=32, trace=300443, class=java.lang.invoke.MethodType$ConcurrentWeakInternSet$WeakEntry@50000b5f)
OBJ 50004ec9 (sz=64, trace=300817, class=jdk.internal.org.objectweb.asm.Label@500011bc)
OBJ 50004eca (sz=48, trace=300818, class=jdk.internal.org.objectweb.asm.Frame@500011be)
ARR 50004ecb (sz=128, trace=300819, nelems=0, elem type=char[])
ARR 50004ecc (sz=24, trace=300820, nelems=0, elem type=jdk.internal.org.objectweb.asm.Type[]@50001222)
OBJ 50004ecd (sz=32, trace=300821, class=jdk.internal.org.objectweb.asm.Type@500011b2)
OBJ 50004ece (sz=32, trace=300821, class=jdk.internal.org.objectweb.asm.Type@500011b2)
ARR 50004ecf (sz=32, trace=300822, nelems=0, elem type=int[])
ARR 50004ed0 (sz=16, trace=300823, nelems=0, elem type=int[])
OBJ 50004ed1 (sz=24, trace=300824, class=java.lang.StringBuffer@50000119)
ARR 50004ed2 (sz=48, trace=300825, nelems=0, elem type=char[])
ARR 50004ed3 (sz=88, trace=300826, nelems=0, elem type=char[])
ARR 50004ed4 (sz=56, trace=300827, nelems=0, elem type=char[])
OBJ 50004ed5 (sz=24, trace=300828, class=java.lang.String@50000165)
OBJ 50004ed6 (sz=24, trace=300829, class=java.lang.String@50000165)
ARR 50004ed7 (sz=48, trace=300806, nelems=0, elem type=char[])
OBJ 50004ed8 (sz=24, trace=300824, class=java.lang.StringBuffer@50000119)
ARR 50004ed9 (sz=48, trace=300825, nelems=0, elem type=char[])
ARR 50004eda (sz=88, trace=300826, nelems=0, elem type=char[])
ARR 50004edb (sz=56, trace=300827, nelems=0, elem type=char[])
OBJ 50004edc (sz=24, trace=300828, class=java.lang.String@50000165)
OBJ 50004edd (sz=24, trace=300829, class=java.lang.String@50000165)
ARR 50004ede (sz=48, trace=300806, nelems=0, elem type=char[])
ARR 50004edf (sz=40, trace=300830, nelems=0, elem type=int[])
ARR 50004ee0 (sz=24, trace=300940, nelems=0, elem type=java.lang.Object[]@500000ff)
OBJ 50004ee1 (sz=56, trace=300832, class=jdk.internal.org.objectweb.asm.Item@5000118d)
OBJ 50004ee2 (sz=56, trace=300833, class=jdk.internal.org.objectweb.asm.Item@5000118d)
OBJ 50004ee3 (sz=56, trace=300834, class=jdk.internal.org.objectweb.asm.Item@5000118d)
OBJ 50004ee4 (sz=24, trace=300835, class=jdk.internal.org.objectweb.asm.ByteVector@5000118a)
ARR 50004ee5 (sz=600, trace=300836, nelems=0, elem type=byte[])
ARR 50004ee6 (sz=128, trace=300837, nelems=0, elem type=java.lang.Object[]@500000ff)
OBJ 50004ee7 (sz=16, trace=300839, class=java.util.HashMap$Values@5000123e)
OBJ 50004ee8 (sz=40, trace=300841, class=java.util.HashMap$ValueIterator@50001241)
OBJ 50004eea (sz=56, trace=300843, class=java.lang.invoke.MemberName@50000124)
OBJ 50004eeb (sz=16, trace=301168, class=java.lang.invoke.LambdaFormEditor@500043e6)
OBJ 50004eec (sz=56, trace=301187, class=java.lang.invoke.LambdaFormEditor$Transform@500043f9)
ARR 50004eed (sz=24, trace=301462, nelems=0, elem type=java.lang.Class[]@500000fa)
OBJ 50004eee (sz=40, trace=301463, class=java.lang.invoke.MethodType@50000121)
OBJ 50004eef (sz=32, trace=300443, class=java.lang.invoke.MethodType$ConcurrentWeakInternSet$WeakEntry@50000b5f)
OBJ 50004ef0 (sz=48, trace=301464, class=java.lang.invoke.LambdaFormBuffer@500043fc)
ARR 50004ef1 (sz=24, trace=301465, nelems=0, elem type=java.lang.Object[]@500000ff)
ARR 50004ef2 (sz=24, trace=301466, nelems=0, elem type=java.lang.Object[]@500000ff)
OBJ 50004ef3 (sz=32, trace=301467, class=java.lang.invoke.LambdaForm$Name@50000f62)
OBJ 50004ef4 (sz=32, trace=301468, class=java.lang.invoke.LambdaForm$Name@50000f62)
	type		50000f5a
	constraint	50004dd1
ARR 50004ef5 (sz=24, trace=301469, nelems=0, elem type=java.lang.Object[]@500000ff)
ARR 50004ef6 (sz=24, trace=301470, nelems=1, elem type=java.lang.Object[]@500000ff)
	[0]		50004ef4
OBJ 50004ef7 (sz=32, trace=301471, class=java.lang.invoke.LambdaForm$Name@50000f62)
	type		50000f5a
	function	50004e20
	arguments	50004ef6
ARR 50004ef8 (sz=24, trace=301472, nelems=0, elem type=java.lang.Object[]@500000ff)
ARR 50004ef9 (sz=24, trace=301473, nelems=0, elem type=java.lang.invoke.LambdaForm$Name[]@50000fce)
OBJ 50004efa (sz=24, trace=300685, class=java.util.Arrays$ArrayList@5000115f)
OBJ 50004efb (sz=24, trace=300686, class=java.util.Collections$UnmodifiableRandomAccessList@500000ca)
ARR 50004efc (sz=24, trace=301474, nelems=0, elem type=java.lang.invoke.LambdaForm$BasicType[]@50000f60)
OBJ 50004efd (sz=32, trace=301475, class=java.lang.invoke.LambdaForm$Name@50000f62)
OBJ 50004efe (sz=24, trace=301476, class=java.lang.invoke.LambdaForm$NamedFunction@50000f99)
	member		50006e25
	resolvedHandle	500024ba
ARR 50004eff (sz=24, trace=301477, nelems=2, elem type=java.lang.Object[]@500000ff)
	[0]		50004ef7
	[1]		50000f69
OBJ 50004f00 (sz=32, trace=301478, class=java.lang.invoke.LambdaForm$Name@50000f62)
	type		50000f5a
	function	50004efe
	arguments	50004eff
OBJ 50004f01 (sz=24, trace=301194, class=java.util.ArrayList@500000d4)
ARR 50004f02 (sz=56, trace=300237, nelems=0, elem type=java.lang.Object[]@500000ff)
ARR 50004f03 (sz=24, trace=301195, nelems=1, elem type=java.lang.Object[]@500000ff)
	[0]		50004ef4
OBJ 50004f04 (sz=32, trace=301196, class=java.lang.invoke.LambdaForm$Name@50000f62)
	type		50000f5a
	function	50004e1f
	arguments	50004f03
ARR 50004f05 (sz=48, trace=301195, nelems=7, elem type=java.lang.Object[]@500000ff)
	[0]		50004f04
	[1]		50000f66
	[2]		50000f67
	[3]		50000f68
	[4]		50004f00
	[5]		50000f6a
	[6]		50000f6b
OBJ 50004f06 (sz=32, trace=301196, class=java.lang.invoke.LambdaForm$Name@50000f62)
	type		50000f5a
	function	50004a24
	arguments	50004f05
OBJ 50004f07 (sz=32, trace=301197, class=java.util.ArrayList$Itr@50001c93)
ARR 50004f08 (sz=48, trace=301479, nelems=0, elem type=java.lang.invoke.LambdaForm$Name[]@50000fce)
OBJ 50004f09 (sz=48, trace=301199, class=java.lang.invoke.LambdaForm@50000122)
	names		50006f88
	debugName	50006e2f
	vmentry		50006f87
	transformCache	5000539e
OBJ 50004f0a (sz=56, trace=301187, class=java.lang.invoke.LambdaFormEditor$Transform@500043f9)
	referent	50004f09
	queue		50006b4d
OBJ 50004f0b (sz=40, trace=301461, class=java.lang.invoke.BoundMethodHandle$Species_LL@50004dcf)
OBJ 50004f0c (sz=24, trace=300696, class=java.lang.StringBuilder@50000118)
ARR 50004f0d (sz=40, trace=300697, nelems=0, elem type=char[])
OBJ 50004f0e (sz=24, trace=300698, class=java.lang.String@50000165)
ARR 50004f0f (sz=40, trace=300699, nelems=0, elem type=char[])
ARR 50004f10 (sz=48, trace=300938, nelems=0, elem type=java.lang.Class[]@500000fa)
OBJ 50004f11 (sz=40, trace=300701, class=java.lang.invoke.MethodType@50000121)
OBJ 50004f12 (sz=32, trace=300443, class=java.lang.invoke.MethodType$ConcurrentWeakInternSet$WeakEntry@50000b5f)
OBJ 50004f13 (sz=64, trace=300704, class=java.lang.invoke.InvokerBytecodeGenerator@50001172)
OBJ 50004f14 (sz=48, trace=300705, class=java.util.HashMap@500000bd)
OBJ 50004f15 (sz=24, trace=300706, class=java.lang.String@50000165)
ARR 50004f16 (sz=24, trace=300707, nelems=0, elem type=char[])
OBJ 50004f17 (sz=24, trace=300708, class=java.lang.String@50000165)
	value		50004f18
ARR 50004f18 (sz=16, trace=300709, nelems=8, elem type=char[])
OBJ 50004f19 (sz=24, trace=300710, class=java.lang.StringBuilder@50000118)
ARR 50004f1a (sz=48, trace=300711, nelems=0, elem type=char[])
ARR 50004f1b (sz=88, trace=300010, nelems=0, elem type=char[])
OBJ 50004f1c (sz=24, trace=300712, class=java.lang.String@50000165)
ARR 50004f1d (sz=80, trace=300713, nelems=0, elem type=char[])
OBJ 50004f1e (sz=24, trace=300714, class=java.lang.StringBuilder@50000118)
ARR 50004f1f (sz=48, trace=300715, nelems=0, elem type=char[])
OBJ 50004f20 (sz=24, trace=300716, class=java.lang.String@50000165)
ARR 50004f21 (sz=48, trace=300717, nelems=0, elem type=char[])
ARR 50004f22 (sz=64, trace=300718, nelems=0, elem type=int[])
ARR 50004f23 (sz=64, trace=300719, nelems=0, elem type=java.lang.invoke.LambdaForm$BasicType[]@50000f60)
ARR 50004f24 (sz=64, trace=300720, nelems=0, elem type=java.lang.Class[]@500000fa)
OBJ 50004f25 (sz=168, trace=300723, class=jdk.internal.org.objectweb.asm.ClassWriter@50001187)
OBJ 50004f26 (sz=24, trace=300725, class=jdk.internal.org.objectweb.asm.ByteVector@5000118a)
ARR 50004f27 (sz=80, trace=300726, nelems=0, elem type=byte[])
ARR 50004f28 (sz=1040, trace=300728, nelems=0, elem type=jdk.internal.org.objectweb.asm.Item[]@5000118e)
OBJ 50004f29 (sz=56, trace=300729, class=jdk.internal.org.objectweb.asm.Item@5000118d)
OBJ 50004f2a (sz=56, trace=300730, class=jdk.internal.org.objectweb.asm.Item@5000118d)
OBJ 50004f2b (sz=56, trace=300731, class=jdk.internal.org.objectweb.asm.Item@5000118d)
OBJ 50004f2c (sz=56, trace=300732, class=jdk.internal.org.objectweb.asm.Item@5000118d)
OBJ 50004f2d (sz=56, trace=300733, class=jdk.internal.org.objectweb.asm.Item@5000118d)
OBJ 50004f2e (sz=56, trace=300734, class=jdk.internal.org.objectweb.asm.Item@5000118d)
OBJ 50004f2f (sz=56, trace=300733, class=jdk.internal.org.objectweb.asm.Item@5000118d)
OBJ 50004f30 (sz=56, trace=300735, class=jdk.internal.org.objectweb.asm.Item@5000118d)
ARR 50004f31 (sz=144, trace=300736, nelems=0, elem type=byte[])
OBJ 50004f32 (sz=56, trace=300737, class=jdk.internal.org.objectweb.asm.Item@5000118d)
OBJ 50004f33 (sz=224, trace=300748, class=jdk.internal.org.objectweb.asm.MethodWriter@500011ab)
OBJ 50004f34 (sz=24, trace=300749, class=jdk.internal.org.objectweb.asm.ByteVector@5000118a)
ARR 50004f35 (sz=80, trace=300750, nelems=0, elem type=byte[])
OBJ 50004f36 (sz=56, trace=300751, class=jdk.internal.org.objectweb.asm.Item@5000118d)
ARR 50004f37 (sz=272, trace=300752, nelems=0, elem type=byte[])
OBJ 50004f38 (sz=56, trace=300753, class=jdk.internal.org.objectweb.asm.Item@5000118d)
OBJ 50004f39 (sz=64, trace=300765, class=jdk.internal.org.objectweb.asm.Label@500011bc)
OBJ 50004f3a (sz=48, trace=300768, class=jdk.internal.org.objectweb.asm.Frame@500011be)
OBJ 50004f3b (sz=24, trace=300769, class=jdk.internal.org.objectweb.asm.ByteVector@5000118a)
ARR 50004f3c (sz=80, trace=300770, nelems=0, elem type=byte[])
ARR 50004f3d (sz=528, trace=300779, nelems=0, elem type=byte[])
OBJ 50004f3e (sz=56, trace=300771, class=jdk.internal.org.objectweb.asm.Item@5000118d)
OBJ 50004f3f (sz=56, trace=300773, class=jdk.internal.org.objectweb.asm.AnnotationWriter@500011c5)
OBJ 50004f40 (sz=24, trace=300774, class=jdk.internal.org.objectweb.asm.ByteVector@5000118a)
ARR 50004f41 (sz=80, trace=300775, nelems=0, elem type=byte[])
OBJ 50004f42 (sz=56, trace=300776, class=jdk.internal.org.objectweb.asm.Item@5000118d)
OBJ 50004f43 (sz=56, trace=300773, class=jdk.internal.org.objectweb.asm.AnnotationWriter@500011c5)
OBJ 50004f44 (sz=24, trace=300777, class=jdk.internal.org.objectweb.asm.ByteVector@5000118a)
ARR 50004f45 (sz=80, trace=300778, nelems=0, elem type=byte[])
OBJ 50004f46 (sz=56, trace=300780, class=jdk.internal.org.objectweb.asm.Item@5000118d)
OBJ 50004f47 (sz=56, trace=300773, class=jdk.internal.org.objectweb.asm.AnnotationWriter@500011c5)
OBJ 50004f48 (sz=24, trace=300795, class=java.lang.String@50000165)
ARR 50004f49 (sz=72, trace=300462, nelems=0, elem type=char[])
OBJ 50004f4a (sz=40, trace=300872, class=java.lang.invoke.MethodType@50000121)
OBJ 50004f4b (sz=32, trace=300443, class=java.lang.invoke.MethodType$ConcurrentWeakInternSet$WeakEntry@50000b5f)
ARR 50004f4c (sz=112, trace=300796, nelems=0, elem type=char[])
OBJ 50004f4d (sz=24, trace=300797, class=java.lang.String@50000165)
ARR 50004f4e (sz=56, trace=300798, nelems=0, elem type=int[])
ARR 50004f4f (sz=112, trace=300811, nelems=0, elem type=char[])
OBJ 50004f50 (sz=24, trace=300812, class=java.lang.String@50000165)
OBJ 50004f51 (sz=56, trace=300813, class=jdk.internal.org.objectweb.asm.Item@5000118d)
OBJ 50004f52 (sz=56, trace=300814, class=jdk.internal.org.objectweb.asm.Item@5000118d)
OBJ 50004f53 (sz=56, trace=300815, class=jdk.internal.org.objectweb.asm.Item@5000118d)
ARR 50004f54 (sz=80, trace=301072, nelems=0, elem type=jdk.internal.org.objectweb.asm.Item[]@5000118e)
ARR 50004f55 (sz=56, trace=300809, nelems=0, elem type=int[])
OBJ 50004f56 (sz=24, trace=301082, class=java.lang.StringBuilder@50000118)
ARR 50004f57 (sz=48, trace=301083, nelems=0, elem type=char[])
ARR 50004f58 (sz=48, trace=301084, nelems=0, elem type=char[])
OBJ 50004f59 (sz=24, trace=301085, class=java.lang.String@50000165)
ARR 50004f5a (sz=88, trace=300010, nelems=0, elem type=char[])
OBJ 50004f5b (sz=24, trace=301086, class=java.lang.String@50000165)
ARR 50004f5c (sz=56, trace=301087, nelems=0, elem type=char[])
OBJ 50004f5d (sz=56, trace=300801, class=jdk.internal.org.objectweb.asm.Item@5000118d)
OBJ 50004f5e (sz=56, trace=300802, class=jdk.internal.org.objectweb.asm.Item@5000118d)
OBJ 50004f5f (sz=56, trace=301088, class=jdk.internal.org.objectweb.asm.Item@5000118d)
OBJ 50004f60 (sz=56, trace=301089, class=jdk.internal.org.objectweb.asm.Item@5000118d)
OBJ 50004f61 (sz=24, trace=300805, class=java.lang.String@50000165)
ARR 50004f62 (sz=48, trace=300806, nelems=0, elem type=char[])
OBJ 50004f63 (sz=56, trace=300807, class=jdk.internal.org.objectweb.asm.Item@5000118d)
OBJ 50004f64 (sz=40, trace=300872, class=java.lang.invoke.MethodType@50000121)
OBJ 50004f65 (sz=32, trace=300443, class=java.lang.invoke.MethodType$ConcurrentWeakInternSet$WeakEntry@50000b5f)
ARR 50004f66 (sz=24, trace=300931, nelems=0, elem type=java.lang.Class[]@500000fa)
OBJ 50004f67 (sz=40, trace=300860, class=java.lang.invoke.MethodType@50000121)
OBJ 50004f68 (sz=32, trace=300443, class=java.lang.invoke.MethodType$ConcurrentWeakInternSet$WeakEntry@50000b5f)
OBJ 50004f69 (sz=24, trace=300795, class=java.lang.String@50000165)
ARR 50004f6a (sz=40, trace=300462, nelems=0, elem type=char[])
OBJ 50004f6b (sz=56, trace=300813, class=jdk.internal.org.objectweb.asm.Item@5000118d)
OBJ 50004f6c (sz=56, trace=300814, class=jdk.internal.org.objectweb.asm.Item@5000118d)
OBJ 50004f6d (sz=56, trace=300815, class=jdk.internal.org.objectweb.asm.Item@5000118d)
OBJ 50004f6e (sz=56, trace=300801, class=jdk.internal.org.objectweb.asm.Item@5000118d)
ARR 50004f6f (sz=1040, trace=300816, nelems=0, elem type=byte[])
OBJ 50004f70 (sz=56, trace=300802, class=jdk.internal.org.objectweb.asm.Item@5000118d)
OBJ 50004f71 (sz=56, trace=300803, class=jdk.internal.org.objectweb.asm.Item@5000118d)
OBJ 50004f72 (sz=56, trace=300804, class=jdk.internal.org.objectweb.asm.Item@5000118d)
OBJ 50004f73 (sz=24, trace=300805, class=java.lang.String@50000165)
ARR 50004f74 (sz=48, trace=300806, nelems=0, elem type=char[])
ARR 50004f75 (sz=24, trace=300931, nelems=0, elem type=java.lang.Class[]@500000fa)
OBJ 50004f76 (sz=40, trace=300860, class=java.lang.invoke.MethodType@50000121)
OBJ 50004f77 (sz=32, trace=300443, class=java.lang.invoke.MethodType$ConcurrentWeakInternSet$WeakEntry@50000b5f)
OBJ 50004f78 (sz=24, trace=300795, class=java.lang.String@50000165)
ARR 50004f79 (sz=72, trace=300462, nelems=0, elem type=char[])
OBJ 50004f7a (sz=40, trace=300872, class=java.lang.invoke.MethodType@50000121)
OBJ 50004f7b (sz=32, trace=300443, class=java.lang.invoke.MethodType$ConcurrentWeakInternSet$WeakEntry@50000b5f)
ARR 50004f7c (sz=112, trace=300796, nelems=0, elem type=char[])
OBJ 50004f7d (sz=24, trace=300797, class=java.lang.String@50000165)
OBJ 50004f7e (sz=24, trace=301082, class=java.lang.StringBuilder@50000118)
ARR 50004f7f (sz=48, trace=301083, nelems=0, elem type=char[])
ARR 50004f80 (sz=48, trace=301084, nelems=0, elem type=char[])
OBJ 50004f81 (sz=24, trace=301085, class=java.lang.String@50000165)
ARR 50004f82 (sz=88, trace=300010, nelems=0, elem type=char[])
OBJ 50004f83 (sz=24, trace=301086, class=java.lang.String@50000165)
ARR 50004f84 (sz=56, trace=301087, nelems=0, elem type=char[])
OBJ 50004f85 (sz=56, trace=300801, class=jdk.internal.org.objectweb.asm.Item@5000118d)
OBJ 50004f86 (sz=56, trace=301088, class=jdk.internal.org.objectweb.asm.Item@5000118d)
OBJ 50004f87 (sz=56, trace=301089, class=jdk.internal.org.objectweb.asm.Item@5000118d)
OBJ 50004f88 (sz=24, trace=300805, class=java.lang.String@50000165)
ARR 50004f89 (sz=48, trace=300806, nelems=0, elem type=char[])
OBJ 50004f8a (sz=40, trace=300872, class=java.lang.invoke.MethodType@50000121)
OBJ 50004f8b (sz=32, trace=300443, class=java.lang.invoke.MethodType$ConcurrentWeakInternSet$WeakEntry@50000b5f)
ARR 50004f8c (sz=24, trace=300931, nelems=0, elem type=java.lang.Class[]@500000fa)
OBJ 50004f8d (sz=40, trace=300860, class=java.lang.invoke.MethodType@50000121)
OBJ 50004f8e (sz=32, trace=300443, class=java.lang.invoke.MethodType$ConcurrentWeakInternSet$WeakEntry@50000b5f)
OBJ 50004f8f (sz=24, trace=300795, class=java.lang.String@50000165)
ARR 50004f90 (sz=40, trace=300462, nelems=0, elem type=char[])
OBJ 50004f91 (sz=56, trace=300802, class=jdk.internal.org.objectweb.asm.Item@5000118d)
OBJ 50004f92 (sz=56, trace=300803, class=jdk.internal.org.objectweb.asm.Item@5000118d)
OBJ 50004f93 (sz=56, trace=300804, class=jdk.internal.org.objectweb.asm.Item@5000118d)
OBJ 50004f94 (sz=24, trace=300805, class=java.lang.String@50000165)
ARR 50004f95 (sz=48, trace=300806, nelems=0, elem type=char[])
ARR 50004f96 (sz=24, trace=300931, nelems=0, elem type=java.lang.Class[]@500000fa)
OBJ 50004f97 (sz=40, trace=300860, class=java.lang.invoke.MethodType@50000121)
OBJ 50004f98 (sz=32, trace=300443, class=java.lang.invoke.MethodType$ConcurrentWeakInternSet$WeakEntry@50000b5f)
OBJ 50004f99 (sz=64, trace=300817, class=jdk.internal.org.objectweb.asm.Label@500011bc)
OBJ 50004f9a (sz=48, trace=300818, class=jdk.internal.org.objectweb.asm.Frame@500011be)
ARR 50004f9b (sz=312, trace=300819, nelems=0, elem type=char[])
ARR 50004f9c (sz=48, trace=300820, nelems=0, elem type=jdk.internal.org.objectweb.asm.Type[]@50001222)
OBJ 50004f9d (sz=32, trace=300821, class=jdk.internal.org.objectweb.asm.Type@500011b2)
OBJ 50004f9e (sz=32, trace=300821, class=jdk.internal.org.objectweb.asm.Type@500011b2)
OBJ 50004f9f (sz=32, trace=300821, class=jdk.internal.org.objectweb.asm.Type@500011b2)
OBJ 50004fa0 (sz=32, trace=300821, class=jdk.internal.org.objectweb.asm.Type@500011b2)
OBJ 50004fa1 (sz=32, trace=300821, class=jdk.internal.org.objectweb.asm.Type@500011b2)
OBJ 50004fa2 (sz=32, trace=300821, class=jdk.internal.org.objectweb.asm.Type@500011b2)
OBJ 50004fa3 (sz=32, trace=300821, class=jdk.internal.org.objectweb.asm.Type@500011b2)
ARR 50004fa4 (sz=56, trace=300822, nelems=0, elem type=int[])
ARR 50004fa5 (sz=16, trace=300823, nelems=0, elem type=int[])
OBJ 50004fa6 (sz=24, trace=300824, class=java.lang.StringBuffer@50000119)
ARR 50004fa7 (sz=48, trace=300825, nelems=0, elem type=char[])
ARR 50004fa8 (sz=88, trace=300826, nelems=0, elem type=char[])
ARR 50004fa9 (sz=56, trace=300827, nelems=0, elem type=char[])
OBJ 50004faa (sz=24, trace=300828, class=java.lang.String@50000165)
OBJ 50004fab (sz=24, trace=300829, class=java.lang.String@50000165)
ARR 50004fac (sz=48, trace=300806, nelems=0, elem type=char[])
OBJ 50004fad (sz=24, trace=300824, class=java.lang.StringBuffer@50000119)
ARR 50004fae (sz=48, trace=300825, nelems=0, elem type=char[])
ARR 50004faf (sz=88, trace=300826, nelems=0, elem type=char[])
ARR 50004fb0 (sz=56, trace=300827, nelems=0, elem type=char[])
OBJ 50004fb1 (sz=24, trace=300828, class=java.lang.String@50000165)
OBJ 50004fb2 (sz=24, trace=300829, class=java.lang.String@50000165)
ARR 50004fb3 (sz=48, trace=300806, nelems=0, elem type=char[])
OBJ 50004fb4 (sz=24, trace=300824, class=java.lang.StringBuffer@50000119)
ARR 50004fb5 (sz=48, trace=300825, nelems=0, elem type=char[])
ARR 50004fb6 (sz=88, trace=300826, nelems=0, elem type=char[])
ARR 50004fb7 (sz=56, trace=300827, nelems=0, elem type=char[])
OBJ 50004fb8 (sz=24, trace=300828, class=java.lang.String@50000165)
OBJ 50004fb9 (sz=24, trace=300829, class=java.lang.String@50000165)
ARR 50004fba (sz=48, trace=300806, nelems=0, elem type=char[])
OBJ 50004fbb (sz=24, trace=300824, class=java.lang.StringBuffer@50000119)
ARR 50004fbc (sz=48, trace=300825, nelems=0, elem type=char[])
ARR 50004fbd (sz=88, trace=300826, nelems=0, elem type=char[])
ARR 50004fbe (sz=56, trace=300827, nelems=0, elem type=char[])
OBJ 50004fbf (sz=24, trace=300828, class=java.lang.String@50000165)
OBJ 50004fc0 (sz=24, trace=300829, class=java.lang.String@50000165)
ARR 50004fc1 (sz=48, trace=300806, nelems=0, elem type=char[])
OBJ 50004fc2 (sz=24, trace=300824, class=java.lang.StringBuffer@50000119)
ARR 50004fc3 (sz=48, trace=300825, nelems=0, elem type=char[])
ARR 50004fc4 (sz=88, trace=300826, nelems=0, elem type=char[])
ARR 50004fc5 (sz=56, trace=300827, nelems=0, elem type=char[])
OBJ 50004fc6 (sz=24, trace=300828, class=java.lang.String@50000165)
OBJ 50004fc7 (sz=24, trace=300829, class=java.lang.String@50000165)
ARR 50004fc8 (sz=48, trace=300806, nelems=0, elem type=char[])
OBJ 50004fc9 (sz=24, trace=300824, class=java.lang.StringBuffer@50000119)
ARR 50004fca (sz=48, trace=300825, nelems=0, elem type=char[])
ARR 50004fcb (sz=88, trace=300826, nelems=0, elem type=char[])
ARR 50004fcc (sz=56, trace=300827, nelems=0, elem type=char[])
OBJ 50004fcd (sz=24, trace=300828, class=java.lang.String@50000165)
OBJ 50004fce (sz=24, trace=300829, class=java.lang.String@50000165)
ARR 50004fcf (sz=48, trace=300806, nelems=0, elem type=char[])
OBJ 50004fd0 (sz=24, trace=300824, class=java.lang.StringBuffer@50000119)
ARR 50004fd1 (sz=48, trace=300825, nelems=0, elem type=char[])
ARR 50004fd2 (sz=88, trace=300826, nelems=0, elem type=char[])
ARR 50004fd3 (sz=56, trace=300827, nelems=0, elem type=char[])
OBJ 50004fd4 (sz=24, trace=300828, class=java.lang.String@50000165)
OBJ 50004fd5 (sz=24, trace=300829, class=java.lang.String@50000165)
ARR 50004fd6 (sz=48, trace=300806, nelems=0, elem type=char[])
ARR 50004fd7 (sz=56, trace=300830, nelems=0, elem type=int[])
ARR 50004fd8 (sz=24, trace=300940, nelems=0, elem type=java.lang.Object[]@500000ff)
OBJ 50004fd9 (sz=56, trace=300832, class=jdk.internal.org.objectweb.asm.Item@5000118d)
OBJ 50004fda (sz=56, trace=300833, class=jdk.internal.org.objectweb.asm.Item@5000118d)
OBJ 50004fdb (sz=56, trace=300834, class=jdk.internal.org.objectweb.asm.Item@5000118d)
OBJ 50004fdc (sz=24, trace=300835, class=jdk.internal.org.objectweb.asm.ByteVector@5000118a)
ARR 50004fdd (sz=888, trace=300836, nelems=0, elem type=byte[])
ARR 50004fde (sz=144, trace=300837, nelems=0, elem type=java.lang.Object[]@500000ff)
OBJ 50004fdf (sz=16, trace=300839, class=java.util.HashMap$Values@5000123e)
OBJ 50004fe0 (sz=40, trace=300841, class=java.util.HashMap$ValueIterator@50001241)
OBJ 50004fe2 (sz=56, trace=300843, class=java.lang.invoke.MemberName@50000124)
OBJ 50004fe3 (sz=32, trace=301077, class=java.lang.invoke.BoundMethodHandle$Species_L@500010a3)
OBJ 50004fe4 (sz=16, trace=301168, class=java.lang.invoke.LambdaFormEditor@500043e6)
OBJ 50004fe5 (sz=40, trace=301249, class=java.lang.invoke.MethodType@50000121)
OBJ 50004fe6 (sz=32, trace=300443, class=java.lang.invoke.MethodType$ConcurrentWeakInternSet$WeakEntry@50000b5f)
OBJ 50004fe7 (sz=56, trace=301187, class=java.lang.invoke.LambdaFormEditor$Transform@500043f9)
OBJ 50004fe8 (sz=40, trace=301461, class=java.lang.invoke.BoundMethodHandle$Species_LL@50004dcf)
	type		50000faa
	form		50004e40
	argL0		50004325
	argL1		50000126
OBJ 50004fe9 (sz=16, trace=301168, class=java.lang.invoke.LambdaFormEditor@500043e6)
OBJ 50004fea (sz=56, trace=301187, class=java.lang.invoke.LambdaFormEditor$Transform@500043f9)
ARR 50004feb (sz=24, trace=301462, nelems=0, elem type=java.lang.Class[]@500000fa)
OBJ 50004fec (sz=40, trace=301463, class=java.lang.invoke.MethodType@50000121)
OBJ 50004fed (sz=32, trace=300443, class=java.lang.invoke.MethodType$ConcurrentWeakInternSet$WeakEntry@50000b5f)
OBJ 50004fee (sz=48, trace=301464, class=java.lang.invoke.LambdaFormBuffer@500043fc)
OBJ 50004fef (sz=24, trace=301251, class=java.lang.StringBuilder@50000118)
ARR 50004ff0 (sz=48, trace=301252, nelems=0, elem type=char[])
OBJ 50004ff1 (sz=24, trace=301253, class=java.lang.String@50000165)
	value		50004ff2
ARR 50004ff2 (sz=6, trace=301254, nelems=3, elem type=char[])
OBJ 50004ff3 (sz=16, trace=301256, class=java.lang.invoke.BoundMethodHandle$SpeciesData$1@50004aec)
OBJ 50004ff4 (sz=32, trace=301480, class=java.util.concurrent.ConcurrentHashMap$ReservationNode@50004af1)
OBJ 50004ff5 (sz=16, trace=301258, class=java.lang.invoke.BoundMethodHandle$Factory$1@50004aee)
OBJ 50004ff6 (sz=32, trace=301261, class=java.util.concurrent.ConcurrentHashMap$ReservationNode@50004af1)
OBJ 50004ff7 (sz=168, trace=301262, class=jdk.internal.org.objectweb.asm.ClassWriter@50001187)
OBJ 50004ff8 (sz=24, trace=301263, class=jdk.internal.org.objectweb.asm.ByteVector@5000118a)
ARR 50004ff9 (sz=80, trace=301264, nelems=0, elem type=byte[])
ARR 50004ffa (sz=1040, trace=301265, nelems=0, elem type=jdk.internal.org.objectweb.asm.Item[]@5000118e)
OBJ 50004ffb (sz=56, trace=301266, class=jdk.internal.org.objectweb.asm.Item@5000118d)
OBJ 50004ffc (sz=56, trace=301267, class=jdk.internal.org.objectweb.asm.Item@5000118d)
OBJ 50004ffd (sz=56, trace=301268, class=jdk.internal.org.objectweb.asm.Item@5000118d)
OBJ 50004ffe (sz=56, trace=301269, class=jdk.internal.org.objectweb.asm.Item@5000118d)
OBJ 50004fff (sz=24, trace=301481, class=java.lang.StringBuilder@50000118)
ARR 50005000 (sz=48, trace=301482, nelems=0, elem type=char[])
OBJ 50005001 (sz=24, trace=301483, class=java.lang.String@50000165)
ARR 50005002 (sz=24, trace=300864, nelems=0, elem type=char[])
OBJ 50005003 (sz=24, trace=301270, class=java.lang.StringBuilder@50000118)
ARR 50005004 (sz=48, trace=301271, nelems=0, elem type=char[])
ARR 50005005 (sz=104, trace=300010, nelems=0, elem type=char[])
ARR 50005006 (sz=192, trace=300010, nelems=0, elem type=char[])
OBJ 50005007 (sz=24, trace=301272, class=java.lang.String@50000165)
ARR 50005008 (sz=112, trace=301273, nelems=0, elem type=char[])
OBJ 50005009 (sz=24, trace=301274, class=java.lang.StringBuilder@50000118)
ARR 5000500a (sz=48, trace=301275, nelems=0, elem type=char[])
OBJ 5000500b (sz=24, trace=301276, class=java.lang.String@50000165)
ARR 5000500c (sz=40, trace=301277, nelems=0, elem type=char[])
OBJ 5000500d (sz=56, trace=300733, class=jdk.internal.org.objectweb.asm.Item@5000118d)
OBJ 5000500e (sz=56, trace=300734, class=jdk.internal.org.objectweb.asm.Item@5000118d)
ARR 5000500f (sz=144, trace=300852, nelems=0, elem type=byte[])
OBJ 50005010 (sz=56, trace=300733, class=jdk.internal.org.objectweb.asm.Item@5000118d)
OBJ 50005011 (sz=56, trace=300735, class=jdk.internal.org.objectweb.asm.Item@5000118d)
OBJ 50005012 (sz=56, trace=301278, class=jdk.internal.org.objectweb.asm.Item@5000118d)
OBJ 50005013 (sz=64, trace=301280, class=jdk.internal.org.objectweb.asm.FieldWriter@50004b0c)
OBJ 50005014 (sz=56, trace=301281, class=jdk.internal.org.objectweb.asm.Item@5000118d)
ARR 50005015 (sz=272, trace=301282, nelems=0, elem type=byte[])
OBJ 50005016 (sz=56, trace=301283, class=jdk.internal.org.objectweb.asm.Item@5000118d)
OBJ 50005017 (sz=24, trace=301284, class=jdk.internal.org.objectweb.asm.ByteVector@5000118a)
ARR 50005018 (sz=80, trace=301285, nelems=0, elem type=byte[])
OBJ 50005019 (sz=56, trace=301286, class=jdk.internal.org.objectweb.asm.Item@5000118d)
OBJ 5000501a (sz=56, trace=301287, class=jdk.internal.org.objectweb.asm.AnnotationWriter@500011c5)
OBJ 5000501b (sz=24, trace=301288, class=java.lang.StringBuilder@50000118)
ARR 5000501c (sz=48, trace=301289, nelems=0, elem type=char[])
OBJ 5000501d (sz=24, trace=301290, class=java.lang.String@50000165)
ARR 5000501e (sz=32, trace=300869, nelems=0, elem type=char[])
OBJ 5000501f (sz=64, trace=301280, class=jdk.internal.org.objectweb.asm.FieldWriter@50004b0c)
OBJ 50005020 (sz=56, trace=301281, class=jdk.internal.org.objectweb.asm.Item@5000118d)
OBJ 50005021 (sz=56, trace=301283, class=jdk.internal.org.objectweb.asm.Item@5000118d)
OBJ 50005022 (sz=24, trace=301288, class=java.lang.StringBuilder@50000118)
ARR 50005023 (sz=48, trace=301289, nelems=0, elem type=char[])
OBJ 50005024 (sz=24, trace=301290, class=java.lang.String@50000165)
ARR 50005025 (sz=32, trace=300869, nelems=0, elem type=char[])
OBJ 50005026 (sz=64, trace=301280, class=jdk.internal.org.objectweb.asm.FieldWriter@50004b0c)
OBJ 50005027 (sz=56, trace=301281, class=jdk.internal.org.objectweb.asm.Item@5000118d)
OBJ 50005028 (sz=24, trace=301288, class=java.lang.StringBuilder@50000118)
ARR 50005029 (sz=48, trace=301289, nelems=0, elem type=char[])
OBJ 5000502a (sz=24, trace=301290, class=java.lang.String@50000165)
ARR 5000502b (sz=32, trace=300869, nelems=0, elem type=char[])
OBJ 5000502c (sz=64, trace=301280, class=jdk.internal.org.objectweb.asm.FieldWriter@50004b0c)
OBJ 5000502d (sz=56, trace=301281, class=jdk.internal.org.objectweb.asm.Item@5000118d)
OBJ 5000502e (sz=24, trace=301291, class=java.lang.StringBuilder@50000118)
ARR 5000502f (sz=168, trace=301292, nelems=0, elem type=char[])
ARR 50005030 (sz=24, trace=301293, nelems=0, elem type=char[])
ARR 50005031 (sz=320, trace=300010, nelems=0, elem type=char[])
OBJ 50005032 (sz=24, trace=301294, class=java.lang.String@50000165)
ARR 50005033 (sz=248, trace=300609, nelems=0, elem type=char[])
OBJ 50005034 (sz=224, trace=300748, class=jdk.internal.org.objectweb.asm.MethodWriter@500011ab)
OBJ 50005035 (sz=24, trace=301295, class=jdk.internal.org.objectweb.asm.ByteVector@5000118a)
ARR 50005036 (sz=80, trace=301296, nelems=0, elem type=byte[])
OBJ 50005037 (sz=56, trace=300751, class=jdk.internal.org.objectweb.asm.Item@5000118d)
ARR 50005038 (sz=528, trace=300752, nelems=0, elem type=byte[])
OBJ 50005039 (sz=56, trace=300753, class=jdk.internal.org.objectweb.asm.Item@5000118d)
OBJ 5000503a (sz=64, trace=301297, class=jdk.internal.org.objectweb.asm.Label@500011bc)
OBJ 5000503b (sz=48, trace=300768, class=jdk.internal.org.objectweb.asm.Frame@500011be)
ARR 5000503c (sz=56, trace=301298, nelems=0, elem type=int[])
OBJ 5000503d (sz=24, trace=301299, class=java.lang.StringBuilder@50000118)
ARR 5000503e (sz=168, trace=301300, nelems=0, elem type=char[])
ARR 5000503f (sz=16, trace=301301, nelems=0, elem type=char[])
OBJ 50005040 (sz=24, trace=301302, class=java.lang.String@50000165)
ARR 50005041 (sz=144, trace=300609, nelems=0, elem type=char[])
OBJ 50005042 (sz=56, trace=300802, class=jdk.internal.org.objectweb.asm.Item@5000118d)
OBJ 50005043 (sz=56, trace=300803, class=jdk.internal.org.objectweb.asm.Item@5000118d)
OBJ 50005044 (sz=56, trace=301303, class=jdk.internal.org.objectweb.asm.Item@5000118d)
ARR 50005045 (sz=24, trace=301304, nelems=0, elem type=int[])
OBJ 50005046 (sz=24, trace=301305, class=java.lang.StringBuilder@50000118)
ARR 50005047 (sz=48, trace=301306, nelems=0, elem type=char[])
OBJ 50005048 (sz=24, trace=301307, class=java.lang.String@50000165)
ARR 50005049 (sz=32, trace=300869, nelems=0, elem type=char[])
OBJ 5000504a (sz=56, trace=301088, class=jdk.internal.org.objectweb.asm.Item@5000118d)
OBJ 5000504b (sz=56, trace=301308, class=jdk.internal.org.objectweb.asm.Item@5000118d)
OBJ 5000504c (sz=24, trace=301305, class=java.lang.StringBuilder@50000118)
ARR 5000504d (sz=48, trace=301306, nelems=0, elem type=char[])
OBJ 5000504e (sz=24, trace=301307, class=java.lang.String@50000165)
ARR 5000504f (sz=32, trace=300869, nelems=0, elem type=char[])
OBJ 50005050 (sz=56, trace=301088, class=jdk.internal.org.objectweb.asm.Item@5000118d)
OBJ 50005051 (sz=56, trace=301308, class=jdk.internal.org.objectweb.asm.Item@5000118d)
OBJ 50005052 (sz=24, trace=301305, class=java.lang.StringBuilder@50000118)
ARR 50005053 (sz=48, trace=301306, nelems=0, elem type=char[])
OBJ 50005054 (sz=24, trace=301307, class=java.lang.String@50000165)
ARR 50005055 (sz=32, trace=300869, nelems=0, elem type=char[])
OBJ 50005056 (sz=56, trace=301088, class=jdk.internal.org.objectweb.asm.Item@5000118d)
OBJ 50005057 (sz=56, trace=301308, class=jdk.internal.org.objectweb.asm.Item@5000118d)
OBJ 50005058 (sz=64, trace=301309, class=jdk.internal.org.objectweb.asm.Label@500011bc)
OBJ 50005059 (sz=48, trace=301310, class=jdk.internal.org.objectweb.asm.Frame@500011be)
ARR 5000505a (sz=248, trace=301311, nelems=0, elem type=char[])
ARR 5000505b (sz=40, trace=301312, nelems=0, elem type=jdk.internal.org.objectweb.asm.Type[]@50001222)
OBJ 5000505c (sz=32, trace=300821, class=jdk.internal.org.objectweb.asm.Type@500011b2)
OBJ 5000505d (sz=32, trace=300821, class=jdk.internal.org.objectweb.asm.Type@500011b2)
OBJ 5000505e (sz=32, trace=300821, class=jdk.internal.org.objectweb.asm.Type@500011b2)
OBJ 5000505f (sz=32, trace=300821, class=jdk.internal.org.objectweb.asm.Type@500011b2)
OBJ 50005060 (sz=32, trace=300821, class=jdk.internal.org.objectweb.asm.Type@500011b2)
ARR 50005061 (sz=40, trace=301313, nelems=0, elem type=int[])
ARR 50005062 (sz=16, trace=301314, nelems=0, elem type=int[])
OBJ 50005063 (sz=24, trace=300824, class=java.lang.StringBuffer@50000119)
ARR 50005064 (sz=48, trace=300825, nelems=0, elem type=char[])
ARR 50005065 (sz=88, trace=300826, nelems=0, elem type=char[])
ARR 50005066 (sz=80, trace=300827, nelems=0, elem type=char[])
OBJ 50005067 (sz=24, trace=300828, class=java.lang.String@50000165)
OBJ 50005068 (sz=24, trace=300829, class=java.lang.String@50000165)
ARR 50005069 (sz=72, trace=300806, nelems=0, elem type=char[])
OBJ 5000506a (sz=56, trace=300807, class=jdk.internal.org.objectweb.asm.Item@5000118d)
ARR 5000506b (sz=80, trace=300939, nelems=0, elem type=jdk.internal.org.objectweb.asm.Item[]@5000118e)
OBJ 5000506c (sz=24, trace=300824, class=java.lang.StringBuffer@50000119)
ARR 5000506d (sz=48, trace=300825, nelems=0, elem type=char[])
ARR 5000506e (sz=88, trace=300826, nelems=0, elem type=char[])
ARR 5000506f (sz=80, trace=300827, nelems=0, elem type=char[])
OBJ 50005070 (sz=24, trace=300828, class=java.lang.String@50000165)
OBJ 50005071 (sz=24, trace=300829, class=java.lang.String@50000165)
ARR 50005072 (sz=72, trace=300806, nelems=0, elem type=char[])
OBJ 50005073 (sz=56, trace=300807, class=jdk.internal.org.objectweb.asm.Item@5000118d)
OBJ 50005074 (sz=24, trace=300824, class=java.lang.StringBuffer@50000119)
ARR 50005075 (sz=48, trace=300825, nelems=0, elem type=char[])
ARR 50005076 (sz=88, trace=300826, nelems=0, elem type=char[])
ARR 50005077 (sz=56, trace=300827, nelems=0, elem type=char[])
OBJ 50005078 (sz=24, trace=300828, class=java.lang.String@50000165)
OBJ 50005079 (sz=24, trace=300829, class=java.lang.String@50000165)
ARR 5000507a (sz=48, trace=300806, nelems=0, elem type=char[])
OBJ 5000507b (sz=56, trace=300807, class=jdk.internal.org.objectweb.asm.Item@5000118d)
OBJ 5000507c (sz=24, trace=300824, class=java.lang.StringBuffer@50000119)
ARR 5000507d (sz=48, trace=300825, nelems=0, elem type=char[])
ARR 5000507e (sz=88, trace=300826, nelems=0, elem type=char[])
ARR 5000507f (sz=56, trace=300827, nelems=0, elem type=char[])
OBJ 50005080 (sz=24, trace=300828, class=java.lang.String@50000165)
OBJ 50005081 (sz=24, trace=300829, class=java.lang.String@50000165)
ARR 50005082 (sz=48, trace=300806, nelems=0, elem type=char[])
OBJ 50005083 (sz=24, trace=300824, class=java.lang.StringBuffer@50000119)
ARR 50005084 (sz=48, trace=300825, nelems=0, elem type=char[])
ARR 50005085 (sz=88, trace=300826, nelems=0, elem type=char[])
ARR 50005086 (sz=56, trace=300827, nelems=0, elem type=char[])
OBJ 50005087 (sz=24, trace=300828, class=java.lang.String@50000165)
OBJ 50005088 (sz=24, trace=300829, class=java.lang.String@50000165)
ARR 50005089 (sz=48, trace=300806, nelems=0, elem type=char[])
ARR 5000508a (sz=56, trace=301315, nelems=0, elem type=int[])
OBJ 5000508b (sz=224, trace=300748, class=jdk.internal.org.objectweb.asm.MethodWriter@500011ab)
OBJ 5000508c (sz=24, trace=301316, class=jdk.internal.org.objectweb.asm.ByteVector@5000118a)
ARR 5000508d (sz=80, trace=301317, nelems=0, elem type=byte[])
OBJ 5000508e (sz=56, trace=300751, class=jdk.internal.org.objectweb.asm.Item@5000118d)
ARR 5000508f (sz=1040, trace=300752, nelems=0, elem type=byte[])
OBJ 50005090 (sz=56, trace=300753, class=jdk.internal.org.objectweb.asm.Item@5000118d)
OBJ 50005091 (sz=64, trace=301318, class=jdk.internal.org.objectweb.asm.Label@500011bc)
OBJ 50005092 (sz=48, trace=300768, class=jdk.internal.org.objectweb.asm.Frame@500011be)
OBJ 50005093 (sz=56, trace=301088, class=jdk.internal.org.objectweb.asm.Item@5000118d)
OBJ 50005094 (sz=56, trace=301320, class=jdk.internal.org.objectweb.asm.Item@5000118d)
OBJ 50005095 (sz=24, trace=300805, class=java.lang.String@50000165)
ARR 50005096 (sz=112, trace=300806, nelems=0, elem type=char[])
OBJ 50005097 (sz=56, trace=300807, class=jdk.internal.org.objectweb.asm.Item@5000118d)
ARR 50005098 (sz=56, trace=301321, nelems=0, elem type=int[])
OBJ 50005099 (sz=64, trace=301322, class=jdk.internal.org.objectweb.asm.Label@500011bc)
OBJ 5000509a (sz=48, trace=301323, class=jdk.internal.org.objectweb.asm.Frame@500011be)
ARR 5000509b (sz=120, trace=301324, nelems=0, elem type=char[])
ARR 5000509c (sz=16, trace=301325, nelems=0, elem type=jdk.internal.org.objectweb.asm.Type[]@50001222)
ARR 5000509d (sz=24, trace=301326, nelems=0, elem type=int[])
ARR 5000509e (sz=16, trace=301327, nelems=0, elem type=int[])
OBJ 5000509f (sz=56, trace=301328, class=jdk.internal.org.objectweb.asm.Item@5000118d)
ARR 500050a0 (sz=32, trace=301329, nelems=0, elem type=int[])
OBJ 500050a1 (sz=224, trace=300748, class=jdk.internal.org.objectweb.asm.MethodWriter@500011ab)
OBJ 500050a2 (sz=24, trace=301330, class=jdk.internal.org.objectweb.asm.ByteVector@5000118a)
ARR 500050a3 (sz=80, trace=301331, nelems=0, elem type=byte[])
OBJ 500050a4 (sz=56, trace=300751, class=jdk.internal.org.objectweb.asm.Item@5000118d)
OBJ 500050a5 (sz=56, trace=300753, class=jdk.internal.org.objectweb.asm.Item@5000118d)
OBJ 500050a6 (sz=64, trace=301332, class=jdk.internal.org.objectweb.asm.Label@500011bc)
OBJ 500050a7 (sz=48, trace=300768, class=jdk.internal.org.objectweb.asm.Frame@500011be)
ARR 500050a8 (sz=56, trace=301333, nelems=0, elem type=int[])
OBJ 500050a9 (sz=64, trace=301334, class=jdk.internal.org.objectweb.asm.Label@500011bc)
OBJ 500050aa (sz=48, trace=301335, class=jdk.internal.org.objectweb.asm.Frame@500011be)
ARR 500050ab (sz=24, trace=301336, nelems=0, elem type=char[])
ARR 500050ac (sz=16, trace=301337, nelems=0, elem type=jdk.internal.org.objectweb.asm.Type[]@50001222)
ARR 500050ad (sz=24, trace=301338, nelems=0, elem type=int[])
ARR 500050ae (sz=16, trace=301339, nelems=0, elem type=int[])
ARR 500050af (sz=32, trace=301340, nelems=0, elem type=int[])
OBJ 500050b0 (sz=24, trace=301341, class=java.lang.StringBuilder@50000118)
ARR 500050b1 (sz=168, trace=301342, nelems=0, elem type=char[])
ARR 500050b2 (sz=24, trace=301343, nelems=0, elem type=char[])
ARR 500050b3 (sz=320, trace=300010, nelems=0, elem type=char[])
OBJ 500050b4 (sz=24, trace=301344, class=java.lang.String@50000165)
ARR 500050b5 (sz=320, trace=300609, nelems=0, elem type=char[])
OBJ 500050b6 (sz=224, trace=300748, class=jdk.internal.org.objectweb.asm.MethodWriter@500011ab)
OBJ 500050b7 (sz=24, trace=301345, class=jdk.internal.org.objectweb.asm.ByteVector@5000118a)
ARR 500050b8 (sz=80, trace=301346, nelems=0, elem type=byte[])
OBJ 500050b9 (sz=56, trace=300751, class=jdk.internal.org.objectweb.asm.Item@5000118d)
OBJ 500050ba (sz=56, trace=300753, class=jdk.internal.org.objectweb.asm.Item@5000118d)
OBJ 500050bb (sz=64, trace=301347, class=jdk.internal.org.objectweb.asm.Label@500011bc)
OBJ 500050bc (sz=48, trace=300768, class=jdk.internal.org.objectweb.asm.Frame@500011be)
OBJ 500050bd (sz=56, trace=301348, class=jdk.internal.org.objectweb.asm.Item@5000118d)
ARR 500050be (sz=56, trace=301349, nelems=0, elem type=int[])
OBJ 500050bf (sz=24, trace=301350, class=java.lang.StringBuilder@50000118)
ARR 500050c0 (sz=168, trace=301351, nelems=0, elem type=char[])
ARR 500050c1 (sz=24, trace=301352, nelems=0, elem type=char[])
ARR 500050c2 (sz=320, trace=300010, nelems=0, elem type=char[])
OBJ 500050c3 (sz=24, trace=301353, class=java.lang.String@50000165)
ARR 500050c4 (sz=248, trace=300609, nelems=0, elem type=char[])
OBJ 500050c5 (sz=56, trace=300803, class=jdk.internal.org.objectweb.asm.Item@5000118d)
OBJ 500050c6 (sz=56, trace=301354, class=jdk.internal.org.objectweb.asm.Item@5000118d)
ARR 500050c7 (sz=24, trace=301355, nelems=0, elem type=int[])
OBJ 500050c8 (sz=64, trace=301356, class=jdk.internal.org.objectweb.asm.Label@500011bc)
OBJ 500050c9 (sz=48, trace=301357, class=jdk.internal.org.objectweb.asm.Frame@500011be)
ARR 500050ca (sz=320, trace=301358, nelems=0, elem type=char[])
ARR 500050cb (sz=40, trace=301359, nelems=0, elem type=jdk.internal.org.objectweb.asm.Type[]@50001222)
OBJ 500050cc (sz=32, trace=300821, class=jdk.internal.org.objectweb.asm.Type@500011b2)
OBJ 500050cd (sz=32, trace=300821, class=jdk.internal.org.objectweb.asm.Type@500011b2)
OBJ 500050ce (sz=32, trace=300821, class=jdk.internal.org.objectweb.asm.Type@500011b2)
OBJ 500050cf (sz=32, trace=300821, class=jdk.internal.org.objectweb.asm.Type@500011b2)
OBJ 500050d0 (sz=32, trace=300821, class=jdk.internal.org.objectweb.asm.Type@500011b2)
ARR 500050d1 (sz=40, trace=301360, nelems=0, elem type=int[])
ARR 500050d2 (sz=16, trace=301361, nelems=0, elem type=int[])
OBJ 500050d3 (sz=24, trace=300824, class=java.lang.StringBuffer@50000119)
ARR 500050d4 (sz=48, trace=300825, nelems=0, elem type=char[])
ARR 500050d5 (sz=88, trace=300826, nelems=0, elem type=char[])
ARR 500050d6 (sz=80, trace=300827, nelems=0, elem type=char[])
OBJ 500050d7 (sz=24, trace=300828, class=java.lang.String@50000165)
OBJ 500050d8 (sz=24, trace=300829, class=java.lang.String@50000165)
ARR 500050d9 (sz=72, trace=300806, nelems=0, elem type=char[])
OBJ 500050da (sz=24, trace=300824, class=java.lang.StringBuffer@50000119)
ARR 500050db (sz=48, trace=300825, nelems=0, elem type=char[])
ARR 500050dc (sz=88, trace=300826, nelems=0, elem type=char[])
ARR 500050dd (sz=80, trace=300827, nelems=0, elem type=char[])
OBJ 500050de (sz=24, trace=300828, class=java.lang.String@50000165)
OBJ 500050df (sz=24, trace=300829, class=java.lang.String@50000165)
ARR 500050e0 (sz=72, trace=300806, nelems=0, elem type=char[])
OBJ 500050e1 (sz=24, trace=300824, class=java.lang.StringBuffer@50000119)
ARR 500050e2 (sz=48, trace=300825, nelems=0, elem type=char[])
ARR 500050e3 (sz=88, trace=300826, nelems=0, elem type=char[])
ARR 500050e4 (sz=56, trace=300827, nelems=0, elem type=char[])
OBJ 500050e5 (sz=24, trace=300828, class=java.lang.String@50000165)
OBJ 500050e6 (sz=24, trace=300829, class=java.lang.String@50000165)
ARR 500050e7 (sz=48, trace=300806, nelems=0, elem type=char[])
OBJ 500050e8 (sz=24, trace=300824, class=java.lang.StringBuffer@50000119)
ARR 500050e9 (sz=48, trace=300825, nelems=0, elem type=char[])
ARR 500050ea (sz=88, trace=300826, nelems=0, elem type=char[])
ARR 500050eb (sz=56, trace=300827, nelems=0, elem type=char[])
OBJ 500050ec (sz=24, trace=300828, class=java.lang.String@50000165)
OBJ 500050ed (sz=24, trace=300829, class=java.lang.String@50000165)
ARR 500050ee (sz=48, trace=300806, nelems=0, elem type=char[])
OBJ 500050ef (sz=24, trace=300824, class=java.lang.StringBuffer@50000119)
ARR 500050f0 (sz=48, trace=300825, nelems=0, elem type=char[])
ARR 500050f1 (sz=88, trace=300826, nelems=0, elem type=char[])
ARR 500050f2 (sz=56, trace=300827, nelems=0, elem type=char[])
OBJ 500050f3 (sz=24, trace=300828, class=java.lang.String@50000165)
OBJ 500050f4 (sz=24, trace=300829, class=java.lang.String@50000165)
ARR 500050f5 (sz=48, trace=300806, nelems=0, elem type=char[])
ARR 500050f6 (sz=48, trace=301362, nelems=0, elem type=int[])
OBJ 500050f7 (sz=24, trace=301363, class=java.lang.StringBuilder@50000118)
ARR 500050f8 (sz=168, trace=301364, nelems=0, elem type=char[])
ARR 500050f9 (sz=16, trace=301365, nelems=0, elem type=char[])
ARR 500050fa (sz=320, trace=300010, nelems=0, elem type=char[])
OBJ 500050fb (sz=24, trace=301366, class=java.lang.String@50000165)
ARR 500050fc (sz=208, trace=300609, nelems=0, elem type=char[])
OBJ 500050fd (sz=224, trace=300748, class=jdk.internal.org.objectweb.asm.MethodWriter@500011ab)
OBJ 500050fe (sz=24, trace=301367, class=jdk.internal.org.objectweb.asm.ByteVector@5000118a)
ARR 500050ff (sz=80, trace=301368, nelems=0, elem type=byte[])
OBJ 50005100 (sz=56, trace=300751, class=jdk.internal.org.objectweb.asm.Item@5000118d)
OBJ 50005101 (sz=56, trace=300753, class=jdk.internal.org.objectweb.asm.Item@5000118d)
OBJ 50005102 (sz=64, trace=301369, class=jdk.internal.org.objectweb.asm.Label@500011bc)
OBJ 50005103 (sz=48, trace=300768, class=jdk.internal.org.objectweb.asm.Frame@500011be)
ARR 50005104 (sz=56, trace=301370, nelems=0, elem type=int[])
OBJ 50005105 (sz=24, trace=301371, class=java.lang.StringBuilder@50000118)
ARR 50005106 (sz=48, trace=301372, nelems=0, elem type=char[])
OBJ 50005107 (sz=24, trace=301373, class=java.lang.String@50000165)
ARR 50005108 (sz=32, trace=300869, nelems=0, elem type=char[])
OBJ 50005109 (sz=24, trace=300805, class=java.lang.String@50000165)
ARR 5000510a (sz=48, trace=300806, nelems=0, elem type=char[])
OBJ 5000510b (sz=24, trace=301371, class=java.lang.StringBuilder@50000118)
ARR 5000510c (sz=48, trace=301372, nelems=0, elem type=char[])
OBJ 5000510d (sz=24, trace=301373, class=java.lang.String@50000165)
ARR 5000510e (sz=32, trace=300869, nelems=0, elem type=char[])
OBJ 5000510f (sz=24, trace=300805, class=java.lang.String@50000165)
ARR 50005110 (sz=48, trace=300806, nelems=0, elem type=char[])
OBJ 50005111 (sz=24, trace=301371, class=java.lang.StringBuilder@50000118)
ARR 50005112 (sz=48, trace=301372, nelems=0, elem type=char[])
OBJ 50005113 (sz=24, trace=301373, class=java.lang.String@50000165)
ARR 50005114 (sz=32, trace=300869, nelems=0, elem type=char[])
OBJ 50005115 (sz=24, trace=300805, class=java.lang.String@50000165)
ARR 50005116 (sz=48, trace=300806, nelems=0, elem type=char[])
OBJ 50005117 (sz=24, trace=301374, class=java.lang.StringBuilder@50000118)
ARR 50005118 (sz=168, trace=301375, nelems=0, elem type=char[])
ARR 50005119 (sz=24, trace=301376, nelems=0, elem type=char[])
ARR 5000511a (sz=320, trace=300010, nelems=0, elem type=char[])
OBJ 5000511b (sz=24, trace=301377, class=java.lang.String@50000165)
ARR 5000511c (sz=248, trace=300609, nelems=0, elem type=char[])
ARR 5000511d (sz=24, trace=301378, nelems=0, elem type=int[])
OBJ 5000511e (sz=64, trace=301379, class=jdk.internal.org.objectweb.asm.Label@500011bc)
OBJ 5000511f (sz=48, trace=301380, class=jdk.internal.org.objectweb.asm.Frame@500011be)
ARR 50005120 (sz=208, trace=301381, nelems=0, elem type=char[])
ARR 50005121 (sz=24, trace=301382, nelems=0, elem type=jdk.internal.org.objectweb.asm.Type[]@50001222)
OBJ 50005122 (sz=32, trace=300821, class=jdk.internal.org.objectweb.asm.Type@500011b2)
OBJ 50005123 (sz=32, trace=300821, class=jdk.internal.org.objectweb.asm.Type@500011b2)
ARR 50005124 (sz=32, trace=301383, nelems=0, elem type=int[])
ARR 50005125 (sz=16, trace=301384, nelems=0, elem type=int[])
OBJ 50005126 (sz=24, trace=300824, class=java.lang.StringBuffer@50000119)
ARR 50005127 (sz=48, trace=300825, nelems=0, elem type=char[])
ARR 50005128 (sz=88, trace=300826, nelems=0, elem type=char[])
ARR 50005129 (sz=80, trace=300827, nelems=0, elem type=char[])
OBJ 5000512a (sz=24, trace=300828, class=java.lang.String@50000165)
OBJ 5000512b (sz=24, trace=300829, class=java.lang.String@50000165)
ARR 5000512c (sz=72, trace=300806, nelems=0, elem type=char[])
OBJ 5000512d (sz=24, trace=300824, class=java.lang.StringBuffer@50000119)
ARR 5000512e (sz=48, trace=300825, nelems=0, elem type=char[])
ARR 5000512f (sz=88, trace=300826, nelems=0, elem type=char[])
ARR 50005130 (sz=80, trace=300827, nelems=0, elem type=char[])
OBJ 50005131 (sz=24, trace=300828, class=java.lang.String@50000165)
OBJ 50005132 (sz=24, trace=300829, class=java.lang.String@50000165)
ARR 50005133 (sz=72, trace=300806, nelems=0, elem type=char[])
ARR 50005134 (sz=40, trace=301385, nelems=0, elem type=int[])
OBJ 50005135 (sz=24, trace=301386, class=java.lang.StringBuilder@50000118)
ARR 50005136 (sz=48, trace=301387, nelems=0, elem type=char[])
OBJ 50005137 (sz=24, trace=301388, class=java.lang.String@50000165)
ARR 50005138 (sz=48, trace=301389, nelems=0, elem type=char[])
ARR 50005139 (sz=24, trace=301390, nelems=0, elem type=char[])
OBJ 5000513a (sz=24, trace=301391, class=java.lang.String@50000165)
OBJ 5000513b (sz=24, trace=301392, class=java.lang.StringBuilder@50000118)
ARR 5000513c (sz=168, trace=301393, nelems=0, elem type=char[])
ARR 5000513d (sz=24, trace=301394, nelems=0, elem type=char[])
ARR 5000513e (sz=320, trace=300010, nelems=0, elem type=char[])
OBJ 5000513f (sz=24, trace=301395, class=java.lang.String@50000165)
ARR 50005140 (sz=248, trace=300609, nelems=0, elem type=char[])
OBJ 50005141 (sz=224, trace=300748, class=jdk.internal.org.objectweb.asm.MethodWriter@500011ab)
OBJ 50005142 (sz=24, trace=301396, class=jdk.internal.org.objectweb.asm.ByteVector@5000118a)
ARR 50005143 (sz=80, trace=301397, nelems=0, elem type=byte[])
OBJ 50005144 (sz=56, trace=300751, class=jdk.internal.org.objectweb.asm.Item@5000118d)
OBJ 50005145 (sz=56, trace=300753, class=jdk.internal.org.objectweb.asm.Item@5000118d)
ARR 50005146 (sz=24, trace=301398, nelems=0, elem type=int[])
OBJ 50005147 (sz=56, trace=300733, class=jdk.internal.org.objectweb.asm.Item@5000118d)
OBJ 50005148 (sz=56, trace=301399, class=jdk.internal.org.objectweb.asm.Item@5000118d)
OBJ 50005149 (sz=64, trace=301400, class=jdk.internal.org.objectweb.asm.Label@500011bc)
OBJ 5000514a (sz=48, trace=300768, class=jdk.internal.org.objectweb.asm.Frame@500011be)
OBJ 5000514b (sz=24, trace=300805, class=java.lang.String@50000165)
ARR 5000514c (sz=112, trace=300806, nelems=0, elem type=char[])
ARR 5000514d (sz=56, trace=301321, nelems=0, elem type=int[])
ARR 5000514e (sz=2064, trace=300852, nelems=0, elem type=byte[])
OBJ 5000514f (sz=56, trace=300733, class=jdk.internal.org.objectweb.asm.Item@5000118d)
OBJ 50005150 (sz=56, trace=300800, class=jdk.internal.org.objectweb.asm.Item@5000118d)
OBJ 50005151 (sz=56, trace=300801, class=jdk.internal.org.objectweb.asm.Item@5000118d)
OBJ 50005152 (sz=56, trace=300802, class=jdk.internal.org.objectweb.asm.Item@5000118d)
OBJ 50005153 (sz=56, trace=300803, class=jdk.internal.org.objectweb.asm.Item@5000118d)
OBJ 50005154 (sz=56, trace=301401, class=jdk.internal.org.objectweb.asm.Item@5000118d)
OBJ 50005155 (sz=24, trace=300805, class=java.lang.String@50000165)
ARR 50005156 (sz=112, trace=300806, nelems=0, elem type=char[])
OBJ 50005157 (sz=56, trace=300801, class=jdk.internal.org.objectweb.asm.Item@5000118d)
OBJ 50005158 (sz=56, trace=300802, class=jdk.internal.org.objectweb.asm.Item@5000118d)
OBJ 50005159 (sz=56, trace=300803, class=jdk.internal.org.objectweb.asm.Item@5000118d)
OBJ 5000515a (sz=56, trace=301402, class=jdk.internal.org.objectweb.asm.Item@5000118d)
OBJ 5000515b (sz=24, trace=300805, class=java.lang.String@50000165)
ARR 5000515c (sz=80, trace=300806, nelems=0, elem type=char[])
OBJ 5000515d (sz=56, trace=300807, class=jdk.internal.org.objectweb.asm.Item@5000118d)
OBJ 5000515e (sz=24, trace=301371, class=java.lang.StringBuilder@50000118)
ARR 5000515f (sz=48, trace=301372, nelems=0, elem type=char[])
OBJ 50005160 (sz=24, trace=301373, class=java.lang.String@50000165)
ARR 50005161 (sz=32, trace=300869, nelems=0, elem type=char[])
OBJ 50005162 (sz=24, trace=300805, class=java.lang.String@50000165)
ARR 50005163 (sz=48, trace=300806, nelems=0, elem type=char[])
OBJ 50005164 (sz=24, trace=301371, class=java.lang.StringBuilder@50000118)
ARR 50005165 (sz=48, trace=301372, nelems=0, elem type=char[])
OBJ 50005166 (sz=24, trace=301373, class=java.lang.String@50000165)
ARR 50005167 (sz=32, trace=300869, nelems=0, elem type=char[])
OBJ 50005168 (sz=24, trace=300805, class=java.lang.String@50000165)
ARR 50005169 (sz=48, trace=300806, nelems=0, elem type=char[])
OBJ 5000516a (sz=24, trace=301371, class=java.lang.StringBuilder@50000118)
ARR 5000516b (sz=48, trace=301372, nelems=0, elem type=char[])
OBJ 5000516c (sz=24, trace=301373, class=java.lang.String@50000165)
ARR 5000516d (sz=32, trace=300869, nelems=0, elem type=char[])
OBJ 5000516e (sz=24, trace=300805, class=java.lang.String@50000165)
ARR 5000516f (sz=48, trace=300806, nelems=0, elem type=char[])
OBJ 50005170 (sz=24, trace=301403, class=java.lang.StringBuilder@50000118)
ARR 50005171 (sz=48, trace=301404, nelems=0, elem type=char[])
OBJ 50005172 (sz=24, trace=301405, class=java.lang.String@50000165)
ARR 50005173 (sz=24, trace=301406, nelems=0, elem type=char[])
OBJ 50005174 (sz=24, trace=301407, class=java.lang.StringBuilder@50000118)
ARR 50005175 (sz=168, trace=301408, nelems=0, elem type=char[])
ARR 50005176 (sz=24, trace=301409, nelems=0, elem type=char[])
ARR 50005177 (sz=320, trace=300010, nelems=0, elem type=char[])
ARR 50005178 (sz=632, trace=300010, nelems=0, elem type=char[])
OBJ 50005179 (sz=24, trace=301410, class=java.lang.String@50000165)
ARR 5000517a (sz=352, trace=300609, nelems=0, elem type=char[])
OBJ 5000517b (sz=56, trace=300733, class=jdk.internal.org.objectweb.asm.Item@5000118d)
OBJ 5000517c (sz=56, trace=300800, class=jdk.internal.org.objectweb.asm.Item@5000118d)
OBJ 5000517d (sz=56, trace=300801, class=jdk.internal.org.objectweb.asm.Item@5000118d)
OBJ 5000517e (sz=56, trace=300802, class=jdk.internal.org.objectweb.asm.Item@5000118d)
OBJ 5000517f (sz=56, trace=300803, class=jdk.internal.org.objectweb.asm.Item@5000118d)
OBJ 50005180 (sz=56, trace=301411, class=jdk.internal.org.objectweb.asm.Item@5000118d)
OBJ 50005181 (sz=24, trace=300805, class=java.lang.String@50000165)
ARR 50005182 (sz=88, trace=300806, nelems=0, elem type=char[])
OBJ 50005183 (sz=56, trace=300807, class=jdk.internal.org.objectweb.asm.Item@5000118d)
OBJ 50005184 (sz=64, trace=301412, class=jdk.internal.org.objectweb.asm.Label@500011bc)
OBJ 50005185 (sz=48, trace=301413, class=jdk.internal.org.objectweb.asm.Frame@500011be)
ARR 50005186 (sz=248, trace=301414, nelems=0, elem type=char[])
ARR 50005187 (sz=32, trace=301415, nelems=0, elem type=jdk.internal.org.objectweb.asm.Type[]@50001222)
OBJ 50005188 (sz=32, trace=300821, class=jdk.internal.org.objectweb.asm.Type@500011b2)
OBJ 50005189 (sz=32, trace=300821, class=jdk.internal.org.objectweb.asm.Type@500011b2)
OBJ 5000518a (sz=32, trace=300821, class=jdk.internal.org.objectweb.asm.Type@500011b2)
ARR 5000518b (sz=32, trace=301416, nelems=0, elem type=int[])
ARR 5000518c (sz=16, trace=301417, nelems=0, elem type=int[])
OBJ 5000518d (sz=24, trace=300824, class=java.lang.StringBuffer@50000119)
ARR 5000518e (sz=48, trace=300825, nelems=0, elem type=char[])
ARR 5000518f (sz=88, trace=300826, nelems=0, elem type=char[])
ARR 50005190 (sz=80, trace=300827, nelems=0, elem type=char[])
OBJ 50005191 (sz=24, trace=300828, class=java.lang.String@50000165)
OBJ 50005192 (sz=24, trace=300829, class=java.lang.String@50000165)
ARR 50005193 (sz=72, trace=300806, nelems=0, elem type=char[])
OBJ 50005194 (sz=24, trace=300824, class=java.lang.StringBuffer@50000119)
ARR 50005195 (sz=48, trace=300825, nelems=0, elem type=char[])
ARR 50005196 (sz=88, trace=300826, nelems=0, elem type=char[])
ARR 50005197 (sz=80, trace=300827, nelems=0, elem type=char[])
OBJ 50005198 (sz=24, trace=300828, class=java.lang.String@50000165)
OBJ 50005199 (sz=24, trace=300829, class=java.lang.String@50000165)
ARR 5000519a (sz=72, trace=300806, nelems=0, elem type=char[])
OBJ 5000519b (sz=24, trace=300824, class=java.lang.StringBuffer@50000119)
ARR 5000519c (sz=48, trace=300825, nelems=0, elem type=char[])
ARR 5000519d (sz=88, trace=300826, nelems=0, elem type=char[])
ARR 5000519e (sz=56, trace=300827, nelems=0, elem type=char[])
OBJ 5000519f (sz=24, trace=300828, class=java.lang.String@50000165)
OBJ 500051a0 (sz=24, trace=300829, class=java.lang.String@50000165)
ARR 500051a1 (sz=48, trace=300806, nelems=0, elem type=char[])
ARR 500051a2 (sz=48, trace=301418, nelems=0, elem type=int[])
OBJ 500051a3 (sz=24, trace=301386, class=java.lang.StringBuilder@50000118)
ARR 500051a4 (sz=48, trace=301387, nelems=0, elem type=char[])
OBJ 500051a5 (sz=24, trace=301388, class=java.lang.String@50000165)
ARR 500051a6 (sz=48, trace=301389, nelems=0, elem type=char[])
ARR 500051a7 (sz=24, trace=301390, nelems=0, elem type=char[])
OBJ 500051a8 (sz=24, trace=301391, class=java.lang.String@50000165)
OBJ 500051a9 (sz=24, trace=301392, class=java.lang.StringBuilder@50000118)
ARR 500051aa (sz=168, trace=301393, nelems=0, elem type=char[])
ARR 500051ab (sz=24, trace=301394, nelems=0, elem type=char[])
ARR 500051ac (sz=24, trace=301419, nelems=0, elem type=char[])
OBJ 500051ad (sz=24, trace=301420, class=java.lang.String@50000165)
ARR 500051ae (sz=320, trace=300010, nelems=0, elem type=char[])
OBJ 500051af (sz=24, trace=301395, class=java.lang.String@50000165)
ARR 500051b0 (sz=216, trace=300609, nelems=0, elem type=char[])
OBJ 500051b1 (sz=224, trace=300748, class=jdk.internal.org.objectweb.asm.MethodWriter@500011ab)
OBJ 500051b2 (sz=24, trace=301396, class=jdk.internal.org.objectweb.asm.ByteVector@5000118a)
ARR 500051b3 (sz=80, trace=301397, nelems=0, elem type=byte[])
OBJ 500051b4 (sz=56, trace=300751, class=jdk.internal.org.objectweb.asm.Item@5000118d)
OBJ 500051b5 (sz=56, trace=300753, class=jdk.internal.org.objectweb.asm.Item@5000118d)
ARR 500051b6 (sz=24, trace=301398, nelems=0, elem type=int[])
OBJ 500051b7 (sz=64, trace=301400, class=jdk.internal.org.objectweb.asm.Label@500011bc)
OBJ 500051b8 (sz=48, trace=300768, class=jdk.internal.org.objectweb.asm.Frame@500011be)
OBJ 500051b9 (sz=24, trace=300805, class=java.lang.String@50000165)
ARR 500051ba (sz=112, trace=300806, nelems=0, elem type=char[])
ARR 500051bb (sz=56, trace=301321, nelems=0, elem type=int[])
OBJ 500051bc (sz=24, trace=300805, class=java.lang.String@50000165)
ARR 500051bd (sz=112, trace=300806, nelems=0, elem type=char[])
OBJ 500051be (sz=24, trace=300805, class=java.lang.String@50000165)
ARR 500051bf (sz=80, trace=300806, nelems=0, elem type=char[])
OBJ 500051c0 (sz=24, trace=301371, class=java.lang.StringBuilder@50000118)
ARR 500051c1 (sz=48, trace=301372, nelems=0, elem type=char[])
OBJ 500051c2 (sz=24, trace=301373, class=java.lang.String@50000165)
ARR 500051c3 (sz=32, trace=300869, nelems=0, elem type=char[])
OBJ 500051c4 (sz=24, trace=300805, class=java.lang.String@50000165)
ARR 500051c5 (sz=48, trace=300806, nelems=0, elem type=char[])
OBJ 500051c6 (sz=24, trace=301371, class=java.lang.StringBuilder@50000118)
ARR 500051c7 (sz=48, trace=301372, nelems=0, elem type=char[])
OBJ 500051c8 (sz=24, trace=301373, class=java.lang.String@50000165)
ARR 500051c9 (sz=32, trace=300869, nelems=0, elem type=char[])
OBJ 500051ca (sz=24, trace=300805, class=java.lang.String@50000165)
ARR 500051cb (sz=48, trace=300806, nelems=0, elem type=char[])
OBJ 500051cc (sz=24, trace=301371, class=java.lang.StringBuilder@50000118)
ARR 500051cd (sz=48, trace=301372, nelems=0, elem type=char[])
OBJ 500051ce (sz=24, trace=301373, class=java.lang.String@50000165)
ARR 500051cf (sz=32, trace=300869, nelems=0, elem type=char[])
OBJ 500051d0 (sz=24, trace=300805, class=java.lang.String@50000165)
ARR 500051d1 (sz=48, trace=300806, nelems=0, elem type=char[])
OBJ 500051d2 (sz=24, trace=301403, class=java.lang.StringBuilder@50000118)
ARR 500051d3 (sz=48, trace=301404, nelems=0, elem type=char[])
OBJ 500051d4 (sz=24, trace=301405, class=java.lang.String@50000165)
ARR 500051d5 (sz=24, trace=301406, nelems=0, elem type=char[])
OBJ 500051d6 (sz=24, trace=301407, class=java.lang.StringBuilder@50000118)
ARR 500051d7 (sz=168, trace=301408, nelems=0, elem type=char[])
ARR 500051d8 (sz=24, trace=301409, nelems=0, elem type=char[])
ARR 500051d9 (sz=320, trace=300010, nelems=0, elem type=char[])
ARR 500051da (sz=24, trace=301421, nelems=0, elem type=char[])
OBJ 500051db (sz=24, trace=301420, class=java.lang.String@50000165)
OBJ 500051dc (sz=24, trace=301410, class=java.lang.String@50000165)
ARR 500051dd (sz=320, trace=300609, nelems=0, elem type=char[])
OBJ 500051de (sz=56, trace=300802, class=jdk.internal.org.objectweb.asm.Item@5000118d)
OBJ 500051df (sz=56, trace=300803, class=jdk.internal.org.objectweb.asm.Item@5000118d)
OBJ 500051e0 (sz=56, trace=301411, class=jdk.internal.org.objectweb.asm.Item@5000118d)
OBJ 500051e1 (sz=24, trace=300805, class=java.lang.String@50000165)
ARR 500051e2 (sz=88, trace=300806, nelems=0, elem type=char[])
OBJ 500051e3 (sz=64, trace=301412, class=jdk.internal.org.objectweb.asm.Label@500011bc)
OBJ 500051e4 (sz=48, trace=301413, class=jdk.internal.org.objectweb.asm.Frame@500011be)
ARR 500051e5 (sz=216, trace=301414, nelems=0, elem type=char[])
ARR 500051e6 (sz=32, trace=301415, nelems=0, elem type=jdk.internal.org.objectweb.asm.Type[]@50001222)
OBJ 500051e7 (sz=32, trace=300821, class=jdk.internal.org.objectweb.asm.Type@500011b2)
OBJ 500051e8 (sz=32, trace=300821, class=jdk.internal.org.objectweb.asm.Type@500011b2)
ARR 500051e9 (sz=32, trace=301416, nelems=0, elem type=int[])
ARR 500051ea (sz=16, trace=301417, nelems=0, elem type=int[])
OBJ 500051eb (sz=24, trace=300824, class=java.lang.StringBuffer@50000119)
ARR 500051ec (sz=48, trace=300825, nelems=0, elem type=char[])
ARR 500051ed (sz=88, trace=300826, nelems=0, elem type=char[])
ARR 500051ee (sz=80, trace=300827, nelems=0, elem type=char[])
OBJ 500051ef (sz=24, trace=300828, class=java.lang.String@50000165)
OBJ 500051f0 (sz=24, trace=300829, class=java.lang.String@50000165)
ARR 500051f1 (sz=72, trace=300806, nelems=0, elem type=char[])
OBJ 500051f2 (sz=24, trace=300824, class=java.lang.StringBuffer@50000119)
ARR 500051f3 (sz=48, trace=300825, nelems=0, elem type=char[])
ARR 500051f4 (sz=88, trace=300826, nelems=0, elem type=char[])
ARR 500051f5 (sz=80, trace=300827, nelems=0, elem type=char[])
OBJ 500051f6 (sz=24, trace=300828, class=java.lang.String@50000165)
OBJ 500051f7 (sz=24, trace=300829, class=java.lang.String@50000165)
ARR 500051f8 (sz=72, trace=300806, nelems=0, elem type=char[])
OBJ 500051f9 (sz=24, trace=300824, class=java.lang.StringBuffer@50000119)
ARR 500051fa (sz=48, trace=300825, nelems=0, elem type=char[])
ARR 500051fb (sz=24, trace=300827, nelems=0, elem type=char[])
OBJ 500051fc (sz=24, trace=300828, class=java.lang.String@50000165)
ARR 500051fd (sz=48, trace=301418, nelems=0, elem type=int[])
OBJ 500051fe (sz=24, trace=301386, class=java.lang.StringBuilder@50000118)
ARR 500051ff (sz=48, trace=301387, nelems=0, elem type=char[])
OBJ 50005200 (sz=24, trace=301388, class=java.lang.String@50000165)
ARR 50005201 (sz=48, trace=301389, nelems=0, elem type=char[])
ARR 50005202 (sz=24, trace=301390, nelems=0, elem type=char[])
OBJ 50005203 (sz=24, trace=301391, class=java.lang.String@50000165)
OBJ 50005204 (sz=24, trace=301392, class=java.lang.StringBuilder@50000118)
ARR 50005205 (sz=168, trace=301393, nelems=0, elem type=char[])
ARR 50005206 (sz=24, trace=301394, nelems=0, elem type=char[])
ARR 50005207 (sz=24, trace=301419, nelems=0, elem type=char[])
OBJ 50005208 (sz=24, trace=301420, class=java.lang.String@50000165)
ARR 50005209 (sz=320, trace=300010, nelems=0, elem type=char[])
OBJ 5000520a (sz=24, trace=301395, class=java.lang.String@50000165)
ARR 5000520b (sz=216, trace=300609, nelems=0, elem type=char[])
OBJ 5000520c (sz=224, trace=300748, class=jdk.internal.org.objectweb.asm.MethodWriter@500011ab)
OBJ 5000520d (sz=24, trace=301396, class=jdk.internal.org.objectweb.asm.ByteVector@5000118a)
ARR 5000520e (sz=80, trace=301397, nelems=0, elem type=byte[])
OBJ 5000520f (sz=56, trace=300751, class=jdk.internal.org.objectweb.asm.Item@5000118d)
OBJ 50005210 (sz=56, trace=300753, class=jdk.internal.org.objectweb.asm.Item@5000118d)
ARR 50005211 (sz=24, trace=301398, nelems=0, elem type=int[])
OBJ 50005212 (sz=64, trace=301400, class=jdk.internal.org.objectweb.asm.Label@500011bc)
OBJ 50005213 (sz=48, trace=300768, class=jdk.internal.org.objectweb.asm.Frame@500011be)
OBJ 50005214 (sz=24, trace=300805, class=java.lang.String@50000165)
ARR 50005215 (sz=112, trace=300806, nelems=0, elem type=char[])
ARR 50005216 (sz=56, trace=301321, nelems=0, elem type=int[])
OBJ 50005217 (sz=24, trace=300805, class=java.lang.String@50000165)
ARR 50005218 (sz=112, trace=300806, nelems=0, elem type=char[])
OBJ 50005219 (sz=24, trace=300805, class=java.lang.String@50000165)
ARR 5000521a (sz=80, trace=300806, nelems=0, elem type=char[])
OBJ 5000521b (sz=24, trace=301371, class=java.lang.StringBuilder@50000118)
ARR 5000521c (sz=48, trace=301372, nelems=0, elem type=char[])
OBJ 5000521d (sz=24, trace=301373, class=java.lang.String@50000165)
ARR 5000521e (sz=32, trace=300869, nelems=0, elem type=char[])
OBJ 5000521f (sz=24, trace=300805, class=java.lang.String@50000165)
ARR 50005220 (sz=48, trace=300806, nelems=0, elem type=char[])
OBJ 50005221 (sz=24, trace=301371, class=java.lang.StringBuilder@50000118)
ARR 50005222 (sz=48, trace=301372, nelems=0, elem type=char[])
OBJ 50005223 (sz=24, trace=301373, class=java.lang.String@50000165)
ARR 50005224 (sz=32, trace=300869, nelems=0, elem type=char[])
OBJ 50005225 (sz=24, trace=300805, class=java.lang.String@50000165)
ARR 50005226 (sz=48, trace=300806, nelems=0, elem type=char[])
OBJ 50005227 (sz=24, trace=301371, class=java.lang.StringBuilder@50000118)
ARR 50005228 (sz=48, trace=301372, nelems=0, elem type=char[])
OBJ 50005229 (sz=24, trace=301373, class=java.lang.String@50000165)
ARR 5000522a (sz=32, trace=300869, nelems=0, elem type=char[])
OBJ 5000522b (sz=24, trace=300805, class=java.lang.String@50000165)
ARR 5000522c (sz=48, trace=300806, nelems=0, elem type=char[])
OBJ 5000522d (sz=24, trace=301403, class=java.lang.StringBuilder@50000118)
ARR 5000522e (sz=48, trace=301404, nelems=0, elem type=char[])
OBJ 5000522f (sz=24, trace=301405, class=java.lang.String@50000165)
ARR 50005230 (sz=24, trace=301406, nelems=0, elem type=char[])
OBJ 50005231 (sz=24, trace=301407, class=java.lang.StringBuilder@50000118)
ARR 50005232 (sz=168, trace=301408, nelems=0, elem type=char[])
ARR 50005233 (sz=24, trace=301409, nelems=0, elem type=char[])
ARR 50005234 (sz=320, trace=300010, nelems=0, elem type=char[])
ARR 50005235 (sz=24, trace=301421, nelems=0, elem type=char[])
OBJ 50005236 (sz=24, trace=301420, class=java.lang.String@50000165)
OBJ 50005237 (sz=24, trace=301410, class=java.lang.String@50000165)
ARR 50005238 (sz=320, trace=300609, nelems=0, elem type=char[])
OBJ 50005239 (sz=56, trace=300802, class=jdk.internal.org.objectweb.asm.Item@5000118d)
OBJ 5000523a (sz=56, trace=300803, class=jdk.internal.org.objectweb.asm.Item@5000118d)
OBJ 5000523b (sz=56, trace=301411, class=jdk.internal.org.objectweb.asm.Item@5000118d)
OBJ 5000523c (sz=24, trace=300805, class=java.lang.String@50000165)
ARR 5000523d (sz=88, trace=300806, nelems=0, elem type=char[])
OBJ 5000523e (sz=64, trace=301412, class=jdk.internal.org.objectweb.asm.Label@500011bc)
OBJ 5000523f (sz=48, trace=301413, class=jdk.internal.org.objectweb.asm.Frame@500011be)
ARR 50005240 (sz=216, trace=301414, nelems=0, elem type=char[])
ARR 50005241 (sz=32, trace=301415, nelems=0, elem type=jdk.internal.org.objectweb.asm.Type[]@50001222)
OBJ 50005242 (sz=32, trace=300821, class=jdk.internal.org.objectweb.asm.Type@500011b2)
OBJ 50005243 (sz=32, trace=300821, class=jdk.internal.org.objectweb.asm.Type@500011b2)
ARR 50005244 (sz=40, trace=301416, nelems=0, elem type=int[])
ARR 50005245 (sz=16, trace=301417, nelems=0, elem type=int[])
OBJ 50005246 (sz=24, trace=300824, class=java.lang.StringBuffer@50000119)
ARR 50005247 (sz=48, trace=300825, nelems=0, elem type=char[])
ARR 50005248 (sz=88, trace=300826, nelems=0, elem type=char[])
ARR 50005249 (sz=80, trace=300827, nelems=0, elem type=char[])
OBJ 5000524a (sz=24, trace=300828, class=java.lang.String@50000165)
OBJ 5000524b (sz=24, trace=300829, class=java.lang.String@50000165)
ARR 5000524c (sz=72, trace=300806, nelems=0, elem type=char[])
OBJ 5000524d (sz=24, trace=300824, class=java.lang.StringBuffer@50000119)
ARR 5000524e (sz=48, trace=300825, nelems=0, elem type=char[])
ARR 5000524f (sz=88, trace=300826, nelems=0, elem type=char[])
ARR 50005250 (sz=80, trace=300827, nelems=0, elem type=char[])
OBJ 50005251 (sz=24, trace=300828, class=java.lang.String@50000165)
OBJ 50005252 (sz=24, trace=300829, class=java.lang.String@50000165)
ARR 50005253 (sz=72, trace=300806, nelems=0, elem type=char[])
OBJ 50005254 (sz=24, trace=300824, class=java.lang.StringBuffer@50000119)
ARR 50005255 (sz=48, trace=300825, nelems=0, elem type=char[])
ARR 50005256 (sz=24, trace=300827, nelems=0, elem type=char[])
OBJ 50005257 (sz=24, trace=300828, class=java.lang.String@50000165)
ARR 50005258 (sz=48, trace=301418, nelems=0, elem type=int[])
OBJ 50005259 (sz=24, trace=301386, class=java.lang.StringBuilder@50000118)
ARR 5000525a (sz=48, trace=301387, nelems=0, elem type=char[])
OBJ 5000525b (sz=24, trace=301388, class=java.lang.String@50000165)
ARR 5000525c (sz=48, trace=301389, nelems=0, elem type=char[])
ARR 5000525d (sz=24, trace=301390, nelems=0, elem type=char[])
OBJ 5000525e (sz=24, trace=301391, class=java.lang.String@50000165)
OBJ 5000525f (sz=24, trace=301392, class=java.lang.StringBuilder@50000118)
ARR 50005260 (sz=168, trace=301393, nelems=0, elem type=char[])
ARR 50005261 (sz=24, trace=301394, nelems=0, elem type=char[])
ARR 50005262 (sz=24, trace=301419, nelems=0, elem type=char[])
OBJ 50005263 (sz=24, trace=301420, class=java.lang.String@50000165)
ARR 50005264 (sz=320, trace=300010, nelems=0, elem type=char[])
OBJ 50005265 (sz=24, trace=301395, class=java.lang.String@50000165)
ARR 50005266 (sz=216, trace=300609, nelems=0, elem type=char[])
OBJ 50005267 (sz=224, trace=300748, class=jdk.internal.org.objectweb.asm.MethodWriter@500011ab)
OBJ 50005268 (sz=24, trace=301396, class=jdk.internal.org.objectweb.asm.ByteVector@5000118a)
ARR 50005269 (sz=80, trace=301397, nelems=0, elem type=byte[])
OBJ 5000526a (sz=56, trace=300751, class=jdk.internal.org.objectweb.asm.Item@5000118d)
ARR 5000526b (sz=4112, trace=300752, nelems=0, elem type=byte[])
OBJ 5000526c (sz=56, trace=300753, class=jdk.internal.org.objectweb.asm.Item@5000118d)
ARR 5000526d (sz=24, trace=301398, nelems=0, elem type=int[])
OBJ 5000526e (sz=64, trace=301400, class=jdk.internal.org.objectweb.asm.Label@500011bc)
OBJ 5000526f (sz=48, trace=300768, class=jdk.internal.org.objectweb.asm.Frame@500011be)
OBJ 50005270 (sz=24, trace=300805, class=java.lang.String@50000165)
ARR 50005271 (sz=112, trace=300806, nelems=0, elem type=char[])
ARR 50005272 (sz=56, trace=301321, nelems=0, elem type=int[])
OBJ 50005273 (sz=24, trace=300805, class=java.lang.String@50000165)
ARR 50005274 (sz=112, trace=300806, nelems=0, elem type=char[])
OBJ 50005275 (sz=24, trace=300805, class=java.lang.String@50000165)
ARR 50005276 (sz=80, trace=300806, nelems=0, elem type=char[])
OBJ 50005277 (sz=24, trace=301371, class=java.lang.StringBuilder@50000118)
ARR 50005278 (sz=48, trace=301372, nelems=0, elem type=char[])
OBJ 50005279 (sz=24, trace=301373, class=java.lang.String@50000165)
ARR 5000527a (sz=32, trace=300869, nelems=0, elem type=char[])
OBJ 5000527b (sz=24, trace=300805, class=java.lang.String@50000165)
ARR 5000527c (sz=48, trace=300806, nelems=0, elem type=char[])
OBJ 5000527d (sz=24, trace=301371, class=java.lang.StringBuilder@50000118)
ARR 5000527e (sz=48, trace=301372, nelems=0, elem type=char[])
OBJ 5000527f (sz=24, trace=301373, class=java.lang.String@50000165)
ARR 50005280 (sz=32, trace=300869, nelems=0, elem type=char[])
OBJ 50005281 (sz=24, trace=300805, class=java.lang.String@50000165)
ARR 50005282 (sz=48, trace=300806, nelems=0, elem type=char[])
OBJ 50005283 (sz=24, trace=301371, class=java.lang.StringBuilder@50000118)
ARR 50005284 (sz=48, trace=301372, nelems=0, elem type=char[])
OBJ 50005285 (sz=24, trace=301373, class=java.lang.String@50000165)
ARR 50005286 (sz=32, trace=300869, nelems=0, elem type=char[])
OBJ 50005287 (sz=24, trace=300805, class=java.lang.String@50000165)
ARR 50005288 (sz=48, trace=300806, nelems=0, elem type=char[])
OBJ 50005289 (sz=24, trace=301403, class=java.lang.StringBuilder@50000118)
ARR 5000528a (sz=48, trace=301404, nelems=0, elem type=char[])
OBJ 5000528b (sz=24, trace=301405, class=java.lang.String@50000165)
ARR 5000528c (sz=24, trace=301406, nelems=0, elem type=char[])
OBJ 5000528d (sz=24, trace=301407, class=java.lang.StringBuilder@50000118)
ARR 5000528e (sz=168, trace=301408, nelems=0, elem type=char[])
ARR 5000528f (sz=24, trace=301409, nelems=0, elem type=char[])
ARR 50005290 (sz=320, trace=300010, nelems=0, elem type=char[])
ARR 50005291 (sz=24, trace=301421, nelems=0, elem type=char[])
OBJ 50005292 (sz=24, trace=301420, class=java.lang.String@50000165)
OBJ 50005293 (sz=24, trace=301410, class=java.lang.String@50000165)
ARR 50005294 (sz=320, trace=300609, nelems=0, elem type=char[])
OBJ 50005295 (sz=56, trace=300802, class=jdk.internal.org.objectweb.asm.Item@5000118d)
OBJ 50005296 (sz=56, trace=300803, class=jdk.internal.org.objectweb.asm.Item@5000118d)
OBJ 50005297 (sz=56, trace=301411, class=jdk.internal.org.objectweb.asm.Item@5000118d)
OBJ 50005298 (sz=24, trace=300805, class=java.lang.String@50000165)
ARR 50005299 (sz=88, trace=300806, nelems=0, elem type=char[])
OBJ 5000529a (sz=64, trace=301412, class=jdk.internal.org.objectweb.asm.Label@500011bc)
OBJ 5000529b (sz=48, trace=301413, class=jdk.internal.org.objectweb.asm.Frame@500011be)
ARR 5000529c (sz=216, trace=301414, nelems=0, elem type=char[])
ARR 5000529d (sz=32, trace=301415, nelems=0, elem type=jdk.internal.org.objectweb.asm.Type[]@50001222)
OBJ 5000529e (sz=32, trace=300821, class=jdk.internal.org.objectweb.asm.Type@500011b2)
OBJ 5000529f (sz=32, trace=300821, class=jdk.internal.org.objectweb.asm.Type@500011b2)
ARR 500052a0 (sz=32, trace=301416, nelems=0, elem type=int[])
ARR 500052a1 (sz=16, trace=301417, nelems=0, elem type=int[])
OBJ 500052a2 (sz=24, trace=300824, class=java.lang.StringBuffer@50000119)
ARR 500052a3 (sz=48, trace=300825, nelems=0, elem type=char[])
ARR 500052a4 (sz=88, trace=300826, nelems=0, elem type=char[])
ARR 500052a5 (sz=80, trace=300827, nelems=0, elem type=char[])
OBJ 500052a6 (sz=24, trace=300828, class=java.lang.String@50000165)
OBJ 500052a7 (sz=24, trace=300829, class=java.lang.String@50000165)
ARR 500052a8 (sz=72, trace=300806, nelems=0, elem type=char[])
OBJ 500052a9 (sz=24, trace=300824, class=java.lang.StringBuffer@50000119)
ARR 500052aa (sz=48, trace=300825, nelems=0, elem type=char[])
ARR 500052ab (sz=88, trace=300826, nelems=0, elem type=char[])
ARR 500052ac (sz=80, trace=300827, nelems=0, elem type=char[])
OBJ 500052ad (sz=24, trace=300828, class=java.lang.String@50000165)
OBJ 500052ae (sz=24, trace=300829, class=java.lang.String@50000165)
ARR 500052af (sz=72, trace=300806, nelems=0, elem type=char[])
OBJ 500052b0 (sz=24, trace=300824, class=java.lang.StringBuffer@50000119)
ARR 500052b1 (sz=48, trace=300825, nelems=0, elem type=char[])
ARR 500052b2 (sz=24, trace=300827, nelems=0, elem type=char[])
OBJ 500052b3 (sz=24, trace=300828, class=java.lang.String@50000165)
ARR 500052b4 (sz=48, trace=301418, nelems=0, elem type=int[])
OBJ 500052b5 (sz=24, trace=301386, class=java.lang.StringBuilder@50000118)
ARR 500052b6 (sz=48, trace=301387, nelems=0, elem type=char[])
OBJ 500052b7 (sz=24, trace=301388, class=java.lang.String@50000165)
ARR 500052b8 (sz=48, trace=301389, nelems=0, elem type=char[])
ARR 500052b9 (sz=24, trace=301390, nelems=0, elem type=char[])
OBJ 500052ba (sz=24, trace=301391, class=java.lang.String@50000165)
OBJ 500052bb (sz=24, trace=301392, class=java.lang.StringBuilder@50000118)
ARR 500052bc (sz=168, trace=301393, nelems=0, elem type=char[])
ARR 500052bd (sz=24, trace=301394, nelems=0, elem type=char[])
ARR 500052be (sz=24, trace=301419, nelems=0, elem type=char[])
OBJ 500052bf (sz=24, trace=301420, class=java.lang.String@50000165)
ARR 500052c0 (sz=320, trace=300010, nelems=0, elem type=char[])
OBJ 500052c1 (sz=24, trace=301395, class=java.lang.String@50000165)
ARR 500052c2 (sz=216, trace=300609, nelems=0, elem type=char[])
OBJ 500052c3 (sz=224, trace=300748, class=jdk.internal.org.objectweb.asm.MethodWriter@500011ab)
OBJ 500052c4 (sz=24, trace=301396, class=jdk.internal.org.objectweb.asm.ByteVector@5000118a)
ARR 500052c5 (sz=80, trace=301397, nelems=0, elem type=byte[])
OBJ 500052c6 (sz=56, trace=300751, class=jdk.internal.org.objectweb.asm.Item@5000118d)
OBJ 500052c7 (sz=56, trace=300753, class=jdk.internal.org.objectweb.asm.Item@5000118d)
ARR 500052c8 (sz=24, trace=301398, nelems=0, elem type=int[])
OBJ 500052c9 (sz=64, trace=301400, class=jdk.internal.org.objectweb.asm.Label@500011bc)
OBJ 500052ca (sz=48, trace=300768, class=jdk.internal.org.objectweb.asm.Frame@500011be)
OBJ 500052cb (sz=24, trace=300805, class=java.lang.String@50000165)
ARR 500052cc (sz=112, trace=300806, nelems=0, elem type=char[])
ARR 500052cd (sz=56, trace=301321, nelems=0, elem type=int[])
OBJ 500052ce (sz=24, trace=300805, class=java.lang.String@50000165)
ARR 500052cf (sz=112, trace=300806, nelems=0, elem type=char[])
OBJ 500052d0 (sz=24, trace=300805, class=java.lang.String@50000165)
ARR 500052d1 (sz=80, trace=300806, nelems=0, elem type=char[])
OBJ 500052d2 (sz=24, trace=301371, class=java.lang.StringBuilder@50000118)
ARR 500052d3 (sz=48, trace=301372, nelems=0, elem type=char[])
OBJ 500052d4 (sz=24, trace=301373, class=java.lang.String@50000165)
ARR 500052d5 (sz=32, trace=300869, nelems=0, elem type=char[])
OBJ 500052d6 (sz=24, trace=300805, class=java.lang.String@50000165)
ARR 500052d7 (sz=48, trace=300806, nelems=0, elem type=char[])
OBJ 500052d8 (sz=24, trace=301371, class=java.lang.StringBuilder@50000118)
ARR 500052d9 (sz=48, trace=301372, nelems=0, elem type=char[])
OBJ 500052da (sz=24, trace=301373, class=java.lang.String@50000165)
ARR 500052db (sz=32, trace=300869, nelems=0, elem type=char[])
OBJ 500052dc (sz=24, trace=300805, class=java.lang.String@50000165)
ARR 500052dd (sz=48, trace=300806, nelems=0, elem type=char[])
OBJ 500052de (sz=24, trace=301371, class=java.lang.StringBuilder@50000118)
ARR 500052df (sz=48, trace=301372, nelems=0, elem type=char[])
OBJ 500052e0 (sz=24, trace=301373, class=java.lang.String@50000165)
ARR 500052e1 (sz=32, trace=300869, nelems=0, elem type=char[])
OBJ 500052e2 (sz=24, trace=300805, class=java.lang.String@50000165)
ARR 500052e3 (sz=48, trace=300806, nelems=0, elem type=char[])
OBJ 500052e4 (sz=24, trace=301403, class=java.lang.StringBuilder@50000118)
ARR 500052e5 (sz=48, trace=301404, nelems=0, elem type=char[])
OBJ 500052e6 (sz=24, trace=301405, class=java.lang.String@50000165)
ARR 500052e7 (sz=24, trace=301406, nelems=0, elem type=char[])
OBJ 500052e8 (sz=24, trace=301407, class=java.lang.StringBuilder@50000118)
ARR 500052e9 (sz=168, trace=301408, nelems=0, elem type=char[])
ARR 500052ea (sz=24, trace=301409, nelems=0, elem type=char[])
ARR 500052eb (sz=320, trace=300010, nelems=0, elem type=char[])
ARR 500052ec (sz=24, trace=301421, nelems=0, elem type=char[])
OBJ 500052ed (sz=24, trace=301420, class=java.lang.String@50000165)
OBJ 500052ee (sz=24, trace=301410, class=java.lang.String@50000165)
ARR 500052ef (sz=320, trace=300609, nelems=0, elem type=char[])
OBJ 500052f0 (sz=56, trace=300802, class=jdk.internal.org.objectweb.asm.Item@5000118d)
OBJ 500052f1 (sz=56, trace=300803, class=jdk.internal.org.objectweb.asm.Item@5000118d)
OBJ 500052f2 (sz=56, trace=301411, class=jdk.internal.org.objectweb.asm.Item@5000118d)
OBJ 500052f3 (sz=24, trace=300805, class=java.lang.String@50000165)
ARR 500052f4 (sz=88, trace=300806, nelems=0, elem type=char[])
OBJ 500052f5 (sz=64, trace=301412, class=jdk.internal.org.objectweb.asm.Label@500011bc)
OBJ 500052f6 (sz=48, trace=301413, class=jdk.internal.org.objectweb.asm.Frame@500011be)
ARR 500052f7 (sz=216, trace=301414, nelems=0, elem type=char[])
ARR 500052f8 (sz=32, trace=301415, nelems=0, elem type=jdk.internal.org.objectweb.asm.Type[]@50001222)
OBJ 500052f9 (sz=32, trace=300821, class=jdk.internal.org.objectweb.asm.Type@500011b2)
OBJ 500052fa (sz=32, trace=300821, class=jdk.internal.org.objectweb.asm.Type@500011b2)
ARR 500052fb (sz=40, trace=301416, nelems=0, elem type=int[])
ARR 500052fc (sz=16, trace=301417, nelems=0, elem type=int[])
OBJ 500052fd (sz=24, trace=300824, class=java.lang.StringBuffer@50000119)
ARR 500052fe (sz=48, trace=300825, nelems=0, elem type=char[])
ARR 500052ff (sz=88, trace=300826, nelems=0, elem type=char[])
ARR 50005300 (sz=80, trace=300827, nelems=0, elem type=char[])
OBJ 50005301 (sz=24, trace=300828, class=java.lang.String@50000165)
OBJ 50005302 (sz=24, trace=300829, class=java.lang.String@50000165)
ARR 50005303 (sz=72, trace=300806, nelems=0, elem type=char[])
OBJ 50005304 (sz=24, trace=300824, class=java.lang.StringBuffer@50000119)
ARR 50005305 (sz=48, trace=300825, nelems=0, elem type=char[])
ARR 50005306 (sz=88, trace=300826, nelems=0, elem type=char[])
ARR 50005307 (sz=80, trace=300827, nelems=0, elem type=char[])
OBJ 50005308 (sz=24, trace=300828, class=java.lang.String@50000165)
OBJ 50005309 (sz=24, trace=300829, class=java.lang.String@50000165)
ARR 5000530a (sz=72, trace=300806, nelems=0, elem type=char[])
OBJ 5000530b (sz=24, trace=300824, class=java.lang.StringBuffer@50000119)
ARR 5000530c (sz=48, trace=300825, nelems=0, elem type=char[])
ARR 5000530d (sz=24, trace=300827, nelems=0, elem type=char[])
OBJ 5000530e (sz=24, trace=300828, class=java.lang.String@50000165)
ARR 5000530f (sz=48, trace=301418, nelems=0, elem type=int[])
OBJ 50005310 (sz=56, trace=301422, class=jdk.internal.org.objectweb.asm.Item@5000118d)
OBJ 50005311 (sz=56, trace=300832, class=jdk.internal.org.objectweb.asm.Item@5000118d)
OBJ 50005312 (sz=56, trace=301423, class=jdk.internal.org.objectweb.asm.Item@5000118d)
OBJ 50005313 (sz=56, trace=301424, class=jdk.internal.org.objectweb.asm.Item@5000118d)
OBJ 50005314 (sz=24, trace=301425, class=jdk.internal.org.objectweb.asm.ByteVector@5000118a)
ARR 50005315 (sz=3232, trace=301426, nelems=0, elem type=byte[])
OBJ 50005317 (sz=32, trace=301428, class=java.util.concurrent.ConcurrentHashMap$Node@50000021)
	key		50004ff1
	val		50005316
OBJ 50005318 (sz=40, trace=301484, class=java.lang.invoke.BoundMethodHandle$SpeciesData@50001095)
	typeChars	50004ff1
	typeCodes	50005319
	clazz		50005316
	constructor	5000531a
	getters		5000534e
	nominalGetters	50005375
	extensions	50005379
ARR 50005319 (sz=32, trace=301430, nelems=3, elem type=java.lang.invoke.LambdaForm$BasicType[]@50000f60)
	[0]		50000f5a
	[1]		50000f5a
	[2]		50000f5a
ARR 5000531a (sz=24, trace=301431, nelems=1, elem type=java.lang.invoke.MethodHandle[]@5000018c)
	[0]		5000534d
OBJ 5000531b (sz=24, trace=300605, class=java.lang.StringBuilder@50000118)
ARR 5000531c (sz=168, trace=300606, nelems=0, elem type=char[])
ARR 5000531d (sz=24, trace=300607, nelems=0, elem type=char[])
ARR 5000531e (sz=320, trace=300010, nelems=0, elem type=char[])
OBJ 5000531f (sz=24, trace=300608, class=java.lang.String@50000165)
ARR 50005320 (sz=320, trace=300609, nelems=0, elem type=char[])
ARR 50005321 (sz=24, trace=300611, nelems=0, elem type=int[])
OBJ 50005322 (sz=24, trace=300612, class=java.util.ArrayList@500000d4)
OBJ 50005323 (sz=24, trace=300613, class=java.lang.String@50000165)
ARR 50005324 (sz=72, trace=300614, nelems=0, elem type=char[])
ARR 50005325 (sz=72, trace=300615, nelems=0, elem type=char[])
OBJ 50005326 (sz=24, trace=300616, class=java.lang.String@50000165)
OBJ 50005327 (sz=16, trace=300048, class=java.lang.Object@50000169)
OBJ 50005328 (sz=16, trace=300051, class=java.lang.Object@50000169)
ARR 50005329 (sz=56, trace=300237, nelems=0, elem type=java.lang.Object[]@500000ff)
OBJ 5000532a (sz=24, trace=300613, class=java.lang.String@50000165)
ARR 5000532b (sz=72, trace=300614, nelems=0, elem type=char[])
ARR 5000532c (sz=72, trace=300615, nelems=0, elem type=char[])
OBJ 5000532d (sz=24, trace=300616, class=java.lang.String@50000165)
OBJ 5000532e (sz=16, trace=300048, class=java.lang.Object@50000169)
OBJ 5000532f (sz=16, trace=300051, class=java.lang.Object@50000169)
OBJ 50005330 (sz=24, trace=300613, class=java.lang.String@50000165)
ARR 50005331 (sz=48, trace=300614, nelems=0, elem type=char[])
ARR 50005332 (sz=48, trace=300615, nelems=0, elem type=char[])
OBJ 50005333 (sz=24, trace=300616, class=java.lang.String@50000165)
OBJ 50005334 (sz=16, trace=300048, class=java.lang.Object@50000169)
OBJ 50005335 (sz=24, trace=300613, class=java.lang.String@50000165)
ARR 50005336 (sz=48, trace=300614, nelems=0, elem type=char[])
ARR 50005337 (sz=48, trace=300615, nelems=0, elem type=char[])
OBJ 50005338 (sz=24, trace=300616, class=java.lang.String@50000165)
OBJ 50005339 (sz=16, trace=300048, class=java.lang.Object@50000169)
OBJ 5000533a (sz=24, trace=300613, class=java.lang.String@50000165)
ARR 5000533b (sz=48, trace=300614, nelems=0, elem type=char[])
ARR 5000533c (sz=48, trace=300615, nelems=0, elem type=char[])
OBJ 5000533d (sz=24, trace=300616, class=java.lang.String@50000165)
OBJ 5000533e (sz=16, trace=300048, class=java.lang.Object@50000169)
OBJ 5000533f (sz=24, trace=300617, class=java.lang.String@50000165)
ARR 50005340 (sz=88, trace=300614, nelems=0, elem type=char[])
ARR 50005341 (sz=88, trace=300618, nelems=0, elem type=char[])
OBJ 50005342 (sz=24, trace=300619, class=java.lang.String@50000165)
OBJ 50005343 (sz=16, trace=300048, class=java.lang.Object@50000169)
OBJ 50005344 (sz=16, trace=300051, class=java.lang.Object@50000169)
OBJ 50005345 (sz=40, trace=300620, class=java.lang.invoke.MethodType@50000121)
OBJ 50005346 (sz=32, trace=300443, class=java.lang.invoke.MethodType$ConcurrentWeakInternSet$WeakEntry@50000b5f)
OBJ 50005347 (sz=40, trace=300621, class=java.lang.invoke.MethodType@50000121)
	rtype		50001093
	ptypes		50006da4
	form		50001f33
OBJ 50005348 (sz=40, trace=300445, class=java.lang.invoke.MethodType@50000121)
OBJ 50005349 (sz=32, trace=300443, class=java.lang.invoke.MethodType$ConcurrentWeakInternSet$WeakEntry@50000b5f)
OBJ 5000534a (sz=32, trace=300452, class=java.lang.invoke.MethodType$ConcurrentWeakInternSet$WeakEntry@50000b5f)
	referent	50005347
	queue		50000b52
OBJ 5000534b (sz=32, trace=300454, class=java.util.concurrent.ConcurrentHashMap$Node@50000021)
	key		5000534a
	val		5000534a
OBJ 5000534c (sz=56, trace=300622, class=java.lang.invoke.MemberName@50000124)
OBJ 5000534d (sz=32, trace=300865, class=java.lang.invoke.DirectMethodHandle@50000125)
	type		50005347
	form		50002da9
	member		50006e76
ARR 5000534e (sz=32, trace=301432, nelems=3, elem type=java.lang.invoke.MethodHandle[]@5000018c)
	[0]		5000535e
	[1]		50005369
	[2]		50005374
OBJ 5000534f (sz=24, trace=300866, class=java.lang.StringBuilder@50000118)
ARR 50005350 (sz=48, trace=300867, nelems=0, elem type=char[])
OBJ 50005351 (sz=24, trace=300868, class=java.lang.String@50000165)
ARR 50005352 (sz=32, trace=300869, nelems=0, elem type=char[])
OBJ 50005353 (sz=56, trace=300870, class=java.lang.invoke.MemberName@50000124)
OBJ 50005354 (sz=40, trace=300872, class=java.lang.invoke.MethodType@50000121)
OBJ 50005355 (sz=32, trace=300443, class=java.lang.invoke.MethodType$ConcurrentWeakInternSet$WeakEntry@50000b5f)
ARR 50005356 (sz=24, trace=300873, nelems=0, elem type=java.lang.Class[]@500000fa)
OBJ 50005357 (sz=40, trace=300857, class=java.lang.invoke.MethodType@50000121)
OBJ 50005358 (sz=32, trace=300443, class=java.lang.invoke.MethodType$ConcurrentWeakInternSet$WeakEntry@50000b5f)
OBJ 50005359 (sz=40, trace=300858, class=java.lang.invoke.MethodType@50000121)
	rtype		50000169
	ptypes		50006e7e
	form		50000fab
OBJ 5000535a (sz=40, trace=300445, class=java.lang.invoke.MethodType@50000121)
OBJ 5000535b (sz=32, trace=300443, class=java.lang.invoke.MethodType$ConcurrentWeakInternSet$WeakEntry@50000b5f)
OBJ 5000535c (sz=32, trace=300452, class=java.lang.invoke.MethodType$ConcurrentWeakInternSet$WeakEntry@50000b5f)
	referent	50005359
	queue		50000b52
OBJ 5000535d (sz=32, trace=300521, class=java.util.concurrent.ConcurrentHashMap$Node@50000021)
	key		5000535c
	val		5000535c
OBJ 5000535e (sz=40, trace=300934, class=java.lang.invoke.DirectMethodHandle$Accessor@50001758)
	type		50005359
	form		500016a4
	member		50006e82
	fieldType	50000169
OBJ 5000535f (sz=24, trace=300866, class=java.lang.StringBuilder@50000118)
ARR 50005360 (sz=48, trace=300867, nelems=0, elem type=char[])
OBJ 50005361 (sz=24, trace=300868, class=java.lang.String@50000165)
ARR 50005362 (sz=32, trace=300869, nelems=0, elem type=char[])
OBJ 50005363 (sz=56, trace=300870, class=java.lang.invoke.MemberName@50000124)
OBJ 50005364 (sz=40, trace=300872, class=java.lang.invoke.MethodType@50000121)
OBJ 50005365 (sz=32, trace=300443, class=java.lang.invoke.MethodType$ConcurrentWeakInternSet$WeakEntry@50000b5f)
ARR 50005366 (sz=24, trace=300873, nelems=0, elem type=java.lang.Class[]@500000fa)
OBJ 50005367 (sz=40, trace=300857, class=java.lang.invoke.MethodType@50000121)
OBJ 50005368 (sz=32, trace=300443, class=java.lang.invoke.MethodType$ConcurrentWeakInternSet$WeakEntry@50000b5f)
OBJ 50005369 (sz=40, trace=300934, class=java.lang.invoke.DirectMethodHandle$Accessor@50001758)
	type		50005359
	form		500016a4
	member		50006e7f
	fieldType	50000169
OBJ 5000536a (sz=24, trace=300866, class=java.lang.StringBuilder@50000118)
ARR 5000536b (sz=48, trace=300867, nelems=0, elem type=char[])
OBJ 5000536c (sz=24, trace=300868, class=java.lang.String@50000165)
	value		5000536d
ARR 5000536d (sz=10, trace=300869, nelems=5, elem type=char[])
OBJ 5000536e (sz=56, trace=300870, class=java.lang.invoke.MemberName@50000124)
OBJ 5000536f (sz=40, trace=300872, class=java.lang.invoke.MethodType@50000121)
OBJ 50005370 (sz=32, trace=300443, class=java.lang.invoke.MethodType$ConcurrentWeakInternSet$WeakEntry@50000b5f)
ARR 50005371 (sz=24, trace=300873, nelems=0, elem type=java.lang.Class[]@500000fa)
OBJ 50005372 (sz=40, trace=300857, class=java.lang.invoke.MethodType@50000121)
OBJ 50005373 (sz=32, trace=300443, class=java.lang.invoke.MethodType$ConcurrentWeakInternSet$WeakEntry@50000b5f)
OBJ 50005374 (sz=40, trace=300934, class=java.lang.invoke.DirectMethodHandle$Accessor@50001758)
	type		50005359
	form		500016a4
	member		50006e7d
	fieldType	50000169
ARR 50005375 (sz=32, trace=301433, nelems=3, elem type=java.lang.invoke.LambdaForm$NamedFunction[]@50000f9a)
	[0]		50005376
	[1]		50005377
	[2]		50005378
OBJ 50005376 (sz=24, trace=301434, class=java.lang.invoke.LambdaForm$NamedFunction@50000f99)
	member		50006e82
	resolvedHandle	5000535e
OBJ 50005377 (sz=24, trace=301434, class=java.lang.invoke.LambdaForm$NamedFunction@50000f99)
	member		50006e7f
	resolvedHandle	50005369
OBJ 50005378 (sz=24, trace=301434, class=java.lang.invoke.LambdaForm$NamedFunction@50000f99)
	member		50006e7d
	resolvedHandle	50005374
ARR 50005379 (sz=40, trace=301485, nelems=1, elem type=java.lang.invoke.BoundMethodHandle$SpeciesData[]@5000109b)
	[0]		50005811
OBJ 5000537a (sz=56, trace=300039, class=java.lang.Class$ReflectionData@500000a8)
OBJ 5000537b (sz=40, trace=300040, class=java.lang.ref.SoftReference@50000149)
OBJ 5000537c (sz=72, trace=300041, class=java.lang.reflect.Field@50000138)
OBJ 5000537d (sz=32, trace=301447, class=sun.reflect.UnsafeStaticObjectFieldAccessorImpl@50004e26)
OBJ 5000537e (sz=32, trace=301486, class=java.util.concurrent.ConcurrentHashMap$Node@50000021)
	key		50004ff1
	val		50005318
ARR 5000537f (sz=24, trace=301465, nelems=0, elem type=java.lang.Object[]@500000ff)
ARR 50005380 (sz=24, trace=301466, nelems=0, elem type=java.lang.Object[]@500000ff)
OBJ 50005381 (sz=32, trace=301467, class=java.lang.invoke.LambdaForm$Name@50000f62)
ARR 50005382 (sz=24, trace=301466, nelems=0, elem type=java.lang.Object[]@500000ff)
OBJ 50005383 (sz=32, trace=301467, class=java.lang.invoke.LambdaForm$Name@50000f62)
OBJ 50005384 (sz=32, trace=301468, class=java.lang.invoke.LambdaForm$Name@50000f62)
	type		50000f5a
	constraint	50005318
ARR 50005385 (sz=24, trace=301469, nelems=0, elem type=java.lang.Object[]@500000ff)
ARR 50005386 (sz=24, trace=301470, nelems=1, elem type=java.lang.Object[]@500000ff)
	[0]		50005384
OBJ 50005387 (sz=32, trace=301471, class=java.lang.invoke.LambdaForm$Name@50000f62)
	type		50000f5a
	function	50005378
	arguments	50005386
ARR 50005388 (sz=24, trace=301472, nelems=0, elem type=java.lang.Object[]@500000ff)
ARR 50005389 (sz=24, trace=301473, nelems=0, elem type=java.lang.invoke.LambdaForm$Name[]@50000fce)
OBJ 5000538a (sz=24, trace=300685, class=java.util.Arrays$ArrayList@5000115f)
OBJ 5000538b (sz=24, trace=300686, class=java.util.Collections$UnmodifiableRandomAccessList@500000ca)
ARR 5000538c (sz=24, trace=301474, nelems=0, elem type=java.lang.invoke.LambdaForm$BasicType[]@50000f60)
OBJ 5000538d (sz=32, trace=301475, class=java.lang.invoke.LambdaForm$Name@50000f62)
OBJ 5000538e (sz=24, trace=301476, class=java.lang.invoke.LambdaForm$NamedFunction@50000f99)
	member		50006e25
	resolvedHandle	500024ba
ARR 5000538f (sz=24, trace=301477, nelems=2, elem type=java.lang.Object[]@500000ff)
	[0]		50005387
	[1]		50000f6a
OBJ 50005390 (sz=32, trace=301478, class=java.lang.invoke.LambdaForm$Name@50000f62)
	type		50000f5a
	function	5000538e
	arguments	5000538f
OBJ 50005391 (sz=24, trace=301194, class=java.util.ArrayList@500000d4)
ARR 50005392 (sz=56, trace=300237, nelems=0, elem type=java.lang.Object[]@500000ff)
ARR 50005393 (sz=24, trace=301195, nelems=1, elem type=java.lang.Object[]@500000ff)
	[0]		50005384
OBJ 50005394 (sz=32, trace=301196, class=java.lang.invoke.LambdaForm$Name@50000f62)
	type		50000f5a
	function	50005377
	arguments	50005393
ARR 50005395 (sz=24, trace=301195, nelems=2, elem type=java.lang.Object[]@500000ff)
	[0]		50005394
	[1]		50000f69
OBJ 50005396 (sz=32, trace=301196, class=java.lang.invoke.LambdaForm$Name@50000f62)
	type		50000f5a
	function	50004efe
	arguments	50005395
ARR 50005397 (sz=24, trace=301195, nelems=1, elem type=java.lang.Object[]@500000ff)
	[0]		50005384
OBJ 50005398 (sz=32, trace=301196, class=java.lang.invoke.LambdaForm$Name@50000f62)
	type		50000f5a
	function	50005376
	arguments	50005397
ARR 50005399 (sz=48, trace=301195, nelems=7, elem type=java.lang.Object[]@500000ff)
	[0]		50005398
	[1]		50000f66
	[2]		50000f67
	[3]		50000f68
	[4]		50005396
	[5]		50005390
	[6]		50000f6b
OBJ 5000539a (sz=32, trace=301196, class=java.lang.invoke.LambdaForm$Name@50000f62)
	type		50000f5a
	function	50004a24
	arguments	50005399
OBJ 5000539b (sz=32, trace=301197, class=java.util.ArrayList$Itr@50001c93)
ARR 5000539c (sz=48, trace=301479, nelems=0, elem type=java.lang.invoke.LambdaForm$Name[]@50000fce)
OBJ 5000539d (sz=48, trace=301199, class=java.lang.invoke.LambdaForm@50000122)
	names		50006f8a
	debugName	50006e2f
	vmentry		50006f89
	transformCache	500058af
OBJ 5000539e (sz=56, trace=301187, class=java.lang.invoke.LambdaFormEditor$Transform@500043f9)
	referent	5000539d
	queue		50006b4d
OBJ 5000539f (sz=40, trace=301487, class=java.lang.invoke.BoundMethodHandle$Species_L3@50005316)
OBJ 500053a0 (sz=24, trace=300696, class=java.lang.StringBuilder@50000118)
ARR 500053a1 (sz=40, trace=300697, nelems=0, elem type=char[])
OBJ 500053a2 (sz=24, trace=300698, class=java.lang.String@50000165)
ARR 500053a3 (sz=40, trace=300699, nelems=0, elem type=char[])
ARR 500053a4 (sz=48, trace=300938, nelems=0, elem type=java.lang.Class[]@500000fa)
OBJ 500053a5 (sz=40, trace=300701, class=java.lang.invoke.MethodType@50000121)
OBJ 500053a6 (sz=32, trace=300443, class=java.lang.invoke.MethodType$ConcurrentWeakInternSet$WeakEntry@50000b5f)
OBJ 500053a7 (sz=64, trace=300704, class=java.lang.invoke.InvokerBytecodeGenerator@50001172)
OBJ 500053a8 (sz=48, trace=300705, class=java.util.HashMap@500000bd)
OBJ 500053a9 (sz=24, trace=300706, class=java.lang.String@50000165)
ARR 500053aa (sz=24, trace=300707, nelems=0, elem type=char[])
OBJ 500053ab (sz=24, trace=300708, class=java.lang.String@50000165)
	value		500053ac
ARR 500053ac (sz=16, trace=300709, nelems=8, elem type=char[])
OBJ 500053ad (sz=24, trace=300710, class=java.lang.StringBuilder@50000118)
ARR 500053ae (sz=48, trace=300711, nelems=0, elem type=char[])
ARR 500053af (sz=88, trace=300010, nelems=0, elem type=char[])
OBJ 500053b0 (sz=24, trace=300712, class=java.lang.String@50000165)
ARR 500053b1 (sz=80, trace=300713, nelems=0, elem type=char[])
OBJ 500053b2 (sz=24, trace=300714, class=java.lang.StringBuilder@50000118)
ARR 500053b3 (sz=48, trace=300715, nelems=0, elem type=char[])
OBJ 500053b4 (sz=24, trace=300716, class=java.lang.String@50000165)
ARR 500053b5 (sz=48, trace=300717, nelems=0, elem type=char[])
ARR 500053b6 (sz=72, trace=300718, nelems=0, elem type=int[])
ARR 500053b7 (sz=72, trace=300719, nelems=0, elem type=java.lang.invoke.LambdaForm$BasicType[]@50000f60)
ARR 500053b8 (sz=72, trace=300720, nelems=0, elem type=java.lang.Class[]@500000fa)
OBJ 500053b9 (sz=168, trace=300723, class=jdk.internal.org.objectweb.asm.ClassWriter@50001187)
OBJ 500053ba (sz=24, trace=300725, class=jdk.internal.org.objectweb.asm.ByteVector@5000118a)
ARR 500053bb (sz=80, trace=300726, nelems=0, elem type=byte[])
ARR 500053bc (sz=1040, trace=300728, nelems=0, elem type=jdk.internal.org.objectweb.asm.Item[]@5000118e)
OBJ 500053bd (sz=56, trace=300729, class=jdk.internal.org.objectweb.asm.Item@5000118d)
OBJ 500053be (sz=56, trace=300730, class=jdk.internal.org.objectweb.asm.Item@5000118d)
OBJ 500053bf (sz=56, trace=300731, class=jdk.internal.org.objectweb.asm.Item@5000118d)
OBJ 500053c0 (sz=56, trace=300732, class=jdk.internal.org.objectweb.asm.Item@5000118d)
OBJ 500053c1 (sz=56, trace=300733, class=jdk.internal.org.objectweb.asm.Item@5000118d)
OBJ 500053c2 (sz=56, trace=300734, class=jdk.internal.org.objectweb.asm.Item@5000118d)
OBJ 500053c3 (sz=56, trace=300733, class=jdk.internal.org.objectweb.asm.Item@5000118d)
OBJ 500053c4 (sz=56, trace=300735, class=jdk.internal.org.objectweb.asm.Item@5000118d)
ARR 500053c5 (sz=144, trace=300736, nelems=0, elem type=byte[])
OBJ 500053c6 (sz=56, trace=300737, class=jdk.internal.org.objectweb.asm.Item@5000118d)
OBJ 500053c7 (sz=224, trace=300748, class=jdk.internal.org.objectweb.asm.MethodWriter@500011ab)
OBJ 500053c8 (sz=24, trace=300749, class=jdk.internal.org.objectweb.asm.ByteVector@5000118a)
ARR 500053c9 (sz=80, trace=300750, nelems=0, elem type=byte[])
OBJ 500053ca (sz=56, trace=300751, class=jdk.internal.org.objectweb.asm.Item@5000118d)
ARR 500053cb (sz=272, trace=300752, nelems=0, elem type=byte[])
OBJ 500053cc (sz=56, trace=300753, class=jdk.internal.org.objectweb.asm.Item@5000118d)
OBJ 500053cd (sz=64, trace=300765, class=jdk.internal.org.objectweb.asm.Label@500011bc)
OBJ 500053ce (sz=48, trace=300768, class=jdk.internal.org.objectweb.asm.Frame@500011be)
OBJ 500053cf (sz=24, trace=300769, class=jdk.internal.org.objectweb.asm.ByteVector@5000118a)
ARR 500053d0 (sz=80, trace=300770, nelems=0, elem type=byte[])
ARR 500053d1 (sz=528, trace=300779, nelems=0, elem type=byte[])
OBJ 500053d2 (sz=56, trace=300771, class=jdk.internal.org.objectweb.asm.Item@5000118d)
OBJ 500053d3 (sz=56, trace=300773, class=jdk.internal.org.objectweb.asm.AnnotationWriter@500011c5)
OBJ 500053d4 (sz=24, trace=300774, class=jdk.internal.org.objectweb.asm.ByteVector@5000118a)
ARR 500053d5 (sz=80, trace=300775, nelems=0, elem type=byte[])
OBJ 500053d6 (sz=56, trace=300776, class=jdk.internal.org.objectweb.asm.Item@5000118d)
OBJ 500053d7 (sz=56, trace=300773, class=jdk.internal.org.objectweb.asm.AnnotationWriter@500011c5)
OBJ 500053d8 (sz=24, trace=300777, class=jdk.internal.org.objectweb.asm.ByteVector@5000118a)
ARR 500053d9 (sz=80, trace=300778, nelems=0, elem type=byte[])
OBJ 500053da (sz=56, trace=300780, class=jdk.internal.org.objectweb.asm.Item@5000118d)
OBJ 500053db (sz=56, trace=300773, class=jdk.internal.org.objectweb.asm.AnnotationWriter@500011c5)
OBJ 500053dc (sz=24, trace=300795, class=java.lang.String@50000165)
ARR 500053dd (sz=72, trace=300462, nelems=0, elem type=char[])
OBJ 500053de (sz=40, trace=300872, class=java.lang.invoke.MethodType@50000121)
OBJ 500053df (sz=32, trace=300443, class=java.lang.invoke.MethodType$ConcurrentWeakInternSet$WeakEntry@50000b5f)
ARR 500053e0 (sz=112, trace=300796, nelems=0, elem type=char[])
OBJ 500053e1 (sz=24, trace=300797, class=java.lang.String@50000165)
ARR 500053e2 (sz=56, trace=300798, nelems=0, elem type=int[])
ARR 500053e3 (sz=112, trace=300811, nelems=0, elem type=char[])
OBJ 500053e4 (sz=24, trace=300812, class=java.lang.String@50000165)
OBJ 500053e5 (sz=56, trace=300813, class=jdk.internal.org.objectweb.asm.Item@5000118d)
OBJ 500053e6 (sz=56, trace=300814, class=jdk.internal.org.objectweb.asm.Item@5000118d)
OBJ 500053e7 (sz=56, trace=300815, class=jdk.internal.org.objectweb.asm.Item@5000118d)
ARR 500053e8 (sz=80, trace=301072, nelems=0, elem type=jdk.internal.org.objectweb.asm.Item[]@5000118e)
ARR 500053e9 (sz=56, trace=300809, nelems=0, elem type=int[])
OBJ 500053ea (sz=24, trace=301082, class=java.lang.StringBuilder@50000118)
ARR 500053eb (sz=48, trace=301083, nelems=0, elem type=char[])
ARR 500053ec (sz=48, trace=301084, nelems=0, elem type=char[])
OBJ 500053ed (sz=24, trace=301085, class=java.lang.String@50000165)
ARR 500053ee (sz=88, trace=300010, nelems=0, elem type=char[])
OBJ 500053ef (sz=24, trace=301086, class=java.lang.String@50000165)
ARR 500053f0 (sz=56, trace=301087, nelems=0, elem type=char[])
OBJ 500053f1 (sz=56, trace=300801, class=jdk.internal.org.objectweb.asm.Item@5000118d)
OBJ 500053f2 (sz=56, trace=300802, class=jdk.internal.org.objectweb.asm.Item@5000118d)
OBJ 500053f3 (sz=56, trace=301088, class=jdk.internal.org.objectweb.asm.Item@5000118d)
OBJ 500053f4 (sz=56, trace=301089, class=jdk.internal.org.objectweb.asm.Item@5000118d)
OBJ 500053f5 (sz=24, trace=300805, class=java.lang.String@50000165)
ARR 500053f6 (sz=48, trace=300806, nelems=0, elem type=char[])
OBJ 500053f7 (sz=56, trace=300807, class=jdk.internal.org.objectweb.asm.Item@5000118d)
OBJ 500053f8 (sz=40, trace=300872, class=java.lang.invoke.MethodType@50000121)
OBJ 500053f9 (sz=32, trace=300443, class=java.lang.invoke.MethodType$ConcurrentWeakInternSet$WeakEntry@50000b5f)
ARR 500053fa (sz=24, trace=300931, nelems=0, elem type=java.lang.Class[]@500000fa)
OBJ 500053fb (sz=40, trace=300860, class=java.lang.invoke.MethodType@50000121)
OBJ 500053fc (sz=32, trace=300443, class=java.lang.invoke.MethodType$ConcurrentWeakInternSet$WeakEntry@50000b5f)
OBJ 500053fd (sz=24, trace=300795, class=java.lang.String@50000165)
ARR 500053fe (sz=40, trace=300462, nelems=0, elem type=char[])
OBJ 500053ff (sz=56, trace=300813, class=jdk.internal.org.objectweb.asm.Item@5000118d)
OBJ 50005400 (sz=56, trace=300814, class=jdk.internal.org.objectweb.asm.Item@5000118d)
OBJ 50005401 (sz=56, trace=300815, class=jdk.internal.org.objectweb.asm.Item@5000118d)
OBJ 50005402 (sz=56, trace=300801, class=jdk.internal.org.objectweb.asm.Item@5000118d)
ARR 50005403 (sz=1040, trace=300816, nelems=0, elem type=byte[])
OBJ 50005404 (sz=56, trace=300802, class=jdk.internal.org.objectweb.asm.Item@5000118d)
OBJ 50005405 (sz=56, trace=300803, class=jdk.internal.org.objectweb.asm.Item@5000118d)
OBJ 50005406 (sz=56, trace=300804, class=jdk.internal.org.objectweb.asm.Item@5000118d)
OBJ 50005407 (sz=24, trace=300805, class=java.lang.String@50000165)
ARR 50005408 (sz=48, trace=300806, nelems=0, elem type=char[])
ARR 50005409 (sz=24, trace=300931, nelems=0, elem type=java.lang.Class[]@500000fa)
OBJ 5000540a (sz=40, trace=300860, class=java.lang.invoke.MethodType@50000121)
OBJ 5000540b (sz=32, trace=300443, class=java.lang.invoke.MethodType$ConcurrentWeakInternSet$WeakEntry@50000b5f)
OBJ 5000540c (sz=24, trace=300795, class=java.lang.String@50000165)
ARR 5000540d (sz=72, trace=300462, nelems=0, elem type=char[])
OBJ 5000540e (sz=40, trace=300872, class=java.lang.invoke.MethodType@50000121)
OBJ 5000540f (sz=32, trace=300443, class=java.lang.invoke.MethodType$ConcurrentWeakInternSet$WeakEntry@50000b5f)
ARR 50005410 (sz=112, trace=300796, nelems=0, elem type=char[])
OBJ 50005411 (sz=24, trace=300797, class=java.lang.String@50000165)
OBJ 50005412 (sz=24, trace=301082, class=java.lang.StringBuilder@50000118)
ARR 50005413 (sz=48, trace=301083, nelems=0, elem type=char[])
ARR 50005414 (sz=48, trace=301084, nelems=0, elem type=char[])
OBJ 50005415 (sz=24, trace=301085, class=java.lang.String@50000165)
ARR 50005416 (sz=88, trace=300010, nelems=0, elem type=char[])
OBJ 50005417 (sz=24, trace=301086, class=java.lang.String@50000165)
ARR 50005418 (sz=56, trace=301087, nelems=0, elem type=char[])
OBJ 50005419 (sz=56, trace=300801, class=jdk.internal.org.objectweb.asm.Item@5000118d)
OBJ 5000541a (sz=56, trace=301088, class=jdk.internal.org.objectweb.asm.Item@5000118d)
OBJ 5000541b (sz=56, trace=301089, class=jdk.internal.org.objectweb.asm.Item@5000118d)
OBJ 5000541c (sz=24, trace=300805, class=java.lang.String@50000165)
ARR 5000541d (sz=48, trace=300806, nelems=0, elem type=char[])
OBJ 5000541e (sz=40, trace=300872, class=java.lang.invoke.MethodType@50000121)
OBJ 5000541f (sz=32, trace=300443, class=java.lang.invoke.MethodType$ConcurrentWeakInternSet$WeakEntry@50000b5f)
ARR 50005420 (sz=24, trace=300931, nelems=0, elem type=java.lang.Class[]@500000fa)
OBJ 50005421 (sz=40, trace=300860, class=java.lang.invoke.MethodType@50000121)
OBJ 50005422 (sz=32, trace=300443, class=java.lang.invoke.MethodType$ConcurrentWeakInternSet$WeakEntry@50000b5f)
OBJ 50005423 (sz=24, trace=300795, class=java.lang.String@50000165)
ARR 50005424 (sz=40, trace=300462, nelems=0, elem type=char[])
OBJ 50005425 (sz=24, trace=300805, class=java.lang.String@50000165)
ARR 50005426 (sz=48, trace=300806, nelems=0, elem type=char[])
ARR 50005427 (sz=24, trace=300931, nelems=0, elem type=java.lang.Class[]@500000fa)
OBJ 50005428 (sz=40, trace=300860, class=java.lang.invoke.MethodType@50000121)
OBJ 50005429 (sz=32, trace=300443, class=java.lang.invoke.MethodType$ConcurrentWeakInternSet$WeakEntry@50000b5f)
ARR 5000542a (sz=96, trace=301102, nelems=0, elem type=int[])
OBJ 5000542b (sz=24, trace=300795, class=java.lang.String@50000165)
ARR 5000542c (sz=72, trace=300462, nelems=0, elem type=char[])
OBJ 5000542d (sz=40, trace=300872, class=java.lang.invoke.MethodType@50000121)
OBJ 5000542e (sz=32, trace=300443, class=java.lang.invoke.MethodType$ConcurrentWeakInternSet$WeakEntry@50000b5f)
ARR 5000542f (sz=112, trace=300796, nelems=0, elem type=char[])
OBJ 50005430 (sz=24, trace=300797, class=java.lang.String@50000165)
OBJ 50005431 (sz=24, trace=301082, class=java.lang.StringBuilder@50000118)
ARR 50005432 (sz=48, trace=301083, nelems=0, elem type=char[])
ARR 50005433 (sz=48, trace=301084, nelems=0, elem type=char[])
OBJ 50005434 (sz=24, trace=301085, class=java.lang.String@50000165)
ARR 50005435 (sz=88, trace=300010, nelems=0, elem type=char[])
OBJ 50005436 (sz=24, trace=301086, class=java.lang.String@50000165)
ARR 50005437 (sz=56, trace=301087, nelems=0, elem type=char[])
OBJ 50005438 (sz=56, trace=300801, class=jdk.internal.org.objectweb.asm.Item@5000118d)
OBJ 50005439 (sz=56, trace=301088, class=jdk.internal.org.objectweb.asm.Item@5000118d)
OBJ 5000543a (sz=56, trace=301089, class=jdk.internal.org.objectweb.asm.Item@5000118d)
OBJ 5000543b (sz=24, trace=300805, class=java.lang.String@50000165)
ARR 5000543c (sz=48, trace=300806, nelems=0, elem type=char[])
OBJ 5000543d (sz=40, trace=300872, class=java.lang.invoke.MethodType@50000121)
OBJ 5000543e (sz=32, trace=300443, class=java.lang.invoke.MethodType$ConcurrentWeakInternSet$WeakEntry@50000b5f)
ARR 5000543f (sz=24, trace=300931, nelems=0, elem type=java.lang.Class[]@500000fa)
OBJ 50005440 (sz=40, trace=300860, class=java.lang.invoke.MethodType@50000121)
OBJ 50005441 (sz=32, trace=300443, class=java.lang.invoke.MethodType$ConcurrentWeakInternSet$WeakEntry@50000b5f)
OBJ 50005442 (sz=24, trace=300795, class=java.lang.String@50000165)
ARR 50005443 (sz=40, trace=300462, nelems=0, elem type=char[])
OBJ 50005444 (sz=56, trace=300802, class=jdk.internal.org.objectweb.asm.Item@5000118d)
OBJ 50005445 (sz=56, trace=300803, class=jdk.internal.org.objectweb.asm.Item@5000118d)
OBJ 50005446 (sz=56, trace=300804, class=jdk.internal.org.objectweb.asm.Item@5000118d)
OBJ 50005447 (sz=24, trace=300805, class=java.lang.String@50000165)
ARR 50005448 (sz=48, trace=300806, nelems=0, elem type=char[])
ARR 50005449 (sz=24, trace=300931, nelems=0, elem type=java.lang.Class[]@500000fa)
OBJ 5000544a (sz=40, trace=300860, class=java.lang.invoke.MethodType@50000121)
OBJ 5000544b (sz=32, trace=300443, class=java.lang.invoke.MethodType$ConcurrentWeakInternSet$WeakEntry@50000b5f)
ARR 5000544c (sz=144, trace=301488, nelems=0, elem type=byte[])
OBJ 5000544d (sz=64, trace=300817, class=jdk.internal.org.objectweb.asm.Label@500011bc)
OBJ 5000544e (sz=48, trace=300818, class=jdk.internal.org.objectweb.asm.Frame@500011be)
ARR 5000544f (sz=312, trace=300819, nelems=0, elem type=char[])
ARR 50005450 (sz=48, trace=300820, nelems=0, elem type=jdk.internal.org.objectweb.asm.Type[]@50001222)
OBJ 50005451 (sz=32, trace=300821, class=jdk.internal.org.objectweb.asm.Type@500011b2)
OBJ 50005452 (sz=32, trace=300821, class=jdk.internal.org.objectweb.asm.Type@500011b2)
OBJ 50005453 (sz=32, trace=300821, class=jdk.internal.org.objectweb.asm.Type@500011b2)
OBJ 50005454 (sz=32, trace=300821, class=jdk.internal.org.objectweb.asm.Type@500011b2)
OBJ 50005455 (sz=32, trace=300821, class=jdk.internal.org.objectweb.asm.Type@500011b2)
OBJ 50005456 (sz=32, trace=300821, class=jdk.internal.org.objectweb.asm.Type@500011b2)
OBJ 50005457 (sz=32, trace=300821, class=jdk.internal.org.objectweb.asm.Type@500011b2)
ARR 50005458 (sz=64, trace=300822, nelems=0, elem type=int[])
ARR 50005459 (sz=16, trace=300823, nelems=0, elem type=int[])
OBJ 5000545a (sz=24, trace=300824, class=java.lang.StringBuffer@50000119)
ARR 5000545b (sz=48, trace=300825, nelems=0, elem type=char[])
ARR 5000545c (sz=88, trace=300826, nelems=0, elem type=char[])
ARR 5000545d (sz=56, trace=300827, nelems=0, elem type=char[])
OBJ 5000545e (sz=24, trace=300828, class=java.lang.String@50000165)
OBJ 5000545f (sz=24, trace=300829, class=java.lang.String@50000165)
ARR 50005460 (sz=48, trace=300806, nelems=0, elem type=char[])
OBJ 50005461 (sz=24, trace=300824, class=java.lang.StringBuffer@50000119)
ARR 50005462 (sz=48, trace=300825, nelems=0, elem type=char[])
ARR 50005463 (sz=88, trace=300826, nelems=0, elem type=char[])
ARR 50005464 (sz=56, trace=300827, nelems=0, elem type=char[])
OBJ 50005465 (sz=24, trace=300828, class=java.lang.String@50000165)
OBJ 50005466 (sz=24, trace=300829, class=java.lang.String@50000165)
ARR 50005467 (sz=48, trace=300806, nelems=0, elem type=char[])
OBJ 50005468 (sz=24, trace=300824, class=java.lang.StringBuffer@50000119)
ARR 50005469 (sz=48, trace=300825, nelems=0, elem type=char[])
ARR 5000546a (sz=88, trace=300826, nelems=0, elem type=char[])
ARR 5000546b (sz=56, trace=300827, nelems=0, elem type=char[])
OBJ 5000546c (sz=24, trace=300828, class=java.lang.String@50000165)
OBJ 5000546d (sz=24, trace=300829, class=java.lang.String@50000165)
ARR 5000546e (sz=48, trace=300806, nelems=0, elem type=char[])
OBJ 5000546f (sz=24, trace=300824, class=java.lang.StringBuffer@50000119)
ARR 50005470 (sz=48, trace=300825, nelems=0, elem type=char[])
ARR 50005471 (sz=88, trace=300826, nelems=0, elem type=char[])
ARR 50005472 (sz=56, trace=300827, nelems=0, elem type=char[])
OBJ 50005473 (sz=24, trace=300828, class=java.lang.String@50000165)
OBJ 50005474 (sz=24, trace=300829, class=java.lang.String@50000165)
ARR 50005475 (sz=48, trace=300806, nelems=0, elem type=char[])
OBJ 50005476 (sz=24, trace=300824, class=java.lang.StringBuffer@50000119)
ARR 50005477 (sz=48, trace=300825, nelems=0, elem type=char[])
ARR 50005478 (sz=88, trace=300826, nelems=0, elem type=char[])
ARR 50005479 (sz=56, trace=300827, nelems=0, elem type=char[])
OBJ 5000547a (sz=24, trace=300828, class=java.lang.String@50000165)
OBJ 5000547b (sz=24, trace=300829, class=java.lang.String@50000165)
ARR 5000547c (sz=48, trace=300806, nelems=0, elem type=char[])
OBJ 5000547d (sz=24, trace=300824, class=java.lang.StringBuffer@50000119)
ARR 5000547e (sz=48, trace=300825, nelems=0, elem type=char[])
ARR 5000547f (sz=88, trace=300826, nelems=0, elem type=char[])
ARR 50005480 (sz=56, trace=300827, nelems=0, elem type=char[])
OBJ 50005481 (sz=24, trace=300828, class=java.lang.String@50000165)
OBJ 50005482 (sz=24, trace=300829, class=java.lang.String@50000165)
ARR 50005483 (sz=48, trace=300806, nelems=0, elem type=char[])
OBJ 50005484 (sz=24, trace=300824, class=java.lang.StringBuffer@50000119)
ARR 50005485 (sz=48, trace=300825, nelems=0, elem type=char[])
ARR 50005486 (sz=88, trace=300826, nelems=0, elem type=char[])
ARR 50005487 (sz=56, trace=300827, nelems=0, elem type=char[])
OBJ 50005488 (sz=24, trace=300828, class=java.lang.String@50000165)
OBJ 50005489 (sz=24, trace=300829, class=java.lang.String@50000165)
ARR 5000548a (sz=48, trace=300806, nelems=0, elem type=char[])
ARR 5000548b (sz=56, trace=300830, nelems=0, elem type=int[])
ARR 5000548c (sz=24, trace=300940, nelems=0, elem type=java.lang.Object[]@500000ff)
OBJ 5000548d (sz=56, trace=300832, class=jdk.internal.org.objectweb.asm.Item@5000118d)
OBJ 5000548e (sz=56, trace=300833, class=jdk.internal.org.objectweb.asm.Item@5000118d)
OBJ 5000548f (sz=56, trace=300834, class=jdk.internal.org.objectweb.asm.Item@5000118d)
OBJ 50005490 (sz=24, trace=300835, class=jdk.internal.org.objectweb.asm.ByteVector@5000118a)
ARR 50005491 (sz=928, trace=300836, nelems=0, elem type=byte[])
ARR 50005492 (sz=160, trace=300837, nelems=0, elem type=java.lang.Object[]@500000ff)
OBJ 50005493 (sz=16, trace=300839, class=java.util.HashMap$Values@5000123e)
OBJ 50005494 (sz=40, trace=300841, class=java.util.HashMap$ValueIterator@50001241)
OBJ 50005496 (sz=56, trace=300843, class=java.lang.invoke.MemberName@50000124)
OBJ 50005497 (sz=32, trace=301077, class=java.lang.invoke.BoundMethodHandle$Species_L@500010a3)
OBJ 50005498 (sz=16, trace=301168, class=java.lang.invoke.LambdaFormEditor@500043e6)
OBJ 50005499 (sz=40, trace=301249, class=java.lang.invoke.MethodType@50000121)
OBJ 5000549a (sz=32, trace=300443, class=java.lang.invoke.MethodType$ConcurrentWeakInternSet$WeakEntry@50000b5f)
OBJ 5000549b (sz=56, trace=301187, class=java.lang.invoke.LambdaFormEditor$Transform@500043f9)
OBJ 5000549c (sz=40, trace=301461, class=java.lang.invoke.BoundMethodHandle$Species_LL@50004dcf)
	type		50000faa
	form		50004e40
	argL0		50004325
	argL1		50000121
OBJ 5000549d (sz=16, trace=301168, class=java.lang.invoke.LambdaFormEditor@500043e6)
OBJ 5000549e (sz=56, trace=301187, class=java.lang.invoke.LambdaFormEditor$Transform@500043f9)
ARR 5000549f (sz=24, trace=301462, nelems=0, elem type=java.lang.Class[]@500000fa)
OBJ 500054a0 (sz=40, trace=301463, class=java.lang.invoke.MethodType@50000121)
OBJ 500054a1 (sz=32, trace=300443, class=java.lang.invoke.MethodType$ConcurrentWeakInternSet$WeakEntry@50000b5f)
OBJ 500054a2 (sz=48, trace=301464, class=java.lang.invoke.LambdaFormBuffer@500043fc)
OBJ 500054a3 (sz=24, trace=301251, class=java.lang.StringBuilder@50000118)
ARR 500054a4 (sz=48, trace=301252, nelems=0, elem type=char[])
OBJ 500054a5 (sz=24, trace=301253, class=java.lang.String@50000165)
	value		500054a6
ARR 500054a6 (sz=8, trace=301254, nelems=4, elem type=char[])
OBJ 500054a7 (sz=16, trace=301256, class=java.lang.invoke.BoundMethodHandle$SpeciesData$1@50004aec)
OBJ 500054a8 (sz=32, trace=301480, class=java.util.concurrent.ConcurrentHashMap$ReservationNode@50004af1)
OBJ 500054a9 (sz=16, trace=301258, class=java.lang.invoke.BoundMethodHandle$Factory$1@50004aee)
OBJ 500054aa (sz=32, trace=301261, class=java.util.concurrent.ConcurrentHashMap$ReservationNode@50004af1)
OBJ 500054ab (sz=168, trace=301262, class=jdk.internal.org.objectweb.asm.ClassWriter@50001187)
OBJ 500054ac (sz=24, trace=301263, class=jdk.internal.org.objectweb.asm.ByteVector@5000118a)
ARR 500054ad (sz=80, trace=301264, nelems=0, elem type=byte[])
ARR 500054ae (sz=1040, trace=301265, nelems=0, elem type=jdk.internal.org.objectweb.asm.Item[]@5000118e)
OBJ 500054af (sz=56, trace=301266, class=jdk.internal.org.objectweb.asm.Item@5000118d)
OBJ 500054b0 (sz=56, trace=301267, class=jdk.internal.org.objectweb.asm.Item@5000118d)
OBJ 500054b1 (sz=56, trace=301268, class=jdk.internal.org.objectweb.asm.Item@5000118d)
OBJ 500054b2 (sz=56, trace=301269, class=jdk.internal.org.objectweb.asm.Item@5000118d)
OBJ 500054b3 (sz=24, trace=301481, class=java.lang.StringBuilder@50000118)
ARR 500054b4 (sz=48, trace=301482, nelems=0, elem type=char[])
OBJ 500054b5 (sz=24, trace=301483, class=java.lang.String@50000165)
ARR 500054b6 (sz=24, trace=300864, nelems=0, elem type=char[])
OBJ 500054b7 (sz=24, trace=301270, class=java.lang.StringBuilder@50000118)
ARR 500054b8 (sz=48, trace=301271, nelems=0, elem type=char[])
ARR 500054b9 (sz=104, trace=300010, nelems=0, elem type=char[])
ARR 500054ba (sz=192, trace=300010, nelems=0, elem type=char[])
OBJ 500054bb (sz=24, trace=301272, class=java.lang.String@50000165)
ARR 500054bc (sz=112, trace=301273, nelems=0, elem type=char[])
OBJ 500054bd (sz=24, trace=301274, class=java.lang.StringBuilder@50000118)
ARR 500054be (sz=48, trace=301275, nelems=0, elem type=char[])
OBJ 500054bf (sz=24, trace=301276, class=java.lang.String@50000165)
ARR 500054c0 (sz=40, trace=301277, nelems=0, elem type=char[])
OBJ 500054c1 (sz=56, trace=300733, class=jdk.internal.org.objectweb.asm.Item@5000118d)
OBJ 500054c2 (sz=56, trace=300734, class=jdk.internal.org.objectweb.asm.Item@5000118d)
ARR 500054c3 (sz=144, trace=300852, nelems=0, elem type=byte[])
OBJ 500054c4 (sz=56, trace=300733, class=jdk.internal.org.objectweb.asm.Item@5000118d)
OBJ 500054c5 (sz=56, trace=300735, class=jdk.internal.org.objectweb.asm.Item@5000118d)
OBJ 500054c6 (sz=56, trace=301278, class=jdk.internal.org.objectweb.asm.Item@5000118d)
OBJ 500054c7 (sz=64, trace=301280, class=jdk.internal.org.objectweb.asm.FieldWriter@50004b0c)
OBJ 500054c8 (sz=56, trace=301281, class=jdk.internal.org.objectweb.asm.Item@5000118d)
ARR 500054c9 (sz=272, trace=301282, nelems=0, elem type=byte[])
OBJ 500054ca (sz=56, trace=301283, class=jdk.internal.org.objectweb.asm.Item@5000118d)
OBJ 500054cb (sz=24, trace=301284, class=jdk.internal.org.objectweb.asm.ByteVector@5000118a)
ARR 500054cc (sz=80, trace=301285, nelems=0, elem type=byte[])
OBJ 500054cd (sz=56, trace=301286, class=jdk.internal.org.objectweb.asm.Item@5000118d)
OBJ 500054ce (sz=56, trace=301287, class=jdk.internal.org.objectweb.asm.AnnotationWriter@500011c5)
OBJ 500054cf (sz=24, trace=301288, class=java.lang.StringBuilder@50000118)
ARR 500054d0 (sz=48, trace=301289, nelems=0, elem type=char[])
OBJ 500054d1 (sz=24, trace=301290, class=java.lang.String@50000165)
ARR 500054d2 (sz=32, trace=300869, nelems=0, elem type=char[])
OBJ 500054d3 (sz=64, trace=301280, class=jdk.internal.org.objectweb.asm.FieldWriter@50004b0c)
OBJ 500054d4 (sz=56, trace=301281, class=jdk.internal.org.objectweb.asm.Item@5000118d)
OBJ 500054d5 (sz=56, trace=301283, class=jdk.internal.org.objectweb.asm.Item@5000118d)
OBJ 500054d6 (sz=24, trace=301288, class=java.lang.StringBuilder@50000118)
ARR 500054d7 (sz=48, trace=301289, nelems=0, elem type=char[])
OBJ 500054d8 (sz=24, trace=301290, class=java.lang.String@50000165)
ARR 500054d9 (sz=32, trace=300869, nelems=0, elem type=char[])
OBJ 500054da (sz=64, trace=301280, class=jdk.internal.org.objectweb.asm.FieldWriter@50004b0c)
OBJ 500054db (sz=56, trace=301281, class=jdk.internal.org.objectweb.asm.Item@5000118d)
OBJ 500054dc (sz=24, trace=301288, class=java.lang.StringBuilder@50000118)
ARR 500054dd (sz=48, trace=301289, nelems=0, elem type=char[])
OBJ 500054de (sz=24, trace=301290, class=java.lang.String@50000165)
ARR 500054df (sz=32, trace=300869, nelems=0, elem type=char[])
OBJ 500054e0 (sz=64, trace=301280, class=jdk.internal.org.objectweb.asm.FieldWriter@50004b0c)
OBJ 500054e1 (sz=56, trace=301281, class=jdk.internal.org.objectweb.asm.Item@5000118d)
OBJ 500054e2 (sz=24, trace=301288, class=java.lang.StringBuilder@50000118)
ARR 500054e3 (sz=48, trace=301289, nelems=0, elem type=char[])
OBJ 500054e4 (sz=24, trace=301290, class=java.lang.String@50000165)
ARR 500054e5 (sz=32, trace=300869, nelems=0, elem type=char[])
OBJ 500054e6 (sz=64, trace=301280, class=jdk.internal.org.objectweb.asm.FieldWriter@50004b0c)
OBJ 500054e7 (sz=56, trace=301281, class=jdk.internal.org.objectweb.asm.Item@5000118d)
OBJ 500054e8 (sz=24, trace=301291, class=java.lang.StringBuilder@50000118)
ARR 500054e9 (sz=168, trace=301292, nelems=0, elem type=char[])
ARR 500054ea (sz=24, trace=301293, nelems=0, elem type=char[])
ARR 500054eb (sz=320, trace=300010, nelems=0, elem type=char[])
OBJ 500054ec (sz=24, trace=301294, class=java.lang.String@50000165)
ARR 500054ed (sz=288, trace=300609, nelems=0, elem type=char[])
OBJ 500054ee (sz=224, trace=300748, class=jdk.internal.org.objectweb.asm.MethodWriter@500011ab)
OBJ 500054ef (sz=24, trace=301295, class=jdk.internal.org.objectweb.asm.ByteVector@5000118a)
ARR 500054f0 (sz=80, trace=301296, nelems=0, elem type=byte[])
ARR 500054f1 (sz=528, trace=301489, nelems=0, elem type=byte[])
OBJ 500054f2 (sz=56, trace=300751, class=jdk.internal.org.objectweb.asm.Item@5000118d)
OBJ 500054f3 (sz=56, trace=300753, class=jdk.internal.org.objectweb.asm.Item@5000118d)
OBJ 500054f4 (sz=64, trace=301297, class=jdk.internal.org.objectweb.asm.Label@500011bc)
OBJ 500054f5 (sz=48, trace=300768, class=jdk.internal.org.objectweb.asm.Frame@500011be)
ARR 500054f6 (sz=56, trace=301298, nelems=0, elem type=int[])
OBJ 500054f7 (sz=24, trace=301299, class=java.lang.StringBuilder@50000118)
ARR 500054f8 (sz=168, trace=301300, nelems=0, elem type=char[])
ARR 500054f9 (sz=16, trace=301301, nelems=0, elem type=char[])
OBJ 500054fa (sz=24, trace=301302, class=java.lang.String@50000165)
ARR 500054fb (sz=144, trace=300609, nelems=0, elem type=char[])
OBJ 500054fc (sz=56, trace=300802, class=jdk.internal.org.objectweb.asm.Item@5000118d)
OBJ 500054fd (sz=56, trace=300803, class=jdk.internal.org.objectweb.asm.Item@5000118d)
OBJ 500054fe (sz=56, trace=301303, class=jdk.internal.org.objectweb.asm.Item@5000118d)
ARR 500054ff (sz=24, trace=301304, nelems=0, elem type=int[])
OBJ 50005500 (sz=24, trace=301305, class=java.lang.StringBuilder@50000118)
ARR 50005501 (sz=48, trace=301306, nelems=0, elem type=char[])
OBJ 50005502 (sz=24, trace=301307, class=java.lang.String@50000165)
ARR 50005503 (sz=32, trace=300869, nelems=0, elem type=char[])
OBJ 50005504 (sz=56, trace=301088, class=jdk.internal.org.objectweb.asm.Item@5000118d)
OBJ 50005505 (sz=56, trace=301308, class=jdk.internal.org.objectweb.asm.Item@5000118d)
OBJ 50005506 (sz=24, trace=301305, class=java.lang.StringBuilder@50000118)
ARR 50005507 (sz=48, trace=301306, nelems=0, elem type=char[])
OBJ 50005508 (sz=24, trace=301307, class=java.lang.String@50000165)
ARR 50005509 (sz=32, trace=300869, nelems=0, elem type=char[])
OBJ 5000550a (sz=56, trace=301088, class=jdk.internal.org.objectweb.asm.Item@5000118d)
OBJ 5000550b (sz=56, trace=301308, class=jdk.internal.org.objectweb.asm.Item@5000118d)
OBJ 5000550c (sz=24, trace=301305, class=java.lang.StringBuilder@50000118)
ARR 5000550d (sz=48, trace=301306, nelems=0, elem type=char[])
OBJ 5000550e (sz=24, trace=301307, class=java.lang.String@50000165)
ARR 5000550f (sz=32, trace=300869, nelems=0, elem type=char[])
OBJ 50005510 (sz=56, trace=301088, class=jdk.internal.org.objectweb.asm.Item@5000118d)
OBJ 50005511 (sz=56, trace=301308, class=jdk.internal.org.objectweb.asm.Item@5000118d)
OBJ 50005512 (sz=24, trace=301305, class=java.lang.StringBuilder@50000118)
ARR 50005513 (sz=48, trace=301306, nelems=0, elem type=char[])
OBJ 50005514 (sz=24, trace=301307, class=java.lang.String@50000165)
ARR 50005515 (sz=32, trace=300869, nelems=0, elem type=char[])
OBJ 50005516 (sz=56, trace=301088, class=jdk.internal.org.objectweb.asm.Item@5000118d)
OBJ 50005517 (sz=56, trace=301308, class=jdk.internal.org.objectweb.asm.Item@5000118d)
OBJ 50005518 (sz=64, trace=301309, class=jdk.internal.org.objectweb.asm.Label@500011bc)
OBJ 50005519 (sz=48, trace=301310, class=jdk.internal.org.objectweb.asm.Frame@500011be)
ARR 5000551a (sz=288, trace=301311, nelems=0, elem type=char[])
ARR 5000551b (sz=40, trace=301312, nelems=0, elem type=jdk.internal.org.objectweb.asm.Type[]@50001222)
OBJ 5000551c (sz=32, trace=300821, class=jdk.internal.org.objectweb.asm.Type@500011b2)
OBJ 5000551d (sz=32, trace=300821, class=jdk.internal.org.objectweb.asm.Type@500011b2)
OBJ 5000551e (sz=32, trace=300821, class=jdk.internal.org.objectweb.asm.Type@500011b2)
OBJ 5000551f (sz=32, trace=300821, class=jdk.internal.org.objectweb.asm.Type@500011b2)
OBJ 50005520 (sz=32, trace=300821, class=jdk.internal.org.objectweb.asm.Type@500011b2)
OBJ 50005521 (sz=32, trace=300821, class=jdk.internal.org.objectweb.asm.Type@500011b2)
ARR 50005522 (sz=48, trace=301313, nelems=0, elem type=int[])
ARR 50005523 (sz=16, trace=301314, nelems=0, elem type=int[])
OBJ 50005524 (sz=24, trace=300824, class=java.lang.StringBuffer@50000119)
ARR 50005525 (sz=48, trace=300825, nelems=0, elem type=char[])
ARR 50005526 (sz=88, trace=300826, nelems=0, elem type=char[])
ARR 50005527 (sz=80, trace=300827, nelems=0, elem type=char[])
OBJ 50005528 (sz=24, trace=300828, class=java.lang.String@50000165)
OBJ 50005529 (sz=24, trace=300829, class=java.lang.String@50000165)
ARR 5000552a (sz=72, trace=300806, nelems=0, elem type=char[])
OBJ 5000552b (sz=56, trace=300807, class=jdk.internal.org.objectweb.asm.Item@5000118d)
ARR 5000552c (sz=80, trace=300939, nelems=0, elem type=jdk.internal.org.objectweb.asm.Item[]@5000118e)
OBJ 5000552d (sz=24, trace=300824, class=java.lang.StringBuffer@50000119)
ARR 5000552e (sz=48, trace=300825, nelems=0, elem type=char[])
ARR 5000552f (sz=88, trace=300826, nelems=0, elem type=char[])
ARR 50005530 (sz=80, trace=300827, nelems=0, elem type=char[])
OBJ 50005531 (sz=24, trace=300828, class=java.lang.String@50000165)
OBJ 50005532 (sz=24, trace=300829, class=java.lang.String@50000165)
ARR 50005533 (sz=72, trace=300806, nelems=0, elem type=char[])
OBJ 50005534 (sz=56, trace=300807, class=jdk.internal.org.objectweb.asm.Item@5000118d)
OBJ 50005535 (sz=24, trace=300824, class=java.lang.StringBuffer@50000119)
ARR 50005536 (sz=48, trace=300825, nelems=0, elem type=char[])
ARR 50005537 (sz=88, trace=300826, nelems=0, elem type=char[])
ARR 50005538 (sz=56, trace=300827, nelems=0, elem type=char[])
OBJ 50005539 (sz=24, trace=300828, class=java.lang.String@50000165)
OBJ 5000553a (sz=24, trace=300829, class=java.lang.String@50000165)
ARR 5000553b (sz=48, trace=300806, nelems=0, elem type=char[])
OBJ 5000553c (sz=56, trace=300807, class=jdk.internal.org.objectweb.asm.Item@5000118d)
OBJ 5000553d (sz=24, trace=300824, class=java.lang.StringBuffer@50000119)
ARR 5000553e (sz=48, trace=300825, nelems=0, elem type=char[])
ARR 5000553f (sz=88, trace=300826, nelems=0, elem type=char[])
ARR 50005540 (sz=56, trace=300827, nelems=0, elem type=char[])
OBJ 50005541 (sz=24, trace=300828, class=java.lang.String@50000165)
OBJ 50005542 (sz=24, trace=300829, class=java.lang.String@50000165)
ARR 50005543 (sz=48, trace=300806, nelems=0, elem type=char[])
OBJ 50005544 (sz=24, trace=300824, class=java.lang.StringBuffer@50000119)
ARR 50005545 (sz=48, trace=300825, nelems=0, elem type=char[])
ARR 50005546 (sz=88, trace=300826, nelems=0, elem type=char[])
ARR 50005547 (sz=56, trace=300827, nelems=0, elem type=char[])
OBJ 50005548 (sz=24, trace=300828, class=java.lang.String@50000165)
OBJ 50005549 (sz=24, trace=300829, class=java.lang.String@50000165)
ARR 5000554a (sz=48, trace=300806, nelems=0, elem type=char[])
OBJ 5000554b (sz=24, trace=300824, class=java.lang.StringBuffer@50000119)
ARR 5000554c (sz=48, trace=300825, nelems=0, elem type=char[])
ARR 5000554d (sz=88, trace=300826, nelems=0, elem type=char[])
ARR 5000554e (sz=56, trace=300827, nelems=0, elem type=char[])
OBJ 5000554f (sz=24, trace=300828, class=java.lang.String@50000165)
OBJ 50005550 (sz=24, trace=300829, class=java.lang.String@50000165)
ARR 50005551 (sz=48, trace=300806, nelems=0, elem type=char[])
ARR 50005552 (sz=56, trace=301315, nelems=0, elem type=int[])
OBJ 50005553 (sz=224, trace=300748, class=jdk.internal.org.objectweb.asm.MethodWriter@500011ab)
OBJ 50005554 (sz=24, trace=301316, class=jdk.internal.org.objectweb.asm.ByteVector@5000118a)
ARR 50005555 (sz=80, trace=301317, nelems=0, elem type=byte[])
ARR 50005556 (sz=1040, trace=301489, nelems=0, elem type=byte[])
OBJ 50005557 (sz=56, trace=300751, class=jdk.internal.org.objectweb.asm.Item@5000118d)
OBJ 50005558 (sz=56, trace=300753, class=jdk.internal.org.objectweb.asm.Item@5000118d)
OBJ 50005559 (sz=64, trace=301318, class=jdk.internal.org.objectweb.asm.Label@500011bc)
OBJ 5000555a (sz=48, trace=300768, class=jdk.internal.org.objectweb.asm.Frame@500011be)
OBJ 5000555b (sz=56, trace=301088, class=jdk.internal.org.objectweb.asm.Item@5000118d)
OBJ 5000555c (sz=56, trace=301320, class=jdk.internal.org.objectweb.asm.Item@5000118d)
OBJ 5000555d (sz=24, trace=300805, class=java.lang.String@50000165)
ARR 5000555e (sz=112, trace=300806, nelems=0, elem type=char[])
OBJ 5000555f (sz=56, trace=300807, class=jdk.internal.org.objectweb.asm.Item@5000118d)
ARR 50005560 (sz=56, trace=301321, nelems=0, elem type=int[])
OBJ 50005561 (sz=64, trace=301322, class=jdk.internal.org.objectweb.asm.Label@500011bc)
OBJ 50005562 (sz=48, trace=301323, class=jdk.internal.org.objectweb.asm.Frame@500011be)
ARR 50005563 (sz=120, trace=301324, nelems=0, elem type=char[])
ARR 50005564 (sz=16, trace=301325, nelems=0, elem type=jdk.internal.org.objectweb.asm.Type[]@50001222)
ARR 50005565 (sz=24, trace=301326, nelems=0, elem type=int[])
ARR 50005566 (sz=16, trace=301327, nelems=0, elem type=int[])
OBJ 50005567 (sz=56, trace=301328, class=jdk.internal.org.objectweb.asm.Item@5000118d)
ARR 50005568 (sz=32, trace=301329, nelems=0, elem type=int[])
OBJ 50005569 (sz=224, trace=300748, class=jdk.internal.org.objectweb.asm.MethodWriter@500011ab)
OBJ 5000556a (sz=24, trace=301330, class=jdk.internal.org.objectweb.asm.ByteVector@5000118a)
ARR 5000556b (sz=80, trace=301331, nelems=0, elem type=byte[])
OBJ 5000556c (sz=56, trace=300751, class=jdk.internal.org.objectweb.asm.Item@5000118d)
OBJ 5000556d (sz=56, trace=300753, class=jdk.internal.org.objectweb.asm.Item@5000118d)
OBJ 5000556e (sz=64, trace=301332, class=jdk.internal.org.objectweb.asm.Label@500011bc)
OBJ 5000556f (sz=48, trace=300768, class=jdk.internal.org.objectweb.asm.Frame@500011be)
ARR 50005570 (sz=56, trace=301333, nelems=0, elem type=int[])
OBJ 50005571 (sz=64, trace=301334, class=jdk.internal.org.objectweb.asm.Label@500011bc)
OBJ 50005572 (sz=48, trace=301335, class=jdk.internal.org.objectweb.asm.Frame@500011be)
ARR 50005573 (sz=24, trace=301336, nelems=0, elem type=char[])
ARR 50005574 (sz=16, trace=301337, nelems=0, elem type=jdk.internal.org.objectweb.asm.Type[]@50001222)
ARR 50005575 (sz=24, trace=301338, nelems=0, elem type=int[])
ARR 50005576 (sz=16, trace=301339, nelems=0, elem type=int[])
ARR 50005577 (sz=32, trace=301340, nelems=0, elem type=int[])
OBJ 50005578 (sz=24, trace=301341, class=java.lang.StringBuilder@50000118)
ARR 50005579 (sz=168, trace=301342, nelems=0, elem type=char[])
ARR 5000557a (sz=24, trace=301343, nelems=0, elem type=char[])
ARR 5000557b (sz=320, trace=300010, nelems=0, elem type=char[])
ARR 5000557c (sz=632, trace=300010, nelems=0, elem type=char[])
OBJ 5000557d (sz=24, trace=301344, class=java.lang.String@50000165)
ARR 5000557e (sz=352, trace=300609, nelems=0, elem type=char[])
OBJ 5000557f (sz=224, trace=300748, class=jdk.internal.org.objectweb.asm.MethodWriter@500011ab)
OBJ 50005580 (sz=24, trace=301345, class=jdk.internal.org.objectweb.asm.ByteVector@5000118a)
ARR 50005581 (sz=80, trace=301346, nelems=0, elem type=byte[])
OBJ 50005582 (sz=56, trace=300751, class=jdk.internal.org.objectweb.asm.Item@5000118d)
OBJ 50005583 (sz=56, trace=300753, class=jdk.internal.org.objectweb.asm.Item@5000118d)
OBJ 50005584 (sz=64, trace=301347, class=jdk.internal.org.objectweb.asm.Label@500011bc)
OBJ 50005585 (sz=48, trace=300768, class=jdk.internal.org.objectweb.asm.Frame@500011be)
OBJ 50005586 (sz=56, trace=301348, class=jdk.internal.org.objectweb.asm.Item@5000118d)
ARR 50005587 (sz=56, trace=301349, nelems=0, elem type=int[])
OBJ 50005588 (sz=24, trace=301350, class=java.lang.StringBuilder@50000118)
ARR 50005589 (sz=168, trace=301351, nelems=0, elem type=char[])
ARR 5000558a (sz=24, trace=301352, nelems=0, elem type=char[])
ARR 5000558b (sz=320, trace=300010, nelems=0, elem type=char[])
OBJ 5000558c (sz=24, trace=301353, class=java.lang.String@50000165)
ARR 5000558d (sz=288, trace=300609, nelems=0, elem type=char[])
OBJ 5000558e (sz=56, trace=300803, class=jdk.internal.org.objectweb.asm.Item@5000118d)
OBJ 5000558f (sz=56, trace=301354, class=jdk.internal.org.objectweb.asm.Item@5000118d)
ARR 50005590 (sz=24, trace=301355, nelems=0, elem type=int[])
OBJ 50005591 (sz=64, trace=301356, class=jdk.internal.org.objectweb.asm.Label@500011bc)
OBJ 50005592 (sz=48, trace=301357, class=jdk.internal.org.objectweb.asm.Frame@500011be)
ARR 50005593 (sz=352, trace=301358, nelems=0, elem type=char[])
ARR 50005594 (sz=40, trace=301359, nelems=0, elem type=jdk.internal.org.objectweb.asm.Type[]@50001222)
OBJ 50005595 (sz=32, trace=300821, class=jdk.internal.org.objectweb.asm.Type@500011b2)
OBJ 50005596 (sz=32, trace=300821, class=jdk.internal.org.objectweb.asm.Type@500011b2)
OBJ 50005597 (sz=32, trace=300821, class=jdk.internal.org.objectweb.asm.Type@500011b2)
OBJ 50005598 (sz=32, trace=300821, class=jdk.internal.org.objectweb.asm.Type@500011b2)
OBJ 50005599 (sz=32, trace=300821, class=jdk.internal.org.objectweb.asm.Type@500011b2)
OBJ 5000559a (sz=32, trace=300821, class=jdk.internal.org.objectweb.asm.Type@500011b2)
ARR 5000559b (sz=40, trace=301360, nelems=0, elem type=int[])
ARR 5000559c (sz=16, trace=301361, nelems=0, elem type=int[])
OBJ 5000559d (sz=24, trace=300824, class=java.lang.StringBuffer@50000119)
ARR 5000559e (sz=48, trace=300825, nelems=0, elem type=char[])
ARR 5000559f (sz=88, trace=300826, nelems=0, elem type=char[])
ARR 500055a0 (sz=80, trace=300827, nelems=0, elem type=char[])
OBJ 500055a1 (sz=24, trace=300828, class=java.lang.String@50000165)
OBJ 500055a2 (sz=24, trace=300829, class=java.lang.String@50000165)
ARR 500055a3 (sz=72, trace=300806, nelems=0, elem type=char[])
OBJ 500055a4 (sz=24, trace=300824, class=java.lang.StringBuffer@50000119)
ARR 500055a5 (sz=48, trace=300825, nelems=0, elem type=char[])
ARR 500055a6 (sz=88, trace=300826, nelems=0, elem type=char[])
ARR 500055a7 (sz=80, trace=300827, nelems=0, elem type=char[])
OBJ 500055a8 (sz=24, trace=300828, class=java.lang.String@50000165)
OBJ 500055a9 (sz=24, trace=300829, class=java.lang.String@50000165)
ARR 500055aa (sz=72, trace=300806, nelems=0, elem type=char[])
OBJ 500055ab (sz=24, trace=300824, class=java.lang.StringBuffer@50000119)
ARR 500055ac (sz=48, trace=300825, nelems=0, elem type=char[])
ARR 500055ad (sz=88, trace=300826, nelems=0, elem type=char[])
ARR 500055ae (sz=56, trace=300827, nelems=0, elem type=char[])
OBJ 500055af (sz=24, trace=300828, class=java.lang.String@50000165)
OBJ 500055b0 (sz=24, trace=300829, class=java.lang.String@50000165)
ARR 500055b1 (sz=48, trace=300806, nelems=0, elem type=char[])
OBJ 500055b2 (sz=24, trace=300824, class=java.lang.StringBuffer@50000119)
ARR 500055b3 (sz=48, trace=300825, nelems=0, elem type=char[])
ARR 500055b4 (sz=88, trace=300826, nelems=0, elem type=char[])
ARR 500055b5 (sz=56, trace=300827, nelems=0, elem type=char[])
OBJ 500055b6 (sz=24, trace=300828, class=java.lang.String@50000165)
OBJ 500055b7 (sz=24, trace=300829, class=java.lang.String@50000165)
ARR 500055b8 (sz=48, trace=300806, nelems=0, elem type=char[])
OBJ 500055b9 (sz=24, trace=300824, class=java.lang.StringBuffer@50000119)
ARR 500055ba (sz=48, trace=300825, nelems=0, elem type=char[])
ARR 500055bb (sz=88, trace=300826, nelems=0, elem type=char[])
ARR 500055bc (sz=56, trace=300827, nelems=0, elem type=char[])
OBJ 500055bd (sz=24, trace=300828, class=java.lang.String@50000165)
OBJ 500055be (sz=24, trace=300829, class=java.lang.String@50000165)
ARR 500055bf (sz=48, trace=300806, nelems=0, elem type=char[])
OBJ 500055c0 (sz=24, trace=300824, class=java.lang.StringBuffer@50000119)
ARR 500055c1 (sz=48, trace=300825, nelems=0, elem type=char[])
ARR 500055c2 (sz=88, trace=300826, nelems=0, elem type=char[])
ARR 500055c3 (sz=56, trace=300827, nelems=0, elem type=char[])
OBJ 500055c4 (sz=24, trace=300828, class=java.lang.String@50000165)
OBJ 500055c5 (sz=24, trace=300829, class=java.lang.String@50000165)
ARR 500055c6 (sz=48, trace=300806, nelems=0, elem type=char[])
ARR 500055c7 (sz=56, trace=301362, nelems=0, elem type=int[])
OBJ 500055c8 (sz=24, trace=301363, class=java.lang.StringBuilder@50000118)
ARR 500055c9 (sz=168, trace=301364, nelems=0, elem type=char[])
ARR 500055ca (sz=16, trace=301365, nelems=0, elem type=char[])
ARR 500055cb (sz=320, trace=300010, nelems=0, elem type=char[])
OBJ 500055cc (sz=24, trace=301366, class=java.lang.String@50000165)
ARR 500055cd (sz=208, trace=300609, nelems=0, elem type=char[])
OBJ 500055ce (sz=224, trace=300748, class=jdk.internal.org.objectweb.asm.MethodWriter@500011ab)
OBJ 500055cf (sz=24, trace=301367, class=jdk.internal.org.objectweb.asm.ByteVector@5000118a)
ARR 500055d0 (sz=80, trace=301368, nelems=0, elem type=byte[])
OBJ 500055d1 (sz=56, trace=300751, class=jdk.internal.org.objectweb.asm.Item@5000118d)
OBJ 500055d2 (sz=56, trace=300753, class=jdk.internal.org.objectweb.asm.Item@5000118d)
OBJ 500055d3 (sz=64, trace=301369, class=jdk.internal.org.objectweb.asm.Label@500011bc)
OBJ 500055d4 (sz=48, trace=300768, class=jdk.internal.org.objectweb.asm.Frame@500011be)
ARR 500055d5 (sz=56, trace=301370, nelems=0, elem type=int[])
OBJ 500055d6 (sz=24, trace=301371, class=java.lang.StringBuilder@50000118)
ARR 500055d7 (sz=48, trace=301372, nelems=0, elem type=char[])
OBJ 500055d8 (sz=24, trace=301373, class=java.lang.String@50000165)
ARR 500055d9 (sz=32, trace=300869, nelems=0, elem type=char[])
OBJ 500055da (sz=24, trace=300805, class=java.lang.String@50000165)
ARR 500055db (sz=48, trace=300806, nelems=0, elem type=char[])
OBJ 500055dc (sz=24, trace=301371, class=java.lang.StringBuilder@50000118)
ARR 500055dd (sz=48, trace=301372, nelems=0, elem type=char[])
OBJ 500055de (sz=24, trace=301373, class=java.lang.String@50000165)
ARR 500055df (sz=32, trace=300869, nelems=0, elem type=char[])
OBJ 500055e0 (sz=24, trace=300805, class=java.lang.String@50000165)
ARR 500055e1 (sz=48, trace=300806, nelems=0, elem type=char[])
OBJ 500055e2 (sz=24, trace=301371, class=java.lang.StringBuilder@50000118)
ARR 500055e3 (sz=48, trace=301372, nelems=0, elem type=char[])
OBJ 500055e4 (sz=24, trace=301373, class=java.lang.String@50000165)
ARR 500055e5 (sz=32, trace=300869, nelems=0, elem type=char[])
OBJ 500055e6 (sz=24, trace=300805, class=java.lang.String@50000165)
ARR 500055e7 (sz=48, trace=300806, nelems=0, elem type=char[])
OBJ 500055e8 (sz=24, trace=301371, class=java.lang.StringBuilder@50000118)
ARR 500055e9 (sz=48, trace=301372, nelems=0, elem type=char[])
OBJ 500055ea (sz=24, trace=301373, class=java.lang.String@50000165)
ARR 500055eb (sz=32, trace=300869, nelems=0, elem type=char[])
OBJ 500055ec (sz=24, trace=300805, class=java.lang.String@50000165)
ARR 500055ed (sz=48, trace=300806, nelems=0, elem type=char[])
OBJ 500055ee (sz=24, trace=301374, class=java.lang.StringBuilder@50000118)
ARR 500055ef (sz=168, trace=301375, nelems=0, elem type=char[])
ARR 500055f0 (sz=24, trace=301376, nelems=0, elem type=char[])
ARR 500055f1 (sz=320, trace=300010, nelems=0, elem type=char[])
OBJ 500055f2 (sz=24, trace=301377, class=java.lang.String@50000165)
ARR 500055f3 (sz=288, trace=300609, nelems=0, elem type=char[])
ARR 500055f4 (sz=24, trace=301378, nelems=0, elem type=int[])
OBJ 500055f5 (sz=64, trace=301379, class=jdk.internal.org.objectweb.asm.Label@500011bc)
OBJ 500055f6 (sz=48, trace=301380, class=jdk.internal.org.objectweb.asm.Frame@500011be)
ARR 500055f7 (sz=208, trace=301381, nelems=0, elem type=char[])
ARR 500055f8 (sz=24, trace=301382, nelems=0, elem type=jdk.internal.org.objectweb.asm.Type[]@50001222)
OBJ 500055f9 (sz=32, trace=300821, class=jdk.internal.org.objectweb.asm.Type@500011b2)
OBJ 500055fa (sz=32, trace=300821, class=jdk.internal.org.objectweb.asm.Type@500011b2)
ARR 500055fb (sz=32, trace=301383, nelems=0, elem type=int[])
ARR 500055fc (sz=16, trace=301384, nelems=0, elem type=int[])
OBJ 500055fd (sz=24, trace=300824, class=java.lang.StringBuffer@50000119)
ARR 500055fe (sz=48, trace=300825, nelems=0, elem type=char[])
ARR 500055ff (sz=88, trace=300826, nelems=0, elem type=char[])
ARR 50005600 (sz=80, trace=300827, nelems=0, elem type=char[])
OBJ 50005601 (sz=24, trace=300828, class=java.lang.String@50000165)
OBJ 50005602 (sz=24, trace=300829, class=java.lang.String@50000165)
ARR 50005603 (sz=72, trace=300806, nelems=0, elem type=char[])
OBJ 50005604 (sz=24, trace=300824, class=java.lang.StringBuffer@50000119)
ARR 50005605 (sz=48, trace=300825, nelems=0, elem type=char[])
ARR 50005606 (sz=88, trace=300826, nelems=0, elem type=char[])
ARR 50005607 (sz=80, trace=300827, nelems=0, elem type=char[])
OBJ 50005608 (sz=24, trace=300828, class=java.lang.String@50000165)
OBJ 50005609 (sz=24, trace=300829, class=java.lang.String@50000165)
ARR 5000560a (sz=72, trace=300806, nelems=0, elem type=char[])
ARR 5000560b (sz=40, trace=301385, nelems=0, elem type=int[])
OBJ 5000560c (sz=24, trace=301386, class=java.lang.StringBuilder@50000118)
ARR 5000560d (sz=48, trace=301387, nelems=0, elem type=char[])
OBJ 5000560e (sz=24, trace=301388, class=java.lang.String@50000165)
ARR 5000560f (sz=48, trace=301389, nelems=0, elem type=char[])
ARR 50005610 (sz=24, trace=301390, nelems=0, elem type=char[])
OBJ 50005611 (sz=24, trace=301391, class=java.lang.String@50000165)
OBJ 50005612 (sz=24, trace=301392, class=java.lang.StringBuilder@50000118)
ARR 50005613 (sz=168, trace=301393, nelems=0, elem type=char[])
ARR 50005614 (sz=24, trace=301394, nelems=0, elem type=char[])
ARR 50005615 (sz=320, trace=300010, nelems=0, elem type=char[])
OBJ 50005616 (sz=24, trace=301395, class=java.lang.String@50000165)
ARR 50005617 (sz=248, trace=300609, nelems=0, elem type=char[])
OBJ 50005618 (sz=224, trace=300748, class=jdk.internal.org.objectweb.asm.MethodWriter@500011ab)
OBJ 50005619 (sz=24, trace=301396, class=jdk.internal.org.objectweb.asm.ByteVector@5000118a)
ARR 5000561a (sz=80, trace=301397, nelems=0, elem type=byte[])
OBJ 5000561b (sz=56, trace=300751, class=jdk.internal.org.objectweb.asm.Item@5000118d)
ARR 5000561c (sz=2064, trace=300752, nelems=0, elem type=byte[])
OBJ 5000561d (sz=56, trace=300753, class=jdk.internal.org.objectweb.asm.Item@5000118d)
ARR 5000561e (sz=24, trace=301398, nelems=0, elem type=int[])
OBJ 5000561f (sz=56, trace=300733, class=jdk.internal.org.objectweb.asm.Item@5000118d)
OBJ 50005620 (sz=56, trace=301399, class=jdk.internal.org.objectweb.asm.Item@5000118d)
OBJ 50005621 (sz=64, trace=301400, class=jdk.internal.org.objectweb.asm.Label@500011bc)
OBJ 50005622 (sz=48, trace=300768, class=jdk.internal.org.objectweb.asm.Frame@500011be)
OBJ 50005623 (sz=24, trace=300805, class=java.lang.String@50000165)
ARR 50005624 (sz=112, trace=300806, nelems=0, elem type=char[])
ARR 50005625 (sz=56, trace=301321, nelems=0, elem type=int[])
OBJ 50005626 (sz=56, trace=300733, class=jdk.internal.org.objectweb.asm.Item@5000118d)
OBJ 50005627 (sz=56, trace=300800, class=jdk.internal.org.objectweb.asm.Item@5000118d)
OBJ 50005628 (sz=56, trace=300801, class=jdk.internal.org.objectweb.asm.Item@5000118d)
OBJ 50005629 (sz=56, trace=300802, class=jdk.internal.org.objectweb.asm.Item@5000118d)
OBJ 5000562a (sz=56, trace=300803, class=jdk.internal.org.objectweb.asm.Item@5000118d)
OBJ 5000562b (sz=56, trace=301401, class=jdk.internal.org.objectweb.asm.Item@5000118d)
OBJ 5000562c (sz=24, trace=300805, class=java.lang.String@50000165)
ARR 5000562d (sz=112, trace=300806, nelems=0, elem type=char[])
OBJ 5000562e (sz=56, trace=300801, class=jdk.internal.org.objectweb.asm.Item@5000118d)
OBJ 5000562f (sz=56, trace=300802, class=jdk.internal.org.objectweb.asm.Item@5000118d)
OBJ 50005630 (sz=56, trace=300803, class=jdk.internal.org.objectweb.asm.Item@5000118d)
OBJ 50005631 (sz=56, trace=301402, class=jdk.internal.org.objectweb.asm.Item@5000118d)
OBJ 50005632 (sz=24, trace=300805, class=java.lang.String@50000165)
ARR 50005633 (sz=80, trace=300806, nelems=0, elem type=char[])
OBJ 50005634 (sz=56, trace=300807, class=jdk.internal.org.objectweb.asm.Item@5000118d)
OBJ 50005635 (sz=24, trace=301371, class=java.lang.StringBuilder@50000118)
ARR 50005636 (sz=48, trace=301372, nelems=0, elem type=char[])
OBJ 50005637 (sz=24, trace=301373, class=java.lang.String@50000165)
ARR 50005638 (sz=32, trace=300869, nelems=0, elem type=char[])
OBJ 50005639 (sz=24, trace=300805, class=java.lang.String@50000165)
ARR 5000563a (sz=48, trace=300806, nelems=0, elem type=char[])
OBJ 5000563b (sz=24, trace=301371, class=java.lang.StringBuilder@50000118)
ARR 5000563c (sz=48, trace=301372, nelems=0, elem type=char[])
OBJ 5000563d (sz=24, trace=301373, class=java.lang.String@50000165)
ARR 5000563e (sz=32, trace=300869, nelems=0, elem type=char[])
OBJ 5000563f (sz=24, trace=300805, class=java.lang.String@50000165)
ARR 50005640 (sz=48, trace=300806, nelems=0, elem type=char[])
OBJ 50005641 (sz=24, trace=301371, class=java.lang.StringBuilder@50000118)
ARR 50005642 (sz=48, trace=301372, nelems=0, elem type=char[])
OBJ 50005643 (sz=24, trace=301373, class=java.lang.String@50000165)
ARR 50005644 (sz=32, trace=300869, nelems=0, elem type=char[])
OBJ 50005645 (sz=24, trace=300805, class=java.lang.String@50000165)
ARR 50005646 (sz=48, trace=300806, nelems=0, elem type=char[])
OBJ 50005647 (sz=24, trace=301371, class=java.lang.StringBuilder@50000118)
ARR 50005648 (sz=48, trace=301372, nelems=0, elem type=char[])
OBJ 50005649 (sz=24, trace=301373, class=java.lang.String@50000165)
ARR 5000564a (sz=32, trace=300869, nelems=0, elem type=char[])
OBJ 5000564b (sz=24, trace=300805, class=java.lang.String@50000165)
ARR 5000564c (sz=48, trace=300806, nelems=0, elem type=char[])
OBJ 5000564d (sz=24, trace=301403, class=java.lang.StringBuilder@50000118)
ARR 5000564e (sz=48, trace=301404, nelems=0, elem type=char[])
OBJ 5000564f (sz=24, trace=301405, class=java.lang.String@50000165)
ARR 50005650 (sz=32, trace=301406, nelems=0, elem type=char[])
OBJ 50005651 (sz=24, trace=301407, class=java.lang.StringBuilder@50000118)
ARR 50005652 (sz=168, trace=301408, nelems=0, elem type=char[])
ARR 50005653 (sz=32, trace=301409, nelems=0, elem type=char[])
ARR 50005654 (sz=320, trace=300010, nelems=0, elem type=char[])
ARR 50005655 (sz=632, trace=300010, nelems=0, elem type=char[])
OBJ 50005656 (sz=24, trace=301410, class=java.lang.String@50000165)
ARR 50005657 (sz=392, trace=300609, nelems=0, elem type=char[])
OBJ 50005658 (sz=56, trace=300733, class=jdk.internal.org.objectweb.asm.Item@5000118d)
OBJ 50005659 (sz=56, trace=300800, class=jdk.internal.org.objectweb.asm.Item@5000118d)
OBJ 5000565a (sz=56, trace=300801, class=jdk.internal.org.objectweb.asm.Item@5000118d)
OBJ 5000565b (sz=56, trace=300802, class=jdk.internal.org.objectweb.asm.Item@5000118d)
OBJ 5000565c (sz=56, trace=300803, class=jdk.internal.org.objectweb.asm.Item@5000118d)
OBJ 5000565d (sz=56, trace=301411, class=jdk.internal.org.objectweb.asm.Item@5000118d)
OBJ 5000565e (sz=24, trace=300805, class=java.lang.String@50000165)
ARR 5000565f (sz=88, trace=300806, nelems=0, elem type=char[])
OBJ 50005660 (sz=56, trace=300807, class=jdk.internal.org.objectweb.asm.Item@5000118d)
OBJ 50005661 (sz=64, trace=301412, class=jdk.internal.org.objectweb.asm.Label@500011bc)
OBJ 50005662 (sz=48, trace=301413, class=jdk.internal.org.objectweb.asm.Frame@500011be)
ARR 50005663 (sz=248, trace=301414, nelems=0, elem type=char[])
ARR 50005664 (sz=32, trace=301415, nelems=0, elem type=jdk.internal.org.objectweb.asm.Type[]@50001222)
OBJ 50005665 (sz=32, trace=300821, class=jdk.internal.org.objectweb.asm.Type@500011b2)
OBJ 50005666 (sz=32, trace=300821, class=jdk.internal.org.objectweb.asm.Type@500011b2)
OBJ 50005667 (sz=32, trace=300821, class=jdk.internal.org.objectweb.asm.Type@500011b2)
ARR 50005668 (sz=32, trace=301416, nelems=0, elem type=int[])
ARR 50005669 (sz=16, trace=301417, nelems=0, elem type=int[])
OBJ 5000566a (sz=24, trace=300824, class=java.lang.StringBuffer@50000119)
ARR 5000566b (sz=48, trace=300825, nelems=0, elem type=char[])
ARR 5000566c (sz=88, trace=300826, nelems=0, elem type=char[])
ARR 5000566d (sz=80, trace=300827, nelems=0, elem type=char[])
OBJ 5000566e (sz=24, trace=300828, class=java.lang.String@50000165)
OBJ 5000566f (sz=24, trace=300829, class=java.lang.String@50000165)
ARR 50005670 (sz=72, trace=300806, nelems=0, elem type=char[])
OBJ 50005671 (sz=24, trace=300824, class=java.lang.StringBuffer@50000119)
ARR 50005672 (sz=48, trace=300825, nelems=0, elem type=char[])
ARR 50005673 (sz=88, trace=300826, nelems=0, elem type=char[])
ARR 50005674 (sz=80, trace=300827, nelems=0, elem type=char[])
OBJ 50005675 (sz=24, trace=300828, class=java.lang.String@50000165)
OBJ 50005676 (sz=24, trace=300829, class=java.lang.String@50000165)
ARR 50005677 (sz=72, trace=300806, nelems=0, elem type=char[])
OBJ 50005678 (sz=24, trace=300824, class=java.lang.StringBuffer@50000119)
ARR 50005679 (sz=48, trace=300825, nelems=0, elem type=char[])
ARR 5000567a (sz=88, trace=300826, nelems=0, elem type=char[])
ARR 5000567b (sz=56, trace=300827, nelems=0, elem type=char[])
OBJ 5000567c (sz=24, trace=300828, class=java.lang.String@50000165)
OBJ 5000567d (sz=24, trace=300829, class=java.lang.String@50000165)
ARR 5000567e (sz=48, trace=300806, nelems=0, elem type=char[])
ARR 5000567f (sz=48, trace=301418, nelems=0, elem type=int[])
OBJ 50005680 (sz=24, trace=301386, class=java.lang.StringBuilder@50000118)
ARR 50005681 (sz=48, trace=301387, nelems=0, elem type=char[])
OBJ 50005682 (sz=24, trace=301388, class=java.lang.String@50000165)
ARR 50005683 (sz=48, trace=301389, nelems=0, elem type=char[])
ARR 50005684 (sz=24, trace=301390, nelems=0, elem type=char[])
OBJ 50005685 (sz=24, trace=301391, class=java.lang.String@50000165)
OBJ 50005686 (sz=24, trace=301392, class=java.lang.StringBuilder@50000118)
ARR 50005687 (sz=168, trace=301393, nelems=0, elem type=char[])
ARR 50005688 (sz=24, trace=301394, nelems=0, elem type=char[])
ARR 50005689 (sz=24, trace=301419, nelems=0, elem type=char[])
OBJ 5000568a (sz=24, trace=301420, class=java.lang.String@50000165)
ARR 5000568b (sz=320, trace=300010, nelems=0, elem type=char[])
OBJ 5000568c (sz=24, trace=301395, class=java.lang.String@50000165)
ARR 5000568d (sz=216, trace=300609, nelems=0, elem type=char[])
OBJ 5000568e (sz=224, trace=300748, class=jdk.internal.org.objectweb.asm.MethodWriter@500011ab)
OBJ 5000568f (sz=24, trace=301396, class=jdk.internal.org.objectweb.asm.ByteVector@5000118a)
ARR 50005690 (sz=80, trace=301397, nelems=0, elem type=byte[])
OBJ 50005691 (sz=56, trace=300751, class=jdk.internal.org.objectweb.asm.Item@5000118d)
OBJ 50005692 (sz=56, trace=300753, class=jdk.internal.org.objectweb.asm.Item@5000118d)
ARR 50005693 (sz=24, trace=301398, nelems=0, elem type=int[])
OBJ 50005694 (sz=64, trace=301400, class=jdk.internal.org.objectweb.asm.Label@500011bc)
OBJ 50005695 (sz=48, trace=300768, class=jdk.internal.org.objectweb.asm.Frame@500011be)
OBJ 50005696 (sz=24, trace=300805, class=java.lang.String@50000165)
ARR 50005697 (sz=112, trace=300806, nelems=0, elem type=char[])
ARR 50005698 (sz=56, trace=301321, nelems=0, elem type=int[])
OBJ 50005699 (sz=24, trace=300805, class=java.lang.String@50000165)
ARR 5000569a (sz=112, trace=300806, nelems=0, elem type=char[])
OBJ 5000569b (sz=24, trace=300805, class=java.lang.String@50000165)
ARR 5000569c (sz=80, trace=300806, nelems=0, elem type=char[])
OBJ 5000569d (sz=24, trace=301371, class=java.lang.StringBuilder@50000118)
ARR 5000569e (sz=48, trace=301372, nelems=0, elem type=char[])
OBJ 5000569f (sz=24, trace=301373, class=java.lang.String@50000165)
ARR 500056a0 (sz=32, trace=300869, nelems=0, elem type=char[])
OBJ 500056a1 (sz=24, trace=300805, class=java.lang.String@50000165)
ARR 500056a2 (sz=48, trace=300806, nelems=0, elem type=char[])
OBJ 500056a3 (sz=24, trace=301371, class=java.lang.StringBuilder@50000118)
ARR 500056a4 (sz=48, trace=301372, nelems=0, elem type=char[])
OBJ 500056a5 (sz=24, trace=301373, class=java.lang.String@50000165)
ARR 500056a6 (sz=32, trace=300869, nelems=0, elem type=char[])
OBJ 500056a7 (sz=24, trace=300805, class=java.lang.String@50000165)
ARR 500056a8 (sz=48, trace=300806, nelems=0, elem type=char[])
OBJ 500056a9 (sz=24, trace=301371, class=java.lang.StringBuilder@50000118)
ARR 500056aa (sz=48, trace=301372, nelems=0, elem type=char[])
OBJ 500056ab (sz=24, trace=301373, class=java.lang.String@50000165)
ARR 500056ac (sz=32, trace=300869, nelems=0, elem type=char[])
OBJ 500056ad (sz=24, trace=300805, class=java.lang.String@50000165)
ARR 500056ae (sz=48, trace=300806, nelems=0, elem type=char[])
OBJ 500056af (sz=24, trace=301371, class=java.lang.StringBuilder@50000118)
ARR 500056b0 (sz=48, trace=301372, nelems=0, elem type=char[])
OBJ 500056b1 (sz=24, trace=301373, class=java.lang.String@50000165)
ARR 500056b2 (sz=32, trace=300869, nelems=0, elem type=char[])
OBJ 500056b3 (sz=24, trace=300805, class=java.lang.String@50000165)
ARR 500056b4 (sz=48, trace=300806, nelems=0, elem type=char[])
OBJ 500056b5 (sz=24, trace=301403, class=java.lang.StringBuilder@50000118)
ARR 500056b6 (sz=48, trace=301404, nelems=0, elem type=char[])
OBJ 500056b7 (sz=24, trace=301405, class=java.lang.String@50000165)
ARR 500056b8 (sz=32, trace=301406, nelems=0, elem type=char[])
OBJ 500056b9 (sz=24, trace=301407, class=java.lang.StringBuilder@50000118)
ARR 500056ba (sz=168, trace=301408, nelems=0, elem type=char[])
ARR 500056bb (sz=32, trace=301409, nelems=0, elem type=char[])
ARR 500056bc (sz=320, trace=300010, nelems=0, elem type=char[])
ARR 500056bd (sz=24, trace=301421, nelems=0, elem type=char[])
OBJ 500056be (sz=24, trace=301420, class=java.lang.String@50000165)
ARR 500056bf (sz=632, trace=300010, nelems=0, elem type=char[])
OBJ 500056c0 (sz=24, trace=301410, class=java.lang.String@50000165)
ARR 500056c1 (sz=360, trace=300609, nelems=0, elem type=char[])
OBJ 500056c2 (sz=56, trace=300802, class=jdk.internal.org.objectweb.asm.Item@5000118d)
OBJ 500056c3 (sz=56, trace=300803, class=jdk.internal.org.objectweb.asm.Item@5000118d)
OBJ 500056c4 (sz=56, trace=301411, class=jdk.internal.org.objectweb.asm.Item@5000118d)
OBJ 500056c5 (sz=24, trace=300805, class=java.lang.String@50000165)
ARR 500056c6 (sz=88, trace=300806, nelems=0, elem type=char[])
OBJ 500056c7 (sz=64, trace=301412, class=jdk.internal.org.objectweb.asm.Label@500011bc)
OBJ 500056c8 (sz=48, trace=301413, class=jdk.internal.org.objectweb.asm.Frame@500011be)
ARR 500056c9 (sz=216, trace=301414, nelems=0, elem type=char[])
ARR 500056ca (sz=32, trace=301415, nelems=0, elem type=jdk.internal.org.objectweb.asm.Type[]@50001222)
OBJ 500056cb (sz=32, trace=300821, class=jdk.internal.org.objectweb.asm.Type@500011b2)
OBJ 500056cc (sz=32, trace=300821, class=jdk.internal.org.objectweb.asm.Type@500011b2)
ARR 500056cd (sz=32, trace=301416, nelems=0, elem type=int[])
ARR 500056ce (sz=16, trace=301417, nelems=0, elem type=int[])
OBJ 500056cf (sz=24, trace=300824, class=java.lang.StringBuffer@50000119)
ARR 500056d0 (sz=48, trace=300825, nelems=0, elem type=char[])
ARR 500056d1 (sz=88, trace=300826, nelems=0, elem type=char[])
ARR 500056d2 (sz=80, trace=300827, nelems=0, elem type=char[])
OBJ 500056d3 (sz=24, trace=300828, class=java.lang.String@50000165)
OBJ 500056d4 (sz=24, trace=300829, class=java.lang.String@50000165)
ARR 500056d5 (sz=72, trace=300806, nelems=0, elem type=char[])
OBJ 500056d6 (sz=24, trace=300824, class=java.lang.StringBuffer@50000119)
ARR 500056d7 (sz=48, trace=300825, nelems=0, elem type=char[])
ARR 500056d8 (sz=88, trace=300826, nelems=0, elem type=char[])
ARR 500056d9 (sz=80, trace=300827, nelems=0, elem type=char[])
OBJ 500056da (sz=24, trace=300828, class=java.lang.String@50000165)
OBJ 500056db (sz=24, trace=300829, class=java.lang.String@50000165)
ARR 500056dc (sz=72, trace=300806, nelems=0, elem type=char[])
OBJ 500056dd (sz=24, trace=300824, class=java.lang.StringBuffer@50000119)
ARR 500056de (sz=48, trace=300825, nelems=0, elem type=char[])
ARR 500056df (sz=24, trace=300827, nelems=0, elem type=char[])
OBJ 500056e0 (sz=24, trace=300828, class=java.lang.String@50000165)
ARR 500056e1 (sz=48, trace=301418, nelems=0, elem type=int[])
OBJ 500056e2 (sz=24, trace=301386, class=java.lang.StringBuilder@50000118)
ARR 500056e3 (sz=48, trace=301387, nelems=0, elem type=char[])
OBJ 500056e4 (sz=24, trace=301388, class=java.lang.String@50000165)
ARR 500056e5 (sz=48, trace=301389, nelems=0, elem type=char[])
ARR 500056e6 (sz=24, trace=301390, nelems=0, elem type=char[])
OBJ 500056e7 (sz=24, trace=301391, class=java.lang.String@50000165)
OBJ 500056e8 (sz=24, trace=301392, class=java.lang.StringBuilder@50000118)
ARR 500056e9 (sz=168, trace=301393, nelems=0, elem type=char[])
ARR 500056ea (sz=24, trace=301394, nelems=0, elem type=char[])
ARR 500056eb (sz=24, trace=301419, nelems=0, elem type=char[])
OBJ 500056ec (sz=24, trace=301420, class=java.lang.String@50000165)
ARR 500056ed (sz=320, trace=300010, nelems=0, elem type=char[])
OBJ 500056ee (sz=24, trace=301395, class=java.lang.String@50000165)
ARR 500056ef (sz=216, trace=300609, nelems=0, elem type=char[])
OBJ 500056f0 (sz=224, trace=300748, class=jdk.internal.org.objectweb.asm.MethodWriter@500011ab)
OBJ 500056f1 (sz=24, trace=301396, class=jdk.internal.org.objectweb.asm.ByteVector@5000118a)
ARR 500056f2 (sz=80, trace=301397, nelems=0, elem type=byte[])
OBJ 500056f3 (sz=56, trace=300751, class=jdk.internal.org.objectweb.asm.Item@5000118d)
OBJ 500056f4 (sz=56, trace=300753, class=jdk.internal.org.objectweb.asm.Item@5000118d)
ARR 500056f5 (sz=24, trace=301398, nelems=0, elem type=int[])
OBJ 500056f6 (sz=64, trace=301400, class=jdk.internal.org.objectweb.asm.Label@500011bc)
OBJ 500056f7 (sz=48, trace=300768, class=jdk.internal.org.objectweb.asm.Frame@500011be)
OBJ 500056f8 (sz=24, trace=300805, class=java.lang.String@50000165)
ARR 500056f9 (sz=112, trace=300806, nelems=0, elem type=char[])
ARR 500056fa (sz=56, trace=301321, nelems=0, elem type=int[])
OBJ 500056fb (sz=24, trace=300805, class=java.lang.String@50000165)
ARR 500056fc (sz=112, trace=300806, nelems=0, elem type=char[])
OBJ 500056fd (sz=24, trace=300805, class=java.lang.String@50000165)
ARR 500056fe (sz=80, trace=300806, nelems=0, elem type=char[])
OBJ 500056ff (sz=24, trace=301371, class=java.lang.StringBuilder@50000118)
ARR 50005700 (sz=48, trace=301372, nelems=0, elem type=char[])
OBJ 50005701 (sz=24, trace=301373, class=java.lang.String@50000165)
ARR 50005702 (sz=32, trace=300869, nelems=0, elem type=char[])
OBJ 50005703 (sz=24, trace=300805, class=java.lang.String@50000165)
ARR 50005704 (sz=48, trace=300806, nelems=0, elem type=char[])
OBJ 50005705 (sz=24, trace=301371, class=java.lang.StringBuilder@50000118)
ARR 50005706 (sz=48, trace=301372, nelems=0, elem type=char[])
OBJ 50005707 (sz=24, trace=301373, class=java.lang.String@50000165)
ARR 50005708 (sz=32, trace=300869, nelems=0, elem type=char[])
OBJ 50005709 (sz=24, trace=300805, class=java.lang.String@50000165)
ARR 5000570a (sz=48, trace=300806, nelems=0, elem type=char[])
OBJ 5000570b (sz=24, trace=301371, class=java.lang.StringBuilder@50000118)
ARR 5000570c (sz=48, trace=301372, nelems=0, elem type=char[])
OBJ 5000570d (sz=24, trace=301373, class=java.lang.String@50000165)
ARR 5000570e (sz=32, trace=300869, nelems=0, elem type=char[])
OBJ 5000570f (sz=24, trace=300805, class=java.lang.String@50000165)
ARR 50005710 (sz=48, trace=300806, nelems=0, elem type=char[])
OBJ 50005711 (sz=24, trace=301371, class=java.lang.StringBuilder@50000118)
ARR 50005712 (sz=48, trace=301372, nelems=0, elem type=char[])
OBJ 50005713 (sz=24, trace=301373, class=java.lang.String@50000165)
ARR 50005714 (sz=32, trace=300869, nelems=0, elem type=char[])
OBJ 50005715 (sz=24, trace=300805, class=java.lang.String@50000165)
ARR 50005716 (sz=48, trace=300806, nelems=0, elem type=char[])
OBJ 50005717 (sz=24, trace=301403, class=java.lang.StringBuilder@50000118)
ARR 50005718 (sz=48, trace=301404, nelems=0, elem type=char[])
OBJ 50005719 (sz=24, trace=301405, class=java.lang.String@50000165)
ARR 5000571a (sz=32, trace=301406, nelems=0, elem type=char[])
OBJ 5000571b (sz=24, trace=301407, class=java.lang.StringBuilder@50000118)
ARR 5000571c (sz=168, trace=301408, nelems=0, elem type=char[])
ARR 5000571d (sz=32, trace=301409, nelems=0, elem type=char[])
ARR 5000571e (sz=320, trace=300010, nelems=0, elem type=char[])
ARR 5000571f (sz=24, trace=301421, nelems=0, elem type=char[])
OBJ 50005720 (sz=24, trace=301420, class=java.lang.String@50000165)
ARR 50005721 (sz=632, trace=300010, nelems=0, elem type=char[])
OBJ 50005722 (sz=24, trace=301410, class=java.lang.String@50000165)
ARR 50005723 (sz=360, trace=300609, nelems=0, elem type=char[])
ARR 50005724 (sz=4112, trace=300816, nelems=0, elem type=byte[])
OBJ 50005725 (sz=56, trace=300802, class=jdk.internal.org.objectweb.asm.Item@5000118d)
OBJ 50005726 (sz=56, trace=300803, class=jdk.internal.org.objectweb.asm.Item@5000118d)
OBJ 50005727 (sz=56, trace=301411, class=jdk.internal.org.objectweb.asm.Item@5000118d)
OBJ 50005728 (sz=24, trace=300805, class=java.lang.String@50000165)
ARR 50005729 (sz=88, trace=300806, nelems=0, elem type=char[])
OBJ 5000572a (sz=64, trace=301412, class=jdk.internal.org.objectweb.asm.Label@500011bc)
OBJ 5000572b (sz=48, trace=301413, class=jdk.internal.org.objectweb.asm.Frame@500011be)
ARR 5000572c (sz=216, trace=301414, nelems=0, elem type=char[])
ARR 5000572d (sz=32, trace=301415, nelems=0, elem type=jdk.internal.org.objectweb.asm.Type[]@50001222)
OBJ 5000572e (sz=32, trace=300821, class=jdk.internal.org.objectweb.asm.Type@500011b2)
OBJ 5000572f (sz=32, trace=300821, class=jdk.internal.org.objectweb.asm.Type@500011b2)
ARR 50005730 (sz=40, trace=301416, nelems=0, elem type=int[])
ARR 50005731 (sz=16, trace=301417, nelems=0, elem type=int[])
OBJ 50005732 (sz=24, trace=300824, class=java.lang.StringBuffer@50000119)
ARR 50005733 (sz=48, trace=300825, nelems=0, elem type=char[])
ARR 50005734 (sz=88, trace=300826, nelems=0, elem type=char[])
ARR 50005735 (sz=80, trace=300827, nelems=0, elem type=char[])
OBJ 50005736 (sz=24, trace=300828, class=java.lang.String@50000165)
OBJ 50005737 (sz=24, trace=300829, class=java.lang.String@50000165)
ARR 50005738 (sz=72, trace=300806, nelems=0, elem type=char[])
OBJ 50005739 (sz=24, trace=300824, class=java.lang.StringBuffer@50000119)
ARR 5000573a (sz=48, trace=300825, nelems=0, elem type=char[])
ARR 5000573b (sz=88, trace=300826, nelems=0, elem type=char[])
ARR 5000573c (sz=80, trace=300827, nelems=0, elem type=char[])
OBJ 5000573d (sz=24, trace=300828, class=java.lang.String@50000165)
OBJ 5000573e (sz=24, trace=300829, class=java.lang.String@50000165)
ARR 5000573f (sz=72, trace=300806, nelems=0, elem type=char[])
OBJ 50005740 (sz=24, trace=300824, class=java.lang.StringBuffer@50000119)
ARR 50005741 (sz=48, trace=300825, nelems=0, elem type=char[])
ARR 50005742 (sz=24, trace=300827, nelems=0, elem type=char[])
OBJ 50005743 (sz=24, trace=300828, class=java.lang.String@50000165)
ARR 50005744 (sz=48, trace=301418, nelems=0, elem type=int[])
OBJ 50005745 (sz=24, trace=301386, class=java.lang.StringBuilder@50000118)
ARR 50005746 (sz=48, trace=301387, nelems=0, elem type=char[])
OBJ 50005747 (sz=24, trace=301388, class=java.lang.String@50000165)
ARR 50005748 (sz=48, trace=301389, nelems=0, elem type=char[])
ARR 50005749 (sz=24, trace=301390, nelems=0, elem type=char[])
OBJ 5000574a (sz=24, trace=301391, class=java.lang.String@50000165)
OBJ 5000574b (sz=24, trace=301392, class=java.lang.StringBuilder@50000118)
ARR 5000574c (sz=168, trace=301393, nelems=0, elem type=char[])
ARR 5000574d (sz=24, trace=301394, nelems=0, elem type=char[])
ARR 5000574e (sz=24, trace=301419, nelems=0, elem type=char[])
OBJ 5000574f (sz=24, trace=301420, class=java.lang.String@50000165)
ARR 50005750 (sz=320, trace=300010, nelems=0, elem type=char[])
OBJ 50005751 (sz=24, trace=301395, class=java.lang.String@50000165)
ARR 50005752 (sz=216, trace=300609, nelems=0, elem type=char[])
OBJ 50005753 (sz=224, trace=300748, class=jdk.internal.org.objectweb.asm.MethodWriter@500011ab)
OBJ 50005754 (sz=24, trace=301396, class=jdk.internal.org.objectweb.asm.ByteVector@5000118a)
ARR 50005755 (sz=80, trace=301397, nelems=0, elem type=byte[])
OBJ 50005756 (sz=56, trace=300751, class=jdk.internal.org.objectweb.asm.Item@5000118d)
OBJ 50005757 (sz=56, trace=300753, class=jdk.internal.org.objectweb.asm.Item@5000118d)
ARR 50005758 (sz=24, trace=301398, nelems=0, elem type=int[])
OBJ 50005759 (sz=64, trace=301400, class=jdk.internal.org.objectweb.asm.Label@500011bc)
OBJ 5000575a (sz=48, trace=300768, class=jdk.internal.org.objectweb.asm.Frame@500011be)
OBJ 5000575b (sz=24, trace=300805, class=java.lang.String@50000165)
ARR 5000575c (sz=112, trace=300806, nelems=0, elem type=char[])
ARR 5000575d (sz=56, trace=301321, nelems=0, elem type=int[])
OBJ 5000575e (sz=24, trace=300805, class=java.lang.String@50000165)
ARR 5000575f (sz=112, trace=300806, nelems=0, elem type=char[])
OBJ 50005760 (sz=24, trace=300805, class=java.lang.String@50000165)
ARR 50005761 (sz=80, trace=300806, nelems=0, elem type=char[])
OBJ 50005762 (sz=24, trace=301371, class=java.lang.StringBuilder@50000118)
ARR 50005763 (sz=48, trace=301372, nelems=0, elem type=char[])
OBJ 50005764 (sz=24, trace=301373, class=java.lang.String@50000165)
ARR 50005765 (sz=32, trace=300869, nelems=0, elem type=char[])
OBJ 50005766 (sz=24, trace=300805, class=java.lang.String@50000165)
ARR 50005767 (sz=48, trace=300806, nelems=0, elem type=char[])
OBJ 50005768 (sz=24, trace=301371, class=java.lang.StringBuilder@50000118)
ARR 50005769 (sz=48, trace=301372, nelems=0, elem type=char[])
OBJ 5000576a (sz=24, trace=301373, class=java.lang.String@50000165)
ARR 5000576b (sz=32, trace=300869, nelems=0, elem type=char[])
OBJ 5000576c (sz=24, trace=300805, class=java.lang.String@50000165)
ARR 5000576d (sz=48, trace=300806, nelems=0, elem type=char[])
OBJ 5000576e (sz=24, trace=301371, class=java.lang.StringBuilder@50000118)
ARR 5000576f (sz=48, trace=301372, nelems=0, elem type=char[])
OBJ 50005770 (sz=24, trace=301373, class=java.lang.String@50000165)
ARR 50005771 (sz=32, trace=300869, nelems=0, elem type=char[])
OBJ 50005772 (sz=24, trace=300805, class=java.lang.String@50000165)
ARR 50005773 (sz=48, trace=300806, nelems=0, elem type=char[])
OBJ 50005774 (sz=24, trace=301371, class=java.lang.StringBuilder@50000118)
ARR 50005775 (sz=48, trace=301372, nelems=0, elem type=char[])
OBJ 50005776 (sz=24, trace=301373, class=java.lang.String@50000165)
ARR 50005777 (sz=32, trace=300869, nelems=0, elem type=char[])
OBJ 50005778 (sz=24, trace=300805, class=java.lang.String@50000165)
ARR 50005779 (sz=48, trace=300806, nelems=0, elem type=char[])
OBJ 5000577a (sz=24, trace=301403, class=java.lang.StringBuilder@50000118)
ARR 5000577b (sz=48, trace=301404, nelems=0, elem type=char[])
OBJ 5000577c (sz=24, trace=301405, class=java.lang.String@50000165)
ARR 5000577d (sz=32, trace=301406, nelems=0, elem type=char[])
OBJ 5000577e (sz=24, trace=301407, class=java.lang.StringBuilder@50000118)
ARR 5000577f (sz=168, trace=301408, nelems=0, elem type=char[])
ARR 50005780 (sz=32, trace=301409, nelems=0, elem type=char[])
ARR 50005781 (sz=320, trace=300010, nelems=0, elem type=char[])
ARR 50005782 (sz=24, trace=301421, nelems=0, elem type=char[])
OBJ 50005783 (sz=24, trace=301420, class=java.lang.String@50000165)
ARR 50005784 (sz=632, trace=300010, nelems=0, elem type=char[])
OBJ 50005785 (sz=24, trace=301410, class=java.lang.String@50000165)
ARR 50005786 (sz=360, trace=300609, nelems=0, elem type=char[])
OBJ 50005787 (sz=56, trace=300802, class=jdk.internal.org.objectweb.asm.Item@5000118d)
OBJ 50005788 (sz=56, trace=300803, class=jdk.internal.org.objectweb.asm.Item@5000118d)
OBJ 50005789 (sz=56, trace=301411, class=jdk.internal.org.objectweb.asm.Item@5000118d)
OBJ 5000578a (sz=24, trace=300805, class=java.lang.String@50000165)
ARR 5000578b (sz=88, trace=300806, nelems=0, elem type=char[])
OBJ 5000578c (sz=64, trace=301412, class=jdk.internal.org.objectweb.asm.Label@500011bc)
OBJ 5000578d (sz=48, trace=301413, class=jdk.internal.org.objectweb.asm.Frame@500011be)
ARR 5000578e (sz=216, trace=301414, nelems=0, elem type=char[])
ARR 5000578f (sz=32, trace=301415, nelems=0, elem type=jdk.internal.org.objectweb.asm.Type[]@50001222)
OBJ 50005790 (sz=32, trace=300821, class=jdk.internal.org.objectweb.asm.Type@500011b2)
OBJ 50005791 (sz=32, trace=300821, class=jdk.internal.org.objectweb.asm.Type@500011b2)
ARR 50005792 (sz=32, trace=301416, nelems=0, elem type=int[])
ARR 50005793 (sz=16, trace=301417, nelems=0, elem type=int[])
OBJ 50005794 (sz=24, trace=300824, class=java.lang.StringBuffer@50000119)
ARR 50005795 (sz=48, trace=300825, nelems=0, elem type=char[])
ARR 50005796 (sz=88, trace=300826, nelems=0, elem type=char[])
ARR 50005797 (sz=80, trace=300827, nelems=0, elem type=char[])
OBJ 50005798 (sz=24, trace=300828, class=java.lang.String@50000165)
OBJ 50005799 (sz=24, trace=300829, class=java.lang.String@50000165)
ARR 5000579a (sz=72, trace=300806, nelems=0, elem type=char[])
OBJ 5000579b (sz=24, trace=300824, class=java.lang.StringBuffer@50000119)
ARR 5000579c (sz=48, trace=300825, nelems=0, elem type=char[])
ARR 5000579d (sz=88, trace=300826, nelems=0, elem type=char[])
ARR 5000579e (sz=80, trace=300827, nelems=0, elem type=char[])
OBJ 5000579f (sz=24, trace=300828, class=java.lang.String@50000165)
OBJ 500057a0 (sz=24, trace=300829, class=java.lang.String@50000165)
ARR 500057a1 (sz=72, trace=300806, nelems=0, elem type=char[])
OBJ 500057a2 (sz=24, trace=300824, class=java.lang.StringBuffer@50000119)
ARR 500057a3 (sz=48, trace=300825, nelems=0, elem type=char[])
ARR 500057a4 (sz=24, trace=300827, nelems=0, elem type=char[])
OBJ 500057a5 (sz=24, trace=300828, class=java.lang.String@50000165)
ARR 500057a6 (sz=48, trace=301418, nelems=0, elem type=int[])
OBJ 500057a7 (sz=24, trace=301386, class=java.lang.StringBuilder@50000118)
ARR 500057a8 (sz=48, trace=301387, nelems=0, elem type=char[])
OBJ 500057a9 (sz=24, trace=301388, class=java.lang.String@50000165)
ARR 500057aa (sz=48, trace=301389, nelems=0, elem type=char[])
ARR 500057ab (sz=24, trace=301390, nelems=0, elem type=char[])
OBJ 500057ac (sz=24, trace=301391, class=java.lang.String@50000165)
OBJ 500057ad (sz=24, trace=301392, class=java.lang.StringBuilder@50000118)
ARR 500057ae (sz=168, trace=301393, nelems=0, elem type=char[])
ARR 500057af (sz=24, trace=301394, nelems=0, elem type=char[])
ARR 500057b0 (sz=24, trace=301419, nelems=0, elem type=char[])
OBJ 500057b1 (sz=24, trace=301420, class=java.lang.String@50000165)
ARR 500057b2 (sz=320, trace=300010, nelems=0, elem type=char[])
OBJ 500057b3 (sz=24, trace=301395, class=java.lang.String@50000165)
ARR 500057b4 (sz=216, trace=300609, nelems=0, elem type=char[])
OBJ 500057b5 (sz=224, trace=300748, class=jdk.internal.org.objectweb.asm.MethodWriter@500011ab)
OBJ 500057b6 (sz=24, trace=301396, class=jdk.internal.org.objectweb.asm.ByteVector@5000118a)
ARR 500057b7 (sz=80, trace=301397, nelems=0, elem type=byte[])
OBJ 500057b8 (sz=56, trace=300751, class=jdk.internal.org.objectweb.asm.Item@5000118d)
OBJ 500057b9 (sz=56, trace=300753, class=jdk.internal.org.objectweb.asm.Item@5000118d)
ARR 500057ba (sz=24, trace=301398, nelems=0, elem type=int[])
OBJ 500057bb (sz=64, trace=301400, class=jdk.internal.org.objectweb.asm.Label@500011bc)
OBJ 500057bc (sz=48, trace=300768, class=jdk.internal.org.objectweb.asm.Frame@500011be)
OBJ 500057bd (sz=24, trace=300805, class=java.lang.String@50000165)
ARR 500057be (sz=112, trace=300806, nelems=0, elem type=char[])
ARR 500057bf (sz=56, trace=301321, nelems=0, elem type=int[])
OBJ 500057c0 (sz=24, trace=300805, class=java.lang.String@50000165)
ARR 500057c1 (sz=112, trace=300806, nelems=0, elem type=char[])
OBJ 500057c2 (sz=24, trace=300805, class=java.lang.String@50000165)
ARR 500057c3 (sz=80, trace=300806, nelems=0, elem type=char[])
OBJ 500057c4 (sz=24, trace=301371, class=java.lang.StringBuilder@50000118)
ARR 500057c5 (sz=48, trace=301372, nelems=0, elem type=char[])
OBJ 500057c6 (sz=24, trace=301373, class=java.lang.String@50000165)
ARR 500057c7 (sz=32, trace=300869, nelems=0, elem type=char[])
OBJ 500057c8 (sz=24, trace=300805, class=java.lang.String@50000165)
ARR 500057c9 (sz=48, trace=300806, nelems=0, elem type=char[])
OBJ 500057ca (sz=24, trace=301371, class=java.lang.StringBuilder@50000118)
ARR 500057cb (sz=48, trace=301372, nelems=0, elem type=char[])
OBJ 500057cc (sz=24, trace=301373, class=java.lang.String@50000165)
ARR 500057cd (sz=32, trace=300869, nelems=0, elem type=char[])
OBJ 500057ce (sz=24, trace=300805, class=java.lang.String@50000165)
ARR 500057cf (sz=48, trace=300806, nelems=0, elem type=char[])
OBJ 500057d0 (sz=24, trace=301371, class=java.lang.StringBuilder@50000118)
ARR 500057d1 (sz=48, trace=301372, nelems=0, elem type=char[])
OBJ 500057d2 (sz=24, trace=301373, class=java.lang.String@50000165)
ARR 500057d3 (sz=32, trace=300869, nelems=0, elem type=char[])
OBJ 500057d4 (sz=24, trace=300805, class=java.lang.String@50000165)
ARR 500057d5 (sz=48, trace=300806, nelems=0, elem type=char[])
OBJ 500057d6 (sz=24, trace=301371, class=java.lang.StringBuilder@50000118)
ARR 500057d7 (sz=48, trace=301372, nelems=0, elem type=char[])
OBJ 500057d8 (sz=24, trace=301373, class=java.lang.String@50000165)
ARR 500057d9 (sz=32, trace=300869, nelems=0, elem type=char[])
OBJ 500057da (sz=24, trace=300805, class=java.lang.String@50000165)
ARR 500057db (sz=48, trace=300806, nelems=0, elem type=char[])
OBJ 500057dc (sz=24, trace=301403, class=java.lang.StringBuilder@50000118)
ARR 500057dd (sz=48, trace=301404, nelems=0, elem type=char[])
OBJ 500057de (sz=24, trace=301405, class=java.lang.String@50000165)
ARR 500057df (sz=32, trace=301406, nelems=0, elem type=char[])
OBJ 500057e0 (sz=24, trace=301407, class=java.lang.StringBuilder@50000118)
ARR 500057e1 (sz=168, trace=301408, nelems=0, elem type=char[])
ARR 500057e2 (sz=32, trace=301409, nelems=0, elem type=char[])
ARR 500057e3 (sz=320, trace=300010, nelems=0, elem type=char[])
ARR 500057e4 (sz=24, trace=301421, nelems=0, elem type=char[])
OBJ 500057e5 (sz=24, trace=301420, class=java.lang.String@50000165)
ARR 500057e6 (sz=632, trace=300010, nelems=0, elem type=char[])
OBJ 500057e7 (sz=24, trace=301410, class=java.lang.String@50000165)
ARR 500057e8 (sz=360, trace=300609, nelems=0, elem type=char[])
OBJ 500057e9 (sz=56, trace=300802, class=jdk.internal.org.objectweb.asm.Item@5000118d)
OBJ 500057ea (sz=56, trace=300803, class=jdk.internal.org.objectweb.asm.Item@5000118d)
OBJ 500057eb (sz=56, trace=301411, class=jdk.internal.org.objectweb.asm.Item@5000118d)
OBJ 500057ec (sz=24, trace=300805, class=java.lang.String@50000165)
ARR 500057ed (sz=88, trace=300806, nelems=0, elem type=char[])
OBJ 500057ee (sz=64, trace=301412, class=jdk.internal.org.objectweb.asm.Label@500011bc)
OBJ 500057ef (sz=48, trace=301413, class=jdk.internal.org.objectweb.asm.Frame@500011be)
ARR 500057f0 (sz=216, trace=301414, nelems=0, elem type=char[])
ARR 500057f1 (sz=32, trace=301415, nelems=0, elem type=jdk.internal.org.objectweb.asm.Type[]@50001222)
OBJ 500057f2 (sz=32, trace=300821, class=jdk.internal.org.objectweb.asm.Type@500011b2)
OBJ 500057f3 (sz=32, trace=300821, class=jdk.internal.org.objectweb.asm.Type@500011b2)
ARR 500057f4 (sz=40, trace=301416, nelems=0, elem type=int[])
ARR 500057f5 (sz=16, trace=301417, nelems=0, elem type=int[])
OBJ 500057f6 (sz=24, trace=300824, class=java.lang.StringBuffer@50000119)
ARR 500057f7 (sz=48, trace=300825, nelems=0, elem type=char[])
ARR 500057f8 (sz=88, trace=300826, nelems=0, elem type=char[])
ARR 500057f9 (sz=80, trace=300827, nelems=0, elem type=char[])
OBJ 500057fa (sz=24, trace=300828, class=java.lang.String@50000165)
OBJ 500057fb (sz=24, trace=300829, class=java.lang.String@50000165)
ARR 500057fc (sz=72, trace=300806, nelems=0, elem type=char[])
OBJ 500057fd (sz=24, trace=300824, class=java.lang.StringBuffer@50000119)
ARR 500057fe (sz=48, trace=300825, nelems=0, elem type=char[])
ARR 500057ff (sz=88, trace=300826, nelems=0, elem type=char[])
ARR 50005800 (sz=80, trace=300827, nelems=0, elem type=char[])
OBJ 50005801 (sz=24, trace=300828, class=java.lang.String@50000165)
OBJ 50005802 (sz=24, trace=300829, class=java.lang.String@50000165)
ARR 50005803 (sz=72, trace=300806, nelems=0, elem type=char[])
OBJ 50005804 (sz=24, trace=300824, class=java.lang.StringBuffer@50000119)
ARR 50005805 (sz=48, trace=300825, nelems=0, elem type=char[])
ARR 50005806 (sz=24, trace=300827, nelems=0, elem type=char[])
OBJ 50005807 (sz=24, trace=300828, class=java.lang.String@50000165)
ARR 50005808 (sz=48, trace=301418, nelems=0, elem type=int[])
OBJ 50005809 (sz=56, trace=301422, class=jdk.internal.org.objectweb.asm.Item@5000118d)
OBJ 5000580a (sz=56, trace=300832, class=jdk.internal.org.objectweb.asm.Item@5000118d)
OBJ 5000580b (sz=56, trace=301423, class=jdk.internal.org.objectweb.asm.Item@5000118d)
OBJ 5000580c (sz=56, trace=301424, class=jdk.internal.org.objectweb.asm.Item@5000118d)
OBJ 5000580d (sz=24, trace=301425, class=jdk.internal.org.objectweb.asm.ByteVector@5000118a)
ARR 5000580e (sz=3416, trace=301426, nelems=0, elem type=byte[])
OBJ 50005810 (sz=32, trace=301428, class=java.util.concurrent.ConcurrentHashMap$Node@50000021)
	key		500054a5
	val		5000580f
OBJ 50005811 (sz=40, trace=301484, class=java.lang.invoke.BoundMethodHandle$SpeciesData@50001095)
	typeChars	500054a5
	typeCodes	50005812
	clazz		5000580f
	constructor	50005813
	getters		5000584d
	nominalGetters	5000587f
	extensions	50005884
ARR 50005812 (sz=32, trace=301430, nelems=4, elem type=java.lang.invoke.LambdaForm$BasicType[]@50000f60)
	[0]		50000f5a
	[1]		50000f5a
	[2]		50000f5a
	[3]		50000f5a
ARR 50005813 (sz=24, trace=301431, nelems=1, elem type=java.lang.invoke.MethodHandle[]@5000018c)
	[0]		5000584c
OBJ 50005814 (sz=24, trace=300605, class=java.lang.StringBuilder@50000118)
ARR 50005815 (sz=168, trace=300606, nelems=0, elem type=char[])
ARR 50005816 (sz=24, trace=300607, nelems=0, elem type=char[])
ARR 50005817 (sz=320, trace=300010, nelems=0, elem type=char[])
ARR 50005818 (sz=632, trace=300010, nelems=0, elem type=char[])
OBJ 50005819 (sz=24, trace=300608, class=java.lang.String@50000165)
ARR 5000581a (sz=352, trace=300609, nelems=0, elem type=char[])
ARR 5000581b (sz=24, trace=300611, nelems=0, elem type=int[])
OBJ 5000581c (sz=24, trace=300612, class=java.util.ArrayList@500000d4)
OBJ 5000581d (sz=24, trace=300613, class=java.lang.String@50000165)
ARR 5000581e (sz=72, trace=300614, nelems=0, elem type=char[])
ARR 5000581f (sz=72, trace=300615, nelems=0, elem type=char[])
OBJ 50005820 (sz=24, trace=300616, class=java.lang.String@50000165)
OBJ 50005821 (sz=16, trace=300048, class=java.lang.Object@50000169)
OBJ 50005822 (sz=16, trace=300051, class=java.lang.Object@50000169)
ARR 50005823 (sz=56, trace=300237, nelems=0, elem type=java.lang.Object[]@500000ff)
OBJ 50005824 (sz=24, trace=300613, class=java.lang.String@50000165)
ARR 50005825 (sz=72, trace=300614, nelems=0, elem type=char[])
ARR 50005826 (sz=72, trace=300615, nelems=0, elem type=char[])
OBJ 50005827 (sz=24, trace=300616, class=java.lang.String@50000165)
OBJ 50005828 (sz=16, trace=300048, class=java.lang.Object@50000169)
OBJ 50005829 (sz=16, trace=300051, class=java.lang.Object@50000169)
OBJ 5000582a (sz=24, trace=300613, class=java.lang.String@50000165)
ARR 5000582b (sz=48, trace=300614, nelems=0, elem type=char[])
ARR 5000582c (sz=48, trace=300615, nelems=0, elem type=char[])
OBJ 5000582d (sz=24, trace=300616, class=java.lang.String@50000165)
OBJ 5000582e (sz=16, trace=300048, class=java.lang.Object@50000169)
OBJ 5000582f (sz=24, trace=300613, class=java.lang.String@50000165)
ARR 50005830 (sz=48, trace=300614, nelems=0, elem type=char[])
ARR 50005831 (sz=48, trace=300615, nelems=0, elem type=char[])
OBJ 50005832 (sz=24, trace=300616, class=java.lang.String@50000165)
OBJ 50005833 (sz=16, trace=300048, class=java.lang.Object@50000169)
OBJ 50005834 (sz=24, trace=300613, class=java.lang.String@50000165)
ARR 50005835 (sz=48, trace=300614, nelems=0, elem type=char[])
ARR 50005836 (sz=48, trace=300615, nelems=0, elem type=char[])
OBJ 50005837 (sz=24, trace=300616, class=java.lang.String@50000165)
OBJ 50005838 (sz=16, trace=300048, class=java.lang.Object@50000169)
OBJ 50005839 (sz=24, trace=300613, class=java.lang.String@50000165)
ARR 5000583a (sz=48, trace=300614, nelems=0, elem type=char[])
ARR 5000583b (sz=48, trace=300615, nelems=0, elem type=char[])
OBJ 5000583c (sz=24, trace=300616, class=java.lang.String@50000165)
OBJ 5000583d (sz=16, trace=300048, class=java.lang.Object@50000169)
OBJ 5000583e (sz=24, trace=300617, class=java.lang.String@50000165)
ARR 5000583f (sz=88, trace=300614, nelems=0, elem type=char[])
ARR 50005840 (sz=88, trace=300618, nelems=0, elem type=char[])
OBJ 50005841 (sz=24, trace=300619, class=java.lang.String@50000165)
OBJ 50005842 (sz=16, trace=300048, class=java.lang.Object@50000169)
OBJ 50005843 (sz=16, trace=300051, class=java.lang.Object@50000169)
OBJ 50005844 (sz=40, trace=300620, class=java.lang.invoke.MethodType@50000121)
OBJ 50005845 (sz=32, trace=300443, class=java.lang.invoke.MethodType$ConcurrentWeakInternSet$WeakEntry@50000b5f)
OBJ 50005846 (sz=40, trace=300621, class=java.lang.invoke.MethodType@50000121)
	rtype		50001093
	ptypes		50006e86
	form		50000b65
OBJ 50005847 (sz=40, trace=300445, class=java.lang.invoke.MethodType@50000121)
OBJ 50005848 (sz=32, trace=300443, class=java.lang.invoke.MethodType$ConcurrentWeakInternSet$WeakEntry@50000b5f)
OBJ 50005849 (sz=32, trace=300452, class=java.lang.invoke.MethodType$ConcurrentWeakInternSet$WeakEntry@50000b5f)
	referent	50005846
	queue		50000b52
OBJ 5000584a (sz=32, trace=300454, class=java.util.concurrent.ConcurrentHashMap$Node@50000021)
	key		50005849
	val		50005849
OBJ 5000584b (sz=56, trace=300622, class=java.lang.invoke.MemberName@50000124)
OBJ 5000584c (sz=32, trace=300865, class=java.lang.invoke.DirectMethodHandle@50000125)
	type		50005846
	form		50002089
	member		50006e85
ARR 5000584d (sz=32, trace=301432, nelems=4, elem type=java.lang.invoke.MethodHandle[]@5000018c)
	[0]		5000585d
	[1]		50005868
	[2]		50005873
	[3]		5000587e
OBJ 5000584e (sz=24, trace=300866, class=java.lang.StringBuilder@50000118)
ARR 5000584f (sz=48, trace=300867, nelems=0, elem type=char[])
OBJ 50005850 (sz=24, trace=300868, class=java.lang.String@50000165)
ARR 50005851 (sz=32, trace=300869, nelems=0, elem type=char[])
OBJ 50005852 (sz=56, trace=300870, class=java.lang.invoke.MemberName@50000124)
OBJ 50005853 (sz=40, trace=300872, class=java.lang.invoke.MethodType@50000121)
OBJ 50005854 (sz=32, trace=300443, class=java.lang.invoke.MethodType$ConcurrentWeakInternSet$WeakEntry@50000b5f)
ARR 50005855 (sz=24, trace=300873, nelems=0, elem type=java.lang.Class[]@500000fa)
OBJ 50005856 (sz=40, trace=300857, class=java.lang.invoke.MethodType@50000121)
OBJ 50005857 (sz=32, trace=300443, class=java.lang.invoke.MethodType$ConcurrentWeakInternSet$WeakEntry@50000b5f)
OBJ 50005858 (sz=40, trace=300858, class=java.lang.invoke.MethodType@50000121)
	rtype		50000169
	ptypes		50006e8c
	form		50000fab
OBJ 50005859 (sz=40, trace=300445, class=java.lang.invoke.MethodType@50000121)
OBJ 5000585a (sz=32, trace=300443, class=java.lang.invoke.MethodType$ConcurrentWeakInternSet$WeakEntry@50000b5f)
OBJ 5000585b (sz=32, trace=300452, class=java.lang.invoke.MethodType$ConcurrentWeakInternSet$WeakEntry@50000b5f)
	referent	50005858
	queue		50000b52
OBJ 5000585c (sz=32, trace=300454, class=java.util.concurrent.ConcurrentHashMap$Node@50000021)
	key		5000585b
	val		5000585b
OBJ 5000585d (sz=40, trace=300934, class=java.lang.invoke.DirectMethodHandle$Accessor@50001758)
	type		50005858
	form		500016a4
	member		50006e91
	fieldType	50000169
OBJ 5000585e (sz=24, trace=300866, class=java.lang.StringBuilder@50000118)
ARR 5000585f (sz=48, trace=300867, nelems=0, elem type=char[])
OBJ 50005860 (sz=24, trace=300868, class=java.lang.String@50000165)
ARR 50005861 (sz=32, trace=300869, nelems=0, elem type=char[])
OBJ 50005862 (sz=56, trace=300870, class=java.lang.invoke.MemberName@50000124)
OBJ 50005863 (sz=40, trace=300872, class=java.lang.invoke.MethodType@50000121)
OBJ 50005864 (sz=32, trace=300443, class=java.lang.invoke.MethodType$ConcurrentWeakInternSet$WeakEntry@50000b5f)
ARR 50005865 (sz=24, trace=300873, nelems=0, elem type=java.lang.Class[]@500000fa)
OBJ 50005866 (sz=40, trace=300857, class=java.lang.invoke.MethodType@50000121)
OBJ 50005867 (sz=32, trace=300443, class=java.lang.invoke.MethodType$ConcurrentWeakInternSet$WeakEntry@50000b5f)
OBJ 50005868 (sz=40, trace=300934, class=java.lang.invoke.DirectMethodHandle$Accessor@50001758)
	type		50005858
	form		500016a4
	member		50006e90
	fieldType	50000169
OBJ 50005869 (sz=24, trace=300866, class=java.lang.StringBuilder@50000118)
ARR 5000586a (sz=48, trace=300867, nelems=0, elem type=char[])
OBJ 5000586b (sz=24, trace=300868, class=java.lang.String@50000165)
ARR 5000586c (sz=32, trace=300869, nelems=0, elem type=char[])
OBJ 5000586d (sz=56, trace=300870, class=java.lang.invoke.MemberName@50000124)
OBJ 5000586e (sz=40, trace=300872, class=java.lang.invoke.MethodType@50000121)
OBJ 5000586f (sz=32, trace=300443, class=java.lang.invoke.MethodType$ConcurrentWeakInternSet$WeakEntry@50000b5f)
ARR 50005870 (sz=24, trace=300873, nelems=0, elem type=java.lang.Class[]@500000fa)
OBJ 50005871 (sz=40, trace=300857, class=java.lang.invoke.MethodType@50000121)
OBJ 50005872 (sz=32, trace=300443, class=java.lang.invoke.MethodType$ConcurrentWeakInternSet$WeakEntry@50000b5f)
OBJ 50005873 (sz=40, trace=300934, class=java.lang.invoke.DirectMethodHandle$Accessor@50001758)
	type		50005858
	form		500016a4
	member		50006e8d
	fieldType	50000169
OBJ 50005874 (sz=24, trace=300866, class=java.lang.StringBuilder@50000118)
ARR 50005875 (sz=48, trace=300867, nelems=0, elem type=char[])
OBJ 50005876 (sz=24, trace=300868, class=java.lang.String@50000165)
	value		50005877
ARR 50005877 (sz=10, trace=300869, nelems=5, elem type=char[])
OBJ 50005878 (sz=56, trace=300870, class=java.lang.invoke.MemberName@50000124)
OBJ 50005879 (sz=40, trace=300872, class=java.lang.invoke.MethodType@50000121)
OBJ 5000587a (sz=32, trace=300443, class=java.lang.invoke.MethodType$ConcurrentWeakInternSet$WeakEntry@50000b5f)
ARR 5000587b (sz=24, trace=300873, nelems=0, elem type=java.lang.Class[]@500000fa)
OBJ 5000587c (sz=40, trace=300857, class=java.lang.invoke.MethodType@50000121)
OBJ 5000587d (sz=32, trace=300443, class=java.lang.invoke.MethodType$ConcurrentWeakInternSet$WeakEntry@50000b5f)
OBJ 5000587e (sz=40, trace=300934, class=java.lang.invoke.DirectMethodHandle$Accessor@50001758)
	type		50005858
	form		500016a4
	member		50006e8b
	fieldType	50000169
ARR 5000587f (sz=32, trace=301433, nelems=4, elem type=java.lang.invoke.LambdaForm$NamedFunction[]@50000f9a)
	[0]		50005880
	[1]		50005881
	[2]		50005882
	[3]		50005883
OBJ 50005880 (sz=24, trace=301434, class=java.lang.invoke.LambdaForm$NamedFunction@50000f99)
	member		50006e91
	resolvedHandle	5000585d
OBJ 50005881 (sz=24, trace=301434, class=java.lang.invoke.LambdaForm$NamedFunction@50000f99)
	member		50006e90
	resolvedHandle	50005868
OBJ 50005882 (sz=24, trace=301434, class=java.lang.invoke.LambdaForm$NamedFunction@50000f99)
	member		50006e8d
	resolvedHandle	50005873
OBJ 50005883 (sz=24, trace=301434, class=java.lang.invoke.LambdaForm$NamedFunction@50000f99)
	member		50006e8b
	resolvedHandle	5000587e
ARR 50005884 (sz=40, trace=301485, nelems=0, elem type=java.lang.invoke.BoundMethodHandle$SpeciesData[]@5000109b)
OBJ 50005885 (sz=56, trace=300039, class=java.lang.Class$ReflectionData@500000a8)
OBJ 50005886 (sz=40, trace=300040, class=java.lang.ref.SoftReference@50000149)
OBJ 50005887 (sz=72, trace=300041, class=java.lang.reflect.Field@50000138)
OBJ 50005888 (sz=32, trace=301447, class=sun.reflect.UnsafeStaticObjectFieldAccessorImpl@50004e26)
OBJ 50005889 (sz=32, trace=301486, class=java.util.concurrent.ConcurrentHashMap$Node@50000021)
	key		500054a5
	val		50005811
ARR 5000588a (sz=24, trace=301465, nelems=0, elem type=java.lang.Object[]@500000ff)
ARR 5000588b (sz=24, trace=301466, nelems=0, elem type=java.lang.Object[]@500000ff)
OBJ 5000588c (sz=32, trace=301467, class=java.lang.invoke.LambdaForm$Name@50000f62)
ARR 5000588d (sz=24, trace=301466, nelems=0, elem type=java.lang.Object[]@500000ff)
OBJ 5000588e (sz=32, trace=301467, class=java.lang.invoke.LambdaForm$Name@50000f62)
ARR 5000588f (sz=24, trace=301466, nelems=0, elem type=java.lang.Object[]@500000ff)
OBJ 50005890 (sz=32, trace=301467, class=java.lang.invoke.LambdaForm$Name@50000f62)
OBJ 50005891 (sz=32, trace=301468, class=java.lang.invoke.LambdaForm$Name@50000f62)
	type		50000f5a
	constraint	50005811
ARR 50005892 (sz=24, trace=301469, nelems=0, elem type=java.lang.Object[]@500000ff)
ARR 50005893 (sz=24, trace=301470, nelems=1, elem type=java.lang.Object[]@500000ff)
	[0]		50005891
OBJ 50005894 (sz=32, trace=301471, class=java.lang.invoke.LambdaForm$Name@50000f62)
	type		50000f5a
	function	50005883
	arguments	50005893
ARR 50005895 (sz=24, trace=301472, nelems=0, elem type=java.lang.Object[]@500000ff)
ARR 50005896 (sz=24, trace=301473, nelems=0, elem type=java.lang.invoke.LambdaForm$Name[]@50000fce)
OBJ 50005897 (sz=24, trace=300685, class=java.util.Arrays$ArrayList@5000115f)
OBJ 50005898 (sz=24, trace=300686, class=java.util.Collections$UnmodifiableRandomAccessList@500000ca)
ARR 50005899 (sz=24, trace=301474, nelems=0, elem type=java.lang.invoke.LambdaForm$BasicType[]@50000f60)
OBJ 5000589a (sz=32, trace=301475, class=java.lang.invoke.LambdaForm$Name@50000f62)
OBJ 5000589b (sz=24, trace=301476, class=java.lang.invoke.LambdaForm$NamedFunction@50000f99)
	member		50006e25
	resolvedHandle	500024ba
ARR 5000589c (sz=24, trace=301477, nelems=2, elem type=java.lang.Object[]@500000ff)
	[0]		50005894
	[1]		50000f6b
OBJ 5000589d (sz=32, trace=301478, class=java.lang.invoke.LambdaForm$Name@50000f62)
	type		50000f5a
	function	5000589b
	arguments	5000589c
OBJ 5000589e (sz=24, trace=301194, class=java.util.ArrayList@500000d4)
ARR 5000589f (sz=56, trace=300237, nelems=0, elem type=java.lang.Object[]@500000ff)
ARR 500058a0 (sz=24, trace=301195, nelems=1, elem type=java.lang.Object[]@500000ff)
	[0]		50005891
OBJ 500058a1 (sz=32, trace=301196, class=java.lang.invoke.LambdaForm$Name@50000f62)
	type		50000f5a
	function	50005882
	arguments	500058a0
ARR 500058a2 (sz=24, trace=301195, nelems=2, elem type=java.lang.Object[]@500000ff)
	[0]		500058a1
	[1]		50000f6a
OBJ 500058a3 (sz=32, trace=301196, class=java.lang.invoke.LambdaForm$Name@50000f62)
	type		50000f5a
	function	5000538e
	arguments	500058a2
ARR 500058a4 (sz=24, trace=301195, nelems=1, elem type=java.lang.Object[]@500000ff)
	[0]		50005891
OBJ 500058a5 (sz=32, trace=301196, class=java.lang.invoke.LambdaForm$Name@50000f62)
	type		50000f5a
	function	50005881
	arguments	500058a4
ARR 500058a6 (sz=24, trace=301195, nelems=2, elem type=java.lang.Object[]@500000ff)
	[0]		500058a5
	[1]		50000f69
OBJ 500058a7 (sz=32, trace=301196, class=java.lang.invoke.LambdaForm$Name@50000f62)
	type		50000f5a
	function	50004efe
	arguments	500058a6
ARR 500058a8 (sz=24, trace=301195, nelems=1, elem type=java.lang.Object[]@500000ff)
	[0]		50005891
OBJ 500058a9 (sz=32, trace=301196, class=java.lang.invoke.LambdaForm$Name@50000f62)
	type		50000f5a
	function	50005880
	arguments	500058a8
ARR 500058aa (sz=48, trace=301195, nelems=7, elem type=java.lang.Object[]@500000ff)
	[0]		500058a9
	[1]		50000f66
	[2]		50000f67
	[3]		50000f68
	[4]		500058a7
	[5]		500058a3
	[6]		5000589d
OBJ 500058ab (sz=32, trace=301196, class=java.lang.invoke.LambdaForm$Name@50000f62)
	type		50000f5a
	function	50004a24
	arguments	500058aa
OBJ 500058ac (sz=32, trace=301197, class=java.util.ArrayList$Itr@50001c93)
ARR 500058ad (sz=48, trace=301479, nelems=0, elem type=java.lang.invoke.LambdaForm$Name[]@50000fce)
OBJ 500058ae (sz=48, trace=301199, class=java.lang.invoke.LambdaForm@50000122)
	names		50006f8c
	debugName	50006e2f
	vmentry		50006f8b
OBJ 500058af (sz=56, trace=301187, class=java.lang.invoke.LambdaFormEditor$Transform@500043f9)
	referent	500058ae
	queue		50006b4d
OBJ 500058b0 (sz=48, trace=301490, class=java.lang.invoke.BoundMethodHandle$Species_L4@5000580f)
	type		5000494c
	form		500058ae
	argL0		50002169
	argL1		50004e47
	argL2		50004fe8
	argL3		5000549c
OBJ 500058b1 (sz=24, trace=300696, class=java.lang.StringBuilder@50000118)
ARR 500058b2 (sz=40, trace=300697, nelems=0, elem type=char[])
OBJ 500058b3 (sz=24, trace=300698, class=java.lang.String@50000165)
ARR 500058b4 (sz=40, trace=300699, nelems=0, elem type=char[])
ARR 500058b5 (sz=48, trace=300938, nelems=0, elem type=java.lang.Class[]@500000fa)
OBJ 500058b6 (sz=40, trace=300701, class=java.lang.invoke.MethodType@50000121)
OBJ 500058b7 (sz=32, trace=300443, class=java.lang.invoke.MethodType$ConcurrentWeakInternSet$WeakEntry@50000b5f)
OBJ 500058b8 (sz=64, trace=300704, class=java.lang.invoke.InvokerBytecodeGenerator@50001172)
OBJ 500058b9 (sz=48, trace=300705, class=java.util.HashMap@500000bd)
OBJ 500058ba (sz=24, trace=300706, class=java.lang.String@50000165)
ARR 500058bb (sz=24, trace=300707, nelems=0, elem type=char[])
OBJ 500058bc (sz=24, trace=300708, class=java.lang.String@50000165)
	value		500058bd
ARR 500058bd (sz=16, trace=300709, nelems=8, elem type=char[])
OBJ 500058be (sz=24, trace=300710, class=java.lang.StringBuilder@50000118)
ARR 500058bf (sz=48, trace=300711, nelems=0, elem type=char[])
ARR 500058c0 (sz=88, trace=300010, nelems=0, elem type=char[])
OBJ 500058c1 (sz=24, trace=300712, class=java.lang.String@50000165)
ARR 500058c2 (sz=80, trace=300713, nelems=0, elem type=char[])
OBJ 500058c3 (sz=24, trace=300714, class=java.lang.StringBuilder@50000118)
ARR 500058c4 (sz=48, trace=300715, nelems=0, elem type=char[])
OBJ 500058c5 (sz=24, trace=300716, class=java.lang.String@50000165)
ARR 500058c6 (sz=48, trace=300717, nelems=0, elem type=char[])
ARR 500058c7 (sz=80, trace=300718, nelems=0, elem type=int[])
ARR 500058c8 (sz=80, trace=300719, nelems=0, elem type=java.lang.invoke.LambdaForm$BasicType[]@50000f60)
ARR 500058c9 (sz=80, trace=300720, nelems=0, elem type=java.lang.Class[]@500000fa)
OBJ 500058ca (sz=168, trace=300723, class=jdk.internal.org.objectweb.asm.ClassWriter@50001187)
OBJ 500058cb (sz=24, trace=300725, class=jdk.internal.org.objectweb.asm.ByteVector@5000118a)
ARR 500058cc (sz=80, trace=300726, nelems=0, elem type=byte[])
ARR 500058cd (sz=1040, trace=300728, nelems=0, elem type=jdk.internal.org.objectweb.asm.Item[]@5000118e)
OBJ 500058ce (sz=56, trace=300729, class=jdk.internal.org.objectweb.asm.Item@5000118d)
OBJ 500058cf (sz=56, trace=300730, class=jdk.internal.org.objectweb.asm.Item@5000118d)
OBJ 500058d0 (sz=56, trace=300731, class=jdk.internal.org.objectweb.asm.Item@5000118d)
OBJ 500058d1 (sz=56, trace=300732, class=jdk.internal.org.objectweb.asm.Item@5000118d)
OBJ 500058d2 (sz=56, trace=300733, class=jdk.internal.org.objectweb.asm.Item@5000118d)
OBJ 500058d3 (sz=56, trace=300734, class=jdk.internal.org.objectweb.asm.Item@5000118d)
OBJ 500058d4 (sz=56, trace=300733, class=jdk.internal.org.objectweb.asm.Item@5000118d)
OBJ 500058d5 (sz=56, trace=300735, class=jdk.internal.org.objectweb.asm.Item@5000118d)
ARR 500058d6 (sz=144, trace=300736, nelems=0, elem type=byte[])
OBJ 500058d7 (sz=56, trace=300737, class=jdk.internal.org.objectweb.asm.Item@5000118d)
OBJ 500058d8 (sz=224, trace=300748, class=jdk.internal.org.objectweb.asm.MethodWriter@500011ab)
OBJ 500058d9 (sz=24, trace=300749, class=jdk.internal.org.objectweb.asm.ByteVector@5000118a)
ARR 500058da (sz=80, trace=300750, nelems=0, elem type=byte[])
OBJ 500058db (sz=56, trace=300751, class=jdk.internal.org.objectweb.asm.Item@5000118d)
ARR 500058dc (sz=272, trace=300752, nelems=0, elem type=byte[])
OBJ 500058dd (sz=56, trace=300753, class=jdk.internal.org.objectweb.asm.Item@5000118d)
OBJ 500058de (sz=64, trace=300765, class=jdk.internal.org.objectweb.asm.Label@500011bc)
OBJ 500058df (sz=48, trace=300768, class=jdk.internal.org.objectweb.asm.Frame@500011be)
OBJ 500058e0 (sz=24, trace=300769, class=jdk.internal.org.objectweb.asm.ByteVector@5000118a)
ARR 500058e1 (sz=80, trace=300770, nelems=0, elem type=byte[])
ARR 500058e2 (sz=528, trace=300779, nelems=0, elem type=byte[])
OBJ 500058e3 (sz=56, trace=300771, class=jdk.internal.org.objectweb.asm.Item@5000118d)
OBJ 500058e4 (sz=56, trace=300773, class=jdk.internal.org.objectweb.asm.AnnotationWriter@500011c5)
OBJ 500058e5 (sz=24, trace=300774, class=jdk.internal.org.objectweb.asm.ByteVector@5000118a)
ARR 500058e6 (sz=80, trace=300775, nelems=0, elem type=byte[])
OBJ 500058e7 (sz=56, trace=300776, class=jdk.internal.org.objectweb.asm.Item@5000118d)
OBJ 500058e8 (sz=56, trace=300773, class=jdk.internal.org.objectweb.asm.AnnotationWriter@500011c5)
OBJ 500058e9 (sz=24, trace=300777, class=jdk.internal.org.objectweb.asm.ByteVector@5000118a)
ARR 500058ea (sz=80, trace=300778, nelems=0, elem type=byte[])
OBJ 500058eb (sz=56, trace=300780, class=jdk.internal.org.objectweb.asm.Item@5000118d)
OBJ 500058ec (sz=56, trace=300773, class=jdk.internal.org.objectweb.asm.AnnotationWriter@500011c5)
OBJ 500058ed (sz=24, trace=300795, class=java.lang.String@50000165)
ARR 500058ee (sz=72, trace=300462, nelems=0, elem type=char[])
OBJ 500058ef (sz=40, trace=300872, class=java.lang.invoke.MethodType@50000121)
OBJ 500058f0 (sz=32, trace=300443, class=java.lang.invoke.MethodType$ConcurrentWeakInternSet$WeakEntry@50000b5f)
ARR 500058f1 (sz=112, trace=300796, nelems=0, elem type=char[])
OBJ 500058f2 (sz=24, trace=300797, class=java.lang.String@50000165)
ARR 500058f3 (sz=56, trace=300798, nelems=0, elem type=int[])
ARR 500058f4 (sz=112, trace=300811, nelems=0, elem type=char[])
OBJ 500058f5 (sz=24, trace=300812, class=java.lang.String@50000165)
OBJ 500058f6 (sz=56, trace=300813, class=jdk.internal.org.objectweb.asm.Item@5000118d)
OBJ 500058f7 (sz=56, trace=300814, class=jdk.internal.org.objectweb.asm.Item@5000118d)
OBJ 500058f8 (sz=56, trace=300815, class=jdk.internal.org.objectweb.asm.Item@5000118d)
ARR 500058f9 (sz=80, trace=301072, nelems=0, elem type=jdk.internal.org.objectweb.asm.Item[]@5000118e)
ARR 500058fa (sz=56, trace=300809, nelems=0, elem type=int[])
OBJ 500058fb (sz=24, trace=301082, class=java.lang.StringBuilder@50000118)
ARR 500058fc (sz=48, trace=301083, nelems=0, elem type=char[])
ARR 500058fd (sz=48, trace=301084, nelems=0, elem type=char[])
OBJ 500058fe (sz=24, trace=301085, class=java.lang.String@50000165)
ARR 500058ff (sz=88, trace=300010, nelems=0, elem type=char[])
OBJ 50005900 (sz=24, trace=301086, class=java.lang.String@50000165)
ARR 50005901 (sz=56, trace=301087, nelems=0, elem type=char[])
OBJ 50005902 (sz=56, trace=300801, class=jdk.internal.org.objectweb.asm.Item@5000118d)
OBJ 50005903 (sz=56, trace=300802, class=jdk.internal.org.objectweb.asm.Item@5000118d)
OBJ 50005904 (sz=56, trace=301088, class=jdk.internal.org.objectweb.asm.Item@5000118d)
OBJ 50005905 (sz=56, trace=301089, class=jdk.internal.org.objectweb.asm.Item@5000118d)
OBJ 50005906 (sz=24, trace=300805, class=java.lang.String@50000165)
ARR 50005907 (sz=48, trace=300806, nelems=0, elem type=char[])
OBJ 50005908 (sz=56, trace=300807, class=jdk.internal.org.objectweb.asm.Item@5000118d)
OBJ 50005909 (sz=40, trace=300872, class=java.lang.invoke.MethodType@50000121)
OBJ 5000590a (sz=32, trace=300443, class=java.lang.invoke.MethodType$ConcurrentWeakInternSet$WeakEntry@50000b5f)
ARR 5000590b (sz=24, trace=300931, nelems=0, elem type=java.lang.Class[]@500000fa)
OBJ 5000590c (sz=40, trace=300860, class=java.lang.invoke.MethodType@50000121)
OBJ 5000590d (sz=32, trace=300443, class=java.lang.invoke.MethodType$ConcurrentWeakInternSet$WeakEntry@50000b5f)
OBJ 5000590e (sz=24, trace=300795, class=java.lang.String@50000165)
ARR 5000590f (sz=40, trace=300462, nelems=0, elem type=char[])
OBJ 50005910 (sz=56, trace=300813, class=jdk.internal.org.objectweb.asm.Item@5000118d)
OBJ 50005911 (sz=56, trace=300814, class=jdk.internal.org.objectweb.asm.Item@5000118d)
OBJ 50005912 (sz=56, trace=300815, class=jdk.internal.org.objectweb.asm.Item@5000118d)
OBJ 50005913 (sz=56, trace=300801, class=jdk.internal.org.objectweb.asm.Item@5000118d)
ARR 50005914 (sz=1040, trace=300816, nelems=0, elem type=byte[])
OBJ 50005915 (sz=56, trace=300802, class=jdk.internal.org.objectweb.asm.Item@5000118d)
OBJ 50005916 (sz=56, trace=300803, class=jdk.internal.org.objectweb.asm.Item@5000118d)
OBJ 50005917 (sz=56, trace=300804, class=jdk.internal.org.objectweb.asm.Item@5000118d)
OBJ 50005918 (sz=24, trace=300805, class=java.lang.String@50000165)
ARR 50005919 (sz=48, trace=300806, nelems=0, elem type=char[])
ARR 5000591a (sz=24, trace=300931, nelems=0, elem type=java.lang.Class[]@500000fa)
OBJ 5000591b (sz=40, trace=300860, class=java.lang.invoke.MethodType@50000121)
OBJ 5000591c (sz=32, trace=300443, class=java.lang.invoke.MethodType$ConcurrentWeakInternSet$WeakEntry@50000b5f)
OBJ 5000591d (sz=24, trace=300795, class=java.lang.String@50000165)
ARR 5000591e (sz=72, trace=300462, nelems=0, elem type=char[])
OBJ 5000591f (sz=40, trace=300872, class=java.lang.invoke.MethodType@50000121)
OBJ 50005920 (sz=32, trace=300443, class=java.lang.invoke.MethodType$ConcurrentWeakInternSet$WeakEntry@50000b5f)
ARR 50005921 (sz=112, trace=300796, nelems=0, elem type=char[])
OBJ 50005922 (sz=24, trace=300797, class=java.lang.String@50000165)
OBJ 50005923 (sz=24, trace=301082, class=java.lang.StringBuilder@50000118)
ARR 50005924 (sz=48, trace=301083, nelems=0, elem type=char[])
ARR 50005925 (sz=48, trace=301084, nelems=0, elem type=char[])
OBJ 50005926 (sz=24, trace=301085, class=java.lang.String@50000165)
ARR 50005927 (sz=88, trace=300010, nelems=0, elem type=char[])
OBJ 50005928 (sz=24, trace=301086, class=java.lang.String@50000165)
ARR 50005929 (sz=56, trace=301087, nelems=0, elem type=char[])
OBJ 5000592a (sz=56, trace=300801, class=jdk.internal.org.objectweb.asm.Item@5000118d)
OBJ 5000592b (sz=56, trace=301088, class=jdk.internal.org.objectweb.asm.Item@5000118d)
OBJ 5000592c (sz=56, trace=301089, class=jdk.internal.org.objectweb.asm.Item@5000118d)
OBJ 5000592d (sz=24, trace=300805, class=java.lang.String@50000165)
ARR 5000592e (sz=48, trace=300806, nelems=0, elem type=char[])
OBJ 5000592f (sz=40, trace=300872, class=java.lang.invoke.MethodType@50000121)
OBJ 50005930 (sz=32, trace=300443, class=java.lang.invoke.MethodType$ConcurrentWeakInternSet$WeakEntry@50000b5f)
ARR 50005931 (sz=24, trace=300931, nelems=0, elem type=java.lang.Class[]@500000fa)
OBJ 50005932 (sz=40, trace=300860, class=java.lang.invoke.MethodType@50000121)
OBJ 50005933 (sz=32, trace=300443, class=java.lang.invoke.MethodType$ConcurrentWeakInternSet$WeakEntry@50000b5f)
OBJ 50005934 (sz=24, trace=300795, class=java.lang.String@50000165)
ARR 50005935 (sz=40, trace=300462, nelems=0, elem type=char[])
OBJ 50005936 (sz=24, trace=300805, class=java.lang.String@50000165)
ARR 50005937 (sz=48, trace=300806, nelems=0, elem type=char[])
ARR 50005938 (sz=24, trace=300931, nelems=0, elem type=java.lang.Class[]@500000fa)
OBJ 50005939 (sz=40, trace=300860, class=java.lang.invoke.MethodType@50000121)
OBJ 5000593a (sz=32, trace=300443, class=java.lang.invoke.MethodType$ConcurrentWeakInternSet$WeakEntry@50000b5f)
ARR 5000593b (sz=96, trace=301102, nelems=0, elem type=int[])
OBJ 5000593c (sz=24, trace=300795, class=java.lang.String@50000165)
ARR 5000593d (sz=72, trace=300462, nelems=0, elem type=char[])
OBJ 5000593e (sz=40, trace=300872, class=java.lang.invoke.MethodType@50000121)
OBJ 5000593f (sz=32, trace=300443, class=java.lang.invoke.MethodType$ConcurrentWeakInternSet$WeakEntry@50000b5f)
ARR 50005940 (sz=112, trace=300796, nelems=0, elem type=char[])
OBJ 50005941 (sz=24, trace=300797, class=java.lang.String@50000165)
OBJ 50005942 (sz=24, trace=301082, class=java.lang.StringBuilder@50000118)
ARR 50005943 (sz=48, trace=301083, nelems=0, elem type=char[])
ARR 50005944 (sz=48, trace=301084, nelems=0, elem type=char[])
OBJ 50005945 (sz=24, trace=301085, class=java.lang.String@50000165)
ARR 50005946 (sz=88, trace=300010, nelems=0, elem type=char[])
OBJ 50005947 (sz=24, trace=301086, class=java.lang.String@50000165)
ARR 50005948 (sz=56, trace=301087, nelems=0, elem type=char[])
OBJ 50005949 (sz=56, trace=300801, class=jdk.internal.org.objectweb.asm.Item@5000118d)
OBJ 5000594a (sz=56, trace=301088, class=jdk.internal.org.objectweb.asm.Item@5000118d)
OBJ 5000594b (sz=56, trace=301089, class=jdk.internal.org.objectweb.asm.Item@5000118d)
OBJ 5000594c (sz=24, trace=300805, class=java.lang.String@50000165)
ARR 5000594d (sz=48, trace=300806, nelems=0, elem type=char[])
OBJ 5000594e (sz=40, trace=300872, class=java.lang.invoke.MethodType@50000121)
OBJ 5000594f (sz=32, trace=300443, class=java.lang.invoke.MethodType$ConcurrentWeakInternSet$WeakEntry@50000b5f)
ARR 50005950 (sz=24, trace=300931, nelems=0, elem type=java.lang.Class[]@500000fa)
OBJ 50005951 (sz=40, trace=300860, class=java.lang.invoke.MethodType@50000121)
OBJ 50005952 (sz=32, trace=300443, class=java.lang.invoke.MethodType$ConcurrentWeakInternSet$WeakEntry@50000b5f)
OBJ 50005953 (sz=24, trace=300795, class=java.lang.String@50000165)
ARR 50005954 (sz=40, trace=300462, nelems=0, elem type=char[])
OBJ 50005955 (sz=24, trace=300805, class=java.lang.String@50000165)
ARR 50005956 (sz=48, trace=300806, nelems=0, elem type=char[])
ARR 50005957 (sz=24, trace=300931, nelems=0, elem type=java.lang.Class[]@500000fa)
OBJ 50005958 (sz=40, trace=300860, class=java.lang.invoke.MethodType@50000121)
OBJ 50005959 (sz=32, trace=300443, class=java.lang.invoke.MethodType$ConcurrentWeakInternSet$WeakEntry@50000b5f)
OBJ 5000595a (sz=24, trace=300795, class=java.lang.String@50000165)
ARR 5000595b (sz=72, trace=300462, nelems=0, elem type=char[])
OBJ 5000595c (sz=40, trace=300872, class=java.lang.invoke.MethodType@50000121)
OBJ 5000595d (sz=32, trace=300443, class=java.lang.invoke.MethodType$ConcurrentWeakInternSet$WeakEntry@50000b5f)
ARR 5000595e (sz=112, trace=300796, nelems=0, elem type=char[])
OBJ 5000595f (sz=24, trace=300797, class=java.lang.String@50000165)
OBJ 50005960 (sz=24, trace=301082, class=java.lang.StringBuilder@50000118)
ARR 50005961 (sz=48, trace=301083, nelems=0, elem type=char[])
ARR 50005962 (sz=48, trace=301084, nelems=0, elem type=char[])
OBJ 50005963 (sz=24, trace=301085, class=java.lang.String@50000165)
ARR 50005964 (sz=88, trace=300010, nelems=0, elem type=char[])
OBJ 50005965 (sz=24, trace=301086, class=java.lang.String@50000165)
ARR 50005966 (sz=56, trace=301087, nelems=0, elem type=char[])
OBJ 50005967 (sz=56, trace=300801, class=jdk.internal.org.objectweb.asm.Item@5000118d)
OBJ 50005968 (sz=56, trace=301088, class=jdk.internal.org.objectweb.asm.Item@5000118d)
OBJ 50005969 (sz=56, trace=301089, class=jdk.internal.org.objectweb.asm.Item@5000118d)
OBJ 5000596a (sz=24, trace=300805, class=java.lang.String@50000165)
ARR 5000596b (sz=48, trace=300806, nelems=0, elem type=char[])
OBJ 5000596c (sz=40, trace=300872, class=java.lang.invoke.MethodType@50000121)
OBJ 5000596d (sz=32, trace=300443, class=java.lang.invoke.MethodType$ConcurrentWeakInternSet$WeakEntry@50000b5f)
ARR 5000596e (sz=24, trace=300931, nelems=0, elem type=java.lang.Class[]@500000fa)
OBJ 5000596f (sz=40, trace=300860, class=java.lang.invoke.MethodType@50000121)
OBJ 50005970 (sz=32, trace=300443, class=java.lang.invoke.MethodType$ConcurrentWeakInternSet$WeakEntry@50000b5f)
ARR 50005971 (sz=144, trace=301491, nelems=0, elem type=byte[])
OBJ 50005972 (sz=24, trace=300795, class=java.lang.String@50000165)
ARR 50005973 (sz=40, trace=300462, nelems=0, elem type=char[])
OBJ 50005974 (sz=56, trace=300802, class=jdk.internal.org.objectweb.asm.Item@5000118d)
OBJ 50005975 (sz=56, trace=300803, class=jdk.internal.org.objectweb.asm.Item@5000118d)
OBJ 50005976 (sz=56, trace=300804, class=jdk.internal.org.objectweb.asm.Item@5000118d)
OBJ 50005977 (sz=24, trace=300805, class=java.lang.String@50000165)
ARR 50005978 (sz=48, trace=300806, nelems=0, elem type=char[])
ARR 50005979 (sz=24, trace=300931, nelems=0, elem type=java.lang.Class[]@500000fa)
OBJ 5000597a (sz=40, trace=300860, class=java.lang.invoke.MethodType@50000121)
OBJ 5000597b (sz=32, trace=300443, class=java.lang.invoke.MethodType$ConcurrentWeakInternSet$WeakEntry@50000b5f)
OBJ 5000597c (sz=64, trace=300817, class=jdk.internal.org.objectweb.asm.Label@500011bc)
OBJ 5000597d (sz=48, trace=300818, class=jdk.internal.org.objectweb.asm.Frame@500011be)
ARR 5000597e (sz=312, trace=300819, nelems=0, elem type=char[])
ARR 5000597f (sz=48, trace=300820, nelems=0, elem type=jdk.internal.org.objectweb.asm.Type[]@50001222)
OBJ 50005980 (sz=32, trace=300821, class=jdk.internal.org.objectweb.asm.Type@500011b2)
OBJ 50005981 (sz=32, trace=300821, class=jdk.internal.org.objectweb.asm.Type@500011b2)
OBJ 50005982 (sz=32, trace=300821, class=jdk.internal.org.objectweb.asm.Type@500011b2)
OBJ 50005983 (sz=32, trace=300821, class=jdk.internal.org.objectweb.asm.Type@500011b2)
OBJ 50005984 (sz=32, trace=300821, class=jdk.internal.org.objectweb.asm.Type@500011b2)
OBJ 50005985 (sz=32, trace=300821, class=jdk.internal.org.objectweb.asm.Type@500011b2)
OBJ 50005986 (sz=32, trace=300821, class=jdk.internal.org.objectweb.asm.Type@500011b2)
ARR 50005987 (sz=72, trace=300822, nelems=0, elem type=int[])
ARR 50005988 (sz=16, trace=300823, nelems=0, elem type=int[])
OBJ 50005989 (sz=24, trace=300824, class=java.lang.StringBuffer@50000119)
ARR 5000598a (sz=48, trace=300825, nelems=0, elem type=char[])
ARR 5000598b (sz=88, trace=300826, nelems=0, elem type=char[])
ARR 5000598c (sz=56, trace=300827, nelems=0, elem type=char[])
OBJ 5000598d (sz=24, trace=300828, class=java.lang.String@50000165)
OBJ 5000598e (sz=24, trace=300829, class=java.lang.String@50000165)
ARR 5000598f (sz=48, trace=300806, nelems=0, elem type=char[])
OBJ 50005990 (sz=24, trace=300824, class=java.lang.StringBuffer@50000119)
ARR 50005991 (sz=48, trace=300825, nelems=0, elem type=char[])
ARR 50005992 (sz=88, trace=300826, nelems=0, elem type=char[])
ARR 50005993 (sz=56, trace=300827, nelems=0, elem type=char[])
OBJ 50005994 (sz=24, trace=300828, class=java.lang.String@50000165)
OBJ 50005995 (sz=24, trace=300829, class=java.lang.String@50000165)
ARR 50005996 (sz=48, trace=300806, nelems=0, elem type=char[])
OBJ 50005997 (sz=24, trace=300824, class=java.lang.StringBuffer@50000119)
ARR 50005998 (sz=48, trace=300825, nelems=0, elem type=char[])
ARR 50005999 (sz=88, trace=300826, nelems=0, elem type=char[])
ARR 5000599a (sz=56, trace=300827, nelems=0, elem type=char[])
OBJ 5000599b (sz=24, trace=300828, class=java.lang.String@50000165)
OBJ 5000599c (sz=24, trace=300829, class=java.lang.String@50000165)
ARR 5000599d (sz=48, trace=300806, nelems=0, elem type=char[])
OBJ 5000599e (sz=24, trace=300824, class=java.lang.StringBuffer@50000119)
ARR 5000599f (sz=48, trace=300825, nelems=0, elem type=char[])
ARR 500059a0 (sz=88, trace=300826, nelems=0, elem type=char[])
ARR 500059a1 (sz=56, trace=300827, nelems=0, elem type=char[])
OBJ 500059a2 (sz=24, trace=300828, class=java.lang.String@50000165)
OBJ 500059a3 (sz=24, trace=300829, class=java.lang.String@50000165)
ARR 500059a4 (sz=48, trace=300806, nelems=0, elem type=char[])
OBJ 500059a5 (sz=24, trace=300824, class=java.lang.StringBuffer@50000119)
ARR 500059a6 (sz=48, trace=300825, nelems=0, elem type=char[])
ARR 500059a7 (sz=88, trace=300826, nelems=0, elem type=char[])
ARR 500059a8 (sz=56, trace=300827, nelems=0, elem type=char[])
OBJ 500059a9 (sz=24, trace=300828, class=java.lang.String@50000165)
OBJ 500059aa (sz=24, trace=300829, class=java.lang.String@50000165)
ARR 500059ab (sz=48, trace=300806, nelems=0, elem type=char[])
OBJ 500059ac (sz=24, trace=300824, class=java.lang.StringBuffer@50000119)
ARR 500059ad (sz=48, trace=300825, nelems=0, elem type=char[])
ARR 500059ae (sz=88, trace=300826, nelems=0, elem type=char[])
ARR 500059af (sz=56, trace=300827, nelems=0, elem type=char[])
OBJ 500059b0 (sz=24, trace=300828, class=java.lang.String@50000165)
OBJ 500059b1 (sz=24, trace=300829, class=java.lang.String@50000165)
ARR 500059b2 (sz=48, trace=300806, nelems=0, elem type=char[])
OBJ 500059b3 (sz=24, trace=300824, class=java.lang.StringBuffer@50000119)
ARR 500059b4 (sz=48, trace=300825, nelems=0, elem type=char[])
ARR 500059b5 (sz=88, trace=300826, nelems=0, elem type=char[])
ARR 500059b6 (sz=56, trace=300827, nelems=0, elem type=char[])
OBJ 500059b7 (sz=24, trace=300828, class=java.lang.String@50000165)
OBJ 500059b8 (sz=24, trace=300829, class=java.lang.String@50000165)
ARR 500059b9 (sz=48, trace=300806, nelems=0, elem type=char[])
ARR 500059ba (sz=56, trace=300830, nelems=0, elem type=int[])
ARR 500059bb (sz=24, trace=300940, nelems=0, elem type=java.lang.Object[]@500000ff)
OBJ 500059bc (sz=56, trace=300832, class=jdk.internal.org.objectweb.asm.Item@5000118d)
OBJ 500059bd (sz=56, trace=300833, class=jdk.internal.org.objectweb.asm.Item@5000118d)
OBJ 500059be (sz=56, trace=300834, class=jdk.internal.org.objectweb.asm.Item@5000118d)
OBJ 500059bf (sz=24, trace=300835, class=jdk.internal.org.objectweb.asm.ByteVector@5000118a)
ARR 500059c0 (sz=960, trace=300836, nelems=0, elem type=byte[])
ARR 500059c1 (sz=168, trace=300837, nelems=0, elem type=java.lang.Object[]@500000ff)
OBJ 500059c2 (sz=16, trace=300839, class=java.util.HashMap$Values@5000123e)
OBJ 500059c3 (sz=40, trace=300841, class=java.util.HashMap$ValueIterator@50001241)
OBJ 500059c5 (sz=56, trace=300843, class=java.lang.invoke.MemberName@50000124)
ARR 500059c8 (sz=16, trace=301493, nelems=0, elem type=jdk.internal.org.objectweb.asm.Type[]@50001222)
OBJ 500059c9 (sz=24, trace=301494, class=java.lang.StringBuffer@50000119)
ARR 500059ca (sz=48, trace=301495, nelems=0, elem type=char[])
ARR 500059cb (sz=6, trace=301496, nelems=3, elem type=char[])
OBJ 500059cc (sz=24, trace=301497, class=java.lang.String@50000165)
	value		500059cb
ARR 500059cd (sz=56, trace=301498, nelems=0, elem type=java.lang.Class[]@500000fa)
ARR 500059ce (sz=56, trace=301499, nelems=10, elem type=java.lang.Class[]@500000fa)
	[0]		50000161
	[1]		50000165
	[2]		50000165
	[3]		50000165
	[4]		5000629a
	[5]		50000165
	[6]		50000165
	[7]		50000165
	[8]		50000165
	[9]		500000ff
OBJ 500059cf (sz=40, trace=301500, class=java.lang.invoke.MethodType@50000121)
OBJ 500059d0 (sz=32, trace=300443, class=java.lang.invoke.MethodType$ConcurrentWeakInternSet$WeakEntry@50000b5f)
OBJ 500059d1 (sz=40, trace=301501, class=java.lang.invoke.MethodType@50000121)
	rtype		500062a1
	ptypes		500059ce
	form		500059d5
	methodDescriptor	500059fb
OBJ 500059d2 (sz=40, trace=300445, class=java.lang.invoke.MethodType@50000121)
OBJ 500059d3 (sz=32, trace=300443, class=java.lang.invoke.MethodType$ConcurrentWeakInternSet$WeakEntry@50000b5f)
OBJ 500059d4 (sz=40, trace=300446, class=java.lang.invoke.MethodType@50000121)
	rtype		500062a1
	ptypes		50007067
	form		500059d5
OBJ 500059d5 (sz=56, trace=300447, class=java.lang.invoke.MethodTypeForm@50000b5a)
	argToSlotTable	500035a4
	slotToArgTable	500035a3
	erasedType	500059d4
	basicType	500059d4
	methodHandles	500059da
	lambdaForms	500059d9
ARR 500059d6 (sz=56, trace=300574, nelems=0, elem type=java.lang.Class[]@500000fa)
OBJ 500059d7 (sz=40, trace=300575, class=java.lang.invoke.MethodType@50000121)
OBJ 500059d8 (sz=32, trace=300443, class=java.lang.invoke.MethodType$ConcurrentWeakInternSet$WeakEntry@50000b5f)
ARR 500059d9 (sz=88, trace=300450, nelems=0, elem type=java.lang.ref.SoftReference[]@50000b68)
ARR 500059da (sz=32, trace=300451, nelems=0, elem type=java.lang.ref.SoftReference[]@50000b68)
OBJ 500059db (sz=32, trace=300452, class=java.lang.invoke.MethodType$ConcurrentWeakInternSet$WeakEntry@50000b5f)
	referent	500059d4
	queue		50000b52
OBJ 500059dc (sz=32, trace=300521, class=java.util.concurrent.ConcurrentHashMap$Node@50000021)
	key		500059db
	val		500059db
OBJ 500059dd (sz=32, trace=300452, class=java.lang.invoke.MethodType$ConcurrentWeakInternSet$WeakEntry@50000b5f)
	referent	500059d1
	queue		50000b52
OBJ 500059de (sz=32, trace=300521, class=java.util.concurrent.ConcurrentHashMap$Node@50000021)
	key		500059dd
	val		500059dd
OBJ 500059df (sz=24, trace=300685, class=java.util.Arrays$ArrayList@5000115f)
OBJ 500059e0 (sz=24, trace=300686, class=java.util.Collections$UnmodifiableRandomAccessList@500000ca)
OBJ 500059e1 (sz=24, trace=300738, class=java.lang.StringBuilder@50000118)
ARR 500059e2 (sz=48, trace=300739, nelems=0, elem type=char[])
OBJ 500059e3 (sz=24, trace=300740, class=java.util.Collections$UnmodifiableCollection$1@50001162)
OBJ 500059e4 (sz=32, trace=300690, class=java.util.AbstractList$Itr@50001164)
ARR 500059e5 (sz=48, trace=300741, nelems=0, elem type=char[])
OBJ 500059e6 (sz=24, trace=300742, class=java.lang.String@50000165)
ARR 500059e7 (sz=88, trace=300010, nelems=0, elem type=char[])
ARR 500059e8 (sz=48, trace=300741, nelems=0, elem type=char[])
OBJ 500059e9 (sz=24, trace=300742, class=java.lang.String@50000165)
ARR 500059ea (sz=160, trace=300010, nelems=0, elem type=char[])
ARR 500059eb (sz=48, trace=300741, nelems=0, elem type=char[])
OBJ 500059ec (sz=24, trace=300742, class=java.lang.String@50000165)
ARR 500059ed (sz=48, trace=300741, nelems=0, elem type=char[])
OBJ 500059ee (sz=24, trace=300742, class=java.lang.String@50000165)
ARR 500059ef (sz=304, trace=300010, nelems=0, elem type=char[])
ARR 500059f0 (sz=48, trace=300741, nelems=0, elem type=char[])
OBJ 500059f1 (sz=24, trace=300742, class=java.lang.String@50000165)
ARR 500059f2 (sz=48, trace=300741, nelems=0, elem type=char[])
OBJ 500059f3 (sz=24, trace=300742, class=java.lang.String@50000165)
ARR 500059f4 (sz=48, trace=300741, nelems=0, elem type=char[])
OBJ 500059f5 (sz=24, trace=300742, class=java.lang.String@50000165)
ARR 500059f6 (sz=48, trace=300741, nelems=0, elem type=char[])
OBJ 500059f7 (sz=24, trace=300742, class=java.lang.String@50000165)
ARR 500059f8 (sz=592, trace=300010, nelems=0, elem type=char[])
ARR 500059f9 (sz=56, trace=300741, nelems=0, elem type=char[])
OBJ 500059fa (sz=24, trace=300742, class=java.lang.String@50000165)
OBJ 500059fb (sz=24, trace=300745, class=java.lang.String@50000165)
	value		500059fc
ARR 500059fc (sz=332, trace=300746, nelems=166, elem type=char[])
ARR 500059fd (sz=24, trace=301502, nelems=1, elem type=java.lang.Class[]@500000fa)
	[0]		50000165
OBJ 500059fe (sz=40, trace=301503, class=java.lang.invoke.MethodType@50000121)
OBJ 500059ff (sz=32, trace=300443, class=java.lang.invoke.MethodType$ConcurrentWeakInternSet$WeakEntry@50000b5f)
OBJ 50005a00 (sz=40, trace=301504, class=java.lang.invoke.MethodType@50000121)
	rtype		500062a1
	ptypes		500059fd
	form		5000124d
	methodDescriptor	50005a0e
OBJ 50005a01 (sz=40, trace=300445, class=java.lang.invoke.MethodType@50000121)
OBJ 50005a02 (sz=32, trace=300443, class=java.lang.invoke.MethodType$ConcurrentWeakInternSet$WeakEntry@50000b5f)
OBJ 50005a03 (sz=32, trace=300452, class=java.lang.invoke.MethodType$ConcurrentWeakInternSet$WeakEntry@50000b5f)
	referent	50005a00
	queue		50000b52
OBJ 50005a04 (sz=32, trace=300521, class=java.util.concurrent.ConcurrentHashMap$Node@50000021)
	key		50005a03
	val		50005a03
OBJ 50005a05 (sz=24, trace=300685, class=java.util.Arrays$ArrayList@5000115f)
OBJ 50005a06 (sz=24, trace=300686, class=java.util.Collections$UnmodifiableRandomAccessList@500000ca)
OBJ 50005a07 (sz=24, trace=300738, class=java.lang.StringBuilder@50000118)
ARR 50005a08 (sz=48, trace=300739, nelems=0, elem type=char[])
OBJ 50005a09 (sz=24, trace=300740, class=java.util.Collections$UnmodifiableCollection$1@50001162)
OBJ 50005a0a (sz=32, trace=300690, class=java.util.AbstractList$Itr@50001164)
ARR 50005a0b (sz=48, trace=300741, nelems=0, elem type=char[])
OBJ 50005a0c (sz=24, trace=300742, class=java.lang.String@50000165)
ARR 50005a0d (sz=88, trace=300010, nelems=0, elem type=char[])
OBJ 50005a0e (sz=24, trace=300745, class=java.lang.String@50000165)
	value		50005a0f
ARR 50005a0f (sz=42, trace=300746, nelems=21, elem type=char[])
ARR 50005a10 (sz=24, trace=301505, nelems=1, elem type=java.lang.String[]@500000bf)
	[0]		50007084
ARR 50005a11 (sz=16, trace=301506, nelems=0, elem type=java.lang.String[]@500000bf)
OBJ 50005a12 (sz=16, trace=301507, class=java.util.concurrent.atomic.AtomicInteger@500000aa)
OBJ 50005a13 (sz=24, trace=301508, class=sun.security.action.GetPropertyAction@50000067)
ARR 50005a15 (sz=24, trace=301509, nelems=0, elem type=java.security.Permission[]@50005a14)
OBJ 50005a17 (sz=32, trace=301511, class=java.util.PropertyPermission@50005a16)
OBJ 50005a19 (sz=16, trace=301513, class=java.security.AccessController$1@50005a18)
OBJ 50005a1a (sz=32, trace=301514, class=java.security.Permissions@50000a87)
	permsMap	50005a1b
	allPermission	50005a3c
OBJ 50005a1b (sz=48, trace=300368, class=java.util.HashMap@500000bd)
	table		50005a3d
OBJ 50005a1d (sz=16, trace=301516, class=java.security.AllPermission@50000ae7)
	name		50006417
OBJ 50005a1f (sz=24, trace=301518, class=java.net.NetPermission@50005a1e)
	name		50006573
	path		50006573
OBJ 50005a20 (sz=24, trace=301519, class=java.net.NetPermission@50005a1e)
	name		50006574
	path		50006574
OBJ 50005a21 (sz=24, trace=301520, class=java.net.NetPermission@50005a1e)
	name		50006575
	path		50006575
OBJ 50005a22 (sz=24, trace=301521, class=java.net.NetPermission@50005a1e)
	name		50006576
	path		50006576
OBJ 50005a23 (sz=24, trace=301522, class=java.net.NetPermission@50005a1e)
	name		50006577
	path		50006577
OBJ 50005a24 (sz=24, trace=301523, class=java.net.NetPermission@50005a1e)
	name		50006578
	path		50006578
OBJ 50005a25 (sz=24, trace=301524, class=java.net.NetPermission@50005a1e)
	name		50006579
	path		50006579
OBJ 50005a26 (sz=24, trace=301525, class=java.lang.RuntimePermission@500000e7)
	name		5000657a
	path		5000657a
OBJ 50005a27 (sz=24, trace=301526, class=java.lang.RuntimePermission@500000e7)
	name		5000657b
	path		5000657b
OBJ 50005a28 (sz=24, trace=301527, class=java.lang.RuntimePermission@500000e7)
	name		5000657c
	path		5000657c
OBJ 50005a29 (sz=24, trace=301528, class=java.lang.RuntimePermission@500000e7)
	name		5000657d
	path		5000657d
OBJ 50005a2a (sz=24, trace=301529, class=java.lang.RuntimePermission@500000e7)
	name		5000657e
	path		5000657e
OBJ 50005a2b (sz=24, trace=301530, class=java.lang.RuntimePermission@500000e7)
	name		5000657f
	path		5000657f
OBJ 50005a2c (sz=24, trace=301531, class=java.lang.RuntimePermission@500000e7)
	name		50006580
	path		50006580
OBJ 50005a2d (sz=24, trace=301532, class=java.lang.RuntimePermission@500000e7)
	name		50006581
	path		50006581
OBJ 50005a2f (sz=24, trace=301534, class=java.security.SecurityPermission@50005a2e)
	name		50006582
	path		50006582
OBJ 50005a30 (sz=24, trace=301535, class=java.security.SecurityPermission@50005a2e)
	name		50006583
	path		50006583
OBJ 50005a31 (sz=24, trace=301536, class=java.security.SecurityPermission@50005a2e)
	name		50006584
	path		50006584
OBJ 50005a34 (sz=16, trace=301539, class=sun.security.action.GetBooleanAction@50005a33)
OBJ 50005a35 (sz=56, trace=301540, class=java.net.SocketPermission@50005a32)
	name		50006585
	hostname	50005a36
	portrange	50005a3a
OBJ 50005a36 (sz=24, trace=301541, class=java.lang.String@50000165)
	value		50005a37
ARR 50005a37 (sz=18, trace=301542, nelems=9, elem type=char[])
OBJ 50005a38 (sz=24, trace=301543, class=java.lang.String@50000165)
ARR 50005a39 (sz=24, trace=301544, nelems=0, elem type=char[])
ARR 50005a3a (sz=8, trace=301545, nelems=2, elem type=int[])
OBJ 50005a3c (sz=24, trace=301547, class=java.security.AllPermissionCollection@50005a3b)
ARR 50005a3d (sz=80, trace=300398, nelems=7, elem type=java.util.HashMap$Node[]@500000b9)
	[6]		50005a3e
OBJ 50005a3e (sz=32, trace=300239, class=java.util.HashMap$Node@500000bb)
	key		50000ae7
	value		50005a3c
OBJ 50005a3f (sz=40, trace=301548, class=java.security.ProtectionDomain@50000157)
	principals	50005a41
	permissions	50005a1a
	key		50005a40
OBJ 50005a40 (sz=16, trace=301549, class=java.security.ProtectionDomain$Key@50000008)
	this$0		50005a3f
ARR 50005a41 (sz=16, trace=301550, nelems=0, elem type=java.security.Principal[]@50000006)
OBJ 50005a42 (sz=40, trace=301551, class=java.security.AccessControlContext@50000156)
ARR 50005a44 (sz=24, trace=301552, nelems=0, elem type=java.security.ProtectionDomain[]@50005a43)
ARR 50005a45 (sz=24, trace=301553, nelems=0, elem type=java.security.Permission[]@50005a14)
OBJ 50005a46 (sz=104, trace=301554, class=java.lang.invoke.InnerClassLambdaMetafactory@500059c7)
OBJ 50005a49 (sz=24, trace=301556, class=java.lang.invoke.InfoFromMemberName@50005a48)
ARR 50005a4a (sz=48, trace=301557, nelems=0, elem type=char[])
OBJ 50005a4b (sz=24, trace=301558, class=java.lang.String@50000165)
OBJ 50005a4c (sz=24, trace=300685, class=java.util.Arrays$ArrayList@5000115f)
OBJ 50005a4d (sz=24, trace=300686, class=java.util.Collections$UnmodifiableRandomAccessList@500000ca)
OBJ 50005a4e (sz=24, trace=300738, class=java.lang.StringBuilder@50000118)
ARR 50005a4f (sz=48, trace=300739, nelems=0, elem type=char[])
OBJ 50005a50 (sz=24, trace=300740, class=java.util.Collections$UnmodifiableCollection$1@50001162)
OBJ 50005a51 (sz=32, trace=300690, class=java.util.AbstractList$Itr@50001164)
ARR 50005a52 (sz=48, trace=300741, nelems=0, elem type=char[])
OBJ 50005a53 (sz=24, trace=300742, class=java.lang.String@50000165)
ARR 50005a54 (sz=88, trace=300010, nelems=0, elem type=char[])
OBJ 50005a55 (sz=24, trace=300745, class=java.lang.String@50000165)
	value		50005a56
ARR 50005a56 (sz=42, trace=300746, nelems=21, elem type=char[])
OBJ 50005a57 (sz=40, trace=301559, class=java.lang.invoke.MethodType@50000121)
OBJ 50005a58 (sz=32, trace=300443, class=java.lang.invoke.MethodType$ConcurrentWeakInternSet$WeakEntry@50000b5f)
OBJ 50005a59 (sz=24, trace=301560, class=java.lang.StringBuilder@50000118)
ARR 50005a5a (sz=48, trace=301561, nelems=0, elem type=char[])
ARR 50005a5b (sz=48, trace=301562, nelems=0, elem type=char[])
OBJ 50005a5c (sz=24, trace=301563, class=java.lang.String@50000165)
ARR 50005a5d (sz=88, trace=300010, nelems=0, elem type=char[])
OBJ 50005a5e (sz=24, trace=301564, class=java.lang.String@50000165)
ARR 50005a5f (sz=64, trace=301565, nelems=0, elem type=char[])
OBJ 50005a60 (sz=168, trace=301566, class=jdk.internal.org.objectweb.asm.ClassWriter@50001187)
OBJ 50005a61 (sz=24, trace=301567, class=jdk.internal.org.objectweb.asm.ByteVector@5000118a)
ARR 50005a62 (sz=80, trace=301568, nelems=0, elem type=byte[])
ARR 50005a63 (sz=1040, trace=301569, nelems=0, elem type=jdk.internal.org.objectweb.asm.Item[]@5000118e)
OBJ 50005a64 (sz=56, trace=301570, class=jdk.internal.org.objectweb.asm.Item@5000118d)
OBJ 50005a65 (sz=56, trace=301571, class=jdk.internal.org.objectweb.asm.Item@5000118d)
OBJ 50005a66 (sz=56, trace=301572, class=jdk.internal.org.objectweb.asm.Item@5000118d)
OBJ 50005a67 (sz=56, trace=301573, class=jdk.internal.org.objectweb.asm.Item@5000118d)
ARR 50005a68 (sz=72, trace=301574, nelems=0, elem type=char[])
OBJ 50005a69 (sz=24, trace=301575, class=java.lang.String@50000165)
ARR 50005a6a (sz=24, trace=301576, nelems=0, elem type=java.lang.String[]@500000bf)
OBJ 50005a6b (sz=56, trace=300733, class=jdk.internal.org.objectweb.asm.Item@5000118d)
OBJ 50005a6c (sz=56, trace=300734, class=jdk.internal.org.objectweb.asm.Item@5000118d)
OBJ 50005a6d (sz=56, trace=300733, class=jdk.internal.org.objectweb.asm.Item@5000118d)
OBJ 50005a6e (sz=56, trace=300735, class=jdk.internal.org.objectweb.asm.Item@5000118d)
ARR 50005a6f (sz=24, trace=301577, nelems=0, elem type=int[])
ARR 50005a70 (sz=144, trace=300852, nelems=0, elem type=byte[])
OBJ 50005a71 (sz=56, trace=300733, class=jdk.internal.org.objectweb.asm.Item@5000118d)
OBJ 50005a72 (sz=56, trace=301578, class=jdk.internal.org.objectweb.asm.Item@5000118d)
OBJ 50005a73 (sz=24, trace=300685, class=java.util.Arrays$ArrayList@5000115f)
OBJ 50005a74 (sz=24, trace=300686, class=java.util.Collections$UnmodifiableRandomAccessList@500000ca)
OBJ 50005a75 (sz=24, trace=300738, class=java.lang.StringBuilder@50000118)
ARR 50005a76 (sz=48, trace=300739, nelems=0, elem type=char[])
OBJ 50005a77 (sz=24, trace=300740, class=java.util.Collections$UnmodifiableCollection$1@50001162)
OBJ 50005a78 (sz=32, trace=300690, class=java.util.AbstractList$Itr@50001164)
OBJ 50005a79 (sz=24, trace=300745, class=java.lang.String@50000165)
	value		50005a7a
ARR 50005a7a (sz=6, trace=300746, nelems=3, elem type=char[])
OBJ 50005a7b (sz=224, trace=300748, class=jdk.internal.org.objectweb.asm.MethodWriter@500011ab)
OBJ 50005a7c (sz=24, trace=301579, class=jdk.internal.org.objectweb.asm.ByteVector@5000118a)
ARR 50005a7d (sz=80, trace=301580, nelems=0, elem type=byte[])
OBJ 50005a7e (sz=56, trace=300751, class=jdk.internal.org.objectweb.asm.Item@5000118d)
OBJ 50005a7f (sz=56, trace=300753, class=jdk.internal.org.objectweb.asm.Item@5000118d)
OBJ 50005a80 (sz=64, trace=301581, class=jdk.internal.org.objectweb.asm.Label@500011bc)
OBJ 50005a81 (sz=56, trace=300803, class=jdk.internal.org.objectweb.asm.Item@5000118d)
OBJ 50005a82 (sz=56, trace=301582, class=jdk.internal.org.objectweb.asm.Item@5000118d)
OBJ 50005a83 (sz=24, trace=300685, class=java.util.Arrays$ArrayList@5000115f)
OBJ 50005a84 (sz=24, trace=300686, class=java.util.Collections$UnmodifiableRandomAccessList@500000ca)
OBJ 50005a85 (sz=24, trace=300738, class=java.lang.StringBuilder@50000118)
ARR 50005a86 (sz=48, trace=300739, nelems=0, elem type=char[])
OBJ 50005a87 (sz=24, trace=300740, class=java.util.Collections$UnmodifiableCollection$1@50001162)
OBJ 50005a88 (sz=32, trace=300690, class=java.util.AbstractList$Itr@50001164)
ARR 50005a89 (sz=48, trace=300741, nelems=0, elem type=char[])
OBJ 50005a8a (sz=24, trace=300742, class=java.lang.String@50000165)
ARR 50005a8b (sz=88, trace=300010, nelems=0, elem type=char[])
OBJ 50005a8c (sz=24, trace=300745, class=java.lang.String@50000165)
	value		50005a8d
ARR 50005a8d (sz=42, trace=300746, nelems=21, elem type=char[])
OBJ 50005a8e (sz=224, trace=300748, class=jdk.internal.org.objectweb.asm.MethodWriter@500011ab)
OBJ 50005a8f (sz=24, trace=301583, class=jdk.internal.org.objectweb.asm.ByteVector@5000118a)
ARR 50005a90 (sz=80, trace=301584, nelems=0, elem type=byte[])
OBJ 50005a91 (sz=56, trace=300751, class=jdk.internal.org.objectweb.asm.Item@5000118d)
ARR 50005a92 (sz=272, trace=300752, nelems=0, elem type=byte[])
OBJ 50005a93 (sz=56, trace=300753, class=jdk.internal.org.objectweb.asm.Item@5000118d)
OBJ 50005a94 (sz=64, trace=301585, class=jdk.internal.org.objectweb.asm.Label@500011bc)
OBJ 50005a95 (sz=24, trace=301586, class=jdk.internal.org.objectweb.asm.ByteVector@5000118a)
ARR 50005a96 (sz=80, trace=301587, nelems=0, elem type=byte[])
OBJ 50005a97 (sz=56, trace=301588, class=jdk.internal.org.objectweb.asm.Item@5000118d)
OBJ 50005a98 (sz=56, trace=300773, class=jdk.internal.org.objectweb.asm.AnnotationWriter@500011c5)
ARR 50005a9c (sz=56, trace=301590, nelems=10, elem type=int[][]@50005a9b)
	[0]		5000709c
	[1]		5000709d
	[2]		5000709e
	[3]		5000709f
	[4]		500070a0
	[5]		500070a1
	[6]		500070a2
	[7]		500070a3
	[8]		500070a4
	[9]		500070a5
ARR 50005a9d (sz=80, trace=301591, nelems=16, elem type=sun.invoke.util.Wrapper[]@50000f2b)
	[2]		50000f1f
	[3]		50000f1a
	[6]		50000f28
	[7]		50000d83
	[9]		50000e0a
	[11]		50000f15
	[12]		50000b75
	[14]		50000e0e
	[15]		50000c7c
ARR 50005a9e (sz=80, trace=301592, nelems=9, elem type=sun.invoke.util.Wrapper[]@50000f2b)
	[1]		50000b75
	[2]		50000e0a
	[3]		50000c7c
	[4]		50000d83
	[5]		50000e0e
	[6]		50000f1a
	[7]		50000f15
	[8]		50000f1f
ARR 50005a9f (sz=32, trace=301593, nelems=0, elem type=sun.invoke.util.Wrapper[]@50000f2b)
ARR 50005aa0 (sz=24, trace=301594, nelems=0, elem type=sun.invoke.util.Wrapper[]@50000f2b)
ARR 50005aa1 (sz=32, trace=301595, nelems=0, elem type=sun.invoke.util.Wrapper[]@50000f2b)
ARR 50005aa2 (sz=24, trace=301596, nelems=0, elem type=sun.invoke.util.Wrapper[]@50000f2b)
ARR 50005aa3 (sz=32, trace=301597, nelems=0, elem type=sun.invoke.util.Wrapper[]@50000f2b)
ARR 50005aa4 (sz=24, trace=301598, nelems=0, elem type=sun.invoke.util.Wrapper[]@50000f2b)
ARR 50005aa5 (sz=24, trace=301599, nelems=0, elem type=sun.invoke.util.Wrapper[]@50000f2b)
OBJ 50005aa6 (sz=24, trace=301600, class=java.lang.invoke.InnerClassLambdaMetafactory$ForwardingMethodGenerator@50005a9a)
OBJ 50005aa7 (sz=24, trace=301601, class=java.lang.StringBuilder@50000118)
ARR 50005aa8 (sz=48, trace=301602, nelems=0, elem type=char[])
ARR 50005aa9 (sz=48, trace=301603, nelems=0, elem type=char[])
OBJ 50005aaa (sz=24, trace=301085, class=java.lang.String@50000165)
ARR 50005aab (sz=88, trace=300010, nelems=0, elem type=char[])
OBJ 50005aac (sz=24, trace=301604, class=java.lang.String@50000165)
ARR 50005aad (sz=56, trace=301087, nelems=0, elem type=char[])
OBJ 50005aae (sz=24, trace=301605, class=java.lang.StringBuilder@50000118)
ARR 50005aaf (sz=48, trace=301606, nelems=0, elem type=char[])
ARR 50005ab0 (sz=48, trace=301607, nelems=0, elem type=char[])
OBJ 50005ab1 (sz=24, trace=301085, class=java.lang.String@50000165)
ARR 50005ab2 (sz=88, trace=300010, nelems=0, elem type=char[])
OBJ 50005ab3 (sz=24, trace=301608, class=java.lang.String@50000165)
ARR 50005ab4 (sz=56, trace=301087, nelems=0, elem type=char[])
OBJ 50005ab5 (sz=24, trace=301609, class=java.lang.String@50000165)
ARR 50005ab6 (sz=48, trace=301610, nelems=0, elem type=char[])
OBJ 50005ab7 (sz=24, trace=301611, class=java.lang.String@50000165)
ARR 50005ab8 (sz=48, trace=301610, nelems=0, elem type=char[])
OBJ 50005ab9 (sz=56, trace=300813, class=jdk.internal.org.objectweb.asm.Item@5000118d)
OBJ 50005aba (sz=56, trace=301612, class=jdk.internal.org.objectweb.asm.Item@5000118d)
OBJ 50005abb (sz=24, trace=301613, class=java.lang.StringBuilder@50000118)
ARR 50005abc (sz=48, trace=301614, nelems=0, elem type=char[])
ARR 50005abd (sz=48, trace=301615, nelems=0, elem type=char[])
OBJ 50005abe (sz=24, trace=301085, class=java.lang.String@50000165)
ARR 50005abf (sz=88, trace=300010, nelems=0, elem type=char[])
OBJ 50005ac0 (sz=24, trace=301616, class=java.lang.String@50000165)
ARR 50005ac1 (sz=56, trace=301087, nelems=0, elem type=char[])
OBJ 50005ac2 (sz=24, trace=301609, class=java.lang.String@50000165)
ARR 50005ac3 (sz=48, trace=301610, nelems=0, elem type=char[])
OBJ 50005ac4 (sz=24, trace=301611, class=java.lang.String@50000165)
ARR 50005ac5 (sz=48, trace=301610, nelems=0, elem type=char[])
OBJ 50005ac6 (sz=56, trace=300733, class=jdk.internal.org.objectweb.asm.Item@5000118d)
OBJ 50005ac7 (sz=56, trace=300800, class=jdk.internal.org.objectweb.asm.Item@5000118d)
OBJ 50005ac8 (sz=56, trace=300801, class=jdk.internal.org.objectweb.asm.Item@5000118d)
ARR 50005ac9 (sz=528, trace=300816, nelems=0, elem type=byte[])
OBJ 50005aca (sz=56, trace=300802, class=jdk.internal.org.objectweb.asm.Item@5000118d)
OBJ 50005acb (sz=56, trace=300803, class=jdk.internal.org.objectweb.asm.Item@5000118d)
OBJ 50005acc (sz=56, trace=301617, class=jdk.internal.org.objectweb.asm.Item@5000118d)
OBJ 50005acd (sz=56, trace=300832, class=jdk.internal.org.objectweb.asm.Item@5000118d)
OBJ 50005ace (sz=56, trace=300833, class=jdk.internal.org.objectweb.asm.Item@5000118d)
OBJ 50005acf (sz=24, trace=301618, class=jdk.internal.org.objectweb.asm.ByteVector@5000118a)
ARR 50005ad0 (sz=432, trace=301619, nelems=0, elem type=byte[])
OBJ 50005ad3 (sz=24, trace=301622, class=java.lang.invoke.InnerClassLambdaMetafactory$1@50005ad2)
OBJ 50005ad4 (sz=56, trace=300120, class=java.lang.Class$ReflectionData@500000a8)
OBJ 50005ad5 (sz=40, trace=300040, class=java.lang.ref.SoftReference@50000149)
OBJ 50005ad6 (sz=80, trace=300121, class=java.lang.reflect.Constructor@50000134)
ARR 50005ad7 (sz=16, trace=301623, nelems=0, elem type=java.lang.Object[]@500000ff)
OBJ 50005ad8 (sz=24, trace=300123, class=sun.reflect.NativeConstructorAccessorImpl@50000091)
OBJ 50005ad9 (sz=16, trace=300124, class=sun.reflect.DelegatingConstructorAccessorImpl@50000090)
OBJ 50005ada (sz=16, trace=301624, class=com.test.Main$$Lambda$1.1283928880@50005ad1)
ARR 50005adb (sz=24, trace=301625, nelems=0, elem type=java.lang.Class[]@500000fa)
OBJ 50005adc (sz=40, trace=301626, class=java.lang.invoke.MethodType@50000121)
OBJ 50005add (sz=32, trace=300443, class=java.lang.invoke.MethodType$ConcurrentWeakInternSet$WeakEntry@50000b5f)
OBJ 50005ade (sz=32, trace=300937, class=java.lang.invoke.SimpleMethodHandle@50001094)
	type		50000faa
	form		50000fd0
OBJ 50005adf (sz=40, trace=301627, class=java.lang.invoke.MethodHandleImpl$IntrinsicMethodHandle@500026a0)
	type		50000faa
	form		50000fd0
	target		50005ade
	intrinsicName	500011d6
ARR 50005ae0 (sz=24, trace=301628, nelems=1, elem type=java.lang.Class[]@500000fa)
	[0]		5000223d
OBJ 50005ae1 (sz=40, trace=301626, class=java.lang.invoke.MethodType@50000121)
OBJ 50005ae2 (sz=32, trace=300443, class=java.lang.invoke.MethodType$ConcurrentWeakInternSet$WeakEntry@50000b5f)
OBJ 50005ae3 (sz=40, trace=301629, class=java.lang.invoke.MethodType@50000121)
	rtype		5000223d
	ptypes		50005ae0
	form		50000fab
OBJ 50005ae4 (sz=40, trace=300445, class=java.lang.invoke.MethodType@50000121)
OBJ 50005ae5 (sz=32, trace=300443, class=java.lang.invoke.MethodType$ConcurrentWeakInternSet$WeakEntry@50000b5f)
OBJ 50005ae6 (sz=32, trace=300452, class=java.lang.invoke.MethodType$ConcurrentWeakInternSet$WeakEntry@50000b5f)
	referent	50005ae3
	queue		50000b52
OBJ 50005ae7 (sz=32, trace=300521, class=java.util.concurrent.ConcurrentHashMap$Node@50000021)
	key		50005ae6
	val		50005ae6
OBJ 50005ae8 (sz=32, trace=300937, class=java.lang.invoke.SimpleMethodHandle@50001094)
OBJ 50005ae9 (sz=40, trace=301627, class=java.lang.invoke.MethodHandleImpl$IntrinsicMethodHandle@500026a0)
OBJ 50005aea (sz=16, trace=301168, class=java.lang.invoke.LambdaFormEditor@500043e6)
OBJ 50005aeb (sz=40, trace=301249, class=java.lang.invoke.MethodType@50000121)
OBJ 50005aec (sz=32, trace=300443, class=java.lang.invoke.MethodType$ConcurrentWeakInternSet$WeakEntry@50000b5f)
OBJ 50005aed (sz=56, trace=301187, class=java.lang.invoke.LambdaFormEditor$Transform@500043f9)
OBJ 50005aee (sz=48, trace=301250, class=java.lang.invoke.LambdaFormBuffer@500043fc)
OBJ 50005aef (sz=24, trace=301251, class=java.lang.StringBuilder@50000118)
ARR 50005af0 (sz=48, trace=301252, nelems=0, elem type=char[])
OBJ 50005af1 (sz=24, trace=301253, class=java.lang.String@50000165)
ARR 50005af2 (sz=24, trace=301254, nelems=0, elem type=char[])
OBJ 50005af3 (sz=16, trace=301256, class=java.lang.invoke.BoundMethodHandle$SpeciesData$1@50004aec)
ARR 50005af4 (sz=24, trace=301449, nelems=0, elem type=java.lang.Object[]@500000ff)
OBJ 50005af5 (sz=32, trace=301452, class=java.lang.invoke.LambdaForm$Name@50000f62)
	type		50000f5a
	constraint	500010a4
ARR 50005af6 (sz=24, trace=301453, nelems=0, elem type=java.lang.Object[]@500000ff)
ARR 50005af7 (sz=24, trace=301454, nelems=1, elem type=java.lang.Object[]@500000ff)
	[0]		50005af5
OBJ 50005af8 (sz=32, trace=301455, class=java.lang.invoke.LambdaForm$Name@50000f62)
	type		50000f5a
	function	5000175a
	arguments	50005af7
ARR 50005af9 (sz=24, trace=301456, nelems=0, elem type=java.lang.invoke.LambdaForm$Name[]@50000fce)
OBJ 50005afa (sz=48, trace=301199, class=java.lang.invoke.LambdaForm@50000122)
	names		50006f38
	debugName	50000fb4
	vmentry		50006f37
OBJ 50005afb (sz=56, trace=301187, class=java.lang.invoke.LambdaFormEditor$Transform@500043f9)
	referent	50005afa
	queue		50006b4d
OBJ 50005afc (sz=32, trace=301077, class=java.lang.invoke.BoundMethodHandle$Species_L@500010a3)
OBJ 50005afd (sz=24, trace=300696, class=java.lang.StringBuilder@50000118)
ARR 50005afe (sz=24, trace=300697, nelems=0, elem type=char[])
OBJ 50005aff (sz=24, trace=300698, class=java.lang.String@50000165)
ARR 50005b00 (sz=24, trace=300699, nelems=0, elem type=char[])
ARR 50005b01 (sz=24, trace=300938, nelems=0, elem type=java.lang.Class[]@500000fa)
OBJ 50005b02 (sz=40, trace=300701, class=java.lang.invoke.MethodType@50000121)
OBJ 50005b03 (sz=32, trace=300443, class=java.lang.invoke.MethodType$ConcurrentWeakInternSet$WeakEntry@50000b5f)
OBJ 50005b04 (sz=64, trace=300704, class=java.lang.invoke.InvokerBytecodeGenerator@50001172)
OBJ 50005b05 (sz=48, trace=300705, class=java.util.HashMap@500000bd)
OBJ 50005b06 (sz=24, trace=300710, class=java.lang.StringBuilder@50000118)
ARR 50005b07 (sz=48, trace=300711, nelems=0, elem type=char[])
ARR 50005b08 (sz=88, trace=300010, nelems=0, elem type=char[])
OBJ 50005b09 (sz=24, trace=300712, class=java.lang.String@50000165)
ARR 50005b0a (sz=80, trace=300713, nelems=0, elem type=char[])
OBJ 50005b0b (sz=24, trace=300714, class=java.lang.StringBuilder@50000118)
ARR 50005b0c (sz=48, trace=300715, nelems=0, elem type=char[])
OBJ 50005b0d (sz=24, trace=300716, class=java.lang.String@50000165)
ARR 50005b0e (sz=48, trace=300717, nelems=0, elem type=char[])
ARR 50005b0f (sz=32, trace=300718, nelems=0, elem type=int[])
ARR 50005b10 (sz=32, trace=300719, nelems=0, elem type=java.lang.invoke.LambdaForm$BasicType[]@50000f60)
ARR 50005b11 (sz=32, trace=300720, nelems=0, elem type=java.lang.Class[]@500000fa)
OBJ 50005b12 (sz=168, trace=300723, class=jdk.internal.org.objectweb.asm.ClassWriter@50001187)
OBJ 50005b13 (sz=24, trace=300725, class=jdk.internal.org.objectweb.asm.ByteVector@5000118a)
ARR 50005b14 (sz=80, trace=300726, nelems=0, elem type=byte[])
ARR 50005b15 (sz=1040, trace=300728, nelems=0, elem type=jdk.internal.org.objectweb.asm.Item[]@5000118e)
OBJ 50005b16 (sz=56, trace=300729, class=jdk.internal.org.objectweb.asm.Item@5000118d)
OBJ 50005b17 (sz=56, trace=300730, class=jdk.internal.org.objectweb.asm.Item@5000118d)
OBJ 50005b18 (sz=56, trace=300731, class=jdk.internal.org.objectweb.asm.Item@5000118d)
OBJ 50005b19 (sz=56, trace=300732, class=jdk.internal.org.objectweb.asm.Item@5000118d)
OBJ 50005b1a (sz=56, trace=300733, class=jdk.internal.org.objectweb.asm.Item@5000118d)
OBJ 50005b1b (sz=56, trace=300734, class=jdk.internal.org.objectweb.asm.Item@5000118d)
OBJ 50005b1c (sz=56, trace=300733, class=jdk.internal.org.objectweb.asm.Item@5000118d)
OBJ 50005b1d (sz=56, trace=300735, class=jdk.internal.org.objectweb.asm.Item@5000118d)
ARR 50005b1e (sz=144, trace=300736, nelems=0, elem type=byte[])
OBJ 50005b1f (sz=56, trace=300737, class=jdk.internal.org.objectweb.asm.Item@5000118d)
OBJ 50005b20 (sz=224, trace=300748, class=jdk.internal.org.objectweb.asm.MethodWriter@500011ab)
OBJ 50005b21 (sz=24, trace=300749, class=jdk.internal.org.objectweb.asm.ByteVector@5000118a)
ARR 50005b22 (sz=80, trace=300750, nelems=0, elem type=byte[])
OBJ 50005b23 (sz=56, trace=300751, class=jdk.internal.org.objectweb.asm.Item@5000118d)
OBJ 50005b24 (sz=56, trace=300753, class=jdk.internal.org.objectweb.asm.Item@5000118d)
OBJ 50005b25 (sz=64, trace=300765, class=jdk.internal.org.objectweb.asm.Label@500011bc)
OBJ 50005b26 (sz=48, trace=300768, class=jdk.internal.org.objectweb.asm.Frame@500011be)
OBJ 50005b27 (sz=24, trace=300769, class=jdk.internal.org.objectweb.asm.ByteVector@5000118a)
ARR 50005b28 (sz=80, trace=300770, nelems=0, elem type=byte[])
ARR 50005b29 (sz=272, trace=301101, nelems=0, elem type=byte[])
OBJ 50005b2a (sz=56, trace=300771, class=jdk.internal.org.objectweb.asm.Item@5000118d)
OBJ 50005b2b (sz=56, trace=300773, class=jdk.internal.org.objectweb.asm.AnnotationWriter@500011c5)
OBJ 50005b2c (sz=24, trace=300774, class=jdk.internal.org.objectweb.asm.ByteVector@5000118a)
ARR 50005b2d (sz=80, trace=300775, nelems=0, elem type=byte[])
OBJ 50005b2e (sz=56, trace=300776, class=jdk.internal.org.objectweb.asm.Item@5000118d)
OBJ 50005b2f (sz=56, trace=300773, class=jdk.internal.org.objectweb.asm.AnnotationWriter@500011c5)
OBJ 50005b30 (sz=24, trace=300777, class=jdk.internal.org.objectweb.asm.ByteVector@5000118a)
ARR 50005b31 (sz=80, trace=300778, nelems=0, elem type=byte[])
OBJ 50005b32 (sz=56, trace=300780, class=jdk.internal.org.objectweb.asm.Item@5000118d)
OBJ 50005b33 (sz=56, trace=300773, class=jdk.internal.org.objectweb.asm.AnnotationWriter@500011c5)
OBJ 50005b34 (sz=24, trace=301078, class=java.lang.String@50000165)
ARR 50005b35 (sz=40, trace=301079, nelems=0, elem type=char[])
OBJ 50005b36 (sz=24, trace=301080, class=java.lang.String@50000165)
ARR 50005b37 (sz=40, trace=301081, nelems=0, elem type=char[])
OBJ 50005b38 (sz=40, trace=300872, class=java.lang.invoke.MethodType@50000121)
OBJ 50005b39 (sz=32, trace=300443, class=java.lang.invoke.MethodType$ConcurrentWeakInternSet$WeakEntry@50000b5f)
ARR 50005b3a (sz=104, trace=300796, nelems=0, elem type=char[])
OBJ 50005b3b (sz=24, trace=300797, class=java.lang.String@50000165)
ARR 50005b3c (sz=56, trace=300798, nelems=0, elem type=int[])
ARR 50005b3d (sz=104, trace=300811, nelems=0, elem type=char[])
OBJ 50005b3e (sz=24, trace=300812, class=java.lang.String@50000165)
ARR 50005b3f (sz=528, trace=300852, nelems=0, elem type=byte[])
OBJ 50005b40 (sz=56, trace=300813, class=jdk.internal.org.objectweb.asm.Item@5000118d)
OBJ 50005b41 (sz=56, trace=300814, class=jdk.internal.org.objectweb.asm.Item@5000118d)
OBJ 50005b42 (sz=56, trace=300815, class=jdk.internal.org.objectweb.asm.Item@5000118d)
ARR 50005b43 (sz=80, trace=301072, nelems=0, elem type=jdk.internal.org.objectweb.asm.Item[]@5000118e)
OBJ 50005b44 (sz=24, trace=301082, class=java.lang.StringBuilder@50000118)
ARR 50005b45 (sz=48, trace=301083, nelems=0, elem type=char[])
ARR 50005b46 (sz=48, trace=301084, nelems=0, elem type=char[])
OBJ 50005b47 (sz=24, trace=301085, class=java.lang.String@50000165)
ARR 50005b48 (sz=88, trace=300010, nelems=0, elem type=char[])
OBJ 50005b49 (sz=24, trace=301086, class=java.lang.String@50000165)
ARR 50005b4a (sz=56, trace=301087, nelems=0, elem type=char[])
OBJ 50005b4b (sz=56, trace=300801, class=jdk.internal.org.objectweb.asm.Item@5000118d)
OBJ 50005b4c (sz=56, trace=300802, class=jdk.internal.org.objectweb.asm.Item@5000118d)
OBJ 50005b4d (sz=56, trace=301088, class=jdk.internal.org.objectweb.asm.Item@5000118d)
OBJ 50005b4e (sz=56, trace=301089, class=jdk.internal.org.objectweb.asm.Item@5000118d)
OBJ 50005b4f (sz=24, trace=300805, class=java.lang.String@50000165)
ARR 50005b50 (sz=48, trace=300806, nelems=0, elem type=char[])
OBJ 50005b51 (sz=56, trace=300807, class=jdk.internal.org.objectweb.asm.Item@5000118d)
OBJ 50005b52 (sz=40, trace=300872, class=java.lang.invoke.MethodType@50000121)
OBJ 50005b53 (sz=32, trace=300443, class=java.lang.invoke.MethodType$ConcurrentWeakInternSet$WeakEntry@50000b5f)
ARR 50005b54 (sz=24, trace=300931, nelems=0, elem type=java.lang.Class[]@500000fa)
OBJ 50005b55 (sz=40, trace=300860, class=java.lang.invoke.MethodType@50000121)
OBJ 50005b56 (sz=32, trace=300443, class=java.lang.invoke.MethodType$ConcurrentWeakInternSet$WeakEntry@50000b5f)
OBJ 50005b57 (sz=64, trace=300817, class=jdk.internal.org.objectweb.asm.Label@500011bc)
OBJ 50005b58 (sz=48, trace=300818, class=jdk.internal.org.objectweb.asm.Frame@500011be)
ARR 50005b59 (sz=96, trace=300819, nelems=0, elem type=char[])
ARR 50005b5a (sz=24, trace=300820, nelems=0, elem type=jdk.internal.org.objectweb.asm.Type[]@50001222)
OBJ 50005b5b (sz=32, trace=300821, class=jdk.internal.org.objectweb.asm.Type@500011b2)
ARR 50005b5c (sz=24, trace=300822, nelems=0, elem type=int[])
ARR 50005b5d (sz=16, trace=300823, nelems=0, elem type=int[])
OBJ 50005b5e (sz=24, trace=300824, class=java.lang.StringBuffer@50000119)
ARR 50005b5f (sz=48, trace=300825, nelems=0, elem type=char[])
ARR 50005b60 (sz=88, trace=300826, nelems=0, elem type=char[])
ARR 50005b61 (sz=56, trace=300827, nelems=0, elem type=char[])
OBJ 50005b62 (sz=24, trace=300828, class=java.lang.String@50000165)
OBJ 50005b63 (sz=24, trace=300829, class=java.lang.String@50000165)
ARR 50005b64 (sz=48, trace=300806, nelems=0, elem type=char[])
ARR 50005b65 (sz=32, trace=300830, nelems=0, elem type=int[])
ARR 50005b66 (sz=24, trace=300940, nelems=0, elem type=java.lang.Object[]@500000ff)
OBJ 50005b67 (sz=56, trace=300832, class=jdk.internal.org.objectweb.asm.Item@5000118d)
OBJ 50005b68 (sz=56, trace=300833, class=jdk.internal.org.objectweb.asm.Item@5000118d)
OBJ 50005b69 (sz=56, trace=300834, class=jdk.internal.org.objectweb.asm.Item@5000118d)
OBJ 50005b6a (sz=24, trace=300835, class=jdk.internal.org.objectweb.asm.ByteVector@5000118a)
ARR 50005b6b (sz=480, trace=300836, nelems=0, elem type=byte[])
ARR 50005b6c (sz=96, trace=300837, nelems=0, elem type=java.lang.Object[]@500000ff)
OBJ 50005b6d (sz=16, trace=300839, class=java.util.HashMap$Values@5000123e)
OBJ 50005b6e (sz=40, trace=300841, class=java.util.HashMap$ValueIterator@50001241)
OBJ 50005b70 (sz=56, trace=300843, class=java.lang.invoke.MemberName@50000124)
OBJ 50005b71 (sz=24, trace=301630, class=java.lang.invoke.ConstantCallSite@5000011e)
ARR 50005b72 (sz=24, trace=301631, nelems=0, elem type=java.lang.Class[]@500000fa)
OBJ 50005b73 (sz=40, trace=300514, class=java.lang.invoke.MethodType@50000121)
OBJ 50005b74 (sz=32, trace=300443, class=java.lang.invoke.MethodType$ConcurrentWeakInternSet$WeakEntry@50000b5f)
ARR 50005b75 (sz=24, trace=301632, nelems=0, elem type=java.lang.invoke.LambdaForm$Name[]@50000fce)
ARR 50005b76 (sz=24, trace=301633, nelems=0, elem type=java.lang.Object[]@500000ff)
OBJ 50005b77 (sz=24, trace=301634, class=java.lang.invoke.LambdaForm$NamedFunction@50000f99)
	member		50006e33
	resolvedHandle	50002752
ARR 50005b78 (sz=24, trace=301635, nelems=1, elem type=java.lang.Object[]@500000ff)
	[0]		50000f65
OBJ 50005b79 (sz=32, trace=301636, class=java.lang.invoke.LambdaForm$Name@50000f62)
	type		50000f5a
	function	50005b77
	arguments	50005b78
OBJ 50005b7a (sz=48, trace=301637, class=java.lang.invoke.LambdaForm@50000122)
	names		50006e6e
	debugName	50006e3a
	vmentry		50006e6d
OBJ 50005b7b (sz=24, trace=300696, class=java.lang.StringBuilder@50000118)
ARR 50005b7c (sz=24, trace=300697, nelems=0, elem type=char[])
OBJ 50005b7d (sz=24, trace=300698, class=java.lang.String@50000165)
ARR 50005b7e (sz=24, trace=300699, nelems=0, elem type=char[])
ARR 50005b7f (sz=24, trace=301638, nelems=0, elem type=java.lang.Class[]@500000fa)
OBJ 50005b80 (sz=40, trace=300701, class=java.lang.invoke.MethodType@50000121)
OBJ 50005b81 (sz=32, trace=300443, class=java.lang.invoke.MethodType$ConcurrentWeakInternSet$WeakEntry@50000b5f)
OBJ 50005b82 (sz=64, trace=300704, class=java.lang.invoke.InvokerBytecodeGenerator@50001172)
OBJ 50005b83 (sz=48, trace=300705, class=java.util.HashMap@500000bd)
OBJ 50005b84 (sz=24, trace=300710, class=java.lang.StringBuilder@50000118)
ARR 50005b85 (sz=48, trace=300711, nelems=0, elem type=char[])
ARR 50005b86 (sz=88, trace=300010, nelems=0, elem type=char[])
OBJ 50005b87 (sz=24, trace=300712, class=java.lang.String@50000165)
ARR 50005b88 (sz=80, trace=300713, nelems=0, elem type=char[])
OBJ 50005b89 (sz=24, trace=300714, class=java.lang.StringBuilder@50000118)
ARR 50005b8a (sz=48, trace=300715, nelems=0, elem type=char[])
OBJ 50005b8b (sz=24, trace=300716, class=java.lang.String@50000165)
ARR 50005b8c (sz=48, trace=300717, nelems=0, elem type=char[])
ARR 50005b8d (sz=32, trace=300718, nelems=0, elem type=int[])
ARR 50005b8e (sz=32, trace=300719, nelems=0, elem type=java.lang.invoke.LambdaForm$BasicType[]@50000f60)
ARR 50005b8f (sz=32, trace=300720, nelems=0, elem type=java.lang.Class[]@500000fa)
OBJ 50005b90 (sz=168, trace=300723, class=jdk.internal.org.objectweb.asm.ClassWriter@50001187)
OBJ 50005b91 (sz=24, trace=300725, class=jdk.internal.org.objectweb.asm.ByteVector@5000118a)
ARR 50005b92 (sz=80, trace=300726, nelems=0, elem type=byte[])
ARR 50005b93 (sz=1040, trace=300728, nelems=0, elem type=jdk.internal.org.objectweb.asm.Item[]@5000118e)
OBJ 50005b94 (sz=56, trace=300729, class=jdk.internal.org.objectweb.asm.Item@5000118d)
OBJ 50005b95 (sz=56, trace=300730, class=jdk.internal.org.objectweb.asm.Item@5000118d)
OBJ 50005b96 (sz=56, trace=300731, class=jdk.internal.org.objectweb.asm.Item@5000118d)
OBJ 50005b97 (sz=56, trace=300732, class=jdk.internal.org.objectweb.asm.Item@5000118d)
OBJ 50005b98 (sz=56, trace=300733, class=jdk.internal.org.objectweb.asm.Item@5000118d)
OBJ 50005b99 (sz=56, trace=300734, class=jdk.internal.org.objectweb.asm.Item@5000118d)
OBJ 50005b9a (sz=56, trace=300733, class=jdk.internal.org.objectweb.asm.Item@5000118d)
OBJ 50005b9b (sz=56, trace=300735, class=jdk.internal.org.objectweb.asm.Item@5000118d)
ARR 50005b9c (sz=144, trace=300736, nelems=0, elem type=byte[])
OBJ 50005b9d (sz=56, trace=300737, class=jdk.internal.org.objectweb.asm.Item@5000118d)
OBJ 50005b9e (sz=224, trace=300748, class=jdk.internal.org.objectweb.asm.MethodWriter@500011ab)
OBJ 50005b9f (sz=24, trace=300749, class=jdk.internal.org.objectweb.asm.ByteVector@5000118a)
ARR 50005ba0 (sz=80, trace=300750, nelems=0, elem type=byte[])
OBJ 50005ba1 (sz=56, trace=300751, class=jdk.internal.org.objectweb.asm.Item@5000118d)
ARR 50005ba2 (sz=272, trace=300752, nelems=0, elem type=byte[])
OBJ 50005ba3 (sz=56, trace=300753, class=jdk.internal.org.objectweb.asm.Item@5000118d)
OBJ 50005ba4 (sz=64, trace=300765, class=jdk.internal.org.objectweb.asm.Label@500011bc)
OBJ 50005ba5 (sz=48, trace=300768, class=jdk.internal.org.objectweb.asm.Frame@500011be)
OBJ 50005ba6 (sz=24, trace=300769, class=jdk.internal.org.objectweb.asm.ByteVector@5000118a)
ARR 50005ba7 (sz=80, trace=300770, nelems=0, elem type=byte[])
OBJ 50005ba8 (sz=56, trace=300771, class=jdk.internal.org.objectweb.asm.Item@5000118d)
OBJ 50005ba9 (sz=56, trace=300773, class=jdk.internal.org.objectweb.asm.AnnotationWriter@500011c5)
OBJ 50005baa (sz=24, trace=300774, class=jdk.internal.org.objectweb.asm.ByteVector@5000118a)
ARR 50005bab (sz=80, trace=300775, nelems=0, elem type=byte[])
OBJ 50005bac (sz=56, trace=300776, class=jdk.internal.org.objectweb.asm.Item@5000118d)
OBJ 50005bad (sz=56, trace=300773, class=jdk.internal.org.objectweb.asm.AnnotationWriter@500011c5)
OBJ 50005bae (sz=24, trace=300777, class=jdk.internal.org.objectweb.asm.ByteVector@5000118a)
ARR 50005baf (sz=80, trace=300778, nelems=0, elem type=byte[])
OBJ 50005bb0 (sz=56, trace=300780, class=jdk.internal.org.objectweb.asm.Item@5000118d)
OBJ 50005bb1 (sz=56, trace=300773, class=jdk.internal.org.objectweb.asm.AnnotationWriter@500011c5)
OBJ 50005bb2 (sz=24, trace=300795, class=java.lang.String@50000165)
ARR 50005bb3 (sz=40, trace=300462, nelems=0, elem type=char[])
ARR 50005bb4 (sz=56, trace=300798, nelems=0, elem type=int[])
ARR 50005bb5 (sz=528, trace=300852, nelems=0, elem type=byte[])
OBJ 50005bb6 (sz=56, trace=300813, class=jdk.internal.org.objectweb.asm.Item@5000118d)
OBJ 50005bb7 (sz=56, trace=300814, class=jdk.internal.org.objectweb.asm.Item@5000118d)
OBJ 50005bb8 (sz=56, trace=300815, class=jdk.internal.org.objectweb.asm.Item@5000118d)
ARR 50005bb9 (sz=80, trace=301072, nelems=0, elem type=jdk.internal.org.objectweb.asm.Item[]@5000118e)
OBJ 50005bba (sz=56, trace=300801, class=jdk.internal.org.objectweb.asm.Item@5000118d)
OBJ 50005bbb (sz=56, trace=300802, class=jdk.internal.org.objectweb.asm.Item@5000118d)
OBJ 50005bbc (sz=56, trace=300803, class=jdk.internal.org.objectweb.asm.Item@5000118d)
OBJ 50005bbd (sz=56, trace=300804, class=jdk.internal.org.objectweb.asm.Item@5000118d)
OBJ 50005bbe (sz=24, trace=300805, class=java.lang.String@50000165)
ARR 50005bbf (sz=48, trace=300806, nelems=0, elem type=char[])
OBJ 50005bc0 (sz=56, trace=300807, class=jdk.internal.org.objectweb.asm.Item@5000118d)
ARR 50005bc1 (sz=24, trace=300931, nelems=0, elem type=java.lang.Class[]@500000fa)
OBJ 50005bc2 (sz=40, trace=300860, class=java.lang.invoke.MethodType@50000121)
OBJ 50005bc3 (sz=32, trace=300443, class=java.lang.invoke.MethodType$ConcurrentWeakInternSet$WeakEntry@50000b5f)
OBJ 50005bc4 (sz=64, trace=300817, class=jdk.internal.org.objectweb.asm.Label@500011bc)
OBJ 50005bc5 (sz=48, trace=300818, class=jdk.internal.org.objectweb.asm.Frame@500011be)
ARR 50005bc6 (sz=96, trace=300819, nelems=0, elem type=char[])
ARR 50005bc7 (sz=24, trace=300820, nelems=0, elem type=jdk.internal.org.objectweb.asm.Type[]@50001222)
OBJ 50005bc8 (sz=32, trace=300821, class=jdk.internal.org.objectweb.asm.Type@500011b2)
ARR 50005bc9 (sz=24, trace=300822, nelems=0, elem type=int[])
ARR 50005bca (sz=16, trace=300823, nelems=0, elem type=int[])
OBJ 50005bcb (sz=24, trace=300824, class=java.lang.StringBuffer@50000119)
ARR 50005bcc (sz=48, trace=300825, nelems=0, elem type=char[])
ARR 50005bcd (sz=88, trace=300826, nelems=0, elem type=char[])
ARR 50005bce (sz=56, trace=300827, nelems=0, elem type=char[])
OBJ 50005bcf (sz=24, trace=300828, class=java.lang.String@50000165)
OBJ 50005bd0 (sz=24, trace=300829, class=java.lang.String@50000165)
ARR 50005bd1 (sz=48, trace=300806, nelems=0, elem type=char[])
ARR 50005bd2 (sz=32, trace=300830, nelems=0, elem type=int[])
ARR 50005bd3 (sz=24, trace=301639, nelems=0, elem type=java.lang.Object[]@500000ff)
OBJ 50005bd4 (sz=56, trace=300832, class=jdk.internal.org.objectweb.asm.Item@5000118d)
OBJ 50005bd5 (sz=56, trace=300833, class=jdk.internal.org.objectweb.asm.Item@5000118d)
OBJ 50005bd6 (sz=56, trace=300834, class=jdk.internal.org.objectweb.asm.Item@5000118d)
OBJ 50005bd7 (sz=24, trace=300835, class=jdk.internal.org.objectweb.asm.ByteVector@5000118a)
ARR 50005bd8 (sz=488, trace=300836, nelems=0, elem type=byte[])
ARR 50005bd9 (sz=96, trace=300837, nelems=0, elem type=java.lang.Object[]@500000ff)
OBJ 50005bda (sz=16, trace=300839, class=java.util.HashMap$Values@5000123e)
OBJ 50005bdb (sz=40, trace=300841, class=java.util.HashMap$ValueIterator@50001241)
OBJ 50005bdd (sz=56, trace=300843, class=java.lang.invoke.MemberName@50000124)
OBJ 50005bde (sz=40, trace=300844, class=java.lang.ref.SoftReference@50000149)
	referent	50005b7a
	queue		50006b4d
OBJ 50005bdf (sz=48, trace=300266, class=java.nio.HeapCharBuffer@50000534)
OBJ 50005be0 (sz=48, trace=300266, class=java.nio.HeapCharBuffer@50000534)
OBJ 50005be1 (sz=48, trace=300266, class=java.nio.HeapCharBuffer@50000534)
OBJ 50005be2 (sz=48, trace=300266, class=java.nio.HeapCharBuffer@50000534)
OBJ 50005be3 (sz=16, trace=300048, class=java.lang.Object@50000169)
OBJ 50005be4 (sz=32, trace=300428, class=java.util.concurrent.ConcurrentHashMap$Node@50000021)
	key		500065d9
	val		50005be3
	next		50006114
OBJ 50005be5 (sz=16, trace=300051, class=java.lang.Object@50000169)
OBJ 50005be6 (sz=32, trace=300428, class=java.util.concurrent.ConcurrentHashMap$Node@50000021)
	key		500065d9
	val		50005be5
	next		50006116
OBJ 50005be7 (sz=24, trace=301640, class=java.lang.StringBuilder@50000118)
ARR 50005be8 (sz=48, trace=301641, nelems=0, elem type=char[])
ARR 50005be9 (sz=88, trace=300010, nelems=0, elem type=char[])
OBJ 50005bea (sz=24, trace=301642, class=java.lang.String@50000165)
ARR 50005beb (sz=64, trace=301643, nelems=0, elem type=char[])
OBJ 50005bec (sz=48, trace=300266, class=java.nio.HeapCharBuffer@50000534)
OBJ 50005bed (sz=48, trace=300266, class=java.nio.HeapCharBuffer@50000534)
OBJ 50005bee (sz=48, trace=300266, class=java.nio.HeapCharBuffer@50000534)
OBJ 50005bef (sz=48, trace=300266, class=java.nio.HeapCharBuffer@50000534)
OBJ 50005bf0 (sz=48, trace=300266, class=java.nio.HeapCharBuffer@50000534)
OBJ 50005bf1 (sz=48, trace=300266, class=java.nio.HeapCharBuffer@50000534)
OBJ 50005bf2 (sz=48, trace=300266, class=java.nio.HeapCharBuffer@50000534)
OBJ 50005bf3 (sz=48, trace=300266, class=java.nio.HeapCharBuffer@50000534)
OBJ 50005bf4 (sz=48, trace=300266, class=java.nio.HeapCharBuffer@50000534)
OBJ 50005bf5 (sz=48, trace=300266, class=java.nio.HeapCharBuffer@50000534)
OBJ 50005bf6 (sz=48, trace=300266, class=java.nio.HeapCharBuffer@50000534)
OBJ 50005bf7 (sz=48, trace=300266, class=java.nio.HeapCharBuffer@50000534)
OBJ 50005bf8 (sz=16, trace=300048, class=java.lang.Object@50000169)
OBJ 50005bf9 (sz=32, trace=300050, class=java.util.concurrent.ConcurrentHashMap$Node@50000021)
	key		500065ed
	val		50005bf8
OBJ 50005bfa (sz=16, trace=300051, class=java.lang.Object@50000169)
OBJ 50005bfb (sz=32, trace=300050, class=java.util.concurrent.ConcurrentHashMap$Node@50000021)
	key		500065ed
	val		50005bfa
OBJ 50005bfc (sz=24, trace=300053, class=java.net.URLClassLoader$1@500001b8)
ARR 50005bfd (sz=56, trace=300054, nelems=0, elem type=char[])
OBJ 50005bfe (sz=24, trace=300055, class=java.lang.String@50000165)
ARR 50005bff (sz=72, trace=300056, nelems=0, elem type=char[])
OBJ 50005c00 (sz=24, trace=300057, class=java.lang.String@50000165)
ARR 50005c01 (sz=72, trace=300164, nelems=0, elem type=char[])
ARR 50005c02 (sz=96, trace=300165, nelems=0, elem type=byte[])
